Failed to crawl: https://potomac.edu/what-is-a-double-major/
Result: url='https://potomac.edu/what-is-a-double-major/' html='' success=False cleaned_html=None media={} links={} downloaded_files=None screenshot=None pdf=None markdown=None markdown_v2=None fit_markdown=None fit_html=None extracted_content=None metadata=None error_message='Unexpected error in _crawl_web at line 1246 in _crawl_web (../../.pyenv/versions/3.12.6/lib/python3.12/site-packages/crawl4ai/async_crawler_strategy.py):\nError: \'AsyncPlaywrightCrawlerStrategy\' object has no attribute \'config\'\n\nCode context:\n1241                       raise Error(f"Body element is hidden: {visibility_info}")\n1242   \n1243               except Error as e:\n1244                   visibility_info = await self.check_visibility(page)\n1245   \n1246 →                 if self.config.verbose:\n1247                       self.logger.debug(\n1248                           message="Body visibility info: {info}",\n1249                           tag="DEBUG",\n1250                           params={"info": visibility_info},\n1251                       )' session_id=None response_headers=None status_code=None ssl_certificate=None


Failed to crawl: https://potomac.edu/how-to-write-a-research-paper-the-ultimate-guide/
Result: url='https://potomac.edu/how-to-write-a-research-paper-the-ultimate-guide/' html='' success=False cleaned_html=None media={} links={} downloaded_files=None screenshot=None pdf=None markdown=None markdown_v2=None fit_markdown=None fit_html=None extracted_content=None metadata=None error_message='Unexpected error in _crawl_web at line 1246 in _crawl_web (../../.pyenv/versions/3.12.6/lib/python3.12/site-packages/crawl4ai/async_crawler_strategy.py):\nError: \'AsyncPlaywrightCrawlerStrategy\' object has no attribute \'config\'\n\nCode context:\n1241                       raise Error(f"Body element is hidden: {visibility_info}")\n1242   \n1243               except Error as e:\n1244                   visibility_info = await self.check_visibility(page)\n1245   \n1246 →                 if self.config.verbose:\n1247                       self.logger.debug(\n1248                           message="Body visibility info: {info}",\n1249                           tag="DEBUG",\n1250                           params={"info": visibility_info},\n1251                       )' session_id=None response_headers=None status_code=None ssl_certificate=None


Failed to crawl: https://potomac.edu/weighted-vs-unweighted-gpa/
Result: url='https://potomac.edu/weighted-vs-unweighted-gpa/' html='' success=False cleaned_html=None media={} links={} downloaded_files=None screenshot=None pdf=None markdown=None markdown_v2=None fit_markdown=None fit_html=None extracted_content=None metadata=None error_message='Unexpected error in _crawl_web at line 1246 in _crawl_web (../../.pyenv/versions/3.12.6/lib/python3.12/site-packages/crawl4ai/async_crawler_strategy.py):\nError: \'AsyncPlaywrightCrawlerStrategy\' object has no attribute \'config\'\n\nCode context:\n1241                       raise Error(f"Body element is hidden: {visibility_info}")\n1242   \n1243               except Error as e:\n1244                   visibility_info = await self.check_visibility(page)\n1245   \n1246 →                 if self.config.verbose:\n1247                       self.logger.debug(\n1248                           message="Body visibility info: {info}",\n1249                           tag="DEBUG",\n1250                           params={"info": visibility_info},\n1251                       )' session_id=None response_headers=None status_code=None ssl_certificate=None


Failed to crawl: https://potomac.edu/reference-letter-vs-recommendation-letter/
Result: url='https://potomac.edu/reference-letter-vs-recommendation-letter/' html='' success=False cleaned_html=None media={} links={} downloaded_files=None screenshot=None pdf=None markdown=None markdown_v2=None fit_markdown=None fit_html=None extracted_content=None metadata=None error_message='Unexpected error in _crawl_web at line 1246 in _crawl_web (../../.pyenv/versions/3.12.6/lib/python3.12/site-packages/crawl4ai/async_crawler_strategy.py):\nError: \'AsyncPlaywrightCrawlerStrategy\' object has no attribute \'config\'\n\nCode context:\n1241                       raise Error(f"Body element is hidden: {visibility_info}")\n1242   \n1243               except Error as e:\n1244                   visibility_info = await self.check_visibility(page)\n1245   \n1246 →                 if self.config.verbose:\n1247                       self.logger.debug(\n1248                           message="Body visibility info: {info}",\n1249                           tag="DEBUG",\n1250                           params={"info": visibility_info},\n1251                       )' session_id=None response_headers=None status_code=None ssl_certificate=None


Failed to crawl: https://potomac.edu/how-to-write-an-academic-essay/
Result: url='https://potomac.edu/how-to-write-an-academic-essay/' html='' success=False cleaned_html=None media={} links={} downloaded_files=None screenshot=None pdf=None markdown=None markdown_v2=None fit_markdown=None fit_html=None extracted_content=None metadata=None error_message='Unexpected error in _crawl_web at line 1246 in _crawl_web (../../.pyenv/versions/3.12.6/lib/python3.12/site-packages/crawl4ai/async_crawler_strategy.py):\nError: \'AsyncPlaywrightCrawlerStrategy\' object has no attribute \'config\'\n\nCode context:\n1241                       raise Error(f"Body element is hidden: {visibility_info}")\n1242   \n1243               except Error as e:\n1244                   visibility_info = await self.check_visibility(page)\n1245   \n1246 →                 if self.config.verbose:\n1247                       self.logger.debug(\n1248                           message="Body visibility info: {info}",\n1249                           tag="DEBUG",\n1250                           params={"info": visibility_info},\n1251                       )' session_id=None response_headers=None status_code=None ssl_certificate=None


Failed to crawl: https://potomac.edu/how-to-become-a-financial-manager/
Result: url='https://potomac.edu/how-to-become-a-financial-manager/' html='' success=False cleaned_html=None media={} links={} downloaded_files=None screenshot=None pdf=None markdown=None markdown_v2=None fit_markdown=None fit_html=None extracted_content=None metadata=None error_message='Unexpected error in _crawl_web at line 1246 in _crawl_web (../../.pyenv/versions/3.12.6/lib/python3.12/site-packages/crawl4ai/async_crawler_strategy.py):\nError: \'AsyncPlaywrightCrawlerStrategy\' object has no attribute \'config\'\n\nCode context:\n1241                       raise Error(f"Body element is hidden: {visibility_info}")\n1242   \n1243               except Error as e:\n1244                   visibility_info = await self.check_visibility(page)\n1245   \n1246 →                 if self.config.verbose:\n1247                       self.logger.debug(\n1248                           message="Body visibility info: {info}",\n1249                           tag="DEBUG",\n1250                           params={"info": visibility_info},\n1251                       )' session_id=None response_headers=None status_code=None ssl_certificate=None


Failed to crawl: https://potomac.edu/business-analyst-vs-data-analyst/
Result: url='https://potomac.edu/business-analyst-vs-data-analyst/' html='' success=False cleaned_html=None media={} links={} downloaded_files=None screenshot=None pdf=None markdown=None markdown_v2=None fit_markdown=None fit_html=None extracted_content=None metadata=None error_message='Unexpected error in _crawl_web at line 1246 in _crawl_web (../../.pyenv/versions/3.12.6/lib/python3.12/site-packages/crawl4ai/async_crawler_strategy.py):\nError: \'AsyncPlaywrightCrawlerStrategy\' object has no attribute \'config\'\n\nCode context:\n1241                       raise Error(f"Body element is hidden: {visibility_info}")\n1242   \n1243               except Error as e:\n1244                   visibility_info = await self.check_visibility(page)\n1245   \n1246 →                 if self.config.verbose:\n1247                       self.logger.debug(\n1248                           message="Body visibility info: {info}",\n1249                           tag="DEBUG",\n1250                           params={"info": visibility_info},\n1251                       )' session_id=None response_headers=None status_code=None ssl_certificate=None


Failed to crawl: https://potomac.edu/how-long-masters-degree/
Result: url='https://potomac.edu/how-long-masters-degree/' html='' success=False cleaned_html=None media={} links={} downloaded_files=None screenshot=None pdf=None markdown=None markdown_v2=None fit_markdown=None fit_html=None extracted_content=None metadata=None error_message='Unexpected error in _crawl_web at line 1246 in _crawl_web (../../.pyenv/versions/3.12.6/lib/python3.12/site-packages/crawl4ai/async_crawler_strategy.py):\nError: \'AsyncPlaywrightCrawlerStrategy\' object has no attribute \'config\'\n\nCode context:\n1241                       raise Error(f"Body element is hidden: {visibility_info}")\n1242   \n1243               except Error as e:\n1244                   visibility_info = await self.check_visibility(page)\n1245   \n1246 →                 if self.config.verbose:\n1247                       self.logger.debug(\n1248                           message="Body visibility info: {info}",\n1249                           tag="DEBUG",\n1250                           params={"info": visibility_info},\n1251                       )' session_id=None response_headers=None status_code=None ssl_certificate=None


Failed to crawl: https://potomac.edu/good-sat-scores/
Result: url='https://potomac.edu/good-sat-scores/' html='' success=False cleaned_html=None media={} links={} downloaded_files=None screenshot=None pdf=None markdown=None markdown_v2=None fit_markdown=None fit_html=None extracted_content=None metadata=None error_message='Unexpected error in _crawl_web at line 1246 in _crawl_web (../../.pyenv/versions/3.12.6/lib/python3.12/site-packages/crawl4ai/async_crawler_strategy.py):\nError: \'AsyncPlaywrightCrawlerStrategy\' object has no attribute \'config\'\n\nCode context:\n1241                       raise Error(f"Body element is hidden: {visibility_info}")\n1242   \n1243               except Error as e:\n1244                   visibility_info = await self.check_visibility(page)\n1245   \n1246 →                 if self.config.verbose:\n1247                       self.logger.debug(\n1248                           message="Body visibility info: {info}",\n1249                           tag="DEBUG",\n1250                           params={"info": visibility_info},\n1251                       )' session_id=None response_headers=None status_code=None ssl_certificate=None


Failed to crawl: https://potomac.edu/difference-business-administration-vs-business-management/
Result: url='https://potomac.edu/difference-business-administration-vs-business-management/' html='' success=False cleaned_html=None media={} links={} downloaded_files=None screenshot=None pdf=None markdown=None markdown_v2=None fit_markdown=None fit_html=None extracted_content=None metadata=None error_message='Unexpected error in _crawl_web at line 1205 in _crawl_web (../../.pyenv/versions/3.12.6/lib/python3.12/site-packages/crawl4ai/async_crawler_strategy.py):\nError: Failed on navigating ACS-GOTO:\nPage.goto: Timeout 60000ms exceeded.\nCall log:\n  - navigating to "https://potomac.edu/difference-business-administration-vs-business-management/", waiting until "domcontentloaded"\n\n\nCode context:\n1200   \n1201                       response = await page.goto(\n1202                           url, wait_until=config.wait_until, timeout=config.page_timeout\n1203                       )\n1204                   except Error as e:\n1205 →                     raise RuntimeError(f"Failed on navigating ACS-GOTO:\\n{str(e)}")\n1206   \n1207                   await self.execute_hook("after_goto", page, context=context, url=url, response=response)\n1208   \n1209                   if response is None:\n1210                       status_code = 200' session_id=None response_headers=None status_code=None ssl_certificate=None


Failed to crawl: https://potomac.edu/top-6-benefits-of-a-masters-degree/
Result: url='https://potomac.edu/top-6-benefits-of-a-masters-degree/' html='' success=False cleaned_html=None media={} links={} downloaded_files=None screenshot=None pdf=None markdown=None markdown_v2=None fit_markdown=None fit_html=None extracted_content=None metadata=None error_message='Unexpected error in _crawl_web at line 1205 in _crawl_web (../../.pyenv/versions/3.12.6/lib/python3.12/site-packages/crawl4ai/async_crawler_strategy.py):\nError: Failed on navigating ACS-GOTO:\nPage.goto: Timeout 60000ms exceeded.\nCall log:\n  - navigating to "https://potomac.edu/top-6-benefits-of-a-masters-degree/", waiting until "domcontentloaded"\n\n\nCode context:\n1200   \n1201                       response = await page.goto(\n1202                           url, wait_until=config.wait_until, timeout=config.page_timeout\n1203                       )\n1204                   except Error as e:\n1205 →                     raise RuntimeError(f"Failed on navigating ACS-GOTO:\\n{str(e)}")\n1206   \n1207                   await self.execute_hook("after_goto", page, context=context, url=url, response=response)\n1208   \n1209                   if response is None:\n1210                       status_code = 200' session_id=None response_headers=None status_code=None ssl_certificate=None


Failed to crawl: https://potomac.edu/certificate-vs-diploma-vs-degree/
Result: url='https://potomac.edu/certificate-vs-diploma-vs-degree/' html='' success=False cleaned_html=None media={} links={} downloaded_files=None screenshot=None pdf=None markdown=None markdown_v2=None fit_markdown=None fit_html=None extracted_content=None metadata=None error_message='Unexpected error in _crawl_web at line 1205 in _crawl_web (../../.pyenv/versions/3.12.6/lib/python3.12/site-packages/crawl4ai/async_crawler_strategy.py):\nError: Failed on navigating ACS-GOTO:\nPage.goto: Timeout 60000ms exceeded.\nCall log:\n  - navigating to "https://potomac.edu/certificate-vs-diploma-vs-degree/", waiting until "domcontentloaded"\n\n\nCode context:\n1200   \n1201                       response = await page.goto(\n1202                           url, wait_until=config.wait_until, timeout=config.page_timeout\n1203                       )\n1204                   except Error as e:\n1205 →                     raise RuntimeError(f"Failed on navigating ACS-GOTO:\\n{str(e)}")\n1206   \n1207                   await self.execute_hook("after_goto", page, context=context, url=url, response=response)\n1208   \n1209                   if response is None:\n1210                       status_code = 200' session_id=None response_headers=None status_code=None ssl_certificate=None


Failed to crawl: https://potomac.edu/cybersecurity-degree-worth-it/
Result: url='https://potomac.edu/cybersecurity-degree-worth-it/' html='' success=False cleaned_html=None media={} links={} downloaded_files=None screenshot=None pdf=None markdown=None markdown_v2=None fit_markdown=None fit_html=None extracted_content=None metadata=None error_message='Unexpected error in _crawl_web at line 1246 in _crawl_web (../../.pyenv/versions/3.12.6/lib/python3.12/site-packages/crawl4ai/async_crawler_strategy.py):\nError: \'AsyncPlaywrightCrawlerStrategy\' object has no attribute \'config\'\n\nCode context:\n1241                       raise Error(f"Body element is hidden: {visibility_info}")\n1242   \n1243               except Error as e:\n1244                   visibility_info = await self.check_visibility(page)\n1245   \n1246 →                 if self.config.verbose:\n1247                       self.logger.debug(\n1248                           message="Body visibility info: {info}",\n1249                           tag="DEBUG",\n1250                           params={"info": visibility_info},\n1251                       )' session_id=None response_headers=None status_code=None ssl_certificate=None


Failed to crawl: https://potomac.edu/accountant-roles-responsibilities-skills/
Result: url='https://potomac.edu/accountant-roles-responsibilities-skills/' html='' success=False cleaned_html=None media={} links={} downloaded_files=None screenshot=None pdf=None markdown=None markdown_v2=None fit_markdown=None fit_html=None extracted_content=None metadata=None error_message='Unexpected error in _crawl_web at line 1246 in _crawl_web (../../.pyenv/versions/3.12.6/lib/python3.12/site-packages/crawl4ai/async_crawler_strategy.py):\nError: \'AsyncPlaywrightCrawlerStrategy\' object has no attribute \'config\'\n\nCode context:\n1241                       raise Error(f"Body element is hidden: {visibility_info}")\n1242   \n1243               except Error as e:\n1244                   visibility_info = await self.check_visibility(page)\n1245   \n1246 →                 if self.config.verbose:\n1247                       self.logger.debug(\n1248                           message="Body visibility info: {info}",\n1249                           tag="DEBUG",\n1250                           params={"info": visibility_info},\n1251                       )' session_id=None response_headers=None status_code=None ssl_certificate=None


Failed to crawl: https://potomac.edu/jobs-for-an-accounting-degree/
Result: url='https://potomac.edu/jobs-for-an-accounting-degree/' html='' success=False cleaned_html=None media={} links={} downloaded_files=None screenshot=None pdf=None markdown=None markdown_v2=None fit_markdown=None fit_html=None extracted_content=None metadata=None error_message='Unexpected error in _crawl_web at line 1246 in _crawl_web (../../.pyenv/versions/3.12.6/lib/python3.12/site-packages/crawl4ai/async_crawler_strategy.py):\nError: \'AsyncPlaywrightCrawlerStrategy\' object has no attribute \'config\'\n\nCode context:\n1241                       raise Error(f"Body element is hidden: {visibility_info}")\n1242   \n1243               except Error as e:\n1244                   visibility_info = await self.check_visibility(page)\n1245   \n1246 →                 if self.config.verbose:\n1247                       self.logger.debug(\n1248                           message="Body visibility info: {info}",\n1249                           tag="DEBUG",\n1250                           params={"info": visibility_info},\n1251                       )' session_id=None response_headers=None status_code=None ssl_certificate=None


Failed to crawl: https://potomac.edu/studying-geospatial-intelligence/
Result: url='https://potomac.edu/studying-geospatial-intelligence/' html='' success=False cleaned_html=None media={} links={} downloaded_files=None screenshot=None pdf=None markdown=None markdown_v2=None fit_markdown=None fit_html=None extracted_content=None metadata=None error_message='Unexpected error in _crawl_web at line 1205 in _crawl_web (../../.pyenv/versions/3.12.6/lib/python3.12/site-packages/crawl4ai/async_crawler_strategy.py):\nError: Failed on navigating ACS-GOTO:\nPage.goto: Timeout 60000ms exceeded.\nCall log:\n  - navigating to "https://potomac.edu/studying-geospatial-intelligence/", waiting until "domcontentloaded"\n\n\nCode context:\n1200   \n1201                       response = await page.goto(\n1202                           url, wait_until=config.wait_until, timeout=config.page_timeout\n1203                       )\n1204                   except Error as e:\n1205 →                     raise RuntimeError(f"Failed on navigating ACS-GOTO:\\n{str(e)}")\n1206   \n1207                   await self.execute_hook("after_goto", page, context=context, url=url, response=response)\n1208   \n1209                   if response is None:\n1210                       status_code = 200' session_id=None response_headers=None status_code=None ssl_certificate=None


Failed to crawl: https://potomac.edu/health-informatics-vs-health-information-technology/
Result: url='https://potomac.edu/health-informatics-vs-health-information-technology/' html='' success=False cleaned_html=None media={} links={} downloaded_files=None screenshot=None pdf=None markdown=None markdown_v2=None fit_markdown=None fit_html=None extracted_content=None metadata=None error_message='Unexpected error in _crawl_web at line 1205 in _crawl_web (../../.pyenv/versions/3.12.6/lib/python3.12/site-packages/crawl4ai/async_crawler_strategy.py):\nError: Failed on navigating ACS-GOTO:\nPage.goto: Timeout 60000ms exceeded.\nCall log:\n  - navigating to "https://potomac.edu/health-informatics-vs-health-information-technology/", waiting until "domcontentloaded"\n\n\nCode context:\n1200   \n1201                       response = await page.goto(\n1202                           url, wait_until=config.wait_until, timeout=config.page_timeout\n1203                       )\n1204                   except Error as e:\n1205 →                     raise RuntimeError(f"Failed on navigating ACS-GOTO:\\n{str(e)}")\n1206   \n1207                   await self.execute_hook("after_goto", page, context=context, url=url, response=response)\n1208   \n1209                   if response is None:\n1210                       status_code = 200' session_id=None response_headers=None status_code=None ssl_certificate=None


Failed to crawl: https://potomac.edu/are-online-degrees-taken-seriously-by-employers/
Result: url='https://potomac.edu/are-online-degrees-taken-seriously-by-employers/' html='' success=False cleaned_html=None media={} links={} downloaded_files=None screenshot=None pdf=None markdown=None markdown_v2=None fit_markdown=None fit_html=None extracted_content=None metadata=None error_message='Unexpected error in _crawl_web at line 1205 in _crawl_web (../../.pyenv/versions/3.12.6/lib/python3.12/site-packages/crawl4ai/async_crawler_strategy.py):\nError: Failed on navigating ACS-GOTO:\nPage.goto: Timeout 60000ms exceeded.\nCall log:\n  - navigating to "https://potomac.edu/are-online-degrees-taken-seriously-by-employers/", waiting until "domcontentloaded"\n\n\nCode context:\n1200   \n1201                       response = await page.goto(\n1202                           url, wait_until=config.wait_until, timeout=config.page_timeout\n1203                       )\n1204                   except Error as e:\n1205 →                     raise RuntimeError(f"Failed on navigating ACS-GOTO:\\n{str(e)}")\n1206   \n1207                   await self.execute_hook("after_goto", page, context=context, url=url, response=response)\n1208   \n1209                   if response is None:\n1210                       status_code = 200' session_id=None response_headers=None status_code=None ssl_certificate=None


Failed to crawl: https://potomac.edu/how-to-become-an-accountant/
Result: url='https://potomac.edu/how-to-become-an-accountant/' html='' success=False cleaned_html=None media={} links={} downloaded_files=None screenshot=None pdf=None markdown=None markdown_v2=None fit_markdown=None fit_html=None extracted_content=None metadata=None error_message='Unexpected error in _crawl_web at line 1205 in _crawl_web (../../.pyenv/versions/3.12.6/lib/python3.12/site-packages/crawl4ai/async_crawler_strategy.py):\nError: Failed on navigating ACS-GOTO:\nPage.goto: Timeout 60000ms exceeded.\nCall log:\n  - navigating to "https://potomac.edu/how-to-become-an-accountant/", waiting until "domcontentloaded"\n\n\nCode context:\n1200   \n1201                       response = await page.goto(\n1202                           url, wait_until=config.wait_until, timeout=config.page_timeout\n1203                       )\n1204                   except Error as e:\n1205 →                     raise RuntimeError(f"Failed on navigating ACS-GOTO:\\n{str(e)}")\n1206   \n1207                   await self.execute_hook("after_goto", page, context=context, url=url, response=response)\n1208   \n1209                   if response is None:\n1210                       status_code = 200' session_id=None response_headers=None status_code=None ssl_certificate=None


Failed to crawl: https://potomac.edu/how-to-become-a-grant-writer/
Result: url='https://potomac.edu/how-to-become-a-grant-writer/' html='' success=False cleaned_html=None media={} links={} downloaded_files=None screenshot=None pdf=None markdown=None markdown_v2=None fit_markdown=None fit_html=None extracted_content=None metadata=None error_message='Unexpected error in _crawl_web at line 1205 in _crawl_web (../../.pyenv/versions/3.12.6/lib/python3.12/site-packages/crawl4ai/async_crawler_strategy.py):\nError: Failed on navigating ACS-GOTO:\nPage.goto: Timeout 60000ms exceeded.\nCall log:\n  - navigating to "https://potomac.edu/how-to-become-a-grant-writer/", waiting until "domcontentloaded"\n\n\nCode context:\n1200   \n1201                       response = await page.goto(\n1202                           url, wait_until=config.wait_until, timeout=config.page_timeout\n1203                       )\n1204                   except Error as e:\n1205 →                     raise RuntimeError(f"Failed on navigating ACS-GOTO:\\n{str(e)}")\n1206   \n1207                   await self.execute_hook("after_goto", page, context=context, url=url, response=response)\n1208   \n1209                   if response is None:\n1210                       status_code = 200' session_id=None response_headers=None status_code=None ssl_certificate=None


Failed to crawl: https://potomac.edu/what-is-healthcare-administration/
Result: url='https://potomac.edu/what-is-healthcare-administration/' html='' success=False cleaned_html=None media={} links={} downloaded_files=None screenshot=None pdf=None markdown=None markdown_v2=None fit_markdown=None fit_html=None extracted_content=None metadata=None error_message='Unexpected error in _crawl_web at line 1205 in _crawl_web (../../.pyenv/versions/3.12.6/lib/python3.12/site-packages/crawl4ai/async_crawler_strategy.py):\nError: Failed on navigating ACS-GOTO:\nPage.goto: Timeout 60000ms exceeded.\nCall log:\n  - navigating to "https://potomac.edu/what-is-healthcare-administration/", waiting until "domcontentloaded"\n\n\nCode context:\n1200   \n1201                       response = await page.goto(\n1202                           url, wait_until=config.wait_until, timeout=config.page_timeout\n1203                       )\n1204                   except Error as e:\n1205 →                     raise RuntimeError(f"Failed on navigating ACS-GOTO:\\n{str(e)}")\n1206   \n1207                   await self.execute_hook("after_goto", page, context=context, url=url, response=response)\n1208   \n1209                   if response is None:\n1210                       status_code = 200' session_id=None response_headers=None status_code=None ssl_certificate=None


Failed to crawl: https://potomac.edu/cpa-exam-requirements-costs-dates/
Result: url='https://potomac.edu/cpa-exam-requirements-costs-dates/' html='' success=False cleaned_html=None media={} links={} downloaded_files=None screenshot=None pdf=None markdown=None markdown_v2=None fit_markdown=None fit_html=None extracted_content=None metadata=None error_message='Unexpected error in _crawl_web at line 1205 in _crawl_web (../../.pyenv/versions/3.12.6/lib/python3.12/site-packages/crawl4ai/async_crawler_strategy.py):\nError: Failed on navigating ACS-GOTO:\nPage.goto: Timeout 60000ms exceeded.\nCall log:\n  - navigating to "https://potomac.edu/cpa-exam-requirements-costs-dates/", waiting until "domcontentloaded"\n\n\nCode context:\n1200   \n1201                       response = await page.goto(\n1202                           url, wait_until=config.wait_until, timeout=config.page_timeout\n1203                       )\n1204                   except Error as e:\n1205 →                     raise RuntimeError(f"Failed on navigating ACS-GOTO:\\n{str(e)}")\n1206   \n1207                   await self.execute_hook("after_goto", page, context=context, url=url, response=response)\n1208   \n1209                   if response is None:\n1210                       status_code = 200' session_id=None response_headers=None status_code=None ssl_certificate=None


Failed to crawl: https://potomac.edu/professional-degree-vs-academic-degree/
Result: url='https://potomac.edu/professional-degree-vs-academic-degree/' html='' success=False cleaned_html=None media={} links={} downloaded_files=None screenshot=None pdf=None markdown=None markdown_v2=None fit_markdown=None fit_html=None extracted_content=None metadata=None error_message='Unexpected error in _crawl_web at line 1205 in _crawl_web (../../.pyenv/versions/3.12.6/lib/python3.12/site-packages/crawl4ai/async_crawler_strategy.py):\nError: Failed on navigating ACS-GOTO:\nPage.goto: Timeout 60000ms exceeded.\nCall log:\n  - navigating to "https://potomac.edu/professional-degree-vs-academic-degree/", waiting until "domcontentloaded"\n\n\nCode context:\n1200   \n1201                       response = await page.goto(\n1202                           url, wait_until=config.wait_until, timeout=config.page_timeout\n1203                       )\n1204                   except Error as e:\n1205 →                     raise RuntimeError(f"Failed on navigating ACS-GOTO:\\n{str(e)}")\n1206   \n1207                   await self.execute_hook("after_goto", page, context=context, url=url, response=response)\n1208   \n1209                   if response is None:\n1210                       status_code = 200' session_id=None response_headers=None status_code=None ssl_certificate=None


Failed to crawl: https://potomac.edu/financing-continuing-education-programs/
Result: url='https://potomac.edu/financing-continuing-education-programs/' html='' success=False cleaned_html=None media={} links={} downloaded_files=None screenshot=None pdf=None markdown=None markdown_v2=None fit_markdown=None fit_html=None extracted_content=None metadata=None error_message='Unexpected error in _crawl_web at line 1205 in _crawl_web (../../.pyenv/versions/3.12.6/lib/python3.12/site-packages/crawl4ai/async_crawler_strategy.py):\nError: Failed on navigating ACS-GOTO:\nPage.goto: Timeout 60000ms exceeded.\nCall log:\n  - navigating to "https://potomac.edu/financing-continuing-education-programs/", waiting until "domcontentloaded"\n\n\nCode context:\n1200   \n1201                       response = await page.goto(\n1202                           url, wait_until=config.wait_until, timeout=config.page_timeout\n1203                       )\n1204                   except Error as e:\n1205 →                     raise RuntimeError(f"Failed on navigating ACS-GOTO:\\n{str(e)}")\n1206   \n1207                   await self.execute_hook("after_goto", page, context=context, url=url, response=response)\n1208   \n1209                   if response is None:\n1210                       status_code = 200' session_id=None response_headers=None status_code=None ssl_certificate=None


Failed to crawl: https://potomac.edu/resume-writing-101/
Result: url='https://potomac.edu/resume-writing-101/' html='' success=False cleaned_html=None media={} links={} downloaded_files=None screenshot=None pdf=None markdown=None markdown_v2=None fit_markdown=None fit_html=None extracted_content=None metadata=None error_message='Unexpected error in _crawl_web at line 1205 in _crawl_web (../../.pyenv/versions/3.12.6/lib/python3.12/site-packages/crawl4ai/async_crawler_strategy.py):\nError: Failed on navigating ACS-GOTO:\nPage.goto: Timeout 60000ms exceeded.\nCall log:\n  - navigating to "https://potomac.edu/resume-writing-101/", waiting until "domcontentloaded"\n\n\nCode context:\n1200   \n1201                       response = await page.goto(\n1202                           url, wait_until=config.wait_until, timeout=config.page_timeout\n1203                       )\n1204                   except Error as e:\n1205 →                     raise RuntimeError(f"Failed on navigating ACS-GOTO:\\n{str(e)}")\n1206   \n1207                   await self.execute_hook("after_goto", page, context=context, url=url, response=response)\n1208   \n1209                   if response is None:\n1210                       status_code = 200' session_id=None response_headers=None status_code=None ssl_certificate=None


Failed to crawl: https://potomac.edu/online-versus-traditional-studies-skills-for-the-future/
Result: url='https://potomac.edu/online-versus-traditional-studies-skills-for-the-future/' html='' success=False cleaned_html=None media={} links={} downloaded_files=None screenshot=None pdf=None markdown=None markdown_v2=None fit_markdown=None fit_html=None extracted_content=None metadata=None error_message='Unexpected error in _crawl_web at line 1205 in _crawl_web (../../.pyenv/versions/3.12.6/lib/python3.12/site-packages/crawl4ai/async_crawler_strategy.py):\nError: Failed on navigating ACS-GOTO:\nPage.goto: Timeout 60000ms exceeded.\nCall log:\n  - navigating to "https://potomac.edu/online-versus-traditional-studies-skills-for-the-future/", waiting until "domcontentloaded"\n\n\nCode context:\n1200   \n1201                       response = await page.goto(\n1202                           url, wait_until=config.wait_until, timeout=config.page_timeout\n1203                       )\n1204                   except Error as e:\n1205 →                     raise RuntimeError(f"Failed on navigating ACS-GOTO:\\n{str(e)}")\n1206   \n1207                   await self.execute_hook("after_goto", page, context=context, url=url, response=response)\n1208   \n1209                   if response is None:\n1210                       status_code = 200' session_id=None response_headers=None status_code=None ssl_certificate=None


Failed to crawl: https://potomac.edu/contract-management-degree-guide/
Result: url='https://potomac.edu/contract-management-degree-guide/' html='' success=False cleaned_html=None media={} links={} downloaded_files=None screenshot=None pdf=None markdown=None markdown_v2=None fit_markdown=None fit_html=None extracted_content=None metadata=None error_message='Unexpected error in _crawl_web at line 1205 in _crawl_web (../../.pyenv/versions/3.12.6/lib/python3.12/site-packages/crawl4ai/async_crawler_strategy.py):\nError: Failed on navigating ACS-GOTO:\nPage.goto: Timeout 60000ms exceeded.\nCall log:\n  - navigating to "https://potomac.edu/contract-management-degree-guide/", waiting until "domcontentloaded"\n\n\nCode context:\n1200   \n1201                       response = await page.goto(\n1202                           url, wait_until=config.wait_until, timeout=config.page_timeout\n1203                       )\n1204                   except Error as e:\n1205 →                     raise RuntimeError(f"Failed on navigating ACS-GOTO:\\n{str(e)}")\n1206   \n1207                   await self.execute_hook("after_goto", page, context=context, url=url, response=response)\n1208   \n1209                   if response is None:\n1210                       status_code = 200' session_id=None response_headers=None status_code=None ssl_certificate=None


Failed to crawl: https://edu.umch.de/umch-kooperiert-mit-agaplesion-bethesda-krankenhaus-wuppertal/
Result: url='https://edu.umch.de/umch-kooperiert-mit-agaplesion-bethesda-krankenhaus-wuppertal/' html='' success=False cleaned_html=None media={} links={} downloaded_files=None screenshot=None pdf=None markdown=None markdown_v2=None fit_markdown=None fit_html=None extracted_content=None metadata=None error_message='Unexpected error in _crawl_web at line 1205 in _crawl_web (../../.pyenv/versions/3.12.6/lib/python3.12/site-packages/crawl4ai/async_crawler_strategy.py):\nError: Failed on navigating ACS-GOTO:\nPage.goto: Timeout 60000ms exceeded.\nCall log:\n  - navigating to "https://edu.umch.de/umch-kooperiert-mit-agaplesion-bethesda-krankenhaus-wuppertal/", waiting until "domcontentloaded"\n\n\nCode context:\n1200   \n1201                       response = await page.goto(\n1202                           url, wait_until=config.wait_until, timeout=config.page_timeout\n1203                       )\n1204                   except Error as e:\n1205 →                     raise RuntimeError(f"Failed on navigating ACS-GOTO:\\n{str(e)}")\n1206   \n1207                   await self.execute_hook("after_goto", page, context=context, url=url, response=response)\n1208   \n1209                   if response is None:\n1210                       status_code = 200' session_id=None response_headers=None status_code=None ssl_certificate=None


Failed to crawl: https://gedu.global/blog/
Result: url='https://gedu.global/blog/' html='' success=False cleaned_html=None media={} links={} downloaded_files=None screenshot=None pdf=None markdown=None markdown_v2=None fit_markdown=None fit_html=None extracted_content=None metadata=None error_message='Unexpected error in _crawl_web at line 528 in wrap_api_call (../../.pyenv/versions/3.12.6/lib/python3.12/site-packages/playwright/_impl/_connection.py):\nError: Page.content: Unable to retrieve content because the page is navigating and changing the content.\n\nCode context:\n 523           parsed_st = _extract_stack_trace_information_from_stack(st, is_internal)\n 524           self._api_zone.set(parsed_st)\n 525           try:\n 526               return await cb()\n 527           except Exception as error:\n 528 →             raise rewrite_error(error, f"{parsed_st[\'apiName\']}: {error}") from None\n 529           finally:\n 530               self._api_zone.set(None)\n 531   \n 532       def wrap_api_call_sync(\n 533           self, cb: Callable[[], Any], is_internal: bool = False' session_id=None response_headers=None status_code=None ssl_certificate=None


Failed to crawl: https://gedu.global/bsc-hons-sustainable-maritime-operations/
Result: url='https://gedu.global/bsc-hons-sustainable-maritime-operations/' html='' success=False cleaned_html=None media={} links={} downloaded_files=None screenshot=None pdf=None markdown=None markdown_v2=None fit_markdown=None fit_html=None extracted_content=None metadata=None error_message='Unexpected error in _crawl_web at line 528 in wrap_api_call (../../.pyenv/versions/3.12.6/lib/python3.12/site-packages/playwright/_impl/_connection.py):\nError: Page.content: Unable to retrieve content because the page is navigating and changing the content.\n\nCode context:\n 523           parsed_st = _extract_stack_trace_information_from_stack(st, is_internal)\n 524           self._api_zone.set(parsed_st)\n 525           try:\n 526               return await cb()\n 527           except Exception as error:\n 528 →             raise rewrite_error(error, f"{parsed_st[\'apiName\']}: {error}") from None\n 529           finally:\n 530               self._api_zone.set(None)\n 531   \n 532       def wrap_api_call_sync(\n 533           self, cb: Callable[[], Any], is_internal: bool = False' session_id=None response_headers=None status_code=None ssl_certificate=None


Failed to crawl: https://gedu.global/mba-in-international-business/
Result: url='https://gedu.global/mba-in-international-business/' html='' success=False cleaned_html=None media={} links={} downloaded_files=None screenshot=None pdf=None markdown=None markdown_v2=None fit_markdown=None fit_html=None extracted_content=None metadata=None error_message='Unexpected error in _crawl_web at line 570 in aprocess_html (../../.pyenv/versions/3.12.6/lib/python3.12/site-packages/crawl4ai/async_webcrawler.py):\nError: Process HTML, Failed to extract content from the website: https://gedu.global/mba-in-international-business/, error: \'NoneType\' object has no attribute \'find_all\'\n\nCode context:\n 565                       raise ValueError(f"Process HTML, Failed to extract content from the website: {url}")\n 566   \n 567               except InvalidCSSSelectorError as e:\n 568                   raise ValueError(str(e))\n 569               except Exception as e:\n 570 →                 raise ValueError(f"Process HTML, Failed to extract content from the website: {url}, error: {str(e)}")\n 571   \n 572   \n 573   \n 574               # Extract results\n 575               cleaned_html = sanitize_input_encode(result.get("cleaned_html", ""))' session_id=None response_headers=None status_code=None ssl_certificate=None


Failed to crawl: https://gedu.global/general-french-one-to-one-course/
Result: url='https://gedu.global/general-french-one-to-one-course/' html='' success=False cleaned_html=None media={} links={} downloaded_files=None screenshot=None pdf=None markdown=None markdown_v2=None fit_markdown=None fit_html=None extracted_content=None metadata=None error_message='Unexpected error in _crawl_web at line 528 in wrap_api_call (../../.pyenv/versions/3.12.6/lib/python3.12/site-packages/playwright/_impl/_connection.py):\nError: Page.content: Unable to retrieve content because the page is navigating and changing the content.\n\nCode context:\n 523           parsed_st = _extract_stack_trace_information_from_stack(st, is_internal)\n 524           self._api_zone.set(parsed_st)\n 525           try:\n 526               return await cb()\n 527           except Exception as error:\n 528 →             raise rewrite_error(error, f"{parsed_st[\'apiName\']}: {error}") from None\n 529           finally:\n 530               self._api_zone.set(None)\n 531   \n 532       def wrap_api_call_sync(\n 533           self, cb: Callable[[], Any], is_internal: bool = False' session_id=None response_headers=None status_code=None ssl_certificate=None


Failed to crawl: https://gedu.global/bsc-hons-health-wellbeing-and-social-care-level-6-direct-entry/
Result: url='https://gedu.global/bsc-hons-health-wellbeing-and-social-care-level-6-direct-entry/' html='' success=False cleaned_html=None media={} links={} downloaded_files=None screenshot=None pdf=None markdown=None markdown_v2=None fit_markdown=None fit_html=None extracted_content=None metadata=None error_message='Unexpected error in _crawl_web at line 528 in wrap_api_call (../../.pyenv/versions/3.12.6/lib/python3.12/site-packages/playwright/_impl/_connection.py):\nError: Page.content: Unable to retrieve content because the page is navigating and changing the content.\n\nCode context:\n 523           parsed_st = _extract_stack_trace_information_from_stack(st, is_internal)\n 524           self._api_zone.set(parsed_st)\n 525           try:\n 526               return await cb()\n 527           except Exception as error:\n 528 →             raise rewrite_error(error, f"{parsed_st[\'apiName\']}: {error}") from None\n 529           finally:\n 530               self._api_zone.set(None)\n 531   \n 532       def wrap_api_call_sync(\n 533           self, cb: Callable[[], Any], is_internal: bool = False' session_id=None response_headers=None status_code=None ssl_certificate=None


Failed to crawl: https://gedu.global/bsc-hons-health-wellbeing-and-social-care-with-foundation-year/
Result: url='https://gedu.global/bsc-hons-health-wellbeing-and-social-care-with-foundation-year/' html='' success=False cleaned_html=None media={} links={} downloaded_files=None screenshot=None pdf=None markdown=None markdown_v2=None fit_markdown=None fit_html=None extracted_content=None metadata=None error_message='Unexpected error in _crawl_web at line 528 in wrap_api_call (../../.pyenv/versions/3.12.6/lib/python3.12/site-packages/playwright/_impl/_connection.py):\nError: Page.content: Unable to retrieve content because the page is navigating and changing the content.\n\nCode context:\n 523           parsed_st = _extract_stack_trace_information_from_stack(st, is_internal)\n 524           self._api_zone.set(parsed_st)\n 525           try:\n 526               return await cb()\n 527           except Exception as error:\n 528 →             raise rewrite_error(error, f"{parsed_st[\'apiName\']}: {error}") from None\n 529           finally:\n 530               self._api_zone.set(None)\n 531   \n 532       def wrap_api_call_sync(\n 533           self, cb: Callable[[], Any], is_internal: bool = False' session_id=None response_headers=None status_code=None ssl_certificate=None


Failed to crawl: https://gedu.global/master-in-business-administration-online/
Result: url='https://gedu.global/master-in-business-administration-online/' html='' success=False cleaned_html=None media={} links={} downloaded_files=None screenshot=None pdf=None markdown=None markdown_v2=None fit_markdown=None fit_html=None extracted_content=None metadata=None error_message='Unexpected error in _crawl_web at line 528 in wrap_api_call (../../.pyenv/versions/3.12.6/lib/python3.12/site-packages/playwright/_impl/_connection.py):\nError: Page.content: Unable to retrieve content because the page is navigating and changing the content.\n\nCode context:\n 523           parsed_st = _extract_stack_trace_information_from_stack(st, is_internal)\n 524           self._api_zone.set(parsed_st)\n 525           try:\n 526               return await cb()\n 527           except Exception as error:\n 528 →             raise rewrite_error(error, f"{parsed_st[\'apiName\']}: {error}") from None\n 529           finally:\n 530               self._api_zone.set(None)\n 531   \n 532       def wrap_api_call_sync(\n 533           self, cb: Callable[[], Any], is_internal: bool = False' session_id=None response_headers=None status_code=None ssl_certificate=None


Failed to crawl: https://gedu.global/business-management-and-study-skills-mqf-level-4/
Result: url='https://gedu.global/business-management-and-study-skills-mqf-level-4/' html='' success=False cleaned_html=None media={} links={} downloaded_files=None screenshot=None pdf=None markdown=None markdown_v2=None fit_markdown=None fit_html=None extracted_content=None metadata=None error_message='Unexpected error in _crawl_web at line 528 in wrap_api_call (../../.pyenv/versions/3.12.6/lib/python3.12/site-packages/playwright/_impl/_connection.py):\nError: Page.content: Unable to retrieve content because the page is navigating and changing the content.\n\nCode context:\n 523           parsed_st = _extract_stack_trace_information_from_stack(st, is_internal)\n 524           self._api_zone.set(parsed_st)\n 525           try:\n 526               return await cb()\n 527           except Exception as error:\n 528 →             raise rewrite_error(error, f"{parsed_st[\'apiName\']}: {error}") from None\n 529           finally:\n 530               self._api_zone.set(None)\n 531   \n 532       def wrap_api_call_sync(\n 533           self, cb: Callable[[], Any], is_internal: bool = False' session_id=None response_headers=None status_code=None ssl_certificate=None


Failed to crawl: https://gedu.global/mba-in-entrepreneurship/
Result: url='https://gedu.global/mba-in-entrepreneurship/' html='' success=False cleaned_html=None media={} links={} downloaded_files=None screenshot=None pdf=None markdown=None markdown_v2=None fit_markdown=None fit_html=None extracted_content=None metadata=None error_message='Unexpected error in _crawl_web at line 528 in wrap_api_call (../../.pyenv/versions/3.12.6/lib/python3.12/site-packages/playwright/_impl/_connection.py):\nError: Page.content: Unable to retrieve content because the page is navigating and changing the content.\n\nCode context:\n 523           parsed_st = _extract_stack_trace_information_from_stack(st, is_internal)\n 524           self._api_zone.set(parsed_st)\n 525           try:\n 526               return await cb()\n 527           except Exception as error:\n 528 →             raise rewrite_error(error, f"{parsed_st[\'apiName\']}: {error}") from None\n 529           finally:\n 530               self._api_zone.set(None)\n 531   \n 532       def wrap_api_call_sync(\n 533           self, cb: Callable[[], Any], is_internal: bool = False' session_id=None response_headers=None status_code=None ssl_certificate=None


Failed to crawl: https://gedu.global/ma-business-and-management/
Result: url='https://gedu.global/ma-business-and-management/' html='' success=False cleaned_html=None media={} links={} downloaded_files=None screenshot=None pdf=None markdown=None markdown_v2=None fit_markdown=None fit_html=None extracted_content=None metadata=None error_message='Unexpected error in _crawl_web at line 528 in wrap_api_call (../../.pyenv/versions/3.12.6/lib/python3.12/site-packages/playwright/_impl/_connection.py):\nError: Page.content: Unable to retrieve content because the page is navigating and changing the content.\n\nCode context:\n 523           parsed_st = _extract_stack_trace_information_from_stack(st, is_internal)\n 524           self._api_zone.set(parsed_st)\n 525           try:\n 526               return await cb()\n 527           except Exception as error:\n 528 →             raise rewrite_error(error, f"{parsed_st[\'apiName\']}: {error}") from None\n 529           finally:\n 530               self._api_zone.set(None)\n 531   \n 532       def wrap_api_call_sync(\n 533           self, cb: Callable[[], Any], is_internal: bool = False' session_id=None response_headers=None status_code=None ssl_certificate=None


Failed to crawl: https://gedu.global/ba-hons-business-and-management/
Result: url='https://gedu.global/ba-hons-business-and-management/' html='' success=False cleaned_html=None media={} links={} downloaded_files=None screenshot=None pdf=None markdown=None markdown_v2=None fit_markdown=None fit_html=None extracted_content=None metadata=None error_message='Unexpected error in _crawl_web at line 528 in wrap_api_call (../../.pyenv/versions/3.12.6/lib/python3.12/site-packages/playwright/_impl/_connection.py):\nError: Page.content: Unable to retrieve content because the page is navigating and changing the content.\n\nCode context:\n 523           parsed_st = _extract_stack_trace_information_from_stack(st, is_internal)\n 524           self._api_zone.set(parsed_st)\n 525           try:\n 526               return await cb()\n 527           except Exception as error:\n 528 →             raise rewrite_error(error, f"{parsed_st[\'apiName\']}: {error}") from None\n 529           finally:\n 530               self._api_zone.set(None)\n 531   \n 532       def wrap_api_call_sync(\n 533           self, cb: Callable[[], Any], is_internal: bool = False' session_id=None response_headers=None status_code=None ssl_certificate=None


Failed to crawl: https://gedu.global/phd-en-droit-des-affaires/
Result: url='https://gedu.global/phd-en-droit-des-affaires/' html='' success=False cleaned_html=None media={} links={} downloaded_files=None screenshot=None pdf=None markdown=None markdown_v2=None fit_markdown=None fit_html=None extracted_content=None metadata=None error_message='Unexpected error in _crawl_web at line 528 in wrap_api_call (../../.pyenv/versions/3.12.6/lib/python3.12/site-packages/playwright/_impl/_connection.py):\nError: Page.content: Unable to retrieve content because the page is navigating and changing the content.\n\nCode context:\n 523           parsed_st = _extract_stack_trace_information_from_stack(st, is_internal)\n 524           self._api_zone.set(parsed_st)\n 525           try:\n 526               return await cb()\n 527           except Exception as error:\n 528 →             raise rewrite_error(error, f"{parsed_st[\'apiName\']}: {error}") from None\n 529           finally:\n 530               self._api_zone.set(None)\n 531   \n 532       def wrap_api_call_sync(\n 533           self, cb: Callable[[], Any], is_internal: bool = False' session_id=None response_headers=None status_code=None ssl_certificate=None


Failed to crawl: https://gedu.global/phd-en-economie/
Result: url='https://gedu.global/phd-en-economie/' html='' success=False cleaned_html=None media={} links={} downloaded_files=None screenshot=None pdf=None markdown=None markdown_v2=None fit_markdown=None fit_html=None extracted_content=None metadata=None error_message='Unexpected error in _crawl_web at line 528 in wrap_api_call (../../.pyenv/versions/3.12.6/lib/python3.12/site-packages/playwright/_impl/_connection.py):\nError: Page.content: Unable to retrieve content because the page is navigating and changing the content.\n\nCode context:\n 523           parsed_st = _extract_stack_trace_information_from_stack(st, is_internal)\n 524           self._api_zone.set(parsed_st)\n 525           try:\n 526               return await cb()\n 527           except Exception as error:\n 528 →             raise rewrite_error(error, f"{parsed_st[\'apiName\']}: {error}") from None\n 529           finally:\n 530               self._api_zone.set(None)\n 531   \n 532       def wrap_api_call_sync(\n 533           self, cb: Callable[[], Any], is_internal: bool = False' session_id=None response_headers=None status_code=None ssl_certificate=None


Failed to crawl: https://gedu.global/ielts-preparation/
Result: url='https://gedu.global/ielts-preparation/' html='' success=False cleaned_html=None media={} links={} downloaded_files=None screenshot=None pdf=None markdown=None markdown_v2=None fit_markdown=None fit_html=None extracted_content=None metadata=None error_message='Unexpected error in _crawl_web at line 570 in aprocess_html (../../.pyenv/versions/3.12.6/lib/python3.12/site-packages/crawl4ai/async_webcrawler.py):\nError: Process HTML, Failed to extract content from the website: https://gedu.global/ielts-preparation/, error: \'NoneType\' object has no attribute \'find_all\'\n\nCode context:\n 565                       raise ValueError(f"Process HTML, Failed to extract content from the website: {url}")\n 566   \n 567               except InvalidCSSSelectorError as e:\n 568                   raise ValueError(str(e))\n 569               except Exception as e:\n 570 →                 raise ValueError(f"Process HTML, Failed to extract content from the website: {url}, error: {str(e)}")\n 571   \n 572   \n 573   \n 574               # Extract results\n 575               cleaned_html = sanitize_input_encode(result.get("cleaned_html", ""))' session_id=None response_headers=None status_code=None ssl_certificate=None


Failed to crawl: https://gedu.global/english-for-teacher/
Result: url='https://gedu.global/english-for-teacher/' html='' success=False cleaned_html=None media={} links={} downloaded_files=None screenshot=None pdf=None markdown=None markdown_v2=None fit_markdown=None fit_html=None extracted_content=None metadata=None error_message='Unexpected error in _crawl_web at line 570 in aprocess_html (../../.pyenv/versions/3.12.6/lib/python3.12/site-packages/crawl4ai/async_webcrawler.py):\nError: Process HTML, Failed to extract content from the website: https://gedu.global/english-for-teacher/, error: \'NoneType\' object has no attribute \'find_all\'\n\nCode context:\n 565                       raise ValueError(f"Process HTML, Failed to extract content from the website: {url}")\n 566   \n 567               except InvalidCSSSelectorError as e:\n 568                   raise ValueError(str(e))\n 569               except Exception as e:\n 570 →                 raise ValueError(f"Process HTML, Failed to extract content from the website: {url}, error: {str(e)}")\n 571   \n 572   \n 573   \n 574               # Extract results\n 575               cleaned_html = sanitize_input_encode(result.get("cleaned_html", ""))' session_id=None response_headers=None status_code=None ssl_certificate=None


Failed to crawl: https://gedu.global/general-english-one-to-one/
Result: url='https://gedu.global/general-english-one-to-one/' html='' success=False cleaned_html=None media={} links={} downloaded_files=None screenshot=None pdf=None markdown=None markdown_v2=None fit_markdown=None fit_html=None extracted_content=None metadata=None error_message='Unexpected error in _crawl_web at line 570 in aprocess_html (../../.pyenv/versions/3.12.6/lib/python3.12/site-packages/crawl4ai/async_webcrawler.py):\nError: Process HTML, Failed to extract content from the website: https://gedu.global/general-english-one-to-one/, error: \'NoneType\' object has no attribute \'find_all\'\n\nCode context:\n 565                       raise ValueError(f"Process HTML, Failed to extract content from the website: {url}")\n 566   \n 567               except InvalidCSSSelectorError as e:\n 568                   raise ValueError(str(e))\n 569               except Exception as e:\n 570 →                 raise ValueError(f"Process HTML, Failed to extract content from the website: {url}, error: {str(e)}")\n 571   \n 572   \n 573   \n 574               # Extract results\n 575               cleaned_html = sanitize_input_encode(result.get("cleaned_html", ""))' session_id=None response_headers=None status_code=None ssl_certificate=None


Failed to crawl: https://gedu.global/general-english-super-intensive/
Result: url='https://gedu.global/general-english-super-intensive/' html='' success=False cleaned_html=None media={} links={} downloaded_files=None screenshot=None pdf=None markdown=None markdown_v2=None fit_markdown=None fit_html=None extracted_content=None metadata=None error_message='Unexpected error in _crawl_web at line 528 in wrap_api_call (../../.pyenv/versions/3.12.6/lib/python3.12/site-packages/playwright/_impl/_connection.py):\nError: Page.content: Unable to retrieve content because the page is navigating and changing the content.\n\nCode context:\n 523           parsed_st = _extract_stack_trace_information_from_stack(st, is_internal)\n 524           self._api_zone.set(parsed_st)\n 525           try:\n 526               return await cb()\n 527           except Exception as error:\n 528 →             raise rewrite_error(error, f"{parsed_st[\'apiName\']}: {error}") from None\n 529           finally:\n 530               self._api_zone.set(None)\n 531   \n 532       def wrap_api_call_sync(\n 533           self, cb: Callable[[], Any], is_internal: bool = False' session_id=None response_headers=None status_code=None ssl_certificate=None


Failed to crawl: https://gedu.global/general-english-intensive/
Result: url='https://gedu.global/general-english-intensive/' html='' success=False cleaned_html=None media={} links={} downloaded_files=None screenshot=None pdf=None markdown=None markdown_v2=None fit_markdown=None fit_html=None extracted_content=None metadata=None error_message='Unexpected error in _crawl_web at line 528 in wrap_api_call (../../.pyenv/versions/3.12.6/lib/python3.12/site-packages/playwright/_impl/_connection.py):\nError: Page.content: Unable to retrieve content because the page is navigating and changing the content.\n\nCode context:\n 523           parsed_st = _extract_stack_trace_information_from_stack(st, is_internal)\n 524           self._api_zone.set(parsed_st)\n 525           try:\n 526               return await cb()\n 527           except Exception as error:\n 528 →             raise rewrite_error(error, f"{parsed_st[\'apiName\']}: {error}") from None\n 529           finally:\n 530               self._api_zone.set(None)\n 531   \n 532       def wrap_api_call_sync(\n 533           self, cb: Callable[[], Any], is_internal: bool = False' session_id=None response_headers=None status_code=None ssl_certificate=None


Failed to crawl: https://gedu.global/master-of-science-in-data-science/
Result: url='https://gedu.global/master-of-science-in-data-science/' html='' success=False cleaned_html=None media={} links={} downloaded_files=None screenshot=None pdf=None markdown=None markdown_v2=None fit_markdown=None fit_html=None extracted_content=None metadata=None error_message='Unexpected error in _crawl_web at line 528 in wrap_api_call (../../.pyenv/versions/3.12.6/lib/python3.12/site-packages/playwright/_impl/_connection.py):\nError: Page.content: Unable to retrieve content because the page is navigating and changing the content.\n\nCode context:\n 523           parsed_st = _extract_stack_trace_information_from_stack(st, is_internal)\n 524           self._api_zone.set(parsed_st)\n 525           try:\n 526               return await cb()\n 527           except Exception as error:\n 528 →             raise rewrite_error(error, f"{parsed_st[\'apiName\']}: {error}") from None\n 529           finally:\n 530               self._api_zone.set(None)\n 531   \n 532       def wrap_api_call_sync(\n 533           self, cb: Callable[[], Any], is_internal: bool = False' session_id=None response_headers=None status_code=None ssl_certificate=None


Failed to crawl: https://gedu.global/volunteering-intership-programme/
Result: url='https://gedu.global/volunteering-intership-programme/' html='' success=False cleaned_html=None media={} links={} downloaded_files=None screenshot=None pdf=None markdown=None markdown_v2=None fit_markdown=None fit_html=None extracted_content=None metadata=None error_message='Unexpected error in _crawl_web at line 528 in wrap_api_call (../../.pyenv/versions/3.12.6/lib/python3.12/site-packages/playwright/_impl/_connection.py):\nError: Page.content: Unable to retrieve content because the page is navigating and changing the content.\n\nCode context:\n 523           parsed_st = _extract_stack_trace_information_from_stack(st, is_internal)\n 524           self._api_zone.set(parsed_st)\n 525           try:\n 526               return await cb()\n 527           except Exception as error:\n 528 →             raise rewrite_error(error, f"{parsed_st[\'apiName\']}: {error}") from None\n 529           finally:\n 530               self._api_zone.set(None)\n 531   \n 532       def wrap_api_call_sync(\n 533           self, cb: Callable[[], Any], is_internal: bool = False' session_id=None response_headers=None status_code=None ssl_certificate=None


Failed to crawl: https://gedu.global/leadership-essential/
Result: url='https://gedu.global/leadership-essential/' html='' success=False cleaned_html=None media={} links={} downloaded_files=None screenshot=None pdf=None markdown=None markdown_v2=None fit_markdown=None fit_html=None extracted_content=None metadata=None error_message='Unexpected error in _crawl_web at line 528 in wrap_api_call (../../.pyenv/versions/3.12.6/lib/python3.12/site-packages/playwright/_impl/_connection.py):\nError: Page.content: Unable to retrieve content because the page is navigating and changing the content.\n\nCode context:\n 523           parsed_st = _extract_stack_trace_information_from_stack(st, is_internal)\n 524           self._api_zone.set(parsed_st)\n 525           try:\n 526               return await cb()\n 527           except Exception as error:\n 528 →             raise rewrite_error(error, f"{parsed_st[\'apiName\']}: {error}") from None\n 529           finally:\n 530               self._api_zone.set(None)\n 531   \n 532       def wrap_api_call_sync(\n 533           self, cb: Callable[[], Any], is_internal: bool = False' session_id=None response_headers=None status_code=None ssl_certificate=None


Failed to crawl: https://gedu.global/certified-digital-marketing-professional/
Result: url='https://gedu.global/certified-digital-marketing-professional/' html='' success=False cleaned_html=None media={} links={} downloaded_files=None screenshot=None pdf=None markdown=None markdown_v2=None fit_markdown=None fit_html=None extracted_content=None metadata=None error_message='Unexpected error in _crawl_web at line 570 in aprocess_html (../../.pyenv/versions/3.12.6/lib/python3.12/site-packages/crawl4ai/async_webcrawler.py):\nError: Process HTML, Failed to extract content from the website: https://gedu.global/certified-digital-marketing-professional/, error: \'NoneType\' object has no attribute \'find_all\'\n\nCode context:\n 565                       raise ValueError(f"Process HTML, Failed to extract content from the website: {url}")\n 566   \n 567               except InvalidCSSSelectorError as e:\n 568                   raise ValueError(str(e))\n 569               except Exception as e:\n 570 →                 raise ValueError(f"Process HTML, Failed to extract content from the website: {url}, error: {str(e)}")\n 571   \n 572   \n 573   \n 574               # Extract results\n 575               cleaned_html = sanitize_input_encode(result.get("cleaned_html", ""))' session_id=None response_headers=None status_code=None ssl_certificate=None


Failed to crawl: https://gedu.global/pgdip-engineering-management/
Result: url='https://gedu.global/pgdip-engineering-management/' html='' success=False cleaned_html=None media={} links={} downloaded_files=None screenshot=None pdf=None markdown=None markdown_v2=None fit_markdown=None fit_html=None extracted_content=None metadata=None error_message='Unexpected error in _crawl_web at line 528 in wrap_api_call (../../.pyenv/versions/3.12.6/lib/python3.12/site-packages/playwright/_impl/_connection.py):\nError: Page.content: Unable to retrieve content because the page is navigating and changing the content.\n\nCode context:\n 523           parsed_st = _extract_stack_trace_information_from_stack(st, is_internal)\n 524           self._api_zone.set(parsed_st)\n 525           try:\n 526               return await cb()\n 527           except Exception as error:\n 528 →             raise rewrite_error(error, f"{parsed_st[\'apiName\']}: {error}") from None\n 529           finally:\n 530               self._api_zone.set(None)\n 531   \n 532       def wrap_api_call_sync(\n 533           self, cb: Callable[[], Any], is_internal: bool = False' session_id=None response_headers=None status_code=None ssl_certificate=None


Failed to crawl: https://gedu.global/mba-financial-technology-fintech/
Result: url='https://gedu.global/mba-financial-technology-fintech/' html='' success=False cleaned_html=None media={} links={} downloaded_files=None screenshot=None pdf=None markdown=None markdown_v2=None fit_markdown=None fit_html=None extracted_content=None metadata=None error_message='Unexpected error in _crawl_web at line 528 in wrap_api_call (../../.pyenv/versions/3.12.6/lib/python3.12/site-packages/playwright/_impl/_connection.py):\nError: Page.content: Unable to retrieve content because the page is navigating and changing the content.\n\nCode context:\n 523           parsed_st = _extract_stack_trace_information_from_stack(st, is_internal)\n 524           self._api_zone.set(parsed_st)\n 525           try:\n 526               return await cb()\n 527           except Exception as error:\n 528 →             raise rewrite_error(error, f"{parsed_st[\'apiName\']}: {error}") from None\n 529           finally:\n 530               self._api_zone.set(None)\n 531   \n 532       def wrap_api_call_sync(\n 533           self, cb: Callable[[], Any], is_internal: bool = False' session_id=None response_headers=None status_code=None ssl_certificate=None


Failed to crawl: https://gedu.global/mba-entrepreneurship-innovation/
Result: url='https://gedu.global/mba-entrepreneurship-innovation/' html='' success=False cleaned_html=None media={} links={} downloaded_files=None screenshot=None pdf=None markdown=None markdown_v2=None fit_markdown=None fit_html=None extracted_content=None metadata=None error_message='Unexpected error in _crawl_web at line 570 in aprocess_html (../../.pyenv/versions/3.12.6/lib/python3.12/site-packages/crawl4ai/async_webcrawler.py):\nError: Process HTML, Failed to extract content from the website: https://gedu.global/mba-entrepreneurship-innovation/, error: \'NoneType\' object has no attribute \'find_all\'\n\nCode context:\n 565                       raise ValueError(f"Process HTML, Failed to extract content from the website: {url}")\n 566   \n 567               except InvalidCSSSelectorError as e:\n 568                   raise ValueError(str(e))\n 569               except Exception as e:\n 570 →                 raise ValueError(f"Process HTML, Failed to extract content from the website: {url}, error: {str(e)}")\n 571   \n 572   \n 573   \n 574               # Extract results\n 575               cleaned_html = sanitize_input_encode(result.get("cleaned_html", ""))' session_id=None response_headers=None status_code=None ssl_certificate=None


Failed to crawl: https://gedu.global/msc-advanced-hydrography-for-professionals/
Result: url='https://gedu.global/msc-advanced-hydrography-for-professionals/' html='' success=False cleaned_html=None media={} links={} downloaded_files=None screenshot=None pdf=None markdown=None markdown_v2=None fit_markdown=None fit_html=None extracted_content=None metadata=None error_message='Unexpected error in _crawl_web at line 570 in aprocess_html (../../.pyenv/versions/3.12.6/lib/python3.12/site-packages/crawl4ai/async_webcrawler.py):\nError: Process HTML, Failed to extract content from the website: https://gedu.global/msc-advanced-hydrography-for-professionals/, error: \'NoneType\' object has no attribute \'find_all\'\n\nCode context:\n 565                       raise ValueError(f"Process HTML, Failed to extract content from the website: {url}")\n 566   \n 567               except InvalidCSSSelectorError as e:\n 568                   raise ValueError(str(e))\n 569               except Exception as e:\n 570 →                 raise ValueError(f"Process HTML, Failed to extract content from the website: {url}, error: {str(e)}")\n 571   \n 572   \n 573   \n 574               # Extract results\n 575               cleaned_html = sanitize_input_encode(result.get("cleaned_html", ""))' session_id=None response_headers=None status_code=None ssl_certificate=None


Failed to crawl: https://gedu.global/msc-sustainability-in-practice/
Result: url='https://gedu.global/msc-sustainability-in-practice/' html='' success=False cleaned_html=None media={} links={} downloaded_files=None screenshot=None pdf=None markdown=None markdown_v2=None fit_markdown=None fit_html=None extracted_content=None metadata=None error_message='Unexpected error in _crawl_web at line 528 in wrap_api_call (../../.pyenv/versions/3.12.6/lib/python3.12/site-packages/playwright/_impl/_connection.py):\nError: Page.content: Unable to retrieve content because the page is navigating and changing the content.\n\nCode context:\n 523           parsed_st = _extract_stack_trace_information_from_stack(st, is_internal)\n 524           self._api_zone.set(parsed_st)\n 525           try:\n 526               return await cb()\n 527           except Exception as error:\n 528 →             raise rewrite_error(error, f"{parsed_st[\'apiName\']}: {error}") from None\n 529           finally:\n 530               self._api_zone.set(None)\n 531   \n 532       def wrap_api_call_sync(\n 533           self, cb: Callable[[], Any], is_internal: bool = False' session_id=None response_headers=None status_code=None ssl_certificate=None


Failed to crawl: https://gedu.global/msc-sustainable-maritime-operations/
Result: url='https://gedu.global/msc-sustainable-maritime-operations/' html='' success=False cleaned_html=None media={} links={} downloaded_files=None screenshot=None pdf=None markdown=None markdown_v2=None fit_markdown=None fit_html=None extracted_content=None metadata=None error_message='Unexpected error in _crawl_web at line 570 in aprocess_html (../../.pyenv/versions/3.12.6/lib/python3.12/site-packages/crawl4ai/async_webcrawler.py):\nError: Process HTML, Failed to extract content from the website: https://gedu.global/msc-sustainable-maritime-operations/, error: \'NoneType\' object has no attribute \'find_all\'\n\nCode context:\n 565                       raise ValueError(f"Process HTML, Failed to extract content from the website: {url}")\n 566   \n 567               except InvalidCSSSelectorError as e:\n 568                   raise ValueError(str(e))\n 569               except Exception as e:\n 570 →                 raise ValueError(f"Process HTML, Failed to extract content from the website: {url}, error: {str(e)}")\n 571   \n 572   \n 573   \n 574               # Extract results\n 575               cleaned_html = sanitize_input_encode(result.get("cleaned_html", ""))' session_id=None response_headers=None status_code=None ssl_certificate=None


Failed to crawl: https://gedu.global/msc-global-sustainable-development-part-time-study/
Result: url='https://gedu.global/msc-global-sustainable-development-part-time-study/' html='' success=False cleaned_html=None media={} links={} downloaded_files=None screenshot=None pdf=None markdown=None markdown_v2=None fit_markdown=None fit_html=None extracted_content=None metadata=None error_message='Unexpected error in _crawl_web at line 570 in aprocess_html (../../.pyenv/versions/3.12.6/lib/python3.12/site-packages/crawl4ai/async_webcrawler.py):\nError: Process HTML, Failed to extract content from the website: https://gedu.global/msc-global-sustainable-development-part-time-study/, error: \'NoneType\' object has no attribute \'find_all\'\n\nCode context:\n 565                       raise ValueError(f"Process HTML, Failed to extract content from the website: {url}")\n 566   \n 567               except InvalidCSSSelectorError as e:\n 568                   raise ValueError(str(e))\n 569               except Exception as e:\n 570 →                 raise ValueError(f"Process HTML, Failed to extract content from the website: {url}, error: {str(e)}")\n 571   \n 572   \n 573   \n 574               # Extract results\n 575               cleaned_html = sanitize_input_encode(result.get("cleaned_html", ""))' session_id=None response_headers=None status_code=None ssl_certificate=None


Failed to crawl: https://gedu.global/mba-master-of-business-administration/
Result: url='https://gedu.global/mba-master-of-business-administration/' html='' success=False cleaned_html=None media={} links={} downloaded_files=None screenshot=None pdf=None markdown=None markdown_v2=None fit_markdown=None fit_html=None extracted_content=None metadata=None error_message='Unexpected error in _crawl_web at line 528 in wrap_api_call (../../.pyenv/versions/3.12.6/lib/python3.12/site-packages/playwright/_impl/_connection.py):\nError: Page.content: Unable to retrieve content because the page is navigating and changing the content.\n\nCode context:\n 523           parsed_st = _extract_stack_trace_information_from_stack(st, is_internal)\n 524           self._api_zone.set(parsed_st)\n 525           try:\n 526               return await cb()\n 527           except Exception as error:\n 528 →             raise rewrite_error(error, f"{parsed_st[\'apiName\']}: {error}") from None\n 529           finally:\n 530               self._api_zone.set(None)\n 531   \n 532       def wrap_api_call_sync(\n 533           self, cb: Callable[[], Any], is_internal: bool = False' session_id=None response_headers=None status_code=None ssl_certificate=None


Failed to crawl: https://gedu.global/mastere-en-management-applique-option-industries-creatives/
Result: url='https://gedu.global/mastere-en-management-applique-option-industries-creatives/' html='' success=False cleaned_html=None media={} links={} downloaded_files=None screenshot=None pdf=None markdown=None markdown_v2=None fit_markdown=None fit_html=None extracted_content=None metadata=None error_message='Unexpected error in _crawl_web at line 528 in wrap_api_call (../../.pyenv/versions/3.12.6/lib/python3.12/site-packages/playwright/_impl/_connection.py):\nError: Page.content: Unable to retrieve content because the page is navigating and changing the content.\n\nCode context:\n 523           parsed_st = _extract_stack_trace_information_from_stack(st, is_internal)\n 524           self._api_zone.set(parsed_st)\n 525           try:\n 526               return await cb()\n 527           except Exception as error:\n 528 →             raise rewrite_error(error, f"{parsed_st[\'apiName\']}: {error}") from None\n 529           finally:\n 530               self._api_zone.set(None)\n 531   \n 532       def wrap_api_call_sync(\n 533           self, cb: Callable[[], Any], is_internal: bool = False' session_id=None response_headers=None status_code=None ssl_certificate=None


Failed to crawl: https://gedu.global/mba-in-management-consulting/
Result: url='https://gedu.global/mba-in-management-consulting/' html='' success=False cleaned_html=None media={} links={} downloaded_files=None screenshot=None pdf=None markdown=None markdown_v2=None fit_markdown=None fit_html=None extracted_content=None metadata=None error_message='Unexpected error in _crawl_web at line 528 in wrap_api_call (../../.pyenv/versions/3.12.6/lib/python3.12/site-packages/playwright/_impl/_connection.py):\nError: Page.content: Unable to retrieve content because the page is navigating and changing the content.\n\nCode context:\n 523           parsed_st = _extract_stack_trace_information_from_stack(st, is_internal)\n 524           self._api_zone.set(parsed_st)\n 525           try:\n 526               return await cb()\n 527           except Exception as error:\n 528 →             raise rewrite_error(error, f"{parsed_st[\'apiName\']}: {error}") from None\n 529           finally:\n 530               self._api_zone.set(None)\n 531   \n 532       def wrap_api_call_sync(\n 533           self, cb: Callable[[], Any], is_internal: bool = False' session_id=None response_headers=None status_code=None ssl_certificate=None


Failed to crawl: https://gedu.global/mba-in-project-management/
Result: url='https://gedu.global/mba-in-project-management/' html='' success=False cleaned_html=None media={} links={} downloaded_files=None screenshot=None pdf=None markdown=None markdown_v2=None fit_markdown=None fit_html=None extracted_content=None metadata=None error_message='Unexpected error in _crawl_web at line 528 in wrap_api_call (../../.pyenv/versions/3.12.6/lib/python3.12/site-packages/playwright/_impl/_connection.py):\nError: Page.content: Unable to retrieve content because the page is navigating and changing the content.\n\nCode context:\n 523           parsed_st = _extract_stack_trace_information_from_stack(st, is_internal)\n 524           self._api_zone.set(parsed_st)\n 525           try:\n 526               return await cb()\n 527           except Exception as error:\n 528 →             raise rewrite_error(error, f"{parsed_st[\'apiName\']}: {error}") from None\n 529           finally:\n 530               self._api_zone.set(None)\n 531   \n 532       def wrap_api_call_sync(\n 533           self, cb: Callable[[], Any], is_internal: bool = False' session_id=None response_headers=None status_code=None ssl_certificate=None


Failed to crawl: https://gedu.global/mba-in-marketing-management/
Result: url='https://gedu.global/mba-in-marketing-management/' html='' success=False cleaned_html=None media={} links={} downloaded_files=None screenshot=None pdf=None markdown=None markdown_v2=None fit_markdown=None fit_html=None extracted_content=None metadata=None error_message='Unexpected error in _crawl_web at line 528 in wrap_api_call (../../.pyenv/versions/3.12.6/lib/python3.12/site-packages/playwright/_impl/_connection.py):\nError: Page.content: Unable to retrieve content because the page is navigating and changing the content.\n\nCode context:\n 523           parsed_st = _extract_stack_trace_information_from_stack(st, is_internal)\n 524           self._api_zone.set(parsed_st)\n 525           try:\n 526               return await cb()\n 527           except Exception as error:\n 528 →             raise rewrite_error(error, f"{parsed_st[\'apiName\']}: {error}") from None\n 529           finally:\n 530               self._api_zone.set(None)\n 531   \n 532       def wrap_api_call_sync(\n 533           self, cb: Callable[[], Any], is_internal: bool = False' session_id=None response_headers=None status_code=None ssl_certificate=None


Failed to crawl: https://gedu.global/ma-marketing-and-brand-management/
Result: url='https://gedu.global/ma-marketing-and-brand-management/' html='' success=False cleaned_html=None media={} links={} downloaded_files=None screenshot=None pdf=None markdown=None markdown_v2=None fit_markdown=None fit_html=None extracted_content=None metadata=None error_message='Unexpected error in _crawl_web at line 528 in wrap_api_call (../../.pyenv/versions/3.12.6/lib/python3.12/site-packages/playwright/_impl/_connection.py):\nError: Page.content: Unable to retrieve content because the page is navigating and changing the content.\n\nCode context:\n 523           parsed_st = _extract_stack_trace_information_from_stack(st, is_internal)\n 524           self._api_zone.set(parsed_st)\n 525           try:\n 526               return await cb()\n 527           except Exception as error:\n 528 →             raise rewrite_error(error, f"{parsed_st[\'apiName\']}: {error}") from None\n 529           finally:\n 530               self._api_zone.set(None)\n 531   \n 532       def wrap_api_call_sync(\n 533           self, cb: Callable[[], Any], is_internal: bool = False' session_id=None response_headers=None status_code=None ssl_certificate=None


Failed to crawl: https://gedu.global/hnd-in-digital-technologies-for-england-cyber-security/
Result: url='https://gedu.global/hnd-in-digital-technologies-for-england-cyber-security/' html='' success=False cleaned_html=None media={} links={} downloaded_files=None screenshot=None pdf=None markdown=None markdown_v2=None fit_markdown=None fit_html=None extracted_content=None metadata=None error_message='Unexpected error in _crawl_web at line 528 in wrap_api_call (../../.pyenv/versions/3.12.6/lib/python3.12/site-packages/playwright/_impl/_connection.py):\nError: Page.content: Unable to retrieve content because the page is navigating and changing the content.\n\nCode context:\n 523           parsed_st = _extract_stack_trace_information_from_stack(st, is_internal)\n 524           self._api_zone.set(parsed_st)\n 525           try:\n 526               return await cb()\n 527           except Exception as error:\n 528 →             raise rewrite_error(error, f"{parsed_st[\'apiName\']}: {error}") from None\n 529           finally:\n 530               self._api_zone.set(None)\n 531   \n 532       def wrap_api_call_sync(\n 533           self, cb: Callable[[], Any], is_internal: bool = False' session_id=None response_headers=None status_code=None ssl_certificate=None


Failed to crawl: https://gedu.global/hnd-in-construction-management-for-england-construction-design-and-build-technician/
Result: url='https://gedu.global/hnd-in-construction-management-for-england-construction-design-and-build-technician/' html='' success=False cleaned_html=None media={} links={} downloaded_files=None screenshot=None pdf=None markdown=None markdown_v2=None fit_markdown=None fit_html=None extracted_content=None metadata=None error_message='Unexpected error in _crawl_web at line 570 in aprocess_html (../../.pyenv/versions/3.12.6/lib/python3.12/site-packages/crawl4ai/async_webcrawler.py):\nError: Process HTML, Failed to extract content from the website: https://gedu.global/hnd-in-construction-management-for-england-construction-design-and-build-technician/, error: \'NoneType\' object has no attribute \'find_all\'\n\nCode context:\n 565                       raise ValueError(f"Process HTML, Failed to extract content from the website: {url}")\n 566   \n 567               except InvalidCSSSelectorError as e:\n 568                   raise ValueError(str(e))\n 569               except Exception as e:\n 570 →                 raise ValueError(f"Process HTML, Failed to extract content from the website: {url}, error: {str(e)}")\n 571   \n 572   \n 573   \n 574               # Extract results\n 575               cleaned_html = sanitize_input_encode(result.get("cleaned_html", ""))' session_id=None response_headers=None status_code=None ssl_certificate=None


Failed to crawl: https://gedu.global/hnd-in-business/
Result: url='https://gedu.global/hnd-in-business/' html='' success=False cleaned_html=None media={} links={} downloaded_files=None screenshot=None pdf=None markdown=None markdown_v2=None fit_markdown=None fit_html=None extracted_content=None metadata=None error_message='Unexpected error in _crawl_web at line 528 in wrap_api_call (../../.pyenv/versions/3.12.6/lib/python3.12/site-packages/playwright/_impl/_connection.py):\nError: Page.content: Unable to retrieve content because the page is navigating and changing the content.\n\nCode context:\n 523           parsed_st = _extract_stack_trace_information_from_stack(st, is_internal)\n 524           self._api_zone.set(parsed_st)\n 525           try:\n 526               return await cb()\n 527           except Exception as error:\n 528 →             raise rewrite_error(error, f"{parsed_st[\'apiName\']}: {error}") from None\n 529           finally:\n 530               self._api_zone.set(None)\n 531   \n 532       def wrap_api_call_sync(\n 533           self, cb: Callable[[], Any], is_internal: bool = False' session_id=None response_headers=None status_code=None ssl_certificate=None


Failed to crawl: https://gedu.global/hnd-in-healthcare-practice-for-england-healthcare-management/
Result: url='https://gedu.global/hnd-in-healthcare-practice-for-england-healthcare-management/' html='' success=False cleaned_html=None media={} links={} downloaded_files=None screenshot=None pdf=None markdown=None markdown_v2=None fit_markdown=None fit_html=None extracted_content=None metadata=None error_message='Unexpected error in _crawl_web at line 528 in wrap_api_call (../../.pyenv/versions/3.12.6/lib/python3.12/site-packages/playwright/_impl/_connection.py):\nError: Page.content: Unable to retrieve content because the page is navigating and changing the content.\n\nCode context:\n 523           parsed_st = _extract_stack_trace_information_from_stack(st, is_internal)\n 524           self._api_zone.set(parsed_st)\n 525           try:\n 526               return await cb()\n 527           except Exception as error:\n 528 →             raise rewrite_error(error, f"{parsed_st[\'apiName\']}: {error}") from None\n 529           finally:\n 530               self._api_zone.set(None)\n 531   \n 532       def wrap_api_call_sync(\n 533           self, cb: Callable[[], Any], is_internal: bool = False' session_id=None response_headers=None status_code=None ssl_certificate=None


Failed to crawl: https://gedu.global/hnd-international-in-business-online/
Result: url='https://gedu.global/hnd-international-in-business-online/' html='' success=False cleaned_html=None media={} links={} downloaded_files=None screenshot=None pdf=None markdown=None markdown_v2=None fit_markdown=None fit_html=None extracted_content=None metadata=None error_message='Unexpected error in _crawl_web at line 528 in wrap_api_call (../../.pyenv/versions/3.12.6/lib/python3.12/site-packages/playwright/_impl/_connection.py):\nError: Page.content: Unable to retrieve content because the page is navigating and changing the content.\n\nCode context:\n 523           parsed_st = _extract_stack_trace_information_from_stack(st, is_internal)\n 524           self._api_zone.set(parsed_st)\n 525           try:\n 526               return await cb()\n 527           except Exception as error:\n 528 →             raise rewrite_error(error, f"{parsed_st[\'apiName\']}: {error}") from None\n 529           finally:\n 530               self._api_zone.set(None)\n 531   \n 532       def wrap_api_call_sync(\n 533           self, cb: Callable[[], Any], is_internal: bool = False' session_id=None response_headers=None status_code=None ssl_certificate=None


Failed to crawl: https://gedu.global/hnd-in-healthcare-practices-management/
Result: url='https://gedu.global/hnd-in-healthcare-practices-management/' html='' success=False cleaned_html=None media={} links={} downloaded_files=None screenshot=None pdf=None markdown=None markdown_v2=None fit_markdown=None fit_html=None extracted_content=None metadata=None error_message='Unexpected error in _crawl_web at line 528 in wrap_api_call (../../.pyenv/versions/3.12.6/lib/python3.12/site-packages/playwright/_impl/_connection.py):\nError: Page.content: Unable to retrieve content because the page is navigating and changing the content.\n\nCode context:\n 523           parsed_st = _extract_stack_trace_information_from_stack(st, is_internal)\n 524           self._api_zone.set(parsed_st)\n 525           try:\n 526               return await cb()\n 527           except Exception as error:\n 528 →             raise rewrite_error(error, f"{parsed_st[\'apiName\']}: {error}") from None\n 529           finally:\n 530               self._api_zone.set(None)\n 531   \n 532       def wrap_api_call_sync(\n 533           self, cb: Callable[[], Any], is_internal: bool = False' session_id=None response_headers=None status_code=None ssl_certificate=None


Failed to crawl: https://gedu.global/hnd-in-construction-management/
Result: url='https://gedu.global/hnd-in-construction-management/' html='' success=False cleaned_html=None media={} links={} downloaded_files=None screenshot=None pdf=None markdown=None markdown_v2=None fit_markdown=None fit_html=None extracted_content=None metadata=None error_message='Unexpected error in _crawl_web at line 528 in wrap_api_call (../../.pyenv/versions/3.12.6/lib/python3.12/site-packages/playwright/_impl/_connection.py):\nError: Page.content: Unable to retrieve content because the page is navigating and changing the content.\n\nCode context:\n 523           parsed_st = _extract_stack_trace_information_from_stack(st, is_internal)\n 524           self._api_zone.set(parsed_st)\n 525           try:\n 526               return await cb()\n 527           except Exception as error:\n 528 →             raise rewrite_error(error, f"{parsed_st[\'apiName\']}: {error}") from None\n 529           finally:\n 530               self._api_zone.set(None)\n 531   \n 532       def wrap_api_call_sync(\n 533           self, cb: Callable[[], Any], is_internal: bool = False' session_id=None response_headers=None status_code=None ssl_certificate=None


Failed to crawl: https://gedu.global/hnd-in-digital-technologies-artificial-intelligence/
Result: url='https://gedu.global/hnd-in-digital-technologies-artificial-intelligence/' html='' success=False cleaned_html=None media={} links={} downloaded_files=None screenshot=None pdf=None markdown=None markdown_v2=None fit_markdown=None fit_html=None extracted_content=None metadata=None error_message='Unexpected error in _crawl_web at line 528 in wrap_api_call (../../.pyenv/versions/3.12.6/lib/python3.12/site-packages/playwright/_impl/_connection.py):\nError: Page.content: Unable to retrieve content because the page is navigating and changing the content.\n\nCode context:\n 523           parsed_st = _extract_stack_trace_information_from_stack(st, is_internal)\n 524           self._api_zone.set(parsed_st)\n 525           try:\n 526               return await cb()\n 527           except Exception as error:\n 528 →             raise rewrite_error(error, f"{parsed_st[\'apiName\']}: {error}") from None\n 529           finally:\n 530               self._api_zone.set(None)\n 531   \n 532       def wrap_api_call_sync(\n 533           self, cb: Callable[[], Any], is_internal: bool = False' session_id=None response_headers=None status_code=None ssl_certificate=None


Failed to crawl: https://gedu.global/hnd-international-in-business/
Result: url='https://gedu.global/hnd-international-in-business/' html='' success=False cleaned_html=None media={} links={} downloaded_files=None screenshot=None pdf=None markdown=None markdown_v2=None fit_markdown=None fit_html=None extracted_content=None metadata=None error_message='Unexpected error in _crawl_web at line 528 in wrap_api_call (../../.pyenv/versions/3.12.6/lib/python3.12/site-packages/playwright/_impl/_connection.py):\nError: Page.content: Unable to retrieve content because the page is navigating and changing the content.\n\nCode context:\n 523           parsed_st = _extract_stack_trace_information_from_stack(st, is_internal)\n 524           self._api_zone.set(parsed_st)\n 525           try:\n 526               return await cb()\n 527           except Exception as error:\n 528 →             raise rewrite_error(error, f"{parsed_st[\'apiName\']}: {error}") from None\n 529           finally:\n 530               self._api_zone.set(None)\n 531   \n 532       def wrap_api_call_sync(\n 533           self, cb: Callable[[], Any], is_internal: bool = False' session_id=None response_headers=None status_code=None ssl_certificate=None


Failed to crawl: https://gedu.global/bsc-hons-construction-management-with-foundation-year/
Result: url='https://gedu.global/bsc-hons-construction-management-with-foundation-year/' html='' success=False cleaned_html=None media={} links={} downloaded_files=None screenshot=None pdf=None markdown=None markdown_v2=None fit_markdown=None fit_html=None extracted_content=None metadata=None error_message='Unexpected error in _crawl_web at line 528 in wrap_api_call (../../.pyenv/versions/3.12.6/lib/python3.12/site-packages/playwright/_impl/_connection.py):\nError: Page.content: Unable to retrieve content because the page is navigating and changing the content.\n\nCode context:\n 523           parsed_st = _extract_stack_trace_information_from_stack(st, is_internal)\n 524           self._api_zone.set(parsed_st)\n 525           try:\n 526               return await cb()\n 527           except Exception as error:\n 528 →             raise rewrite_error(error, f"{parsed_st[\'apiName\']}: {error}") from None\n 529           finally:\n 530               self._api_zone.set(None)\n 531   \n 532       def wrap_api_call_sync(\n 533           self, cb: Callable[[], Any], is_internal: bool = False' session_id=None response_headers=None status_code=None ssl_certificate=None


Failed to crawl: https://gedu.global/ba-hons-global-business-and-entrepreneurship-with-foundation-year/
Result: url='https://gedu.global/ba-hons-global-business-and-entrepreneurship-with-foundation-year/' html='' success=False cleaned_html=None media={} links={} downloaded_files=None screenshot=None pdf=None markdown=None markdown_v2=None fit_markdown=None fit_html=None extracted_content=None metadata=None error_message='Unexpected error in _crawl_web at line 570 in aprocess_html (../../.pyenv/versions/3.12.6/lib/python3.12/site-packages/crawl4ai/async_webcrawler.py):\nError: Process HTML, Failed to extract content from the website: https://gedu.global/ba-hons-global-business-and-entrepreneurship-with-foundation-year/, error: \'NoneType\' object has no attribute \'find_all\'\n\nCode context:\n 565                       raise ValueError(f"Process HTML, Failed to extract content from the website: {url}")\n 566   \n 567               except InvalidCSSSelectorError as e:\n 568                   raise ValueError(str(e))\n 569               except Exception as e:\n 570 →                 raise ValueError(f"Process HTML, Failed to extract content from the website: {url}, error: {str(e)}")\n 571   \n 572   \n 573   \n 574               # Extract results\n 575               cleaned_html = sanitize_input_encode(result.get("cleaned_html", ""))' session_id=None response_headers=None status_code=None ssl_certificate=None


Failed to crawl: https://gedu.global/bachelor-of-science-in-applied-mathematics-and-artificial-intelligence/
Result: url='https://gedu.global/bachelor-of-science-in-applied-mathematics-and-artificial-intelligence/' html='' success=False cleaned_html=None media={} links={} downloaded_files=None screenshot=None pdf=None markdown=None markdown_v2=None fit_markdown=None fit_html=None extracted_content=None metadata=None error_message='Unexpected error in _crawl_web at line 528 in wrap_api_call (../../.pyenv/versions/3.12.6/lib/python3.12/site-packages/playwright/_impl/_connection.py):\nError: Page.content: Unable to retrieve content because the page is navigating and changing the content.\n\nCode context:\n 523           parsed_st = _extract_stack_trace_information_from_stack(st, is_internal)\n 524           self._api_zone.set(parsed_st)\n 525           try:\n 526               return await cb()\n 527           except Exception as error:\n 528 →             raise rewrite_error(error, f"{parsed_st[\'apiName\']}: {error}") from None\n 529           finally:\n 530               self._api_zone.set(None)\n 531   \n 532       def wrap_api_call_sync(\n 533           self, cb: Callable[[], Any], is_internal: bool = False' session_id=None response_headers=None status_code=None ssl_certificate=None


Failed to crawl: https://gedu.global/bachelor-of-science-in-business-analytics/
Result: url='https://gedu.global/bachelor-of-science-in-business-analytics/' html='' success=False cleaned_html=None media={} links={} downloaded_files=None screenshot=None pdf=None markdown=None markdown_v2=None fit_markdown=None fit_html=None extracted_content=None metadata=None error_message='Unexpected error in _crawl_web at line 528 in wrap_api_call (../../.pyenv/versions/3.12.6/lib/python3.12/site-packages/playwright/_impl/_connection.py):\nError: Page.content: Unable to retrieve content because the page is navigating and changing the content.\n\nCode context:\n 523           parsed_st = _extract_stack_trace_information_from_stack(st, is_internal)\n 524           self._api_zone.set(parsed_st)\n 525           try:\n 526               return await cb()\n 527           except Exception as error:\n 528 →             raise rewrite_error(error, f"{parsed_st[\'apiName\']}: {error}") from None\n 529           finally:\n 530               self._api_zone.set(None)\n 531   \n 532       def wrap_api_call_sync(\n 533           self, cb: Callable[[], Any], is_internal: bool = False' session_id=None response_headers=None status_code=None ssl_certificate=None


Failed to crawl: https://gedu.global/bachelor-of-arts-in-international-relations-and-diplomacy/
Result: url='https://gedu.global/bachelor-of-arts-in-international-relations-and-diplomacy/' html='' success=False cleaned_html=None media={} links={} downloaded_files=None screenshot=None pdf=None markdown=None markdown_v2=None fit_markdown=None fit_html=None extracted_content=None metadata=None error_message='Unexpected error in _crawl_web at line 528 in wrap_api_call (../../.pyenv/versions/3.12.6/lib/python3.12/site-packages/playwright/_impl/_connection.py):\nError: Page.content: Unable to retrieve content because the page is navigating and changing the content.\n\nCode context:\n 523           parsed_st = _extract_stack_trace_information_from_stack(st, is_internal)\n 524           self._api_zone.set(parsed_st)\n 525           try:\n 526               return await cb()\n 527           except Exception as error:\n 528 →             raise rewrite_error(error, f"{parsed_st[\'apiName\']}: {error}") from None\n 529           finally:\n 530               self._api_zone.set(None)\n 531   \n 532       def wrap_api_call_sync(\n 533           self, cb: Callable[[], Any], is_internal: bool = False' session_id=None response_headers=None status_code=None ssl_certificate=None


Failed to crawl: https://gedu.global/bachelor-of-science-in-international-marketing/
Result: url='https://gedu.global/bachelor-of-science-in-international-marketing/' html='' success=False cleaned_html=None media={} links={} downloaded_files=None screenshot=None pdf=None markdown=None markdown_v2=None fit_markdown=None fit_html=None extracted_content=None metadata=None error_message='Unexpected error in _crawl_web at line 528 in wrap_api_call (../../.pyenv/versions/3.12.6/lib/python3.12/site-packages/playwright/_impl/_connection.py):\nError: Page.content: Unable to retrieve content because the page is navigating and changing the content.\n\nCode context:\n 523           parsed_st = _extract_stack_trace_information_from_stack(st, is_internal)\n 524           self._api_zone.set(parsed_st)\n 525           try:\n 526               return await cb()\n 527           except Exception as error:\n 528 →             raise rewrite_error(error, f"{parsed_st[\'apiName\']}: {error}") from None\n 529           finally:\n 530               self._api_zone.set(None)\n 531   \n 532       def wrap_api_call_sync(\n 533           self, cb: Callable[[], Any], is_internal: bool = False' session_id=None response_headers=None status_code=None ssl_certificate=None


Failed to crawl: https://gedu.global/bachelor-of-science-in-international-hospitality-and-tourism-management/
Result: url='https://gedu.global/bachelor-of-science-in-international-hospitality-and-tourism-management/' html='' success=False cleaned_html=None media={} links={} downloaded_files=None screenshot=None pdf=None markdown=None markdown_v2=None fit_markdown=None fit_html=None extracted_content=None metadata=None error_message='Unexpected error in _crawl_web at line 528 in wrap_api_call (../../.pyenv/versions/3.12.6/lib/python3.12/site-packages/playwright/_impl/_connection.py):\nError: Page.content: Unable to retrieve content because the page is navigating and changing the content.\n\nCode context:\n 523           parsed_st = _extract_stack_trace_information_from_stack(st, is_internal)\n 524           self._api_zone.set(parsed_st)\n 525           try:\n 526               return await cb()\n 527           except Exception as error:\n 528 →             raise rewrite_error(error, f"{parsed_st[\'apiName\']}: {error}") from None\n 529           finally:\n 530               self._api_zone.set(None)\n 531   \n 532       def wrap_api_call_sync(\n 533           self, cb: Callable[[], Any], is_internal: bool = False' session_id=None response_headers=None status_code=None ssl_certificate=None


Failed to crawl: https://gedu.global/bsc-in-international-business/
Result: url='https://gedu.global/bsc-in-international-business/' html='' success=False cleaned_html=None media={} links={} downloaded_files=None screenshot=None pdf=None markdown=None markdown_v2=None fit_markdown=None fit_html=None extracted_content=None metadata=None error_message='Unexpected error in _crawl_web at line 570 in aprocess_html (../../.pyenv/versions/3.12.6/lib/python3.12/site-packages/crawl4ai/async_webcrawler.py):\nError: Process HTML, Failed to extract content from the website: https://gedu.global/bsc-in-international-business/, error: \'NoneType\' object has no attribute \'find_all\'\n\nCode context:\n 565                       raise ValueError(f"Process HTML, Failed to extract content from the website: {url}")\n 566   \n 567               except InvalidCSSSelectorError as e:\n 568                   raise ValueError(str(e))\n 569               except Exception as e:\n 570 →                 raise ValueError(f"Process HTML, Failed to extract content from the website: {url}, error: {str(e)}")\n 571   \n 572   \n 573   \n 574               # Extract results\n 575               cleaned_html = sanitize_input_encode(result.get("cleaned_html", ""))' session_id=None response_headers=None status_code=None ssl_certificate=None


Failed to crawl: https://gedu.global/ba-hons-business-and-management-level-6-top-up/
Result: url='https://gedu.global/ba-hons-business-and-management-level-6-top-up/' html='' success=False cleaned_html=None media={} links={} downloaded_files=None screenshot=None pdf=None markdown=None markdown_v2=None fit_markdown=None fit_html=None extracted_content=None metadata=None error_message='Unexpected error in _crawl_web at line 528 in wrap_api_call (../../.pyenv/versions/3.12.6/lib/python3.12/site-packages/playwright/_impl/_connection.py):\nError: Page.content: Unable to retrieve content because the page is navigating and changing the content.\n\nCode context:\n 523           parsed_st = _extract_stack_trace_information_from_stack(st, is_internal)\n 524           self._api_zone.set(parsed_st)\n 525           try:\n 526               return await cb()\n 527           except Exception as error:\n 528 →             raise rewrite_error(error, f"{parsed_st[\'apiName\']}: {error}") from None\n 529           finally:\n 530               self._api_zone.set(None)\n 531   \n 532       def wrap_api_call_sync(\n 533           self, cb: Callable[[], Any], is_internal: bool = False' session_id=None response_headers=None status_code=None ssl_certificate=None


Failed to crawl: https://gedu.global/bachelor-en-management-applique-option-industries-creatives/
Result: url='https://gedu.global/bachelor-en-management-applique-option-industries-creatives/' html='' success=False cleaned_html=None media={} links={} downloaded_files=None screenshot=None pdf=None markdown=None markdown_v2=None fit_markdown=None fit_html=None extracted_content=None metadata=None error_message='Unexpected error in _crawl_web at line 528 in wrap_api_call (../../.pyenv/versions/3.12.6/lib/python3.12/site-packages/playwright/_impl/_connection.py):\nError: Page.content: Unable to retrieve content because the page is navigating and changing the content.\n\nCode context:\n 523           parsed_st = _extract_stack_trace_information_from_stack(st, is_internal)\n 524           self._api_zone.set(parsed_st)\n 525           try:\n 526               return await cb()\n 527           except Exception as error:\n 528 →             raise rewrite_error(error, f"{parsed_st[\'apiName\']}: {error}") from None\n 529           finally:\n 530               self._api_zone.set(None)\n 531   \n 532       def wrap_api_call_sync(\n 533           self, cb: Callable[[], Any], is_internal: bool = False' session_id=None response_headers=None status_code=None ssl_certificate=None


Failed to crawl: https://gedu.global/bachelor-en-management-applique-option-finance-et-economie/
Result: url='https://gedu.global/bachelor-en-management-applique-option-finance-et-economie/' html='' success=False cleaned_html=None media={} links={} downloaded_files=None screenshot=None pdf=None markdown=None markdown_v2=None fit_markdown=None fit_html=None extracted_content=None metadata=None error_message='Unexpected error in _crawl_web at line 570 in aprocess_html (../../.pyenv/versions/3.12.6/lib/python3.12/site-packages/crawl4ai/async_webcrawler.py):\nError: Process HTML, Failed to extract content from the website: https://gedu.global/bachelor-en-management-applique-option-finance-et-economie/, error: \'NoneType\' object has no attribute \'find_all\'\n\nCode context:\n 565                       raise ValueError(f"Process HTML, Failed to extract content from the website: {url}")\n 566   \n 567               except InvalidCSSSelectorError as e:\n 568                   raise ValueError(str(e))\n 569               except Exception as e:\n 570 →                 raise ValueError(f"Process HTML, Failed to extract content from the website: {url}, error: {str(e)}")\n 571   \n 572   \n 573   \n 574               # Extract results\n 575               cleaned_html = sanitize_input_encode(result.get("cleaned_html", ""))' session_id=None response_headers=None status_code=None ssl_certificate=None


Failed to crawl: https://gedu.global/ba-hons-global-business-business-management-with-foundation-year/
Result: url='https://gedu.global/ba-hons-global-business-business-management-with-foundation-year/' html='' success=False cleaned_html=None media={} links={} downloaded_files=None screenshot=None pdf=None markdown=None markdown_v2=None fit_markdown=None fit_html=None extracted_content=None metadata=None error_message='Unexpected error in _crawl_web at line 570 in aprocess_html (../../.pyenv/versions/3.12.6/lib/python3.12/site-packages/crawl4ai/async_webcrawler.py):\nError: Process HTML, Failed to extract content from the website: https://gedu.global/ba-hons-global-business-business-management-with-foundation-year/, error: \'NoneType\' object has no attribute \'find_all\'\n\nCode context:\n 565                       raise ValueError(f"Process HTML, Failed to extract content from the website: {url}")\n 566   \n 567               except InvalidCSSSelectorError as e:\n 568                   raise ValueError(str(e))\n 569               except Exception as e:\n 570 →                 raise ValueError(f"Process HTML, Failed to extract content from the website: {url}, error: {str(e)}")\n 571   \n 572   \n 573   \n 574               # Extract results\n 575               cleaned_html = sanitize_input_encode(result.get("cleaned_html", ""))' session_id=None response_headers=None status_code=None ssl_certificate=None


Failed to crawl: https://gedu.global/bsc-in-compter-science/
Result: url='https://gedu.global/bsc-in-compter-science/' html='' success=False cleaned_html=None media={} links={} downloaded_files=None screenshot=None pdf=None markdown=None markdown_v2=None fit_markdown=None fit_html=None extracted_content=None metadata=None error_message='Unexpected error in _crawl_web at line 570 in aprocess_html (../../.pyenv/versions/3.12.6/lib/python3.12/site-packages/crawl4ai/async_webcrawler.py):\nError: Process HTML, Failed to extract content from the website: https://gedu.global/bsc-in-compter-science/, error: \'NoneType\' object has no attribute \'find_all\'\n\nCode context:\n 565                       raise ValueError(f"Process HTML, Failed to extract content from the website: {url}")\n 566   \n 567               except InvalidCSSSelectorError as e:\n 568                   raise ValueError(str(e))\n 569               except Exception as e:\n 570 →                 raise ValueError(f"Process HTML, Failed to extract content from the website: {url}, error: {str(e)}")\n 571   \n 572   \n 573   \n 574               # Extract results\n 575               cleaned_html = sanitize_input_encode(result.get("cleaned_html", ""))' session_id=None response_headers=None status_code=None ssl_certificate=None


Failed to crawl: https://gedu.global/bachelor-en-management-applique-option-droit-des-affaires/
Result: url='https://gedu.global/bachelor-en-management-applique-option-droit-des-affaires/' html='' success=False cleaned_html=None media={} links={} downloaded_files=None screenshot=None pdf=None markdown=None markdown_v2=None fit_markdown=None fit_html=None extracted_content=None metadata=None error_message='Unexpected error in _crawl_web at line 528 in wrap_api_call (../../.pyenv/versions/3.12.6/lib/python3.12/site-packages/playwright/_impl/_connection.py):\nError: Page.content: Unable to retrieve content because the page is navigating and changing the content.\n\nCode context:\n 523           parsed_st = _extract_stack_trace_information_from_stack(st, is_internal)\n 524           self._api_zone.set(parsed_st)\n 525           try:\n 526               return await cb()\n 527           except Exception as error:\n 528 →             raise rewrite_error(error, f"{parsed_st[\'apiName\']}: {error}") from None\n 529           finally:\n 530               self._api_zone.set(None)\n 531   \n 532       def wrap_api_call_sync(\n 533           self, cb: Callable[[], Any], is_internal: bool = False' session_id=None response_headers=None status_code=None ssl_certificate=None


Failed to crawl: https://gedu.global/international-extended-diploma-in-business-level-3-2/
Result: url='https://gedu.global/international-extended-diploma-in-business-level-3-2/' html='' success=False cleaned_html=None media={} links={} downloaded_files=None screenshot=None pdf=None markdown=None markdown_v2=None fit_markdown=None fit_html=None extracted_content=None metadata=None error_message='Unexpected error in _crawl_web at line 570 in aprocess_html (../../.pyenv/versions/3.12.6/lib/python3.12/site-packages/crawl4ai/async_webcrawler.py):\nError: Process HTML, Failed to extract content from the website: https://gedu.global/international-extended-diploma-in-business-level-3-2/, error: \'NoneType\' object has no attribute \'find_all\'\n\nCode context:\n 565                       raise ValueError(f"Process HTML, Failed to extract content from the website: {url}")\n 566   \n 567               except InvalidCSSSelectorError as e:\n 568                   raise ValueError(str(e))\n 569               except Exception as e:\n 570 →                 raise ValueError(f"Process HTML, Failed to extract content from the website: {url}, error: {str(e)}")\n 571   \n 572   \n 573   \n 574               # Extract results\n 575               cleaned_html = sanitize_input_encode(result.get("cleaned_html", ""))' session_id=None response_headers=None status_code=None ssl_certificate=None


Failed to crawl: https://gedu.global/international-extended-diploma-in-business-level-3-online/
Result: url='https://gedu.global/international-extended-diploma-in-business-level-3-online/' html='' success=False cleaned_html=None media={} links={} downloaded_files=None screenshot=None pdf=None markdown=None markdown_v2=None fit_markdown=None fit_html=None extracted_content=None metadata=None error_message='Unexpected error in _crawl_web at line 528 in wrap_api_call (../../.pyenv/versions/3.12.6/lib/python3.12/site-packages/playwright/_impl/_connection.py):\nError: Page.content: Unable to retrieve content because the page is navigating and changing the content.\n\nCode context:\n 523           parsed_st = _extract_stack_trace_information_from_stack(st, is_internal)\n 524           self._api_zone.set(parsed_st)\n 525           try:\n 526               return await cb()\n 527           except Exception as error:\n 528 →             raise rewrite_error(error, f"{parsed_st[\'apiName\']}: {error}") from None\n 529           finally:\n 530               self._api_zone.set(None)\n 531   \n 532       def wrap_api_call_sync(\n 533           self, cb: Callable[[], Any], is_internal: bool = False' session_id=None response_headers=None status_code=None ssl_certificate=None


Failed to crawl: https://gedu.global/diploma-in-education-training-level-5/
Result: url='https://gedu.global/diploma-in-education-training-level-5/' html='' success=False cleaned_html=None media={} links={} downloaded_files=None screenshot=None pdf=None markdown=None markdown_v2=None fit_markdown=None fit_html=None extracted_content=None metadata=None error_message='Unexpected error in _crawl_web at line 528 in wrap_api_call (../../.pyenv/versions/3.12.6/lib/python3.12/site-packages/playwright/_impl/_connection.py):\nError: Page.content: Unable to retrieve content because the page is navigating and changing the content.\n\nCode context:\n 523           parsed_st = _extract_stack_trace_information_from_stack(st, is_internal)\n 524           self._api_zone.set(parsed_st)\n 525           try:\n 526               return await cb()\n 527           except Exception as error:\n 528 →             raise rewrite_error(error, f"{parsed_st[\'apiName\']}: {error}") from None\n 529           finally:\n 530               self._api_zone.set(None)\n 531   \n 532       def wrap_api_call_sync(\n 533           self, cb: Callable[[], Any], is_internal: bool = False' session_id=None response_headers=None status_code=None ssl_certificate=None


Failed to crawl: https://gedu.global/international-extended-diploma-in-it-level-3/
Result: url='https://gedu.global/international-extended-diploma-in-it-level-3/' html='' success=False cleaned_html=None media={} links={} downloaded_files=None screenshot=None pdf=None markdown=None markdown_v2=None fit_markdown=None fit_html=None extracted_content=None metadata=None error_message='Unexpected error in _crawl_web at line 570 in aprocess_html (../../.pyenv/versions/3.12.6/lib/python3.12/site-packages/crawl4ai/async_webcrawler.py):\nError: Process HTML, Failed to extract content from the website: https://gedu.global/international-extended-diploma-in-it-level-3/, error: \'NoneType\' object has no attribute \'find_all\'\n\nCode context:\n 565                       raise ValueError(f"Process HTML, Failed to extract content from the website: {url}")\n 566   \n 567               except InvalidCSSSelectorError as e:\n 568                   raise ValueError(str(e))\n 569               except Exception as e:\n 570 →                 raise ValueError(f"Process HTML, Failed to extract content from the website: {url}, error: {str(e)}")\n 571   \n 572   \n 573   \n 574               # Extract results\n 575               cleaned_html = sanitize_input_encode(result.get("cleaned_html", ""))' session_id=None response_headers=None status_code=None ssl_certificate=None


Failed to crawl: https://gedu.global/international-extended-diploma-in-business-level-3/
Result: url='https://gedu.global/international-extended-diploma-in-business-level-3/' html='' success=False cleaned_html=None media={} links={} downloaded_files=None screenshot=None pdf=None markdown=None markdown_v2=None fit_markdown=None fit_html=None extracted_content=None metadata=None error_message='Unexpected error in _crawl_web at line 528 in wrap_api_call (../../.pyenv/versions/3.12.6/lib/python3.12/site-packages/playwright/_impl/_connection.py):\nError: Page.content: Unable to retrieve content because the page is navigating and changing the content.\n\nCode context:\n 523           parsed_st = _extract_stack_trace_information_from_stack(st, is_internal)\n 524           self._api_zone.set(parsed_st)\n 525           try:\n 526               return await cb()\n 527           except Exception as error:\n 528 →             raise rewrite_error(error, f"{parsed_st[\'apiName\']}: {error}") from None\n 529           finally:\n 530               self._api_zone.set(None)\n 531   \n 532       def wrap_api_call_sync(\n 533           self, cb: Callable[[], Any], is_internal: bool = False' session_id=None response_headers=None status_code=None ssl_certificate=None


Failed to crawl: https://gedu.global/international-diploma-in-business-level-2/
Result: url='https://gedu.global/international-diploma-in-business-level-2/' html='' success=False cleaned_html=None media={} links={} downloaded_files=None screenshot=None pdf=None markdown=None markdown_v2=None fit_markdown=None fit_html=None extracted_content=None metadata=None error_message='Unexpected error in _crawl_web at line 528 in wrap_api_call (../../.pyenv/versions/3.12.6/lib/python3.12/site-packages/playwright/_impl/_connection.py):\nError: Page.content: Unable to retrieve content because the page is navigating and changing the content.\n\nCode context:\n 523           parsed_st = _extract_stack_trace_information_from_stack(st, is_internal)\n 524           self._api_zone.set(parsed_st)\n 525           try:\n 526               return await cb()\n 527           except Exception as error:\n 528 →             raise rewrite_error(error, f"{parsed_st[\'apiName\']}: {error}") from None\n 529           finally:\n 530               self._api_zone.set(None)\n 531   \n 532       def wrap_api_call_sync(\n 533           self, cb: Callable[[], Any], is_internal: bool = False' session_id=None response_headers=None status_code=None ssl_certificate=None


Failed to crawl: https://gedu.global/semi-intensice-french/
Result: url='https://gedu.global/semi-intensice-french/' html='' success=False cleaned_html=None media={} links={} downloaded_files=None screenshot=None pdf=None markdown=None markdown_v2=None fit_markdown=None fit_html=None extracted_content=None metadata=None error_message='Unexpected error in _crawl_web at line 570 in aprocess_html (../../.pyenv/versions/3.12.6/lib/python3.12/site-packages/crawl4ai/async_webcrawler.py):\nError: Process HTML, Failed to extract content from the website: https://gedu.global/semi-intensice-french/, error: \'NoneType\' object has no attribute \'find_all\'\n\nCode context:\n 565                       raise ValueError(f"Process HTML, Failed to extract content from the website: {url}")\n 566   \n 567               except InvalidCSSSelectorError as e:\n 568                   raise ValueError(str(e))\n 569               except Exception as e:\n 570 →                 raise ValueError(f"Process HTML, Failed to extract content from the website: {url}, error: {str(e)}")\n 571   \n 572   \n 573   \n 574               # Extract results\n 575               cleaned_html = sanitize_input_encode(result.get("cleaned_html", ""))' session_id=None response_headers=None status_code=None ssl_certificate=None


Failed to crawl: https://gedu.global/general-french-classic/
Result: url='https://gedu.global/general-french-classic/' html='' success=False cleaned_html=None media={} links={} downloaded_files=None screenshot=None pdf=None markdown=None markdown_v2=None fit_markdown=None fit_html=None extracted_content=None metadata=None error_message='Unexpected error in _crawl_web at line 528 in wrap_api_call (../../.pyenv/versions/3.12.6/lib/python3.12/site-packages/playwright/_impl/_connection.py):\nError: Page.content: Unable to retrieve content because the page is navigating and changing the content.\n\nCode context:\n 523           parsed_st = _extract_stack_trace_information_from_stack(st, is_internal)\n 524           self._api_zone.set(parsed_st)\n 525           try:\n 526               return await cb()\n 527           except Exception as error:\n 528 →             raise rewrite_error(error, f"{parsed_st[\'apiName\']}: {error}") from None\n 529           finally:\n 530               self._api_zone.set(None)\n 531   \n 532       def wrap_api_call_sync(\n 533           self, cb: Callable[[], Any], is_internal: bool = False' session_id=None response_headers=None status_code=None ssl_certificate=None


Failed to crawl: https://gedu.global/mastere-en-management-applique-option-finance/
Result: url='https://gedu.global/mastere-en-management-applique-option-finance/' html='' success=False cleaned_html=None media={} links={} downloaded_files=None screenshot=None pdf=None markdown=None markdown_v2=None fit_markdown=None fit_html=None extracted_content=None metadata=None error_message='Unexpected error in _crawl_web at line 528 in wrap_api_call (../../.pyenv/versions/3.12.6/lib/python3.12/site-packages/playwright/_impl/_connection.py):\nError: Page.content: Unable to retrieve content because the page is navigating and changing the content.\n\nCode context:\n 523           parsed_st = _extract_stack_trace_information_from_stack(st, is_internal)\n 524           self._api_zone.set(parsed_st)\n 525           try:\n 526               return await cb()\n 527           except Exception as error:\n 528 →             raise rewrite_error(error, f"{parsed_st[\'apiName\']}: {error}") from None\n 529           finally:\n 530               self._api_zone.set(None)\n 531   \n 532       def wrap_api_call_sync(\n 533           self, cb: Callable[[], Any], is_internal: bool = False' session_id=None response_headers=None status_code=None ssl_certificate=None


Failed to crawl: https://gedu.global/mastere-en-management-applique-option-droit-des-affaires/
Result: url='https://gedu.global/mastere-en-management-applique-option-droit-des-affaires/' html='' success=False cleaned_html=None media={} links={} downloaded_files=None screenshot=None pdf=None markdown=None markdown_v2=None fit_markdown=None fit_html=None extracted_content=None metadata=None error_message='Unexpected error in _crawl_web at line 528 in wrap_api_call (../../.pyenv/versions/3.12.6/lib/python3.12/site-packages/playwright/_impl/_connection.py):\nError: Page.content: Unable to retrieve content because the page is navigating and changing the content.\n\nCode context:\n 523           parsed_st = _extract_stack_trace_information_from_stack(st, is_internal)\n 524           self._api_zone.set(parsed_st)\n 525           try:\n 526               return await cb()\n 527           except Exception as error:\n 528 →             raise rewrite_error(error, f"{parsed_st[\'apiName\']}: {error}") from None\n 529           finally:\n 530               self._api_zone.set(None)\n 531   \n 532       def wrap_api_call_sync(\n 533           self, cb: Callable[[], Any], is_internal: bool = False' session_id=None response_headers=None status_code=None ssl_certificate=None


Failed to crawl: https://gedu.global/global-investment-banking-analyst-4-weeks/
Result: url='https://gedu.global/global-investment-banking-analyst-4-weeks/' html='' success=False cleaned_html=None media={} links={} downloaded_files=None screenshot=None pdf=None markdown=None markdown_v2=None fit_markdown=None fit_html=None extracted_content=None metadata=None error_message='Unexpected error in _crawl_web at line 528 in wrap_api_call (../../.pyenv/versions/3.12.6/lib/python3.12/site-packages/playwright/_impl/_connection.py):\nError: Page.content: Unable to retrieve content because the page is navigating and changing the content.\n\nCode context:\n 523           parsed_st = _extract_stack_trace_information_from_stack(st, is_internal)\n 524           self._api_zone.set(parsed_st)\n 525           try:\n 526               return await cb()\n 527           except Exception as error:\n 528 →             raise rewrite_error(error, f"{parsed_st[\'apiName\']}: {error}") from None\n 529           finally:\n 530               self._api_zone.set(None)\n 531   \n 532       def wrap_api_call_sync(\n 533           self, cb: Callable[[], Any], is_internal: bool = False' session_id=None response_headers=None status_code=None ssl_certificate=None


Failed to crawl: https://gedu.global/level-3-information-tehcnology-study-skills/
Result: url='https://gedu.global/level-3-information-tehcnology-study-skills/' html='' success=False cleaned_html=None media={} links={} downloaded_files=None screenshot=None pdf=None markdown=None markdown_v2=None fit_markdown=None fit_html=None extracted_content=None metadata=None error_message='Unexpected error in _crawl_web at line 528 in wrap_api_call (../../.pyenv/versions/3.12.6/lib/python3.12/site-packages/playwright/_impl/_connection.py):\nError: Page.content: Unable to retrieve content because the page is navigating and changing the content.\n\nCode context:\n 523           parsed_st = _extract_stack_trace_information_from_stack(st, is_internal)\n 524           self._api_zone.set(parsed_st)\n 525           try:\n 526               return await cb()\n 527           except Exception as error:\n 528 →             raise rewrite_error(error, f"{parsed_st[\'apiName\']}: {error}") from None\n 529           finally:\n 530               self._api_zone.set(None)\n 531   \n 532       def wrap_api_call_sync(\n 533           self, cb: Callable[[], Any], is_internal: bool = False' session_id=None response_headers=None status_code=None ssl_certificate=None


Failed to crawl: https://gedu.global/level-3-business-management-study-skills/
Result: url='https://gedu.global/level-3-business-management-study-skills/' html='' success=False cleaned_html=None media={} links={} downloaded_files=None screenshot=None pdf=None markdown=None markdown_v2=None fit_markdown=None fit_html=None extracted_content=None metadata=None error_message='Unexpected error in _crawl_web at line 528 in wrap_api_call (../../.pyenv/versions/3.12.6/lib/python3.12/site-packages/playwright/_impl/_connection.py):\nError: Page.content: Unable to retrieve content because the page is navigating and changing the content.\n\nCode context:\n 523           parsed_st = _extract_stack_trace_information_from_stack(st, is_internal)\n 524           self._api_zone.set(parsed_st)\n 525           try:\n 526               return await cb()\n 527           except Exception as error:\n 528 →             raise rewrite_error(error, f"{parsed_st[\'apiName\']}: {error}") from None\n 529           finally:\n 530               self._api_zone.set(None)\n 531   \n 532       def wrap_api_call_sync(\n 533           self, cb: Callable[[], Any], is_internal: bool = False' session_id=None response_headers=None status_code=None ssl_certificate=None


Failed to crawl: https://gedu.global/level-3-in-internation-business/
Result: url='https://gedu.global/level-3-in-internation-business/' html='' success=False cleaned_html=None media={} links={} downloaded_files=None screenshot=None pdf=None markdown=None markdown_v2=None fit_markdown=None fit_html=None extracted_content=None metadata=None error_message='Unexpected error in _crawl_web at line 528 in wrap_api_call (../../.pyenv/versions/3.12.6/lib/python3.12/site-packages/playwright/_impl/_connection.py):\nError: Page.content: Unable to retrieve content because the page is navigating and changing the content.\n\nCode context:\n 523           parsed_st = _extract_stack_trace_information_from_stack(st, is_internal)\n 524           self._api_zone.set(parsed_st)\n 525           try:\n 526               return await cb()\n 527           except Exception as error:\n 528 →             raise rewrite_error(error, f"{parsed_st[\'apiName\']}: {error}") from None\n 529           finally:\n 530               self._api_zone.set(None)\n 531   \n 532       def wrap_api_call_sync(\n 533           self, cb: Callable[[], Any], is_internal: bool = False' session_id=None response_headers=None status_code=None ssl_certificate=None


Failed to crawl: https://gedu.global/bsc-hons-global-sustainable-development/
Result: url='https://gedu.global/bsc-hons-global-sustainable-development/' html='' success=False cleaned_html=None media={} links={} downloaded_files=None screenshot=None pdf=None markdown=None markdown_v2=None fit_markdown=None fit_html=None extracted_content=None metadata=None error_message='Unexpected error in _crawl_web at line 528 in wrap_api_call (../../.pyenv/versions/3.12.6/lib/python3.12/site-packages/playwright/_impl/_connection.py):\nError: Page.content: Unable to retrieve content because the page is navigating and changing the content.\n\nCode context:\n 523           parsed_st = _extract_stack_trace_information_from_stack(st, is_internal)\n 524           self._api_zone.set(parsed_st)\n 525           try:\n 526               return await cb()\n 527           except Exception as error:\n 528 →             raise rewrite_error(error, f"{parsed_st[\'apiName\']}: {error}") from None\n 529           finally:\n 530               self._api_zone.set(None)\n 531   \n 532       def wrap_api_call_sync(\n 533           self, cb: Callable[[], Any], is_internal: bool = False' session_id=None response_headers=None status_code=None ssl_certificate=None


Failed to crawl: https://gedu.global/bsc-hons-business-tourism-management/
Result: url='https://gedu.global/bsc-hons-business-tourism-management/' html='' success=False cleaned_html=None media={} links={} downloaded_files=None screenshot=None pdf=None markdown=None markdown_v2=None fit_markdown=None fit_html=None extracted_content=None metadata=None error_message='Unexpected error in _crawl_web at line 528 in wrap_api_call (../../.pyenv/versions/3.12.6/lib/python3.12/site-packages/playwright/_impl/_connection.py):\nError: Page.content: Unable to retrieve content because the page is navigating and changing the content.\n\nCode context:\n 523           parsed_st = _extract_stack_trace_information_from_stack(st, is_internal)\n 524           self._api_zone.set(parsed_st)\n 525           try:\n 526               return await cb()\n 527           except Exception as error:\n 528 →             raise rewrite_error(error, f"{parsed_st[\'apiName\']}: {error}") from None\n 529           finally:\n 530               self._api_zone.set(None)\n 531   \n 532       def wrap_api_call_sync(\n 533           self, cb: Callable[[], Any], is_internal: bool = False' session_id=None response_headers=None status_code=None ssl_certificate=None


Failed to crawl: https://gedu.global/master-of-business-administration-mba/
Result: url='https://gedu.global/master-of-business-administration-mba/' html='' success=False cleaned_html=None media={} links={} downloaded_files=None screenshot=None pdf=None markdown=None markdown_v2=None fit_markdown=None fit_html=None extracted_content=None metadata=None error_message='Unexpected error in _crawl_web at line 570 in aprocess_html (../../.pyenv/versions/3.12.6/lib/python3.12/site-packages/crawl4ai/async_webcrawler.py):\nError: Process HTML, Failed to extract content from the website: https://gedu.global/master-of-business-administration-mba/, error: \'NoneType\' object has no attribute \'find_all\'\n\nCode context:\n 565                       raise ValueError(f"Process HTML, Failed to extract content from the website: {url}")\n 566   \n 567               except InvalidCSSSelectorError as e:\n 568                   raise ValueError(str(e))\n 569               except Exception as e:\n 570 →                 raise ValueError(f"Process HTML, Failed to extract content from the website: {url}, error: {str(e)}")\n 571   \n 572   \n 573   \n 574               # Extract results\n 575               cleaned_html = sanitize_input_encode(result.get("cleaned_html", ""))' session_id=None response_headers=None status_code=None ssl_certificate=None


Failed to crawl: https://gedu.global/bsc-hons-accounting-financial-management/
Result: url='https://gedu.global/bsc-hons-accounting-financial-management/' html='' success=False cleaned_html=None media={} links={} downloaded_files=None screenshot=None pdf=None markdown=None markdown_v2=None fit_markdown=None fit_html=None extracted_content=None metadata=None error_message='Unexpected error in _crawl_web at line 528 in wrap_api_call (../../.pyenv/versions/3.12.6/lib/python3.12/site-packages/playwright/_impl/_connection.py):\nError: Page.content: Unable to retrieve content because the page is navigating and changing the content.\n\nCode context:\n 523           parsed_st = _extract_stack_trace_information_from_stack(st, is_internal)\n 524           self._api_zone.set(parsed_st)\n 525           try:\n 526               return await cb()\n 527           except Exception as error:\n 528 →             raise rewrite_error(error, f"{parsed_st[\'apiName\']}: {error}") from None\n 529           finally:\n 530               self._api_zone.set(None)\n 531   \n 532       def wrap_api_call_sync(\n 533           self, cb: Callable[[], Any], is_internal: bool = False' session_id=None response_headers=None status_code=None ssl_certificate=None


Failed to crawl: https://gedu.global/association-of-chartered-certified-accountants-acca-programme/
Result: url='https://gedu.global/association-of-chartered-certified-accountants-acca-programme/' html='' success=False cleaned_html=None media={} links={} downloaded_files=None screenshot=None pdf=None markdown=None markdown_v2=None fit_markdown=None fit_html=None extracted_content=None metadata=None error_message='Unexpected error in _crawl_web at line 570 in aprocess_html (../../.pyenv/versions/3.12.6/lib/python3.12/site-packages/crawl4ai/async_webcrawler.py):\nError: Process HTML, Failed to extract content from the website: https://gedu.global/association-of-chartered-certified-accountants-acca-programme/, error: \'NoneType\' object has no attribute \'find_all\'\n\nCode context:\n 565                       raise ValueError(f"Process HTML, Failed to extract content from the website: {url}")\n 566   \n 567               except InvalidCSSSelectorError as e:\n 568                   raise ValueError(str(e))\n 569               except Exception as e:\n 570 →                 raise ValueError(f"Process HTML, Failed to extract content from the website: {url}, error: {str(e)}")\n 571   \n 572   \n 573   \n 574               # Extract results\n 575               cleaned_html = sanitize_input_encode(result.get("cleaned_html", ""))' session_id=None response_headers=None status_code=None ssl_certificate=None


Failed to crawl: https://gedu.global/global-sustainable-development-access-course/
Result: url='https://gedu.global/global-sustainable-development-access-course/' html='' success=False cleaned_html=None media={} links={} downloaded_files=None screenshot=None pdf=None markdown=None markdown_v2=None fit_markdown=None fit_html=None extracted_content=None metadata=None error_message='Unexpected error in _crawl_web at line 570 in aprocess_html (../../.pyenv/versions/3.12.6/lib/python3.12/site-packages/crawl4ai/async_webcrawler.py):\nError: Process HTML, Failed to extract content from the website: https://gedu.global/global-sustainable-development-access-course/, error: \'NoneType\' object has no attribute \'find_all\'\n\nCode context:\n 565                       raise ValueError(f"Process HTML, Failed to extract content from the website: {url}")\n 566   \n 567               except InvalidCSSSelectorError as e:\n 568                   raise ValueError(str(e))\n 569               except Exception as e:\n 570 →                 raise ValueError(f"Process HTML, Failed to extract content from the website: {url}, error: {str(e)}")\n 571   \n 572   \n 573   \n 574               # Extract results\n 575               cleaned_html = sanitize_input_encode(result.get("cleaned_html", ""))' session_id=None response_headers=None status_code=None ssl_certificate=None


Failed to crawl: https://gedu.global/msc-global-business/
Result: url='https://gedu.global/msc-global-business/' html='' success=False cleaned_html=None media={} links={} downloaded_files=None screenshot=None pdf=None markdown=None markdown_v2=None fit_markdown=None fit_html=None extracted_content=None metadata=None error_message='Unexpected error in _crawl_web at line 570 in aprocess_html (../../.pyenv/versions/3.12.6/lib/python3.12/site-packages/crawl4ai/async_webcrawler.py):\nError: Process HTML, Failed to extract content from the website: https://gedu.global/msc-global-business/, error: \'NoneType\' object has no attribute \'find_all\'\n\nCode context:\n 565                       raise ValueError(f"Process HTML, Failed to extract content from the website: {url}")\n 566   \n 567               except InvalidCSSSelectorError as e:\n 568                   raise ValueError(str(e))\n 569               except Exception as e:\n 570 →                 raise ValueError(f"Process HTML, Failed to extract content from the website: {url}, error: {str(e)}")\n 571   \n 572   \n 573   \n 574               # Extract results\n 575               cleaned_html = sanitize_input_encode(result.get("cleaned_html", ""))' session_id=None response_headers=None status_code=None ssl_certificate=None


Failed to crawl: https://gedu.global/msc-audit-and-compliance/
Result: url='https://gedu.global/msc-audit-and-compliance/' html='' success=False cleaned_html=None media={} links={} downloaded_files=None screenshot=None pdf=None markdown=None markdown_v2=None fit_markdown=None fit_html=None extracted_content=None metadata=None error_message='Unexpected error in _crawl_web at line 570 in aprocess_html (../../.pyenv/versions/3.12.6/lib/python3.12/site-packages/crawl4ai/async_webcrawler.py):\nError: Process HTML, Failed to extract content from the website: https://gedu.global/msc-audit-and-compliance/, error: \'NoneType\' object has no attribute \'find_all\'\n\nCode context:\n 565                       raise ValueError(f"Process HTML, Failed to extract content from the website: {url}")\n 566   \n 567               except InvalidCSSSelectorError as e:\n 568                   raise ValueError(str(e))\n 569               except Exception as e:\n 570 →                 raise ValueError(f"Process HTML, Failed to extract content from the website: {url}, error: {str(e)}")\n 571   \n 572   \n 573   \n 574               # Extract results\n 575               cleaned_html = sanitize_input_encode(result.get("cleaned_html", ""))' session_id=None response_headers=None status_code=None ssl_certificate=None


Failed to crawl: https://gedu.global/joint-master-degree-msc-in-international-management-miex/
Result: url='https://gedu.global/joint-master-degree-msc-in-international-management-miex/' html='' success=False cleaned_html=None media={} links={} downloaded_files=None screenshot=None pdf=None markdown=None markdown_v2=None fit_markdown=None fit_html=None extracted_content=None metadata=None error_message='Unexpected error in _crawl_web at line 528 in wrap_api_call (../../.pyenv/versions/3.12.6/lib/python3.12/site-packages/playwright/_impl/_connection.py):\nError: Page.content: Unable to retrieve content because the page is navigating and changing the content.\n\nCode context:\n 523           parsed_st = _extract_stack_trace_information_from_stack(st, is_internal)\n 524           self._api_zone.set(parsed_st)\n 525           try:\n 526               return await cb()\n 527           except Exception as error:\n 528 →             raise rewrite_error(error, f"{parsed_st[\'apiName\']}: {error}") from None\n 529           finally:\n 530               self._api_zone.set(None)\n 531   \n 532       def wrap_api_call_sync(\n 533           self, cb: Callable[[], Any], is_internal: bool = False' session_id=None response_headers=None status_code=None ssl_certificate=None


Failed to crawl: https://gedu.global/msc-in-international-business-development/
Result: url='https://gedu.global/msc-in-international-business-development/' html='' success=False cleaned_html=None media={} links={} downloaded_files=None screenshot=None pdf=None markdown=None markdown_v2=None fit_markdown=None fit_html=None extracted_content=None metadata=None error_message='Unexpected error in _crawl_web at line 528 in wrap_api_call (../../.pyenv/versions/3.12.6/lib/python3.12/site-packages/playwright/_impl/_connection.py):\nError: Page.content: Unable to retrieve content because the page is navigating and changing the content.\n\nCode context:\n 523           parsed_st = _extract_stack_trace_information_from_stack(st, is_internal)\n 524           self._api_zone.set(parsed_st)\n 525           try:\n 526               return await cb()\n 527           except Exception as error:\n 528 →             raise rewrite_error(error, f"{parsed_st[\'apiName\']}: {error}") from None\n 529           finally:\n 530               self._api_zone.set(None)\n 531   \n 532       def wrap_api_call_sync(\n 533           self, cb: Callable[[], Any], is_internal: bool = False' session_id=None response_headers=None status_code=None ssl_certificate=None


Failed to crawl: https://gedu.global/dba-doctorate-in-business-administration/
Result: url='https://gedu.global/dba-doctorate-in-business-administration/' html='' success=False cleaned_html=None media={} links={} downloaded_files=None screenshot=None pdf=None markdown=None markdown_v2=None fit_markdown=None fit_html=None extracted_content=None metadata=None error_message='Unexpected error in _crawl_web at line 528 in wrap_api_call (../../.pyenv/versions/3.12.6/lib/python3.12/site-packages/playwright/_impl/_connection.py):\nError: Page.content: Unable to retrieve content because the page is navigating and changing the content.\n\nCode context:\n 523           parsed_st = _extract_stack_trace_information_from_stack(st, is_internal)\n 524           self._api_zone.set(parsed_st)\n 525           try:\n 526               return await cb()\n 527           except Exception as error:\n 528 →             raise rewrite_error(error, f"{parsed_st[\'apiName\']}: {error}") from None\n 529           finally:\n 530               self._api_zone.set(None)\n 531   \n 532       def wrap_api_call_sync(\n 533           self, cb: Callable[[], Any], is_internal: bool = False' session_id=None response_headers=None status_code=None ssl_certificate=None


Failed to crawl: https://gedu.global/msc-digital-marketing/
Result: url='https://gedu.global/msc-digital-marketing/' html='' success=False cleaned_html=None media={} links={} downloaded_files=None screenshot=None pdf=None markdown=None markdown_v2=None fit_markdown=None fit_html=None extracted_content=None metadata=None error_message='Unexpected error in _crawl_web at line 528 in wrap_api_call (../../.pyenv/versions/3.12.6/lib/python3.12/site-packages/playwright/_impl/_connection.py):\nError: Page.content: Unable to retrieve content because the page is navigating and changing the content.\n\nCode context:\n 523           parsed_st = _extract_stack_trace_information_from_stack(st, is_internal)\n 524           self._api_zone.set(parsed_st)\n 525           try:\n 526               return await cb()\n 527           except Exception as error:\n 528 →             raise rewrite_error(error, f"{parsed_st[\'apiName\']}: {error}") from None\n 529           finally:\n 530               self._api_zone.set(None)\n 531   \n 532       def wrap_api_call_sync(\n 533           self, cb: Callable[[], Any], is_internal: bool = False' session_id=None response_headers=None status_code=None ssl_certificate=None


Failed to crawl: https://gedu.global/msc-finance-and-risk-management/
Result: url='https://gedu.global/msc-finance-and-risk-management/' html='' success=False cleaned_html=None media={} links={} downloaded_files=None screenshot=None pdf=None markdown=None markdown_v2=None fit_markdown=None fit_html=None extracted_content=None metadata=None error_message='Unexpected error in _crawl_web at line 528 in wrap_api_call (../../.pyenv/versions/3.12.6/lib/python3.12/site-packages/playwright/_impl/_connection.py):\nError: Page.content: Unable to retrieve content because the page is navigating and changing the content.\n\nCode context:\n 523           parsed_st = _extract_stack_trace_information_from_stack(st, is_internal)\n 524           self._api_zone.set(parsed_st)\n 525           try:\n 526               return await cb()\n 527           except Exception as error:\n 528 →             raise rewrite_error(error, f"{parsed_st[\'apiName\']}: {error}") from None\n 529           finally:\n 530               self._api_zone.set(None)\n 531   \n 532       def wrap_api_call_sync(\n 533           self, cb: Callable[[], Any], is_internal: bool = False' session_id=None response_headers=None status_code=None ssl_certificate=None


Failed to crawl: https://gedu.global/msc-marketing-and-product-innovation/
Result: url='https://gedu.global/msc-marketing-and-product-innovation/' html='' success=False cleaned_html=None media={} links={} downloaded_files=None screenshot=None pdf=None markdown=None markdown_v2=None fit_markdown=None fit_html=None extracted_content=None metadata=None error_message='Unexpected error in _crawl_web at line 528 in wrap_api_call (../../.pyenv/versions/3.12.6/lib/python3.12/site-packages/playwright/_impl/_connection.py):\nError: Page.content: Unable to retrieve content because the page is navigating and changing the content.\n\nCode context:\n 523           parsed_st = _extract_stack_trace_information_from_stack(st, is_internal)\n 524           self._api_zone.set(parsed_st)\n 525           try:\n 526               return await cb()\n 527           except Exception as error:\n 528 →             raise rewrite_error(error, f"{parsed_st[\'apiName\']}: {error}") from None\n 529           finally:\n 530               self._api_zone.set(None)\n 531   \n 532       def wrap_api_call_sync(\n 533           self, cb: Callable[[], Any], is_internal: bool = False' session_id=None response_headers=None status_code=None ssl_certificate=None


Failed to crawl: https://gedu.global/msc-corporate-finance/
Result: url='https://gedu.global/msc-corporate-finance/' html='' success=False cleaned_html=None media={} links={} downloaded_files=None screenshot=None pdf=None markdown=None markdown_v2=None fit_markdown=None fit_html=None extracted_content=None metadata=None error_message='Unexpected error in _crawl_web at line 528 in wrap_api_call (../../.pyenv/versions/3.12.6/lib/python3.12/site-packages/playwright/_impl/_connection.py):\nError: Page.content: Unable to retrieve content because the page is navigating and changing the content.\n\nCode context:\n 523           parsed_st = _extract_stack_trace_information_from_stack(st, is_internal)\n 524           self._api_zone.set(parsed_st)\n 525           try:\n 526               return await cb()\n 527           except Exception as error:\n 528 →             raise rewrite_error(error, f"{parsed_st[\'apiName\']}: {error}") from None\n 529           finally:\n 530               self._api_zone.set(None)\n 531   \n 532       def wrap_api_call_sync(\n 533           self, cb: Callable[[], Any], is_internal: bool = False' session_id=None response_headers=None status_code=None ssl_certificate=None


Failed to crawl: https://gedu.global/bsc-hons-computer-science-and-information-technology/
Result: url='https://gedu.global/bsc-hons-computer-science-and-information-technology/' html='' success=False cleaned_html=None media={} links={} downloaded_files=None screenshot=None pdf=None markdown=None markdown_v2=None fit_markdown=None fit_html=None extracted_content=None metadata=None error_message='Unexpected error in _crawl_web at line 528 in wrap_api_call (../../.pyenv/versions/3.12.6/lib/python3.12/site-packages/playwright/_impl/_connection.py):\nError: Page.content: Unable to retrieve content because the page is navigating and changing the content.\n\nCode context:\n 523           parsed_st = _extract_stack_trace_information_from_stack(st, is_internal)\n 524           self._api_zone.set(parsed_st)\n 525           try:\n 526               return await cb()\n 527           except Exception as error:\n 528 →             raise rewrite_error(error, f"{parsed_st[\'apiName\']}: {error}") from None\n 529           finally:\n 530               self._api_zone.set(None)\n 531   \n 532       def wrap_api_call_sync(\n 533           self, cb: Callable[[], Any], is_internal: bool = False' session_id=None response_headers=None status_code=None ssl_certificate=None


Failed to crawl: https://gedu.global/
Result: url='https://gedu.global/' html='' success=False cleaned_html=None media={} links={} downloaded_files=None screenshot=None pdf=None markdown=None markdown_v2=None fit_markdown=None fit_html=None extracted_content=None metadata=None error_message='Unexpected error in _crawl_web at line 528 in wrap_api_call (../../.pyenv/versions/3.12.6/lib/python3.12/site-packages/playwright/_impl/_connection.py):\nError: Page.content: Unable to retrieve content because the page is navigating and changing the content.\n\nCode context:\n 523           parsed_st = _extract_stack_trace_information_from_stack(st, is_internal)\n 524           self._api_zone.set(parsed_st)\n 525           try:\n 526               return await cb()\n 527           except Exception as error:\n 528 →             raise rewrite_error(error, f"{parsed_st[\'apiName\']}: {error}") from None\n 529           finally:\n 530               self._api_zone.set(None)\n 531   \n 532       def wrap_api_call_sync(\n 533           self, cb: Callable[[], Any], is_internal: bool = False' session_id=None response_headers=None status_code=None ssl_certificate=None


Failed to crawl: https://gedu.global/study-destinations/
Result: url='https://gedu.global/study-destinations/' html='' success=False cleaned_html=None media={} links={} downloaded_files=None screenshot=None pdf=None markdown=None markdown_v2=None fit_markdown=None fit_html=None extracted_content=None metadata=None error_message='Unexpected error in _crawl_web at line 528 in wrap_api_call (../../.pyenv/versions/3.12.6/lib/python3.12/site-packages/playwright/_impl/_connection.py):\nError: Page.content: Unable to retrieve content because the page is navigating and changing the content.\n\nCode context:\n 523           parsed_st = _extract_stack_trace_information_from_stack(st, is_internal)\n 524           self._api_zone.set(parsed_st)\n 525           try:\n 526               return await cb()\n 527           except Exception as error:\n 528 →             raise rewrite_error(error, f"{parsed_st[\'apiName\']}: {error}") from None\n 529           finally:\n 530               self._api_zone.set(None)\n 531   \n 532       def wrap_api_call_sync(\n 533           self, cb: Callable[[], Any], is_internal: bool = False' session_id=None response_headers=None status_code=None ssl_certificate=None


Failed to crawl: https://gedu.global/studying-in-the-uk/
Result: url='https://gedu.global/studying-in-the-uk/' html='' success=False cleaned_html=None media={} links={} downloaded_files=None screenshot=None pdf=None markdown=None markdown_v2=None fit_markdown=None fit_html=None extracted_content=None metadata=None error_message='Unexpected error in _crawl_web at line 528 in wrap_api_call (../../.pyenv/versions/3.12.6/lib/python3.12/site-packages/playwright/_impl/_connection.py):\nError: Page.content: Unable to retrieve content because the page is navigating and changing the content.\n\nCode context:\n 523           parsed_st = _extract_stack_trace_information_from_stack(st, is_internal)\n 524           self._api_zone.set(parsed_st)\n 525           try:\n 526               return await cb()\n 527           except Exception as error:\n 528 →             raise rewrite_error(error, f"{parsed_st[\'apiName\']}: {error}") from None\n 529           finally:\n 530               self._api_zone.set(None)\n 531   \n 532       def wrap_api_call_sync(\n 533           self, cb: Callable[[], Any], is_internal: bool = False' session_id=None response_headers=None status_code=None ssl_certificate=None


Failed to crawl: https://gedu.global/explore-courses/
Result: url='https://gedu.global/explore-courses/' html='' success=False cleaned_html=None media={} links={} downloaded_files=None screenshot=None pdf=None markdown=None markdown_v2=None fit_markdown=None fit_html=None extracted_content=None metadata=None error_message='Unexpected error in _crawl_web at line 570 in aprocess_html (../../.pyenv/versions/3.12.6/lib/python3.12/site-packages/crawl4ai/async_webcrawler.py):\nError: Process HTML, Failed to extract content from the website: https://gedu.global/explore-courses/, error: \'NoneType\' object has no attribute \'find_all\'\n\nCode context:\n 565                       raise ValueError(f"Process HTML, Failed to extract content from the website: {url}")\n 566   \n 567               except InvalidCSSSelectorError as e:\n 568                   raise ValueError(str(e))\n 569               except Exception as e:\n 570 →                 raise ValueError(f"Process HTML, Failed to extract content from the website: {url}, error: {str(e)}")\n 571   \n 572   \n 573   \n 574               # Extract results\n 575               cleaned_html = sanitize_input_encode(result.get("cleaned_html", ""))' session_id=None response_headers=None status_code=None ssl_certificate=None


Failed to crawl: https://gedu.global/studying-in-france/
Result: url='https://gedu.global/studying-in-france/' html='' success=False cleaned_html=None media={} links={} downloaded_files=None screenshot=None pdf=None markdown=None markdown_v2=None fit_markdown=None fit_html=None extracted_content=None metadata=None error_message='Unexpected error in _crawl_web at line 570 in aprocess_html (../../.pyenv/versions/3.12.6/lib/python3.12/site-packages/crawl4ai/async_webcrawler.py):\nError: Process HTML, Failed to extract content from the website: https://gedu.global/studying-in-france/, error: \'NoneType\' object has no attribute \'find_all\'\n\nCode context:\n 565                       raise ValueError(f"Process HTML, Failed to extract content from the website: {url}")\n 566   \n 567               except InvalidCSSSelectorError as e:\n 568                   raise ValueError(str(e))\n 569               except Exception as e:\n 570 →                 raise ValueError(f"Process HTML, Failed to extract content from the website: {url}, error: {str(e)}")\n 571   \n 572   \n 573   \n 574               # Extract results\n 575               cleaned_html = sanitize_input_encode(result.get("cleaned_html", ""))' session_id=None response_headers=None status_code=None ssl_certificate=None


Failed to crawl: https://gedu.global/studying-in-germany/
Result: url='https://gedu.global/studying-in-germany/' html='' success=False cleaned_html=None media={} links={} downloaded_files=None screenshot=None pdf=None markdown=None markdown_v2=None fit_markdown=None fit_html=None extracted_content=None metadata=None error_message='Unexpected error in _crawl_web at line 570 in aprocess_html (../../.pyenv/versions/3.12.6/lib/python3.12/site-packages/crawl4ai/async_webcrawler.py):\nError: Process HTML, Failed to extract content from the website: https://gedu.global/studying-in-germany/, error: \'NoneType\' object has no attribute \'find_all\'\n\nCode context:\n 565                       raise ValueError(f"Process HTML, Failed to extract content from the website: {url}")\n 566   \n 567               except InvalidCSSSelectorError as e:\n 568                   raise ValueError(str(e))\n 569               except Exception as e:\n 570 →                 raise ValueError(f"Process HTML, Failed to extract content from the website: {url}, error: {str(e)}")\n 571   \n 572   \n 573   \n 574               # Extract results\n 575               cleaned_html = sanitize_input_encode(result.get("cleaned_html", ""))' session_id=None response_headers=None status_code=None ssl_certificate=None


Failed to crawl: https://gedu.global/studying-in-ireland/
Result: url='https://gedu.global/studying-in-ireland/' html='' success=False cleaned_html=None media={} links={} downloaded_files=None screenshot=None pdf=None markdown=None markdown_v2=None fit_markdown=None fit_html=None extracted_content=None metadata=None error_message='Unexpected error in _crawl_web at line 528 in wrap_api_call (../../.pyenv/versions/3.12.6/lib/python3.12/site-packages/playwright/_impl/_connection.py):\nError: Page.content: Unable to retrieve content because the page is navigating and changing the content.\n\nCode context:\n 523           parsed_st = _extract_stack_trace_information_from_stack(st, is_internal)\n 524           self._api_zone.set(parsed_st)\n 525           try:\n 526               return await cb()\n 527           except Exception as error:\n 528 →             raise rewrite_error(error, f"{parsed_st[\'apiName\']}: {error}") from None\n 529           finally:\n 530               self._api_zone.set(None)\n 531   \n 532       def wrap_api_call_sync(\n 533           self, cb: Callable[[], Any], is_internal: bool = False' session_id=None response_headers=None status_code=None ssl_certificate=None


Failed to crawl: https://gedu.global/studying-in-malta/
Result: url='https://gedu.global/studying-in-malta/' html='' success=False cleaned_html=None media={} links={} downloaded_files=None screenshot=None pdf=None markdown=None markdown_v2=None fit_markdown=None fit_html=None extracted_content=None metadata=None error_message='Unexpected error in _crawl_web at line 528 in wrap_api_call (../../.pyenv/versions/3.12.6/lib/python3.12/site-packages/playwright/_impl/_connection.py):\nError: Page.content: Unable to retrieve content because the page is navigating and changing the content.\n\nCode context:\n 523           parsed_st = _extract_stack_trace_information_from_stack(st, is_internal)\n 524           self._api_zone.set(parsed_st)\n 525           try:\n 526               return await cb()\n 527           except Exception as error:\n 528 →             raise rewrite_error(error, f"{parsed_st[\'apiName\']}: {error}") from None\n 529           finally:\n 530               self._api_zone.set(None)\n 531   \n 532       def wrap_api_call_sync(\n 533           self, cb: Callable[[], Any], is_internal: bool = False' session_id=None response_headers=None status_code=None ssl_certificate=None


Failed to crawl: https://gedu.global/studying-in-the-usa/
Result: url='https://gedu.global/studying-in-the-usa/' html='' success=False cleaned_html=None media={} links={} downloaded_files=None screenshot=None pdf=None markdown=None markdown_v2=None fit_markdown=None fit_html=None extracted_content=None metadata=None error_message='Unexpected error in _crawl_web at line 570 in aprocess_html (../../.pyenv/versions/3.12.6/lib/python3.12/site-packages/crawl4ai/async_webcrawler.py):\nError: Process HTML, Failed to extract content from the website: https://gedu.global/studying-in-the-usa/, error: \'NoneType\' object has no attribute \'find_all\'\n\nCode context:\n 565                       raise ValueError(f"Process HTML, Failed to extract content from the website: {url}")\n 566   \n 567               except InvalidCSSSelectorError as e:\n 568                   raise ValueError(str(e))\n 569               except Exception as e:\n 570 →                 raise ValueError(f"Process HTML, Failed to extract content from the website: {url}, error: {str(e)}")\n 571   \n 572   \n 573   \n 574               # Extract results\n 575               cleaned_html = sanitize_input_encode(result.get("cleaned_html", ""))' session_id=None response_headers=None status_code=None ssl_certificate=None


Failed to crawl: https://gedu.global/about-us/
Result: url='https://gedu.global/about-us/' html='' success=False cleaned_html=None media={} links={} downloaded_files=None screenshot=None pdf=None markdown=None markdown_v2=None fit_markdown=None fit_html=None extracted_content=None metadata=None error_message='Unexpected error in _crawl_web at line 570 in aprocess_html (../../.pyenv/versions/3.12.6/lib/python3.12/site-packages/crawl4ai/async_webcrawler.py):\nError: Process HTML, Failed to extract content from the website: https://gedu.global/about-us/, error: \'NoneType\' object has no attribute \'find_all\'\n\nCode context:\n 565                       raise ValueError(f"Process HTML, Failed to extract content from the website: {url}")\n 566   \n 567               except InvalidCSSSelectorError as e:\n 568                   raise ValueError(str(e))\n 569               except Exception as e:\n 570 →                 raise ValueError(f"Process HTML, Failed to extract content from the website: {url}, error: {str(e)}")\n 571   \n 572   \n 573   \n 574               # Extract results\n 575               cleaned_html = sanitize_input_encode(result.get("cleaned_html", ""))' session_id=None response_headers=None status_code=None ssl_certificate=None


Failed to crawl: https://gedu.global/thank-you/
Result: url='https://gedu.global/thank-you/' html='' success=False cleaned_html=None media={} links={} downloaded_files=None screenshot=None pdf=None markdown=None markdown_v2=None fit_markdown=None fit_html=None extracted_content=None metadata=None error_message='Unexpected error in _crawl_web at line 570 in aprocess_html (../../.pyenv/versions/3.12.6/lib/python3.12/site-packages/crawl4ai/async_webcrawler.py):\nError: Process HTML, Failed to extract content from the website: https://gedu.global/thank-you/, error: \'NoneType\' object has no attribute \'find_all\'\n\nCode context:\n 565                       raise ValueError(f"Process HTML, Failed to extract content from the website: {url}")\n 566   \n 567               except InvalidCSSSelectorError as e:\n 568                   raise ValueError(str(e))\n 569               except Exception as e:\n 570 →                 raise ValueError(f"Process HTML, Failed to extract content from the website: {url}, error: {str(e)}")\n 571   \n 572   \n 573   \n 574               # Extract results\n 575               cleaned_html = sanitize_input_encode(result.get("cleaned_html", ""))' session_id=None response_headers=None status_code=None ssl_certificate=None


Failed to crawl: https://gedu.global/contact-us/
Result: url='https://gedu.global/contact-us/' html='' success=False cleaned_html=None media={} links={} downloaded_files=None screenshot=None pdf=None markdown=None markdown_v2=None fit_markdown=None fit_html=None extracted_content=None metadata=None error_message='Unexpected error in _crawl_web at line 528 in wrap_api_call (../../.pyenv/versions/3.12.6/lib/python3.12/site-packages/playwright/_impl/_connection.py):\nError: Page.content: Unable to retrieve content because the page is navigating and changing the content.\n\nCode context:\n 523           parsed_st = _extract_stack_trace_information_from_stack(st, is_internal)\n 524           self._api_zone.set(parsed_st)\n 525           try:\n 526               return await cb()\n 527           except Exception as error:\n 528 →             raise rewrite_error(error, f"{parsed_st[\'apiName\']}: {error}") from None\n 529           finally:\n 530               self._api_zone.set(None)\n 531   \n 532       def wrap_api_call_sync(\n 533           self, cb: Callable[[], Any], is_internal: bool = False' session_id=None response_headers=None status_code=None ssl_certificate=None


Failed to crawl: https://gedu.global/news/
Result: url='https://gedu.global/news/' html='' success=False cleaned_html=None media={} links={} downloaded_files=None screenshot=None pdf=None markdown=None markdown_v2=None fit_markdown=None fit_html=None extracted_content=None metadata=None error_message='Unexpected error in _crawl_web at line 528 in wrap_api_call (../../.pyenv/versions/3.12.6/lib/python3.12/site-packages/playwright/_impl/_connection.py):\nError: Page.content: Unable to retrieve content because the page is navigating and changing the content.\n\nCode context:\n 523           parsed_st = _extract_stack_trace_information_from_stack(st, is_internal)\n 524           self._api_zone.set(parsed_st)\n 525           try:\n 526               return await cb()\n 527           except Exception as error:\n 528 →             raise rewrite_error(error, f"{parsed_st[\'apiName\']}: {error}") from None\n 529           finally:\n 530               self._api_zone.set(None)\n 531   \n 532       def wrap_api_call_sync(\n 533           self, cb: Callable[[], Any], is_internal: bool = False' session_id=None response_headers=None status_code=None ssl_certificate=None


Failed to crawl: https://gedu.global/blogs/
Result: url='https://gedu.global/blogs/' html='' success=False cleaned_html=None media={} links={} downloaded_files=None screenshot=None pdf=None markdown=None markdown_v2=None fit_markdown=None fit_html=None extracted_content=None metadata=None error_message='Unexpected error in _crawl_web at line 528 in wrap_api_call (../../.pyenv/versions/3.12.6/lib/python3.12/site-packages/playwright/_impl/_connection.py):\nError: Page.content: Unable to retrieve content because the page is navigating and changing the content.\n\nCode context:\n 523           parsed_st = _extract_stack_trace_information_from_stack(st, is_internal)\n 524           self._api_zone.set(parsed_st)\n 525           try:\n 526               return await cb()\n 527           except Exception as error:\n 528 →             raise rewrite_error(error, f"{parsed_st[\'apiName\']}: {error}") from None\n 529           finally:\n 530               self._api_zone.set(None)\n 531   \n 532       def wrap_api_call_sync(\n 533           self, cb: Callable[[], Any], is_internal: bool = False' session_id=None response_headers=None status_code=None ssl_certificate=None


Failed to crawl: https://gedu.global/our-portfolio/
Result: url='https://gedu.global/our-portfolio/' html='' success=False cleaned_html=None media={} links={} downloaded_files=None screenshot=None pdf=None markdown=None markdown_v2=None fit_markdown=None fit_html=None extracted_content=None metadata=None error_message='Unexpected error in _crawl_web at line 528 in wrap_api_call (../../.pyenv/versions/3.12.6/lib/python3.12/site-packages/playwright/_impl/_connection.py):\nError: Page.content: Unable to retrieve content because the page is navigating and changing the content.\n\nCode context:\n 523           parsed_st = _extract_stack_trace_information_from_stack(st, is_internal)\n 524           self._api_zone.set(parsed_st)\n 525           try:\n 526               return await cb()\n 527           except Exception as error:\n 528 →             raise rewrite_error(error, f"{parsed_st[\'apiName\']}: {error}") from None\n 529           finally:\n 530               self._api_zone.set(None)\n 531   \n 532       def wrap_api_call_sync(\n 533           self, cb: Callable[[], Any], is_internal: bool = False' session_id=None response_headers=None status_code=None ssl_certificate=None


Failed to crawl: https://gedu.global/student-referral-scheme/
Result: url='https://gedu.global/student-referral-scheme/' html='' success=False cleaned_html=None media={} links={} downloaded_files=None screenshot=None pdf=None markdown=None markdown_v2=None fit_markdown=None fit_html=None extracted_content=None metadata=None error_message='Unexpected error in _crawl_web at line 528 in wrap_api_call (../../.pyenv/versions/3.12.6/lib/python3.12/site-packages/playwright/_impl/_connection.py):\nError: Page.content: Unable to retrieve content because the page is navigating and changing the content.\n\nCode context:\n 523           parsed_st = _extract_stack_trace_information_from_stack(st, is_internal)\n 524           self._api_zone.set(parsed_st)\n 525           try:\n 526               return await cb()\n 527           except Exception as error:\n 528 →             raise rewrite_error(error, f"{parsed_st[\'apiName\']}: {error}") from None\n 529           finally:\n 530               self._api_zone.set(None)\n 531   \n 532       def wrap_api_call_sync(\n 533           self, cb: Callable[[], Any], is_internal: bool = False' session_id=None response_headers=None status_code=None ssl_certificate=None


Failed to crawl: https://gedu.global/referral-emailer/
Result: url='https://gedu.global/referral-emailer/' html='' success=False cleaned_html=None media={} links={} downloaded_files=None screenshot=None pdf=None markdown=None markdown_v2=None fit_markdown=None fit_html=None extracted_content=None metadata=None error_message='Unexpected error in _crawl_web at line 528 in wrap_api_call (../../.pyenv/versions/3.12.6/lib/python3.12/site-packages/playwright/_impl/_connection.py):\nError: Page.content: Unable to retrieve content because the page is navigating and changing the content.\n\nCode context:\n 523           parsed_st = _extract_stack_trace_information_from_stack(st, is_internal)\n 524           self._api_zone.set(parsed_st)\n 525           try:\n 526               return await cb()\n 527           except Exception as error:\n 528 →             raise rewrite_error(error, f"{parsed_st[\'apiName\']}: {error}") from None\n 529           finally:\n 530               self._api_zone.set(None)\n 531   \n 532       def wrap_api_call_sync(\n 533           self, cb: Callable[[], Any], is_internal: bool = False' session_id=None response_headers=None status_code=None ssl_certificate=None


Failed to crawl: https://gedu.global/course/bsc-hons-accounting-financial-management/
Result: url='https://gedu.global/course/bsc-hons-accounting-financial-management/' html='' success=False cleaned_html=None media={} links={} downloaded_files=None screenshot=None pdf=None markdown=None markdown_v2=None fit_markdown=None fit_html=None extracted_content=None metadata=None error_message='Unexpected error in _crawl_web at line 528 in wrap_api_call (../../.pyenv/versions/3.12.6/lib/python3.12/site-packages/playwright/_impl/_connection.py):\nError: Page.content: Unable to retrieve content because the page is navigating and changing the content.\n\nCode context:\n 523           parsed_st = _extract_stack_trace_information_from_stack(st, is_internal)\n 524           self._api_zone.set(parsed_st)\n 525           try:\n 526               return await cb()\n 527           except Exception as error:\n 528 →             raise rewrite_error(error, f"{parsed_st[\'apiName\']}: {error}") from None\n 529           finally:\n 530               self._api_zone.set(None)\n 531   \n 532       def wrap_api_call_sync(\n 533           self, cb: Callable[[], Any], is_internal: bool = False' session_id=None response_headers=None status_code=None ssl_certificate=None


Failed to crawl: https://gedu.global/news/celebrating-your-achievements-global-banking-schools-graduation-day/
Result: url='https://gedu.global/news/celebrating-your-achievements-global-banking-schools-graduation-day/' html='' success=False cleaned_html=None media={} links={} downloaded_files=None screenshot=None pdf=None markdown=None markdown_v2=None fit_markdown=None fit_html=None extracted_content=None metadata=None error_message='Unexpected error in _crawl_web at line 528 in wrap_api_call (../../.pyenv/versions/3.12.6/lib/python3.12/site-packages/playwright/_impl/_connection.py):\nError: Page.content: Unable to retrieve content because the page is navigating and changing the content.\n\nCode context:\n 523           parsed_st = _extract_stack_trace_information_from_stack(st, is_internal)\n 524           self._api_zone.set(parsed_st)\n 525           try:\n 526               return await cb()\n 527           except Exception as error:\n 528 →             raise rewrite_error(error, f"{parsed_st[\'apiName\']}: {error}") from None\n 529           finally:\n 530               self._api_zone.set(None)\n 531   \n 532       def wrap_api_call_sync(\n 533           self, cb: Callable[[], Any], is_internal: bool = False' session_id=None response_headers=None status_code=None ssl_certificate=None


Failed to crawl: https://gedu.global/news/gbs-eclipses-sector-average-in-2024-nss-results/
Result: url='https://gedu.global/news/gbs-eclipses-sector-average-in-2024-nss-results/' html='' success=False cleaned_html=None media={} links={} downloaded_files=None screenshot=None pdf=None markdown=None markdown_v2=None fit_markdown=None fit_html=None extracted_content=None metadata=None error_message='Unexpected error in _crawl_web at line 528 in wrap_api_call (../../.pyenv/versions/3.12.6/lib/python3.12/site-packages/playwright/_impl/_connection.py):\nError: Page.content: Unable to retrieve content because the page is navigating and changing the content.\n\nCode context:\n 523           parsed_st = _extract_stack_trace_information_from_stack(st, is_internal)\n 524           self._api_zone.set(parsed_st)\n 525           try:\n 526               return await cb()\n 527           except Exception as error:\n 528 →             raise rewrite_error(error, f"{parsed_st[\'apiName\']}: {error}") from None\n 529           finally:\n 530               self._api_zone.set(None)\n 531   \n 532       def wrap_api_call_sync(\n 533           self, cb: Callable[[], Any], is_internal: bool = False' session_id=None response_headers=None status_code=None ssl_certificate=None


Failed to crawl: https://gedu.global/news/visit-of-jess-phillips-mp/
Result: url='https://gedu.global/news/visit-of-jess-phillips-mp/' html='' success=False cleaned_html=None media={} links={} downloaded_files=None screenshot=None pdf=None markdown=None markdown_v2=None fit_markdown=None fit_html=None extracted_content=None metadata=None error_message='Unexpected error in _crawl_web at line 528 in wrap_api_call (../../.pyenv/versions/3.12.6/lib/python3.12/site-packages/playwright/_impl/_connection.py):\nError: Page.content: Unable to retrieve content because the page is navigating and changing the content.\n\nCode context:\n 523           parsed_st = _extract_stack_trace_information_from_stack(st, is_internal)\n 524           self._api_zone.set(parsed_st)\n 525           try:\n 526               return await cb()\n 527           except Exception as error:\n 528 →             raise rewrite_error(error, f"{parsed_st[\'apiName\']}: {error}") from None\n 529           finally:\n 530               self._api_zone.set(None)\n 531   \n 532       def wrap_api_call_sync(\n 533           self, cb: Callable[[], Any], is_internal: bool = False' session_id=None response_headers=None status_code=None ssl_certificate=None


Failed to crawl: https://gedu.global/news/gbs-wins-higher-education-provider-of-the-year-at-the-education-awards-manchester-2023/
Result: url='https://gedu.global/news/gbs-wins-higher-education-provider-of-the-year-at-the-education-awards-manchester-2023/' html='' success=False cleaned_html=None media={} links={} downloaded_files=None screenshot=None pdf=None markdown=None markdown_v2=None fit_markdown=None fit_html=None extracted_content=None metadata=None error_message='Unexpected error in _crawl_web at line 528 in wrap_api_call (../../.pyenv/versions/3.12.6/lib/python3.12/site-packages/playwright/_impl/_connection.py):\nError: Page.content: Unable to retrieve content because the page is navigating and changing the content.\n\nCode context:\n 523           parsed_st = _extract_stack_trace_information_from_stack(st, is_internal)\n 524           self._api_zone.set(parsed_st)\n 525           try:\n 526               return await cb()\n 527           except Exception as error:\n 528 →             raise rewrite_error(error, f"{parsed_st[\'apiName\']}: {error}") from None\n 529           finally:\n 530               self._api_zone.set(None)\n 531   \n 532       def wrap_api_call_sync(\n 533           self, cb: Callable[[], Any], is_internal: bool = False' session_id=None response_headers=None status_code=None ssl_certificate=None


Failed to crawl: https://gedu.global/news/gbs-marks-launch-of-new-enterprise-hub-with-exciting-event-in-birmingham/
Result: url='https://gedu.global/news/gbs-marks-launch-of-new-enterprise-hub-with-exciting-event-in-birmingham/' html='' success=False cleaned_html=None media={} links={} downloaded_files=None screenshot=None pdf=None markdown=None markdown_v2=None fit_markdown=None fit_html=None extracted_content=None metadata=None error_message='Unexpected error in _crawl_web at line 528 in wrap_api_call (../../.pyenv/versions/3.12.6/lib/python3.12/site-packages/playwright/_impl/_connection.py):\nError: Page.content: Unable to retrieve content because the page is navigating and changing the content.\n\nCode context:\n 523           parsed_st = _extract_stack_trace_information_from_stack(st, is_internal)\n 524           self._api_zone.set(parsed_st)\n 525           try:\n 526               return await cb()\n 527           except Exception as error:\n 528 →             raise rewrite_error(error, f"{parsed_st[\'apiName\']}: {error}") from None\n 529           finally:\n 530               self._api_zone.set(None)\n 531   \n 532       def wrap_api_call_sync(\n 533           self, cb: Callable[[], Any], is_internal: bool = False' session_id=None response_headers=None status_code=None ssl_certificate=None


Failed to crawl: https://gedu.global/news/inclusive-cricket-tournament-breaks-boundaries-for-visually-impaired-athletes-in-the-uk/
Result: url='https://gedu.global/news/inclusive-cricket-tournament-breaks-boundaries-for-visually-impaired-athletes-in-the-uk/' html='' success=False cleaned_html=None media={} links={} downloaded_files=None screenshot=None pdf=None markdown=None markdown_v2=None fit_markdown=None fit_html=None extracted_content=None metadata=None error_message='Unexpected error in _crawl_web at line 570 in aprocess_html (../../.pyenv/versions/3.12.6/lib/python3.12/site-packages/crawl4ai/async_webcrawler.py):\nError: Process HTML, Failed to extract content from the website: https://gedu.global/news/inclusive-cricket-tournament-breaks-boundaries-for-visually-impaired-athletes-in-the-uk/, error: \'NoneType\' object has no attribute \'find_all\'\n\nCode context:\n 565                       raise ValueError(f"Process HTML, Failed to extract content from the website: {url}")\n 566   \n 567               except InvalidCSSSelectorError as e:\n 568                   raise ValueError(str(e))\n 569               except Exception as e:\n 570 →                 raise ValueError(f"Process HTML, Failed to extract content from the website: {url}, error: {str(e)}")\n 571   \n 572   \n 573   \n 574               # Extract results\n 575               cleaned_html = sanitize_input_encode(result.get("cleaned_html", ""))' session_id=None response_headers=None status_code=None ssl_certificate=None


Failed to crawl: https://gedu.global/news/gbs-outperforms-sector-with-exceptional-national-student-survey-scores/
Result: url='https://gedu.global/news/gbs-outperforms-sector-with-exceptional-national-student-survey-scores/' html='' success=False cleaned_html=None media={} links={} downloaded_files=None screenshot=None pdf=None markdown=None markdown_v2=None fit_markdown=None fit_html=None extracted_content=None metadata=None error_message='Unexpected error in _crawl_web at line 528 in wrap_api_call (../../.pyenv/versions/3.12.6/lib/python3.12/site-packages/playwright/_impl/_connection.py):\nError: Page.content: Unable to retrieve content because the page is navigating and changing the content.\n\nCode context:\n 523           parsed_st = _extract_stack_trace_information_from_stack(st, is_internal)\n 524           self._api_zone.set(parsed_st)\n 525           try:\n 526               return await cb()\n 527           except Exception as error:\n 528 →             raise rewrite_error(error, f"{parsed_st[\'apiName\']}: {error}") from None\n 529           finally:\n 530               self._api_zone.set(None)\n 531   \n 532       def wrap_api_call_sync(\n 533           self, cb: Callable[[], Any], is_internal: bool = False' session_id=None response_headers=None status_code=None ssl_certificate=None


Failed to crawl: https://gedu.global/news/global-education-holdings-acquires-australian-performing-arts-conservatory/
Result: url='https://gedu.global/news/global-education-holdings-acquires-australian-performing-arts-conservatory/' html='' success=False cleaned_html=None media={} links={} downloaded_files=None screenshot=None pdf=None markdown=None markdown_v2=None fit_markdown=None fit_html=None extracted_content=None metadata=None error_message='Unexpected error in _crawl_web at line 528 in wrap_api_call (../../.pyenv/versions/3.12.6/lib/python3.12/site-packages/playwright/_impl/_connection.py):\nError: Page.content: Unable to retrieve content because the page is navigating and changing the content.\n\nCode context:\n 523           parsed_st = _extract_stack_trace_information_from_stack(st, is_internal)\n 524           self._api_zone.set(parsed_st)\n 525           try:\n 526               return await cb()\n 527           except Exception as error:\n 528 →             raise rewrite_error(error, f"{parsed_st[\'apiName\']}: {error}") from None\n 529           finally:\n 530               self._api_zone.set(None)\n 531   \n 532       def wrap_api_call_sync(\n 533           self, cb: Callable[[], Any], is_internal: bool = False' session_id=None response_headers=None status_code=None ssl_certificate=None


Failed to crawl: https://gedu.global/news/global-education-holdings-acquires-mla-college/
Result: url='https://gedu.global/news/global-education-holdings-acquires-mla-college/' html='' success=False cleaned_html=None media={} links={} downloaded_files=None screenshot=None pdf=None markdown=None markdown_v2=None fit_markdown=None fit_html=None extracted_content=None metadata=None error_message='Unexpected error in _crawl_web at line 528 in wrap_api_call (../../.pyenv/versions/3.12.6/lib/python3.12/site-packages/playwright/_impl/_connection.py):\nError: Page.content: Unable to retrieve content because the page is navigating and changing the content.\n\nCode context:\n 523           parsed_st = _extract_stack_trace_information_from_stack(st, is_internal)\n 524           self._api_zone.set(parsed_st)\n 525           try:\n 526               return await cb()\n 527           except Exception as error:\n 528 →             raise rewrite_error(error, f"{parsed_st[\'apiName\']}: {error}") from None\n 529           finally:\n 530               self._api_zone.set(None)\n 531   \n 532       def wrap_api_call_sync(\n 533           self, cb: Callable[[], Any], is_internal: bool = False' session_id=None response_headers=None status_code=None ssl_certificate=None


Failed to crawl: https://gedu.global/news/strengthening-community-connections-lord-mayor-of-manchester-visits-gbs-campus/
Result: url='https://gedu.global/news/strengthening-community-connections-lord-mayor-of-manchester-visits-gbs-campus/' html='' success=False cleaned_html=None media={} links={} downloaded_files=None screenshot=None pdf=None markdown=None markdown_v2=None fit_markdown=None fit_html=None extracted_content=None metadata=None error_message='Unexpected error in _crawl_web at line 528 in wrap_api_call (../../.pyenv/versions/3.12.6/lib/python3.12/site-packages/playwright/_impl/_connection.py):\nError: Page.content: Unable to retrieve content because the page is navigating and changing the content.\n\nCode context:\n 523           parsed_st = _extract_stack_trace_information_from_stack(st, is_internal)\n 524           self._api_zone.set(parsed_st)\n 525           try:\n 526               return await cb()\n 527           except Exception as error:\n 528 →             raise rewrite_error(error, f"{parsed_st[\'apiName\']}: {error}") from None\n 529           finally:\n 530               self._api_zone.set(None)\n 531   \n 532       def wrap_api_call_sync(\n 533           self, cb: Callable[[], Any], is_internal: bool = False' session_id=None response_headers=None status_code=None ssl_certificate=None


Failed to crawl: https://gedu.global/news/gbs-malta-launches-groundbreaking-new-campus/
Result: url='https://gedu.global/news/gbs-malta-launches-groundbreaking-new-campus/' html='' success=False cleaned_html=None media={} links={} downloaded_files=None screenshot=None pdf=None markdown=None markdown_v2=None fit_markdown=None fit_html=None extracted_content=None metadata=None error_message='Unexpected error in _crawl_web at line 570 in aprocess_html (../../.pyenv/versions/3.12.6/lib/python3.12/site-packages/crawl4ai/async_webcrawler.py):\nError: Process HTML, Failed to extract content from the website: https://gedu.global/news/gbs-malta-launches-groundbreaking-new-campus/, error: \'NoneType\' object has no attribute \'find_all\'\n\nCode context:\n 565                       raise ValueError(f"Process HTML, Failed to extract content from the website: {url}")\n 566   \n 567               except InvalidCSSSelectorError as e:\n 568                   raise ValueError(str(e))\n 569               except Exception as e:\n 570 →                 raise ValueError(f"Process HTML, Failed to extract content from the website: {url}, error: {str(e)}")\n 571   \n 572   \n 573   \n 574               # Extract results\n 575               cleaned_html = sanitize_input_encode(result.get("cleaned_html", ""))' session_id=None response_headers=None status_code=None ssl_certificate=None


Failed to crawl: https://gedu.global/news/sir-alastair-cook-joins-gedu-as-a-global-brand-ambassador/
Result: url='https://gedu.global/news/sir-alastair-cook-joins-gedu-as-a-global-brand-ambassador/' html='' success=False cleaned_html=None media={} links={} downloaded_files=None screenshot=None pdf=None markdown=None markdown_v2=None fit_markdown=None fit_html=None extracted_content=None metadata=None error_message='Unexpected error in _crawl_web at line 570 in aprocess_html (../../.pyenv/versions/3.12.6/lib/python3.12/site-packages/crawl4ai/async_webcrawler.py):\nError: Process HTML, Failed to extract content from the website: https://gedu.global/news/sir-alastair-cook-joins-gedu-as-a-global-brand-ambassador/, error: \'NoneType\' object has no attribute \'find_all\'\n\nCode context:\n 565                       raise ValueError(f"Process HTML, Failed to extract content from the website: {url}")\n 566   \n 567               except InvalidCSSSelectorError as e:\n 568                   raise ValueError(str(e))\n 569               except Exception as e:\n 570 →                 raise ValueError(f"Process HTML, Failed to extract content from the website: {url}, error: {str(e)}")\n 571   \n 572   \n 573   \n 574               # Extract results\n 575               cleaned_html = sanitize_input_encode(result.get("cleaned_html", ""))' session_id=None response_headers=None status_code=None ssl_certificate=None


Failed to crawl: https://gedu.global/news/british-education-group-gedu-adds-icn-a-triple-crown-institution-to-its-portfolio/
Result: url='https://gedu.global/news/british-education-group-gedu-adds-icn-a-triple-crown-institution-to-its-portfolio/' html='' success=False cleaned_html=None media={} links={} downloaded_files=None screenshot=None pdf=None markdown=None markdown_v2=None fit_markdown=None fit_html=None extracted_content=None metadata=None error_message='Unexpected error in _crawl_web at line 528 in wrap_api_call (../../.pyenv/versions/3.12.6/lib/python3.12/site-packages/playwright/_impl/_connection.py):\nError: Page.content: Unable to retrieve content because the page is navigating and changing the content.\n\nCode context:\n 523           parsed_st = _extract_stack_trace_information_from_stack(st, is_internal)\n 524           self._api_zone.set(parsed_st)\n 525           try:\n 526               return await cb()\n 527           except Exception as error:\n 528 →             raise rewrite_error(error, f"{parsed_st[\'apiName\']}: {error}") from None\n 529           finally:\n 530               self._api_zone.set(None)\n 531   \n 532       def wrap_api_call_sync(\n 533           self, cb: Callable[[], Any], is_internal: bool = False' session_id=None response_headers=None status_code=None ssl_certificate=None


Failed to crawl: https://gedu.global/news/gedu-joins-a-leading-uk-state-school-to-open-affiliates-in-india-and-uae/
Result: url='https://gedu.global/news/gedu-joins-a-leading-uk-state-school-to-open-affiliates-in-india-and-uae/' html='' success=False cleaned_html=None media={} links={} downloaded_files=None screenshot=None pdf=None markdown=None markdown_v2=None fit_markdown=None fit_html=None extracted_content=None metadata=None error_message='Unexpected error in _crawl_web at line 528 in wrap_api_call (../../.pyenv/versions/3.12.6/lib/python3.12/site-packages/playwright/_impl/_connection.py):\nError: Page.content: Unable to retrieve content because the page is navigating and changing the content.\n\nCode context:\n 523           parsed_st = _extract_stack_trace_information_from_stack(st, is_internal)\n 524           self._api_zone.set(parsed_st)\n 525           try:\n 526               return await cb()\n 527           except Exception as error:\n 528 →             raise rewrite_error(error, f"{parsed_st[\'apiName\']}: {error}") from None\n 529           finally:\n 530               self._api_zone.set(None)\n 531   \n 532       def wrap_api_call_sync(\n 533           self, cb: Callable[[], Any], is_internal: bool = False' session_id=None response_headers=None status_code=None ssl_certificate=None


Failed to crawl: https://gedu.global/location/study-in-uae/
Result: url='https://gedu.global/location/study-in-uae/' html='' success=False cleaned_html=None media={} links={} downloaded_files=None screenshot=None pdf=None markdown=None markdown_v2=None fit_markdown=None fit_html=None extracted_content=None metadata=None error_message='Unexpected error in _crawl_web at line 528 in wrap_api_call (../../.pyenv/versions/3.12.6/lib/python3.12/site-packages/playwright/_impl/_connection.py):\nError: Page.content: Unable to retrieve content because the page is navigating and changing the content.\n\nCode context:\n 523           parsed_st = _extract_stack_trace_information_from_stack(st, is_internal)\n 524           self._api_zone.set(parsed_st)\n 525           try:\n 526               return await cb()\n 527           except Exception as error:\n 528 →             raise rewrite_error(error, f"{parsed_st[\'apiName\']}: {error}") from None\n 529           finally:\n 530               self._api_zone.set(None)\n 531   \n 532       def wrap_api_call_sync(\n 533           self, cb: Callable[[], Any], is_internal: bool = False' session_id=None response_headers=None status_code=None ssl_certificate=None


Failed to crawl: https://gedu.global/location/study-in-ireland/
Result: url='https://gedu.global/location/study-in-ireland/' html='' success=False cleaned_html=None media={} links={} downloaded_files=None screenshot=None pdf=None markdown=None markdown_v2=None fit_markdown=None fit_html=None extracted_content=None metadata=None error_message='Unexpected error in _crawl_web at line 528 in wrap_api_call (../../.pyenv/versions/3.12.6/lib/python3.12/site-packages/playwright/_impl/_connection.py):\nError: Page.content: Unable to retrieve content because the page is navigating and changing the content.\n\nCode context:\n 523           parsed_st = _extract_stack_trace_information_from_stack(st, is_internal)\n 524           self._api_zone.set(parsed_st)\n 525           try:\n 526               return await cb()\n 527           except Exception as error:\n 528 →             raise rewrite_error(error, f"{parsed_st[\'apiName\']}: {error}") from None\n 529           finally:\n 530               self._api_zone.set(None)\n 531   \n 532       def wrap_api_call_sync(\n 533           self, cb: Callable[[], Any], is_internal: bool = False' session_id=None response_headers=None status_code=None ssl_certificate=None


Failed to crawl: https://gedu.global/location/study-in-spain/
Result: url='https://gedu.global/location/study-in-spain/' html='' success=False cleaned_html=None media={} links={} downloaded_files=None screenshot=None pdf=None markdown=None markdown_v2=None fit_markdown=None fit_html=None extracted_content=None metadata=None error_message='Unexpected error in _crawl_web at line 528 in wrap_api_call (../../.pyenv/versions/3.12.6/lib/python3.12/site-packages/playwright/_impl/_connection.py):\nError: Page.content: Unable to retrieve content because the page is navigating and changing the content.\n\nCode context:\n 523           parsed_st = _extract_stack_trace_information_from_stack(st, is_internal)\n 524           self._api_zone.set(parsed_st)\n 525           try:\n 526               return await cb()\n 527           except Exception as error:\n 528 →             raise rewrite_error(error, f"{parsed_st[\'apiName\']}: {error}") from None\n 529           finally:\n 530               self._api_zone.set(None)\n 531   \n 532       def wrap_api_call_sync(\n 533           self, cb: Callable[[], Any], is_internal: bool = False' session_id=None response_headers=None status_code=None ssl_certificate=None


Failed to crawl: https://gedu.global/location/study-in-germany/
Result: url='https://gedu.global/location/study-in-germany/' html='' success=False cleaned_html=None media={} links={} downloaded_files=None screenshot=None pdf=None markdown=None markdown_v2=None fit_markdown=None fit_html=None extracted_content=None metadata=None error_message='Unexpected error in _crawl_web at line 528 in wrap_api_call (../../.pyenv/versions/3.12.6/lib/python3.12/site-packages/playwright/_impl/_connection.py):\nError: Page.content: Unable to retrieve content because the page is navigating and changing the content.\n\nCode context:\n 523           parsed_st = _extract_stack_trace_information_from_stack(st, is_internal)\n 524           self._api_zone.set(parsed_st)\n 525           try:\n 526               return await cb()\n 527           except Exception as error:\n 528 →             raise rewrite_error(error, f"{parsed_st[\'apiName\']}: {error}") from None\n 529           finally:\n 530               self._api_zone.set(None)\n 531   \n 532       def wrap_api_call_sync(\n 533           self, cb: Callable[[], Any], is_internal: bool = False' session_id=None response_headers=None status_code=None ssl_certificate=None


Failed to crawl: https://gedu.global/landing_page/generic-landing-page/
Result: url='https://gedu.global/landing_page/generic-landing-page/' html='' success=False cleaned_html=None media={} links={} downloaded_files=None screenshot=None pdf=None markdown=None markdown_v2=None fit_markdown=None fit_html=None extracted_content=None metadata=None error_message='Unexpected error in _crawl_web at line 528 in wrap_api_call (../../.pyenv/versions/3.12.6/lib/python3.12/site-packages/playwright/_impl/_connection.py):\nError: Page.content: Unable to retrieve content because the page is navigating and changing the content.\n\nCode context:\n 523           parsed_st = _extract_stack_trace_information_from_stack(st, is_internal)\n 524           self._api_zone.set(parsed_st)\n 525           try:\n 526               return await cb()\n 527           except Exception as error:\n 528 →             raise rewrite_error(error, f"{parsed_st[\'apiName\']}: {error}") from None\n 529           finally:\n 530               self._api_zone.set(None)\n 531   \n 532       def wrap_api_call_sync(\n 533           self, cb: Callable[[], Any], is_internal: bool = False' session_id=None response_headers=None status_code=None ssl_certificate=None


Failed to crawl: https://gedu.global/category/english-path/
Result: url='https://gedu.global/category/english-path/' html='' success=False cleaned_html=None media={} links={} downloaded_files=None screenshot=None pdf=None markdown=None markdown_v2=None fit_markdown=None fit_html=None extracted_content=None metadata=None error_message='Unexpected error in _crawl_web at line 528 in wrap_api_call (../../.pyenv/versions/3.12.6/lib/python3.12/site-packages/playwright/_impl/_connection.py):\nError: Page.content: Unable to retrieve content because the page is navigating and changing the content.\n\nCode context:\n 523           parsed_st = _extract_stack_trace_information_from_stack(st, is_internal)\n 524           self._api_zone.set(parsed_st)\n 525           try:\n 526               return await cb()\n 527           except Exception as error:\n 528 →             raise rewrite_error(error, f"{parsed_st[\'apiName\']}: {error}") from None\n 529           finally:\n 530               self._api_zone.set(None)\n 531   \n 532       def wrap_api_call_sync(\n 533           self, cb: Callable[[], Any], is_internal: bool = False' session_id=None response_headers=None status_code=None ssl_certificate=None


Failed to crawl: https://gedu.global/category/gbs-uk/
Result: url='https://gedu.global/category/gbs-uk/' html='' success=False cleaned_html=None media={} links={} downloaded_files=None screenshot=None pdf=None markdown=None markdown_v2=None fit_markdown=None fit_html=None extracted_content=None metadata=None error_message='Unexpected error in _crawl_web at line 528 in wrap_api_call (../../.pyenv/versions/3.12.6/lib/python3.12/site-packages/playwright/_impl/_connection.py):\nError: Page.content: Unable to retrieve content because the page is navigating and changing the content.\n\nCode context:\n 523           parsed_st = _extract_stack_trace_information_from_stack(st, is_internal)\n 524           self._api_zone.set(parsed_st)\n 525           try:\n 526               return await cb()\n 527           except Exception as error:\n 528 →             raise rewrite_error(error, f"{parsed_st[\'apiName\']}: {error}") from None\n 529           finally:\n 530               self._api_zone.set(None)\n 531   \n 532       def wrap_api_call_sync(\n 533           self, cb: Callable[[], Any], is_internal: bool = False' session_id=None response_headers=None status_code=None ssl_certificate=None


Failed to crawl: https://gedu.global/category/icn-creactive-business-school/
Result: url='https://gedu.global/category/icn-creactive-business-school/' html='' success=False cleaned_html=None media={} links={} downloaded_files=None screenshot=None pdf=None markdown=None markdown_v2=None fit_markdown=None fit_html=None extracted_content=None metadata=None error_message='Unexpected error in _crawl_web at line 528 in wrap_api_call (../../.pyenv/versions/3.12.6/lib/python3.12/site-packages/playwright/_impl/_connection.py):\nError: Page.content: Unable to retrieve content because the page is navigating and changing the content.\n\nCode context:\n 523           parsed_st = _extract_stack_trace_information_from_stack(st, is_internal)\n 524           self._api_zone.set(parsed_st)\n 525           try:\n 526               return await cb()\n 527           except Exception as error:\n 528 →             raise rewrite_error(error, f"{parsed_st[\'apiName\']}: {error}") from None\n 529           finally:\n 530               self._api_zone.set(None)\n 531   \n 532       def wrap_api_call_sync(\n 533           self, cb: Callable[[], Any], is_internal: bool = False' session_id=None response_headers=None status_code=None ssl_certificate=None


Failed to crawl: https://gedu.global/category/uncategorized/
Result: url='https://gedu.global/category/uncategorized/' html='' success=False cleaned_html=None media={} links={} downloaded_files=None screenshot=None pdf=None markdown=None markdown_v2=None fit_markdown=None fit_html=None extracted_content=None metadata=None error_message='Unexpected error in _crawl_web at line 528 in wrap_api_call (../../.pyenv/versions/3.12.6/lib/python3.12/site-packages/playwright/_impl/_connection.py):\nError: Page.content: Unable to retrieve content because the page is navigating and changing the content.\n\nCode context:\n 523           parsed_st = _extract_stack_trace_information_from_stack(st, is_internal)\n 524           self._api_zone.set(parsed_st)\n 525           try:\n 526               return await cb()\n 527           except Exception as error:\n 528 →             raise rewrite_error(error, f"{parsed_st[\'apiName\']}: {error}") from None\n 529           finally:\n 530               self._api_zone.set(None)\n 531   \n 532       def wrap_api_call_sync(\n 533           self, cb: Callable[[], Any], is_internal: bool = False' session_id=None response_headers=None status_code=None ssl_certificate=None


Failed to crawl: https://gedu.global/tag/dubai/
Result: url='https://gedu.global/tag/dubai/' html='' success=False cleaned_html=None media={} links={} downloaded_files=None screenshot=None pdf=None markdown=None markdown_v2=None fit_markdown=None fit_html=None extracted_content=None metadata=None error_message='Unexpected error in _crawl_web at line 528 in wrap_api_call (../../.pyenv/versions/3.12.6/lib/python3.12/site-packages/playwright/_impl/_connection.py):\nError: Page.content: Unable to retrieve content because the page is navigating and changing the content.\n\nCode context:\n 523           parsed_st = _extract_stack_trace_information_from_stack(st, is_internal)\n 524           self._api_zone.set(parsed_st)\n 525           try:\n 526               return await cb()\n 527           except Exception as error:\n 528 →             raise rewrite_error(error, f"{parsed_st[\'apiName\']}: {error}") from None\n 529           finally:\n 530               self._api_zone.set(None)\n 531   \n 532       def wrap_api_call_sync(\n 533           self, cb: Callable[[], Any], is_internal: bool = False' session_id=None response_headers=None status_code=None ssl_certificate=None


Failed to crawl: https://gedu.global/tag/ireland/
Result: url='https://gedu.global/tag/ireland/' html='' success=False cleaned_html=None media={} links={} downloaded_files=None screenshot=None pdf=None markdown=None markdown_v2=None fit_markdown=None fit_html=None extracted_content=None metadata=None error_message='Unexpected error in _crawl_web at line 528 in wrap_api_call (../../.pyenv/versions/3.12.6/lib/python3.12/site-packages/playwright/_impl/_connection.py):\nError: Page.content: Unable to retrieve content because the page is navigating and changing the content.\n\nCode context:\n 523           parsed_st = _extract_stack_trace_information_from_stack(st, is_internal)\n 524           self._api_zone.set(parsed_st)\n 525           try:\n 526               return await cb()\n 527           except Exception as error:\n 528 →             raise rewrite_error(error, f"{parsed_st[\'apiName\']}: {error}") from None\n 529           finally:\n 530               self._api_zone.set(None)\n 531   \n 532       def wrap_api_call_sync(\n 533           self, cb: Callable[[], Any], is_internal: bool = False' session_id=None response_headers=None status_code=None ssl_certificate=None


Failed to crawl: https://gedu.global/tag/uk/
Result: url='https://gedu.global/tag/uk/' html='' success=False cleaned_html=None media={} links={} downloaded_files=None screenshot=None pdf=None markdown=None markdown_v2=None fit_markdown=None fit_html=None extracted_content=None metadata=None error_message='Unexpected error in _crawl_web at line 528 in wrap_api_call (../../.pyenv/versions/3.12.6/lib/python3.12/site-packages/playwright/_impl/_connection.py):\nError: Page.content: Unable to retrieve content because the page is navigating and changing the content.\n\nCode context:\n 523           parsed_st = _extract_stack_trace_information_from_stack(st, is_internal)\n 524           self._api_zone.set(parsed_st)\n 525           try:\n 526               return await cb()\n 527           except Exception as error:\n 528 →             raise rewrite_error(error, f"{parsed_st[\'apiName\']}: {error}") from None\n 529           finally:\n 530               self._api_zone.set(None)\n 531   \n 532       def wrap_api_call_sync(\n 533           self, cb: Callable[[], Any], is_internal: bool = False' session_id=None response_headers=None status_code=None ssl_certificate=None


Failed to crawl: https://gedu.global/tag/united-states/
Result: url='https://gedu.global/tag/united-states/' html='' success=False cleaned_html=None media={} links={} downloaded_files=None screenshot=None pdf=None markdown=None markdown_v2=None fit_markdown=None fit_html=None extracted_content=None metadata=None error_message='Unexpected error in _crawl_web at line 528 in wrap_api_call (../../.pyenv/versions/3.12.6/lib/python3.12/site-packages/playwright/_impl/_connection.py):\nError: Page.content: Unable to retrieve content because the page is navigating and changing the content.\n\nCode context:\n 523           parsed_st = _extract_stack_trace_information_from_stack(st, is_internal)\n 524           self._api_zone.set(parsed_st)\n 525           try:\n 526               return await cb()\n 527           except Exception as error:\n 528 →             raise rewrite_error(error, f"{parsed_st[\'apiName\']}: {error}") from None\n 529           finally:\n 530               self._api_zone.set(None)\n 531   \n 532       def wrap_api_call_sync(\n 533           self, cb: Callable[[], Any], is_internal: bool = False' session_id=None response_headers=None status_code=None ssl_certificate=None


Failed to crawl: https://gedu.global/author/ssaxena/
Result: url='https://gedu.global/author/ssaxena/' html='' success=False cleaned_html=None media={} links={} downloaded_files=None screenshot=None pdf=None markdown=None markdown_v2=None fit_markdown=None fit_html=None extracted_content=None metadata=None error_message='Unexpected error in _crawl_web at line 528 in wrap_api_call (../../.pyenv/versions/3.12.6/lib/python3.12/site-packages/playwright/_impl/_connection.py):\nError: Page.content: Unable to retrieve content because the page is navigating and changing the content.\n\nCode context:\n 523           parsed_st = _extract_stack_trace_information_from_stack(st, is_internal)\n 524           self._api_zone.set(parsed_st)\n 525           try:\n 526               return await cb()\n 527           except Exception as error:\n 528 →             raise rewrite_error(error, f"{parsed_st[\'apiName\']}: {error}") from None\n 529           finally:\n 530               self._api_zone.set(None)\n 531   \n 532       def wrap_api_call_sync(\n 533           self, cb: Callable[[], Any], is_internal: bool = False' session_id=None response_headers=None status_code=None ssl_certificate=None


Failed to crawl: https://www.lycoming.edu/news/stories/2020/05/brad-and-melissa-webb.aspx
Result: url='https://www.lycoming.edu/news/stories/2020/05/brad-and-melissa-webb.aspx' html='' success=False cleaned_html=None media={} links={} downloaded_files=None screenshot=None pdf=None markdown=None markdown_v2=None fit_markdown=None fit_html=None extracted_content=None metadata=None error_message='Unexpected error in _crawl_web at line 1205 in _crawl_web (../../.pyenv/versions/3.12.6/lib/python3.12/site-packages/crawl4ai/async_crawler_strategy.py):\nError: Failed on navigating ACS-GOTO:\nPage.goto: net::ERR_SOCKET_NOT_CONNECTED at https://www.lycoming.edu/news/stories/2020/05/brad-and-melissa-webb.aspx\nCall log:\n  - navigating to "https://www.lycoming.edu/news/stories/2020/05/brad-and-melissa-webb.aspx", waiting until "domcontentloaded"\n\n\nCode context:\n1200   \n1201                       response = await page.goto(\n1202                           url, wait_until=config.wait_until, timeout=config.page_timeout\n1203                       )\n1204                   except Error as e:\n1205 →                     raise RuntimeError(f"Failed on navigating ACS-GOTO:\\n{str(e)}")\n1206   \n1207                   await self.execute_hook("after_goto", page, context=context, url=url, response=response)\n1208   \n1209                   if response is None:\n1210                       status_code = 200' session_id=None response_headers=None status_code=None ssl_certificate=None


Failed to crawl: https://www.lycoming.edu/news/stories/2020/05/rotc-graduates.aspx
Result: url='https://www.lycoming.edu/news/stories/2020/05/rotc-graduates.aspx' html='' success=False cleaned_html=None media={} links={} downloaded_files=None screenshot=None pdf=None markdown=None markdown_v2=None fit_markdown=None fit_html=None extracted_content=None metadata=None error_message='Unexpected error in _crawl_web at line 1205 in _crawl_web (../../.pyenv/versions/3.12.6/lib/python3.12/site-packages/crawl4ai/async_crawler_strategy.py):\nError: Failed on navigating ACS-GOTO:\nPage.goto: net::ERR_SOCKET_NOT_CONNECTED at https://www.lycoming.edu/news/stories/2020/05/rotc-graduates.aspx\nCall log:\n  - navigating to "https://www.lycoming.edu/news/stories/2020/05/rotc-graduates.aspx", waiting until "domcontentloaded"\n\n\nCode context:\n1200   \n1201                       response = await page.goto(\n1202                           url, wait_until=config.wait_until, timeout=config.page_timeout\n1203                       )\n1204                   except Error as e:\n1205 →                     raise RuntimeError(f"Failed on navigating ACS-GOTO:\\n{str(e)}")\n1206   \n1207                   await self.execute_hook("after_goto", page, context=context, url=url, response=response)\n1208   \n1209                   if response is None:\n1210                       status_code = 200' session_id=None response_headers=None status_code=None ssl_certificate=None


Failed to crawl: https://www.lycoming.edu/news/stories/2020/05/scholarships-fellowships.aspx
Result: url='https://www.lycoming.edu/news/stories/2020/05/scholarships-fellowships.aspx' html='' success=False cleaned_html=None media={} links={} downloaded_files=None screenshot=None pdf=None markdown=None markdown_v2=None fit_markdown=None fit_html=None extracted_content=None metadata=None error_message='Unexpected error in _crawl_web at line 1205 in _crawl_web (../../.pyenv/versions/3.12.6/lib/python3.12/site-packages/crawl4ai/async_crawler_strategy.py):\nError: Failed on navigating ACS-GOTO:\nPage.goto: net::ERR_SOCKET_NOT_CONNECTED at https://www.lycoming.edu/news/stories/2020/05/scholarships-fellowships.aspx\nCall log:\n  - navigating to "https://www.lycoming.edu/news/stories/2020/05/scholarships-fellowships.aspx", waiting until "domcontentloaded"\n\n\nCode context:\n1200   \n1201                       response = await page.goto(\n1202                           url, wait_until=config.wait_until, timeout=config.page_timeout\n1203                       )\n1204                   except Error as e:\n1205 →                     raise RuntimeError(f"Failed on navigating ACS-GOTO:\\n{str(e)}")\n1206   \n1207                   await self.execute_hook("after_goto", page, context=context, url=url, response=response)\n1208   \n1209                   if response is None:\n1210                       status_code = 200' session_id=None response_headers=None status_code=None ssl_certificate=None


Failed to crawl: https://www.lycoming.edu/news/stories/2020/05/senior-art-show.aspx
Result: url='https://www.lycoming.edu/news/stories/2020/05/senior-art-show.aspx' html='' success=False cleaned_html=None media={} links={} downloaded_files=None screenshot=None pdf=None markdown=None markdown_v2=None fit_markdown=None fit_html=None extracted_content=None metadata=None error_message='Unexpected error in _crawl_web at line 1205 in _crawl_web (../../.pyenv/versions/3.12.6/lib/python3.12/site-packages/crawl4ai/async_crawler_strategy.py):\nError: Failed on navigating ACS-GOTO:\nPage.goto: net::ERR_SOCKET_NOT_CONNECTED at https://www.lycoming.edu/news/stories/2020/05/senior-art-show.aspx\nCall log:\n  - navigating to "https://www.lycoming.edu/news/stories/2020/05/senior-art-show.aspx", waiting until "domcontentloaded"\n\n\nCode context:\n1200   \n1201                       response = await page.goto(\n1202                           url, wait_until=config.wait_until, timeout=config.page_timeout\n1203                       )\n1204                   except Error as e:\n1205 →                     raise RuntimeError(f"Failed on navigating ACS-GOTO:\\n{str(e)}")\n1206   \n1207                   await self.execute_hook("after_goto", page, context=context, url=url, response=response)\n1208   \n1209                   if response is None:\n1210                       status_code = 200' session_id=None response_headers=None status_code=None ssl_certificate=None


Failed to crawl: https://www.lycoming.edu/news/stories/2020/05/silkey-washington-post.aspx
Result: url='https://www.lycoming.edu/news/stories/2020/05/silkey-washington-post.aspx' html='' success=False cleaned_html=None media={} links={} downloaded_files=None screenshot=None pdf=None markdown=None markdown_v2=None fit_markdown=None fit_html=None extracted_content=None metadata=None error_message='Unexpected error in _crawl_web at line 1205 in _crawl_web (../../.pyenv/versions/3.12.6/lib/python3.12/site-packages/crawl4ai/async_crawler_strategy.py):\nError: Failed on navigating ACS-GOTO:\nPage.goto: net::ERR_SOCKET_NOT_CONNECTED at https://www.lycoming.edu/news/stories/2020/05/silkey-washington-post.aspx\nCall log:\n  - navigating to "https://www.lycoming.edu/news/stories/2020/05/silkey-washington-post.aspx", waiting until "domcontentloaded"\n\n\nCode context:\n1200   \n1201                       response = await page.goto(\n1202                           url, wait_until=config.wait_until, timeout=config.page_timeout\n1203                       )\n1204                   except Error as e:\n1205 →                     raise RuntimeError(f"Failed on navigating ACS-GOTO:\\n{str(e)}")\n1206   \n1207                   await self.execute_hook("after_goto", page, context=context, url=url, response=response)\n1208   \n1209                   if response is None:\n1210                       status_code = 200' session_id=None response_headers=None status_code=None ssl_certificate=None


Failed to crawl: https://www.lycoming.edu/news/stories/2020/05/stream-ecology-grant.aspx
Result: url='https://www.lycoming.edu/news/stories/2020/05/stream-ecology-grant.aspx' html='' success=False cleaned_html=None media={} links={} downloaded_files=None screenshot=None pdf=None markdown=None markdown_v2=None fit_markdown=None fit_html=None extracted_content=None metadata=None error_message='Unexpected error in _crawl_web at line 1205 in _crawl_web (../../.pyenv/versions/3.12.6/lib/python3.12/site-packages/crawl4ai/async_crawler_strategy.py):\nError: Failed on navigating ACS-GOTO:\nPage.goto: net::ERR_SOCKET_NOT_CONNECTED at https://www.lycoming.edu/news/stories/2020/05/stream-ecology-grant.aspx\nCall log:\n  - navigating to "https://www.lycoming.edu/news/stories/2020/05/stream-ecology-grant.aspx", waiting until "domcontentloaded"\n\n\nCode context:\n1200   \n1201                       response = await page.goto(\n1202                           url, wait_until=config.wait_until, timeout=config.page_timeout\n1203                       )\n1204                   except Error as e:\n1205 →                     raise RuntimeError(f"Failed on navigating ACS-GOTO:\\n{str(e)}")\n1206   \n1207                   await self.execute_hook("after_goto", page, context=context, url=url, response=response)\n1208   \n1209                   if response is None:\n1210                       status_code = 200' session_id=None response_headers=None status_code=None ssl_certificate=None


Failed to crawl: https://www.lycoming.edu/news/stories/2020/09/heim-renovations.aspx
Result: url='https://www.lycoming.edu/news/stories/2020/09/heim-renovations.aspx' html='' success=False cleaned_html=None media={} links={} downloaded_files=None screenshot=None pdf=None markdown=None markdown_v2=None fit_markdown=None fit_html=None extracted_content=None metadata=None error_message='Unexpected error in _crawl_web at line 1246 in _crawl_web (../../.pyenv/versions/3.12.6/lib/python3.12/site-packages/crawl4ai/async_crawler_strategy.py):\nError: \'AsyncPlaywrightCrawlerStrategy\' object has no attribute \'config\'\n\nCode context:\n1241                       raise Error(f"Body element is hidden: {visibility_info}")\n1242   \n1243               except Error as e:\n1244                   visibility_info = await self.check_visibility(page)\n1245   \n1246 →                 if self.config.verbose:\n1247                       self.logger.debug(\n1248                           message="Body visibility info: {info}",\n1249                           tag="DEBUG",\n1250                           params={"info": visibility_info},\n1251                       )' session_id=None response_headers=None status_code=None ssl_certificate=None


Failed to crawl: https://www.lycoming.edu/news/stories/2020/09/maryam-esmat.aspx
Result: url='https://www.lycoming.edu/news/stories/2020/09/maryam-esmat.aspx' html='' success=False cleaned_html=None media={} links={} downloaded_files=None screenshot=None pdf=None markdown=None markdown_v2=None fit_markdown=None fit_html=None extracted_content=None metadata=None error_message='Unexpected error in _crawl_web at line 1246 in _crawl_web (../../.pyenv/versions/3.12.6/lib/python3.12/site-packages/crawl4ai/async_crawler_strategy.py):\nError: \'AsyncPlaywrightCrawlerStrategy\' object has no attribute \'config\'\n\nCode context:\n1241                       raise Error(f"Body element is hidden: {visibility_info}")\n1242   \n1243               except Error as e:\n1244                   visibility_info = await self.check_visibility(page)\n1245   \n1246 →                 if self.config.verbose:\n1247                       self.logger.debug(\n1248                           message="Body visibility info: {info}",\n1249                           tag="DEBUG",\n1250                           params={"info": visibility_info},\n1251                       )' session_id=None response_headers=None status_code=None ssl_certificate=None


Failed to crawl: https://www.lycoming.edu/news/stories/2020/09/mesoamerica-research-grant.aspx
Result: url='https://www.lycoming.edu/news/stories/2020/09/mesoamerica-research-grant.aspx' html='' success=False cleaned_html=None media={} links={} downloaded_files=None screenshot=None pdf=None markdown=None markdown_v2=None fit_markdown=None fit_html=None extracted_content=None metadata=None error_message='Unexpected error in _crawl_web at line 1246 in _crawl_web (../../.pyenv/versions/3.12.6/lib/python3.12/site-packages/crawl4ai/async_crawler_strategy.py):\nError: \'AsyncPlaywrightCrawlerStrategy\' object has no attribute \'config\'\n\nCode context:\n1241                       raise Error(f"Body element is hidden: {visibility_info}")\n1242   \n1243               except Error as e:\n1244                   visibility_info = await self.check_visibility(page)\n1245   \n1246 →                 if self.config.verbose:\n1247                       self.logger.debug(\n1248                           message="Body visibility info: {info}",\n1249                           tag="DEBUG",\n1250                           params={"info": visibility_info},\n1251                       )' session_id=None response_headers=None status_code=None ssl_certificate=None


Failed to crawl: https://www.lycoming.edu/news/stories/2020/09/news-story.aspx
Result: url='https://www.lycoming.edu/news/stories/2020/09/news-story.aspx' html='' success=False cleaned_html=None media={} links={} downloaded_files=None screenshot=None pdf=None markdown=None markdown_v2=None fit_markdown=None fit_html=None extracted_content=None metadata=None error_message='Unexpected error in _crawl_web at line 1246 in _crawl_web (../../.pyenv/versions/3.12.6/lib/python3.12/site-packages/crawl4ai/async_crawler_strategy.py):\nError: \'AsyncPlaywrightCrawlerStrategy\' object has no attribute \'config\'\n\nCode context:\n1241                       raise Error(f"Body element is hidden: {visibility_info}")\n1242   \n1243               except Error as e:\n1244                   visibility_info = await self.check_visibility(page)\n1245   \n1246 →                 if self.config.verbose:\n1247                       self.logger.debug(\n1248                           message="Body visibility info: {info}",\n1249                           tag="DEBUG",\n1250                           params={"info": visibility_info},\n1251                       )' session_id=None response_headers=None status_code=None ssl_certificate=None


Failed to crawl: https://www.lycoming.edu/news/stories/2020/09/news-story1.aspx
Result: url='https://www.lycoming.edu/news/stories/2020/09/news-story1.aspx' html='' success=False cleaned_html=None media={} links={} downloaded_files=None screenshot=None pdf=None markdown=None markdown_v2=None fit_markdown=None fit_html=None extracted_content=None metadata=None error_message='Unexpected error in _crawl_web at line 1246 in _crawl_web (../../.pyenv/versions/3.12.6/lib/python3.12/site-packages/crawl4ai/async_crawler_strategy.py):\nError: \'AsyncPlaywrightCrawlerStrategy\' object has no attribute \'config\'\n\nCode context:\n1241                       raise Error(f"Body element is hidden: {visibility_info}")\n1242   \n1243               except Error as e:\n1244                   visibility_info = await self.check_visibility(page)\n1245   \n1246 →                 if self.config.verbose:\n1247                       self.logger.debug(\n1248                           message="Body visibility info: {info}",\n1249                           tag="DEBUG",\n1250                           params={"info": visibility_info},\n1251                       )' session_id=None response_headers=None status_code=None ssl_certificate=None


Failed to crawl: https://www.lycoming.edu/news/stories/2020/09/pearl-history-podcast.aspx
Result: url='https://www.lycoming.edu/news/stories/2020/09/pearl-history-podcast.aspx' html='' success=False cleaned_html=None media={} links={} downloaded_files=None screenshot=None pdf=None markdown=None markdown_v2=None fit_markdown=None fit_html=None extracted_content=None metadata=None error_message='Unexpected error in _crawl_web at line 1246 in _crawl_web (../../.pyenv/versions/3.12.6/lib/python3.12/site-packages/crawl4ai/async_crawler_strategy.py):\nError: \'AsyncPlaywrightCrawlerStrategy\' object has no attribute \'config\'\n\nCode context:\n1241                       raise Error(f"Body element is hidden: {visibility_info}")\n1242   \n1243               except Error as e:\n1244                   visibility_info = await self.check_visibility(page)\n1245   \n1246 →                 if self.config.verbose:\n1247                       self.logger.debug(\n1248                           message="Body visibility info: {info}",\n1249                           tag="DEBUG",\n1250                           params={"info": visibility_info},\n1251                       )' session_id=None response_headers=None status_code=None ssl_certificate=None


Failed to crawl: https://www.lycoming.edu/news/stories/2020/09/staff-appreciation.aspx
Result: url='https://www.lycoming.edu/news/stories/2020/09/staff-appreciation.aspx' html='' success=False cleaned_html=None media={} links={} downloaded_files=None screenshot=None pdf=None markdown=None markdown_v2=None fit_markdown=None fit_html=None extracted_content=None metadata=None error_message='Unexpected error in _crawl_web at line 1246 in _crawl_web (../../.pyenv/versions/3.12.6/lib/python3.12/site-packages/crawl4ai/async_crawler_strategy.py):\nError: \'AsyncPlaywrightCrawlerStrategy\' object has no attribute \'config\'\n\nCode context:\n1241                       raise Error(f"Body element is hidden: {visibility_info}")\n1242   \n1243               except Error as e:\n1244                   visibility_info = await self.check_visibility(page)\n1245   \n1246 →                 if self.config.verbose:\n1247                       self.logger.debug(\n1248                           message="Body visibility info: {info}",\n1249                           tag="DEBUG",\n1250                           params={"info": visibility_info},\n1251                       )' session_id=None response_headers=None status_code=None ssl_certificate=None


Failed to crawl: https://www.lycoming.edu/news/stories/2020/09/washington-monthly.aspx
Result: url='https://www.lycoming.edu/news/stories/2020/09/washington-monthly.aspx' html='' success=False cleaned_html=None media={} links={} downloaded_files=None screenshot=None pdf=None markdown=None markdown_v2=None fit_markdown=None fit_html=None extracted_content=None metadata=None error_message='Unexpected error in _crawl_web at line 1246 in _crawl_web (../../.pyenv/versions/3.12.6/lib/python3.12/site-packages/crawl4ai/async_crawler_strategy.py):\nError: \'AsyncPlaywrightCrawlerStrategy\' object has no attribute \'config\'\n\nCode context:\n1241                       raise Error(f"Body element is hidden: {visibility_info}")\n1242   \n1243               except Error as e:\n1244                   visibility_info = await self.check_visibility(page)\n1245   \n1246 →                 if self.config.verbose:\n1247                       self.logger.debug(\n1248                           message="Body visibility info: {info}",\n1249                           tag="DEBUG",\n1250                           params={"info": visibility_info},\n1251                       )' session_id=None response_headers=None status_code=None ssl_certificate=None


Failed to crawl: https://www.lycoming.edu/news/stories/2020/10/a-message-from-the-president.aspx
Result: url='https://www.lycoming.edu/news/stories/2020/10/a-message-from-the-president.aspx' html='' success=False cleaned_html=None media={} links={} downloaded_files=None screenshot=None pdf=None markdown=None markdown_v2=None fit_markdown=None fit_html=None extracted_content=None metadata=None error_message='Unexpected error in _crawl_web at line 1246 in _crawl_web (../../.pyenv/versions/3.12.6/lib/python3.12/site-packages/crawl4ai/async_crawler_strategy.py):\nError: \'AsyncPlaywrightCrawlerStrategy\' object has no attribute \'config\'\n\nCode context:\n1241                       raise Error(f"Body element is hidden: {visibility_info}")\n1242   \n1243               except Error as e:\n1244                   visibility_info = await self.check_visibility(page)\n1245   \n1246 →                 if self.config.verbose:\n1247                       self.logger.debug(\n1248                           message="Body visibility info: {info}",\n1249                           tag="DEBUG",\n1250                           params={"info": visibility_info},\n1251                       )' session_id=None response_headers=None status_code=None ssl_certificate=None


Failed to crawl: https://www.lycoming.edu/news/stories/2020/10/coffee-farmer-relief.aspx
Result: url='https://www.lycoming.edu/news/stories/2020/10/coffee-farmer-relief.aspx' html='' success=False cleaned_html=None media={} links={} downloaded_files=None screenshot=None pdf=None markdown=None markdown_v2=None fit_markdown=None fit_html=None extracted_content=None metadata=None error_message='Unexpected error in _crawl_web at line 1246 in _crawl_web (../../.pyenv/versions/3.12.6/lib/python3.12/site-packages/crawl4ai/async_crawler_strategy.py):\nError: \'AsyncPlaywrightCrawlerStrategy\' object has no attribute \'config\'\n\nCode context:\n1241                       raise Error(f"Body element is hidden: {visibility_info}")\n1242   \n1243               except Error as e:\n1244                   visibility_info = await self.check_visibility(page)\n1245   \n1246 →                 if self.config.verbose:\n1247                       self.logger.debug(\n1248                           message="Body visibility info: {info}",\n1249                           tag="DEBUG",\n1250                           params={"info": visibility_info},\n1251                       )' session_id=None response_headers=None status_code=None ssl_certificate=None


Failed to crawl: https://www.lycoming.edu/news/stories/2020/10/feldbauer-named-chieftain.aspx
Result: url='https://www.lycoming.edu/news/stories/2020/10/feldbauer-named-chieftain.aspx' html='' success=False cleaned_html=None media={} links={} downloaded_files=None screenshot=None pdf=None markdown=None markdown_v2=None fit_markdown=None fit_html=None extracted_content=None metadata=None error_message='Unexpected error in _crawl_web at line 1205 in _crawl_web (../../.pyenv/versions/3.12.6/lib/python3.12/site-packages/crawl4ai/async_crawler_strategy.py):\nError: Failed on navigating ACS-GOTO:\nPage.goto: Timeout 60000ms exceeded.\nCall log:\n  - navigating to "https://www.lycoming.edu/news/stories/2020/10/feldbauer-named-chieftain.aspx", waiting until "domcontentloaded"\n\n\nCode context:\n1200   \n1201                       response = await page.goto(\n1202                           url, wait_until=config.wait_until, timeout=config.page_timeout\n1203                       )\n1204                   except Error as e:\n1205 →                     raise RuntimeError(f"Failed on navigating ACS-GOTO:\\n{str(e)}")\n1206   \n1207                   await self.execute_hook("after_goto", page, context=context, url=url, response=response)\n1208   \n1209                   if response is None:\n1210                       status_code = 200' session_id=None response_headers=None status_code=None ssl_certificate=None


Failed to crawl: https://www.lycoming.edu/news/stories/2020/11/biologists-target-water-quality.aspx
Result: url='https://www.lycoming.edu/news/stories/2020/11/biologists-target-water-quality.aspx' html='' success=False cleaned_html=None media={} links={} downloaded_files=None screenshot=None pdf=None markdown=None markdown_v2=None fit_markdown=None fit_html=None extracted_content=None metadata=None error_message='Unexpected error in _crawl_web at line 1246 in _crawl_web (../../.pyenv/versions/3.12.6/lib/python3.12/site-packages/crawl4ai/async_crawler_strategy.py):\nError: \'AsyncPlaywrightCrawlerStrategy\' object has no attribute \'config\'\n\nCode context:\n1241                       raise Error(f"Body element is hidden: {visibility_info}")\n1242   \n1243               except Error as e:\n1244                   visibility_info = await self.check_visibility(page)\n1245   \n1246 →                 if self.config.verbose:\n1247                       self.logger.debug(\n1248                           message="Body visibility info: {info}",\n1249                           tag="DEBUG",\n1250                           params={"info": visibility_info},\n1251                       )' session_id=None response_headers=None status_code=None ssl_certificate=None


Failed to crawl: https://www.lycoming.edu/news/stories/2020/11/bordeamos-por-la-paz.aspx
Result: url='https://www.lycoming.edu/news/stories/2020/11/bordeamos-por-la-paz.aspx' html='' success=False cleaned_html=None media={} links={} downloaded_files=None screenshot=None pdf=None markdown=None markdown_v2=None fit_markdown=None fit_html=None extracted_content=None metadata=None error_message='Unexpected error in _crawl_web at line 1205 in _crawl_web (../../.pyenv/versions/3.12.6/lib/python3.12/site-packages/crawl4ai/async_crawler_strategy.py):\nError: Failed on navigating ACS-GOTO:\nPage.goto: Timeout 60000ms exceeded.\nCall log:\n  - navigating to "https://www.lycoming.edu/news/stories/2020/11/bordeamos-por-la-paz.aspx", waiting until "domcontentloaded"\n\n\nCode context:\n1200   \n1201                       response = await page.goto(\n1202                           url, wait_until=config.wait_until, timeout=config.page_timeout\n1203                       )\n1204                   except Error as e:\n1205 →                     raise RuntimeError(f"Failed on navigating ACS-GOTO:\\n{str(e)}")\n1206   \n1207                   await self.execute_hook("after_goto", page, context=context, url=url, response=response)\n1208   \n1209                   if response is None:\n1210                       status_code = 200' session_id=None response_headers=None status_code=None ssl_certificate=None


Failed to crawl: https://www.lycoming.edu/news/stories/2020/11/dance-of-death.aspx
Result: url='https://www.lycoming.edu/news/stories/2020/11/dance-of-death.aspx' html='' success=False cleaned_html=None media={} links={} downloaded_files=None screenshot=None pdf=None markdown=None markdown_v2=None fit_markdown=None fit_html=None extracted_content=None metadata=None error_message='Unexpected error in _crawl_web at line 1205 in _crawl_web (../../.pyenv/versions/3.12.6/lib/python3.12/site-packages/crawl4ai/async_crawler_strategy.py):\nError: Failed on navigating ACS-GOTO:\nPage.goto: Timeout 60000ms exceeded.\nCall log:\n  - navigating to "https://www.lycoming.edu/news/stories/2020/11/dance-of-death.aspx", waiting until "domcontentloaded"\n\n\nCode context:\n1200   \n1201                       response = await page.goto(\n1202                           url, wait_until=config.wait_until, timeout=config.page_timeout\n1203                       )\n1204                   except Error as e:\n1205 →                     raise RuntimeError(f"Failed on navigating ACS-GOTO:\\n{str(e)}")\n1206   \n1207                   await self.execute_hook("after_goto", page, context=context, url=url, response=response)\n1208   \n1209                   if response is None:\n1210                       status_code = 200' session_id=None response_headers=None status_code=None ssl_certificate=None


Failed to crawl: https://www.lycoming.edu/news/stories/2020/11/faculty-awards.aspx
Result: url='https://www.lycoming.edu/news/stories/2020/11/faculty-awards.aspx' html='' success=False cleaned_html=None media={} links={} downloaded_files=None screenshot=None pdf=None markdown=None markdown_v2=None fit_markdown=None fit_html=None extracted_content=None metadata=None error_message='Unexpected error in _crawl_web at line 1246 in _crawl_web (../../.pyenv/versions/3.12.6/lib/python3.12/site-packages/crawl4ai/async_crawler_strategy.py):\nError: \'AsyncPlaywrightCrawlerStrategy\' object has no attribute \'config\'\n\nCode context:\n1241                       raise Error(f"Body element is hidden: {visibility_info}")\n1242   \n1243               except Error as e:\n1244                   visibility_info = await self.check_visibility(page)\n1245   \n1246 →                 if self.config.verbose:\n1247                       self.logger.debug(\n1248                           message="Body visibility info: {info}",\n1249                           tag="DEBUG",\n1250                           params={"info": visibility_info},\n1251                       )' session_id=None response_headers=None status_code=None ssl_certificate=None


Failed to crawl: https://www.lycoming.edu/news/stories/2020/11/mark-ohlinger.aspx
Result: url='https://www.lycoming.edu/news/stories/2020/11/mark-ohlinger.aspx' html='' success=False cleaned_html=None media={} links={} downloaded_files=None screenshot=None pdf=None markdown=None markdown_v2=None fit_markdown=None fit_html=None extracted_content=None metadata=None error_message='Unexpected error in _crawl_web at line 1246 in _crawl_web (../../.pyenv/versions/3.12.6/lib/python3.12/site-packages/crawl4ai/async_crawler_strategy.py):\nError: \'AsyncPlaywrightCrawlerStrategy\' object has no attribute \'config\'\n\nCode context:\n1241                       raise Error(f"Body element is hidden: {visibility_info}")\n1242   \n1243               except Error as e:\n1244                   visibility_info = await self.check_visibility(page)\n1245   \n1246 →                 if self.config.verbose:\n1247                       self.logger.debug(\n1248                           message="Body visibility info: {info}",\n1249                           tag="DEBUG",\n1250                           params={"info": visibility_info},\n1251                       )' session_id=None response_headers=None status_code=None ssl_certificate=None


Failed to crawl: https://www.lycoming.edu/news/stories/2020/11/susquehanna-life-podcast.aspx
Result: url='https://www.lycoming.edu/news/stories/2020/11/susquehanna-life-podcast.aspx' html='' success=False cleaned_html=None media={} links={} downloaded_files=None screenshot=None pdf=None markdown=None markdown_v2=None fit_markdown=None fit_html=None extracted_content=None metadata=None error_message='Unexpected error in _crawl_web at line 1246 in _crawl_web (../../.pyenv/versions/3.12.6/lib/python3.12/site-packages/crawl4ai/async_crawler_strategy.py):\nError: \'AsyncPlaywrightCrawlerStrategy\' object has no attribute \'config\'\n\nCode context:\n1241                       raise Error(f"Body element is hidden: {visibility_info}")\n1242   \n1243               except Error as e:\n1244                   visibility_info = await self.check_visibility(page)\n1245   \n1246 →                 if self.config.verbose:\n1247                       self.logger.debug(\n1248                           message="Body visibility info: {info}",\n1249                           tag="DEBUG",\n1250                           params={"info": visibility_info},\n1251                       )' session_id=None response_headers=None status_code=None ssl_certificate=None


Failed to crawl: https://www.lycoming.edu/news/stories/2020/12/baseball-field-hockey.aspx
Result: url='https://www.lycoming.edu/news/stories/2020/12/baseball-field-hockey.aspx' html='' success=False cleaned_html=None media={} links={} downloaded_files=None screenshot=None pdf=None markdown=None markdown_v2=None fit_markdown=None fit_html=None extracted_content=None metadata=None error_message='Unexpected error in _crawl_web at line 1205 in _crawl_web (../../.pyenv/versions/3.12.6/lib/python3.12/site-packages/crawl4ai/async_crawler_strategy.py):\nError: Failed on navigating ACS-GOTO:\nPage.goto: Timeout 60000ms exceeded.\nCall log:\n  - navigating to "https://www.lycoming.edu/news/stories/2020/12/baseball-field-hockey.aspx", waiting until "domcontentloaded"\n\n\nCode context:\n1200   \n1201                       response = await page.goto(\n1202                           url, wait_until=config.wait_until, timeout=config.page_timeout\n1203                       )\n1204                   except Error as e:\n1205 →                     raise RuntimeError(f"Failed on navigating ACS-GOTO:\\n{str(e)}")\n1206   \n1207                   await self.execute_hook("after_goto", page, context=context, url=url, response=response)\n1208   \n1209                   if response is None:\n1210                       status_code = 200' session_id=None response_headers=None status_code=None ssl_certificate=None


Failed to crawl: https://www.lycoming.edu/news/stories/2020/12/brilliant-corners.aspx
Result: url='https://www.lycoming.edu/news/stories/2020/12/brilliant-corners.aspx' html='' success=False cleaned_html=None media={} links={} downloaded_files=None screenshot=None pdf=None markdown=None markdown_v2=None fit_markdown=None fit_html=None extracted_content=None metadata=None error_message='Unexpected error in _crawl_web at line 1205 in _crawl_web (../../.pyenv/versions/3.12.6/lib/python3.12/site-packages/crawl4ai/async_crawler_strategy.py):\nError: Failed on navigating ACS-GOTO:\nPage.goto: Timeout 60000ms exceeded.\nCall log:\n  - navigating to "https://www.lycoming.edu/news/stories/2020/12/brilliant-corners.aspx", waiting until "domcontentloaded"\n\n\nCode context:\n1200   \n1201                       response = await page.goto(\n1202                           url, wait_until=config.wait_until, timeout=config.page_timeout\n1203                       )\n1204                   except Error as e:\n1205 →                     raise RuntimeError(f"Failed on navigating ACS-GOTO:\\n{str(e)}")\n1206   \n1207                   await self.execute_hook("after_goto", page, context=context, url=url, response=response)\n1208   \n1209                   if response is None:\n1210                       status_code = 200' session_id=None response_headers=None status_code=None ssl_certificate=None


Failed to crawl: https://www.lycoming.edu/news/stories/2020/12/college-rankings.aspx
Result: url='https://www.lycoming.edu/news/stories/2020/12/college-rankings.aspx' html='' success=False cleaned_html=None media={} links={} downloaded_files=None screenshot=None pdf=None markdown=None markdown_v2=None fit_markdown=None fit_html=None extracted_content=None metadata=None error_message='Unexpected error in _crawl_web at line 1246 in _crawl_web (../../.pyenv/versions/3.12.6/lib/python3.12/site-packages/crawl4ai/async_crawler_strategy.py):\nError: \'AsyncPlaywrightCrawlerStrategy\' object has no attribute \'config\'\n\nCode context:\n1241                       raise Error(f"Body element is hidden: {visibility_info}")\n1242   \n1243               except Error as e:\n1244                   visibility_info = await self.check_visibility(page)\n1245   \n1246 →                 if self.config.verbose:\n1247                       self.logger.debug(\n1248                           message="Body visibility info: {info}",\n1249                           tag="DEBUG",\n1250                           params={"info": visibility_info},\n1251                       )' session_id=None response_headers=None status_code=None ssl_certificate=None


Failed to crawl: https://www.lycoming.edu/news/stories/2021/02/dismantled-virtual-readings.aspx
Result: url='https://www.lycoming.edu/news/stories/2021/02/dismantled-virtual-readings.aspx' html='' success=False cleaned_html=None media={} links={} downloaded_files=None screenshot=None pdf=None markdown=None markdown_v2=None fit_markdown=None fit_html=None extracted_content=None metadata=None error_message='Unexpected error in _crawl_web at line 1246 in _crawl_web (../../.pyenv/versions/3.12.6/lib/python3.12/site-packages/crawl4ai/async_crawler_strategy.py):\nError: \'AsyncPlaywrightCrawlerStrategy\' object has no attribute \'config\'\n\nCode context:\n1241                       raise Error(f"Body element is hidden: {visibility_info}")\n1242   \n1243               except Error as e:\n1244                   visibility_info = await self.check_visibility(page)\n1245   \n1246 →                 if self.config.verbose:\n1247                       self.logger.debug(\n1248                           message="Body visibility info: {info}",\n1249                           tag="DEBUG",\n1250                           params={"info": visibility_info},\n1251                       )' session_id=None response_headers=None status_code=None ssl_certificate=None


Failed to crawl: https://www.lycoming.edu/news/stories/2021/02/palaois-publication.aspx
Result: url='https://www.lycoming.edu/news/stories/2021/02/palaois-publication.aspx' html='' success=False cleaned_html=None media={} links={} downloaded_files=None screenshot=None pdf=None markdown=None markdown_v2=None fit_markdown=None fit_html=None extracted_content=None metadata=None error_message='Unexpected error in _crawl_web at line 1246 in _crawl_web (../../.pyenv/versions/3.12.6/lib/python3.12/site-packages/crawl4ai/async_crawler_strategy.py):\nError: \'AsyncPlaywrightCrawlerStrategy\' object has no attribute \'config\'\n\nCode context:\n1241                       raise Error(f"Body element is hidden: {visibility_info}")\n1242   \n1243               except Error as e:\n1244                   visibility_info = await self.check_visibility(page)\n1245   \n1246 →                 if self.config.verbose:\n1247                       self.logger.debug(\n1248                           message="Body visibility info: {info}",\n1249                           tag="DEBUG",\n1250                           params={"info": visibility_info},\n1251                       )' session_id=None response_headers=None status_code=None ssl_certificate=None


Failed to crawl: https://www.lycoming.edu/news/stories/2021/02/spell-number-7.aspx
Result: url='https://www.lycoming.edu/news/stories/2021/02/spell-number-7.aspx' html='' success=False cleaned_html=None media={} links={} downloaded_files=None screenshot=None pdf=None markdown=None markdown_v2=None fit_markdown=None fit_html=None extracted_content=None metadata=None error_message='Unexpected error in _crawl_web at line 1246 in _crawl_web (../../.pyenv/versions/3.12.6/lib/python3.12/site-packages/crawl4ai/async_crawler_strategy.py):\nError: \'AsyncPlaywrightCrawlerStrategy\' object has no attribute \'config\'\n\nCode context:\n1241                       raise Error(f"Body element is hidden: {visibility_info}")\n1242   \n1243               except Error as e:\n1244                   visibility_info = await self.check_visibility(page)\n1245   \n1246 →                 if self.config.verbose:\n1247                       self.logger.debug(\n1248                           message="Body visibility info: {info}",\n1249                           tag="DEBUG",\n1250                           params={"info": visibility_info},\n1251                       )' session_id=None response_headers=None status_code=None ssl_certificate=None


Failed to crawl: https://www.lycoming.edu/news/stories/2021/03/3d-animation.aspx
Result: url='https://www.lycoming.edu/news/stories/2021/03/3d-animation.aspx' html='' success=False cleaned_html=None media={} links={} downloaded_files=None screenshot=None pdf=None markdown=None markdown_v2=None fit_markdown=None fit_html=None extracted_content=None metadata=None error_message='Unexpected error in _crawl_web at line 1246 in _crawl_web (../../.pyenv/versions/3.12.6/lib/python3.12/site-packages/crawl4ai/async_crawler_strategy.py):\nError: \'AsyncPlaywrightCrawlerStrategy\' object has no attribute \'config\'\n\nCode context:\n1241                       raise Error(f"Body element is hidden: {visibility_info}")\n1242   \n1243               except Error as e:\n1244                   visibility_info = await self.check_visibility(page)\n1245   \n1246 →                 if self.config.verbose:\n1247                       self.logger.debug(\n1248                           message="Body visibility info: {info}",\n1249                           tag="DEBUG",\n1250                           params={"info": visibility_info},\n1251                       )' session_id=None response_headers=None status_code=None ssl_certificate=None


Failed to crawl: https://www.lycoming.edu/news/stories/2021/03/alcohol-energy-drink-research.aspx
Result: url='https://www.lycoming.edu/news/stories/2021/03/alcohol-energy-drink-research.aspx' html='' success=False cleaned_html=None media={} links={} downloaded_files=None screenshot=None pdf=None markdown=None markdown_v2=None fit_markdown=None fit_html=None extracted_content=None metadata=None error_message='Unexpected error in _crawl_web at line 1246 in _crawl_web (../../.pyenv/versions/3.12.6/lib/python3.12/site-packages/crawl4ai/async_crawler_strategy.py):\nError: \'AsyncPlaywrightCrawlerStrategy\' object has no attribute \'config\'\n\nCode context:\n1241                       raise Error(f"Body element is hidden: {visibility_info}")\n1242   \n1243               except Error as e:\n1244                   visibility_info = await self.check_visibility(page)\n1245   \n1246 →                 if self.config.verbose:\n1247                       self.logger.debug(\n1248                           message="Body visibility info: {info}",\n1249                           tag="DEBUG",\n1250                           params={"info": visibility_info},\n1251                       )' session_id=None response_headers=None status_code=None ssl_certificate=None


Failed to crawl: https://www.lycoming.edu/news/stories/2021/03/antigen-testing.aspx
Result: url='https://www.lycoming.edu/news/stories/2021/03/antigen-testing.aspx' html='' success=False cleaned_html=None media={} links={} downloaded_files=None screenshot=None pdf=None markdown=None markdown_v2=None fit_markdown=None fit_html=None extracted_content=None metadata=None error_message='Unexpected error in _crawl_web at line 1246 in _crawl_web (../../.pyenv/versions/3.12.6/lib/python3.12/site-packages/crawl4ai/async_crawler_strategy.py):\nError: \'AsyncPlaywrightCrawlerStrategy\' object has no attribute \'config\'\n\nCode context:\n1241                       raise Error(f"Body element is hidden: {visibility_info}")\n1242   \n1243               except Error as e:\n1244                   visibility_info = await self.check_visibility(page)\n1245   \n1246 →                 if self.config.verbose:\n1247                       self.logger.debug(\n1248                           message="Body visibility info: {info}",\n1249                           tag="DEBUG",\n1250                           params={"info": visibility_info},\n1251                       )' session_id=None response_headers=None status_code=None ssl_certificate=None


Failed to crawl: https://www.lycoming.edu/news/stories/2021/03/day-of-giving-2021.aspx
Result: url='https://www.lycoming.edu/news/stories/2021/03/day-of-giving-2021.aspx' html='' success=False cleaned_html=None media={} links={} downloaded_files=None screenshot=None pdf=None markdown=None markdown_v2=None fit_markdown=None fit_html=None extracted_content=None metadata=None error_message='Unexpected error in _crawl_web at line 1246 in _crawl_web (../../.pyenv/versions/3.12.6/lib/python3.12/site-packages/crawl4ai/async_crawler_strategy.py):\nError: \'AsyncPlaywrightCrawlerStrategy\' object has no attribute \'config\'\n\nCode context:\n1241                       raise Error(f"Body element is hidden: {visibility_info}")\n1242   \n1243               except Error as e:\n1244                   visibility_info = await self.check_visibility(page)\n1245   \n1246 →                 if self.config.verbose:\n1247                       self.logger.debug(\n1248                           message="Body visibility info: {info}",\n1249                           tag="DEBUG",\n1250                           params={"info": visibility_info},\n1251                       )' session_id=None response_headers=None status_code=None ssl_certificate=None


Failed to crawl: https://www.lycoming.edu/news/stories/2021/03/freakonomics.aspx
Result: url='https://www.lycoming.edu/news/stories/2021/03/freakonomics.aspx' html='' success=False cleaned_html=None media={} links={} downloaded_files=None screenshot=None pdf=None markdown=None markdown_v2=None fit_markdown=None fit_html=None extracted_content=None metadata=None error_message='Unexpected error in _crawl_web at line 1246 in _crawl_web (../../.pyenv/versions/3.12.6/lib/python3.12/site-packages/crawl4ai/async_crawler_strategy.py):\nError: \'AsyncPlaywrightCrawlerStrategy\' object has no attribute \'config\'\n\nCode context:\n1241                       raise Error(f"Body element is hidden: {visibility_info}")\n1242   \n1243               except Error as e:\n1244                   visibility_info = await self.check_visibility(page)\n1245   \n1246 →                 if self.config.verbose:\n1247                       self.logger.debug(\n1248                           message="Body visibility info: {info}",\n1249                           tag="DEBUG",\n1250                           params={"info": visibility_info},\n1251                       )' session_id=None response_headers=None status_code=None ssl_certificate=None


Failed to crawl: https://www.lycoming.edu/news/stories/2021/03/lyons-den.aspx
Result: url='https://www.lycoming.edu/news/stories/2021/03/lyons-den.aspx' html='' success=False cleaned_html=None media={} links={} downloaded_files=None screenshot=None pdf=None markdown=None markdown_v2=None fit_markdown=None fit_html=None extracted_content=None metadata=None error_message='Unexpected error in _crawl_web at line 1246 in _crawl_web (../../.pyenv/versions/3.12.6/lib/python3.12/site-packages/crawl4ai/async_crawler_strategy.py):\nError: \'AsyncPlaywrightCrawlerStrategy\' object has no attribute \'config\'\n\nCode context:\n1241                       raise Error(f"Body element is hidden: {visibility_info}")\n1242   \n1243               except Error as e:\n1244                   visibility_info = await self.check_visibility(page)\n1245   \n1246 →                 if self.config.verbose:\n1247                       self.logger.debug(\n1248                           message="Body visibility info: {info}",\n1249                           tag="DEBUG",\n1250                           params={"info": visibility_info},\n1251                       )' session_id=None response_headers=None status_code=None ssl_certificate=None


Failed to crawl: https://www.lycoming.edu/news/stories/2021/03/robb-dietrich.aspx
Result: url='https://www.lycoming.edu/news/stories/2021/03/robb-dietrich.aspx' html='' success=False cleaned_html=None media={} links={} downloaded_files=None screenshot=None pdf=None markdown=None markdown_v2=None fit_markdown=None fit_html=None extracted_content=None metadata=None error_message='Unexpected error in _crawl_web at line 1246 in _crawl_web (../../.pyenv/versions/3.12.6/lib/python3.12/site-packages/crawl4ai/async_crawler_strategy.py):\nError: \'AsyncPlaywrightCrawlerStrategy\' object has no attribute \'config\'\n\nCode context:\n1241                       raise Error(f"Body element is hidden: {visibility_info}")\n1242   \n1243               except Error as e:\n1244                   visibility_info = await self.check_visibility(page)\n1245   \n1246 →                 if self.config.verbose:\n1247                       self.logger.debug(\n1248                           message="Body visibility info: {info}",\n1249                           tag="DEBUG",\n1250                           params={"info": visibility_info},\n1251                       )' session_id=None response_headers=None status_code=None ssl_certificate=None


Failed to crawl: https://www.lycoming.edu/news/stories/2021/05/student-art-mural.aspx
Result: url='https://www.lycoming.edu/news/stories/2021/05/student-art-mural.aspx' html='' success=False cleaned_html=None media={} links={} downloaded_files=None screenshot=None pdf=None markdown=None markdown_v2=None fit_markdown=None fit_html=None extracted_content=None metadata=None error_message='Unexpected error in _crawl_web at line 1246 in _crawl_web (../../.pyenv/versions/3.12.6/lib/python3.12/site-packages/crawl4ai/async_crawler_strategy.py):\nError: \'AsyncPlaywrightCrawlerStrategy\' object has no attribute \'config\'\n\nCode context:\n1241                       raise Error(f"Body element is hidden: {visibility_info}")\n1242   \n1243               except Error as e:\n1244                   visibility_info = await self.check_visibility(page)\n1245   \n1246 →                 if self.config.verbose:\n1247                       self.logger.debug(\n1248                           message="Body visibility info: {info}",\n1249                           tag="DEBUG",\n1250                           params={"info": visibility_info},\n1251                       )' session_id=None response_headers=None status_code=None ssl_certificate=None


Failed to crawl: https://www.lycoming.edu/news/stories/2021/05/the-treatment-translation.aspx
Result: url='https://www.lycoming.edu/news/stories/2021/05/the-treatment-translation.aspx' html='' success=False cleaned_html=None media={} links={} downloaded_files=None screenshot=None pdf=None markdown=None markdown_v2=None fit_markdown=None fit_html=None extracted_content=None metadata=None error_message='Unexpected error in _crawl_web at line 1246 in _crawl_web (../../.pyenv/versions/3.12.6/lib/python3.12/site-packages/crawl4ai/async_crawler_strategy.py):\nError: \'AsyncPlaywrightCrawlerStrategy\' object has no attribute \'config\'\n\nCode context:\n1241                       raise Error(f"Body element is hidden: {visibility_info}")\n1242   \n1243               except Error as e:\n1244                   visibility_info = await self.check_visibility(page)\n1245   \n1246 →                 if self.config.verbose:\n1247                       self.logger.debug(\n1248                           message="Body visibility info: {info}",\n1249                           tag="DEBUG",\n1250                           params={"info": visibility_info},\n1251                       )' session_id=None response_headers=None status_code=None ssl_certificate=None


Failed to crawl: https://www.lycoming.edu/news/stories/2021/05/undergrad-art-history-symposium.aspx
Result: url='https://www.lycoming.edu/news/stories/2021/05/undergrad-art-history-symposium.aspx' html='' success=False cleaned_html=None media={} links={} downloaded_files=None screenshot=None pdf=None markdown=None markdown_v2=None fit_markdown=None fit_html=None extracted_content=None metadata=None error_message='Unexpected error in _crawl_web at line 1246 in _crawl_web (../../.pyenv/versions/3.12.6/lib/python3.12/site-packages/crawl4ai/async_crawler_strategy.py):\nError: \'AsyncPlaywrightCrawlerStrategy\' object has no attribute \'config\'\n\nCode context:\n1241                       raise Error(f"Body element is hidden: {visibility_info}")\n1242   \n1243               except Error as e:\n1244                   visibility_info = await self.check_visibility(page)\n1245   \n1246 →                 if self.config.verbose:\n1247                       self.logger.debug(\n1248                           message="Body visibility info: {info}",\n1249                           tag="DEBUG",\n1250                           params={"info": visibility_info},\n1251                       )' session_id=None response_headers=None status_code=None ssl_certificate=None


Failed to crawl: https://www.lycoming.edu/news/stories/2021/06/a-message-from-the-president.aspx
Result: url='https://www.lycoming.edu/news/stories/2021/06/a-message-from-the-president.aspx' html='' success=False cleaned_html=None media={} links={} downloaded_files=None screenshot=None pdf=None markdown=None markdown_v2=None fit_markdown=None fit_html=None extracted_content=None metadata=None error_message='Unexpected error in _crawl_web at line 1246 in _crawl_web (../../.pyenv/versions/3.12.6/lib/python3.12/site-packages/crawl4ai/async_crawler_strategy.py):\nError: \'AsyncPlaywrightCrawlerStrategy\' object has no attribute \'config\'\n\nCode context:\n1241                       raise Error(f"Body element is hidden: {visibility_info}")\n1242   \n1243               except Error as e:\n1244                   visibility_info = await self.check_visibility(page)\n1245   \n1246 →                 if self.config.verbose:\n1247                       self.logger.debug(\n1248                           message="Body visibility info: {info}",\n1249                           tag="DEBUG",\n1250                           params={"info": visibility_info},\n1251                       )' session_id=None response_headers=None status_code=None ssl_certificate=None


Failed to crawl: https://www.lycoming.edu/news/stories/2021/06/alumni-awards-2020-2021.aspx
Result: url='https://www.lycoming.edu/news/stories/2021/06/alumni-awards-2020-2021.aspx' html='' success=False cleaned_html=None media={} links={} downloaded_files=None screenshot=None pdf=None markdown=None markdown_v2=None fit_markdown=None fit_html=None extracted_content=None metadata=None error_message='Unexpected error in _crawl_web at line 1246 in _crawl_web (../../.pyenv/versions/3.12.6/lib/python3.12/site-packages/crawl4ai/async_crawler_strategy.py):\nError: \'AsyncPlaywrightCrawlerStrategy\' object has no attribute \'config\'\n\nCode context:\n1241                       raise Error(f"Body element is hidden: {visibility_info}")\n1242   \n1243               except Error as e:\n1244                   visibility_info = await self.check_visibility(page)\n1245   \n1246 →                 if self.config.verbose:\n1247                       self.logger.debug(\n1248                           message="Body visibility info: {info}",\n1249                           tag="DEBUG",\n1250                           params={"info": visibility_info},\n1251                       )' session_id=None response_headers=None status_code=None ssl_certificate=None


Failed to crawl: https://www.lycoming.edu/news/stories/2021/06/brilliant-corners-summer-21.aspx
Result: url='https://www.lycoming.edu/news/stories/2021/06/brilliant-corners-summer-21.aspx' html='' success=False cleaned_html=None media={} links={} downloaded_files=None screenshot=None pdf=None markdown=None markdown_v2=None fit_markdown=None fit_html=None extracted_content=None metadata=None error_message='Unexpected error in _crawl_web at line 1246 in _crawl_web (../../.pyenv/versions/3.12.6/lib/python3.12/site-packages/crawl4ai/async_crawler_strategy.py):\nError: \'AsyncPlaywrightCrawlerStrategy\' object has no attribute \'config\'\n\nCode context:\n1241                       raise Error(f"Body element is hidden: {visibility_info}")\n1242   \n1243               except Error as e:\n1244                   visibility_info = await self.check_visibility(page)\n1245   \n1246 →                 if self.config.verbose:\n1247                       self.logger.debug(\n1248                           message="Body visibility info: {info}",\n1249                           tag="DEBUG",\n1250                           params={"info": visibility_info},\n1251                       )' session_id=None response_headers=None status_code=None ssl_certificate=None


Failed to crawl: https://www.lycoming.edu/news/stories/2021/06/mixed-use-facility.aspx
Result: url='https://www.lycoming.edu/news/stories/2021/06/mixed-use-facility.aspx' html='' success=False cleaned_html=None media={} links={} downloaded_files=None screenshot=None pdf=None markdown=None markdown_v2=None fit_markdown=None fit_html=None extracted_content=None metadata=None error_message='Unexpected error in _crawl_web at line 1246 in _crawl_web (../../.pyenv/versions/3.12.6/lib/python3.12/site-packages/crawl4ai/async_crawler_strategy.py):\nError: \'AsyncPlaywrightCrawlerStrategy\' object has no attribute \'config\'\n\nCode context:\n1241                       raise Error(f"Body element is hidden: {visibility_info}")\n1242   \n1243               except Error as e:\n1244                   visibility_info = await self.check_visibility(page)\n1245   \n1246 →                 if self.config.verbose:\n1247                       self.logger.debug(\n1248                           message="Body visibility info: {info}",\n1249                           tag="DEBUG",\n1250                           params={"info": visibility_info},\n1251                       )' session_id=None response_headers=None status_code=None ssl_certificate=None


Failed to crawl: https://www.lycoming.edu/news/stories/2021/06/music-facility-construction.aspx
Result: url='https://www.lycoming.edu/news/stories/2021/06/music-facility-construction.aspx' html='' success=False cleaned_html=None media={} links={} downloaded_files=None screenshot=None pdf=None markdown=None markdown_v2=None fit_markdown=None fit_html=None extracted_content=None metadata=None error_message='Unexpected error in _crawl_web at line 1246 in _crawl_web (../../.pyenv/versions/3.12.6/lib/python3.12/site-packages/crawl4ai/async_crawler_strategy.py):\nError: \'AsyncPlaywrightCrawlerStrategy\' object has no attribute \'config\'\n\nCode context:\n1241                       raise Error(f"Body element is hidden: {visibility_info}")\n1242   \n1243               except Error as e:\n1244                   visibility_info = await self.check_visibility(page)\n1245   \n1246 →                 if self.config.verbose:\n1247                       self.logger.debug(\n1248                           message="Body visibility info: {info}",\n1249                           tag="DEBUG",\n1250                           params={"info": visibility_info},\n1251                       )' session_id=None response_headers=None status_code=None ssl_certificate=None


Failed to crawl: https://www.lycoming.edu/news/stories/2021/06/new-york-life.aspx
Result: url='https://www.lycoming.edu/news/stories/2021/06/new-york-life.aspx' html='' success=False cleaned_html=None media={} links={} downloaded_files=None screenshot=None pdf=None markdown=None markdown_v2=None fit_markdown=None fit_html=None extracted_content=None metadata=None error_message='Unexpected error in _crawl_web at line 1246 in _crawl_web (../../.pyenv/versions/3.12.6/lib/python3.12/site-packages/crawl4ai/async_crawler_strategy.py):\nError: \'AsyncPlaywrightCrawlerStrategy\' object has no attribute \'config\'\n\nCode context:\n1241                       raise Error(f"Body element is hidden: {visibility_info}")\n1242   \n1243               except Error as e:\n1244                   visibility_info = await self.check_visibility(page)\n1245   \n1246 →                 if self.config.verbose:\n1247                       self.logger.debug(\n1248                           message="Body visibility info: {info}",\n1249                           tag="DEBUG",\n1250                           params={"info": visibility_info},\n1251                       )' session_id=None response_headers=None status_code=None ssl_certificate=None


Failed to crawl: https://www.lycoming.edu/news/stories/2021/06/youth-crime-study.aspx
Result: url='https://www.lycoming.edu/news/stories/2021/06/youth-crime-study.aspx' html='' success=False cleaned_html=None media={} links={} downloaded_files=None screenshot=None pdf=None markdown=None markdown_v2=None fit_markdown=None fit_html=None extracted_content=None metadata=None error_message='Unexpected error in _crawl_web at line 1246 in _crawl_web (../../.pyenv/versions/3.12.6/lib/python3.12/site-packages/crawl4ai/async_crawler_strategy.py):\nError: \'AsyncPlaywrightCrawlerStrategy\' object has no attribute \'config\'\n\nCode context:\n1241                       raise Error(f"Body element is hidden: {visibility_info}")\n1242   \n1243               except Error as e:\n1244                   visibility_info = await self.check_visibility(page)\n1245   \n1246 →                 if self.config.verbose:\n1247                       self.logger.debug(\n1248                           message="Body visibility info: {info}",\n1249                           tag="DEBUG",\n1250                           params={"info": visibility_info},\n1251                       )' session_id=None response_headers=None status_code=None ssl_certificate=None


Failed to crawl: https://www.lycoming.edu/news/stories/2021/07/alden-trust-grant.aspx
Result: url='https://www.lycoming.edu/news/stories/2021/07/alden-trust-grant.aspx' html='' success=False cleaned_html=None media={} links={} downloaded_files=None screenshot=None pdf=None markdown=None markdown_v2=None fit_markdown=None fit_html=None extracted_content=None metadata=None error_message='Unexpected error in _crawl_web at line 1205 in _crawl_web (../../.pyenv/versions/3.12.6/lib/python3.12/site-packages/crawl4ai/async_crawler_strategy.py):\nError: Failed on navigating ACS-GOTO:\nPage.goto: Timeout 60000ms exceeded.\nCall log:\n  - navigating to "https://www.lycoming.edu/news/stories/2021/07/alden-trust-grant.aspx", waiting until "domcontentloaded"\n\n\nCode context:\n1200   \n1201                       response = await page.goto(\n1202                           url, wait_until=config.wait_until, timeout=config.page_timeout\n1203                       )\n1204                   except Error as e:\n1205 →                     raise RuntimeError(f"Failed on navigating ACS-GOTO:\\n{str(e)}")\n1206   \n1207                   await self.execute_hook("after_goto", page, context=context, url=url, response=response)\n1208   \n1209                   if response is None:\n1210                       status_code = 200' session_id=None response_headers=None status_code=None ssl_certificate=None


Failed to crawl: https://www.lycoming.edu/news/stories/2021/07/million-dollar-solution-internship.aspx
Result: url='https://www.lycoming.edu/news/stories/2021/07/million-dollar-solution-internship.aspx' html='' success=False cleaned_html=None media={} links={} downloaded_files=None screenshot=None pdf=None markdown=None markdown_v2=None fit_markdown=None fit_html=None extracted_content=None metadata=None error_message='Unexpected error in _crawl_web at line 1205 in _crawl_web (../../.pyenv/versions/3.12.6/lib/python3.12/site-packages/crawl4ai/async_crawler_strategy.py):\nError: Failed on navigating ACS-GOTO:\nPage.goto: Timeout 60000ms exceeded.\nCall log:\n  - navigating to "https://www.lycoming.edu/news/stories/2021/07/million-dollar-solution-internship.aspx", waiting until "domcontentloaded"\n\n\nCode context:\n1200   \n1201                       response = await page.goto(\n1202                           url, wait_until=config.wait_until, timeout=config.page_timeout\n1203                       )\n1204                   except Error as e:\n1205 →                     raise RuntimeError(f"Failed on navigating ACS-GOTO:\\n{str(e)}")\n1206   \n1207                   await self.execute_hook("after_goto", page, context=context, url=url, response=response)\n1208   \n1209                   if response is None:\n1210                       status_code = 200' session_id=None response_headers=None status_code=None ssl_certificate=None


Failed to crawl: https://www.lycoming.edu/news/stories/2021/07/neuroscience-conference.aspx
Result: url='https://www.lycoming.edu/news/stories/2021/07/neuroscience-conference.aspx' html='' success=False cleaned_html=None media={} links={} downloaded_files=None screenshot=None pdf=None markdown=None markdown_v2=None fit_markdown=None fit_html=None extracted_content=None metadata=None error_message='Unexpected error in _crawl_web at line 1205 in _crawl_web (../../.pyenv/versions/3.12.6/lib/python3.12/site-packages/crawl4ai/async_crawler_strategy.py):\nError: Failed on navigating ACS-GOTO:\nPage.goto: Timeout 60000ms exceeded.\nCall log:\n  - navigating to "https://www.lycoming.edu/news/stories/2021/07/neuroscience-conference.aspx", waiting until "domcontentloaded"\n\n\nCode context:\n1200   \n1201                       response = await page.goto(\n1202                           url, wait_until=config.wait_until, timeout=config.page_timeout\n1203                       )\n1204                   except Error as e:\n1205 →                     raise RuntimeError(f"Failed on navigating ACS-GOTO:\\n{str(e)}")\n1206   \n1207                   await self.execute_hook("after_goto", page, context=context, url=url, response=response)\n1208   \n1209                   if response is None:\n1210                       status_code = 200' session_id=None response_headers=None status_code=None ssl_certificate=None


Failed to crawl: https://www.lycoming.edu/news/stories/2021/07/news-story.aspx
Result: url='https://www.lycoming.edu/news/stories/2021/07/news-story.aspx' html='' success=False cleaned_html=None media={} links={} downloaded_files=None screenshot=None pdf=None markdown=None markdown_v2=None fit_markdown=None fit_html=None extracted_content=None metadata=None error_message='Unexpected error in _crawl_web at line 1205 in _crawl_web (../../.pyenv/versions/3.12.6/lib/python3.12/site-packages/crawl4ai/async_crawler_strategy.py):\nError: Failed on navigating ACS-GOTO:\nPage.goto: Timeout 60000ms exceeded.\nCall log:\n  - navigating to "https://www.lycoming.edu/news/stories/2021/07/news-story.aspx", waiting until "domcontentloaded"\n\n\nCode context:\n1200   \n1201                       response = await page.goto(\n1202                           url, wait_until=config.wait_until, timeout=config.page_timeout\n1203                       )\n1204                   except Error as e:\n1205 →                     raise RuntimeError(f"Failed on navigating ACS-GOTO:\\n{str(e)}")\n1206   \n1207                   await self.execute_hook("after_goto", page, context=context, url=url, response=response)\n1208   \n1209                   if response is None:\n1210                       status_code = 200' session_id=None response_headers=None status_code=None ssl_certificate=None


Failed to crawl: https://www.lycoming.edu/news/stories/2021/07/viruses-pandemics-society.aspx
Result: url='https://www.lycoming.edu/news/stories/2021/07/viruses-pandemics-society.aspx' html='' success=False cleaned_html=None media={} links={} downloaded_files=None screenshot=None pdf=None markdown=None markdown_v2=None fit_markdown=None fit_html=None extracted_content=None metadata=None error_message='Unexpected error in _crawl_web at line 1205 in _crawl_web (../../.pyenv/versions/3.12.6/lib/python3.12/site-packages/crawl4ai/async_crawler_strategy.py):\nError: Failed on navigating ACS-GOTO:\nPage.goto: Timeout 60000ms exceeded.\nCall log:\n  - navigating to "https://www.lycoming.edu/news/stories/2021/07/viruses-pandemics-society.aspx", waiting until "domcontentloaded"\n\n\nCode context:\n1200   \n1201                       response = await page.goto(\n1202                           url, wait_until=config.wait_until, timeout=config.page_timeout\n1203                       )\n1204                   except Error as e:\n1205 →                     raise RuntimeError(f"Failed on navigating ACS-GOTO:\\n{str(e)}")\n1206   \n1207                   await self.execute_hook("after_goto", page, context=context, url=url, response=response)\n1208   \n1209                   if response is None:\n1210                       status_code = 200' session_id=None response_headers=None status_code=None ssl_certificate=None


Failed to crawl: https://www.lycoming.edu/news/stories/2021/07/wbre-redevelopment-project.aspx
Result: url='https://www.lycoming.edu/news/stories/2021/07/wbre-redevelopment-project.aspx' html='' success=False cleaned_html=None media={} links={} downloaded_files=None screenshot=None pdf=None markdown=None markdown_v2=None fit_markdown=None fit_html=None extracted_content=None metadata=None error_message='Unexpected error in _crawl_web at line 1205 in _crawl_web (../../.pyenv/versions/3.12.6/lib/python3.12/site-packages/crawl4ai/async_crawler_strategy.py):\nError: Failed on navigating ACS-GOTO:\nPage.goto: Timeout 60000ms exceeded.\nCall log:\n  - navigating to "https://www.lycoming.edu/news/stories/2021/07/wbre-redevelopment-project.aspx", waiting until "domcontentloaded"\n\n\nCode context:\n1200   \n1201                       response = await page.goto(\n1202                           url, wait_until=config.wait_until, timeout=config.page_timeout\n1203                       )\n1204                   except Error as e:\n1205 →                     raise RuntimeError(f"Failed on navigating ACS-GOTO:\\n{str(e)}")\n1206   \n1207                   await self.execute_hook("after_goto", page, context=context, url=url, response=response)\n1208   \n1209                   if response is None:\n1210                       status_code = 200' session_id=None response_headers=None status_code=None ssl_certificate=None


Failed to crawl: https://www.lycoming.edu/news/stories/2021/07/wbre-youth-crime.aspx
Result: url='https://www.lycoming.edu/news/stories/2021/07/wbre-youth-crime.aspx' html='' success=False cleaned_html=None media={} links={} downloaded_files=None screenshot=None pdf=None markdown=None markdown_v2=None fit_markdown=None fit_html=None extracted_content=None metadata=None error_message='Unexpected error in _crawl_web at line 1205 in _crawl_web (../../.pyenv/versions/3.12.6/lib/python3.12/site-packages/crawl4ai/async_crawler_strategy.py):\nError: Failed on navigating ACS-GOTO:\nPage.goto: Timeout 60000ms exceeded.\nCall log:\n  - navigating to "https://www.lycoming.edu/news/stories/2021/07/wbre-youth-crime.aspx", waiting until "domcontentloaded"\n\n\nCode context:\n1200   \n1201                       response = await page.goto(\n1202                           url, wait_until=config.wait_until, timeout=config.page_timeout\n1203                       )\n1204                   except Error as e:\n1205 →                     raise RuntimeError(f"Failed on navigating ACS-GOTO:\\n{str(e)}")\n1206   \n1207                   await self.execute_hook("after_goto", page, context=context, url=url, response=response)\n1208   \n1209                   if response is None:\n1210                       status_code = 200' session_id=None response_headers=None status_code=None ssl_certificate=None


Failed to crawl: https://www.lycoming.edu/news/stories/2021/08/annapolis-group.aspx
Result: url='https://www.lycoming.edu/news/stories/2021/08/annapolis-group.aspx' html='' success=False cleaned_html=None media={} links={} downloaded_files=None screenshot=None pdf=None markdown=None markdown_v2=None fit_markdown=None fit_html=None extracted_content=None metadata=None error_message='Unexpected error in _crawl_web at line 1205 in _crawl_web (../../.pyenv/versions/3.12.6/lib/python3.12/site-packages/crawl4ai/async_crawler_strategy.py):\nError: Failed on navigating ACS-GOTO:\nPage.goto: Timeout 60000ms exceeded.\nCall log:\n  - navigating to "https://www.lycoming.edu/news/stories/2021/08/annapolis-group.aspx", waiting until "domcontentloaded"\n\n\nCode context:\n1200   \n1201                       response = await page.goto(\n1202                           url, wait_until=config.wait_until, timeout=config.page_timeout\n1203                       )\n1204                   except Error as e:\n1205 →                     raise RuntimeError(f"Failed on navigating ACS-GOTO:\\n{str(e)}")\n1206   \n1207                   await self.execute_hook("after_goto", page, context=context, url=url, response=response)\n1208   \n1209                   if response is None:\n1210                       status_code = 200' session_id=None response_headers=None status_code=None ssl_certificate=None


Failed to crawl: https://www.lycoming.edu/news/stories/2021/08/focus-on-networking.aspx
Result: url='https://www.lycoming.edu/news/stories/2021/08/focus-on-networking.aspx' html='' success=False cleaned_html=None media={} links={} downloaded_files=None screenshot=None pdf=None markdown=None markdown_v2=None fit_markdown=None fit_html=None extracted_content=None metadata=None error_message='Unexpected error in _crawl_web at line 1205 in _crawl_web (../../.pyenv/versions/3.12.6/lib/python3.12/site-packages/crawl4ai/async_crawler_strategy.py):\nError: Failed on navigating ACS-GOTO:\nPage.goto: Timeout 60000ms exceeded.\nCall log:\n  - navigating to "https://www.lycoming.edu/news/stories/2021/08/focus-on-networking.aspx", waiting until "domcontentloaded"\n\n\nCode context:\n1200   \n1201                       response = await page.goto(\n1202                           url, wait_until=config.wait_until, timeout=config.page_timeout\n1203                       )\n1204                   except Error as e:\n1205 →                     raise RuntimeError(f"Failed on navigating ACS-GOTO:\\n{str(e)}")\n1206   \n1207                   await self.execute_hook("after_goto", page, context=context, url=url, response=response)\n1208   \n1209                   if response is None:\n1210                       status_code = 200' session_id=None response_headers=None status_code=None ssl_certificate=None


Failed to crawl: https://www.lycoming.edu/news/stories/2021/08/john-capo-smerconish.aspx
Result: url='https://www.lycoming.edu/news/stories/2021/08/john-capo-smerconish.aspx' html='' success=False cleaned_html=None media={} links={} downloaded_files=None screenshot=None pdf=None markdown=None markdown_v2=None fit_markdown=None fit_html=None extracted_content=None metadata=None error_message='Unexpected error in _crawl_web at line 1205 in _crawl_web (../../.pyenv/versions/3.12.6/lib/python3.12/site-packages/crawl4ai/async_crawler_strategy.py):\nError: Failed on navigating ACS-GOTO:\nPage.goto: Timeout 60000ms exceeded.\nCall log:\n  - navigating to "https://www.lycoming.edu/news/stories/2021/08/john-capo-smerconish.aspx", waiting until "domcontentloaded"\n\n\nCode context:\n1200   \n1201                       response = await page.goto(\n1202                           url, wait_until=config.wait_until, timeout=config.page_timeout\n1203                       )\n1204                   except Error as e:\n1205 →                     raise RuntimeError(f"Failed on navigating ACS-GOTO:\\n{str(e)}")\n1206   \n1207                   await self.execute_hook("after_goto", page, context=context, url=url, response=response)\n1208   \n1209                   if response is None:\n1210                       status_code = 200' session_id=None response_headers=None status_code=None ssl_certificate=None


Failed to crawl: https://www.lycoming.edu/news/stories/2021/08/mark-chen-exhibition.aspx
Result: url='https://www.lycoming.edu/news/stories/2021/08/mark-chen-exhibition.aspx' html='' success=False cleaned_html=None media={} links={} downloaded_files=None screenshot=None pdf=None markdown=None markdown_v2=None fit_markdown=None fit_html=None extracted_content=None metadata=None error_message='Unexpected error in _crawl_web at line 1246 in _crawl_web (../../.pyenv/versions/3.12.6/lib/python3.12/site-packages/crawl4ai/async_crawler_strategy.py):\nError: \'AsyncPlaywrightCrawlerStrategy\' object has no attribute \'config\'\n\nCode context:\n1241                       raise Error(f"Body element is hidden: {visibility_info}")\n1242   \n1243               except Error as e:\n1244                   visibility_info = await self.check_visibility(page)\n1245   \n1246 →                 if self.config.verbose:\n1247                       self.logger.debug(\n1248                           message="Body visibility info: {info}",\n1249                           tag="DEBUG",\n1250                           params={"info": visibility_info},\n1251                       )' session_id=None response_headers=None status_code=None ssl_certificate=None


Failed to crawl: https://www.lycoming.edu/news/stories/2021/08/mica-kurtz-houston-chronicle.aspx
Result: url='https://www.lycoming.edu/news/stories/2021/08/mica-kurtz-houston-chronicle.aspx' html='' success=False cleaned_html=None media={} links={} downloaded_files=None screenshot=None pdf=None markdown=None markdown_v2=None fit_markdown=None fit_html=None extracted_content=None metadata=None error_message='Unexpected error in _crawl_web at line 1246 in _crawl_web (../../.pyenv/versions/3.12.6/lib/python3.12/site-packages/crawl4ai/async_crawler_strategy.py):\nError: \'AsyncPlaywrightCrawlerStrategy\' object has no attribute \'config\'\n\nCode context:\n1241                       raise Error(f"Body element is hidden: {visibility_info}")\n1242   \n1243               except Error as e:\n1244                   visibility_info = await self.check_visibility(page)\n1245   \n1246 →                 if self.config.verbose:\n1247                       self.logger.debug(\n1248                           message="Body visibility info: {info}",\n1249                           tag="DEBUG",\n1250                           params={"info": visibility_info},\n1251                       )' session_id=None response_headers=None status_code=None ssl_certificate=None


Failed to crawl: https://www.lycoming.edu/news/stories/2021/09/9-11-day-of-service.aspx
Result: url='https://www.lycoming.edu/news/stories/2021/09/9-11-day-of-service.aspx' html='' success=False cleaned_html=None media={} links={} downloaded_files=None screenshot=None pdf=None markdown=None markdown_v2=None fit_markdown=None fit_html=None extracted_content=None metadata=None error_message='Unexpected error in _crawl_web at line 1246 in _crawl_web (../../.pyenv/versions/3.12.6/lib/python3.12/site-packages/crawl4ai/async_crawler_strategy.py):\nError: \'AsyncPlaywrightCrawlerStrategy\' object has no attribute \'config\'\n\nCode context:\n1241                       raise Error(f"Body element is hidden: {visibility_info}")\n1242   \n1243               except Error as e:\n1244                   visibility_info = await self.check_visibility(page)\n1245   \n1246 →                 if self.config.verbose:\n1247                       self.logger.debug(\n1248                           message="Body visibility info: {info}",\n1249                           tag="DEBUG",\n1250                           params={"info": visibility_info},\n1251                       )' session_id=None response_headers=None status_code=None ssl_certificate=None


Failed to crawl: https://www.lycoming.edu/news/stories/2021/09/astronomy-physics-endowed-fund.aspx
Result: url='https://www.lycoming.edu/news/stories/2021/09/astronomy-physics-endowed-fund.aspx' html='' success=False cleaned_html=None media={} links={} downloaded_files=None screenshot=None pdf=None markdown=None markdown_v2=None fit_markdown=None fit_html=None extracted_content=None metadata=None error_message='Unexpected error in _crawl_web at line 1246 in _crawl_web (../../.pyenv/versions/3.12.6/lib/python3.12/site-packages/crawl4ai/async_crawler_strategy.py):\nError: \'AsyncPlaywrightCrawlerStrategy\' object has no attribute \'config\'\n\nCode context:\n1241                       raise Error(f"Body element is hidden: {visibility_info}")\n1242   \n1243               except Error as e:\n1244                   visibility_info = await self.check_visibility(page)\n1245   \n1246 →                 if self.config.verbose:\n1247                       self.logger.debug(\n1248                           message="Body visibility info: {info}",\n1249                           tag="DEBUG",\n1250                           params={"info": visibility_info},\n1251                       )' session_id=None response_headers=None status_code=None ssl_certificate=None


Failed to crawl: https://www.lycoming.edu/news/stories/2021/09/bald-birds-brewery.aspx
Result: url='https://www.lycoming.edu/news/stories/2021/09/bald-birds-brewery.aspx' html='' success=False cleaned_html=None media={} links={} downloaded_files=None screenshot=None pdf=None markdown=None markdown_v2=None fit_markdown=None fit_html=None extracted_content=None metadata=None error_message='Unexpected error in _crawl_web at line 1246 in _crawl_web (../../.pyenv/versions/3.12.6/lib/python3.12/site-packages/crawl4ai/async_crawler_strategy.py):\nError: \'AsyncPlaywrightCrawlerStrategy\' object has no attribute \'config\'\n\nCode context:\n1241                       raise Error(f"Body element is hidden: {visibility_info}")\n1242   \n1243               except Error as e:\n1244                   visibility_info = await self.check_visibility(page)\n1245   \n1246 →                 if self.config.verbose:\n1247                       self.logger.debug(\n1248                           message="Body visibility info: {info}",\n1249                           tag="DEBUG",\n1250                           params={"info": visibility_info},\n1251                       )' session_id=None response_headers=None status_code=None ssl_certificate=None


Failed to crawl: https://www.lycoming.edu/news/stories/2021/09/college-rankings.aspx
Result: url='https://www.lycoming.edu/news/stories/2021/09/college-rankings.aspx' html='' success=False cleaned_html=None media={} links={} downloaded_files=None screenshot=None pdf=None markdown=None markdown_v2=None fit_markdown=None fit_html=None extracted_content=None metadata=None error_message='Unexpected error in _crawl_web at line 1246 in _crawl_web (../../.pyenv/versions/3.12.6/lib/python3.12/site-packages/crawl4ai/async_crawler_strategy.py):\nError: \'AsyncPlaywrightCrawlerStrategy\' object has no attribute \'config\'\n\nCode context:\n1241                       raise Error(f"Body element is hidden: {visibility_info}")\n1242   \n1243               except Error as e:\n1244                   visibility_info = await self.check_visibility(page)\n1245   \n1246 →                 if self.config.verbose:\n1247                       self.logger.debug(\n1248                           message="Body visibility info: {info}",\n1249                           tag="DEBUG",\n1250                           params={"info": visibility_info},\n1251                       )' session_id=None response_headers=None status_code=None ssl_certificate=None


Failed to crawl: https://www.lycoming.edu/news/stories/2021/09/grassmueck-insurance-advice.aspx
Result: url='https://www.lycoming.edu/news/stories/2021/09/grassmueck-insurance-advice.aspx' html='' success=False cleaned_html=None media={} links={} downloaded_files=None screenshot=None pdf=None markdown=None markdown_v2=None fit_markdown=None fit_html=None extracted_content=None metadata=None error_message='Unexpected error in _crawl_web at line 1246 in _crawl_web (../../.pyenv/versions/3.12.6/lib/python3.12/site-packages/crawl4ai/async_crawler_strategy.py):\nError: \'AsyncPlaywrightCrawlerStrategy\' object has no attribute \'config\'\n\nCode context:\n1241                       raise Error(f"Body element is hidden: {visibility_info}")\n1242   \n1243               except Error as e:\n1244                   visibility_info = await self.check_visibility(page)\n1245   \n1246 →                 if self.config.verbose:\n1247                       self.logger.debug(\n1248                           message="Body visibility info: {info}",\n1249                           tag="DEBUG",\n1250                           params={"info": visibility_info},\n1251                       )' session_id=None response_headers=None status_code=None ssl_certificate=None


Failed to crawl: https://www.lycoming.edu/news/stories/2021/09/new-student-convocation-2021.aspx
Result: url='https://www.lycoming.edu/news/stories/2021/09/new-student-convocation-2021.aspx' html='' success=False cleaned_html=None media={} links={} downloaded_files=None screenshot=None pdf=None markdown=None markdown_v2=None fit_markdown=None fit_html=None extracted_content=None metadata=None error_message='Unexpected error in _crawl_web at line 1246 in _crawl_web (../../.pyenv/versions/3.12.6/lib/python3.12/site-packages/crawl4ai/async_crawler_strategy.py):\nError: \'AsyncPlaywrightCrawlerStrategy\' object has no attribute \'config\'\n\nCode context:\n1241                       raise Error(f"Body element is hidden: {visibility_info}")\n1242   \n1243               except Error as e:\n1244                   visibility_info = await self.check_visibility(page)\n1245   \n1246 →                 if self.config.verbose:\n1247                       self.logger.debug(\n1248                           message="Body visibility info: {info}",\n1249                           tag="DEBUG",\n1250                           params={"info": visibility_info},\n1251                       )' session_id=None response_headers=None status_code=None ssl_certificate=None


Failed to crawl: https://www.lycoming.edu/news/stories/2021/09/sue-carrie-drummond.aspx
Result: url='https://www.lycoming.edu/news/stories/2021/09/sue-carrie-drummond.aspx' html='' success=False cleaned_html=None media={} links={} downloaded_files=None screenshot=None pdf=None markdown=None markdown_v2=None fit_markdown=None fit_html=None extracted_content=None metadata=None error_message='Unexpected error in _crawl_web at line 1246 in _crawl_web (../../.pyenv/versions/3.12.6/lib/python3.12/site-packages/crawl4ai/async_crawler_strategy.py):\nError: \'AsyncPlaywrightCrawlerStrategy\' object has no attribute \'config\'\n\nCode context:\n1241                       raise Error(f"Body element is hidden: {visibility_info}")\n1242   \n1243               except Error as e:\n1244                   visibility_info = await self.check_visibility(page)\n1245   \n1246 →                 if self.config.verbose:\n1247                       self.logger.debug(\n1248                           message="Body visibility info: {info}",\n1249                           tag="DEBUG",\n1250                           params={"info": visibility_info},\n1251                       )' session_id=None response_headers=None status_code=None ssl_certificate=None


Failed to crawl: https://www.lycoming.edu/news/stories/2021/09/verto-partnership.aspx
Result: url='https://www.lycoming.edu/news/stories/2021/09/verto-partnership.aspx' html='' success=False cleaned_html=None media={} links={} downloaded_files=None screenshot=None pdf=None markdown=None markdown_v2=None fit_markdown=None fit_html=None extracted_content=None metadata=None error_message='Unexpected error in _crawl_web at line 1205 in _crawl_web (../../.pyenv/versions/3.12.6/lib/python3.12/site-packages/crawl4ai/async_crawler_strategy.py):\nError: Failed on navigating ACS-GOTO:\nPage.goto: Timeout 60000ms exceeded.\nCall log:\n  - navigating to "https://www.lycoming.edu/news/stories/2021/09/verto-partnership.aspx", waiting until "domcontentloaded"\n\n\nCode context:\n1200   \n1201                       response = await page.goto(\n1202                           url, wait_until=config.wait_until, timeout=config.page_timeout\n1203                       )\n1204                   except Error as e:\n1205 →                     raise RuntimeError(f"Failed on navigating ACS-GOTO:\\n{str(e)}")\n1206   \n1207                   await self.execute_hook("after_goto", page, context=context, url=url, response=response)\n1208   \n1209                   if response is None:\n1210                       status_code = 200' session_id=None response_headers=None status_code=None ssl_certificate=None


Failed to crawl: https://www.lycoming.edu/news/stories/2021/10/att-support.aspx
Result: url='https://www.lycoming.edu/news/stories/2021/10/att-support.aspx' html='' success=False cleaned_html=None media={} links={} downloaded_files=None screenshot=None pdf=None markdown=None markdown_v2=None fit_markdown=None fit_html=None extracted_content=None metadata=None error_message='Unexpected error in _crawl_web at line 1205 in _crawl_web (../../.pyenv/versions/3.12.6/lib/python3.12/site-packages/crawl4ai/async_crawler_strategy.py):\nError: Failed on navigating ACS-GOTO:\nPage.goto: Timeout 60000ms exceeded.\nCall log:\n  - navigating to "https://www.lycoming.edu/news/stories/2021/10/att-support.aspx", waiting until "domcontentloaded"\n\n\nCode context:\n1200   \n1201                       response = await page.goto(\n1202                           url, wait_until=config.wait_until, timeout=config.page_timeout\n1203                       )\n1204                   except Error as e:\n1205 →                     raise RuntimeError(f"Failed on navigating ACS-GOTO:\\n{str(e)}")\n1206   \n1207                   await self.execute_hook("after_goto", page, context=context, url=url, response=response)\n1208   \n1209                   if response is None:\n1210                       status_code = 200' session_id=None response_headers=None status_code=None ssl_certificate=None


Failed to crawl: https://www.lycoming.edu/news/stories/2021/10/glenn-klages.aspx
Result: url='https://www.lycoming.edu/news/stories/2021/10/glenn-klages.aspx' html='' success=False cleaned_html=None media={} links={} downloaded_files=None screenshot=None pdf=None markdown=None markdown_v2=None fit_markdown=None fit_html=None extracted_content=None metadata=None error_message='Unexpected error in _crawl_web at line 1246 in _crawl_web (../../.pyenv/versions/3.12.6/lib/python3.12/site-packages/crawl4ai/async_crawler_strategy.py):\nError: \'AsyncPlaywrightCrawlerStrategy\' object has no attribute \'config\'\n\nCode context:\n1241                       raise Error(f"Body element is hidden: {visibility_info}")\n1242   \n1243               except Error as e:\n1244                   visibility_info = await self.check_visibility(page)\n1245   \n1246 →                 if self.config.verbose:\n1247                       self.logger.debug(\n1248                           message="Body visibility info: {info}",\n1249                           tag="DEBUG",\n1250                           params={"info": visibility_info},\n1251                       )' session_id=None response_headers=None status_code=None ssl_certificate=None


Failed to crawl: https://www.lycoming.edu/news/stories/2021/10/jim-parco-schwazze.aspx
Result: url='https://www.lycoming.edu/news/stories/2021/10/jim-parco-schwazze.aspx' html='' success=False cleaned_html=None media={} links={} downloaded_files=None screenshot=None pdf=None markdown=None markdown_v2=None fit_markdown=None fit_html=None extracted_content=None metadata=None error_message='Unexpected error in _crawl_web at line 1205 in _crawl_web (../../.pyenv/versions/3.12.6/lib/python3.12/site-packages/crawl4ai/async_crawler_strategy.py):\nError: Failed on navigating ACS-GOTO:\nPage.goto: Timeout 60000ms exceeded.\nCall log:\n  - navigating to "https://www.lycoming.edu/news/stories/2021/10/jim-parco-schwazze.aspx", waiting until "domcontentloaded"\n\n\nCode context:\n1200   \n1201                       response = await page.goto(\n1202                           url, wait_until=config.wait_until, timeout=config.page_timeout\n1203                       )\n1204                   except Error as e:\n1205 →                     raise RuntimeError(f"Failed on navigating ACS-GOTO:\\n{str(e)}")\n1206   \n1207                   await self.execute_hook("after_goto", page, context=context, url=url, response=response)\n1208   \n1209                   if response is None:\n1210                       status_code = 200' session_id=None response_headers=None status_code=None ssl_certificate=None


Failed to crawl: https://www.lycoming.edu/news/stories/2021/10/kurtz-weekend-feeding-programs.aspx
Result: url='https://www.lycoming.edu/news/stories/2021/10/kurtz-weekend-feeding-programs.aspx' html='' success=False cleaned_html=None media={} links={} downloaded_files=None screenshot=None pdf=None markdown=None markdown_v2=None fit_markdown=None fit_html=None extracted_content=None metadata=None error_message='Unexpected error in _crawl_web at line 1246 in _crawl_web (../../.pyenv/versions/3.12.6/lib/python3.12/site-packages/crawl4ai/async_crawler_strategy.py):\nError: \'AsyncPlaywrightCrawlerStrategy\' object has no attribute \'config\'\n\nCode context:\n1241                       raise Error(f"Body element is hidden: {visibility_info}")\n1242   \n1243               except Error as e:\n1244                   visibility_info = await self.check_visibility(page)\n1245   \n1246 →                 if self.config.verbose:\n1247                       self.logger.debug(\n1248                           message="Body visibility info: {info}",\n1249                           tag="DEBUG",\n1250                           params={"info": visibility_info},\n1251                       )' session_id=None response_headers=None status_code=None ssl_certificate=None


Failed to crawl: https://www.lycoming.edu/news/stories/2021/10/lcco-band-fall-concert.aspx
Result: url='https://www.lycoming.edu/news/stories/2021/10/lcco-band-fall-concert.aspx' html='' success=False cleaned_html=None media={} links={} downloaded_files=None screenshot=None pdf=None markdown=None markdown_v2=None fit_markdown=None fit_html=None extracted_content=None metadata=None error_message='Unexpected error in _crawl_web at line 1246 in _crawl_web (../../.pyenv/versions/3.12.6/lib/python3.12/site-packages/crawl4ai/async_crawler_strategy.py):\nError: \'AsyncPlaywrightCrawlerStrategy\' object has no attribute \'config\'\n\nCode context:\n1241                       raise Error(f"Body element is hidden: {visibility_info}")\n1242   \n1243               except Error as e:\n1244                   visibility_info = await self.check_visibility(page)\n1245   \n1246 →                 if self.config.verbose:\n1247                       self.logger.debug(\n1248                           message="Body visibility info: {info}",\n1249                           tag="DEBUG",\n1250                           params={"info": visibility_info},\n1251                       )' session_id=None response_headers=None status_code=None ssl_certificate=None


Failed to crawl: https://www.lycoming.edu/news/stories/2021/10/mica-kurtz-forbes.aspx
Result: url='https://www.lycoming.edu/news/stories/2021/10/mica-kurtz-forbes.aspx' html='' success=False cleaned_html=None media={} links={} downloaded_files=None screenshot=None pdf=None markdown=None markdown_v2=None fit_markdown=None fit_html=None extracted_content=None metadata=None error_message='Unexpected error in _crawl_web at line 1246 in _crawl_web (../../.pyenv/versions/3.12.6/lib/python3.12/site-packages/crawl4ai/async_crawler_strategy.py):\nError: \'AsyncPlaywrightCrawlerStrategy\' object has no attribute \'config\'\n\nCode context:\n1241                       raise Error(f"Body element is hidden: {visibility_info}")\n1242   \n1243               except Error as e:\n1244                   visibility_info = await self.check_visibility(page)\n1245   \n1246 →                 if self.config.verbose:\n1247                       self.logger.debug(\n1248                           message="Body visibility info: {info}",\n1249                           tag="DEBUG",\n1250                           params={"info": visibility_info},\n1251                       )' session_id=None response_headers=None status_code=None ssl_certificate=None


Failed to crawl: https://www.lycoming.edu/news/stories/2021/10/mr-burns-theatre.aspx
Result: url='https://www.lycoming.edu/news/stories/2021/10/mr-burns-theatre.aspx' html='' success=False cleaned_html=None media={} links={} downloaded_files=None screenshot=None pdf=None markdown=None markdown_v2=None fit_markdown=None fit_html=None extracted_content=None metadata=None error_message='Unexpected error in _crawl_web at line 1246 in _crawl_web (../../.pyenv/versions/3.12.6/lib/python3.12/site-packages/crawl4ai/async_crawler_strategy.py):\nError: \'AsyncPlaywrightCrawlerStrategy\' object has no attribute \'config\'\n\nCode context:\n1241                       raise Error(f"Body element is hidden: {visibility_info}")\n1242   \n1243               except Error as e:\n1244                   visibility_info = await self.check_visibility(page)\n1245   \n1246 →                 if self.config.verbose:\n1247                       self.logger.debug(\n1248                           message="Body visibility info: {info}",\n1249                           tag="DEBUG",\n1250                           params={"info": visibility_info},\n1251                       )' session_id=None response_headers=None status_code=None ssl_certificate=None


Failed to crawl: https://www.lycoming.edu/news/stories/2021/10/zack-lesser.aspx
Result: url='https://www.lycoming.edu/news/stories/2021/10/zack-lesser.aspx' html='' success=False cleaned_html=None media={} links={} downloaded_files=None screenshot=None pdf=None markdown=None markdown_v2=None fit_markdown=None fit_html=None extracted_content=None metadata=None error_message='Unexpected error in _crawl_web at line 1246 in _crawl_web (../../.pyenv/versions/3.12.6/lib/python3.12/site-packages/crawl4ai/async_crawler_strategy.py):\nError: \'AsyncPlaywrightCrawlerStrategy\' object has no attribute \'config\'\n\nCode context:\n1241                       raise Error(f"Body element is hidden: {visibility_info}")\n1242   \n1243               except Error as e:\n1244                   visibility_info = await self.check_visibility(page)\n1245   \n1246 →                 if self.config.verbose:\n1247                       self.logger.debug(\n1248                           message="Body visibility info: {info}",\n1249                           tag="DEBUG",\n1250                           params={"info": visibility_info},\n1251                       )' session_id=None response_headers=None status_code=None ssl_certificate=None


Failed to crawl: https://www.lycoming.edu/news/stories/2021/11/a-message-from-the-president.aspx
Result: url='https://www.lycoming.edu/news/stories/2021/11/a-message-from-the-president.aspx' html='' success=False cleaned_html=None media={} links={} downloaded_files=None screenshot=None pdf=None markdown=None markdown_v2=None fit_markdown=None fit_html=None extracted_content=None metadata=None error_message='Unexpected error in _crawl_web at line 1246 in _crawl_web (../../.pyenv/versions/3.12.6/lib/python3.12/site-packages/crawl4ai/async_crawler_strategy.py):\nError: \'AsyncPlaywrightCrawlerStrategy\' object has no attribute \'config\'\n\nCode context:\n1241                       raise Error(f"Body element is hidden: {visibility_info}")\n1242   \n1243               except Error as e:\n1244                   visibility_info = await self.check_visibility(page)\n1245   \n1246 →                 if self.config.verbose:\n1247                       self.logger.debug(\n1248                           message="Body visibility info: {info}",\n1249                           tag="DEBUG",\n1250                           params={"info": visibility_info},\n1251                       )' session_id=None response_headers=None status_code=None ssl_certificate=None


Failed to crawl: https://www.lycoming.edu/news/stories/2021/11/brilliant-corners-winter-2021.aspx
Result: url='https://www.lycoming.edu/news/stories/2021/11/brilliant-corners-winter-2021.aspx' html='' success=False cleaned_html=None media={} links={} downloaded_files=None screenshot=None pdf=None markdown=None markdown_v2=None fit_markdown=None fit_html=None extracted_content=None metadata=None error_message='Unexpected error in _crawl_web at line 1246 in _crawl_web (../../.pyenv/versions/3.12.6/lib/python3.12/site-packages/crawl4ai/async_crawler_strategy.py):\nError: \'AsyncPlaywrightCrawlerStrategy\' object has no attribute \'config\'\n\nCode context:\n1241                       raise Error(f"Body element is hidden: {visibility_info}")\n1242   \n1243               except Error as e:\n1244                   visibility_info = await self.check_visibility(page)\n1245   \n1246 →                 if self.config.verbose:\n1247                       self.logger.debug(\n1248                           message="Body visibility info: {info}",\n1249                           tag="DEBUG",\n1250                           params={"info": visibility_info},\n1251                       )' session_id=None response_headers=None status_code=None ssl_certificate=None


Failed to crawl: https://www.lycoming.edu/news/stories/2021/11/candlelight-service.aspx
Result: url='https://www.lycoming.edu/news/stories/2021/11/candlelight-service.aspx' html='' success=False cleaned_html=None media={} links={} downloaded_files=None screenshot=None pdf=None markdown=None markdown_v2=None fit_markdown=None fit_html=None extracted_content=None metadata=None error_message='Unexpected error in _crawl_web at line 1246 in _crawl_web (../../.pyenv/versions/3.12.6/lib/python3.12/site-packages/crawl4ai/async_crawler_strategy.py):\nError: \'AsyncPlaywrightCrawlerStrategy\' object has no attribute \'config\'\n\nCode context:\n1241                       raise Error(f"Body element is hidden: {visibility_info}")\n1242   \n1243               except Error as e:\n1244                   visibility_info = await self.check_visibility(page)\n1245   \n1246 →                 if self.config.verbose:\n1247                       self.logger.debug(\n1248                           message="Body visibility info: {info}",\n1249                           tag="DEBUG",\n1250                           params={"info": visibility_info},\n1251                       )' session_id=None response_headers=None status_code=None ssl_certificate=None


Failed to crawl: https://www.lycoming.edu/news/stories/2021/11/capo-on-smerconish.aspx
Result: url='https://www.lycoming.edu/news/stories/2021/11/capo-on-smerconish.aspx' html='' success=False cleaned_html=None media={} links={} downloaded_files=None screenshot=None pdf=None markdown=None markdown_v2=None fit_markdown=None fit_html=None extracted_content=None metadata=None error_message='Unexpected error in _crawl_web at line 1246 in _crawl_web (../../.pyenv/versions/3.12.6/lib/python3.12/site-packages/crawl4ai/async_crawler_strategy.py):\nError: \'AsyncPlaywrightCrawlerStrategy\' object has no attribute \'config\'\n\nCode context:\n1241                       raise Error(f"Body element is hidden: {visibility_info}")\n1242   \n1243               except Error as e:\n1244                   visibility_info = await self.check_visibility(page)\n1245   \n1246 →                 if self.config.verbose:\n1247                       self.logger.debug(\n1248                           message="Body visibility info: {info}",\n1249                           tag="DEBUG",\n1250                           params={"info": visibility_info},\n1251                       )' session_id=None response_headers=None status_code=None ssl_certificate=None


Failed to crawl: https://www.lycoming.edu/news/stories/2021/11/cfa-grant.aspx
Result: url='https://www.lycoming.edu/news/stories/2021/11/cfa-grant.aspx' html='' success=False cleaned_html=None media={} links={} downloaded_files=None screenshot=None pdf=None markdown=None markdown_v2=None fit_markdown=None fit_html=None extracted_content=None metadata=None error_message='Unexpected error in _crawl_web at line 1246 in _crawl_web (../../.pyenv/versions/3.12.6/lib/python3.12/site-packages/crawl4ai/async_crawler_strategy.py):\nError: \'AsyncPlaywrightCrawlerStrategy\' object has no attribute \'config\'\n\nCode context:\n1241                       raise Error(f"Body element is hidden: {visibility_info}")\n1242   \n1243               except Error as e:\n1244                   visibility_info = await self.check_visibility(page)\n1245   \n1246 →                 if self.config.verbose:\n1247                       self.logger.debug(\n1248                           message="Body visibility info: {info}",\n1249                           tag="DEBUG",\n1250                           params={"info": visibility_info},\n1251                       )' session_id=None response_headers=None status_code=None ssl_certificate=None


Failed to crawl: https://www.lycoming.edu/news/stories/2021/11/creek-restoration-grant.aspx
Result: url='https://www.lycoming.edu/news/stories/2021/11/creek-restoration-grant.aspx' html='' success=False cleaned_html=None media={} links={} downloaded_files=None screenshot=None pdf=None markdown=None markdown_v2=None fit_markdown=None fit_html=None extracted_content=None metadata=None error_message='Unexpected error in _crawl_web at line 1246 in _crawl_web (../../.pyenv/versions/3.12.6/lib/python3.12/site-packages/crawl4ai/async_crawler_strategy.py):\nError: \'AsyncPlaywrightCrawlerStrategy\' object has no attribute \'config\'\n\nCode context:\n1241                       raise Error(f"Body element is hidden: {visibility_info}")\n1242   \n1243               except Error as e:\n1244                   visibility_info = await self.check_visibility(page)\n1245   \n1246 →                 if self.config.verbose:\n1247                       self.logger.debug(\n1248                           message="Body visibility info: {info}",\n1249                           tag="DEBUG",\n1250                           params={"info": visibility_info},\n1251                       )' session_id=None response_headers=None status_code=None ssl_certificate=None


Failed to crawl: https://www.lycoming.edu/news/stories/2021/11/honest-company-internship.aspx
Result: url='https://www.lycoming.edu/news/stories/2021/11/honest-company-internship.aspx' html='' success=False cleaned_html=None media={} links={} downloaded_files=None screenshot=None pdf=None markdown=None markdown_v2=None fit_markdown=None fit_html=None extracted_content=None metadata=None error_message='Unexpected error in _crawl_web at line 1246 in _crawl_web (../../.pyenv/versions/3.12.6/lib/python3.12/site-packages/crawl4ai/async_crawler_strategy.py):\nError: \'AsyncPlaywrightCrawlerStrategy\' object has no attribute \'config\'\n\nCode context:\n1241                       raise Error(f"Body element is hidden: {visibility_info}")\n1242   \n1243               except Error as e:\n1244                   visibility_info = await self.check_visibility(page)\n1245   \n1246 →                 if self.config.verbose:\n1247                       self.logger.debug(\n1248                           message="Body visibility info: {info}",\n1249                           tag="DEBUG",\n1250                           params={"info": visibility_info},\n1251                       )' session_id=None response_headers=None status_code=None ssl_certificate=None


Failed to crawl: https://www.lycoming.edu/news/stories/2021/11/kristen-tordella-williams.aspx
Result: url='https://www.lycoming.edu/news/stories/2021/11/kristen-tordella-williams.aspx' html='' success=False cleaned_html=None media={} links={} downloaded_files=None screenshot=None pdf=None markdown=None markdown_v2=None fit_markdown=None fit_html=None extracted_content=None metadata=None error_message='Unexpected error in _crawl_web at line 1246 in _crawl_web (../../.pyenv/versions/3.12.6/lib/python3.12/site-packages/crawl4ai/async_crawler_strategy.py):\nError: \'AsyncPlaywrightCrawlerStrategy\' object has no attribute \'config\'\n\nCode context:\n1241                       raise Error(f"Body element is hidden: {visibility_info}")\n1242   \n1243               except Error as e:\n1244                   visibility_info = await self.check_visibility(page)\n1245   \n1246 →                 if self.config.verbose:\n1247                       self.logger.debug(\n1248                           message="Body visibility info: {info}",\n1249                           tag="DEBUG",\n1250                           params={"info": visibility_info},\n1251                       )' session_id=None response_headers=None status_code=None ssl_certificate=None


Failed to crawl: https://www.lycoming.edu/news/stories/2021/11/music-groundbreaking.aspx
Result: url='https://www.lycoming.edu/news/stories/2021/11/music-groundbreaking.aspx' html='' success=False cleaned_html=None media={} links={} downloaded_files=None screenshot=None pdf=None markdown=None markdown_v2=None fit_markdown=None fit_html=None extracted_content=None metadata=None error_message='Unexpected error in _crawl_web at line 1246 in _crawl_web (../../.pyenv/versions/3.12.6/lib/python3.12/site-packages/crawl4ai/async_crawler_strategy.py):\nError: \'AsyncPlaywrightCrawlerStrategy\' object has no attribute \'config\'\n\nCode context:\n1241                       raise Error(f"Body element is hidden: {visibility_info}")\n1242   \n1243               except Error as e:\n1244                   visibility_info = await self.check_visibility(page)\n1245   \n1246 →                 if self.config.verbose:\n1247                       self.logger.debug(\n1248                           message="Body visibility info: {info}",\n1249                           tag="DEBUG",\n1250                           params={"info": visibility_info},\n1251                       )' session_id=None response_headers=None status_code=None ssl_certificate=None


Failed to crawl: https://www.lycoming.edu/news/stories/2021/11/nutcracker-ballet.aspx
Result: url='https://www.lycoming.edu/news/stories/2021/11/nutcracker-ballet.aspx' html='' success=False cleaned_html=None media={} links={} downloaded_files=None screenshot=None pdf=None markdown=None markdown_v2=None fit_markdown=None fit_html=None extracted_content=None metadata=None error_message='Unexpected error in _crawl_web at line 1246 in _crawl_web (../../.pyenv/versions/3.12.6/lib/python3.12/site-packages/crawl4ai/async_crawler_strategy.py):\nError: \'AsyncPlaywrightCrawlerStrategy\' object has no attribute \'config\'\n\nCode context:\n1241                       raise Error(f"Body element is hidden: {visibility_info}")\n1242   \n1243               except Error as e:\n1244                   visibility_info = await self.check_visibility(page)\n1245   \n1246 →                 if self.config.verbose:\n1247                       self.logger.debug(\n1248                           message="Body visibility info: {info}",\n1249                           tag="DEBUG",\n1250                           params={"info": visibility_info},\n1251                       )' session_id=None response_headers=None status_code=None ssl_certificate=None


Failed to crawl: https://www.lycoming.edu/news/stories/2021/12/capital-projects-update.aspx
Result: url='https://www.lycoming.edu/news/stories/2021/12/capital-projects-update.aspx' html='' success=False cleaned_html=None media={} links={} downloaded_files=None screenshot=None pdf=None markdown=None markdown_v2=None fit_markdown=None fit_html=None extracted_content=None metadata=None error_message='Unexpected error in _crawl_web at line 1246 in _crawl_web (../../.pyenv/versions/3.12.6/lib/python3.12/site-packages/crawl4ai/async_crawler_strategy.py):\nError: \'AsyncPlaywrightCrawlerStrategy\' object has no attribute \'config\'\n\nCode context:\n1241                       raise Error(f"Body element is hidden: {visibility_info}")\n1242   \n1243               except Error as e:\n1244                   visibility_info = await self.check_visibility(page)\n1245   \n1246 →                 if self.config.verbose:\n1247                       self.logger.debug(\n1248                           message="Body visibility info: {info}",\n1249                           tag="DEBUG",\n1250                           params={"info": visibility_info},\n1251                       )' session_id=None response_headers=None status_code=None ssl_certificate=None


Failed to crawl: https://www.lycoming.edu/news/stories/2021/12/gettysburg-leadership.aspx
Result: url='https://www.lycoming.edu/news/stories/2021/12/gettysburg-leadership.aspx' html='' success=False cleaned_html=None media={} links={} downloaded_files=None screenshot=None pdf=None markdown=None markdown_v2=None fit_markdown=None fit_html=None extracted_content=None metadata=None error_message='Unexpected error in _crawl_web at line 1246 in _crawl_web (../../.pyenv/versions/3.12.6/lib/python3.12/site-packages/crawl4ai/async_crawler_strategy.py):\nError: \'AsyncPlaywrightCrawlerStrategy\' object has no attribute \'config\'\n\nCode context:\n1241                       raise Error(f"Body element is hidden: {visibility_info}")\n1242   \n1243               except Error as e:\n1244                   visibility_info = await self.check_visibility(page)\n1245   \n1246 →                 if self.config.verbose:\n1247                       self.logger.debug(\n1248                           message="Body visibility info: {info}",\n1249                           tag="DEBUG",\n1250                           params={"info": visibility_info},\n1251                       )' session_id=None response_headers=None status_code=None ssl_certificate=None


Failed to crawl: https://www.lycoming.edu/news/stories/2021/12/madresehee-car-insurance.aspx
Result: url='https://www.lycoming.edu/news/stories/2021/12/madresehee-car-insurance.aspx' html='' success=False cleaned_html=None media={} links={} downloaded_files=None screenshot=None pdf=None markdown=None markdown_v2=None fit_markdown=None fit_html=None extracted_content=None metadata=None error_message='Unexpected error in _crawl_web at line 1246 in _crawl_web (../../.pyenv/versions/3.12.6/lib/python3.12/site-packages/crawl4ai/async_crawler_strategy.py):\nError: \'AsyncPlaywrightCrawlerStrategy\' object has no attribute \'config\'\n\nCode context:\n1241                       raise Error(f"Body element is hidden: {visibility_info}")\n1242   \n1243               except Error as e:\n1244                   visibility_info = await self.check_visibility(page)\n1245   \n1246 →                 if self.config.verbose:\n1247                       self.logger.debug(\n1248                           message="Body visibility info: {info}",\n1249                           tag="DEBUG",\n1250                           params={"info": visibility_info},\n1251                       )' session_id=None response_headers=None status_code=None ssl_certificate=None


Failed to crawl: https://www.lycoming.edu/news/stories/2021/12/national-juried-exhibition-call-for-entry.aspx
Result: url='https://www.lycoming.edu/news/stories/2021/12/national-juried-exhibition-call-for-entry.aspx' html='' success=False cleaned_html=None media={} links={} downloaded_files=None screenshot=None pdf=None markdown=None markdown_v2=None fit_markdown=None fit_html=None extracted_content=None metadata=None error_message='Unexpected error in _crawl_web at line 1246 in _crawl_web (../../.pyenv/versions/3.12.6/lib/python3.12/site-packages/crawl4ai/async_crawler_strategy.py):\nError: \'AsyncPlaywrightCrawlerStrategy\' object has no attribute \'config\'\n\nCode context:\n1241                       raise Error(f"Body element is hidden: {visibility_info}")\n1242   \n1243               except Error as e:\n1244                   visibility_info = await self.check_visibility(page)\n1245   \n1246 →                 if self.config.verbose:\n1247                       self.logger.debug(\n1248                           message="Body visibility info: {info}",\n1249                           tag="DEBUG",\n1250                           params={"info": visibility_info},\n1251                       )' session_id=None response_headers=None status_code=None ssl_certificate=None


Failed to crawl: https://www.lycoming.edu/news/stories/2021/12/new-strategic-plan.aspx
Result: url='https://www.lycoming.edu/news/stories/2021/12/new-strategic-plan.aspx' html='' success=False cleaned_html=None media={} links={} downloaded_files=None screenshot=None pdf=None markdown=None markdown_v2=None fit_markdown=None fit_html=None extracted_content=None metadata=None error_message='Unexpected error in _crawl_web at line 1246 in _crawl_web (../../.pyenv/versions/3.12.6/lib/python3.12/site-packages/crawl4ai/async_crawler_strategy.py):\nError: \'AsyncPlaywrightCrawlerStrategy\' object has no attribute \'config\'\n\nCode context:\n1241                       raise Error(f"Body element is hidden: {visibility_info}")\n1242   \n1243               except Error as e:\n1244                   visibility_info = await self.check_visibility(page)\n1245   \n1246 →                 if self.config.verbose:\n1247                       self.logger.debug(\n1248                           message="Body visibility info: {info}",\n1249                           tag="DEBUG",\n1250                           params={"info": visibility_info},\n1251                       )' session_id=None response_headers=None status_code=None ssl_certificate=None


Failed to crawl: https://www.lycoming.edu/news/stories/2021/12/student-retention-fund.aspx
Result: url='https://www.lycoming.edu/news/stories/2021/12/student-retention-fund.aspx' html='' success=False cleaned_html=None media={} links={} downloaded_files=None screenshot=None pdf=None markdown=None markdown_v2=None fit_markdown=None fit_html=None extracted_content=None metadata=None error_message='Unexpected error in _crawl_web at line 1246 in _crawl_web (../../.pyenv/versions/3.12.6/lib/python3.12/site-packages/crawl4ai/async_crawler_strategy.py):\nError: \'AsyncPlaywrightCrawlerStrategy\' object has no attribute \'config\'\n\nCode context:\n1241                       raise Error(f"Body element is hidden: {visibility_info}")\n1242   \n1243               except Error as e:\n1244                   visibility_info = await self.check_visibility(page)\n1245   \n1246 →                 if self.config.verbose:\n1247                       self.logger.debug(\n1248                           message="Body visibility info: {info}",\n1249                           tag="DEBUG",\n1250                           params={"info": visibility_info},\n1251                       )' session_id=None response_headers=None status_code=None ssl_certificate=None


Failed to crawl: https://www.lycoming.edu/news/stories/2021/12/wbre-gettysburg.aspx
Result: url='https://www.lycoming.edu/news/stories/2021/12/wbre-gettysburg.aspx' html='' success=False cleaned_html=None media={} links={} downloaded_files=None screenshot=None pdf=None markdown=None markdown_v2=None fit_markdown=None fit_html=None extracted_content=None metadata=None error_message='Unexpected error in _crawl_web at line 1246 in _crawl_web (../../.pyenv/versions/3.12.6/lib/python3.12/site-packages/crawl4ai/async_crawler_strategy.py):\nError: \'AsyncPlaywrightCrawlerStrategy\' object has no attribute \'config\'\n\nCode context:\n1241                       raise Error(f"Body element is hidden: {visibility_info}")\n1242   \n1243               except Error as e:\n1244                   visibility_info = await self.check_visibility(page)\n1245   \n1246 →                 if self.config.verbose:\n1247                       self.logger.debug(\n1248                           message="Body visibility info: {info}",\n1249                           tag="DEBUG",\n1250                           params={"info": visibility_info},\n1251                       )' session_id=None response_headers=None status_code=None ssl_certificate=None


Failed to crawl: https://www.lycoming.edu/news/stories/2021/12/west-branch-school.aspx
Result: url='https://www.lycoming.edu/news/stories/2021/12/west-branch-school.aspx' html='' success=False cleaned_html=None media={} links={} downloaded_files=None screenshot=None pdf=None markdown=None markdown_v2=None fit_markdown=None fit_html=None extracted_content=None metadata=None error_message='Unexpected error in _crawl_web at line 1246 in _crawl_web (../../.pyenv/versions/3.12.6/lib/python3.12/site-packages/crawl4ai/async_crawler_strategy.py):\nError: \'AsyncPlaywrightCrawlerStrategy\' object has no attribute \'config\'\n\nCode context:\n1241                       raise Error(f"Body element is hidden: {visibility_info}")\n1242   \n1243               except Error as e:\n1244                   visibility_info = await self.check_visibility(page)\n1245   \n1246 →                 if self.config.verbose:\n1247                       self.logger.debug(\n1248                           message="Body visibility info: {info}",\n1249                           tag="DEBUG",\n1250                           params={"info": visibility_info},\n1251                       )' session_id=None response_headers=None status_code=None ssl_certificate=None


Failed to crawl: https://www.lycoming.edu/news/stories/2022/01/a-message-from-the-president.aspx
Result: url='https://www.lycoming.edu/news/stories/2022/01/a-message-from-the-president.aspx' html='' success=False cleaned_html=None media={} links={} downloaded_files=None screenshot=None pdf=None markdown=None markdown_v2=None fit_markdown=None fit_html=None extracted_content=None metadata=None error_message='Unexpected error in _crawl_web at line 1246 in _crawl_web (../../.pyenv/versions/3.12.6/lib/python3.12/site-packages/crawl4ai/async_crawler_strategy.py):\nError: \'AsyncPlaywrightCrawlerStrategy\' object has no attribute \'config\'\n\nCode context:\n1241                       raise Error(f"Body element is hidden: {visibility_info}")\n1242   \n1243               except Error as e:\n1244                   visibility_info = await self.check_visibility(page)\n1245   \n1246 →                 if self.config.verbose:\n1247                       self.logger.debug(\n1248                           message="Body visibility info: {info}",\n1249                           tag="DEBUG",\n1250                           params={"info": visibility_info},\n1251                       )' session_id=None response_headers=None status_code=None ssl_certificate=None


Failed to crawl: https://www.lycoming.edu/news/stories/2022/01/covid-candlelight-vigil.aspx
Result: url='https://www.lycoming.edu/news/stories/2022/01/covid-candlelight-vigil.aspx' html='' success=False cleaned_html=None media={} links={} downloaded_files=None screenshot=None pdf=None markdown=None markdown_v2=None fit_markdown=None fit_html=None extracted_content=None metadata=None error_message='Unexpected error in _crawl_web at line 1246 in _crawl_web (../../.pyenv/versions/3.12.6/lib/python3.12/site-packages/crawl4ai/async_crawler_strategy.py):\nError: \'AsyncPlaywrightCrawlerStrategy\' object has no attribute \'config\'\n\nCode context:\n1241                       raise Error(f"Body element is hidden: {visibility_info}")\n1242   \n1243               except Error as e:\n1244                   visibility_info = await self.check_visibility(page)\n1245   \n1246 →                 if self.config.verbose:\n1247                       self.logger.debug(\n1248                           message="Body visibility info: {info}",\n1249                           tag="DEBUG",\n1250                           params={"info": visibility_info},\n1251                       )' session_id=None response_headers=None status_code=None ssl_certificate=None


Failed to crawl: https://www.lycoming.edu/news/stories/2022/01/esports-conference-win.aspx
Result: url='https://www.lycoming.edu/news/stories/2022/01/esports-conference-win.aspx' html='' success=False cleaned_html=None media={} links={} downloaded_files=None screenshot=None pdf=None markdown=None markdown_v2=None fit_markdown=None fit_html=None extracted_content=None metadata=None error_message='Unexpected error in _crawl_web at line 1246 in _crawl_web (../../.pyenv/versions/3.12.6/lib/python3.12/site-packages/crawl4ai/async_crawler_strategy.py):\nError: \'AsyncPlaywrightCrawlerStrategy\' object has no attribute \'config\'\n\nCode context:\n1241                       raise Error(f"Body element is hidden: {visibility_info}")\n1242   \n1243               except Error as e:\n1244                   visibility_info = await self.check_visibility(page)\n1245   \n1246 →                 if self.config.verbose:\n1247                       self.logger.debug(\n1248                           message="Body visibility info: {info}",\n1249                           tag="DEBUG",\n1250                           params={"info": visibility_info},\n1251                       )' session_id=None response_headers=None status_code=None ssl_certificate=None


Failed to crawl: https://www.lycoming.edu/news/stories/2022/01/noelle-mason.aspx
Result: url='https://www.lycoming.edu/news/stories/2022/01/noelle-mason.aspx' html='' success=False cleaned_html=None media={} links={} downloaded_files=None screenshot=None pdf=None markdown=None markdown_v2=None fit_markdown=None fit_html=None extracted_content=None metadata=None error_message='Unexpected error in _crawl_web at line 1246 in _crawl_web (../../.pyenv/versions/3.12.6/lib/python3.12/site-packages/crawl4ai/async_crawler_strategy.py):\nError: \'AsyncPlaywrightCrawlerStrategy\' object has no attribute \'config\'\n\nCode context:\n1241                       raise Error(f"Body element is hidden: {visibility_info}")\n1242   \n1243               except Error as e:\n1244                   visibility_info = await self.check_visibility(page)\n1245   \n1246 →                 if self.config.verbose:\n1247                       self.logger.debug(\n1248                           message="Body visibility info: {info}",\n1249                           tag="DEBUG",\n1250                           params={"info": visibility_info},\n1251                       )' session_id=None response_headers=None status_code=None ssl_certificate=None


Failed to crawl: https://www.lycoming.edu/news/stories/2022/02/capo-passwords.aspx
Result: url='https://www.lycoming.edu/news/stories/2022/02/capo-passwords.aspx' html='' success=False cleaned_html=None media={} links={} downloaded_files=None screenshot=None pdf=None markdown=None markdown_v2=None fit_markdown=None fit_html=None extracted_content=None metadata=None error_message='Unexpected error in _crawl_web at line 1246 in _crawl_web (../../.pyenv/versions/3.12.6/lib/python3.12/site-packages/crawl4ai/async_crawler_strategy.py):\nError: \'AsyncPlaywrightCrawlerStrategy\' object has no attribute \'config\'\n\nCode context:\n1241                       raise Error(f"Body element is hidden: {visibility_info}")\n1242   \n1243               except Error as e:\n1244                   visibility_info = await self.check_visibility(page)\n1245   \n1246 →                 if self.config.verbose:\n1247                       self.logger.debug(\n1248                           message="Body visibility info: {info}",\n1249                           tag="DEBUG",\n1250                           params={"info": visibility_info},\n1251                       )' session_id=None response_headers=None status_code=None ssl_certificate=None


Failed to crawl: https://www.lycoming.edu/news/stories/2022/02/caruso-retributivism.aspx
Result: url='https://www.lycoming.edu/news/stories/2022/02/caruso-retributivism.aspx' html='' success=False cleaned_html=None media={} links={} downloaded_files=None screenshot=None pdf=None markdown=None markdown_v2=None fit_markdown=None fit_html=None extracted_content=None metadata=None error_message='Unexpected error in _crawl_web at line 1246 in _crawl_web (../../.pyenv/versions/3.12.6/lib/python3.12/site-packages/crawl4ai/async_crawler_strategy.py):\nError: \'AsyncPlaywrightCrawlerStrategy\' object has no attribute \'config\'\n\nCode context:\n1241                       raise Error(f"Body element is hidden: {visibility_info}")\n1242   \n1243               except Error as e:\n1244                   visibility_info = await self.check_visibility(page)\n1245   \n1246 →                 if self.config.verbose:\n1247                       self.logger.debug(\n1248                           message="Body visibility info: {info}",\n1249                           tag="DEBUG",\n1250                           params={"info": visibility_info},\n1251                       )' session_id=None response_headers=None status_code=None ssl_certificate=None


Failed to crawl: https://www.lycoming.edu/news/stories/2022/02/crystal-eddins.aspx
Result: url='https://www.lycoming.edu/news/stories/2022/02/crystal-eddins.aspx' html='' success=False cleaned_html=None media={} links={} downloaded_files=None screenshot=None pdf=None markdown=None markdown_v2=None fit_markdown=None fit_html=None extracted_content=None metadata=None error_message='Unexpected error in _crawl_web at line 1246 in _crawl_web (../../.pyenv/versions/3.12.6/lib/python3.12/site-packages/crawl4ai/async_crawler_strategy.py):\nError: \'AsyncPlaywrightCrawlerStrategy\' object has no attribute \'config\'\n\nCode context:\n1241                       raise Error(f"Body element is hidden: {visibility_info}")\n1242   \n1243               except Error as e:\n1244                   visibility_info = await self.check_visibility(page)\n1245   \n1246 →                 if self.config.verbose:\n1247                       self.logger.debug(\n1248                           message="Body visibility info: {info}",\n1249                           tag="DEBUG",\n1250                           params={"info": visibility_info},\n1251                       )' session_id=None response_headers=None status_code=None ssl_certificate=None


Failed to crawl: https://www.lycoming.edu/news/stories/2022/02/juried-exhibition.aspx
Result: url='https://www.lycoming.edu/news/stories/2022/02/juried-exhibition.aspx' html='' success=False cleaned_html=None media={} links={} downloaded_files=None screenshot=None pdf=None markdown=None markdown_v2=None fit_markdown=None fit_html=None extracted_content=None metadata=None error_message='Unexpected error in _crawl_web at line 1246 in _crawl_web (../../.pyenv/versions/3.12.6/lib/python3.12/site-packages/crawl4ai/async_crawler_strategy.py):\nError: \'AsyncPlaywrightCrawlerStrategy\' object has no attribute \'config\'\n\nCode context:\n1241                       raise Error(f"Body element is hidden: {visibility_info}")\n1242   \n1243               except Error as e:\n1244                   visibility_info = await self.check_visibility(page)\n1245   \n1246 →                 if self.config.verbose:\n1247                       self.logger.debug(\n1248                           message="Body visibility info: {info}",\n1249                           tag="DEBUG",\n1250                           params={"info": visibility_info},\n1251                       )' session_id=None response_headers=None status_code=None ssl_certificate=None


Failed to crawl: https://www.lycoming.edu/news/stories/2022/02/nunsense.aspx
Result: url='https://www.lycoming.edu/news/stories/2022/02/nunsense.aspx' html='' success=False cleaned_html=None media={} links={} downloaded_files=None screenshot=None pdf=None markdown=None markdown_v2=None fit_markdown=None fit_html=None extracted_content=None metadata=None error_message='Unexpected error in _crawl_web at line 1246 in _crawl_web (../../.pyenv/versions/3.12.6/lib/python3.12/site-packages/crawl4ai/async_crawler_strategy.py):\nError: \'AsyncPlaywrightCrawlerStrategy\' object has no attribute \'config\'\n\nCode context:\n1241                       raise Error(f"Body element is hidden: {visibility_info}")\n1242   \n1243               except Error as e:\n1244                   visibility_info = await self.check_visibility(page)\n1245   \n1246 →                 if self.config.verbose:\n1247                       self.logger.debug(\n1248                           message="Body visibility info: {info}",\n1249                           tag="DEBUG",\n1250                           params={"info": visibility_info},\n1251                       )' session_id=None response_headers=None status_code=None ssl_certificate=None


Failed to crawl: https://www.lycoming.edu/news/stories/2022/02/william-chester-jordan.aspx
Result: url='https://www.lycoming.edu/news/stories/2022/02/william-chester-jordan.aspx' html='' success=False cleaned_html=None media={} links={} downloaded_files=None screenshot=None pdf=None markdown=None markdown_v2=None fit_markdown=None fit_html=None extracted_content=None metadata=None error_message='Unexpected error in _crawl_web at line 1246 in _crawl_web (../../.pyenv/versions/3.12.6/lib/python3.12/site-packages/crawl4ai/async_crawler_strategy.py):\nError: \'AsyncPlaywrightCrawlerStrategy\' object has no attribute \'config\'\n\nCode context:\n1241                       raise Error(f"Body element is hidden: {visibility_info}")\n1242   \n1243               except Error as e:\n1244                   visibility_info = await self.check_visibility(page)\n1245   \n1246 →                 if self.config.verbose:\n1247                       self.logger.debug(\n1248                           message="Body visibility info: {info}",\n1249                           tag="DEBUG",\n1250                           params={"info": visibility_info},\n1251                       )' session_id=None response_headers=None status_code=None ssl_certificate=None


Failed to crawl: https://www.lycoming.edu/news/stories/2022/03/c16-forensic-prospective.aspx
Result: url='https://www.lycoming.edu/news/stories/2022/03/c16-forensic-prospective.aspx' html='' success=False cleaned_html=None media={} links={} downloaded_files=None screenshot=None pdf=None markdown=None markdown_v2=None fit_markdown=None fit_html=None extracted_content=None metadata=None error_message='Unexpected error in _crawl_web at line 1246 in _crawl_web (../../.pyenv/versions/3.12.6/lib/python3.12/site-packages/crawl4ai/async_crawler_strategy.py):\nError: \'AsyncPlaywrightCrawlerStrategy\' object has no attribute \'config\'\n\nCode context:\n1241                       raise Error(f"Body element is hidden: {visibility_info}")\n1242   \n1243               except Error as e:\n1244                   visibility_info = await self.check_visibility(page)\n1245   \n1246 →                 if self.config.verbose:\n1247                       self.logger.debug(\n1248                           message="Body visibility info: {info}",\n1249                           tag="DEBUG",\n1250                           params={"info": visibility_info},\n1251                       )' session_id=None response_headers=None status_code=None ssl_certificate=None


Failed to crawl: https://www.lycoming.edu/news/stories/2022/03/chandler-history-class.aspx
Result: url='https://www.lycoming.edu/news/stories/2022/03/chandler-history-class.aspx' html='' success=False cleaned_html=None media={} links={} downloaded_files=None screenshot=None pdf=None markdown=None markdown_v2=None fit_markdown=None fit_html=None extracted_content=None metadata=None error_message='Unexpected error in _crawl_web at line 1246 in _crawl_web (../../.pyenv/versions/3.12.6/lib/python3.12/site-packages/crawl4ai/async_crawler_strategy.py):\nError: \'AsyncPlaywrightCrawlerStrategy\' object has no attribute \'config\'\n\nCode context:\n1241                       raise Error(f"Body element is hidden: {visibility_info}")\n1242   \n1243               except Error as e:\n1244                   visibility_info = await self.check_visibility(page)\n1245   \n1246 →                 if self.config.verbose:\n1247                       self.logger.debug(\n1248                           message="Body visibility info: {info}",\n1249                           tag="DEBUG",\n1250                           params={"info": visibility_info},\n1251                       )' session_id=None response_headers=None status_code=None ssl_certificate=None


Failed to crawl: https://www.lycoming.edu/news/stories/2022/03/economics-scholarship.aspx
Result: url='https://www.lycoming.edu/news/stories/2022/03/economics-scholarship.aspx' html='' success=False cleaned_html=None media={} links={} downloaded_files=None screenshot=None pdf=None markdown=None markdown_v2=None fit_markdown=None fit_html=None extracted_content=None metadata=None error_message='Unexpected error in _crawl_web at line 1246 in _crawl_web (../../.pyenv/versions/3.12.6/lib/python3.12/site-packages/crawl4ai/async_crawler_strategy.py):\nError: \'AsyncPlaywrightCrawlerStrategy\' object has no attribute \'config\'\n\nCode context:\n1241                       raise Error(f"Body element is hidden: {visibility_info}")\n1242   \n1243               except Error as e:\n1244                   visibility_info = await self.check_visibility(page)\n1245   \n1246 →                 if self.config.verbose:\n1247                       self.logger.debug(\n1248                           message="Body visibility info: {info}",\n1249                           tag="DEBUG",\n1250                           params={"info": visibility_info},\n1251                       )' session_id=None response_headers=None status_code=None ssl_certificate=None


Failed to crawl: https://www.lycoming.edu/news/stories/2022/03/fys-global-leadership.aspx
Result: url='https://www.lycoming.edu/news/stories/2022/03/fys-global-leadership.aspx' html='' success=False cleaned_html=None media={} links={} downloaded_files=None screenshot=None pdf=None markdown=None markdown_v2=None fit_markdown=None fit_html=None extracted_content=None metadata=None error_message='Unexpected error in _crawl_web at line 1246 in _crawl_web (../../.pyenv/versions/3.12.6/lib/python3.12/site-packages/crawl4ai/async_crawler_strategy.py):\nError: \'AsyncPlaywrightCrawlerStrategy\' object has no attribute \'config\'\n\nCode context:\n1241                       raise Error(f"Body element is hidden: {visibility_info}")\n1242   \n1243               except Error as e:\n1244                   visibility_info = await self.check_visibility(page)\n1245   \n1246 →                 if self.config.verbose:\n1247                       self.logger.debug(\n1248                           message="Body visibility info: {info}",\n1249                           tag="DEBUG",\n1250                           params={"info": visibility_info},\n1251                       )' session_id=None response_headers=None status_code=None ssl_certificate=None


Failed to crawl: https://www.lycoming.edu/news/stories/2022/03/jordan-ncaa-postgrad-scholarship.aspx
Result: url='https://www.lycoming.edu/news/stories/2022/03/jordan-ncaa-postgrad-scholarship.aspx' html='' success=False cleaned_html=None media={} links={} downloaded_files=None screenshot=None pdf=None markdown=None markdown_v2=None fit_markdown=None fit_html=None extracted_content=None metadata=None error_message='Unexpected error in _crawl_web at line 1246 in _crawl_web (../../.pyenv/versions/3.12.6/lib/python3.12/site-packages/crawl4ai/async_crawler_strategy.py):\nError: \'AsyncPlaywrightCrawlerStrategy\' object has no attribute \'config\'\n\nCode context:\n1241                       raise Error(f"Body element is hidden: {visibility_info}")\n1242   \n1243               except Error as e:\n1244                   visibility_info = await self.check_visibility(page)\n1245   \n1246 →                 if self.config.verbose:\n1247                       self.logger.debug(\n1248                           message="Body visibility info: {info}",\n1249                           tag="DEBUG",\n1250                           params={"info": visibility_info},\n1251                       )' session_id=None response_headers=None status_code=None ssl_certificate=None


Failed to crawl: https://www.lycoming.edu/news/stories/2022/03/news-story.aspx
Result: url='https://www.lycoming.edu/news/stories/2022/03/news-story.aspx' html='' success=False cleaned_html=None media={} links={} downloaded_files=None screenshot=None pdf=None markdown=None markdown_v2=None fit_markdown=None fit_html=None extracted_content=None metadata=None error_message='Unexpected error in _crawl_web at line 1246 in _crawl_web (../../.pyenv/versions/3.12.6/lib/python3.12/site-packages/crawl4ai/async_crawler_strategy.py):\nError: \'AsyncPlaywrightCrawlerStrategy\' object has no attribute \'config\'\n\nCode context:\n1241                       raise Error(f"Body element is hidden: {visibility_info}")\n1242   \n1243               except Error as e:\n1244                   visibility_info = await self.check_visibility(page)\n1245   \n1246 →                 if self.config.verbose:\n1247                       self.logger.debug(\n1248                           message="Body visibility info: {info}",\n1249                           tag="DEBUG",\n1250                           params={"info": visibility_info},\n1251                       )' session_id=None response_headers=None status_code=None ssl_certificate=None


Failed to crawl: https://www.lycoming.edu/news/stories/2022/03/news-story1.aspx
Result: url='https://www.lycoming.edu/news/stories/2022/03/news-story1.aspx' html='' success=False cleaned_html=None media={} links={} downloaded_files=None screenshot=None pdf=None markdown=None markdown_v2=None fit_markdown=None fit_html=None extracted_content=None metadata=None error_message='Unexpected error in _crawl_web at line 1246 in _crawl_web (../../.pyenv/versions/3.12.6/lib/python3.12/site-packages/crawl4ai/async_crawler_strategy.py):\nError: \'AsyncPlaywrightCrawlerStrategy\' object has no attribute \'config\'\n\nCode context:\n1241                       raise Error(f"Body element is hidden: {visibility_info}")\n1242   \n1243               except Error as e:\n1244                   visibility_info = await self.check_visibility(page)\n1245   \n1246 →                 if self.config.verbose:\n1247                       self.logger.debug(\n1248                           message="Body visibility info: {info}",\n1249                           tag="DEBUG",\n1250                           params={"info": visibility_info},\n1251                       )' session_id=None response_headers=None status_code=None ssl_certificate=None


Failed to crawl: https://www.lycoming.edu/news/stories/2022/03/sustainable-coffee-production.aspx
Result: url='https://www.lycoming.edu/news/stories/2022/03/sustainable-coffee-production.aspx' html='' success=False cleaned_html=None media={} links={} downloaded_files=None screenshot=None pdf=None markdown=None markdown_v2=None fit_markdown=None fit_html=None extracted_content=None metadata=None error_message='Unexpected error in _crawl_web at line 1246 in _crawl_web (../../.pyenv/versions/3.12.6/lib/python3.12/site-packages/crawl4ai/async_crawler_strategy.py):\nError: \'AsyncPlaywrightCrawlerStrategy\' object has no attribute \'config\'\n\nCode context:\n1241                       raise Error(f"Body element is hidden: {visibility_info}")\n1242   \n1243               except Error as e:\n1244                   visibility_info = await self.check_visibility(page)\n1245   \n1246 →                 if self.config.verbose:\n1247                       self.logger.debug(\n1248                           message="Body visibility info: {info}",\n1249                           tag="DEBUG",\n1250                           params={"info": visibility_info},\n1251                       )' session_id=None response_headers=None status_code=None ssl_certificate=None


Failed to crawl: https://www.lycoming.edu/news/stories/2022/03/wcjo-lycoming-jazz-ensemble.aspx
Result: url='https://www.lycoming.edu/news/stories/2022/03/wcjo-lycoming-jazz-ensemble.aspx' html='' success=False cleaned_html=None media={} links={} downloaded_files=None screenshot=None pdf=None markdown=None markdown_v2=None fit_markdown=None fit_html=None extracted_content=None metadata=None error_message='Unexpected error in _crawl_web at line 1246 in _crawl_web (../../.pyenv/versions/3.12.6/lib/python3.12/site-packages/crawl4ai/async_crawler_strategy.py):\nError: \'AsyncPlaywrightCrawlerStrategy\' object has no attribute \'config\'\n\nCode context:\n1241                       raise Error(f"Body element is hidden: {visibility_info}")\n1242   \n1243               except Error as e:\n1244                   visibility_info = await self.check_visibility(page)\n1245   \n1246 →                 if self.config.verbose:\n1247                       self.logger.debug(\n1248                           message="Body visibility info: {info}",\n1249                           tag="DEBUG",\n1250                           params={"info": visibility_info},\n1251                       )' session_id=None response_headers=None status_code=None ssl_certificate=None


Failed to crawl: https://www.lycoming.edu/news/stories/2022/04/chieftain-award.aspx
Result: url='https://www.lycoming.edu/news/stories/2022/04/chieftain-award.aspx' html='' success=False cleaned_html=None media={} links={} downloaded_files=None screenshot=None pdf=None markdown=None markdown_v2=None fit_markdown=None fit_html=None extracted_content=None metadata=None error_message='Unexpected error in _crawl_web at line 1246 in _crawl_web (../../.pyenv/versions/3.12.6/lib/python3.12/site-packages/crawl4ai/async_crawler_strategy.py):\nError: \'AsyncPlaywrightCrawlerStrategy\' object has no attribute \'config\'\n\nCode context:\n1241                       raise Error(f"Body element is hidden: {visibility_info}")\n1242   \n1243               except Error as e:\n1244                   visibility_info = await self.check_visibility(page)\n1245   \n1246 →                 if self.config.verbose:\n1247                       self.logger.debug(\n1248                           message="Body visibility info: {info}",\n1249                           tag="DEBUG",\n1250                           params={"info": visibility_info},\n1251                       )' session_id=None response_headers=None status_code=None ssl_certificate=None


Failed to crawl: https://www.lycoming.edu/news/stories/2022/04/commencement-speaker-alston-mills.aspx
Result: url='https://www.lycoming.edu/news/stories/2022/04/commencement-speaker-alston-mills.aspx' html='' success=False cleaned_html=None media={} links={} downloaded_files=None screenshot=None pdf=None markdown=None markdown_v2=None fit_markdown=None fit_html=None extracted_content=None metadata=None error_message='Unexpected error in _crawl_web at line 1246 in _crawl_web (../../.pyenv/versions/3.12.6/lib/python3.12/site-packages/crawl4ai/async_crawler_strategy.py):\nError: \'AsyncPlaywrightCrawlerStrategy\' object has no attribute \'config\'\n\nCode context:\n1241                       raise Error(f"Body element is hidden: {visibility_info}")\n1242   \n1243               except Error as e:\n1244                   visibility_info = await self.check_visibility(page)\n1245   \n1246 →                 if self.config.verbose:\n1247                       self.logger.debug(\n1248                           message="Body visibility info: {info}",\n1249                           tag="DEBUG",\n1250                           params={"info": visibility_info},\n1251                       )' session_id=None response_headers=None status_code=None ssl_certificate=None


Failed to crawl: https://www.lycoming.edu/news/stories/2022/04/days-of-giving.aspx
Result: url='https://www.lycoming.edu/news/stories/2022/04/days-of-giving.aspx' html='' success=False cleaned_html=None media={} links={} downloaded_files=None screenshot=None pdf=None markdown=None markdown_v2=None fit_markdown=None fit_html=None extracted_content=None metadata=None error_message='Unexpected error in _crawl_web at line 1246 in _crawl_web (../../.pyenv/versions/3.12.6/lib/python3.12/site-packages/crawl4ai/async_crawler_strategy.py):\nError: \'AsyncPlaywrightCrawlerStrategy\' object has no attribute \'config\'\n\nCode context:\n1241                       raise Error(f"Body element is hidden: {visibility_info}")\n1242   \n1243               except Error as e:\n1244                   visibility_info = await self.check_visibility(page)\n1245   \n1246 →                 if self.config.verbose:\n1247                       self.logger.debug(\n1248                           message="Body visibility info: {info}",\n1249                           tag="DEBUG",\n1250                           params={"info": visibility_info},\n1251                       )' session_id=None response_headers=None status_code=None ssl_certificate=None


Failed to crawl: https://www.lycoming.edu/news/stories/2022/04/faculty-awards.aspx
Result: url='https://www.lycoming.edu/news/stories/2022/04/faculty-awards.aspx' html='' success=False cleaned_html=None media={} links={} downloaded_files=None screenshot=None pdf=None markdown=None markdown_v2=None fit_markdown=None fit_html=None extracted_content=None metadata=None error_message='Unexpected error in _crawl_web at line 1246 in _crawl_web (../../.pyenv/versions/3.12.6/lib/python3.12/site-packages/crawl4ai/async_crawler_strategy.py):\nError: \'AsyncPlaywrightCrawlerStrategy\' object has no attribute \'config\'\n\nCode context:\n1241                       raise Error(f"Body element is hidden: {visibility_info}")\n1242   \n1243               except Error as e:\n1244                   visibility_info = await self.check_visibility(page)\n1245   \n1246 →                 if self.config.verbose:\n1247                       self.logger.debug(\n1248                           message="Body visibility info: {info}",\n1249                           tag="DEBUG",\n1250                           params={"info": visibility_info},\n1251                       )' session_id=None response_headers=None status_code=None ssl_certificate=None


Failed to crawl: https://www.lycoming.edu/news/stories/2022/04/hadfield-fea-scholarship.aspx
Result: url='https://www.lycoming.edu/news/stories/2022/04/hadfield-fea-scholarship.aspx' html='' success=False cleaned_html=None media={} links={} downloaded_files=None screenshot=None pdf=None markdown=None markdown_v2=None fit_markdown=None fit_html=None extracted_content=None metadata=None error_message='Unexpected error in _crawl_web at line 1246 in _crawl_web (../../.pyenv/versions/3.12.6/lib/python3.12/site-packages/crawl4ai/async_crawler_strategy.py):\nError: \'AsyncPlaywrightCrawlerStrategy\' object has no attribute \'config\'\n\nCode context:\n1241                       raise Error(f"Body element is hidden: {visibility_info}")\n1242   \n1243               except Error as e:\n1244                   visibility_info = await self.check_visibility(page)\n1245   \n1246 →                 if self.config.verbose:\n1247                       self.logger.debug(\n1248                           message="Body visibility info: {info}",\n1249                           tag="DEBUG",\n1250                           params={"info": visibility_info},\n1251                       )' session_id=None response_headers=None status_code=None ssl_certificate=None


Failed to crawl: https://www.lycoming.edu/news/stories/2022/04/hearst-foundations-grant.aspx
Result: url='https://www.lycoming.edu/news/stories/2022/04/hearst-foundations-grant.aspx' html='' success=False cleaned_html=None media={} links={} downloaded_files=None screenshot=None pdf=None markdown=None markdown_v2=None fit_markdown=None fit_html=None extracted_content=None metadata=None error_message='Unexpected error in _crawl_web at line 1246 in _crawl_web (../../.pyenv/versions/3.12.6/lib/python3.12/site-packages/crawl4ai/async_crawler_strategy.py):\nError: \'AsyncPlaywrightCrawlerStrategy\' object has no attribute \'config\'\n\nCode context:\n1241                       raise Error(f"Body element is hidden: {visibility_info}")\n1242   \n1243               except Error as e:\n1244                   visibility_info = await self.check_visibility(page)\n1245   \n1246 →                 if self.config.verbose:\n1247                       self.logger.debug(\n1248                           message="Body visibility info: {info}",\n1249                           tag="DEBUG",\n1250                           params={"info": visibility_info},\n1251                       )' session_id=None response_headers=None status_code=None ssl_certificate=None


Failed to crawl: https://www.lycoming.edu/news/stories/2022/04/kcactf-fellowship.aspx
Result: url='https://www.lycoming.edu/news/stories/2022/04/kcactf-fellowship.aspx' html='' success=False cleaned_html=None media={} links={} downloaded_files=None screenshot=None pdf=None markdown=None markdown_v2=None fit_markdown=None fit_html=None extracted_content=None metadata=None error_message='Unexpected error in _crawl_web at line 1246 in _crawl_web (../../.pyenv/versions/3.12.6/lib/python3.12/site-packages/crawl4ai/async_crawler_strategy.py):\nError: \'AsyncPlaywrightCrawlerStrategy\' object has no attribute \'config\'\n\nCode context:\n1241                       raise Error(f"Body element is hidden: {visibility_info}")\n1242   \n1243               except Error as e:\n1244                   visibility_info = await self.check_visibility(page)\n1245   \n1246 →                 if self.config.verbose:\n1247                       self.logger.debug(\n1248                           message="Body visibility info: {info}",\n1249                           tag="DEBUG",\n1250                           params={"info": visibility_info},\n1251                       )' session_id=None response_headers=None status_code=None ssl_certificate=None


Failed to crawl: https://www.lycoming.edu/news/stories/2022/04/music-gala-2022.aspx
Result: url='https://www.lycoming.edu/news/stories/2022/04/music-gala-2022.aspx' html='' success=False cleaned_html=None media={} links={} downloaded_files=None screenshot=None pdf=None markdown=None markdown_v2=None fit_markdown=None fit_html=None extracted_content=None metadata=None error_message='Unexpected error in _crawl_web at line 1246 in _crawl_web (../../.pyenv/versions/3.12.6/lib/python3.12/site-packages/crawl4ai/async_crawler_strategy.py):\nError: \'AsyncPlaywrightCrawlerStrategy\' object has no attribute \'config\'\n\nCode context:\n1241                       raise Error(f"Body element is hidden: {visibility_info}")\n1242   \n1243               except Error as e:\n1244                   visibility_info = await self.check_visibility(page)\n1245   \n1246 →                 if self.config.verbose:\n1247                       self.logger.debug(\n1248                           message="Body visibility info: {info}",\n1249                           tag="DEBUG",\n1250                           params={"info": visibility_info},\n1251                       )' session_id=None response_headers=None status_code=None ssl_certificate=None


Failed to crawl: https://www.lycoming.edu/news/stories/2022/04/rotc-contracts.aspx
Result: url='https://www.lycoming.edu/news/stories/2022/04/rotc-contracts.aspx' html='' success=False cleaned_html=None media={} links={} downloaded_files=None screenshot=None pdf=None markdown=None markdown_v2=None fit_markdown=None fit_html=None extracted_content=None metadata=None error_message='Unexpected error in _crawl_web at line 1246 in _crawl_web (../../.pyenv/versions/3.12.6/lib/python3.12/site-packages/crawl4ai/async_crawler_strategy.py):\nError: \'AsyncPlaywrightCrawlerStrategy\' object has no attribute \'config\'\n\nCode context:\n1241                       raise Error(f"Body element is hidden: {visibility_info}")\n1242   \n1243               except Error as e:\n1244                   visibility_info = await self.check_visibility(page)\n1245   \n1246 →                 if self.config.verbose:\n1247                       self.logger.debug(\n1248                           message="Body visibility info: {info}",\n1249                           tag="DEBUG",\n1250                           params={"info": visibility_info},\n1251                       )' session_id=None response_headers=None status_code=None ssl_certificate=None


Failed to crawl: https://www.lycoming.edu/news/stories/2022/04/scholarship-awards.aspx
Result: url='https://www.lycoming.edu/news/stories/2022/04/scholarship-awards.aspx' html='' success=False cleaned_html=None media={} links={} downloaded_files=None screenshot=None pdf=None markdown=None markdown_v2=None fit_markdown=None fit_html=None extracted_content=None metadata=None error_message='Unexpected error in _crawl_web at line 1246 in _crawl_web (../../.pyenv/versions/3.12.6/lib/python3.12/site-packages/crawl4ai/async_crawler_strategy.py):\nError: \'AsyncPlaywrightCrawlerStrategy\' object has no attribute \'config\'\n\nCode context:\n1241                       raise Error(f"Body element is hidden: {visibility_info}")\n1242   \n1243               except Error as e:\n1244                   visibility_info = await self.check_visibility(page)\n1245   \n1246 →                 if self.config.verbose:\n1247                       self.logger.debug(\n1248                           message="Body visibility info: {info}",\n1249                           tag="DEBUG",\n1250                           params={"info": visibility_info},\n1251                       )' session_id=None response_headers=None status_code=None ssl_certificate=None


Failed to crawl: https://www.lycoming.edu/news/stories/2022/04/senior-art-show-2022.aspx
Result: url='https://www.lycoming.edu/news/stories/2022/04/senior-art-show-2022.aspx' html='' success=False cleaned_html=None media={} links={} downloaded_files=None screenshot=None pdf=None markdown=None markdown_v2=None fit_markdown=None fit_html=None extracted_content=None metadata=None error_message='Unexpected error in _crawl_web at line 1246 in _crawl_web (../../.pyenv/versions/3.12.6/lib/python3.12/site-packages/crawl4ai/async_crawler_strategy.py):\nError: \'AsyncPlaywrightCrawlerStrategy\' object has no attribute \'config\'\n\nCode context:\n1241                       raise Error(f"Body element is hidden: {visibility_info}")\n1242   \n1243               except Error as e:\n1244                   visibility_info = await self.check_visibility(page)\n1245   \n1246 →                 if self.config.verbose:\n1247                       self.logger.debug(\n1248                           message="Body visibility info: {info}",\n1249                           tag="DEBUG",\n1250                           params={"info": visibility_info},\n1251                       )' session_id=None response_headers=None status_code=None ssl_certificate=None


Failed to crawl: https://britishschoolofmarketing.com/webinar-feedback-form/
Result: url='https://britishschoolofmarketing.com/webinar-feedback-form/' html='' success=False cleaned_html=None media={} links={} downloaded_files=None screenshot=None pdf=None markdown=None markdown_v2=None fit_markdown=None fit_html=None extracted_content=None metadata=None error_message='Unexpected error in _crawl_web at line 1205 in _crawl_web (../../.pyenv/versions/3.12.6/lib/python3.12/site-packages/crawl4ai/async_crawler_strategy.py):\nError: Failed on navigating ACS-GOTO:\nPage.goto: Timeout 60000ms exceeded.\nCall log:\n  - navigating to "https://britishschoolofmarketing.com/webinar-feedback-form/", waiting until "domcontentloaded"\n\n\nCode context:\n1200   \n1201                       response = await page.goto(\n1202                           url, wait_until=config.wait_until, timeout=config.page_timeout\n1203                       )\n1204                   except Error as e:\n1205 →                     raise RuntimeError(f"Failed on navigating ACS-GOTO:\\n{str(e)}")\n1206   \n1207                   await self.execute_hook("after_goto", page, context=context, url=url, response=response)\n1208   \n1209                   if response is None:\n1210                       status_code = 200' session_id=None response_headers=None status_code=None ssl_certificate=None


Failed to crawl: https://britishschoolofmarketing.com/pathway-enrollment-form/
Result: url='https://britishschoolofmarketing.com/pathway-enrollment-form/' html='' success=False cleaned_html=None media={} links={} downloaded_files=None screenshot=None pdf=None markdown=None markdown_v2=None fit_markdown=None fit_html=None extracted_content=None metadata=None error_message='Unexpected error in _crawl_web at line 1205 in _crawl_web (../../.pyenv/versions/3.12.6/lib/python3.12/site-packages/crawl4ai/async_crawler_strategy.py):\nError: Failed on navigating ACS-GOTO:\nPage.goto: Timeout 60000ms exceeded.\nCall log:\n  - navigating to "https://britishschoolofmarketing.com/pathway-enrollment-form/", waiting until "domcontentloaded"\n\n\nCode context:\n1200   \n1201                       response = await page.goto(\n1202                           url, wait_until=config.wait_until, timeout=config.page_timeout\n1203                       )\n1204                   except Error as e:\n1205 →                     raise RuntimeError(f"Failed on navigating ACS-GOTO:\\n{str(e)}")\n1206   \n1207                   await self.execute_hook("after_goto", page, context=context, url=url, response=response)\n1208   \n1209                   if response is None:\n1210                       status_code = 200' session_id=None response_headers=None status_code=None ssl_certificate=None


Failed to crawl: https://britishschoolofmarketing.com/agent-enrollment-form/
Result: url='https://britishschoolofmarketing.com/agent-enrollment-form/' html='' success=False cleaned_html=None media={} links={} downloaded_files=None screenshot=None pdf=None markdown=None markdown_v2=None fit_markdown=None fit_html=None extracted_content=None metadata=None error_message='Unexpected error in _crawl_web at line 1205 in _crawl_web (../../.pyenv/versions/3.12.6/lib/python3.12/site-packages/crawl4ai/async_crawler_strategy.py):\nError: Failed on navigating ACS-GOTO:\nPage.goto: Timeout 60000ms exceeded.\nCall log:\n  - navigating to "https://britishschoolofmarketing.com/agent-enrollment-form/", waiting until "domcontentloaded"\n\n\nCode context:\n1200   \n1201                       response = await page.goto(\n1202                           url, wait_until=config.wait_until, timeout=config.page_timeout\n1203                       )\n1204                   except Error as e:\n1205 →                     raise RuntimeError(f"Failed on navigating ACS-GOTO:\\n{str(e)}")\n1206   \n1207                   await self.execute_hook("after_goto", page, context=context, url=url, response=response)\n1208   \n1209                   if response is None:\n1210                       status_code = 200' session_id=None response_headers=None status_code=None ssl_certificate=None


Failed to crawl: https://britishschoolofmarketing.com/group-enrollment-form/
Result: url='https://britishschoolofmarketing.com/group-enrollment-form/' html='' success=False cleaned_html=None media={} links={} downloaded_files=None screenshot=None pdf=None markdown=None markdown_v2=None fit_markdown=None fit_html=None extracted_content=None metadata=None error_message='Unexpected error in _crawl_web at line 1205 in _crawl_web (../../.pyenv/versions/3.12.6/lib/python3.12/site-packages/crawl4ai/async_crawler_strategy.py):\nError: Failed on navigating ACS-GOTO:\nPage.goto: Timeout 60000ms exceeded.\nCall log:\n  - navigating to "https://britishschoolofmarketing.com/group-enrollment-form/", waiting until "domcontentloaded"\n\n\nCode context:\n1200   \n1201                       response = await page.goto(\n1202                           url, wait_until=config.wait_until, timeout=config.page_timeout\n1203                       )\n1204                   except Error as e:\n1205 →                     raise RuntimeError(f"Failed on navigating ACS-GOTO:\\n{str(e)}")\n1206   \n1207                   await self.execute_hook("after_goto", page, context=context, url=url, response=response)\n1208   \n1209                   if response is None:\n1210                       status_code = 200' session_id=None response_headers=None status_code=None ssl_certificate=None


Failed to crawl: https://britishschoolofmarketing.com/language-enrollment-form/
Result: url='https://britishschoolofmarketing.com/language-enrollment-form/' html='' success=False cleaned_html=None media={} links={} downloaded_files=None screenshot=None pdf=None markdown=None markdown_v2=None fit_markdown=None fit_html=None extracted_content=None metadata=None error_message='Unexpected error in _crawl_web at line 1205 in _crawl_web (../../.pyenv/versions/3.12.6/lib/python3.12/site-packages/crawl4ai/async_crawler_strategy.py):\nError: Failed on navigating ACS-GOTO:\nPage.goto: Timeout 60000ms exceeded.\nCall log:\n  - navigating to "https://britishschoolofmarketing.com/language-enrollment-form/", waiting until "domcontentloaded"\n\n\nCode context:\n1200   \n1201                       response = await page.goto(\n1202                           url, wait_until=config.wait_until, timeout=config.page_timeout\n1203                       )\n1204                   except Error as e:\n1205 →                     raise RuntimeError(f"Failed on navigating ACS-GOTO:\\n{str(e)}")\n1206   \n1207                   await self.execute_hook("after_goto", page, context=context, url=url, response=response)\n1208   \n1209                   if response is None:\n1210                       status_code = 200' session_id=None response_headers=None status_code=None ssl_certificate=None


Failed to crawl: https://britishschoolofmarketing.com/contact/
Result: url='https://britishschoolofmarketing.com/contact/' html='' success=False cleaned_html=None media={} links={} downloaded_files=None screenshot=None pdf=None markdown=None markdown_v2=None fit_markdown=None fit_html=None extracted_content=None metadata=None error_message='Unexpected error in _crawl_web at line 1205 in _crawl_web (../../.pyenv/versions/3.12.6/lib/python3.12/site-packages/crawl4ai/async_crawler_strategy.py):\nError: Failed on navigating ACS-GOTO:\nPage.goto: Timeout 60000ms exceeded.\nCall log:\n  - navigating to "https://britishschoolofmarketing.com/contact/", waiting until "domcontentloaded"\n\n\nCode context:\n1200   \n1201                       response = await page.goto(\n1202                           url, wait_until=config.wait_until, timeout=config.page_timeout\n1203                       )\n1204                   except Error as e:\n1205 →                     raise RuntimeError(f"Failed on navigating ACS-GOTO:\\n{str(e)}")\n1206   \n1207                   await self.execute_hook("after_goto", page, context=context, url=url, response=response)\n1208   \n1209                   if response is None:\n1210                       status_code = 200' session_id=None response_headers=None status_code=None ssl_certificate=None


Failed to crawl: https://britishschoolofmarketing.com/iubh-university/
Result: url='https://britishschoolofmarketing.com/iubh-university/' html='' success=False cleaned_html=None media={} links={} downloaded_files=None screenshot=None pdf=None markdown=None markdown_v2=None fit_markdown=None fit_html=None extracted_content=None metadata=None error_message='Unexpected error in _crawl_web at line 1205 in _crawl_web (../../.pyenv/versions/3.12.6/lib/python3.12/site-packages/crawl4ai/async_crawler_strategy.py):\nError: Failed on navigating ACS-GOTO:\nPage.goto: Timeout 60000ms exceeded.\nCall log:\n  - navigating to "https://britishschoolofmarketing.com/iubh-university/", waiting until "domcontentloaded"\n\n\nCode context:\n1200   \n1201                       response = await page.goto(\n1202                           url, wait_until=config.wait_until, timeout=config.page_timeout\n1203                       )\n1204                   except Error as e:\n1205 →                     raise RuntimeError(f"Failed on navigating ACS-GOTO:\\n{str(e)}")\n1206   \n1207                   await self.execute_hook("after_goto", page, context=context, url=url, response=response)\n1208   \n1209                   if response is None:\n1210                       status_code = 200' session_id=None response_headers=None status_code=None ssl_certificate=None


Failed to crawl: https://britishschoolofmarketing.com/international-year-1-in-business-and-management/
Result: url='https://britishschoolofmarketing.com/international-year-1-in-business-and-management/' html='' success=False cleaned_html=None media={} links={} downloaded_files=None screenshot=None pdf=None markdown=None markdown_v2=None fit_markdown=None fit_html=None extracted_content=None metadata=None error_message='Unexpected error in _crawl_web at line 1205 in _crawl_web (../../.pyenv/versions/3.12.6/lib/python3.12/site-packages/crawl4ai/async_crawler_strategy.py):\nError: Failed on navigating ACS-GOTO:\nPage.goto: net::ERR_CONNECTION_RESET at https://britishschoolofmarketing.com/international-year-1-in-business-and-management/\nCall log:\n  - navigating to "https://britishschoolofmarketing.com/international-year-1-in-business-and-management/", waiting until "domcontentloaded"\n\n\nCode context:\n1200   \n1201                       response = await page.goto(\n1202                           url, wait_until=config.wait_until, timeout=config.page_timeout\n1203                       )\n1204                   except Error as e:\n1205 →                     raise RuntimeError(f"Failed on navigating ACS-GOTO:\\n{str(e)}")\n1206   \n1207                   await self.execute_hook("after_goto", page, context=context, url=url, response=response)\n1208   \n1209                   if response is None:\n1210                       status_code = 200' session_id=None response_headers=None status_code=None ssl_certificate=None


Failed to crawl: https://britishschoolofmarketing.com/international-year-2-in-business-and-management/
Result: url='https://britishschoolofmarketing.com/international-year-2-in-business-and-management/' html='' success=False cleaned_html=None media={} links={} downloaded_files=None screenshot=None pdf=None markdown=None markdown_v2=None fit_markdown=None fit_html=None extracted_content=None metadata=None error_message='Unexpected error in _crawl_web at line 1205 in _crawl_web (../../.pyenv/versions/3.12.6/lib/python3.12/site-packages/crawl4ai/async_crawler_strategy.py):\nError: Failed on navigating ACS-GOTO:\nPage.goto: net::ERR_CONNECTION_RESET at https://britishschoolofmarketing.com/international-year-2-in-business-and-management/\nCall log:\n  - navigating to "https://britishschoolofmarketing.com/international-year-2-in-business-and-management/", waiting until "domcontentloaded"\n\n\nCode context:\n1200   \n1201                       response = await page.goto(\n1202                           url, wait_until=config.wait_until, timeout=config.page_timeout\n1203                       )\n1204                   except Error as e:\n1205 →                     raise RuntimeError(f"Failed on navigating ACS-GOTO:\\n{str(e)}")\n1206   \n1207                   await self.execute_hook("after_goto", page, context=context, url=url, response=response)\n1208   \n1209                   if response is None:\n1210                       status_code = 200' session_id=None response_headers=None status_code=None ssl_certificate=None


Failed to crawl: https://britishschoolofmarketing.com/de-montfort-university/
Result: url='https://britishschoolofmarketing.com/de-montfort-university/' html='' success=False cleaned_html=None media={} links={} downloaded_files=None screenshot=None pdf=None markdown=None markdown_v2=None fit_markdown=None fit_html=None extracted_content=None metadata=None error_message='Unexpected error in _crawl_web at line 1205 in _crawl_web (../../.pyenv/versions/3.12.6/lib/python3.12/site-packages/crawl4ai/async_crawler_strategy.py):\nError: Failed on navigating ACS-GOTO:\nPage.goto: net::ERR_CONNECTION_RESET at https://britishschoolofmarketing.com/de-montfort-university/\nCall log:\n  - navigating to "https://britishschoolofmarketing.com/de-montfort-university/", waiting until "domcontentloaded"\n\n\nCode context:\n1200   \n1201                       response = await page.goto(\n1202                           url, wait_until=config.wait_until, timeout=config.page_timeout\n1203                       )\n1204                   except Error as e:\n1205 →                     raise RuntimeError(f"Failed on navigating ACS-GOTO:\\n{str(e)}")\n1206   \n1207                   await self.execute_hook("after_goto", page, context=context, url=url, response=response)\n1208   \n1209                   if response is None:\n1210                       status_code = 200' session_id=None response_headers=None status_code=None ssl_certificate=None


Failed to crawl: https://britishschoolofmarketing.com/northwood-university/
Result: url='https://britishschoolofmarketing.com/northwood-university/' html='' success=False cleaned_html=None media={} links={} downloaded_files=None screenshot=None pdf=None markdown=None markdown_v2=None fit_markdown=None fit_html=None extracted_content=None metadata=None error_message='Unexpected error in _crawl_web at line 1205 in _crawl_web (../../.pyenv/versions/3.12.6/lib/python3.12/site-packages/crawl4ai/async_crawler_strategy.py):\nError: Failed on navigating ACS-GOTO:\nPage.goto: net::ERR_CONNECTION_RESET at https://britishschoolofmarketing.com/northwood-university/\nCall log:\n  - navigating to "https://britishschoolofmarketing.com/northwood-university/", waiting until "domcontentloaded"\n\n\nCode context:\n1200   \n1201                       response = await page.goto(\n1202                           url, wait_until=config.wait_until, timeout=config.page_timeout\n1203                       )\n1204                   except Error as e:\n1205 →                     raise RuntimeError(f"Failed on navigating ACS-GOTO:\\n{str(e)}")\n1206   \n1207                   await self.execute_hook("after_goto", page, context=context, url=url, response=response)\n1208   \n1209                   if response is None:\n1210                       status_code = 200' session_id=None response_headers=None status_code=None ssl_certificate=None


Failed to crawl: https://britishschoolofmarketing.com/institute-of-technology-carlow/
Result: url='https://britishschoolofmarketing.com/institute-of-technology-carlow/' html='' success=False cleaned_html=None media={} links={} downloaded_files=None screenshot=None pdf=None markdown=None markdown_v2=None fit_markdown=None fit_html=None extracted_content=None metadata=None error_message='Unexpected error in _crawl_web at line 1205 in _crawl_web (../../.pyenv/versions/3.12.6/lib/python3.12/site-packages/crawl4ai/async_crawler_strategy.py):\nError: Failed on navigating ACS-GOTO:\nPage.goto: net::ERR_CONNECTION_RESET at https://britishschoolofmarketing.com/institute-of-technology-carlow/\nCall log:\n  - navigating to "https://britishschoolofmarketing.com/institute-of-technology-carlow/", waiting until "domcontentloaded"\n\n\nCode context:\n1200   \n1201                       response = await page.goto(\n1202                           url, wait_until=config.wait_until, timeout=config.page_timeout\n1203                       )\n1204                   except Error as e:\n1205 →                     raise RuntimeError(f"Failed on navigating ACS-GOTO:\\n{str(e)}")\n1206   \n1207                   await self.execute_hook("after_goto", page, context=context, url=url, response=response)\n1208   \n1209                   if response is None:\n1210                       status_code = 200' session_id=None response_headers=None status_code=None ssl_certificate=None


Failed to crawl: https://britishschoolofmarketing.com/leeds-trinity-university/
Result: url='https://britishschoolofmarketing.com/leeds-trinity-university/' html='' success=False cleaned_html=None media={} links={} downloaded_files=None screenshot=None pdf=None markdown=None markdown_v2=None fit_markdown=None fit_html=None extracted_content=None metadata=None error_message='Unexpected error in _crawl_web at line 1205 in _crawl_web (../../.pyenv/versions/3.12.6/lib/python3.12/site-packages/crawl4ai/async_crawler_strategy.py):\nError: Failed on navigating ACS-GOTO:\nPage.goto: net::ERR_CONNECTION_RESET at https://britishschoolofmarketing.com/leeds-trinity-university/\nCall log:\n  - navigating to "https://britishschoolofmarketing.com/leeds-trinity-university/", waiting until "domcontentloaded"\n\n\nCode context:\n1200   \n1201                       response = await page.goto(\n1202                           url, wait_until=config.wait_until, timeout=config.page_timeout\n1203                       )\n1204                   except Error as e:\n1205 →                     raise RuntimeError(f"Failed on navigating ACS-GOTO:\\n{str(e)}")\n1206   \n1207                   await self.execute_hook("after_goto", page, context=context, url=url, response=response)\n1208   \n1209                   if response is None:\n1210                       status_code = 200' session_id=None response_headers=None status_code=None ssl_certificate=None


Failed to crawl: https://britishschoolofmarketing.com/glyndwr-university/
Result: url='https://britishschoolofmarketing.com/glyndwr-university/' html='' success=False cleaned_html=None media={} links={} downloaded_files=None screenshot=None pdf=None markdown=None markdown_v2=None fit_markdown=None fit_html=None extracted_content=None metadata=None error_message='Unexpected error in _crawl_web at line 1205 in _crawl_web (../../.pyenv/versions/3.12.6/lib/python3.12/site-packages/crawl4ai/async_crawler_strategy.py):\nError: Failed on navigating ACS-GOTO:\nPage.goto: net::ERR_CONNECTION_RESET at https://britishschoolofmarketing.com/glyndwr-university/\nCall log:\n  - navigating to "https://britishschoolofmarketing.com/glyndwr-university/", waiting until "domcontentloaded"\n\n\nCode context:\n1200   \n1201                       response = await page.goto(\n1202                           url, wait_until=config.wait_until, timeout=config.page_timeout\n1203                       )\n1204                   except Error as e:\n1205 →                     raise RuntimeError(f"Failed on navigating ACS-GOTO:\\n{str(e)}")\n1206   \n1207                   await self.execute_hook("after_goto", page, context=context, url=url, response=response)\n1208   \n1209                   if response is None:\n1210                       status_code = 200' session_id=None response_headers=None status_code=None ssl_certificate=None


Failed to crawl: https://britishschoolofmarketing.com/central-university/
Result: url='https://britishschoolofmarketing.com/central-university/' html='' success=False cleaned_html=None media={} links={} downloaded_files=None screenshot=None pdf=None markdown=None markdown_v2=None fit_markdown=None fit_html=None extracted_content=None metadata=None error_message='Unexpected error in _crawl_web at line 1205 in _crawl_web (../../.pyenv/versions/3.12.6/lib/python3.12/site-packages/crawl4ai/async_crawler_strategy.py):\nError: Failed on navigating ACS-GOTO:\nPage.goto: net::ERR_CONNECTION_RESET at https://britishschoolofmarketing.com/central-university/\nCall log:\n  - navigating to "https://britishschoolofmarketing.com/central-university/", waiting until "domcontentloaded"\n\n\nCode context:\n1200   \n1201                       response = await page.goto(\n1202                           url, wait_until=config.wait_until, timeout=config.page_timeout\n1203                       )\n1204                   except Error as e:\n1205 →                     raise RuntimeError(f"Failed on navigating ACS-GOTO:\\n{str(e)}")\n1206   \n1207                   await self.execute_hook("after_goto", page, context=context, url=url, response=response)\n1208   \n1209                   if response is None:\n1210                       status_code = 200' session_id=None response_headers=None status_code=None ssl_certificate=None


Failed to crawl: https://britishschoolofmarketing.com/crandall-university/
Result: url='https://britishschoolofmarketing.com/crandall-university/' html='' success=False cleaned_html=None media={} links={} downloaded_files=None screenshot=None pdf=None markdown=None markdown_v2=None fit_markdown=None fit_html=None extracted_content=None metadata=None error_message='Unexpected error in _crawl_web at line 1205 in _crawl_web (../../.pyenv/versions/3.12.6/lib/python3.12/site-packages/crawl4ai/async_crawler_strategy.py):\nError: Failed on navigating ACS-GOTO:\nPage.goto: net::ERR_CONNECTION_RESET at https://britishschoolofmarketing.com/crandall-university/\nCall log:\n  - navigating to "https://britishschoolofmarketing.com/crandall-university/", waiting until "domcontentloaded"\n\n\nCode context:\n1200   \n1201                       response = await page.goto(\n1202                           url, wait_until=config.wait_until, timeout=config.page_timeout\n1203                       )\n1204                   except Error as e:\n1205 →                     raise RuntimeError(f"Failed on navigating ACS-GOTO:\\n{str(e)}")\n1206   \n1207                   await self.execute_hook("after_goto", page, context=context, url=url, response=response)\n1208   \n1209                   if response is None:\n1210                       status_code = 200' session_id=None response_headers=None status_code=None ssl_certificate=None


Failed to crawl: https://britishschoolofmarketing.com/southern-cross-university/
Result: url='https://britishschoolofmarketing.com/southern-cross-university/' html='' success=False cleaned_html=None media={} links={} downloaded_files=None screenshot=None pdf=None markdown=None markdown_v2=None fit_markdown=None fit_html=None extracted_content=None metadata=None error_message='Unexpected error in _crawl_web at line 1205 in _crawl_web (../../.pyenv/versions/3.12.6/lib/python3.12/site-packages/crawl4ai/async_crawler_strategy.py):\nError: Failed on navigating ACS-GOTO:\nPage.goto: net::ERR_CONNECTION_RESET at https://britishschoolofmarketing.com/southern-cross-university/\nCall log:\n  - navigating to "https://britishschoolofmarketing.com/southern-cross-university/", waiting until "domcontentloaded"\n\n\nCode context:\n1200   \n1201                       response = await page.goto(\n1202                           url, wait_until=config.wait_until, timeout=config.page_timeout\n1203                       )\n1204                   except Error as e:\n1205 →                     raise RuntimeError(f"Failed on navigating ACS-GOTO:\\n{str(e)}")\n1206   \n1207                   await self.execute_hook("after_goto", page, context=context, url=url, response=response)\n1208   \n1209                   if response is None:\n1210                       status_code = 200' session_id=None response_headers=None status_code=None ssl_certificate=None


Failed to crawl: https://britishschoolofmarketing.com/anglia-ruskin-university/
Result: url='https://britishschoolofmarketing.com/anglia-ruskin-university/' html='' success=False cleaned_html=None media={} links={} downloaded_files=None screenshot=None pdf=None markdown=None markdown_v2=None fit_markdown=None fit_html=None extracted_content=None metadata=None error_message='Unexpected error in _crawl_web at line 1205 in _crawl_web (../../.pyenv/versions/3.12.6/lib/python3.12/site-packages/crawl4ai/async_crawler_strategy.py):\nError: Failed on navigating ACS-GOTO:\nPage.goto: net::ERR_CONNECTION_RESET at https://britishschoolofmarketing.com/anglia-ruskin-university/\nCall log:\n  - navigating to "https://britishschoolofmarketing.com/anglia-ruskin-university/", waiting until "domcontentloaded"\n\n\nCode context:\n1200   \n1201                       response = await page.goto(\n1202                           url, wait_until=config.wait_until, timeout=config.page_timeout\n1203                       )\n1204                   except Error as e:\n1205 →                     raise RuntimeError(f"Failed on navigating ACS-GOTO:\\n{str(e)}")\n1206   \n1207                   await self.execute_hook("after_goto", page, context=context, url=url, response=response)\n1208   \n1209                   if response is None:\n1210                       status_code = 200' session_id=None response_headers=None status_code=None ssl_certificate=None


Failed to crawl: https://britishschoolofmarketing.com/limerick-institute-of-technology/
Result: url='https://britishschoolofmarketing.com/limerick-institute-of-technology/' html='' success=False cleaned_html=None media={} links={} downloaded_files=None screenshot=None pdf=None markdown=None markdown_v2=None fit_markdown=None fit_html=None extracted_content=None metadata=None error_message='Unexpected error in _crawl_web at line 1205 in _crawl_web (../../.pyenv/versions/3.12.6/lib/python3.12/site-packages/crawl4ai/async_crawler_strategy.py):\nError: Failed on navigating ACS-GOTO:\nPage.goto: net::ERR_CONNECTION_RESET at https://britishschoolofmarketing.com/limerick-institute-of-technology/\nCall log:\n  - navigating to "https://britishschoolofmarketing.com/limerick-institute-of-technology/", waiting until "domcontentloaded"\n\n\nCode context:\n1200   \n1201                       response = await page.goto(\n1202                           url, wait_until=config.wait_until, timeout=config.page_timeout\n1203                       )\n1204                   except Error as e:\n1205 →                     raise RuntimeError(f"Failed on navigating ACS-GOTO:\\n{str(e)}")\n1206   \n1207                   await self.execute_hook("after_goto", page, context=context, url=url, response=response)\n1208   \n1209                   if response is None:\n1210                       status_code = 200' session_id=None response_headers=None status_code=None ssl_certificate=None


Failed to crawl: https://britishschoolofmarketing.com/ulster-university/
Result: url='https://britishschoolofmarketing.com/ulster-university/' html='' success=False cleaned_html=None media={} links={} downloaded_files=None screenshot=None pdf=None markdown=None markdown_v2=None fit_markdown=None fit_html=None extracted_content=None metadata=None error_message='Unexpected error in _crawl_web at line 1205 in _crawl_web (../../.pyenv/versions/3.12.6/lib/python3.12/site-packages/crawl4ai/async_crawler_strategy.py):\nError: Failed on navigating ACS-GOTO:\nPage.goto: net::ERR_CONNECTION_RESET at https://britishschoolofmarketing.com/ulster-university/\nCall log:\n  - navigating to "https://britishschoolofmarketing.com/ulster-university/", waiting until "domcontentloaded"\n\n\nCode context:\n1200   \n1201                       response = await page.goto(\n1202                           url, wait_until=config.wait_until, timeout=config.page_timeout\n1203                       )\n1204                   except Error as e:\n1205 →                     raise RuntimeError(f"Failed on navigating ACS-GOTO:\\n{str(e)}")\n1206   \n1207                   await self.execute_hook("after_goto", page, context=context, url=url, response=response)\n1208   \n1209                   if response is None:\n1210                       status_code = 200' session_id=None response_headers=None status_code=None ssl_certificate=None


Failed to crawl: https://britishschoolofmarketing.com/university-of-bedfordshire/
Result: url='https://britishschoolofmarketing.com/university-of-bedfordshire/' html='' success=False cleaned_html=None media={} links={} downloaded_files=None screenshot=None pdf=None markdown=None markdown_v2=None fit_markdown=None fit_html=None extracted_content=None metadata=None error_message='Unexpected error in _crawl_web at line 1205 in _crawl_web (../../.pyenv/versions/3.12.6/lib/python3.12/site-packages/crawl4ai/async_crawler_strategy.py):\nError: Failed on navigating ACS-GOTO:\nPage.goto: net::ERR_CONNECTION_RESET at https://britishschoolofmarketing.com/university-of-bedfordshire/\nCall log:\n  - navigating to "https://britishschoolofmarketing.com/university-of-bedfordshire/", waiting until "domcontentloaded"\n\n\nCode context:\n1200   \n1201                       response = await page.goto(\n1202                           url, wait_until=config.wait_until, timeout=config.page_timeout\n1203                       )\n1204                   except Error as e:\n1205 →                     raise RuntimeError(f"Failed on navigating ACS-GOTO:\\n{str(e)}")\n1206   \n1207                   await self.execute_hook("after_goto", page, context=context, url=url, response=response)\n1208   \n1209                   if response is None:\n1210                       status_code = 200' session_id=None response_headers=None status_code=None ssl_certificate=None


Failed to crawl: https://britishschoolofmarketing.com/university-of-bolton/
Result: url='https://britishschoolofmarketing.com/university-of-bolton/' html='' success=False cleaned_html=None media={} links={} downloaded_files=None screenshot=None pdf=None markdown=None markdown_v2=None fit_markdown=None fit_html=None extracted_content=None metadata=None error_message='Unexpected error in _crawl_web at line 1205 in _crawl_web (../../.pyenv/versions/3.12.6/lib/python3.12/site-packages/crawl4ai/async_crawler_strategy.py):\nError: Failed on navigating ACS-GOTO:\nPage.goto: net::ERR_CONNECTION_RESET at https://britishschoolofmarketing.com/university-of-bolton/\nCall log:\n  - navigating to "https://britishschoolofmarketing.com/university-of-bolton/", waiting until "domcontentloaded"\n\n\nCode context:\n1200   \n1201                       response = await page.goto(\n1202                           url, wait_until=config.wait_until, timeout=config.page_timeout\n1203                       )\n1204                   except Error as e:\n1205 →                     raise RuntimeError(f"Failed on navigating ACS-GOTO:\\n{str(e)}")\n1206   \n1207                   await self.execute_hook("after_goto", page, context=context, url=url, response=response)\n1208   \n1209                   if response is None:\n1210                       status_code = 200' session_id=None response_headers=None status_code=None ssl_certificate=None


Failed to crawl: https://britishschoolofmarketing.com/university-of-gloucestershire/
Result: url='https://britishschoolofmarketing.com/university-of-gloucestershire/' html='' success=False cleaned_html=None media={} links={} downloaded_files=None screenshot=None pdf=None markdown=None markdown_v2=None fit_markdown=None fit_html=None extracted_content=None metadata=None error_message='Unexpected error in _crawl_web at line 1205 in _crawl_web (../../.pyenv/versions/3.12.6/lib/python3.12/site-packages/crawl4ai/async_crawler_strategy.py):\nError: Failed on navigating ACS-GOTO:\nPage.goto: net::ERR_CONNECTION_RESET at https://britishschoolofmarketing.com/university-of-gloucestershire/\nCall log:\n  - navigating to "https://britishschoolofmarketing.com/university-of-gloucestershire/", waiting until "domcontentloaded"\n\n\nCode context:\n1200   \n1201                       response = await page.goto(\n1202                           url, wait_until=config.wait_until, timeout=config.page_timeout\n1203                       )\n1204                   except Error as e:\n1205 →                     raise RuntimeError(f"Failed on navigating ACS-GOTO:\\n{str(e)}")\n1206   \n1207                   await self.execute_hook("after_goto", page, context=context, url=url, response=response)\n1208   \n1209                   if response is None:\n1210                       status_code = 200' session_id=None response_headers=None status_code=None ssl_certificate=None


Failed to crawl: https://britishschoolofmarketing.com/university-of-sunderland/
Result: url='https://britishschoolofmarketing.com/university-of-sunderland/' html='' success=False cleaned_html=None media={} links={} downloaded_files=None screenshot=None pdf=None markdown=None markdown_v2=None fit_markdown=None fit_html=None extracted_content=None metadata=None error_message='Unexpected error in _crawl_web at line 1205 in _crawl_web (../../.pyenv/versions/3.12.6/lib/python3.12/site-packages/crawl4ai/async_crawler_strategy.py):\nError: Failed on navigating ACS-GOTO:\nPage.goto: net::ERR_CONNECTION_RESET at https://britishschoolofmarketing.com/university-of-sunderland/\nCall log:\n  - navigating to "https://britishschoolofmarketing.com/university-of-sunderland/", waiting until "domcontentloaded"\n\n\nCode context:\n1200   \n1201                       response = await page.goto(\n1202                           url, wait_until=config.wait_until, timeout=config.page_timeout\n1203                       )\n1204                   except Error as e:\n1205 →                     raise RuntimeError(f"Failed on navigating ACS-GOTO:\\n{str(e)}")\n1206   \n1207                   await self.execute_hook("after_goto", page, context=context, url=url, response=response)\n1208   \n1209                   if response is None:\n1210                       status_code = 200' session_id=None response_headers=None status_code=None ssl_certificate=None


Failed to crawl: https://britishschoolofmarketing.com/university-of-portsmouth/
Result: url='https://britishschoolofmarketing.com/university-of-portsmouth/' html='' success=False cleaned_html=None media={} links={} downloaded_files=None screenshot=None pdf=None markdown=None markdown_v2=None fit_markdown=None fit_html=None extracted_content=None metadata=None error_message='Unexpected error in _crawl_web at line 1205 in _crawl_web (../../.pyenv/versions/3.12.6/lib/python3.12/site-packages/crawl4ai/async_crawler_strategy.py):\nError: Failed on navigating ACS-GOTO:\nPage.goto: net::ERR_CONNECTION_RESET at https://britishschoolofmarketing.com/university-of-portsmouth/\nCall log:\n  - navigating to "https://britishschoolofmarketing.com/university-of-portsmouth/", waiting until "domcontentloaded"\n\n\nCode context:\n1200   \n1201                       response = await page.goto(\n1202                           url, wait_until=config.wait_until, timeout=config.page_timeout\n1203                       )\n1204                   except Error as e:\n1205 →                     raise RuntimeError(f"Failed on navigating ACS-GOTO:\\n{str(e)}")\n1206   \n1207                   await self.execute_hook("after_goto", page, context=context, url=url, response=response)\n1208   \n1209                   if response is None:\n1210                       status_code = 200' session_id=None response_headers=None status_code=None ssl_certificate=None


Failed to crawl: https://britishschoolofmarketing.com/university-of-westminster/
Result: url='https://britishschoolofmarketing.com/university-of-westminster/' html='' success=False cleaned_html=None media={} links={} downloaded_files=None screenshot=None pdf=None markdown=None markdown_v2=None fit_markdown=None fit_html=None extracted_content=None metadata=None error_message='Unexpected error in _crawl_web at line 1205 in _crawl_web (../../.pyenv/versions/3.12.6/lib/python3.12/site-packages/crawl4ai/async_crawler_strategy.py):\nError: Failed on navigating ACS-GOTO:\nPage.goto: net::ERR_CONNECTION_RESET at https://britishschoolofmarketing.com/university-of-westminster/\nCall log:\n  - navigating to "https://britishschoolofmarketing.com/university-of-westminster/", waiting until "domcontentloaded"\n\n\nCode context:\n1200   \n1201                       response = await page.goto(\n1202                           url, wait_until=config.wait_until, timeout=config.page_timeout\n1203                       )\n1204                   except Error as e:\n1205 →                     raise RuntimeError(f"Failed on navigating ACS-GOTO:\\n{str(e)}")\n1206   \n1207                   await self.execute_hook("after_goto", page, context=context, url=url, response=response)\n1208   \n1209                   if response is None:\n1210                       status_code = 200' session_id=None response_headers=None status_code=None ssl_certificate=None


Failed to crawl: https://britishschoolofmarketing.com/solent-university/
Result: url='https://britishschoolofmarketing.com/solent-university/' html='' success=False cleaned_html=None media={} links={} downloaded_files=None screenshot=None pdf=None markdown=None markdown_v2=None fit_markdown=None fit_html=None extracted_content=None metadata=None error_message='Unexpected error in _crawl_web at line 1205 in _crawl_web (../../.pyenv/versions/3.12.6/lib/python3.12/site-packages/crawl4ai/async_crawler_strategy.py):\nError: Failed on navigating ACS-GOTO:\nPage.goto: net::ERR_CONNECTION_RESET at https://britishschoolofmarketing.com/solent-university/\nCall log:\n  - navigating to "https://britishschoolofmarketing.com/solent-university/", waiting until "domcontentloaded"\n\n\nCode context:\n1200   \n1201                       response = await page.goto(\n1202                           url, wait_until=config.wait_until, timeout=config.page_timeout\n1203                       )\n1204                   except Error as e:\n1205 →                     raise RuntimeError(f"Failed on navigating ACS-GOTO:\\n{str(e)}")\n1206   \n1207                   await self.execute_hook("after_goto", page, context=context, url=url, response=response)\n1208   \n1209                   if response is None:\n1210                       status_code = 200' session_id=None response_headers=None status_code=None ssl_certificate=None


Failed to crawl: https://britishschoolofmarketing.com/griffith-college/
Result: url='https://britishschoolofmarketing.com/griffith-college/' html='' success=False cleaned_html=None media={} links={} downloaded_files=None screenshot=None pdf=None markdown=None markdown_v2=None fit_markdown=None fit_html=None extracted_content=None metadata=None error_message='Unexpected error in _crawl_web at line 1205 in _crawl_web (../../.pyenv/versions/3.12.6/lib/python3.12/site-packages/crawl4ai/async_crawler_strategy.py):\nError: Failed on navigating ACS-GOTO:\nPage.goto: net::ERR_CONNECTION_RESET at https://britishschoolofmarketing.com/griffith-college/\nCall log:\n  - navigating to "https://britishschoolofmarketing.com/griffith-college/", waiting until "domcontentloaded"\n\n\nCode context:\n1200   \n1201                       response = await page.goto(\n1202                           url, wait_until=config.wait_until, timeout=config.page_timeout\n1203                       )\n1204                   except Error as e:\n1205 →                     raise RuntimeError(f"Failed on navigating ACS-GOTO:\\n{str(e)}")\n1206   \n1207                   await self.execute_hook("after_goto", page, context=context, url=url, response=response)\n1208   \n1209                   if response is None:\n1210                       status_code = 200' session_id=None response_headers=None status_code=None ssl_certificate=None


Failed to crawl: https://britishschoolofmarketing.com/george-brown-college/
Result: url='https://britishschoolofmarketing.com/george-brown-college/' html='' success=False cleaned_html=None media={} links={} downloaded_files=None screenshot=None pdf=None markdown=None markdown_v2=None fit_markdown=None fit_html=None extracted_content=None metadata=None error_message='Unexpected error in _crawl_web at line 1205 in _crawl_web (../../.pyenv/versions/3.12.6/lib/python3.12/site-packages/crawl4ai/async_crawler_strategy.py):\nError: Failed on navigating ACS-GOTO:\nPage.goto: net::ERR_CONNECTION_RESET at https://britishschoolofmarketing.com/george-brown-college/\nCall log:\n  - navigating to "https://britishschoolofmarketing.com/george-brown-college/", waiting until "domcontentloaded"\n\n\nCode context:\n1200   \n1201                       response = await page.goto(\n1202                           url, wait_until=config.wait_until, timeout=config.page_timeout\n1203                       )\n1204                   except Error as e:\n1205 →                     raise RuntimeError(f"Failed on navigating ACS-GOTO:\\n{str(e)}")\n1206   \n1207                   await self.execute_hook("after_goto", page, context=context, url=url, response=response)\n1208   \n1209                   if response is None:\n1210                       status_code = 200' session_id=None response_headers=None status_code=None ssl_certificate=None


Failed to crawl: https://britishschoolofmarketing.com/bournemouth-university/
Result: url='https://britishschoolofmarketing.com/bournemouth-university/' html='' success=False cleaned_html=None media={} links={} downloaded_files=None screenshot=None pdf=None markdown=None markdown_v2=None fit_markdown=None fit_html=None extracted_content=None metadata=None error_message='Unexpected error in _crawl_web at line 1205 in _crawl_web (../../.pyenv/versions/3.12.6/lib/python3.12/site-packages/crawl4ai/async_crawler_strategy.py):\nError: Failed on navigating ACS-GOTO:\nPage.goto: net::ERR_CONNECTION_RESET at https://britishschoolofmarketing.com/bournemouth-university/\nCall log:\n  - navigating to "https://britishschoolofmarketing.com/bournemouth-university/", waiting until "domcontentloaded"\n\n\nCode context:\n1200   \n1201                       response = await page.goto(\n1202                           url, wait_until=config.wait_until, timeout=config.page_timeout\n1203                       )\n1204                   except Error as e:\n1205 →                     raise RuntimeError(f"Failed on navigating ACS-GOTO:\\n{str(e)}")\n1206   \n1207                   await self.execute_hook("after_goto", page, context=context, url=url, response=response)\n1208   \n1209                   if response is None:\n1210                       status_code = 200' session_id=None response_headers=None status_code=None ssl_certificate=None


Failed to crawl: https://britishschoolofmarketing.com/foundation-pathway-programs/
Result: url='https://britishschoolofmarketing.com/foundation-pathway-programs/' html='' success=False cleaned_html=None media={} links={} downloaded_files=None screenshot=None pdf=None markdown=None markdown_v2=None fit_markdown=None fit_html=None extracted_content=None metadata=None error_message='Unexpected error in _crawl_web at line 1205 in _crawl_web (../../.pyenv/versions/3.12.6/lib/python3.12/site-packages/crawl4ai/async_crawler_strategy.py):\nError: Failed on navigating ACS-GOTO:\nPage.goto: net::ERR_CONNECTION_RESET at https://britishschoolofmarketing.com/foundation-pathway-programs/\nCall log:\n  - navigating to "https://britishschoolofmarketing.com/foundation-pathway-programs/", waiting until "domcontentloaded"\n\n\nCode context:\n1200   \n1201                       response = await page.goto(\n1202                           url, wait_until=config.wait_until, timeout=config.page_timeout\n1203                       )\n1204                   except Error as e:\n1205 →                     raise RuntimeError(f"Failed on navigating ACS-GOTO:\\n{str(e)}")\n1206   \n1207                   await self.execute_hook("after_goto", page, context=context, url=url, response=response)\n1208   \n1209                   if response is None:\n1210                       status_code = 200' session_id=None response_headers=None status_code=None ssl_certificate=None


Failed to crawl: https://britishschoolofmarketing.com/pathway-programmes/
Result: url='https://britishschoolofmarketing.com/pathway-programmes/' html='' success=False cleaned_html=None media={} links={} downloaded_files=None screenshot=None pdf=None markdown=None markdown_v2=None fit_markdown=None fit_html=None extracted_content=None metadata=None error_message='Unexpected error in _crawl_web at line 1205 in _crawl_web (../../.pyenv/versions/3.12.6/lib/python3.12/site-packages/crawl4ai/async_crawler_strategy.py):\nError: Failed on navigating ACS-GOTO:\nPage.goto: net::ERR_CONNECTION_RESET at https://britishschoolofmarketing.com/pathway-programmes/\nCall log:\n  - navigating to "https://britishschoolofmarketing.com/pathway-programmes/", waiting until "domcontentloaded"\n\n\nCode context:\n1200   \n1201                       response = await page.goto(\n1202                           url, wait_until=config.wait_until, timeout=config.page_timeout\n1203                       )\n1204                   except Error as e:\n1205 →                     raise RuntimeError(f"Failed on navigating ACS-GOTO:\\n{str(e)}")\n1206   \n1207                   await self.execute_hook("after_goto", page, context=context, url=url, response=response)\n1208   \n1209                   if response is None:\n1210                       status_code = 200' session_id=None response_headers=None status_code=None ssl_certificate=None


Failed to crawl: https://britishschoolofmarketing.com/our-partner-universities/
Result: url='https://britishschoolofmarketing.com/our-partner-universities/' html='' success=False cleaned_html=None media={} links={} downloaded_files=None screenshot=None pdf=None markdown=None markdown_v2=None fit_markdown=None fit_html=None extracted_content=None metadata=None error_message='Unexpected error in _crawl_web at line 1205 in _crawl_web (../../.pyenv/versions/3.12.6/lib/python3.12/site-packages/crawl4ai/async_crawler_strategy.py):\nError: Failed on navigating ACS-GOTO:\nPage.goto: net::ERR_CONNECTION_RESET at https://britishschoolofmarketing.com/our-partner-universities/\nCall log:\n  - navigating to "https://britishschoolofmarketing.com/our-partner-universities/", waiting until "domcontentloaded"\n\n\nCode context:\n1200   \n1201                       response = await page.goto(\n1202                           url, wait_until=config.wait_until, timeout=config.page_timeout\n1203                       )\n1204                   except Error as e:\n1205 →                     raise RuntimeError(f"Failed on navigating ACS-GOTO:\\n{str(e)}")\n1206   \n1207                   await self.execute_hook("after_goto", page, context=context, url=url, response=response)\n1208   \n1209                   if response is None:\n1210                       status_code = 200' session_id=None response_headers=None status_code=None ssl_certificate=None


Failed to crawl: https://britishschoolofmarketing.com/testing-zoho-form/
Result: url='https://britishschoolofmarketing.com/testing-zoho-form/' html='' success=False cleaned_html=None media={} links={} downloaded_files=None screenshot=None pdf=None markdown=None markdown_v2=None fit_markdown=None fit_html=None extracted_content=None metadata=None error_message='Unexpected error in _crawl_web at line 1205 in _crawl_web (../../.pyenv/versions/3.12.6/lib/python3.12/site-packages/crawl4ai/async_crawler_strategy.py):\nError: Failed on navigating ACS-GOTO:\nPage.goto: net::ERR_CONNECTION_RESET at https://britishschoolofmarketing.com/testing-zoho-form/\nCall log:\n  - navigating to "https://britishschoolofmarketing.com/testing-zoho-form/", waiting until "domcontentloaded"\n\n\nCode context:\n1200   \n1201                       response = await page.goto(\n1202                           url, wait_until=config.wait_until, timeout=config.page_timeout\n1203                       )\n1204                   except Error as e:\n1205 →                     raise RuntimeError(f"Failed on navigating ACS-GOTO:\\n{str(e)}")\n1206   \n1207                   await self.execute_hook("after_goto", page, context=context, url=url, response=response)\n1208   \n1209                   if response is None:\n1210                       status_code = 200' session_id=None response_headers=None status_code=None ssl_certificate=None


Failed to crawl: https://britishschoolofmarketing.com/agents-partnership-with-bsmi/
Result: url='https://britishschoolofmarketing.com/agents-partnership-with-bsmi/' html='' success=False cleaned_html=None media={} links={} downloaded_files=None screenshot=None pdf=None markdown=None markdown_v2=None fit_markdown=None fit_html=None extracted_content=None metadata=None error_message='Unexpected error in _crawl_web at line 1205 in _crawl_web (../../.pyenv/versions/3.12.6/lib/python3.12/site-packages/crawl4ai/async_crawler_strategy.py):\nError: Failed on navigating ACS-GOTO:\nPage.goto: net::ERR_CONNECTION_RESET at https://britishschoolofmarketing.com/agents-partnership-with-bsmi/\nCall log:\n  - navigating to "https://britishschoolofmarketing.com/agents-partnership-with-bsmi/", waiting until "domcontentloaded"\n\n\nCode context:\n1200   \n1201                       response = await page.goto(\n1202                           url, wait_until=config.wait_until, timeout=config.page_timeout\n1203                       )\n1204                   except Error as e:\n1205 →                     raise RuntimeError(f"Failed on navigating ACS-GOTO:\\n{str(e)}")\n1206   \n1207                   await self.execute_hook("after_goto", page, context=context, url=url, response=response)\n1208   \n1209                   if response is None:\n1210                       status_code = 200' session_id=None response_headers=None status_code=None ssl_certificate=None


Failed to crawl: https://britishschoolofmarketing.com/meet-our-staff/
Result: url='https://britishschoolofmarketing.com/meet-our-staff/' html='' success=False cleaned_html=None media={} links={} downloaded_files=None screenshot=None pdf=None markdown=None markdown_v2=None fit_markdown=None fit_html=None extracted_content=None metadata=None error_message='Unexpected error in _crawl_web at line 1205 in _crawl_web (../../.pyenv/versions/3.12.6/lib/python3.12/site-packages/crawl4ai/async_crawler_strategy.py):\nError: Failed on navigating ACS-GOTO:\nPage.goto: net::ERR_CONNECTION_RESET at https://britishschoolofmarketing.com/meet-our-staff/\nCall log:\n  - navigating to "https://britishschoolofmarketing.com/meet-our-staff/", waiting until "domcontentloaded"\n\n\nCode context:\n1200   \n1201                       response = await page.goto(\n1202                           url, wait_until=config.wait_until, timeout=config.page_timeout\n1203                       )\n1204                   except Error as e:\n1205 →                     raise RuntimeError(f"Failed on navigating ACS-GOTO:\\n{str(e)}")\n1206   \n1207                   await self.execute_hook("after_goto", page, context=context, url=url, response=response)\n1208   \n1209                   if response is None:\n1210                       status_code = 200' session_id=None response_headers=None status_code=None ssl_certificate=None


Failed to crawl: https://britishschoolofmarketing.com/policy-disability/
Result: url='https://britishschoolofmarketing.com/policy-disability/' html='' success=False cleaned_html=None media={} links={} downloaded_files=None screenshot=None pdf=None markdown=None markdown_v2=None fit_markdown=None fit_html=None extracted_content=None metadata=None error_message='Unexpected error in _crawl_web at line 1205 in _crawl_web (../../.pyenv/versions/3.12.6/lib/python3.12/site-packages/crawl4ai/async_crawler_strategy.py):\nError: Failed on navigating ACS-GOTO:\nPage.goto: net::ERR_CONNECTION_RESET at https://britishschoolofmarketing.com/policy-disability/\nCall log:\n  - navigating to "https://britishschoolofmarketing.com/policy-disability/", waiting until "domcontentloaded"\n\n\nCode context:\n1200   \n1201                       response = await page.goto(\n1202                           url, wait_until=config.wait_until, timeout=config.page_timeout\n1203                       )\n1204                   except Error as e:\n1205 →                     raise RuntimeError(f"Failed on navigating ACS-GOTO:\\n{str(e)}")\n1206   \n1207                   await self.execute_hook("after_goto", page, context=context, url=url, response=response)\n1208   \n1209                   if response is None:\n1210                       status_code = 200' session_id=None response_headers=None status_code=None ssl_certificate=None


Failed to crawl: https://britishschoolofmarketing.com/anti-bullying-policy-and-procedures/
Result: url='https://britishschoolofmarketing.com/anti-bullying-policy-and-procedures/' html='' success=False cleaned_html=None media={} links={} downloaded_files=None screenshot=None pdf=None markdown=None markdown_v2=None fit_markdown=None fit_html=None extracted_content=None metadata=None error_message='Unexpected error in _crawl_web at line 1205 in _crawl_web (../../.pyenv/versions/3.12.6/lib/python3.12/site-packages/crawl4ai/async_crawler_strategy.py):\nError: Failed on navigating ACS-GOTO:\nPage.goto: net::ERR_CONNECTION_RESET at https://britishschoolofmarketing.com/anti-bullying-policy-and-procedures/\nCall log:\n  - navigating to "https://britishschoolofmarketing.com/anti-bullying-policy-and-procedures/", waiting until "domcontentloaded"\n\n\nCode context:\n1200   \n1201                       response = await page.goto(\n1202                           url, wait_until=config.wait_until, timeout=config.page_timeout\n1203                       )\n1204                   except Error as e:\n1205 →                     raise RuntimeError(f"Failed on navigating ACS-GOTO:\\n{str(e)}")\n1206   \n1207                   await self.execute_hook("after_goto", page, context=context, url=url, response=response)\n1208   \n1209                   if response is None:\n1210                       status_code = 200' session_id=None response_headers=None status_code=None ssl_certificate=None


Failed to crawl: https://britishschoolofmarketing.com/students-attendance-policy/
Result: url='https://britishschoolofmarketing.com/students-attendance-policy/' html='' success=False cleaned_html=None media={} links={} downloaded_files=None screenshot=None pdf=None markdown=None markdown_v2=None fit_markdown=None fit_html=None extracted_content=None metadata=None error_message='Unexpected error in _crawl_web at line 1205 in _crawl_web (../../.pyenv/versions/3.12.6/lib/python3.12/site-packages/crawl4ai/async_crawler_strategy.py):\nError: Failed on navigating ACS-GOTO:\nPage.goto: net::ERR_CONNECTION_RESET at https://britishschoolofmarketing.com/students-attendance-policy/\nCall log:\n  - navigating to "https://britishschoolofmarketing.com/students-attendance-policy/", waiting until "domcontentloaded"\n\n\nCode context:\n1200   \n1201                       response = await page.goto(\n1202                           url, wait_until=config.wait_until, timeout=config.page_timeout\n1203                       )\n1204                   except Error as e:\n1205 →                     raise RuntimeError(f"Failed on navigating ACS-GOTO:\\n{str(e)}")\n1206   \n1207                   await self.execute_hook("after_goto", page, context=context, url=url, response=response)\n1208   \n1209                   if response is None:\n1210                       status_code = 200' session_id=None response_headers=None status_code=None ssl_certificate=None


Failed to crawl: https://britishschoolofmarketing.com/prevent-and-anti-radicalisation-policy/
Result: url='https://britishschoolofmarketing.com/prevent-and-anti-radicalisation-policy/' html='' success=False cleaned_html=None media={} links={} downloaded_files=None screenshot=None pdf=None markdown=None markdown_v2=None fit_markdown=None fit_html=None extracted_content=None metadata=None error_message='Unexpected error in _crawl_web at line 1205 in _crawl_web (../../.pyenv/versions/3.12.6/lib/python3.12/site-packages/crawl4ai/async_crawler_strategy.py):\nError: Failed on navigating ACS-GOTO:\nPage.goto: net::ERR_CONNECTION_RESET at https://britishschoolofmarketing.com/prevent-and-anti-radicalisation-policy/\nCall log:\n  - navigating to "https://britishschoolofmarketing.com/prevent-and-anti-radicalisation-policy/", waiting until "domcontentloaded"\n\n\nCode context:\n1200   \n1201                       response = await page.goto(\n1202                           url, wait_until=config.wait_until, timeout=config.page_timeout\n1203                       )\n1204                   except Error as e:\n1205 →                     raise RuntimeError(f"Failed on navigating ACS-GOTO:\\n{str(e)}")\n1206   \n1207                   await self.execute_hook("after_goto", page, context=context, url=url, response=response)\n1208   \n1209                   if response is None:\n1210                       status_code = 200' session_id=None response_headers=None status_code=None ssl_certificate=None


Failed to crawl: https://britishschoolofmarketing.com/access-and-participation-plan/
Result: url='https://britishschoolofmarketing.com/access-and-participation-plan/' html='' success=False cleaned_html=None media={} links={} downloaded_files=None screenshot=None pdf=None markdown=None markdown_v2=None fit_markdown=None fit_html=None extracted_content=None metadata=None error_message='Unexpected error in _crawl_web at line 1205 in _crawl_web (../../.pyenv/versions/3.12.6/lib/python3.12/site-packages/crawl4ai/async_crawler_strategy.py):\nError: Failed on navigating ACS-GOTO:\nPage.goto: net::ERR_CONNECTION_RESET at https://britishschoolofmarketing.com/access-and-participation-plan/\nCall log:\n  - navigating to "https://britishschoolofmarketing.com/access-and-participation-plan/", waiting until "domcontentloaded"\n\n\nCode context:\n1200   \n1201                       response = await page.goto(\n1202                           url, wait_until=config.wait_until, timeout=config.page_timeout\n1203                       )\n1204                   except Error as e:\n1205 →                     raise RuntimeError(f"Failed on navigating ACS-GOTO:\\n{str(e)}")\n1206   \n1207                   await self.execute_hook("after_goto", page, context=context, url=url, response=response)\n1208   \n1209                   if response is None:\n1210                       status_code = 200' session_id=None response_headers=None status_code=None ssl_certificate=None


Failed to crawl: https://britishschoolofmarketing.com/equal-opportunities-policy/
Result: url='https://britishschoolofmarketing.com/equal-opportunities-policy/' html='' success=False cleaned_html=None media={} links={} downloaded_files=None screenshot=None pdf=None markdown=None markdown_v2=None fit_markdown=None fit_html=None extracted_content=None metadata=None error_message='Unexpected error in _crawl_web at line 1205 in _crawl_web (../../.pyenv/versions/3.12.6/lib/python3.12/site-packages/crawl4ai/async_crawler_strategy.py):\nError: Failed on navigating ACS-GOTO:\nPage.goto: net::ERR_CONNECTION_RESET at https://britishschoolofmarketing.com/equal-opportunities-policy/\nCall log:\n  - navigating to "https://britishschoolofmarketing.com/equal-opportunities-policy/", waiting until "domcontentloaded"\n\n\nCode context:\n1200   \n1201                       response = await page.goto(\n1202                           url, wait_until=config.wait_until, timeout=config.page_timeout\n1203                       )\n1204                   except Error as e:\n1205 →                     raise RuntimeError(f"Failed on navigating ACS-GOTO:\\n{str(e)}")\n1206   \n1207                   await self.execute_hook("after_goto", page, context=context, url=url, response=response)\n1208   \n1209                   if response is None:\n1210                       status_code = 200' session_id=None response_headers=None status_code=None ssl_certificate=None


Failed to crawl: https://britishschoolofmarketing.com/it-policy/
Result: url='https://britishschoolofmarketing.com/it-policy/' html='' success=False cleaned_html=None media={} links={} downloaded_files=None screenshot=None pdf=None markdown=None markdown_v2=None fit_markdown=None fit_html=None extracted_content=None metadata=None error_message='Unexpected error in _crawl_web at line 1205 in _crawl_web (../../.pyenv/versions/3.12.6/lib/python3.12/site-packages/crawl4ai/async_crawler_strategy.py):\nError: Failed on navigating ACS-GOTO:\nPage.goto: net::ERR_CONNECTION_RESET at https://britishschoolofmarketing.com/it-policy/\nCall log:\n  - navigating to "https://britishschoolofmarketing.com/it-policy/", waiting until "domcontentloaded"\n\n\nCode context:\n1200   \n1201                       response = await page.goto(\n1202                           url, wait_until=config.wait_until, timeout=config.page_timeout\n1203                       )\n1204                   except Error as e:\n1205 →                     raise RuntimeError(f"Failed on navigating ACS-GOTO:\\n{str(e)}")\n1206   \n1207                   await self.execute_hook("after_goto", page, context=context, url=url, response=response)\n1208   \n1209                   if response is None:\n1210                       status_code = 200' session_id=None response_headers=None status_code=None ssl_certificate=None


Failed to crawl: https://britishschoolofmarketing.com/social-media-policy/
Result: url='https://britishschoolofmarketing.com/social-media-policy/' html='' success=False cleaned_html=None media={} links={} downloaded_files=None screenshot=None pdf=None markdown=None markdown_v2=None fit_markdown=None fit_html=None extracted_content=None metadata=None error_message='Unexpected error in _crawl_web at line 1205 in _crawl_web (../../.pyenv/versions/3.12.6/lib/python3.12/site-packages/crawl4ai/async_crawler_strategy.py):\nError: Failed on navigating ACS-GOTO:\nPage.goto: net::ERR_CONNECTION_RESET at https://britishschoolofmarketing.com/social-media-policy/\nCall log:\n  - navigating to "https://britishschoolofmarketing.com/social-media-policy/", waiting until "domcontentloaded"\n\n\nCode context:\n1200   \n1201                       response = await page.goto(\n1202                           url, wait_until=config.wait_until, timeout=config.page_timeout\n1203                       )\n1204                   except Error as e:\n1205 →                     raise RuntimeError(f"Failed on navigating ACS-GOTO:\\n{str(e)}")\n1206   \n1207                   await self.execute_hook("after_goto", page, context=context, url=url, response=response)\n1208   \n1209                   if response is None:\n1210                       status_code = 200' session_id=None response_headers=None status_code=None ssl_certificate=None


Failed to crawl: https://britishschoolofmarketing.com/data-protection/
Result: url='https://britishschoolofmarketing.com/data-protection/' html='' success=False cleaned_html=None media={} links={} downloaded_files=None screenshot=None pdf=None markdown=None markdown_v2=None fit_markdown=None fit_html=None extracted_content=None metadata=None error_message='Unexpected error in _crawl_web at line 1205 in _crawl_web (../../.pyenv/versions/3.12.6/lib/python3.12/site-packages/crawl4ai/async_crawler_strategy.py):\nError: Failed on navigating ACS-GOTO:\nPage.goto: net::ERR_CONNECTION_RESET at https://britishschoolofmarketing.com/data-protection/\nCall log:\n  - navigating to "https://britishschoolofmarketing.com/data-protection/", waiting until "domcontentloaded"\n\n\nCode context:\n1200   \n1201                       response = await page.goto(\n1202                           url, wait_until=config.wait_until, timeout=config.page_timeout\n1203                       )\n1204                   except Error as e:\n1205 →                     raise RuntimeError(f"Failed on navigating ACS-GOTO:\\n{str(e)}")\n1206   \n1207                   await self.execute_hook("after_goto", page, context=context, url=url, response=response)\n1208   \n1209                   if response is None:\n1210                       status_code = 200' session_id=None response_headers=None status_code=None ssl_certificate=None


Failed to crawl: https://britishschoolofmarketing.com/statement-on-disclosures-policy/
Result: url='https://britishschoolofmarketing.com/statement-on-disclosures-policy/' html='' success=False cleaned_html=None media={} links={} downloaded_files=None screenshot=None pdf=None markdown=None markdown_v2=None fit_markdown=None fit_html=None extracted_content=None metadata=None error_message='Unexpected error in _crawl_web at line 1205 in _crawl_web (../../.pyenv/versions/3.12.6/lib/python3.12/site-packages/crawl4ai/async_crawler_strategy.py):\nError: Failed on navigating ACS-GOTO:\nPage.goto: net::ERR_CONNECTION_RESET at https://britishschoolofmarketing.com/statement-on-disclosures-policy/\nCall log:\n  - navigating to "https://britishschoolofmarketing.com/statement-on-disclosures-policy/", waiting until "domcontentloaded"\n\n\nCode context:\n1200   \n1201                       response = await page.goto(\n1202                           url, wait_until=config.wait_until, timeout=config.page_timeout\n1203                       )\n1204                   except Error as e:\n1205 →                     raise RuntimeError(f"Failed on navigating ACS-GOTO:\\n{str(e)}")\n1206   \n1207                   await self.execute_hook("after_goto", page, context=context, url=url, response=response)\n1208   \n1209                   if response is None:\n1210                       status_code = 200' session_id=None response_headers=None status_code=None ssl_certificate=None


Failed to crawl: https://britishschoolofmarketing.com/continuous-professional-development-policy/
Result: url='https://britishschoolofmarketing.com/continuous-professional-development-policy/' html='' success=False cleaned_html=None media={} links={} downloaded_files=None screenshot=None pdf=None markdown=None markdown_v2=None fit_markdown=None fit_html=None extracted_content=None metadata=None error_message='Unexpected error in _crawl_web at line 1205 in _crawl_web (../../.pyenv/versions/3.12.6/lib/python3.12/site-packages/crawl4ai/async_crawler_strategy.py):\nError: Failed on navigating ACS-GOTO:\nPage.goto: net::ERR_CONNECTION_RESET at https://britishschoolofmarketing.com/continuous-professional-development-policy/\nCall log:\n  - navigating to "https://britishschoolofmarketing.com/continuous-professional-development-policy/", waiting until "domcontentloaded"\n\n\nCode context:\n1200   \n1201                       response = await page.goto(\n1202                           url, wait_until=config.wait_until, timeout=config.page_timeout\n1203                       )\n1204                   except Error as e:\n1205 →                     raise RuntimeError(f"Failed on navigating ACS-GOTO:\\n{str(e)}")\n1206   \n1207                   await self.execute_hook("after_goto", page, context=context, url=url, response=response)\n1208   \n1209                   if response is None:\n1210                       status_code = 200' session_id=None response_headers=None status_code=None ssl_certificate=None


Failed to crawl: https://britishschoolofmarketing.com/privacy-statement/
Result: url='https://britishschoolofmarketing.com/privacy-statement/' html='' success=False cleaned_html=None media={} links={} downloaded_files=None screenshot=None pdf=None markdown=None markdown_v2=None fit_markdown=None fit_html=None extracted_content=None metadata=None error_message='Unexpected error in _crawl_web at line 1205 in _crawl_web (../../.pyenv/versions/3.12.6/lib/python3.12/site-packages/crawl4ai/async_crawler_strategy.py):\nError: Failed on navigating ACS-GOTO:\nPage.goto: net::ERR_CONNECTION_RESET at https://britishschoolofmarketing.com/privacy-statement/\nCall log:\n  - navigating to "https://britishschoolofmarketing.com/privacy-statement/", waiting until "domcontentloaded"\n\n\nCode context:\n1200   \n1201                       response = await page.goto(\n1202                           url, wait_until=config.wait_until, timeout=config.page_timeout\n1203                       )\n1204                   except Error as e:\n1205 →                     raise RuntimeError(f"Failed on navigating ACS-GOTO:\\n{str(e)}")\n1206   \n1207                   await self.execute_hook("after_goto", page, context=context, url=url, response=response)\n1208   \n1209                   if response is None:\n1210                       status_code = 200' session_id=None response_headers=None status_code=None ssl_certificate=None


Failed to crawl: https://britishschoolofmarketing.com/student-protection-plan/
Result: url='https://britishschoolofmarketing.com/student-protection-plan/' html='' success=False cleaned_html=None media={} links={} downloaded_files=None screenshot=None pdf=None markdown=None markdown_v2=None fit_markdown=None fit_html=None extracted_content=None metadata=None error_message='Unexpected error in _crawl_web at line 1205 in _crawl_web (../../.pyenv/versions/3.12.6/lib/python3.12/site-packages/crawl4ai/async_crawler_strategy.py):\nError: Failed on navigating ACS-GOTO:\nPage.goto: net::ERR_CONNECTION_RESET at https://britishschoolofmarketing.com/student-protection-plan/\nCall log:\n  - navigating to "https://britishschoolofmarketing.com/student-protection-plan/", waiting until "domcontentloaded"\n\n\nCode context:\n1200   \n1201                       response = await page.goto(\n1202                           url, wait_until=config.wait_until, timeout=config.page_timeout\n1203                       )\n1204                   except Error as e:\n1205 →                     raise RuntimeError(f"Failed on navigating ACS-GOTO:\\n{str(e)}")\n1206   \n1207                   await self.execute_hook("after_goto", page, context=context, url=url, response=response)\n1208   \n1209                   if response is None:\n1210                       status_code = 200' session_id=None response_headers=None status_code=None ssl_certificate=None


Failed to crawl: https://britishschoolofmarketing.com/terms-and-conditions/
Result: url='https://britishschoolofmarketing.com/terms-and-conditions/' html='' success=False cleaned_html=None media={} links={} downloaded_files=None screenshot=None pdf=None markdown=None markdown_v2=None fit_markdown=None fit_html=None extracted_content=None metadata=None error_message='Unexpected error in _crawl_web at line 1205 in _crawl_web (../../.pyenv/versions/3.12.6/lib/python3.12/site-packages/crawl4ai/async_crawler_strategy.py):\nError: Failed on navigating ACS-GOTO:\nPage.goto: net::ERR_CONNECTION_RESET at https://britishschoolofmarketing.com/terms-and-conditions/\nCall log:\n  - navigating to "https://britishschoolofmarketing.com/terms-and-conditions/", waiting until "domcontentloaded"\n\n\nCode context:\n1200   \n1201                       response = await page.goto(\n1202                           url, wait_until=config.wait_until, timeout=config.page_timeout\n1203                       )\n1204                   except Error as e:\n1205 →                     raise RuntimeError(f"Failed on navigating ACS-GOTO:\\n{str(e)}")\n1206   \n1207                   await self.execute_hook("after_goto", page, context=context, url=url, response=response)\n1208   \n1209                   if response is None:\n1210                       status_code = 200' session_id=None response_headers=None status_code=None ssl_certificate=None


Failed to crawl: https://britishschoolofmarketing.com/compensation-policy/
Result: url='https://britishschoolofmarketing.com/compensation-policy/' html='' success=False cleaned_html=None media={} links={} downloaded_files=None screenshot=None pdf=None markdown=None markdown_v2=None fit_markdown=None fit_html=None extracted_content=None metadata=None error_message='Unexpected error in _crawl_web at line 1205 in _crawl_web (../../.pyenv/versions/3.12.6/lib/python3.12/site-packages/crawl4ai/async_crawler_strategy.py):\nError: Failed on navigating ACS-GOTO:\nPage.goto: net::ERR_CONNECTION_RESET at https://britishschoolofmarketing.com/compensation-policy/\nCall log:\n  - navigating to "https://britishschoolofmarketing.com/compensation-policy/", waiting until "domcontentloaded"\n\n\nCode context:\n1200   \n1201                       response = await page.goto(\n1202                           url, wait_until=config.wait_until, timeout=config.page_timeout\n1203                       )\n1204                   except Error as e:\n1205 →                     raise RuntimeError(f"Failed on navigating ACS-GOTO:\\n{str(e)}")\n1206   \n1207                   await self.execute_hook("after_goto", page, context=context, url=url, response=response)\n1208   \n1209                   if response is None:\n1210                       status_code = 200' session_id=None response_headers=None status_code=None ssl_certificate=None


Failed to crawl: https://britishschoolofmarketing.com/complaints-policy-and-procedure/
Result: url='https://britishschoolofmarketing.com/complaints-policy-and-procedure/' html='' success=False cleaned_html=None media={} links={} downloaded_files=None screenshot=None pdf=None markdown=None markdown_v2=None fit_markdown=None fit_html=None extracted_content=None metadata=None error_message='Unexpected error in _crawl_web at line 1205 in _crawl_web (../../.pyenv/versions/3.12.6/lib/python3.12/site-packages/crawl4ai/async_crawler_strategy.py):\nError: Failed on navigating ACS-GOTO:\nPage.goto: net::ERR_CONNECTION_RESET at https://britishschoolofmarketing.com/complaints-policy-and-procedure/\nCall log:\n  - navigating to "https://britishschoolofmarketing.com/complaints-policy-and-procedure/", waiting until "domcontentloaded"\n\n\nCode context:\n1200   \n1201                       response = await page.goto(\n1202                           url, wait_until=config.wait_until, timeout=config.page_timeout\n1203                       )\n1204                   except Error as e:\n1205 →                     raise RuntimeError(f"Failed on navigating ACS-GOTO:\\n{str(e)}")\n1206   \n1207                   await self.execute_hook("after_goto", page, context=context, url=url, response=response)\n1208   \n1209                   if response is None:\n1210                       status_code = 200' session_id=None response_headers=None status_code=None ssl_certificate=None


Failed to crawl: https://britishschoolofmarketing.com/equality-policy-for-students/
Result: url='https://britishschoolofmarketing.com/equality-policy-for-students/' html='' success=False cleaned_html=None media={} links={} downloaded_files=None screenshot=None pdf=None markdown=None markdown_v2=None fit_markdown=None fit_html=None extracted_content=None metadata=None error_message='Unexpected error in _crawl_web at line 1205 in _crawl_web (../../.pyenv/versions/3.12.6/lib/python3.12/site-packages/crawl4ai/async_crawler_strategy.py):\nError: Failed on navigating ACS-GOTO:\nPage.goto: net::ERR_CONNECTION_RESET at https://britishschoolofmarketing.com/equality-policy-for-students/\nCall log:\n  - navigating to "https://britishschoolofmarketing.com/equality-policy-for-students/", waiting until "domcontentloaded"\n\n\nCode context:\n1200   \n1201                       response = await page.goto(\n1202                           url, wait_until=config.wait_until, timeout=config.page_timeout\n1203                       )\n1204                   except Error as e:\n1205 →                     raise RuntimeError(f"Failed on navigating ACS-GOTO:\\n{str(e)}")\n1206   \n1207                   await self.execute_hook("after_goto", page, context=context, url=url, response=response)\n1208   \n1209                   if response is None:\n1210                       status_code = 200' session_id=None response_headers=None status_code=None ssl_certificate=None


Failed to crawl: https://britishschoolofmarketing.com/holidays/
Result: url='https://britishschoolofmarketing.com/holidays/' html='' success=False cleaned_html=None media={} links={} downloaded_files=None screenshot=None pdf=None markdown=None markdown_v2=None fit_markdown=None fit_html=None extracted_content=None metadata=None error_message='Unexpected error in _crawl_web at line 1205 in _crawl_web (../../.pyenv/versions/3.12.6/lib/python3.12/site-packages/crawl4ai/async_crawler_strategy.py):\nError: Failed on navigating ACS-GOTO:\nPage.goto: net::ERR_CONNECTION_RESET at https://britishschoolofmarketing.com/holidays/\nCall log:\n  - navigating to "https://britishschoolofmarketing.com/holidays/", waiting until "domcontentloaded"\n\n\nCode context:\n1200   \n1201                       response = await page.goto(\n1202                           url, wait_until=config.wait_until, timeout=config.page_timeout\n1203                       )\n1204                   except Error as e:\n1205 →                     raise RuntimeError(f"Failed on navigating ACS-GOTO:\\n{str(e)}")\n1206   \n1207                   await self.execute_hook("after_goto", page, context=context, url=url, response=response)\n1208   \n1209                   if response is None:\n1210                       status_code = 200' session_id=None response_headers=None status_code=None ssl_certificate=None


Failed to crawl: https://britishschoolofmarketing.com/policy-safeguarding-policy-for-under-18s/
Result: url='https://britishschoolofmarketing.com/policy-safeguarding-policy-for-under-18s/' html='' success=False cleaned_html=None media={} links={} downloaded_files=None screenshot=None pdf=None markdown=None markdown_v2=None fit_markdown=None fit_html=None extracted_content=None metadata=None error_message='Unexpected error in _crawl_web at line 1205 in _crawl_web (../../.pyenv/versions/3.12.6/lib/python3.12/site-packages/crawl4ai/async_crawler_strategy.py):\nError: Failed on navigating ACS-GOTO:\nPage.goto: net::ERR_CONNECTION_RESET at https://britishschoolofmarketing.com/policy-safeguarding-policy-for-under-18s/\nCall log:\n  - navigating to "https://britishschoolofmarketing.com/policy-safeguarding-policy-for-under-18s/", waiting until "domcontentloaded"\n\n\nCode context:\n1200   \n1201                       response = await page.goto(\n1202                           url, wait_until=config.wait_until, timeout=config.page_timeout\n1203                       )\n1204                   except Error as e:\n1205 →                     raise RuntimeError(f"Failed on navigating ACS-GOTO:\\n{str(e)}")\n1206   \n1207                   await self.execute_hook("after_goto", page, context=context, url=url, response=response)\n1208   \n1209                   if response is None:\n1210                       status_code = 200' session_id=None response_headers=None status_code=None ssl_certificate=None


Failed to crawl: https://britishschoolofmarketing.com/about-us/
Result: url='https://britishschoolofmarketing.com/about-us/' html='' success=False cleaned_html=None media={} links={} downloaded_files=None screenshot=None pdf=None markdown=None markdown_v2=None fit_markdown=None fit_html=None extracted_content=None metadata=None error_message='Unexpected error in _crawl_web at line 1205 in _crawl_web (../../.pyenv/versions/3.12.6/lib/python3.12/site-packages/crawl4ai/async_crawler_strategy.py):\nError: Failed on navigating ACS-GOTO:\nPage.goto: net::ERR_CONNECTION_RESET at https://britishschoolofmarketing.com/about-us/\nCall log:\n  - navigating to "https://britishschoolofmarketing.com/about-us/", waiting until "domcontentloaded"\n\n\nCode context:\n1200   \n1201                       response = await page.goto(\n1202                           url, wait_until=config.wait_until, timeout=config.page_timeout\n1203                       )\n1204                   except Error as e:\n1205 →                     raise RuntimeError(f"Failed on navigating ACS-GOTO:\\n{str(e)}")\n1206   \n1207                   await self.execute_hook("after_goto", page, context=context, url=url, response=response)\n1208   \n1209                   if response is None:\n1210                       status_code = 200' session_id=None response_headers=None status_code=None ssl_certificate=None


Failed to crawl: https://britishschoolofmarketing.com/international-student-services/
Result: url='https://britishschoolofmarketing.com/international-student-services/' html='' success=False cleaned_html=None media={} links={} downloaded_files=None screenshot=None pdf=None markdown=None markdown_v2=None fit_markdown=None fit_html=None extracted_content=None metadata=None error_message='Unexpected error in _crawl_web at line 1205 in _crawl_web (../../.pyenv/versions/3.12.6/lib/python3.12/site-packages/crawl4ai/async_crawler_strategy.py):\nError: Failed on navigating ACS-GOTO:\nPage.goto: net::ERR_CONNECTION_RESET at https://britishschoolofmarketing.com/international-student-services/\nCall log:\n  - navigating to "https://britishschoolofmarketing.com/international-student-services/", waiting until "domcontentloaded"\n\n\nCode context:\n1200   \n1201                       response = await page.goto(\n1202                           url, wait_until=config.wait_until, timeout=config.page_timeout\n1203                       )\n1204                   except Error as e:\n1205 →                     raise RuntimeError(f"Failed on navigating ACS-GOTO:\\n{str(e)}")\n1206   \n1207                   await self.execute_hook("after_goto", page, context=context, url=url, response=response)\n1208   \n1209                   if response is None:\n1210                       status_code = 200' session_id=None response_headers=None status_code=None ssl_certificate=None


Failed to crawl: https://britishschoolofmarketing.com/health-and-safety-policy/
Result: url='https://britishschoolofmarketing.com/health-and-safety-policy/' html='' success=False cleaned_html=None media={} links={} downloaded_files=None screenshot=None pdf=None markdown=None markdown_v2=None fit_markdown=None fit_html=None extracted_content=None metadata=None error_message='Unexpected error in _crawl_web at line 1205 in _crawl_web (../../.pyenv/versions/3.12.6/lib/python3.12/site-packages/crawl4ai/async_crawler_strategy.py):\nError: Failed on navigating ACS-GOTO:\nPage.goto: net::ERR_CONNECTION_RESET at https://britishschoolofmarketing.com/health-and-safety-policy/\nCall log:\n  - navigating to "https://britishschoolofmarketing.com/health-and-safety-policy/", waiting until "domcontentloaded"\n\n\nCode context:\n1200   \n1201                       response = await page.goto(\n1202                           url, wait_until=config.wait_until, timeout=config.page_timeout\n1203                       )\n1204                   except Error as e:\n1205 →                     raise RuntimeError(f"Failed on navigating ACS-GOTO:\\n{str(e)}")\n1206   \n1207                   await self.execute_hook("after_goto", page, context=context, url=url, response=response)\n1208   \n1209                   if response is None:\n1210                       status_code = 200' session_id=None response_headers=None status_code=None ssl_certificate=None


Failed to crawl: https://britishschoolofmarketing.com/online-english-language-course/
Result: url='https://britishschoolofmarketing.com/online-english-language-course/' html='' success=False cleaned_html=None media={} links={} downloaded_files=None screenshot=None pdf=None markdown=None markdown_v2=None fit_markdown=None fit_html=None extracted_content=None metadata=None error_message='Unexpected error in _crawl_web at line 1205 in _crawl_web (../../.pyenv/versions/3.12.6/lib/python3.12/site-packages/crawl4ai/async_crawler_strategy.py):\nError: Failed on navigating ACS-GOTO:\nPage.goto: net::ERR_CONNECTION_RESET at https://britishschoolofmarketing.com/online-english-language-course/\nCall log:\n  - navigating to "https://britishschoolofmarketing.com/online-english-language-course/", waiting until "domcontentloaded"\n\n\nCode context:\n1200   \n1201                       response = await page.goto(\n1202                           url, wait_until=config.wait_until, timeout=config.page_timeout\n1203                       )\n1204                   except Error as e:\n1205 →                     raise RuntimeError(f"Failed on navigating ACS-GOTO:\\n{str(e)}")\n1206   \n1207                   await self.execute_hook("after_goto", page, context=context, url=url, response=response)\n1208   \n1209                   if response is None:\n1210                       status_code = 200' session_id=None response_headers=None status_code=None ssl_certificate=None


Failed to crawl: https://britishschoolofmarketing.com/home_slider/auto-draft/
Result: url='https://britishschoolofmarketing.com/home_slider/auto-draft/' html='' success=False cleaned_html=None media={} links={} downloaded_files=None screenshot=None pdf=None markdown=None markdown_v2=None fit_markdown=None fit_html=None extracted_content=None metadata=None error_message='Unexpected error in _crawl_web at line 1205 in _crawl_web (../../.pyenv/versions/3.12.6/lib/python3.12/site-packages/crawl4ai/async_crawler_strategy.py):\nError: Failed on navigating ACS-GOTO:\nPage.goto: net::ERR_CONNECTION_RESET at https://britishschoolofmarketing.com/home_slider/auto-draft/\nCall log:\n  - navigating to "https://britishschoolofmarketing.com/home_slider/auto-draft/", waiting until "domcontentloaded"\n\n\nCode context:\n1200   \n1201                       response = await page.goto(\n1202                           url, wait_until=config.wait_until, timeout=config.page_timeout\n1203                       )\n1204                   except Error as e:\n1205 →                     raise RuntimeError(f"Failed on navigating ACS-GOTO:\\n{str(e)}")\n1206   \n1207                   await self.execute_hook("after_goto", page, context=context, url=url, response=response)\n1208   \n1209                   if response is None:\n1210                       status_code = 200' session_id=None response_headers=None status_code=None ssl_certificate=None


Failed to crawl: https://britishschoolofmarketing.com/category/agents/
Result: url='https://britishschoolofmarketing.com/category/agents/' html='' success=False cleaned_html=None media={} links={} downloaded_files=None screenshot=None pdf=None markdown=None markdown_v2=None fit_markdown=None fit_html=None extracted_content=None metadata=None error_message='Unexpected error in _crawl_web at line 1205 in _crawl_web (../../.pyenv/versions/3.12.6/lib/python3.12/site-packages/crawl4ai/async_crawler_strategy.py):\nError: Failed on navigating ACS-GOTO:\nPage.goto: net::ERR_CONNECTION_RESET at https://britishschoolofmarketing.com/category/agents/\nCall log:\n  - navigating to "https://britishschoolofmarketing.com/category/agents/", waiting until "domcontentloaded"\n\n\nCode context:\n1200   \n1201                       response = await page.goto(\n1202                           url, wait_until=config.wait_until, timeout=config.page_timeout\n1203                       )\n1204                   except Error as e:\n1205 →                     raise RuntimeError(f"Failed on navigating ACS-GOTO:\\n{str(e)}")\n1206   \n1207                   await self.execute_hook("after_goto", page, context=context, url=url, response=response)\n1208   \n1209                   if response is None:\n1210                       status_code = 200' session_id=None response_headers=None status_code=None ssl_certificate=None


Failed to crawl: https://britishschoolofmarketing.com/category/blog/
Result: url='https://britishschoolofmarketing.com/category/blog/' html='' success=False cleaned_html=None media={} links={} downloaded_files=None screenshot=None pdf=None markdown=None markdown_v2=None fit_markdown=None fit_html=None extracted_content=None metadata=None error_message='Unexpected error in _crawl_web at line 1205 in _crawl_web (../../.pyenv/versions/3.12.6/lib/python3.12/site-packages/crawl4ai/async_crawler_strategy.py):\nError: Failed on navigating ACS-GOTO:\nPage.goto: net::ERR_CONNECTION_RESET at https://britishschoolofmarketing.com/category/blog/\nCall log:\n  - navigating to "https://britishschoolofmarketing.com/category/blog/", waiting until "domcontentloaded"\n\n\nCode context:\n1200   \n1201                       response = await page.goto(\n1202                           url, wait_until=config.wait_until, timeout=config.page_timeout\n1203                       )\n1204                   except Error as e:\n1205 →                     raise RuntimeError(f"Failed on navigating ACS-GOTO:\\n{str(e)}")\n1206   \n1207                   await self.execute_hook("after_goto", page, context=context, url=url, response=response)\n1208   \n1209                   if response is None:\n1210                       status_code = 200' session_id=None response_headers=None status_code=None ssl_certificate=None


Failed to crawl: https://britishschoolofmarketing.com/category/courses/
Result: url='https://britishschoolofmarketing.com/category/courses/' html='' success=False cleaned_html=None media={} links={} downloaded_files=None screenshot=None pdf=None markdown=None markdown_v2=None fit_markdown=None fit_html=None extracted_content=None metadata=None error_message='Unexpected error in _crawl_web at line 1205 in _crawl_web (../../.pyenv/versions/3.12.6/lib/python3.12/site-packages/crawl4ai/async_crawler_strategy.py):\nError: Failed on navigating ACS-GOTO:\nPage.goto: net::ERR_CONNECTION_RESET at https://britishschoolofmarketing.com/category/courses/\nCall log:\n  - navigating to "https://britishschoolofmarketing.com/category/courses/", waiting until "domcontentloaded"\n\n\nCode context:\n1200   \n1201                       response = await page.goto(\n1202                           url, wait_until=config.wait_until, timeout=config.page_timeout\n1203                       )\n1204                   except Error as e:\n1205 →                     raise RuntimeError(f"Failed on navigating ACS-GOTO:\\n{str(e)}")\n1206   \n1207                   await self.execute_hook("after_goto", page, context=context, url=url, response=response)\n1208   \n1209                   if response is None:\n1210                       status_code = 200' session_id=None response_headers=None status_code=None ssl_certificate=None


Failed to crawl: https://britishschoolofmarketing.com/category/students/
Result: url='https://britishschoolofmarketing.com/category/students/' html='' success=False cleaned_html=None media={} links={} downloaded_files=None screenshot=None pdf=None markdown=None markdown_v2=None fit_markdown=None fit_html=None extracted_content=None metadata=None error_message='Unexpected error in _crawl_web at line 1205 in _crawl_web (../../.pyenv/versions/3.12.6/lib/python3.12/site-packages/crawl4ai/async_crawler_strategy.py):\nError: Failed on navigating ACS-GOTO:\nPage.goto: net::ERR_CONNECTION_RESET at https://britishschoolofmarketing.com/category/students/\nCall log:\n  - navigating to "https://britishschoolofmarketing.com/category/students/", waiting until "domcontentloaded"\n\n\nCode context:\n1200   \n1201                       response = await page.goto(\n1202                           url, wait_until=config.wait_until, timeout=config.page_timeout\n1203                       )\n1204                   except Error as e:\n1205 →                     raise RuntimeError(f"Failed on navigating ACS-GOTO:\\n{str(e)}")\n1206   \n1207                   await self.execute_hook("after_goto", page, context=context, url=url, response=response)\n1208   \n1209                   if response is None:\n1210                       status_code = 200' session_id=None response_headers=None status_code=None ssl_certificate=None


Failed to crawl: https://britishschoolofmarketing.com/category/uncategorized/
Result: url='https://britishschoolofmarketing.com/category/uncategorized/' html='' success=False cleaned_html=None media={} links={} downloaded_files=None screenshot=None pdf=None markdown=None markdown_v2=None fit_markdown=None fit_html=None extracted_content=None metadata=None error_message='Unexpected error in _crawl_web at line 1205 in _crawl_web (../../.pyenv/versions/3.12.6/lib/python3.12/site-packages/crawl4ai/async_crawler_strategy.py):\nError: Failed on navigating ACS-GOTO:\nPage.goto: net::ERR_CONNECTION_RESET at https://britishschoolofmarketing.com/category/uncategorized/\nCall log:\n  - navigating to "https://britishschoolofmarketing.com/category/uncategorized/", waiting until "domcontentloaded"\n\n\nCode context:\n1200   \n1201                       response = await page.goto(\n1202                           url, wait_until=config.wait_until, timeout=config.page_timeout\n1203                       )\n1204                   except Error as e:\n1205 →                     raise RuntimeError(f"Failed on navigating ACS-GOTO:\\n{str(e)}")\n1206   \n1207                   await self.execute_hook("after_goto", page, context=context, url=url, response=response)\n1208   \n1209                   if response is None:\n1210                       status_code = 200' session_id=None response_headers=None status_code=None ssl_certificate=None


Failed to crawl: https://britishschoolofmarketing.com/category/universities/
Result: url='https://britishschoolofmarketing.com/category/universities/' html='' success=False cleaned_html=None media={} links={} downloaded_files=None screenshot=None pdf=None markdown=None markdown_v2=None fit_markdown=None fit_html=None extracted_content=None metadata=None error_message='Unexpected error in _crawl_web at line 1205 in _crawl_web (../../.pyenv/versions/3.12.6/lib/python3.12/site-packages/crawl4ai/async_crawler_strategy.py):\nError: Failed on navigating ACS-GOTO:\nPage.goto: net::ERR_CONNECTION_RESET at https://britishschoolofmarketing.com/category/universities/\nCall log:\n  - navigating to "https://britishschoolofmarketing.com/category/universities/", waiting until "domcontentloaded"\n\n\nCode context:\n1200   \n1201                       response = await page.goto(\n1202                           url, wait_until=config.wait_until, timeout=config.page_timeout\n1203                       )\n1204                   except Error as e:\n1205 →                     raise RuntimeError(f"Failed on navigating ACS-GOTO:\\n{str(e)}")\n1206   \n1207                   await self.execute_hook("after_goto", page, context=context, url=url, response=response)\n1208   \n1209                   if response is None:\n1210                       status_code = 200' session_id=None response_headers=None status_code=None ssl_certificate=None


Failed to crawl: https://britishschoolofmarketing.com/author/jose/
Result: url='https://britishschoolofmarketing.com/author/jose/' html='' success=False cleaned_html=None media={} links={} downloaded_files=None screenshot=None pdf=None markdown=None markdown_v2=None fit_markdown=None fit_html=None extracted_content=None metadata=None error_message='Unexpected error in _crawl_web at line 1205 in _crawl_web (../../.pyenv/versions/3.12.6/lib/python3.12/site-packages/crawl4ai/async_crawler_strategy.py):\nError: Failed on navigating ACS-GOTO:\nPage.goto: net::ERR_CONNECTION_RESET at https://britishschoolofmarketing.com/author/jose/\nCall log:\n  - navigating to "https://britishschoolofmarketing.com/author/jose/", waiting until "domcontentloaded"\n\n\nCode context:\n1200   \n1201                       response = await page.goto(\n1202                           url, wait_until=config.wait_until, timeout=config.page_timeout\n1203                       )\n1204                   except Error as e:\n1205 →                     raise RuntimeError(f"Failed on navigating ACS-GOTO:\\n{str(e)}")\n1206   \n1207                   await self.execute_hook("after_goto", page, context=context, url=url, response=response)\n1208   \n1209                   if response is None:\n1210                       status_code = 200' session_id=None response_headers=None status_code=None ssl_certificate=None


Failed to crawl: https://www.icesusa.org/this-was-one-of-the-best-decisions-we-couldve-made-for-our-family/
Result: url='https://www.icesusa.org/this-was-one-of-the-best-decisions-we-couldve-made-for-our-family/' html='' success=False cleaned_html=None media={} links={} downloaded_files=None screenshot=None pdf=None markdown=None markdown_v2=None fit_markdown=None fit_html=None extracted_content=None metadata=None error_message='Unexpected error in _crawl_web at line 1205 in _crawl_web (../../.pyenv/versions/3.12.6/lib/python3.12/site-packages/crawl4ai/async_crawler_strategy.py):\nError: Failed on navigating ACS-GOTO:\nPage.goto: Timeout 60000ms exceeded.\nCall log:\n  - navigating to "https://www.icesusa.org/this-was-one-of-the-best-decisions-we-couldve-made-for-our-family/", waiting until "domcontentloaded"\n\n\nCode context:\n1200   \n1201                       response = await page.goto(\n1202                           url, wait_until=config.wait_until, timeout=config.page_timeout\n1203                       )\n1204                   except Error as e:\n1205 →                     raise RuntimeError(f"Failed on navigating ACS-GOTO:\\n{str(e)}")\n1206   \n1207                   await self.execute_hook("after_goto", page, context=context, url=url, response=response)\n1208   \n1209                   if response is None:\n1210                       status_code = 200' session_id=None response_headers=None status_code=None ssl_certificate=None


Failed to crawl: https://www.icesusa.org/hosting-an-exchange-student/
Result: url='https://www.icesusa.org/hosting-an-exchange-student/' html='' success=False cleaned_html=None media={} links={} downloaded_files=None screenshot=None pdf=None markdown=None markdown_v2=None fit_markdown=None fit_html=None extracted_content=None metadata=None error_message='Unexpected error in _crawl_web at line 1205 in _crawl_web (../../.pyenv/versions/3.12.6/lib/python3.12/site-packages/crawl4ai/async_crawler_strategy.py):\nError: Failed on navigating ACS-GOTO:\nPage.goto: Timeout 60000ms exceeded.\nCall log:\n  - navigating to "https://www.icesusa.org/hosting-an-exchange-student/", waiting until "domcontentloaded"\n\n\nCode context:\n1200   \n1201                       response = await page.goto(\n1202                           url, wait_until=config.wait_until, timeout=config.page_timeout\n1203                       )\n1204                   except Error as e:\n1205 →                     raise RuntimeError(f"Failed on navigating ACS-GOTO:\\n{str(e)}")\n1206   \n1207                   await self.execute_hook("after_goto", page, context=context, url=url, response=response)\n1208   \n1209                   if response is None:\n1210                       status_code = 200' session_id=None response_headers=None status_code=None ssl_certificate=None


Failed to crawl: https://www.icesusa.org/playing-soccer-in-the-high-school-team/
Result: url='https://www.icesusa.org/playing-soccer-in-the-high-school-team/' html='' success=False cleaned_html=None media={} links={} downloaded_files=None screenshot=None pdf=None markdown=None markdown_v2=None fit_markdown=None fit_html=None extracted_content=None metadata=None error_message='Unexpected error in _crawl_web at line 1205 in _crawl_web (../../.pyenv/versions/3.12.6/lib/python3.12/site-packages/crawl4ai/async_crawler_strategy.py):\nError: Failed on navigating ACS-GOTO:\nPage.goto: Timeout 60000ms exceeded.\nCall log:\n  - navigating to "https://www.icesusa.org/playing-soccer-in-the-high-school-team/", waiting until "domcontentloaded"\n\n\nCode context:\n1200   \n1201                       response = await page.goto(\n1202                           url, wait_until=config.wait_until, timeout=config.page_timeout\n1203                       )\n1204                   except Error as e:\n1205 →                     raise RuntimeError(f"Failed on navigating ACS-GOTO:\\n{str(e)}")\n1206   \n1207                   await self.execute_hook("after_goto", page, context=context, url=url, response=response)\n1208   \n1209                   if response is None:\n1210                       status_code = 200' session_id=None response_headers=None status_code=None ssl_certificate=None


Failed to crawl: https://www.icesusa.org/louisiana-family-welcomes-exchange-student-from-slovakia/
Result: url='https://www.icesusa.org/louisiana-family-welcomes-exchange-student-from-slovakia/' html='' success=False cleaned_html=None media={} links={} downloaded_files=None screenshot=None pdf=None markdown=None markdown_v2=None fit_markdown=None fit_html=None extracted_content=None metadata=None error_message='Unexpected error in _crawl_web at line 1205 in _crawl_web (../../.pyenv/versions/3.12.6/lib/python3.12/site-packages/crawl4ai/async_crawler_strategy.py):\nError: Failed on navigating ACS-GOTO:\nPage.goto: Timeout 60000ms exceeded.\nCall log:\n  - navigating to "https://www.icesusa.org/louisiana-family-welcomes-exchange-student-from-slovakia/", waiting until "domcontentloaded"\n\n\nCode context:\n1200   \n1201                       response = await page.goto(\n1202                           url, wait_until=config.wait_until, timeout=config.page_timeout\n1203                       )\n1204                   except Error as e:\n1205 →                     raise RuntimeError(f"Failed on navigating ACS-GOTO:\\n{str(e)}")\n1206   \n1207                   await self.execute_hook("after_goto", page, context=context, url=url, response=response)\n1208   \n1209                   if response is None:\n1210                       status_code = 200' session_id=None response_headers=None status_code=None ssl_certificate=None


Failed to crawl: https://www.icesusa.org/so-proud-of-this-small-school/
Result: url='https://www.icesusa.org/so-proud-of-this-small-school/' html='' success=False cleaned_html=None media={} links={} downloaded_files=None screenshot=None pdf=None markdown=None markdown_v2=None fit_markdown=None fit_html=None extracted_content=None metadata=None error_message='Unexpected error in _crawl_web at line 1205 in _crawl_web (../../.pyenv/versions/3.12.6/lib/python3.12/site-packages/crawl4ai/async_crawler_strategy.py):\nError: Failed on navigating ACS-GOTO:\nPage.goto: Timeout 60000ms exceeded.\nCall log:\n  - navigating to "https://www.icesusa.org/so-proud-of-this-small-school/", waiting until "domcontentloaded"\n\n\nCode context:\n1200   \n1201                       response = await page.goto(\n1202                           url, wait_until=config.wait_until, timeout=config.page_timeout\n1203                       )\n1204                   except Error as e:\n1205 →                     raise RuntimeError(f"Failed on navigating ACS-GOTO:\\n{str(e)}")\n1206   \n1207                   await self.execute_hook("after_goto", page, context=context, url=url, response=response)\n1208   \n1209                   if response is None:\n1210                       status_code = 200' session_id=None response_headers=None status_code=None ssl_certificate=None


Failed to crawl: https://www.icesusa.org/meet-celia-sydney-and-sera-the-perfect-match/
Result: url='https://www.icesusa.org/meet-celia-sydney-and-sera-the-perfect-match/' html='' success=False cleaned_html=None media={} links={} downloaded_files=None screenshot=None pdf=None markdown=None markdown_v2=None fit_markdown=None fit_html=None extracted_content=None metadata=None error_message='Unexpected error in _crawl_web at line 1205 in _crawl_web (../../.pyenv/versions/3.12.6/lib/python3.12/site-packages/crawl4ai/async_crawler_strategy.py):\nError: Failed on navigating ACS-GOTO:\nPage.goto: Timeout 60000ms exceeded.\nCall log:\n  - navigating to "https://www.icesusa.org/meet-celia-sydney-and-sera-the-perfect-match/", waiting until "domcontentloaded"\n\n\nCode context:\n1200   \n1201                       response = await page.goto(\n1202                           url, wait_until=config.wait_until, timeout=config.page_timeout\n1203                       )\n1204                   except Error as e:\n1205 →                     raise RuntimeError(f"Failed on navigating ACS-GOTO:\\n{str(e)}")\n1206   \n1207                   await self.execute_hook("after_goto", page, context=context, url=url, response=response)\n1208   \n1209                   if response is None:\n1210                       status_code = 200' session_id=None response_headers=None status_code=None ssl_certificate=None


Failed to crawl: https://www.icesusa.org/two-goal-scorers-in-tonights-game/
Result: url='https://www.icesusa.org/two-goal-scorers-in-tonights-game/' html='' success=False cleaned_html=None media={} links={} downloaded_files=None screenshot=None pdf=None markdown=None markdown_v2=None fit_markdown=None fit_html=None extracted_content=None metadata=None error_message='Unexpected error in _crawl_web at line 1205 in _crawl_web (../../.pyenv/versions/3.12.6/lib/python3.12/site-packages/crawl4ai/async_crawler_strategy.py):\nError: Failed on navigating ACS-GOTO:\nPage.goto: Timeout 60000ms exceeded.\nCall log:\n  - navigating to "https://www.icesusa.org/two-goal-scorers-in-tonights-game/", waiting until "domcontentloaded"\n\n\nCode context:\n1200   \n1201                       response = await page.goto(\n1202                           url, wait_until=config.wait_until, timeout=config.page_timeout\n1203                       )\n1204                   except Error as e:\n1205 →                     raise RuntimeError(f"Failed on navigating ACS-GOTO:\\n{str(e)}")\n1206   \n1207                   await self.execute_hook("after_goto", page, context=context, url=url, response=response)\n1208   \n1209                   if response is None:\n1210                       status_code = 200' session_id=None response_headers=None status_code=None ssl_certificate=None


Failed to crawl: https://www.icesusa.org/international-feel-exchange-students-make-impact/
Result: url='https://www.icesusa.org/international-feel-exchange-students-make-impact/' html='' success=False cleaned_html=None media={} links={} downloaded_files=None screenshot=None pdf=None markdown=None markdown_v2=None fit_markdown=None fit_html=None extracted_content=None metadata=None error_message='Unexpected error in _crawl_web at line 1205 in _crawl_web (../../.pyenv/versions/3.12.6/lib/python3.12/site-packages/crawl4ai/async_crawler_strategy.py):\nError: Failed on navigating ACS-GOTO:\nPage.goto: Timeout 60000ms exceeded.\nCall log:\n  - navigating to "https://www.icesusa.org/international-feel-exchange-students-make-impact/", waiting until "domcontentloaded"\n\n\nCode context:\n1200   \n1201                       response = await page.goto(\n1202                           url, wait_until=config.wait_until, timeout=config.page_timeout\n1203                       )\n1204                   except Error as e:\n1205 →                     raise RuntimeError(f"Failed on navigating ACS-GOTO:\\n{str(e)}")\n1206   \n1207                   await self.execute_hook("after_goto", page, context=context, url=url, response=response)\n1208   \n1209                   if response is None:\n1210                       status_code = 200' session_id=None response_headers=None status_code=None ssl_certificate=None


Failed to crawl: https://www.icesusa.org/maja-has-been-a-blessing-from-the-beginning/
Result: url='https://www.icesusa.org/maja-has-been-a-blessing-from-the-beginning/' html='' success=False cleaned_html=None media={} links={} downloaded_files=None screenshot=None pdf=None markdown=None markdown_v2=None fit_markdown=None fit_html=None extracted_content=None metadata=None error_message='Unexpected error in _crawl_web at line 1205 in _crawl_web (../../.pyenv/versions/3.12.6/lib/python3.12/site-packages/crawl4ai/async_crawler_strategy.py):\nError: Failed on navigating ACS-GOTO:\nPage.goto: Timeout 60000ms exceeded.\nCall log:\n  - navigating to "https://www.icesusa.org/maja-has-been-a-blessing-from-the-beginning/", waiting until "domcontentloaded"\n\n\nCode context:\n1200   \n1201                       response = await page.goto(\n1202                           url, wait_until=config.wait_until, timeout=config.page_timeout\n1203                       )\n1204                   except Error as e:\n1205 →                     raise RuntimeError(f"Failed on navigating ACS-GOTO:\\n{str(e)}")\n1206   \n1207                   await self.execute_hook("after_goto", page, context=context, url=url, response=response)\n1208   \n1209                   if response is None:\n1210                       status_code = 200' session_id=None response_headers=None status_code=None ssl_certificate=None


Failed to crawl: https://www.icesusa.org/my-host-family-is-the-best/
Result: url='https://www.icesusa.org/my-host-family-is-the-best/' html='' success=False cleaned_html=None media={} links={} downloaded_files=None screenshot=None pdf=None markdown=None markdown_v2=None fit_markdown=None fit_html=None extracted_content=None metadata=None error_message='Unexpected error in _crawl_web at line 1205 in _crawl_web (../../.pyenv/versions/3.12.6/lib/python3.12/site-packages/crawl4ai/async_crawler_strategy.py):\nError: Failed on navigating ACS-GOTO:\nPage.goto: Timeout 60000ms exceeded.\nCall log:\n  - navigating to "https://www.icesusa.org/my-host-family-is-the-best/", waiting until "domcontentloaded"\n\n\nCode context:\n1200   \n1201                       response = await page.goto(\n1202                           url, wait_until=config.wait_until, timeout=config.page_timeout\n1203                       )\n1204                   except Error as e:\n1205 →                     raise RuntimeError(f"Failed on navigating ACS-GOTO:\\n{str(e)}")\n1206   \n1207                   await self.execute_hook("after_goto", page, context=context, url=url, response=response)\n1208   \n1209                   if response is None:\n1210                       status_code = 200' session_id=None response_headers=None status_code=None ssl_certificate=None


Failed to crawl: https://www.icesusa.org/study-abroad-program-process-guide/
Result: url='https://www.icesusa.org/study-abroad-program-process-guide/' html='' success=False cleaned_html=None media={} links={} downloaded_files=None screenshot=None pdf=None markdown=None markdown_v2=None fit_markdown=None fit_html=None extracted_content=None metadata=None error_message='Unexpected error in _crawl_web at line 1205 in _crawl_web (../../.pyenv/versions/3.12.6/lib/python3.12/site-packages/crawl4ai/async_crawler_strategy.py):\nError: Failed on navigating ACS-GOTO:\nPage.goto: Timeout 60000ms exceeded.\nCall log:\n  - navigating to "https://www.icesusa.org/study-abroad-program-process-guide/", waiting until "domcontentloaded"\n\n\nCode context:\n1200   \n1201                       response = await page.goto(\n1202                           url, wait_until=config.wait_until, timeout=config.page_timeout\n1203                       )\n1204                   except Error as e:\n1205 →                     raise RuntimeError(f"Failed on navigating ACS-GOTO:\\n{str(e)}")\n1206   \n1207                   await self.execute_hook("after_goto", page, context=context, url=url, response=response)\n1208   \n1209                   if response is None:\n1210                       status_code = 200' session_id=None response_headers=None status_code=None ssl_certificate=None


Failed to crawl: https://www.icesusa.org/high-school-study-abroad-argentina/
Result: url='https://www.icesusa.org/high-school-study-abroad-argentina/' html='' success=False cleaned_html=None media={} links={} downloaded_files=None screenshot=None pdf=None markdown=None markdown_v2=None fit_markdown=None fit_html=None extracted_content=None metadata=None error_message='Unexpected error in _crawl_web at line 1205 in _crawl_web (../../.pyenv/versions/3.12.6/lib/python3.12/site-packages/crawl4ai/async_crawler_strategy.py):\nError: Failed on navigating ACS-GOTO:\nPage.goto: Timeout 60000ms exceeded.\nCall log:\n  - navigating to "https://www.icesusa.org/high-school-study-abroad-argentina/", waiting until "domcontentloaded"\n\n\nCode context:\n1200   \n1201                       response = await page.goto(\n1202                           url, wait_until=config.wait_until, timeout=config.page_timeout\n1203                       )\n1204                   except Error as e:\n1205 →                     raise RuntimeError(f"Failed on navigating ACS-GOTO:\\n{str(e)}")\n1206   \n1207                   await self.execute_hook("after_goto", page, context=context, url=url, response=response)\n1208   \n1209                   if response is None:\n1210                       status_code = 200' session_id=None response_headers=None status_code=None ssl_certificate=None


Failed to crawl: https://www.icesusa.org/about-us-overview/
Result: url='https://www.icesusa.org/about-us-overview/' html='' success=False cleaned_html=None media={} links={} downloaded_files=None screenshot=None pdf=None markdown=None markdown_v2=None fit_markdown=None fit_html=None extracted_content=None metadata=None error_message='Unexpected error in _crawl_web at line 1205 in _crawl_web (../../.pyenv/versions/3.12.6/lib/python3.12/site-packages/crawl4ai/async_crawler_strategy.py):\nError: Failed on navigating ACS-GOTO:\nPage.goto: Timeout 60000ms exceeded.\nCall log:\n  - navigating to "https://www.icesusa.org/about-us-overview/", waiting until "domcontentloaded"\n\n\nCode context:\n1200   \n1201                       response = await page.goto(\n1202                           url, wait_until=config.wait_until, timeout=config.page_timeout\n1203                       )\n1204                   except Error as e:\n1205 →                     raise RuntimeError(f"Failed on navigating ACS-GOTO:\\n{str(e)}")\n1206   \n1207                   await self.execute_hook("after_goto", page, context=context, url=url, response=response)\n1208   \n1209                   if response is None:\n1210                       status_code = 200' session_id=None response_headers=None status_code=None ssl_certificate=None


Failed to crawl: https://www.icesusa.org/host-a-student-overview/
Result: url='https://www.icesusa.org/host-a-student-overview/' html='' success=False cleaned_html=None media={} links={} downloaded_files=None screenshot=None pdf=None markdown=None markdown_v2=None fit_markdown=None fit_html=None extracted_content=None metadata=None error_message='Unexpected error in _crawl_web at line 1205 in _crawl_web (../../.pyenv/versions/3.12.6/lib/python3.12/site-packages/crawl4ai/async_crawler_strategy.py):\nError: Failed on navigating ACS-GOTO:\nPage.goto: Timeout 60000ms exceeded.\nCall log:\n  - navigating to "https://www.icesusa.org/host-a-student-overview/", waiting until "domcontentloaded"\n\n\nCode context:\n1200   \n1201                       response = await page.goto(\n1202                           url, wait_until=config.wait_until, timeout=config.page_timeout\n1203                       )\n1204                   except Error as e:\n1205 →                     raise RuntimeError(f"Failed on navigating ACS-GOTO:\\n{str(e)}")\n1206   \n1207                   await self.execute_hook("after_goto", page, context=context, url=url, response=response)\n1208   \n1209                   if response is None:\n1210                       status_code = 200' session_id=None response_headers=None status_code=None ssl_certificate=None


Failed to crawl: https://www.icesusa.org/high-school-study-abroad-belgium/
Result: url='https://www.icesusa.org/high-school-study-abroad-belgium/' html='' success=False cleaned_html=None media={} links={} downloaded_files=None screenshot=None pdf=None markdown=None markdown_v2=None fit_markdown=None fit_html=None extracted_content=None metadata=None error_message='Unexpected error in _crawl_web at line 1205 in _crawl_web (../../.pyenv/versions/3.12.6/lib/python3.12/site-packages/crawl4ai/async_crawler_strategy.py):\nError: Failed on navigating ACS-GOTO:\nPage.goto: Timeout 60000ms exceeded.\nCall log:\n  - navigating to "https://www.icesusa.org/high-school-study-abroad-belgium/", waiting until "domcontentloaded"\n\n\nCode context:\n1200   \n1201                       response = await page.goto(\n1202                           url, wait_until=config.wait_until, timeout=config.page_timeout\n1203                       )\n1204                   except Error as e:\n1205 →                     raise RuntimeError(f"Failed on navigating ACS-GOTO:\\n{str(e)}")\n1206   \n1207                   await self.execute_hook("after_goto", page, context=context, url=url, response=response)\n1208   \n1209                   if response is None:\n1210                       status_code = 200' session_id=None response_headers=None status_code=None ssl_certificate=None


Failed to crawl: https://www.icesusa.org/high-school-study-abroad/
Result: url='https://www.icesusa.org/high-school-study-abroad/' html='' success=False cleaned_html=None media={} links={} downloaded_files=None screenshot=None pdf=None markdown=None markdown_v2=None fit_markdown=None fit_html=None extracted_content=None metadata=None error_message='Unexpected error in _crawl_web at line 1205 in _crawl_web (../../.pyenv/versions/3.12.6/lib/python3.12/site-packages/crawl4ai/async_crawler_strategy.py):\nError: Failed on navigating ACS-GOTO:\nPage.goto: Timeout 60000ms exceeded.\nCall log:\n  - navigating to "https://www.icesusa.org/high-school-study-abroad/", waiting until "domcontentloaded"\n\n\nCode context:\n1200   \n1201                       response = await page.goto(\n1202                           url, wait_until=config.wait_until, timeout=config.page_timeout\n1203                       )\n1204                   except Error as e:\n1205 →                     raise RuntimeError(f"Failed on navigating ACS-GOTO:\\n{str(e)}")\n1206   \n1207                   await self.execute_hook("after_goto", page, context=context, url=url, response=response)\n1208   \n1209                   if response is None:\n1210                       status_code = 200' session_id=None response_headers=None status_code=None ssl_certificate=None


Failed to crawl: https://www.icesusa.org/high-school-study-abroad-europe/
Result: url='https://www.icesusa.org/high-school-study-abroad-europe/' html='' success=False cleaned_html=None media={} links={} downloaded_files=None screenshot=None pdf=None markdown=None markdown_v2=None fit_markdown=None fit_html=None extracted_content=None metadata=None error_message='Unexpected error in _crawl_web at line 1205 in _crawl_web (../../.pyenv/versions/3.12.6/lib/python3.12/site-packages/crawl4ai/async_crawler_strategy.py):\nError: Failed on navigating ACS-GOTO:\nPage.goto: Timeout 60000ms exceeded.\nCall log:\n  - navigating to "https://www.icesusa.org/high-school-study-abroad-europe/", waiting until "domcontentloaded"\n\n\nCode context:\n1200   \n1201                       response = await page.goto(\n1202                           url, wait_until=config.wait_until, timeout=config.page_timeout\n1203                       )\n1204                   except Error as e:\n1205 →                     raise RuntimeError(f"Failed on navigating ACS-GOTO:\\n{str(e)}")\n1206   \n1207                   await self.execute_hook("after_goto", page, context=context, url=url, response=response)\n1208   \n1209                   if response is None:\n1210                       status_code = 200' session_id=None response_headers=None status_code=None ssl_certificate=None


Failed to crawl: https://www.icesusa.org/work-in-student-exchange/
Result: url='https://www.icesusa.org/work-in-student-exchange/' html='' success=False cleaned_html=None media={} links={} downloaded_files=None screenshot=None pdf=None markdown=None markdown_v2=None fit_markdown=None fit_html=None extracted_content=None metadata=None error_message='Unexpected error in _crawl_web at line 1205 in _crawl_web (../../.pyenv/versions/3.12.6/lib/python3.12/site-packages/crawl4ai/async_crawler_strategy.py):\nError: Failed on navigating ACS-GOTO:\nPage.goto: Timeout 60000ms exceeded.\nCall log:\n  - navigating to "https://www.icesusa.org/work-in-student-exchange/", waiting until "domcontentloaded"\n\n\nCode context:\n1200   \n1201                       response = await page.goto(\n1202                           url, wait_until=config.wait_until, timeout=config.page_timeout\n1203                       )\n1204                   except Error as e:\n1205 →                     raise RuntimeError(f"Failed on navigating ACS-GOTO:\\n{str(e)}")\n1206   \n1207                   await self.execute_hook("after_goto", page, context=context, url=url, response=response)\n1208   \n1209                   if response is None:\n1210                       status_code = 200' session_id=None response_headers=None status_code=None ssl_certificate=None


Failed to crawl: https://www.icesusa.org/high-school-study-abroad-denmark/
Result: url='https://www.icesusa.org/high-school-study-abroad-denmark/' html='' success=False cleaned_html=None media={} links={} downloaded_files=None screenshot=None pdf=None markdown=None markdown_v2=None fit_markdown=None fit_html=None extracted_content=None metadata=None error_message='Unexpected error in _crawl_web at line 1205 in _crawl_web (../../.pyenv/versions/3.12.6/lib/python3.12/site-packages/crawl4ai/async_crawler_strategy.py):\nError: Failed on navigating ACS-GOTO:\nPage.goto: Timeout 60000ms exceeded.\nCall log:\n  - navigating to "https://www.icesusa.org/high-school-study-abroad-denmark/", waiting until "domcontentloaded"\n\n\nCode context:\n1200   \n1201                       response = await page.goto(\n1202                           url, wait_until=config.wait_until, timeout=config.page_timeout\n1203                       )\n1204                   except Error as e:\n1205 →                     raise RuntimeError(f"Failed on navigating ACS-GOTO:\\n{str(e)}")\n1206   \n1207                   await self.execute_hook("after_goto", page, context=context, url=url, response=response)\n1208   \n1209                   if response is None:\n1210                       status_code = 200' session_id=None response_headers=None status_code=None ssl_certificate=None


Failed to crawl: https://www.icesusa.org/custom-home-page-5/anaheim-union-high-school-district/
Result: url='https://www.icesusa.org/custom-home-page-5/anaheim-union-high-school-district/' html='' success=False cleaned_html=None media={} links={} downloaded_files=None screenshot=None pdf=None markdown=None markdown_v2=None fit_markdown=None fit_html=None extracted_content=None metadata=None error_message='Unexpected error in _crawl_web at line 1205 in _crawl_web (../../.pyenv/versions/3.12.6/lib/python3.12/site-packages/crawl4ai/async_crawler_strategy.py):\nError: Failed on navigating ACS-GOTO:\nPage.goto: Timeout 60000ms exceeded.\nCall log:\n  - navigating to "https://www.icesusa.org/custom-home-page-5/anaheim-union-high-school-district/", waiting until "domcontentloaded"\n\n\nCode context:\n1200   \n1201                       response = await page.goto(\n1202                           url, wait_until=config.wait_until, timeout=config.page_timeout\n1203                       )\n1204                   except Error as e:\n1205 →                     raise RuntimeError(f"Failed on navigating ACS-GOTO:\\n{str(e)}")\n1206   \n1207                   await self.execute_hook("after_goto", page, context=context, url=url, response=response)\n1208   \n1209                   if response is None:\n1210                       status_code = 200' session_id=None response_headers=None status_code=None ssl_certificate=None


Failed to crawl: https://www.icesusa.org/custom-home-page-5/chico-unified-school-district/
Result: url='https://www.icesusa.org/custom-home-page-5/chico-unified-school-district/' html='' success=False cleaned_html=None media={} links={} downloaded_files=None screenshot=None pdf=None markdown=None markdown_v2=None fit_markdown=None fit_html=None extracted_content=None metadata=None error_message='Unexpected error in _crawl_web at line 1205 in _crawl_web (../../.pyenv/versions/3.12.6/lib/python3.12/site-packages/crawl4ai/async_crawler_strategy.py):\nError: Failed on navigating ACS-GOTO:\nPage.goto: Timeout 60000ms exceeded.\nCall log:\n  - navigating to "https://www.icesusa.org/custom-home-page-5/chico-unified-school-district/", waiting until "domcontentloaded"\n\n\nCode context:\n1200   \n1201                       response = await page.goto(\n1202                           url, wait_until=config.wait_until, timeout=config.page_timeout\n1203                       )\n1204                   except Error as e:\n1205 →                     raise RuntimeError(f"Failed on navigating ACS-GOTO:\\n{str(e)}")\n1206   \n1207                   await self.execute_hook("after_goto", page, context=context, url=url, response=response)\n1208   \n1209                   if response is None:\n1210                       status_code = 200' session_id=None response_headers=None status_code=None ssl_certificate=None


Failed to crawl: https://www.icesusa.org/custom-home-page-5/deer-valley-unified-school-district/
Result: url='https://www.icesusa.org/custom-home-page-5/deer-valley-unified-school-district/' html='' success=False cleaned_html=None media={} links={} downloaded_files=None screenshot=None pdf=None markdown=None markdown_v2=None fit_markdown=None fit_html=None extracted_content=None metadata=None error_message='Unexpected error in _crawl_web at line 1205 in _crawl_web (../../.pyenv/versions/3.12.6/lib/python3.12/site-packages/crawl4ai/async_crawler_strategy.py):\nError: Failed on navigating ACS-GOTO:\nPage.goto: Timeout 60000ms exceeded.\nCall log:\n  - navigating to "https://www.icesusa.org/custom-home-page-5/deer-valley-unified-school-district/", waiting until "domcontentloaded"\n\n\nCode context:\n1200   \n1201                       response = await page.goto(\n1202                           url, wait_until=config.wait_until, timeout=config.page_timeout\n1203                       )\n1204                   except Error as e:\n1205 →                     raise RuntimeError(f"Failed on navigating ACS-GOTO:\\n{str(e)}")\n1206   \n1207                   await self.execute_hook("after_goto", page, context=context, url=url, response=response)\n1208   \n1209                   if response is None:\n1210                       status_code = 200' session_id=None response_headers=None status_code=None ssl_certificate=None


Failed to crawl: https://www.icesusa.org/custom-home-page-5/dominion-academy-of-dayton/
Result: url='https://www.icesusa.org/custom-home-page-5/dominion-academy-of-dayton/' html='' success=False cleaned_html=None media={} links={} downloaded_files=None screenshot=None pdf=None markdown=None markdown_v2=None fit_markdown=None fit_html=None extracted_content=None metadata=None error_message='Unexpected error in _crawl_web at line 1205 in _crawl_web (../../.pyenv/versions/3.12.6/lib/python3.12/site-packages/crawl4ai/async_crawler_strategy.py):\nError: Failed on navigating ACS-GOTO:\nPage.goto: Timeout 60000ms exceeded.\nCall log:\n  - navigating to "https://www.icesusa.org/custom-home-page-5/dominion-academy-of-dayton/", waiting until "domcontentloaded"\n\n\nCode context:\n1200   \n1201                       response = await page.goto(\n1202                           url, wait_until=config.wait_until, timeout=config.page_timeout\n1203                       )\n1204                   except Error as e:\n1205 →                     raise RuntimeError(f"Failed on navigating ACS-GOTO:\\n{str(e)}")\n1206   \n1207                   await self.execute_hook("after_goto", page, context=context, url=url, response=response)\n1208   \n1209                   if response is None:\n1210                       status_code = 200' session_id=None response_headers=None status_code=None ssl_certificate=None


Failed to crawl: https://www.icesusa.org/custom-home-page-5/el-camino-real-charter-high-school/
Result: url='https://www.icesusa.org/custom-home-page-5/el-camino-real-charter-high-school/' html='' success=False cleaned_html=None media={} links={} downloaded_files=None screenshot=None pdf=None markdown=None markdown_v2=None fit_markdown=None fit_html=None extracted_content=None metadata=None error_message='Unexpected error in _crawl_web at line 1205 in _crawl_web (../../.pyenv/versions/3.12.6/lib/python3.12/site-packages/crawl4ai/async_crawler_strategy.py):\nError: Failed on navigating ACS-GOTO:\nPage.goto: Timeout 60000ms exceeded.\nCall log:\n  - navigating to "https://www.icesusa.org/custom-home-page-5/el-camino-real-charter-high-school/", waiting until "domcontentloaded"\n\n\nCode context:\n1200   \n1201                       response = await page.goto(\n1202                           url, wait_until=config.wait_until, timeout=config.page_timeout\n1203                       )\n1204                   except Error as e:\n1205 →                     raise RuntimeError(f"Failed on navigating ACS-GOTO:\\n{str(e)}")\n1206   \n1207                   await self.execute_hook("after_goto", page, context=context, url=url, response=response)\n1208   \n1209                   if response is None:\n1210                       status_code = 200' session_id=None response_headers=None status_code=None ssl_certificate=None


Failed to crawl: https://www.icesusa.org/custom-home-page-5/fox-valley-lutheran-high-school/
Result: url='https://www.icesusa.org/custom-home-page-5/fox-valley-lutheran-high-school/' html='' success=False cleaned_html=None media={} links={} downloaded_files=None screenshot=None pdf=None markdown=None markdown_v2=None fit_markdown=None fit_html=None extracted_content=None metadata=None error_message='Unexpected error in _crawl_web at line 1205 in _crawl_web (../../.pyenv/versions/3.12.6/lib/python3.12/site-packages/crawl4ai/async_crawler_strategy.py):\nError: Failed on navigating ACS-GOTO:\nPage.goto: Timeout 60000ms exceeded.\nCall log:\n  - navigating to "https://www.icesusa.org/custom-home-page-5/fox-valley-lutheran-high-school/", waiting until "domcontentloaded"\n\n\nCode context:\n1200   \n1201                       response = await page.goto(\n1202                           url, wait_until=config.wait_until, timeout=config.page_timeout\n1203                       )\n1204                   except Error as e:\n1205 →                     raise RuntimeError(f"Failed on navigating ACS-GOTO:\\n{str(e)}")\n1206   \n1207                   await self.execute_hook("after_goto", page, context=context, url=url, response=response)\n1208   \n1209                   if response is None:\n1210                       status_code = 200' session_id=None response_headers=None status_code=None ssl_certificate=None


Failed to crawl: https://www.icesusa.org/custom-home-page-5/fryeburg-academy/
Result: url='https://www.icesusa.org/custom-home-page-5/fryeburg-academy/' html='' success=False cleaned_html=None media={} links={} downloaded_files=None screenshot=None pdf=None markdown=None markdown_v2=None fit_markdown=None fit_html=None extracted_content=None metadata=None error_message='Unexpected error in _crawl_web at line 1205 in _crawl_web (../../.pyenv/versions/3.12.6/lib/python3.12/site-packages/crawl4ai/async_crawler_strategy.py):\nError: Failed on navigating ACS-GOTO:\nPage.goto: Timeout 60000ms exceeded.\nCall log:\n  - navigating to "https://www.icesusa.org/custom-home-page-5/fryeburg-academy/", waiting until "domcontentloaded"\n\n\nCode context:\n1200   \n1201                       response = await page.goto(\n1202                           url, wait_until=config.wait_until, timeout=config.page_timeout\n1203                       )\n1204                   except Error as e:\n1205 →                     raise RuntimeError(f"Failed on navigating ACS-GOTO:\\n{str(e)}")\n1206   \n1207                   await self.execute_hook("after_goto", page, context=context, url=url, response=response)\n1208   \n1209                   if response is None:\n1210                       status_code = 200' session_id=None response_headers=None status_code=None ssl_certificate=None


Failed to crawl: https://www.icesusa.org/custom-home-page-5/grace-academy/
Result: url='https://www.icesusa.org/custom-home-page-5/grace-academy/' html='' success=False cleaned_html=None media={} links={} downloaded_files=None screenshot=None pdf=None markdown=None markdown_v2=None fit_markdown=None fit_html=None extracted_content=None metadata=None error_message='Unexpected error in _crawl_web at line 1205 in _crawl_web (../../.pyenv/versions/3.12.6/lib/python3.12/site-packages/crawl4ai/async_crawler_strategy.py):\nError: Failed on navigating ACS-GOTO:\nPage.goto: Timeout 60000ms exceeded.\nCall log:\n  - navigating to "https://www.icesusa.org/custom-home-page-5/grace-academy/", waiting until "domcontentloaded"\n\n\nCode context:\n1200   \n1201                       response = await page.goto(\n1202                           url, wait_until=config.wait_until, timeout=config.page_timeout\n1203                       )\n1204                   except Error as e:\n1205 →                     raise RuntimeError(f"Failed on navigating ACS-GOTO:\\n{str(e)}")\n1206   \n1207                   await self.execute_hook("after_goto", page, context=context, url=url, response=response)\n1208   \n1209                   if response is None:\n1210                       status_code = 200' session_id=None response_headers=None status_code=None ssl_certificate=None


Failed to crawl: https://www.icesusa.org/custom-home-page-5/heritage-high-school/
Result: url='https://www.icesusa.org/custom-home-page-5/heritage-high-school/' html='' success=False cleaned_html=None media={} links={} downloaded_files=None screenshot=None pdf=None markdown=None markdown_v2=None fit_markdown=None fit_html=None extracted_content=None metadata=None error_message='Unexpected error in _crawl_web at line 1205 in _crawl_web (../../.pyenv/versions/3.12.6/lib/python3.12/site-packages/crawl4ai/async_crawler_strategy.py):\nError: Failed on navigating ACS-GOTO:\nPage.goto: Timeout 60000ms exceeded.\nCall log:\n  - navigating to "https://www.icesusa.org/custom-home-page-5/heritage-high-school/", waiting until "domcontentloaded"\n\n\nCode context:\n1200   \n1201                       response = await page.goto(\n1202                           url, wait_until=config.wait_until, timeout=config.page_timeout\n1203                       )\n1204                   except Error as e:\n1205 →                     raise RuntimeError(f"Failed on navigating ACS-GOTO:\\n{str(e)}")\n1206   \n1207                   await self.execute_hook("after_goto", page, context=context, url=url, response=response)\n1208   \n1209                   if response is None:\n1210                       status_code = 200' session_id=None response_headers=None status_code=None ssl_certificate=None


Failed to crawl: https://www.icesusa.org/custom-home-page-5/higley-unified-school-district/
Result: url='https://www.icesusa.org/custom-home-page-5/higley-unified-school-district/' html='' success=False cleaned_html=None media={} links={} downloaded_files=None screenshot=None pdf=None markdown=None markdown_v2=None fit_markdown=None fit_html=None extracted_content=None metadata=None error_message='Unexpected error in _crawl_web at line 1205 in _crawl_web (../../.pyenv/versions/3.12.6/lib/python3.12/site-packages/crawl4ai/async_crawler_strategy.py):\nError: Failed on navigating ACS-GOTO:\nPage.goto: Timeout 60000ms exceeded.\nCall log:\n  - navigating to "https://www.icesusa.org/custom-home-page-5/higley-unified-school-district/", waiting until "domcontentloaded"\n\n\nCode context:\n1200   \n1201                       response = await page.goto(\n1202                           url, wait_until=config.wait_until, timeout=config.page_timeout\n1203                       )\n1204                   except Error as e:\n1205 →                     raise RuntimeError(f"Failed on navigating ACS-GOTO:\\n{str(e)}")\n1206   \n1207                   await self.execute_hook("after_goto", page, context=context, url=url, response=response)\n1208   \n1209                   if response is None:\n1210                       status_code = 200' session_id=None response_headers=None status_code=None ssl_certificate=None


Failed to crawl: https://www.icesusa.org/custom-home-page-5/hopkinton-high-school/
Result: url='https://www.icesusa.org/custom-home-page-5/hopkinton-high-school/' html='' success=False cleaned_html=None media={} links={} downloaded_files=None screenshot=None pdf=None markdown=None markdown_v2=None fit_markdown=None fit_html=None extracted_content=None metadata=None error_message='Unexpected error in _crawl_web at line 1205 in _crawl_web (../../.pyenv/versions/3.12.6/lib/python3.12/site-packages/crawl4ai/async_crawler_strategy.py):\nError: Failed on navigating ACS-GOTO:\nPage.goto: Timeout 60000ms exceeded.\nCall log:\n  - navigating to "https://www.icesusa.org/custom-home-page-5/hopkinton-high-school/", waiting until "domcontentloaded"\n\n\nCode context:\n1200   \n1201                       response = await page.goto(\n1202                           url, wait_until=config.wait_until, timeout=config.page_timeout\n1203                       )\n1204                   except Error as e:\n1205 →                     raise RuntimeError(f"Failed on navigating ACS-GOTO:\\n{str(e)}")\n1206   \n1207                   await self.execute_hook("after_goto", page, context=context, url=url, response=response)\n1208   \n1209                   if response is None:\n1210                       status_code = 200' session_id=None response_headers=None status_code=None ssl_certificate=None


Failed to crawl: https://www.icesusa.org/custom-home-page-5/mesa-public-schools/
Result: url='https://www.icesusa.org/custom-home-page-5/mesa-public-schools/' html='' success=False cleaned_html=None media={} links={} downloaded_files=None screenshot=None pdf=None markdown=None markdown_v2=None fit_markdown=None fit_html=None extracted_content=None metadata=None error_message='Unexpected error in _crawl_web at line 1205 in _crawl_web (../../.pyenv/versions/3.12.6/lib/python3.12/site-packages/crawl4ai/async_crawler_strategy.py):\nError: Failed on navigating ACS-GOTO:\nPage.goto: Timeout 60000ms exceeded.\nCall log:\n  - navigating to "https://www.icesusa.org/custom-home-page-5/mesa-public-schools/", waiting until "domcontentloaded"\n\n\nCode context:\n1200   \n1201                       response = await page.goto(\n1202                           url, wait_until=config.wait_until, timeout=config.page_timeout\n1203                       )\n1204                   except Error as e:\n1205 →                     raise RuntimeError(f"Failed on navigating ACS-GOTO:\\n{str(e)}")\n1206   \n1207                   await self.execute_hook("after_goto", page, context=context, url=url, response=response)\n1208   \n1209                   if response is None:\n1210                       status_code = 200' session_id=None response_headers=None status_code=None ssl_certificate=None


Failed to crawl: https://www.icesusa.org/custom-home-page-5/morgan-high-school/
Result: url='https://www.icesusa.org/custom-home-page-5/morgan-high-school/' html='' success=False cleaned_html=None media={} links={} downloaded_files=None screenshot=None pdf=None markdown=None markdown_v2=None fit_markdown=None fit_html=None extracted_content=None metadata=None error_message='Unexpected error in _crawl_web at line 1205 in _crawl_web (../../.pyenv/versions/3.12.6/lib/python3.12/site-packages/crawl4ai/async_crawler_strategy.py):\nError: Failed on navigating ACS-GOTO:\nPage.goto: Timeout 60000ms exceeded.\nCall log:\n  - navigating to "https://www.icesusa.org/custom-home-page-5/morgan-high-school/", waiting until "domcontentloaded"\n\n\nCode context:\n1200   \n1201                       response = await page.goto(\n1202                           url, wait_until=config.wait_until, timeout=config.page_timeout\n1203                       )\n1204                   except Error as e:\n1205 →                     raise RuntimeError(f"Failed on navigating ACS-GOTO:\\n{str(e)}")\n1206   \n1207                   await self.execute_hook("after_goto", page, context=context, url=url, response=response)\n1208   \n1209                   if response is None:\n1210                       status_code = 200' session_id=None response_headers=None status_code=None ssl_certificate=None


Failed to crawl: https://www.icesusa.org/custom-home-page-5/placentia-yorba-linda-unified-school-district/
Result: url='https://www.icesusa.org/custom-home-page-5/placentia-yorba-linda-unified-school-district/' html='' success=False cleaned_html=None media={} links={} downloaded_files=None screenshot=None pdf=None markdown=None markdown_v2=None fit_markdown=None fit_html=None extracted_content=None metadata=None error_message='Unexpected error in _crawl_web at line 1205 in _crawl_web (../../.pyenv/versions/3.12.6/lib/python3.12/site-packages/crawl4ai/async_crawler_strategy.py):\nError: Failed on navigating ACS-GOTO:\nPage.goto: Timeout 60000ms exceeded.\nCall log:\n  - navigating to "https://www.icesusa.org/custom-home-page-5/placentia-yorba-linda-unified-school-district/", waiting until "domcontentloaded"\n\n\nCode context:\n1200   \n1201                       response = await page.goto(\n1202                           url, wait_until=config.wait_until, timeout=config.page_timeout\n1203                       )\n1204                   except Error as e:\n1205 →                     raise RuntimeError(f"Failed on navigating ACS-GOTO:\\n{str(e)}")\n1206   \n1207                   await self.execute_hook("after_goto", page, context=context, url=url, response=response)\n1208   \n1209                   if response is None:\n1210                       status_code = 200' session_id=None response_headers=None status_code=None ssl_certificate=None


Failed to crawl: https://www.icesusa.org/custom-home-page-5/the-kings-academy/
Result: url='https://www.icesusa.org/custom-home-page-5/the-kings-academy/' html='' success=False cleaned_html=None media={} links={} downloaded_files=None screenshot=None pdf=None markdown=None markdown_v2=None fit_markdown=None fit_html=None extracted_content=None metadata=None error_message='Unexpected error in _crawl_web at line 1205 in _crawl_web (../../.pyenv/versions/3.12.6/lib/python3.12/site-packages/crawl4ai/async_crawler_strategy.py):\nError: Failed on navigating ACS-GOTO:\nPage.goto: Timeout 60000ms exceeded.\nCall log:\n  - navigating to "https://www.icesusa.org/custom-home-page-5/the-kings-academy/", waiting until "domcontentloaded"\n\n\nCode context:\n1200   \n1201                       response = await page.goto(\n1202                           url, wait_until=config.wait_until, timeout=config.page_timeout\n1203                       )\n1204                   except Error as e:\n1205 →                     raise RuntimeError(f"Failed on navigating ACS-GOTO:\\n{str(e)}")\n1206   \n1207                   await self.execute_hook("after_goto", page, context=context, url=url, response=response)\n1208   \n1209                   if response is None:\n1210                       status_code = 200' session_id=None response_headers=None status_code=None ssl_certificate=None


Failed to crawl: https://www.icesusa.org/custom-home-page-5/st-francis-xavier-high-school/
Result: url='https://www.icesusa.org/custom-home-page-5/st-francis-xavier-high-school/' html='' success=False cleaned_html=None media={} links={} downloaded_files=None screenshot=None pdf=None markdown=None markdown_v2=None fit_markdown=None fit_html=None extracted_content=None metadata=None error_message='Unexpected error in _crawl_web at line 1205 in _crawl_web (../../.pyenv/versions/3.12.6/lib/python3.12/site-packages/crawl4ai/async_crawler_strategy.py):\nError: Failed on navigating ACS-GOTO:\nPage.goto: Timeout 60000ms exceeded.\nCall log:\n  - navigating to "https://www.icesusa.org/custom-home-page-5/st-francis-xavier-high-school/", waiting until "domcontentloaded"\n\n\nCode context:\n1200   \n1201                       response = await page.goto(\n1202                           url, wait_until=config.wait_until, timeout=config.page_timeout\n1203                       )\n1204                   except Error as e:\n1205 →                     raise RuntimeError(f"Failed on navigating ACS-GOTO:\\n{str(e)}")\n1206   \n1207                   await self.execute_hook("after_goto", page, context=context, url=url, response=response)\n1208   \n1209                   if response is None:\n1210                       status_code = 200' session_id=None response_headers=None status_code=None ssl_certificate=None


Failed to crawl: https://www.icesusa.org/custom-home-page-5/lincoln-academy/
Result: url='https://www.icesusa.org/custom-home-page-5/lincoln-academy/' html='' success=False cleaned_html=None media={} links={} downloaded_files=None screenshot=None pdf=None markdown=None markdown_v2=None fit_markdown=None fit_html=None extracted_content=None metadata=None error_message='Unexpected error in _crawl_web at line 1205 in _crawl_web (../../.pyenv/versions/3.12.6/lib/python3.12/site-packages/crawl4ai/async_crawler_strategy.py):\nError: Failed on navigating ACS-GOTO:\nPage.goto: Timeout 60000ms exceeded.\nCall log:\n  - navigating to "https://www.icesusa.org/custom-home-page-5/lincoln-academy/", waiting until "domcontentloaded"\n\n\nCode context:\n1200   \n1201                       response = await page.goto(\n1202                           url, wait_until=config.wait_until, timeout=config.page_timeout\n1203                       )\n1204                   except Error as e:\n1205 →                     raise RuntimeError(f"Failed on navigating ACS-GOTO:\\n{str(e)}")\n1206   \n1207                   await self.execute_hook("after_goto", page, context=context, url=url, response=response)\n1208   \n1209                   if response is None:\n1210                       status_code = 200' session_id=None response_headers=None status_code=None ssl_certificate=None


Failed to crawl: https://www.icesusa.org/custom-home-page-5/walpole-high-school/
Result: url='https://www.icesusa.org/custom-home-page-5/walpole-high-school/' html='' success=False cleaned_html=None media={} links={} downloaded_files=None screenshot=None pdf=None markdown=None markdown_v2=None fit_markdown=None fit_html=None extracted_content=None metadata=None error_message='Unexpected error in _crawl_web at line 1205 in _crawl_web (../../.pyenv/versions/3.12.6/lib/python3.12/site-packages/crawl4ai/async_crawler_strategy.py):\nError: Failed on navigating ACS-GOTO:\nPage.goto: Timeout 60000ms exceeded.\nCall log:\n  - navigating to "https://www.icesusa.org/custom-home-page-5/walpole-high-school/", waiting until "domcontentloaded"\n\n\nCode context:\n1200   \n1201                       response = await page.goto(\n1202                           url, wait_until=config.wait_until, timeout=config.page_timeout\n1203                       )\n1204                   except Error as e:\n1205 →                     raise RuntimeError(f"Failed on navigating ACS-GOTO:\\n{str(e)}")\n1206   \n1207                   await self.execute_hook("after_goto", page, context=context, url=url, response=response)\n1208   \n1209                   if response is None:\n1210                       status_code = 200' session_id=None response_headers=None status_code=None ssl_certificate=None


Failed to crawl: https://www.icesusa.org/custom-home-page-5/saint-edwards-school/
Result: url='https://www.icesusa.org/custom-home-page-5/saint-edwards-school/' html='' success=False cleaned_html=None media={} links={} downloaded_files=None screenshot=None pdf=None markdown=None markdown_v2=None fit_markdown=None fit_html=None extracted_content=None metadata=None error_message='Unexpected error in _crawl_web at line 1205 in _crawl_web (../../.pyenv/versions/3.12.6/lib/python3.12/site-packages/crawl4ai/async_crawler_strategy.py):\nError: Failed on navigating ACS-GOTO:\nPage.goto: Timeout 60000ms exceeded.\nCall log:\n  - navigating to "https://www.icesusa.org/custom-home-page-5/saint-edwards-school/", waiting until "domcontentloaded"\n\n\nCode context:\n1200   \n1201                       response = await page.goto(\n1202                           url, wait_until=config.wait_until, timeout=config.page_timeout\n1203                       )\n1204                   except Error as e:\n1205 →                     raise RuntimeError(f"Failed on navigating ACS-GOTO:\\n{str(e)}")\n1206   \n1207                   await self.execute_hook("after_goto", page, context=context, url=url, response=response)\n1208   \n1209                   if response is None:\n1210                       status_code = 200' session_id=None response_headers=None status_code=None ssl_certificate=None


Failed to crawl: https://www.icesusa.org/custom-home-page-5/eagle-school/
Result: url='https://www.icesusa.org/custom-home-page-5/eagle-school/' html='' success=False cleaned_html=None media={} links={} downloaded_files=None screenshot=None pdf=None markdown=None markdown_v2=None fit_markdown=None fit_html=None extracted_content=None metadata=None error_message='Unexpected error in _crawl_web at line 1205 in _crawl_web (../../.pyenv/versions/3.12.6/lib/python3.12/site-packages/crawl4ai/async_crawler_strategy.py):\nError: Failed on navigating ACS-GOTO:\nPage.goto: Timeout 60000ms exceeded.\nCall log:\n  - navigating to "https://www.icesusa.org/custom-home-page-5/eagle-school/", waiting until "domcontentloaded"\n\n\nCode context:\n1200   \n1201                       response = await page.goto(\n1202                           url, wait_until=config.wait_until, timeout=config.page_timeout\n1203                       )\n1204                   except Error as e:\n1205 →                     raise RuntimeError(f"Failed on navigating ACS-GOTO:\\n{str(e)}")\n1206   \n1207                   await self.execute_hook("after_goto", page, context=context, url=url, response=response)\n1208   \n1209                   if response is None:\n1210                       status_code = 200' session_id=None response_headers=None status_code=None ssl_certificate=None


Failed to crawl: https://www.icesusa.org/custom-home-page-5/school-place/usa/massachusetts/
Result: url='https://www.icesusa.org/custom-home-page-5/school-place/usa/massachusetts/' html='' success=False cleaned_html=None media={} links={} downloaded_files=None screenshot=None pdf=None markdown=None markdown_v2=None fit_markdown=None fit_html=None extracted_content=None metadata=None error_message='Unexpected error in _crawl_web at line 1205 in _crawl_web (../../.pyenv/versions/3.12.6/lib/python3.12/site-packages/crawl4ai/async_crawler_strategy.py):\nError: Failed on navigating ACS-GOTO:\nPage.goto: Timeout 60000ms exceeded.\nCall log:\n  - navigating to "https://www.icesusa.org/custom-home-page-5/school-place/usa/massachusetts/", waiting until "domcontentloaded"\n\n\nCode context:\n1200   \n1201                       response = await page.goto(\n1202                           url, wait_until=config.wait_until, timeout=config.page_timeout\n1203                       )\n1204                   except Error as e:\n1205 →                     raise RuntimeError(f"Failed on navigating ACS-GOTO:\\n{str(e)}")\n1206   \n1207                   await self.execute_hook("after_goto", page, context=context, url=url, response=response)\n1208   \n1209                   if response is None:\n1210                       status_code = 200' session_id=None response_headers=None status_code=None ssl_certificate=None


Failed to crawl: https://www.icesusa.org/custom-home-page-5/school-place/usa/
Result: url='https://www.icesusa.org/custom-home-page-5/school-place/usa/' html='' success=False cleaned_html=None media={} links={} downloaded_files=None screenshot=None pdf=None markdown=None markdown_v2=None fit_markdown=None fit_html=None extracted_content=None metadata=None error_message='Unexpected error in _crawl_web at line 1205 in _crawl_web (../../.pyenv/versions/3.12.6/lib/python3.12/site-packages/crawl4ai/async_crawler_strategy.py):\nError: Failed on navigating ACS-GOTO:\nPage.goto: Timeout 60000ms exceeded.\nCall log:\n  - navigating to "https://www.icesusa.org/custom-home-page-5/school-place/usa/", waiting until "domcontentloaded"\n\n\nCode context:\n1200   \n1201                       response = await page.goto(\n1202                           url, wait_until=config.wait_until, timeout=config.page_timeout\n1203                       )\n1204                   except Error as e:\n1205 →                     raise RuntimeError(f"Failed on navigating ACS-GOTO:\\n{str(e)}")\n1206   \n1207                   await self.execute_hook("after_goto", page, context=context, url=url, response=response)\n1208   \n1209                   if response is None:\n1210                       status_code = 200' session_id=None response_headers=None status_code=None ssl_certificate=None


Failed to crawl: https://www.northerncollege.ca/international/tuition/
Result: url='https://www.northerncollege.ca/international/tuition/' html='' success=False cleaned_html=None media={} links={} downloaded_files=None screenshot=None pdf=None markdown=None markdown_v2=None fit_markdown=None fit_html=None extracted_content=None metadata=None error_message='Unexpected error in _crawl_web at line 1205 in _crawl_web (../../.pyenv/versions/3.12.6/lib/python3.12/site-packages/crawl4ai/async_crawler_strategy.py):\nError: Failed on navigating ACS-GOTO:\nPage.goto: net::ERR_SOCKET_NOT_CONNECTED at https://www.northerncollege.ca/international/tuition/\nCall log:\n  - navigating to "https://www.northerncollege.ca/international/tuition/", waiting until "domcontentloaded"\n\n\nCode context:\n1200   \n1201                       response = await page.goto(\n1202                           url, wait_until=config.wait_until, timeout=config.page_timeout\n1203                       )\n1204                   except Error as e:\n1205 →                     raise RuntimeError(f"Failed on navigating ACS-GOTO:\\n{str(e)}")\n1206   \n1207                   await self.execute_hook("after_goto", page, context=context, url=url, response=response)\n1208   \n1209                   if response is None:\n1210                       status_code = 200' session_id=None response_headers=None status_code=None ssl_certificate=None


Failed to crawl: https://www.northerncollege.ca/course/mm3011-precision-measurement-iii/
Result: url='https://www.northerncollege.ca/course/mm3011-precision-measurement-iii/' html='' success=False cleaned_html=None media={} links={} downloaded_files=None screenshot=None pdf=None markdown=None markdown_v2=None fit_markdown=None fit_html=None extracted_content=None metadata=None error_message='Unexpected error in _crawl_web at line 1246 in _crawl_web (../../.pyenv/versions/3.12.6/lib/python3.12/site-packages/crawl4ai/async_crawler_strategy.py):\nError: \'AsyncPlaywrightCrawlerStrategy\' object has no attribute \'config\'\n\nCode context:\n1241                       raise Error(f"Body element is hidden: {visibility_info}")\n1242   \n1243               except Error as e:\n1244                   visibility_info = await self.check_visibility(page)\n1245   \n1246 →                 if self.config.verbose:\n1247                       self.logger.debug(\n1248                           message="Body visibility info: {info}",\n1249                           tag="DEBUG",\n1250                           params={"info": visibility_info},\n1251                       )' session_id=None response_headers=None status_code=None ssl_certificate=None


Failed to crawl: https://www.northerncollege.ca/course/mm3012-millwright-machining-iii/
Result: url='https://www.northerncollege.ca/course/mm3012-millwright-machining-iii/' html='' success=False cleaned_html=None media={} links={} downloaded_files=None screenshot=None pdf=None markdown=None markdown_v2=None fit_markdown=None fit_html=None extracted_content=None metadata=None error_message='Unexpected error in _crawl_web at line 1246 in _crawl_web (../../.pyenv/versions/3.12.6/lib/python3.12/site-packages/crawl4ai/async_crawler_strategy.py):\nError: \'AsyncPlaywrightCrawlerStrategy\' object has no attribute \'config\'\n\nCode context:\n1241                       raise Error(f"Body element is hidden: {visibility_info}")\n1242   \n1243               except Error as e:\n1244                   visibility_info = await self.check_visibility(page)\n1245   \n1246 →                 if self.config.verbose:\n1247                       self.logger.debug(\n1248                           message="Body visibility info: {info}",\n1249                           tag="DEBUG",\n1250                           params={"info": visibility_info},\n1251                       )' session_id=None response_headers=None status_code=None ssl_certificate=None


Failed to crawl: https://www.northerncollege.ca/course/mm3014-compressors-pumps-and-valves/
Result: url='https://www.northerncollege.ca/course/mm3014-compressors-pumps-and-valves/' html='' success=False cleaned_html=None media={} links={} downloaded_files=None screenshot=None pdf=None markdown=None markdown_v2=None fit_markdown=None fit_html=None extracted_content=None metadata=None error_message='Unexpected error in _crawl_web at line 1246 in _crawl_web (../../.pyenv/versions/3.12.6/lib/python3.12/site-packages/crawl4ai/async_crawler_strategy.py):\nError: \'AsyncPlaywrightCrawlerStrategy\' object has no attribute \'config\'\n\nCode context:\n1241                       raise Error(f"Body element is hidden: {visibility_info}")\n1242   \n1243               except Error as e:\n1244                   visibility_info = await self.check_visibility(page)\n1245   \n1246 →                 if self.config.verbose:\n1247                       self.logger.debug(\n1248                           message="Body visibility info: {info}",\n1249                           tag="DEBUG",\n1250                           params={"info": visibility_info},\n1251                       )' session_id=None response_headers=None status_code=None ssl_certificate=None


Failed to crawl: https://www.northerncollege.ca/course/el3013-electrical-controls-i/
Result: url='https://www.northerncollege.ca/course/el3013-electrical-controls-i/' html='' success=False cleaned_html=None media={} links={} downloaded_files=None screenshot=None pdf=None markdown=None markdown_v2=None fit_markdown=None fit_html=None extracted_content=None metadata=None error_message='Unexpected error in _crawl_web at line 1246 in _crawl_web (../../.pyenv/versions/3.12.6/lib/python3.12/site-packages/crawl4ai/async_crawler_strategy.py):\nError: \'AsyncPlaywrightCrawlerStrategy\' object has no attribute \'config\'\n\nCode context:\n1241                       raise Error(f"Body element is hidden: {visibility_info}")\n1242   \n1243               except Error as e:\n1244                   visibility_info = await self.check_visibility(page)\n1245   \n1246 →                 if self.config.verbose:\n1247                       self.logger.debug(\n1248                           message="Body visibility info: {info}",\n1249                           tag="DEBUG",\n1250                           params={"info": visibility_info},\n1251                       )' session_id=None response_headers=None status_code=None ssl_certificate=None


Failed to crawl: https://www.northerncollege.ca/course/mm4012-electrical-controls-ii/
Result: url='https://www.northerncollege.ca/course/mm4012-electrical-controls-ii/' html='' success=False cleaned_html=None media={} links={} downloaded_files=None screenshot=None pdf=None markdown=None markdown_v2=None fit_markdown=None fit_html=None extracted_content=None metadata=None error_message='Unexpected error in _crawl_web at line 1246 in _crawl_web (../../.pyenv/versions/3.12.6/lib/python3.12/site-packages/crawl4ai/async_crawler_strategy.py):\nError: \'AsyncPlaywrightCrawlerStrategy\' object has no attribute \'config\'\n\nCode context:\n1241                       raise Error(f"Body element is hidden: {visibility_info}")\n1242   \n1243               except Error as e:\n1244                   visibility_info = await self.check_visibility(page)\n1245   \n1246 →                 if self.config.verbose:\n1247                       self.logger.debug(\n1248                           message="Body visibility info: {info}",\n1249                           tag="DEBUG",\n1250                           params={"info": visibility_info},\n1251                       )' session_id=None response_headers=None status_code=None ssl_certificate=None


Failed to crawl: https://www.northerncollege.ca/course/of1023-office-procedures-i/
Result: url='https://www.northerncollege.ca/course/of1023-office-procedures-i/' html='' success=False cleaned_html=None media={} links={} downloaded_files=None screenshot=None pdf=None markdown=None markdown_v2=None fit_markdown=None fit_html=None extracted_content=None metadata=None error_message='Unexpected error in _crawl_web at line 1246 in _crawl_web (../../.pyenv/versions/3.12.6/lib/python3.12/site-packages/crawl4ai/async_crawler_strategy.py):\nError: \'AsyncPlaywrightCrawlerStrategy\' object has no attribute \'config\'\n\nCode context:\n1241                       raise Error(f"Body element is hidden: {visibility_info}")\n1242   \n1243               except Error as e:\n1244                   visibility_info = await self.check_visibility(page)\n1245   \n1246 →                 if self.config.verbose:\n1247                       self.logger.debug(\n1248                           message="Body visibility info: {info}",\n1249                           tag="DEBUG",\n1250                           params={"info": visibility_info},\n1251                       )' session_id=None response_headers=None status_code=None ssl_certificate=None


Failed to crawl: https://www.northerncollege.ca/course/of1043-business-document-processing-i/
Result: url='https://www.northerncollege.ca/course/of1043-business-document-processing-i/' html='' success=False cleaned_html=None media={} links={} downloaded_files=None screenshot=None pdf=None markdown=None markdown_v2=None fit_markdown=None fit_html=None extracted_content=None metadata=None error_message='Unexpected error in _crawl_web at line 1246 in _crawl_web (../../.pyenv/versions/3.12.6/lib/python3.12/site-packages/crawl4ai/async_crawler_strategy.py):\nError: \'AsyncPlaywrightCrawlerStrategy\' object has no attribute \'config\'\n\nCode context:\n1241                       raise Error(f"Body element is hidden: {visibility_info}")\n1242   \n1243               except Error as e:\n1244                   visibility_info = await self.check_visibility(page)\n1245   \n1246 →                 if self.config.verbose:\n1247                       self.logger.debug(\n1248                           message="Body visibility info: {info}",\n1249                           tag="DEBUG",\n1250                           params={"info": visibility_info},\n1251                       )' session_id=None response_headers=None status_code=None ssl_certificate=None


Failed to crawl: https://www.northerncollege.ca/course/of2002-business-document-processing-ii/
Result: url='https://www.northerncollege.ca/course/of2002-business-document-processing-ii/' html='' success=False cleaned_html=None media={} links={} downloaded_files=None screenshot=None pdf=None markdown=None markdown_v2=None fit_markdown=None fit_html=None extracted_content=None metadata=None error_message='Unexpected error in _crawl_web at line 1246 in _crawl_web (../../.pyenv/versions/3.12.6/lib/python3.12/site-packages/crawl4ai/async_crawler_strategy.py):\nError: \'AsyncPlaywrightCrawlerStrategy\' object has no attribute \'config\'\n\nCode context:\n1241                       raise Error(f"Body element is hidden: {visibility_info}")\n1242   \n1243               except Error as e:\n1244                   visibility_info = await self.check_visibility(page)\n1245   \n1246 →                 if self.config.verbose:\n1247                       self.logger.debug(\n1248                           message="Body visibility info: {info}",\n1249                           tag="DEBUG",\n1250                           params={"info": visibility_info},\n1251                       )' session_id=None response_headers=None status_code=None ssl_certificate=None


Failed to crawl: https://www.northerncollege.ca/course/of2003-administrative-procedures/
Result: url='https://www.northerncollege.ca/course/of2003-administrative-procedures/' html='' success=False cleaned_html=None media={} links={} downloaded_files=None screenshot=None pdf=None markdown=None markdown_v2=None fit_markdown=None fit_html=None extracted_content=None metadata=None error_message='Unexpected error in _crawl_web at line 1246 in _crawl_web (../../.pyenv/versions/3.12.6/lib/python3.12/site-packages/crawl4ai/async_crawler_strategy.py):\nError: \'AsyncPlaywrightCrawlerStrategy\' object has no attribute \'config\'\n\nCode context:\n1241                       raise Error(f"Body element is hidden: {visibility_info}")\n1242   \n1243               except Error as e:\n1244                   visibility_info = await self.check_visibility(page)\n1245   \n1246 →                 if self.config.verbose:\n1247                       self.logger.debug(\n1248                           message="Body visibility info: {info}",\n1249                           tag="DEBUG",\n1250                           params={"info": visibility_info},\n1251                       )' session_id=None response_headers=None status_code=None ssl_certificate=None


Failed to crawl: https://www.northerncollege.ca/course/of2023-word-processing-and-keyboarding-ii/
Result: url='https://www.northerncollege.ca/course/of2023-word-processing-and-keyboarding-ii/' html='' success=False cleaned_html=None media={} links={} downloaded_files=None screenshot=None pdf=None markdown=None markdown_v2=None fit_markdown=None fit_html=None extracted_content=None metadata=None error_message='Unexpected error in _crawl_web at line 1246 in _crawl_web (../../.pyenv/versions/3.12.6/lib/python3.12/site-packages/crawl4ai/async_crawler_strategy.py):\nError: \'AsyncPlaywrightCrawlerStrategy\' object has no attribute \'config\'\n\nCode context:\n1241                       raise Error(f"Body element is hidden: {visibility_info}")\n1242   \n1243               except Error as e:\n1244                   visibility_info = await self.check_visibility(page)\n1245   \n1246 →                 if self.config.verbose:\n1247                       self.logger.debug(\n1248                           message="Body visibility info: {info}",\n1249                           tag="DEBUG",\n1250                           params={"info": visibility_info},\n1251                       )' session_id=None response_headers=None status_code=None ssl_certificate=None


Failed to crawl: https://www.northerncollege.ca/course/of2001-placement/
Result: url='https://www.northerncollege.ca/course/of2001-placement/' html='' success=False cleaned_html=None media={} links={} downloaded_files=None screenshot=None pdf=None markdown=None markdown_v2=None fit_markdown=None fit_html=None extracted_content=None metadata=None error_message='Unexpected error in _crawl_web at line 1246 in _crawl_web (../../.pyenv/versions/3.12.6/lib/python3.12/site-packages/crawl4ai/async_crawler_strategy.py):\nError: \'AsyncPlaywrightCrawlerStrategy\' object has no attribute \'config\'\n\nCode context:\n1241                       raise Error(f"Body element is hidden: {visibility_info}")\n1242   \n1243               except Error as e:\n1244                   visibility_info = await self.check_visibility(page)\n1245   \n1246 →                 if self.config.verbose:\n1247                       self.logger.debug(\n1248                           message="Body visibility info: {info}",\n1249                           tag="DEBUG",\n1250                           params={"info": visibility_info},\n1251                       )' session_id=None response_headers=None status_code=None ssl_certificate=None


Failed to crawl: https://www.northerncollege.ca/course/of4024-work-placement/
Result: url='https://www.northerncollege.ca/course/of4024-work-placement/' html='' success=False cleaned_html=None media={} links={} downloaded_files=None screenshot=None pdf=None markdown=None markdown_v2=None fit_markdown=None fit_html=None extracted_content=None metadata=None error_message='Unexpected error in _crawl_web at line 1246 in _crawl_web (../../.pyenv/versions/3.12.6/lib/python3.12/site-packages/crawl4ai/async_crawler_strategy.py):\nError: \'AsyncPlaywrightCrawlerStrategy\' object has no attribute \'config\'\n\nCode context:\n1241                       raise Error(f"Body element is hidden: {visibility_info}")\n1242   \n1243               except Error as e:\n1244                   visibility_info = await self.check_visibility(page)\n1245   \n1246 →                 if self.config.verbose:\n1247                       self.logger.debug(\n1248                           message="Body visibility info: {info}",\n1249                           tag="DEBUG",\n1250                           params={"info": visibility_info},\n1251                       )' session_id=None response_headers=None status_code=None ssl_certificate=None


Failed to crawl: https://www.northerncollege.ca/course/pf1013-provincial-offences/
Result: url='https://www.northerncollege.ca/course/pf1013-provincial-offences/' html='' success=False cleaned_html=None media={} links={} downloaded_files=None screenshot=None pdf=None markdown=None markdown_v2=None fit_markdown=None fit_html=None extracted_content=None metadata=None error_message='Unexpected error in _crawl_web at line 1246 in _crawl_web (../../.pyenv/versions/3.12.6/lib/python3.12/site-packages/crawl4ai/async_crawler_strategy.py):\nError: \'AsyncPlaywrightCrawlerStrategy\' object has no attribute \'config\'\n\nCode context:\n1241                       raise Error(f"Body element is hidden: {visibility_info}")\n1242   \n1243               except Error as e:\n1244                   visibility_info = await self.check_visibility(page)\n1245   \n1246 →                 if self.config.verbose:\n1247                       self.logger.debug(\n1248                           message="Body visibility info: {info}",\n1249                           tag="DEBUG",\n1250                           params={"info": visibility_info},\n1251                       )' session_id=None response_headers=None status_code=None ssl_certificate=None


Failed to crawl: https://www.northerncollege.ca/course/pf1093-fitness-lifestyle-management-i/
Result: url='https://www.northerncollege.ca/course/pf1093-fitness-lifestyle-management-i/' html='' success=False cleaned_html=None media={} links={} downloaded_files=None screenshot=None pdf=None markdown=None markdown_v2=None fit_markdown=None fit_html=None extracted_content=None metadata=None error_message='Unexpected error in _crawl_web at line 1246 in _crawl_web (../../.pyenv/versions/3.12.6/lib/python3.12/site-packages/crawl4ai/async_crawler_strategy.py):\nError: \'AsyncPlaywrightCrawlerStrategy\' object has no attribute \'config\'\n\nCode context:\n1241                       raise Error(f"Body element is hidden: {visibility_info}")\n1242   \n1243               except Error as e:\n1244                   visibility_info = await self.check_visibility(page)\n1245   \n1246 →                 if self.config.verbose:\n1247                       self.logger.debug(\n1248                           message="Body visibility info: {info}",\n1249                           tag="DEBUG",\n1250                           params={"info": visibility_info},\n1251                       )' session_id=None response_headers=None status_code=None ssl_certificate=None


Failed to crawl: https://www.northerncollege.ca/course/pr1034-hospital-clinical/
Result: url='https://www.northerncollege.ca/course/pr1034-hospital-clinical/' html='' success=False cleaned_html=None media={} links={} downloaded_files=None screenshot=None pdf=None markdown=None markdown_v2=None fit_markdown=None fit_html=None extracted_content=None metadata=None error_message='Unexpected error in _crawl_web at line 1246 in _crawl_web (../../.pyenv/versions/3.12.6/lib/python3.12/site-packages/crawl4ai/async_crawler_strategy.py):\nError: \'AsyncPlaywrightCrawlerStrategy\' object has no attribute \'config\'\n\nCode context:\n1241                       raise Error(f"Body element is hidden: {visibility_info}")\n1242   \n1243               except Error as e:\n1244                   visibility_info = await self.check_visibility(page)\n1245   \n1246 →                 if self.config.verbose:\n1247                       self.logger.debug(\n1248                           message="Body visibility info: {info}",\n1249                           tag="DEBUG",\n1250                           params={"info": visibility_info},\n1251                       )' session_id=None response_headers=None status_code=None ssl_certificate=None


Failed to crawl: https://www.northerncollege.ca/course/pr1053-mental-health-and-crisis-intervention-in-ems/
Result: url='https://www.northerncollege.ca/course/pr1053-mental-health-and-crisis-intervention-in-ems/' html='' success=False cleaned_html=None media={} links={} downloaded_files=None screenshot=None pdf=None markdown=None markdown_v2=None fit_markdown=None fit_html=None extracted_content=None metadata=None error_message='Unexpected error in _crawl_web at line 1246 in _crawl_web (../../.pyenv/versions/3.12.6/lib/python3.12/site-packages/crawl4ai/async_crawler_strategy.py):\nError: \'AsyncPlaywrightCrawlerStrategy\' object has no attribute \'config\'\n\nCode context:\n1241                       raise Error(f"Body element is hidden: {visibility_info}")\n1242   \n1243               except Error as e:\n1244                   visibility_info = await self.check_visibility(page)\n1245   \n1246 →                 if self.config.verbose:\n1247                       self.logger.debug(\n1248                           message="Body visibility info: {info}",\n1249                           tag="DEBUG",\n1250                           params={"info": visibility_info},\n1251                       )' session_id=None response_headers=None status_code=None ssl_certificate=None


Failed to crawl: https://www.northerncollege.ca/course/pr1063-the-prehospital-environment/
Result: url='https://www.northerncollege.ca/course/pr1063-the-prehospital-environment/' html='' success=False cleaned_html=None media={} links={} downloaded_files=None screenshot=None pdf=None markdown=None markdown_v2=None fit_markdown=None fit_html=None extracted_content=None metadata=None error_message='Unexpected error in _crawl_web at line 1246 in _crawl_web (../../.pyenv/versions/3.12.6/lib/python3.12/site-packages/crawl4ai/async_crawler_strategy.py):\nError: \'AsyncPlaywrightCrawlerStrategy\' object has no attribute \'config\'\n\nCode context:\n1241                       raise Error(f"Body element is hidden: {visibility_info}")\n1242   \n1243               except Error as e:\n1244                   visibility_info = await self.check_visibility(page)\n1245   \n1246 →                 if self.config.verbose:\n1247                       self.logger.debug(\n1248                           message="Body visibility info: {info}",\n1249                           tag="DEBUG",\n1250                           params={"info": visibility_info},\n1251                       )' session_id=None response_headers=None status_code=None ssl_certificate=None


Failed to crawl: https://www.northerncollege.ca/course/pr2001-patient-lifting-transfer-techniques-ii/
Result: url='https://www.northerncollege.ca/course/pr2001-patient-lifting-transfer-techniques-ii/' html='' success=False cleaned_html=None media={} links={} downloaded_files=None screenshot=None pdf=None markdown=None markdown_v2=None fit_markdown=None fit_html=None extracted_content=None metadata=None error_message='Unexpected error in _crawl_web at line 1246 in _crawl_web (../../.pyenv/versions/3.12.6/lib/python3.12/site-packages/crawl4ai/async_crawler_strategy.py):\nError: \'AsyncPlaywrightCrawlerStrategy\' object has no attribute \'config\'\n\nCode context:\n1241                       raise Error(f"Body element is hidden: {visibility_info}")\n1242   \n1243               except Error as e:\n1244                   visibility_info = await self.check_visibility(page)\n1245   \n1246 →                 if self.config.verbose:\n1247                       self.logger.debug(\n1248                           message="Body visibility info: {info}",\n1249                           tag="DEBUG",\n1250                           params={"info": visibility_info},\n1251                       )' session_id=None response_headers=None status_code=None ssl_certificate=None


Failed to crawl: https://www.northerncollege.ca/course/pr2017-paramedic-practicum/
Result: url='https://www.northerncollege.ca/course/pr2017-paramedic-practicum/' html='' success=False cleaned_html=None media={} links={} downloaded_files=None screenshot=None pdf=None markdown=None markdown_v2=None fit_markdown=None fit_html=None extracted_content=None metadata=None error_message='Unexpected error in _crawl_web at line 1246 in _crawl_web (../../.pyenv/versions/3.12.6/lib/python3.12/site-packages/crawl4ai/async_crawler_strategy.py):\nError: \'AsyncPlaywrightCrawlerStrategy\' object has no attribute \'config\'\n\nCode context:\n1241                       raise Error(f"Body element is hidden: {visibility_info}")\n1242   \n1243               except Error as e:\n1244                   visibility_info = await self.check_visibility(page)\n1245   \n1246 →                 if self.config.verbose:\n1247                       self.logger.debug(\n1248                           message="Body visibility info: {info}",\n1249                           tag="DEBUG",\n1250                           params={"info": visibility_info},\n1251                       )' session_id=None response_headers=None status_code=None ssl_certificate=None


Failed to crawl: https://www.northerncollege.ca/course/pr2046-patient-care-and-assessment-theory-ii/
Result: url='https://www.northerncollege.ca/course/pr2046-patient-care-and-assessment-theory-ii/' html='' success=False cleaned_html=None media={} links={} downloaded_files=None screenshot=None pdf=None markdown=None markdown_v2=None fit_markdown=None fit_html=None extracted_content=None metadata=None error_message='Unexpected error in _crawl_web at line 1246 in _crawl_web (../../.pyenv/versions/3.12.6/lib/python3.12/site-packages/crawl4ai/async_crawler_strategy.py):\nError: \'AsyncPlaywrightCrawlerStrategy\' object has no attribute \'config\'\n\nCode context:\n1241                       raise Error(f"Body element is hidden: {visibility_info}")\n1242   \n1243               except Error as e:\n1244                   visibility_info = await self.check_visibility(page)\n1245   \n1246 →                 if self.config.verbose:\n1247                       self.logger.debug(\n1248                           message="Body visibility info: {info}",\n1249                           tag="DEBUG",\n1250                           params={"info": visibility_info},\n1251                       )' session_id=None response_headers=None status_code=None ssl_certificate=None


Failed to crawl: https://www.northerncollege.ca/course/pr2056-patient-care-and-assessment-lab-ii/
Result: url='https://www.northerncollege.ca/course/pr2056-patient-care-and-assessment-lab-ii/' html='' success=False cleaned_html=None media={} links={} downloaded_files=None screenshot=None pdf=None markdown=None markdown_v2=None fit_markdown=None fit_html=None extracted_content=None metadata=None error_message='Unexpected error in _crawl_web at line 1246 in _crawl_web (../../.pyenv/versions/3.12.6/lib/python3.12/site-packages/crawl4ai/async_crawler_strategy.py):\nError: \'AsyncPlaywrightCrawlerStrategy\' object has no attribute \'config\'\n\nCode context:\n1241                       raise Error(f"Body element is hidden: {visibility_info}")\n1242   \n1243               except Error as e:\n1244                   visibility_info = await self.check_visibility(page)\n1245   \n1246 →                 if self.config.verbose:\n1247                       self.logger.debug(\n1248                           message="Body visibility info: {info}",\n1249                           tag="DEBUG",\n1250                           params={"info": visibility_info},\n1251                       )' session_id=None response_headers=None status_code=None ssl_certificate=None


Failed to crawl: https://www.northerncollege.ca/course/pr3001-patient-lifting-transfer-techniques-iii/
Result: url='https://www.northerncollege.ca/course/pr3001-patient-lifting-transfer-techniques-iii/' html='' success=False cleaned_html=None media={} links={} downloaded_files=None screenshot=None pdf=None markdown=None markdown_v2=None fit_markdown=None fit_html=None extracted_content=None metadata=None error_message='Unexpected error in _crawl_web at line 1246 in _crawl_web (../../.pyenv/versions/3.12.6/lib/python3.12/site-packages/crawl4ai/async_crawler_strategy.py):\nError: \'AsyncPlaywrightCrawlerStrategy\' object has no attribute \'config\'\n\nCode context:\n1241                       raise Error(f"Body element is hidden: {visibility_info}")\n1242   \n1243               except Error as e:\n1244                   visibility_info = await self.check_visibility(page)\n1245   \n1246 →                 if self.config.verbose:\n1247                       self.logger.debug(\n1248                           message="Body visibility info: {info}",\n1249                           tag="DEBUG",\n1250                           params={"info": visibility_info},\n1251                       )' session_id=None response_headers=None status_code=None ssl_certificate=None


Failed to crawl: https://www.northerncollege.ca/course/pr4001-online-aemca-review/
Result: url='https://www.northerncollege.ca/course/pr4001-online-aemca-review/' html='' success=False cleaned_html=None media={} links={} downloaded_files=None screenshot=None pdf=None markdown=None markdown_v2=None fit_markdown=None fit_html=None extracted_content=None metadata=None error_message='Unexpected error in _crawl_web at line 1246 in _crawl_web (../../.pyenv/versions/3.12.6/lib/python3.12/site-packages/crawl4ai/async_crawler_strategy.py):\nError: \'AsyncPlaywrightCrawlerStrategy\' object has no attribute \'config\'\n\nCode context:\n1241                       raise Error(f"Body element is hidden: {visibility_info}")\n1242   \n1243               except Error as e:\n1244                   visibility_info = await self.check_visibility(page)\n1245   \n1246 →                 if self.config.verbose:\n1247                       self.logger.debug(\n1248                           message="Body visibility info: {info}",\n1249                           tag="DEBUG",\n1250                           params={"info": visibility_info},\n1251                       )' session_id=None response_headers=None status_code=None ssl_certificate=None


Failed to crawl: https://www.northerncollege.ca/course/ps1163-developmental-psychology/
Result: url='https://www.northerncollege.ca/course/ps1163-developmental-psychology/' html='' success=False cleaned_html=None media={} links={} downloaded_files=None screenshot=None pdf=None markdown=None markdown_v2=None fit_markdown=None fit_html=None extracted_content=None metadata=None error_message='Unexpected error in _crawl_web at line 1246 in _crawl_web (../../.pyenv/versions/3.12.6/lib/python3.12/site-packages/crawl4ai/async_crawler_strategy.py):\nError: \'AsyncPlaywrightCrawlerStrategy\' object has no attribute \'config\'\n\nCode context:\n1241                       raise Error(f"Body element is hidden: {visibility_info}")\n1242   \n1243               except Error as e:\n1244                   visibility_info = await self.check_visibility(page)\n1245   \n1246 →                 if self.config.verbose:\n1247                       self.logger.debug(\n1248                           message="Body visibility info: {info}",\n1249                           tag="DEBUG",\n1250                           params={"info": visibility_info},\n1251                       )' session_id=None response_headers=None status_code=None ssl_certificate=None


Failed to crawl: https://www.northerncollege.ca/course/ps1173-introduction-to-psychology/
Result: url='https://www.northerncollege.ca/course/ps1173-introduction-to-psychology/' html='' success=False cleaned_html=None media={} links={} downloaded_files=None screenshot=None pdf=None markdown=None markdown_v2=None fit_markdown=None fit_html=None extracted_content=None metadata=None error_message='Unexpected error in _crawl_web at line 1246 in _crawl_web (../../.pyenv/versions/3.12.6/lib/python3.12/site-packages/crawl4ai/async_crawler_strategy.py):\nError: \'AsyncPlaywrightCrawlerStrategy\' object has no attribute \'config\'\n\nCode context:\n1241                       raise Error(f"Body element is hidden: {visibility_info}")\n1242   \n1243               except Error as e:\n1244                   visibility_info = await self.check_visibility(page)\n1245   \n1246 →                 if self.config.verbose:\n1247                       self.logger.debug(\n1248                           message="Body visibility info: {info}",\n1249                           tag="DEBUG",\n1250                           params={"info": visibility_info},\n1251                       )' session_id=None response_headers=None status_code=None ssl_certificate=None


Failed to crawl: https://www.northerncollege.ca/course/sw1093-human-behaviour-and-the-social-environment/
Result: url='https://www.northerncollege.ca/course/sw1093-human-behaviour-and-the-social-environment/' html='' success=False cleaned_html=None media={} links={} downloaded_files=None screenshot=None pdf=None markdown=None markdown_v2=None fit_markdown=None fit_html=None extracted_content=None metadata=None error_message='Unexpected error in _crawl_web at line 1246 in _crawl_web (../../.pyenv/versions/3.12.6/lib/python3.12/site-packages/crawl4ai/async_crawler_strategy.py):\nError: \'AsyncPlaywrightCrawlerStrategy\' object has no attribute \'config\'\n\nCode context:\n1241                       raise Error(f"Body element is hidden: {visibility_info}")\n1242   \n1243               except Error as e:\n1244                   visibility_info = await self.check_visibility(page)\n1245   \n1246 →                 if self.config.verbose:\n1247                       self.logger.debug(\n1248                           message="Body visibility info: {info}",\n1249                           tag="DEBUG",\n1250                           params={"info": visibility_info},\n1251                       )' session_id=None response_headers=None status_code=None ssl_certificate=None


Failed to crawl: https://www.northerncollege.ca/course/sw2023-conflict-resolution-and-mediation/
Result: url='https://www.northerncollege.ca/course/sw2023-conflict-resolution-and-mediation/' html='' success=False cleaned_html=None media={} links={} downloaded_files=None screenshot=None pdf=None markdown=None markdown_v2=None fit_markdown=None fit_html=None extracted_content=None metadata=None error_message='Unexpected error in _crawl_web at line 1246 in _crawl_web (../../.pyenv/versions/3.12.6/lib/python3.12/site-packages/crawl4ai/async_crawler_strategy.py):\nError: \'AsyncPlaywrightCrawlerStrategy\' object has no attribute \'config\'\n\nCode context:\n1241                       raise Error(f"Body element is hidden: {visibility_info}")\n1242   \n1243               except Error as e:\n1244                   visibility_info = await self.check_visibility(page)\n1245   \n1246 →                 if self.config.verbose:\n1247                       self.logger.debug(\n1248                           message="Body visibility info: {info}",\n1249                           tag="DEBUG",\n1250                           params={"info": visibility_info},\n1251                       )' session_id=None response_headers=None status_code=None ssl_certificate=None


Failed to crawl: https://www.northerncollege.ca/course/sw2042-social-service-worker-practice-ii-lab/
Result: url='https://www.northerncollege.ca/course/sw2042-social-service-worker-practice-ii-lab/' html='' success=False cleaned_html=None media={} links={} downloaded_files=None screenshot=None pdf=None markdown=None markdown_v2=None fit_markdown=None fit_html=None extracted_content=None metadata=None error_message='Unexpected error in _crawl_web at line 1246 in _crawl_web (../../.pyenv/versions/3.12.6/lib/python3.12/site-packages/crawl4ai/async_crawler_strategy.py):\nError: \'AsyncPlaywrightCrawlerStrategy\' object has no attribute \'config\'\n\nCode context:\n1241                       raise Error(f"Body element is hidden: {visibility_info}")\n1242   \n1243               except Error as e:\n1244                   visibility_info = await self.check_visibility(page)\n1245   \n1246 →                 if self.config.verbose:\n1247                       self.logger.debug(\n1248                           message="Body visibility info: {info}",\n1249                           tag="DEBUG",\n1250                           params={"info": visibility_info},\n1251                       )' session_id=None response_headers=None status_code=None ssl_certificate=None


Failed to crawl: https://www.northerncollege.ca/course/sw2083-community-health-and-development/
Result: url='https://www.northerncollege.ca/course/sw2083-community-health-and-development/' html='' success=False cleaned_html=None media={} links={} downloaded_files=None screenshot=None pdf=None markdown=None markdown_v2=None fit_markdown=None fit_html=None extracted_content=None metadata=None error_message='Unexpected error in _crawl_web at line 1246 in _crawl_web (../../.pyenv/versions/3.12.6/lib/python3.12/site-packages/crawl4ai/async_crawler_strategy.py):\nError: \'AsyncPlaywrightCrawlerStrategy\' object has no attribute \'config\'\n\nCode context:\n1241                       raise Error(f"Body element is hidden: {visibility_info}")\n1242   \n1243               except Error as e:\n1244                   visibility_info = await self.check_visibility(page)\n1245   \n1246 →                 if self.config.verbose:\n1247                       self.logger.debug(\n1248                           message="Body visibility info: {info}",\n1249                           tag="DEBUG",\n1250                           params={"info": visibility_info},\n1251                       )' session_id=None response_headers=None status_code=None ssl_certificate=None


Failed to crawl: https://www.northerncollege.ca/course/we5024-welding-metallurgy-ii/
Result: url='https://www.northerncollege.ca/course/we5024-welding-metallurgy-ii/' html='' success=False cleaned_html=None media={} links={} downloaded_files=None screenshot=None pdf=None markdown=None markdown_v2=None fit_markdown=None fit_html=None extracted_content=None metadata=None error_message='Unexpected error in _crawl_web at line 1246 in _crawl_web (../../.pyenv/versions/3.12.6/lib/python3.12/site-packages/crawl4ai/async_crawler_strategy.py):\nError: \'AsyncPlaywrightCrawlerStrategy\' object has no attribute \'config\'\n\nCode context:\n1241                       raise Error(f"Body element is hidden: {visibility_info}")\n1242   \n1243               except Error as e:\n1244                   visibility_info = await self.check_visibility(page)\n1245   \n1246 →                 if self.config.verbose:\n1247                       self.logger.debug(\n1248                           message="Body visibility info: {info}",\n1249                           tag="DEBUG",\n1250                           params={"info": visibility_info},\n1251                       )' session_id=None response_headers=None status_code=None ssl_certificate=None


Failed to crawl: https://www.northerncollege.ca/course/we5043-technical-project-i/
Result: url='https://www.northerncollege.ca/course/we5043-technical-project-i/' html='' success=False cleaned_html=None media={} links={} downloaded_files=None screenshot=None pdf=None markdown=None markdown_v2=None fit_markdown=None fit_html=None extracted_content=None metadata=None error_message='Unexpected error in _crawl_web at line 1246 in _crawl_web (../../.pyenv/versions/3.12.6/lib/python3.12/site-packages/crawl4ai/async_crawler_strategy.py):\nError: \'AsyncPlaywrightCrawlerStrategy\' object has no attribute \'config\'\n\nCode context:\n1241                       raise Error(f"Body element is hidden: {visibility_info}")\n1242   \n1243               except Error as e:\n1244                   visibility_info = await self.check_visibility(page)\n1245   \n1246 →                 if self.config.verbose:\n1247                       self.logger.debug(\n1248                           message="Body visibility info: {info}",\n1249                           tag="DEBUG",\n1250                           params={"info": visibility_info},\n1251                       )' session_id=None response_headers=None status_code=None ssl_certificate=None


Failed to crawl: https://www.northerncollege.ca/course/we5044-strength-of-materials-ii/
Result: url='https://www.northerncollege.ca/course/we5044-strength-of-materials-ii/' html='' success=False cleaned_html=None media={} links={} downloaded_files=None screenshot=None pdf=None markdown=None markdown_v2=None fit_markdown=None fit_html=None extracted_content=None metadata=None error_message='Unexpected error in _crawl_web at line 1246 in _crawl_web (../../.pyenv/versions/3.12.6/lib/python3.12/site-packages/crawl4ai/async_crawler_strategy.py):\nError: \'AsyncPlaywrightCrawlerStrategy\' object has no attribute \'config\'\n\nCode context:\n1241                       raise Error(f"Body element is hidden: {visibility_info}")\n1242   \n1243               except Error as e:\n1244                   visibility_info = await self.check_visibility(page)\n1245   \n1246 →                 if self.config.verbose:\n1247                       self.logger.debug(\n1248                           message="Body visibility info: {info}",\n1249                           tag="DEBUG",\n1250                           params={"info": visibility_info},\n1251                       )' session_id=None response_headers=None status_code=None ssl_certificate=None


Failed to crawl: https://www.northerncollege.ca/course/we5064-welding-physics/
Result: url='https://www.northerncollege.ca/course/we5064-welding-physics/' html='' success=False cleaned_html=None media={} links={} downloaded_files=None screenshot=None pdf=None markdown=None markdown_v2=None fit_markdown=None fit_html=None extracted_content=None metadata=None error_message='Unexpected error in _crawl_web at line 1246 in _crawl_web (../../.pyenv/versions/3.12.6/lib/python3.12/site-packages/crawl4ai/async_crawler_strategy.py):\nError: \'AsyncPlaywrightCrawlerStrategy\' object has no attribute \'config\'\n\nCode context:\n1241                       raise Error(f"Body element is hidden: {visibility_info}")\n1242   \n1243               except Error as e:\n1244                   visibility_info = await self.check_visibility(page)\n1245   \n1246 →                 if self.config.verbose:\n1247                       self.logger.debug(\n1248                           message="Body visibility info: {info}",\n1249                           tag="DEBUG",\n1250                           params={"info": visibility_info},\n1251                       )' session_id=None response_headers=None status_code=None ssl_certificate=None


Failed to crawl: https://www.northerncollege.ca/course/we5102-statistical-process-control/
Result: url='https://www.northerncollege.ca/course/we5102-statistical-process-control/' html='' success=False cleaned_html=None media={} links={} downloaded_files=None screenshot=None pdf=None markdown=None markdown_v2=None fit_markdown=None fit_html=None extracted_content=None metadata=None error_message='Unexpected error in _crawl_web at line 1246 in _crawl_web (../../.pyenv/versions/3.12.6/lib/python3.12/site-packages/crawl4ai/async_crawler_strategy.py):\nError: \'AsyncPlaywrightCrawlerStrategy\' object has no attribute \'config\'\n\nCode context:\n1241                       raise Error(f"Body element is hidden: {visibility_info}")\n1242   \n1243               except Error as e:\n1244                   visibility_info = await self.check_visibility(page)\n1245   \n1246 →                 if self.config.verbose:\n1247                       self.logger.debug(\n1248                           message="Body visibility info: {info}",\n1249                           tag="DEBUG",\n1250                           params={"info": visibility_info},\n1251                       )' session_id=None response_headers=None status_code=None ssl_certificate=None


Failed to crawl: https://www.northerncollege.ca/course/we5122-robotic-welding-and-automation/
Result: url='https://www.northerncollege.ca/course/we5122-robotic-welding-and-automation/' html='' success=False cleaned_html=None media={} links={} downloaded_files=None screenshot=None pdf=None markdown=None markdown_v2=None fit_markdown=None fit_html=None extracted_content=None metadata=None error_message='Unexpected error in _crawl_web at line 1246 in _crawl_web (../../.pyenv/versions/3.12.6/lib/python3.12/site-packages/crawl4ai/async_crawler_strategy.py):\nError: \'AsyncPlaywrightCrawlerStrategy\' object has no attribute \'config\'\n\nCode context:\n1241                       raise Error(f"Body element is hidden: {visibility_info}")\n1242   \n1243               except Error as e:\n1244                   visibility_info = await self.check_visibility(page)\n1245   \n1246 →                 if self.config.verbose:\n1247                       self.logger.debug(\n1248                           message="Body visibility info: {info}",\n1249                           tag="DEBUG",\n1250                           params={"info": visibility_info},\n1251                       )' session_id=None response_headers=None status_code=None ssl_certificate=None


Failed to crawl: https://www.northerncollege.ca/course/we6022-international-welding-technologist-option/
Result: url='https://www.northerncollege.ca/course/we6022-international-welding-technologist-option/' html='' success=False cleaned_html=None media={} links={} downloaded_files=None screenshot=None pdf=None markdown=None markdown_v2=None fit_markdown=None fit_html=None extracted_content=None metadata=None error_message='Unexpected error in _crawl_web at line 1246 in _crawl_web (../../.pyenv/versions/3.12.6/lib/python3.12/site-packages/crawl4ai/async_crawler_strategy.py):\nError: \'AsyncPlaywrightCrawlerStrategy\' object has no attribute \'config\'\n\nCode context:\n1241                       raise Error(f"Body element is hidden: {visibility_info}")\n1242   \n1243               except Error as e:\n1244                   visibility_info = await self.check_visibility(page)\n1245   \n1246 →                 if self.config.verbose:\n1247                       self.logger.debug(\n1248                           message="Body visibility info: {info}",\n1249                           tag="DEBUG",\n1250                           params={"info": visibility_info},\n1251                       )' session_id=None response_headers=None status_code=None ssl_certificate=None


Failed to crawl: https://www.northerncollege.ca/course/we6024-welding-metallurgy-iii/
Result: url='https://www.northerncollege.ca/course/we6024-welding-metallurgy-iii/' html='' success=False cleaned_html=None media={} links={} downloaded_files=None screenshot=None pdf=None markdown=None markdown_v2=None fit_markdown=None fit_html=None extracted_content=None metadata=None error_message='Unexpected error in _crawl_web at line 1246 in _crawl_web (../../.pyenv/versions/3.12.6/lib/python3.12/site-packages/crawl4ai/async_crawler_strategy.py):\nError: \'AsyncPlaywrightCrawlerStrategy\' object has no attribute \'config\'\n\nCode context:\n1241                       raise Error(f"Body element is hidden: {visibility_info}")\n1242   \n1243               except Error as e:\n1244                   visibility_info = await self.check_visibility(page)\n1245   \n1246 →                 if self.config.verbose:\n1247                       self.logger.debug(\n1248                           message="Body visibility info: {info}",\n1249                           tag="DEBUG",\n1250                           params={"info": visibility_info},\n1251                       )' session_id=None response_headers=None status_code=None ssl_certificate=None


Failed to crawl: https://www.northerncollege.ca/course/we6034-technical-project-ii/
Result: url='https://www.northerncollege.ca/course/we6034-technical-project-ii/' html='' success=False cleaned_html=None media={} links={} downloaded_files=None screenshot=None pdf=None markdown=None markdown_v2=None fit_markdown=None fit_html=None extracted_content=None metadata=None error_message='Unexpected error in _crawl_web at line 1246 in _crawl_web (../../.pyenv/versions/3.12.6/lib/python3.12/site-packages/crawl4ai/async_crawler_strategy.py):\nError: \'AsyncPlaywrightCrawlerStrategy\' object has no attribute \'config\'\n\nCode context:\n1241                       raise Error(f"Body element is hidden: {visibility_info}")\n1242   \n1243               except Error as e:\n1244                   visibility_info = await self.check_visibility(page)\n1245   \n1246 →                 if self.config.verbose:\n1247                       self.logger.debug(\n1248                           message="Body visibility info: {info}",\n1249                           tag="DEBUG",\n1250                           params={"info": visibility_info},\n1251                       )' session_id=None response_headers=None status_code=None ssl_certificate=None


Failed to crawl: https://www.northerncollege.ca/course/we6074-welding-processes-iv/
Result: url='https://www.northerncollege.ca/course/we6074-welding-processes-iv/' html='' success=False cleaned_html=None media={} links={} downloaded_files=None screenshot=None pdf=None markdown=None markdown_v2=None fit_markdown=None fit_html=None extracted_content=None metadata=None error_message='Unexpected error in _crawl_web at line 1246 in _crawl_web (../../.pyenv/versions/3.12.6/lib/python3.12/site-packages/crawl4ai/async_crawler_strategy.py):\nError: \'AsyncPlaywrightCrawlerStrategy\' object has no attribute \'config\'\n\nCode context:\n1241                       raise Error(f"Body element is hidden: {visibility_info}")\n1242   \n1243               except Error as e:\n1244                   visibility_info = await self.check_visibility(page)\n1245   \n1246 →                 if self.config.verbose:\n1247                       self.logger.debug(\n1248                           message="Body visibility info: {info}",\n1249                           tag="DEBUG",\n1250                           params={"info": visibility_info},\n1251                       )' session_id=None response_headers=None status_code=None ssl_certificate=None


Failed to crawl: https://www.northerncollege.ca/course/wr5032-biosphere-orientation/
Result: url='https://www.northerncollege.ca/course/wr5032-biosphere-orientation/' html='' success=False cleaned_html=None media={} links={} downloaded_files=None screenshot=None pdf=None markdown=None markdown_v2=None fit_markdown=None fit_html=None extracted_content=None metadata=None error_message='Unexpected error in _crawl_web at line 1246 in _crawl_web (../../.pyenv/versions/3.12.6/lib/python3.12/site-packages/crawl4ai/async_crawler_strategy.py):\nError: \'AsyncPlaywrightCrawlerStrategy\' object has no attribute \'config\'\n\nCode context:\n1241                       raise Error(f"Body element is hidden: {visibility_info}")\n1242   \n1243               except Error as e:\n1244                   visibility_info = await self.check_visibility(page)\n1245   \n1246 →                 if self.config.verbose:\n1247                       self.logger.debug(\n1248                           message="Body visibility info: {info}",\n1249                           tag="DEBUG",\n1250                           params={"info": visibility_info},\n1251                       )' session_id=None response_headers=None status_code=None ssl_certificate=None


Failed to crawl: https://www.northerncollege.ca/course/wr5052-wildlife-practical-applications-i/
Result: url='https://www.northerncollege.ca/course/wr5052-wildlife-practical-applications-i/' html='' success=False cleaned_html=None media={} links={} downloaded_files=None screenshot=None pdf=None markdown=None markdown_v2=None fit_markdown=None fit_html=None extracted_content=None metadata=None error_message='Unexpected error in _crawl_web at line 1246 in _crawl_web (../../.pyenv/versions/3.12.6/lib/python3.12/site-packages/crawl4ai/async_crawler_strategy.py):\nError: \'AsyncPlaywrightCrawlerStrategy\' object has no attribute \'config\'\n\nCode context:\n1241                       raise Error(f"Body element is hidden: {visibility_info}")\n1242   \n1243               except Error as e:\n1244                   visibility_info = await self.check_visibility(page)\n1245   \n1246 →                 if self.config.verbose:\n1247                       self.logger.debug(\n1248                           message="Body visibility info: {info}",\n1249                           tag="DEBUG",\n1250                           params={"info": visibility_info},\n1251                       )' session_id=None response_headers=None status_code=None ssl_certificate=None


Failed to crawl: https://www.northerncollege.ca/course/wr5062-wildlife-practical-applications-ii/
Result: url='https://www.northerncollege.ca/course/wr5062-wildlife-practical-applications-ii/' html='' success=False cleaned_html=None media={} links={} downloaded_files=None screenshot=None pdf=None markdown=None markdown_v2=None fit_markdown=None fit_html=None extracted_content=None metadata=None error_message='Unexpected error in _crawl_web at line 1205 in _crawl_web (../../.pyenv/versions/3.12.6/lib/python3.12/site-packages/crawl4ai/async_crawler_strategy.py):\nError: Failed on navigating ACS-GOTO:\nPage.goto: Timeout 60000ms exceeded.\nCall log:\n  - navigating to "https://www.northerncollege.ca/course/wr5062-wildlife-practical-applications-ii/", waiting until "domcontentloaded"\n\n\nCode context:\n1200   \n1201                       response = await page.goto(\n1202                           url, wait_until=config.wait_until, timeout=config.page_timeout\n1203                       )\n1204                   except Error as e:\n1205 →                     raise RuntimeError(f"Failed on navigating ACS-GOTO:\\n{str(e)}")\n1206   \n1207                   await self.execute_hook("after_goto", page, context=context, url=url, response=response)\n1208   \n1209                   if response is None:\n1210                       status_code = 200' session_id=None response_headers=None status_code=None ssl_certificate=None


Failed to crawl: https://www.northerncollege.ca/course/wr5063-wildlife-care-ii/
Result: url='https://www.northerncollege.ca/course/wr5063-wildlife-care-ii/' html='' success=False cleaned_html=None media={} links={} downloaded_files=None screenshot=None pdf=None markdown=None markdown_v2=None fit_markdown=None fit_html=None extracted_content=None metadata=None error_message='Unexpected error in _crawl_web at line 1246 in _crawl_web (../../.pyenv/versions/3.12.6/lib/python3.12/site-packages/crawl4ai/async_crawler_strategy.py):\nError: \'AsyncPlaywrightCrawlerStrategy\' object has no attribute \'config\'\n\nCode context:\n1241                       raise Error(f"Body element is hidden: {visibility_info}")\n1242   \n1243               except Error as e:\n1244                   visibility_info = await self.check_visibility(page)\n1245   \n1246 →                 if self.config.verbose:\n1247                       self.logger.debug(\n1248                           message="Body visibility info: {info}",\n1249                           tag="DEBUG",\n1250                           params={"info": visibility_info},\n1251                       )' session_id=None response_headers=None status_code=None ssl_certificate=None


Failed to crawl: https://www.northerncollege.ca/course/wr6003-wildlife-nutrition/
Result: url='https://www.northerncollege.ca/course/wr6003-wildlife-nutrition/' html='' success=False cleaned_html=None media={} links={} downloaded_files=None screenshot=None pdf=None markdown=None markdown_v2=None fit_markdown=None fit_html=None extracted_content=None metadata=None error_message='Unexpected error in _crawl_web at line 1246 in _crawl_web (../../.pyenv/versions/3.12.6/lib/python3.12/site-packages/crawl4ai/async_crawler_strategy.py):\nError: \'AsyncPlaywrightCrawlerStrategy\' object has no attribute \'config\'\n\nCode context:\n1241                       raise Error(f"Body element is hidden: {visibility_info}")\n1242   \n1243               except Error as e:\n1244                   visibility_info = await self.check_visibility(page)\n1245   \n1246 →                 if self.config.verbose:\n1247                       self.logger.debug(\n1248                           message="Body visibility info: {info}",\n1249                           tag="DEBUG",\n1250                           params={"info": visibility_info},\n1251                       )' session_id=None response_headers=None status_code=None ssl_certificate=None


Failed to crawl: https://www.northerncollege.ca/course/wr6022-offences-against-wildlife/
Result: url='https://www.northerncollege.ca/course/wr6022-offences-against-wildlife/' html='' success=False cleaned_html=None media={} links={} downloaded_files=None screenshot=None pdf=None markdown=None markdown_v2=None fit_markdown=None fit_html=None extracted_content=None metadata=None error_message='Unexpected error in _crawl_web at line 1246 in _crawl_web (../../.pyenv/versions/3.12.6/lib/python3.12/site-packages/crawl4ai/async_crawler_strategy.py):\nError: \'AsyncPlaywrightCrawlerStrategy\' object has no attribute \'config\'\n\nCode context:\n1241                       raise Error(f"Body element is hidden: {visibility_info}")\n1242   \n1243               except Error as e:\n1244                   visibility_info = await self.check_visibility(page)\n1245   \n1246 →                 if self.config.verbose:\n1247                       self.logger.debug(\n1248                           message="Body visibility info: {info}",\n1249                           tag="DEBUG",\n1250                           params={"info": visibility_info},\n1251                       )' session_id=None response_headers=None status_code=None ssl_certificate=None


Failed to crawl: https://www.northerncollege.ca/course/wr6032-outreach-programming-promotion/
Result: url='https://www.northerncollege.ca/course/wr6032-outreach-programming-promotion/' html='' success=False cleaned_html=None media={} links={} downloaded_files=None screenshot=None pdf=None markdown=None markdown_v2=None fit_markdown=None fit_html=None extracted_content=None metadata=None error_message='Unexpected error in _crawl_web at line 1246 in _crawl_web (../../.pyenv/versions/3.12.6/lib/python3.12/site-packages/crawl4ai/async_crawler_strategy.py):\nError: \'AsyncPlaywrightCrawlerStrategy\' object has no attribute \'config\'\n\nCode context:\n1241                       raise Error(f"Body element is hidden: {visibility_info}")\n1242   \n1243               except Error as e:\n1244                   visibility_info = await self.check_visibility(page)\n1245   \n1246 →                 if self.config.verbose:\n1247                       self.logger.debug(\n1248                           message="Body visibility info: {info}",\n1249                           tag="DEBUG",\n1250                           params={"info": visibility_info},\n1251                       )' session_id=None response_headers=None status_code=None ssl_certificate=None


Failed to crawl: https://www.northerncollege.ca/course/wr6001-field-placement-wildlife-rehab/
Result: url='https://www.northerncollege.ca/course/wr6001-field-placement-wildlife-rehab/' html='' success=False cleaned_html=None media={} links={} downloaded_files=None screenshot=None pdf=None markdown=None markdown_v2=None fit_markdown=None fit_html=None extracted_content=None metadata=None error_message='Unexpected error in _crawl_web at line 1246 in _crawl_web (../../.pyenv/versions/3.12.6/lib/python3.12/site-packages/crawl4ai/async_crawler_strategy.py):\nError: \'AsyncPlaywrightCrawlerStrategy\' object has no attribute \'config\'\n\nCode context:\n1241                       raise Error(f"Body element is hidden: {visibility_info}")\n1242   \n1243               except Error as e:\n1244                   visibility_info = await self.check_visibility(page)\n1245   \n1246 →                 if self.config.verbose:\n1247                       self.logger.debug(\n1248                           message="Body visibility info: {info}",\n1249                           tag="DEBUG",\n1250                           params={"info": visibility_info},\n1251                       )' session_id=None response_headers=None status_code=None ssl_certificate=None


Failed to crawl: https://www.northerncollege.ca/course/bu4113-project-management-2/
Result: url='https://www.northerncollege.ca/course/bu4113-project-management-2/' html='' success=False cleaned_html=None media={} links={} downloaded_files=None screenshot=None pdf=None markdown=None markdown_v2=None fit_markdown=None fit_html=None extracted_content=None metadata=None error_message='Unexpected error in _crawl_web at line 1205 in _crawl_web (../../.pyenv/versions/3.12.6/lib/python3.12/site-packages/crawl4ai/async_crawler_strategy.py):\nError: Failed on navigating ACS-GOTO:\nPage.goto: Timeout 60000ms exceeded.\nCall log:\n  - navigating to "https://www.northerncollege.ca/course/bu4113-project-management-2/", waiting until "domcontentloaded"\n\n\nCode context:\n1200   \n1201                       response = await page.goto(\n1202                           url, wait_until=config.wait_until, timeout=config.page_timeout\n1203                       )\n1204                   except Error as e:\n1205 →                     raise RuntimeError(f"Failed on navigating ACS-GOTO:\\n{str(e)}")\n1206   \n1207                   await self.execute_hook("after_goto", page, context=context, url=url, response=response)\n1208   \n1209                   if response is None:\n1210                       status_code = 200' session_id=None response_headers=None status_code=None ssl_certificate=None


Failed to crawl: https://www.northerncollege.ca/course/bu4084-business-simulation/
Result: url='https://www.northerncollege.ca/course/bu4084-business-simulation/' html='' success=False cleaned_html=None media={} links={} downloaded_files=None screenshot=None pdf=None markdown=None markdown_v2=None fit_markdown=None fit_html=None extracted_content=None metadata=None error_message='Unexpected error in _crawl_web at line 1246 in _crawl_web (../../.pyenv/versions/3.12.6/lib/python3.12/site-packages/crawl4ai/async_crawler_strategy.py):\nError: \'AsyncPlaywrightCrawlerStrategy\' object has no attribute \'config\'\n\nCode context:\n1241                       raise Error(f"Body element is hidden: {visibility_info}")\n1242   \n1243               except Error as e:\n1244                   visibility_info = await self.check_visibility(page)\n1245   \n1246 →                 if self.config.verbose:\n1247                       self.logger.debug(\n1248                           message="Body visibility info: {info}",\n1249                           tag="DEBUG",\n1250                           params={"info": visibility_info},\n1251                       )' session_id=None response_headers=None status_code=None ssl_certificate=None


Failed to crawl: https://www.northerncollege.ca/course/bu4053-corporate-social-responsibility/
Result: url='https://www.northerncollege.ca/course/bu4053-corporate-social-responsibility/' html='' success=False cleaned_html=None media={} links={} downloaded_files=None screenshot=None pdf=None markdown=None markdown_v2=None fit_markdown=None fit_html=None extracted_content=None metadata=None error_message='Unexpected error in _crawl_web at line 1246 in _crawl_web (../../.pyenv/versions/3.12.6/lib/python3.12/site-packages/crawl4ai/async_crawler_strategy.py):\nError: \'AsyncPlaywrightCrawlerStrategy\' object has no attribute \'config\'\n\nCode context:\n1241                       raise Error(f"Body element is hidden: {visibility_info}")\n1242   \n1243               except Error as e:\n1244                   visibility_info = await self.check_visibility(page)\n1245   \n1246 →                 if self.config.verbose:\n1247                       self.logger.debug(\n1248                           message="Body visibility info: {info}",\n1249                           tag="DEBUG",\n1250                           params={"info": visibility_info},\n1251                       )' session_id=None response_headers=None status_code=None ssl_certificate=None


Failed to crawl: https://www.northerncollege.ca/course/ac1043-accounting-applications/
Result: url='https://www.northerncollege.ca/course/ac1043-accounting-applications/' html='' success=False cleaned_html=None media={} links={} downloaded_files=None screenshot=None pdf=None markdown=None markdown_v2=None fit_markdown=None fit_html=None extracted_content=None metadata=None error_message='Unexpected error in _crawl_web at line 1246 in _crawl_web (../../.pyenv/versions/3.12.6/lib/python3.12/site-packages/crawl4ai/async_crawler_strategy.py):\nError: \'AsyncPlaywrightCrawlerStrategy\' object has no attribute \'config\'\n\nCode context:\n1241                       raise Error(f"Body element is hidden: {visibility_info}")\n1242   \n1243               except Error as e:\n1244                   visibility_info = await self.check_visibility(page)\n1245   \n1246 →                 if self.config.verbose:\n1247                       self.logger.debug(\n1248                           message="Body visibility info: {info}",\n1249                           tag="DEBUG",\n1250                           params={"info": visibility_info},\n1251                       )' session_id=None response_headers=None status_code=None ssl_certificate=None


Failed to crawl: https://www.northerncollege.ca/course/ph2013-critical-thinking/
Result: url='https://www.northerncollege.ca/course/ph2013-critical-thinking/' html='' success=False cleaned_html=None media={} links={} downloaded_files=None screenshot=None pdf=None markdown=None markdown_v2=None fit_markdown=None fit_html=None extracted_content=None metadata=None error_message='Unexpected error in _crawl_web at line 1246 in _crawl_web (../../.pyenv/versions/3.12.6/lib/python3.12/site-packages/crawl4ai/async_crawler_strategy.py):\nError: \'AsyncPlaywrightCrawlerStrategy\' object has no attribute \'config\'\n\nCode context:\n1241                       raise Error(f"Body element is hidden: {visibility_info}")\n1242   \n1243               except Error as e:\n1244                   visibility_info = await self.check_visibility(page)\n1245   \n1246 →                 if self.config.verbose:\n1247                       self.logger.debug(\n1248                           message="Body visibility info: {info}",\n1249                           tag="DEBUG",\n1250                           params={"info": visibility_info},\n1251                       )' session_id=None response_headers=None status_code=None ssl_certificate=None


Failed to crawl: https://www.northerncollege.ca/course/pl4003-legal-research/
Result: url='https://www.northerncollege.ca/course/pl4003-legal-research/' html='' success=False cleaned_html=None media={} links={} downloaded_files=None screenshot=None pdf=None markdown=None markdown_v2=None fit_markdown=None fit_html=None extracted_content=None metadata=None error_message='Unexpected error in _crawl_web at line 1246 in _crawl_web (../../.pyenv/versions/3.12.6/lib/python3.12/site-packages/crawl4ai/async_crawler_strategy.py):\nError: \'AsyncPlaywrightCrawlerStrategy\' object has no attribute \'config\'\n\nCode context:\n1241                       raise Error(f"Body element is hidden: {visibility_info}")\n1242   \n1243               except Error as e:\n1244                   visibility_info = await self.check_visibility(page)\n1245   \n1246 →                 if self.config.verbose:\n1247                       self.logger.debug(\n1248                           message="Body visibility info: {info}",\n1249                           tag="DEBUG",\n1250                           params={"info": visibility_info},\n1251                       )' session_id=None response_headers=None status_code=None ssl_certificate=None


Failed to crawl: https://www.northerncollege.ca/course/cm1903-communications-i-model-a-2/
Result: url='https://www.northerncollege.ca/course/cm1903-communications-i-model-a-2/' html='' success=False cleaned_html=None media={} links={} downloaded_files=None screenshot=None pdf=None markdown=None markdown_v2=None fit_markdown=None fit_html=None extracted_content=None metadata=None error_message='Unexpected error in _crawl_web at line 1246 in _crawl_web (../../.pyenv/versions/3.12.6/lib/python3.12/site-packages/crawl4ai/async_crawler_strategy.py):\nError: \'AsyncPlaywrightCrawlerStrategy\' object has no attribute \'config\'\n\nCode context:\n1241                       raise Error(f"Body element is hidden: {visibility_info}")\n1242   \n1243               except Error as e:\n1244                   visibility_info = await self.check_visibility(page)\n1245   \n1246 →                 if self.config.verbose:\n1247                       self.logger.debug(\n1248                           message="Body visibility info: {info}",\n1249                           tag="DEBUG",\n1250                           params={"info": visibility_info},\n1251                       )' session_id=None response_headers=None status_code=None ssl_certificate=None


Failed to crawl: https://www.northerncollege.ca/course/sw2033-crisis-intervention/
Result: url='https://www.northerncollege.ca/course/sw2033-crisis-intervention/' html='' success=False cleaned_html=None media={} links={} downloaded_files=None screenshot=None pdf=None markdown=None markdown_v2=None fit_markdown=None fit_html=None extracted_content=None metadata=None error_message='Unexpected error in _crawl_web at line 1246 in _crawl_web (../../.pyenv/versions/3.12.6/lib/python3.12/site-packages/crawl4ai/async_crawler_strategy.py):\nError: \'AsyncPlaywrightCrawlerStrategy\' object has no attribute \'config\'\n\nCode context:\n1241                       raise Error(f"Body element is hidden: {visibility_info}")\n1242   \n1243               except Error as e:\n1244                   visibility_info = await self.check_visibility(page)\n1245   \n1246 →                 if self.config.verbose:\n1247                       self.logger.debug(\n1248                           message="Body visibility info: {info}",\n1249                           tag="DEBUG",\n1250                           params={"info": visibility_info},\n1251                       )' session_id=None response_headers=None status_code=None ssl_certificate=None


Failed to crawl: https://www.northerncollege.ca/course/bu2012-introduction-to-business-management/
Result: url='https://www.northerncollege.ca/course/bu2012-introduction-to-business-management/' html='' success=False cleaned_html=None media={} links={} downloaded_files=None screenshot=None pdf=None markdown=None markdown_v2=None fit_markdown=None fit_html=None extracted_content=None metadata=None error_message='Unexpected error in _crawl_web at line 1246 in _crawl_web (../../.pyenv/versions/3.12.6/lib/python3.12/site-packages/crawl4ai/async_crawler_strategy.py):\nError: \'AsyncPlaywrightCrawlerStrategy\' object has no attribute \'config\'\n\nCode context:\n1241                       raise Error(f"Body element is hidden: {visibility_info}")\n1242   \n1243               except Error as e:\n1244                   visibility_info = await self.check_visibility(page)\n1245   \n1246 →                 if self.config.verbose:\n1247                       self.logger.debug(\n1248                           message="Body visibility info: {info}",\n1249                           tag="DEBUG",\n1250                           params={"info": visibility_info},\n1251                       )' session_id=None response_headers=None status_code=None ssl_certificate=None


Failed to crawl: https://www.northerncollege.ca/course/bu1073-introduction-to-business-management-and-organizational-behaviour/
Result: url='https://www.northerncollege.ca/course/bu1073-introduction-to-business-management-and-organizational-behaviour/' html='' success=False cleaned_html=None media={} links={} downloaded_files=None screenshot=None pdf=None markdown=None markdown_v2=None fit_markdown=None fit_html=None extracted_content=None metadata=None error_message='Unexpected error in _crawl_web at line 1246 in _crawl_web (../../.pyenv/versions/3.12.6/lib/python3.12/site-packages/crawl4ai/async_crawler_strategy.py):\nError: \'AsyncPlaywrightCrawlerStrategy\' object has no attribute \'config\'\n\nCode context:\n1241                       raise Error(f"Body element is hidden: {visibility_info}")\n1242   \n1243               except Error as e:\n1244                   visibility_info = await self.check_visibility(page)\n1245   \n1246 →                 if self.config.verbose:\n1247                       self.logger.debug(\n1248                           message="Body visibility info: {info}",\n1249                           tag="DEBUG",\n1250                           params={"info": visibility_info},\n1251                       )' session_id=None response_headers=None status_code=None ssl_certificate=None


Failed to crawl: https://www.northerncollege.ca/course/bu1074-human-resource-management/
Result: url='https://www.northerncollege.ca/course/bu1074-human-resource-management/' html='' success=False cleaned_html=None media={} links={} downloaded_files=None screenshot=None pdf=None markdown=None markdown_v2=None fit_markdown=None fit_html=None extracted_content=None metadata=None error_message='Unexpected error in _crawl_web at line 1246 in _crawl_web (../../.pyenv/versions/3.12.6/lib/python3.12/site-packages/crawl4ai/async_crawler_strategy.py):\nError: \'AsyncPlaywrightCrawlerStrategy\' object has no attribute \'config\'\n\nCode context:\n1241                       raise Error(f"Body element is hidden: {visibility_info}")\n1242   \n1243               except Error as e:\n1244                   visibility_info = await self.check_visibility(page)\n1245   \n1246 →                 if self.config.verbose:\n1247                       self.logger.debug(\n1248                           message="Body visibility info: {info}",\n1249                           tag="DEBUG",\n1250                           params={"info": visibility_info},\n1251                       )' session_id=None response_headers=None status_code=None ssl_certificate=None


Failed to crawl: https://www.northerncollege.ca/course/mr1033-introduction-to-marketing/
Result: url='https://www.northerncollege.ca/course/mr1033-introduction-to-marketing/' html='' success=False cleaned_html=None media={} links={} downloaded_files=None screenshot=None pdf=None markdown=None markdown_v2=None fit_markdown=None fit_html=None extracted_content=None metadata=None error_message='Unexpected error in _crawl_web at line 1246 in _crawl_web (../../.pyenv/versions/3.12.6/lib/python3.12/site-packages/crawl4ai/async_crawler_strategy.py):\nError: \'AsyncPlaywrightCrawlerStrategy\' object has no attribute \'config\'\n\nCode context:\n1241                       raise Error(f"Body element is hidden: {visibility_info}")\n1242   \n1243               except Error as e:\n1244                   visibility_info = await self.check_visibility(page)\n1245   \n1246 →                 if self.config.verbose:\n1247                       self.logger.debug(\n1248                           message="Body visibility info: {info}",\n1249                           tag="DEBUG",\n1250                           params={"info": visibility_info},\n1251                       )' session_id=None response_headers=None status_code=None ssl_certificate=None


Failed to crawl: https://www.northerncollege.ca/course/ps1163-developmental-psychology-gen-ed/
Result: url='https://www.northerncollege.ca/course/ps1163-developmental-psychology-gen-ed/' html='' success=False cleaned_html=None media={} links={} downloaded_files=None screenshot=None pdf=None markdown=None markdown_v2=None fit_markdown=None fit_html=None extracted_content=None metadata=None error_message='Unexpected error in _crawl_web at line 1246 in _crawl_web (../../.pyenv/versions/3.12.6/lib/python3.12/site-packages/crawl4ai/async_crawler_strategy.py):\nError: \'AsyncPlaywrightCrawlerStrategy\' object has no attribute \'config\'\n\nCode context:\n1241                       raise Error(f"Body element is hidden: {visibility_info}")\n1242   \n1243               except Error as e:\n1244                   visibility_info = await self.check_visibility(page)\n1245   \n1246 →                 if self.config.verbose:\n1247                       self.logger.debug(\n1248                           message="Body visibility info: {info}",\n1249                           tag="DEBUG",\n1250                           params={"info": visibility_info},\n1251                       )' session_id=None response_headers=None status_code=None ssl_certificate=None


Failed to crawl: https://www.northerncollege.ca/course/fundamentals-of-neurological-structures/
Result: url='https://www.northerncollege.ca/course/fundamentals-of-neurological-structures/' html='' success=False cleaned_html=None media={} links={} downloaded_files=None screenshot=None pdf=None markdown=None markdown_v2=None fit_markdown=None fit_html=None extracted_content=None metadata=None error_message='Unexpected error in _crawl_web at line 1246 in _crawl_web (../../.pyenv/versions/3.12.6/lib/python3.12/site-packages/crawl4ai/async_crawler_strategy.py):\nError: \'AsyncPlaywrightCrawlerStrategy\' object has no attribute \'config\'\n\nCode context:\n1241                       raise Error(f"Body element is hidden: {visibility_info}")\n1242   \n1243               except Error as e:\n1244                   visibility_info = await self.check_visibility(page)\n1245   \n1246 →                 if self.config.verbose:\n1247                       self.logger.debug(\n1248                           message="Body visibility info: {info}",\n1249                           tag="DEBUG",\n1250                           params={"info": visibility_info},\n1251                       )' session_id=None response_headers=None status_code=None ssl_certificate=None


Failed to crawl: https://www.northerncollege.ca/course/communication-and-function/
Result: url='https://www.northerncollege.ca/course/communication-and-function/' html='' success=False cleaned_html=None media={} links={} downloaded_files=None screenshot=None pdf=None markdown=None markdown_v2=None fit_markdown=None fit_html=None extracted_content=None metadata=None error_message='Unexpected error in _crawl_web at line 1246 in _crawl_web (../../.pyenv/versions/3.12.6/lib/python3.12/site-packages/crawl4ai/async_crawler_strategy.py):\nError: \'AsyncPlaywrightCrawlerStrategy\' object has no attribute \'config\'\n\nCode context:\n1241                       raise Error(f"Body element is hidden: {visibility_info}")\n1242   \n1243               except Error as e:\n1244                   visibility_info = await self.check_visibility(page)\n1245   \n1246 →                 if self.config.verbose:\n1247                       self.logger.debug(\n1248                           message="Body visibility info: {info}",\n1249                           tag="DEBUG",\n1250                           params={"info": visibility_info},\n1251                       )' session_id=None response_headers=None status_code=None ssl_certificate=None


Failed to crawl: https://www.northerncollege.ca/course/construction-and-design-i/
Result: url='https://www.northerncollege.ca/course/construction-and-design-i/' html='' success=False cleaned_html=None media={} links={} downloaded_files=None screenshot=None pdf=None markdown=None markdown_v2=None fit_markdown=None fit_html=None extracted_content=None metadata=None error_message='Unexpected error in _crawl_web at line 1246 in _crawl_web (../../.pyenv/versions/3.12.6/lib/python3.12/site-packages/crawl4ai/async_crawler_strategy.py):\nError: \'AsyncPlaywrightCrawlerStrategy\' object has no attribute \'config\'\n\nCode context:\n1241                       raise Error(f"Body element is hidden: {visibility_info}")\n1242   \n1243               except Error as e:\n1244                   visibility_info = await self.check_visibility(page)\n1245   \n1246 →                 if self.config.verbose:\n1247                       self.logger.debug(\n1248                           message="Body visibility info: {info}",\n1249                           tag="DEBUG",\n1250                           params={"info": visibility_info},\n1251                       )' session_id=None response_headers=None status_code=None ssl_certificate=None


Failed to crawl: https://www.northerncollege.ca/course/construction-and-design-iii/
Result: url='https://www.northerncollege.ca/course/construction-and-design-iii/' html='' success=False cleaned_html=None media={} links={} downloaded_files=None screenshot=None pdf=None markdown=None markdown_v2=None fit_markdown=None fit_html=None extracted_content=None metadata=None error_message='Unexpected error in _crawl_web at line 1246 in _crawl_web (../../.pyenv/versions/3.12.6/lib/python3.12/site-packages/crawl4ai/async_crawler_strategy.py):\nError: \'AsyncPlaywrightCrawlerStrategy\' object has no attribute \'config\'\n\nCode context:\n1241                       raise Error(f"Body element is hidden: {visibility_info}")\n1242   \n1243               except Error as e:\n1244                   visibility_info = await self.check_visibility(page)\n1245   \n1246 →                 if self.config.verbose:\n1247                       self.logger.debug(\n1248                           message="Body visibility info: {info}",\n1249                           tag="DEBUG",\n1250                           params={"info": visibility_info},\n1251                       )' session_id=None response_headers=None status_code=None ssl_certificate=None


Failed to crawl: https://www.northerncollege.ca/course/fabrication-and-applications-engineering-i/
Result: url='https://www.northerncollege.ca/course/fabrication-and-applications-engineering-i/' html='' success=False cleaned_html=None media={} links={} downloaded_files=None screenshot=None pdf=None markdown=None markdown_v2=None fit_markdown=None fit_html=None extracted_content=None metadata=None error_message='Unexpected error in _crawl_web at line 1246 in _crawl_web (../../.pyenv/versions/3.12.6/lib/python3.12/site-packages/crawl4ai/async_crawler_strategy.py):\nError: \'AsyncPlaywrightCrawlerStrategy\' object has no attribute \'config\'\n\nCode context:\n1241                       raise Error(f"Body element is hidden: {visibility_info}")\n1242   \n1243               except Error as e:\n1244                   visibility_info = await self.check_visibility(page)\n1245   \n1246 →                 if self.config.verbose:\n1247                       self.logger.debug(\n1248                           message="Body visibility info: {info}",\n1249                           tag="DEBUG",\n1250                           params={"info": visibility_info},\n1251                       )' session_id=None response_headers=None status_code=None ssl_certificate=None


Failed to crawl: https://www.northerncollege.ca/course/fabrication-and-applications-engineering-ii/
Result: url='https://www.northerncollege.ca/course/fabrication-and-applications-engineering-ii/' html='' success=False cleaned_html=None media={} links={} downloaded_files=None screenshot=None pdf=None markdown=None markdown_v2=None fit_markdown=None fit_html=None extracted_content=None metadata=None error_message='Unexpected error in _crawl_web at line 1246 in _crawl_web (../../.pyenv/versions/3.12.6/lib/python3.12/site-packages/crawl4ai/async_crawler_strategy.py):\nError: \'AsyncPlaywrightCrawlerStrategy\' object has no attribute \'config\'\n\nCode context:\n1241                       raise Error(f"Body element is hidden: {visibility_info}")\n1242   \n1243               except Error as e:\n1244                   visibility_info = await self.check_visibility(page)\n1245   \n1246 →                 if self.config.verbose:\n1247                       self.logger.debug(\n1248                           message="Body visibility info: {info}",\n1249                           tag="DEBUG",\n1250                           params={"info": visibility_info},\n1251                       )' session_id=None response_headers=None status_code=None ssl_certificate=None


Failed to crawl: https://www.northerncollege.ca/course/welding-metallurgy-iv/
Result: url='https://www.northerncollege.ca/course/welding-metallurgy-iv/' html='' success=False cleaned_html=None media={} links={} downloaded_files=None screenshot=None pdf=None markdown=None markdown_v2=None fit_markdown=None fit_html=None extracted_content=None metadata=None error_message='Unexpected error in _crawl_web at line 1246 in _crawl_web (../../.pyenv/versions/3.12.6/lib/python3.12/site-packages/crawl4ai/async_crawler_strategy.py):\nError: \'AsyncPlaywrightCrawlerStrategy\' object has no attribute \'config\'\n\nCode context:\n1241                       raise Error(f"Body element is hidden: {visibility_info}")\n1242   \n1243               except Error as e:\n1244                   visibility_info = await self.check_visibility(page)\n1245   \n1246 →                 if self.config.verbose:\n1247                       self.logger.debug(\n1248                           message="Body visibility info: {info}",\n1249                           tag="DEBUG",\n1250                           params={"info": visibility_info},\n1251                       )' session_id=None response_headers=None status_code=None ssl_certificate=None


Failed to crawl: https://www.northerncollege.ca/course/welding-practical/
Result: url='https://www.northerncollege.ca/course/welding-practical/' html='' success=False cleaned_html=None media={} links={} downloaded_files=None screenshot=None pdf=None markdown=None markdown_v2=None fit_markdown=None fit_html=None extracted_content=None metadata=None error_message='Unexpected error in _crawl_web at line 1246 in _crawl_web (../../.pyenv/versions/3.12.6/lib/python3.12/site-packages/crawl4ai/async_crawler_strategy.py):\nError: \'AsyncPlaywrightCrawlerStrategy\' object has no attribute \'config\'\n\nCode context:\n1241                       raise Error(f"Body element is hidden: {visibility_info}")\n1242   \n1243               except Error as e:\n1244                   visibility_info = await self.check_visibility(page)\n1245   \n1246 →                 if self.config.verbose:\n1247                       self.logger.debug(\n1248                           message="Body visibility info: {info}",\n1249                           tag="DEBUG",\n1250                           params={"info": visibility_info},\n1251                       )' session_id=None response_headers=None status_code=None ssl_certificate=None


Failed to crawl: https://www.northerncollege.ca/course/cosc1047-introduction-to-computer-science-ii/
Result: url='https://www.northerncollege.ca/course/cosc1047-introduction-to-computer-science-ii/' html='' success=False cleaned_html=None media={} links={} downloaded_files=None screenshot=None pdf=None markdown=None markdown_v2=None fit_markdown=None fit_html=None extracted_content=None metadata=None error_message='Unexpected error in _crawl_web at line 1246 in _crawl_web (../../.pyenv/versions/3.12.6/lib/python3.12/site-packages/crawl4ai/async_crawler_strategy.py):\nError: \'AsyncPlaywrightCrawlerStrategy\' object has no attribute \'config\'\n\nCode context:\n1241                       raise Error(f"Body element is hidden: {visibility_info}")\n1242   \n1243               except Error as e:\n1244                   visibility_info = await self.check_visibility(page)\n1245   \n1246 →                 if self.config.verbose:\n1247                       self.logger.debug(\n1248                           message="Body visibility info: {info}",\n1249                           tag="DEBUG",\n1250                           params={"info": visibility_info},\n1251                       )' session_id=None response_headers=None status_code=None ssl_certificate=None


Failed to crawl: https://www.northerncollege.ca/course/math1056-discrete-mathematics-i/
Result: url='https://www.northerncollege.ca/course/math1056-discrete-mathematics-i/' html='' success=False cleaned_html=None media={} links={} downloaded_files=None screenshot=None pdf=None markdown=None markdown_v2=None fit_markdown=None fit_html=None extracted_content=None metadata=None error_message='Unexpected error in _crawl_web at line 1205 in _crawl_web (../../.pyenv/versions/3.12.6/lib/python3.12/site-packages/crawl4ai/async_crawler_strategy.py):\nError: Failed on navigating ACS-GOTO:\nPage.goto: Timeout 60000ms exceeded.\nCall log:\n  - navigating to "https://www.northerncollege.ca/course/math1056-discrete-mathematics-i/", waiting until "domcontentloaded"\n\n\nCode context:\n1200   \n1201                       response = await page.goto(\n1202                           url, wait_until=config.wait_until, timeout=config.page_timeout\n1203                       )\n1204                   except Error as e:\n1205 →                     raise RuntimeError(f"Failed on navigating ACS-GOTO:\\n{str(e)}")\n1206   \n1207                   await self.execute_hook("after_goto", page, context=context, url=url, response=response)\n1208   \n1209                   if response is None:\n1210                       status_code = 200' session_id=None response_headers=None status_code=None ssl_certificate=None


Failed to crawl: https://www.northerncollege.ca/course/cosc2006-data-structures-i/
Result: url='https://www.northerncollege.ca/course/cosc2006-data-structures-i/' html='' success=False cleaned_html=None media={} links={} downloaded_files=None screenshot=None pdf=None markdown=None markdown_v2=None fit_markdown=None fit_html=None extracted_content=None metadata=None error_message='Unexpected error in _crawl_web at line 1205 in _crawl_web (../../.pyenv/versions/3.12.6/lib/python3.12/site-packages/crawl4ai/async_crawler_strategy.py):\nError: Failed on navigating ACS-GOTO:\nPage.goto: Timeout 60000ms exceeded.\nCall log:\n  - navigating to "https://www.northerncollege.ca/course/cosc2006-data-structures-i/", waiting until "domcontentloaded"\n\n\nCode context:\n1200   \n1201                       response = await page.goto(\n1202                           url, wait_until=config.wait_until, timeout=config.page_timeout\n1203                       )\n1204                   except Error as e:\n1205 →                     raise RuntimeError(f"Failed on navigating ACS-GOTO:\\n{str(e)}")\n1206   \n1207                   await self.execute_hook("after_goto", page, context=context, url=url, response=response)\n1208   \n1209                   if response is None:\n1210                       status_code = 200' session_id=None response_headers=None status_code=None ssl_certificate=None


Failed to crawl: https://www.northerncollege.ca/course/cosc2007-data-structures-ii/
Result: url='https://www.northerncollege.ca/course/cosc2007-data-structures-ii/' html='' success=False cleaned_html=None media={} links={} downloaded_files=None screenshot=None pdf=None markdown=None markdown_v2=None fit_markdown=None fit_html=None extracted_content=None metadata=None error_message='Unexpected error in _crawl_web at line 1205 in _crawl_web (../../.pyenv/versions/3.12.6/lib/python3.12/site-packages/crawl4ai/async_crawler_strategy.py):\nError: Failed on navigating ACS-GOTO:\nPage.goto: Timeout 60000ms exceeded.\nCall log:\n  - navigating to "https://www.northerncollege.ca/course/cosc2007-data-structures-ii/", waiting until "domcontentloaded"\n\n\nCode context:\n1200   \n1201                       response = await page.goto(\n1202                           url, wait_until=config.wait_until, timeout=config.page_timeout\n1203                       )\n1204                   except Error as e:\n1205 →                     raise RuntimeError(f"Failed on navigating ACS-GOTO:\\n{str(e)}")\n1206   \n1207                   await self.execute_hook("after_goto", page, context=context, url=url, response=response)\n1208   \n1209                   if response is None:\n1210                       status_code = 200' session_id=None response_headers=None status_code=None ssl_certificate=None


Failed to crawl: https://www.northerncollege.ca/course/cosc2406-assembly-language-programming/
Result: url='https://www.northerncollege.ca/course/cosc2406-assembly-language-programming/' html='' success=False cleaned_html=None media={} links={} downloaded_files=None screenshot=None pdf=None markdown=None markdown_v2=None fit_markdown=None fit_html=None extracted_content=None metadata=None error_message='Unexpected error in _crawl_web at line 1205 in _crawl_web (../../.pyenv/versions/3.12.6/lib/python3.12/site-packages/crawl4ai/async_crawler_strategy.py):\nError: Failed on navigating ACS-GOTO:\nPage.goto: Timeout 60000ms exceeded.\nCall log:\n  - navigating to "https://www.northerncollege.ca/course/cosc2406-assembly-language-programming/", waiting until "domcontentloaded"\n\n\nCode context:\n1200   \n1201                       response = await page.goto(\n1202                           url, wait_until=config.wait_until, timeout=config.page_timeout\n1203                       )\n1204                   except Error as e:\n1205 →                     raise RuntimeError(f"Failed on navigating ACS-GOTO:\\n{str(e)}")\n1206   \n1207                   await self.execute_hook("after_goto", page, context=context, url=url, response=response)\n1208   \n1209                   if response is None:\n1210                       status_code = 200' session_id=None response_headers=None status_code=None ssl_certificate=None


Failed to crawl: https://www.northerncollege.ca/course/cosc-3106-theory-of-computing-or-cosc-3407-operating/
Result: url='https://www.northerncollege.ca/course/cosc-3106-theory-of-computing-or-cosc-3407-operating/' html='' success=False cleaned_html=None media={} links={} downloaded_files=None screenshot=None pdf=None markdown=None markdown_v2=None fit_markdown=None fit_html=None extracted_content=None metadata=None error_message='Unexpected error in _crawl_web at line 1205 in _crawl_web (../../.pyenv/versions/3.12.6/lib/python3.12/site-packages/crawl4ai/async_crawler_strategy.py):\nError: Failed on navigating ACS-GOTO:\nPage.goto: Timeout 60000ms exceeded.\nCall log:\n  - navigating to "https://www.northerncollege.ca/course/cosc-3106-theory-of-computing-or-cosc-3407-operating/", waiting until "domcontentloaded"\n\n\nCode context:\n1200   \n1201                       response = await page.goto(\n1202                           url, wait_until=config.wait_until, timeout=config.page_timeout\n1203                       )\n1204                   except Error as e:\n1205 →                     raise RuntimeError(f"Failed on navigating ACS-GOTO:\\n{str(e)}")\n1206   \n1207                   await self.execute_hook("after_goto", page, context=context, url=url, response=response)\n1208   \n1209                   if response is None:\n1210                       status_code = 200' session_id=None response_headers=None status_code=None ssl_certificate=None


Failed to crawl: https://www.northerncollege.ca/course/math-2056-discrete-mathematics-ii/
Result: url='https://www.northerncollege.ca/course/math-2056-discrete-mathematics-ii/' html='' success=False cleaned_html=None media={} links={} downloaded_files=None screenshot=None pdf=None markdown=None markdown_v2=None fit_markdown=None fit_html=None extracted_content=None metadata=None error_message='Unexpected error in _crawl_web at line 1205 in _crawl_web (../../.pyenv/versions/3.12.6/lib/python3.12/site-packages/crawl4ai/async_crawler_strategy.py):\nError: Failed on navigating ACS-GOTO:\nPage.goto: Timeout 60000ms exceeded.\nCall log:\n  - navigating to "https://www.northerncollege.ca/course/math-2056-discrete-mathematics-ii/", waiting until "domcontentloaded"\n\n\nCode context:\n1200   \n1201                       response = await page.goto(\n1202                           url, wait_until=config.wait_until, timeout=config.page_timeout\n1203                       )\n1204                   except Error as e:\n1205 →                     raise RuntimeError(f"Failed on navigating ACS-GOTO:\\n{str(e)}")\n1206   \n1207                   await self.execute_hook("after_goto", page, context=context, url=url, response=response)\n1208   \n1209                   if response is None:\n1210                       status_code = 200' session_id=None response_headers=None status_code=None ssl_certificate=None


Failed to crawl: https://www.northerncollege.ca/course/cosc-elective-upper-year/
Result: url='https://www.northerncollege.ca/course/cosc-elective-upper-year/' html='' success=False cleaned_html=None media={} links={} downloaded_files=None screenshot=None pdf=None markdown=None markdown_v2=None fit_markdown=None fit_html=None extracted_content=None metadata=None error_message='Unexpected error in _crawl_web at line 1205 in _crawl_web (../../.pyenv/versions/3.12.6/lib/python3.12/site-packages/crawl4ai/async_crawler_strategy.py):\nError: Failed on navigating ACS-GOTO:\nPage.goto: Timeout 60000ms exceeded.\nCall log:\n  - navigating to "https://www.northerncollege.ca/course/cosc-elective-upper-year/", waiting until "domcontentloaded"\n\n\nCode context:\n1200   \n1201                       response = await page.goto(\n1202                           url, wait_until=config.wait_until, timeout=config.page_timeout\n1203                       )\n1204                   except Error as e:\n1205 →                     raise RuntimeError(f"Failed on navigating ACS-GOTO:\\n{str(e)}")\n1206   \n1207                   await self.execute_hook("after_goto", page, context=context, url=url, response=response)\n1208   \n1209                   if response is None:\n1210                       status_code = 200' session_id=None response_headers=None status_code=None ssl_certificate=None


Failed to crawl: https://www.northerncollege.ca/course/math-1057-linear-algebra/
Result: url='https://www.northerncollege.ca/course/math-1057-linear-algebra/' html='' success=False cleaned_html=None media={} links={} downloaded_files=None screenshot=None pdf=None markdown=None markdown_v2=None fit_markdown=None fit_html=None extracted_content=None metadata=None error_message='Unexpected error in _crawl_web at line 1205 in _crawl_web (../../.pyenv/versions/3.12.6/lib/python3.12/site-packages/crawl4ai/async_crawler_strategy.py):\nError: Failed on navigating ACS-GOTO:\nPage.goto: Timeout 60000ms exceeded.\nCall log:\n  - navigating to "https://www.northerncollege.ca/course/math-1057-linear-algebra/", waiting until "domcontentloaded"\n\n\nCode context:\n1200   \n1201                       response = await page.goto(\n1202                           url, wait_until=config.wait_until, timeout=config.page_timeout\n1203                       )\n1204                   except Error as e:\n1205 →                     raise RuntimeError(f"Failed on navigating ACS-GOTO:\\n{str(e)}")\n1206   \n1207                   await self.execute_hook("after_goto", page, context=context, url=url, response=response)\n1208   \n1209                   if response is None:\n1210                       status_code = 200' session_id=None response_headers=None status_code=None ssl_certificate=None


Failed to crawl: https://www.northerncollege.ca/course/cosc-3127-programming-languages-or-cosc-3406-computer-organization/
Result: url='https://www.northerncollege.ca/course/cosc-3127-programming-languages-or-cosc-3406-computer-organization/' html='' success=False cleaned_html=None media={} links={} downloaded_files=None screenshot=None pdf=None markdown=None markdown_v2=None fit_markdown=None fit_html=None extracted_content=None metadata=None error_message='Unexpected error in _crawl_web at line 1205 in _crawl_web (../../.pyenv/versions/3.12.6/lib/python3.12/site-packages/crawl4ai/async_crawler_strategy.py):\nError: Failed on navigating ACS-GOTO:\nPage.goto: net::ERR_SOCKET_NOT_CONNECTED at https://www.northerncollege.ca/course/cosc-3127-programming-languages-or-cosc-3406-computer-organization/\nCall log:\n  - navigating to "https://www.northerncollege.ca/course/cosc-3127-programming-languages-or-cosc-3406-computer-organization/", waiting until "domcontentloaded"\n\n\nCode context:\n1200   \n1201                       response = await page.goto(\n1202                           url, wait_until=config.wait_until, timeout=config.page_timeout\n1203                       )\n1204                   except Error as e:\n1205 →                     raise RuntimeError(f"Failed on navigating ACS-GOTO:\\n{str(e)}")\n1206   \n1207                   await self.execute_hook("after_goto", page, context=context, url=url, response=response)\n1208   \n1209                   if response is None:\n1210                       status_code = 200' session_id=None response_headers=None status_code=None ssl_certificate=None


Failed to crawl: https://www.northerncollege.ca/course/cosc-3506-software-engineering/
Result: url='https://www.northerncollege.ca/course/cosc-3506-software-engineering/' html='' success=False cleaned_html=None media={} links={} downloaded_files=None screenshot=None pdf=None markdown=None markdown_v2=None fit_markdown=None fit_html=None extracted_content=None metadata=None error_message='Unexpected error in _crawl_web at line 1205 in _crawl_web (../../.pyenv/versions/3.12.6/lib/python3.12/site-packages/crawl4ai/async_crawler_strategy.py):\nError: Failed on navigating ACS-GOTO:\nPage.goto: Timeout 60000ms exceeded.\nCall log:\n  - navigating to "https://www.northerncollege.ca/course/cosc-3506-software-engineering/", waiting until "domcontentloaded"\n\n\nCode context:\n1200   \n1201                       response = await page.goto(\n1202                           url, wait_until=config.wait_until, timeout=config.page_timeout\n1203                       )\n1204                   except Error as e:\n1205 →                     raise RuntimeError(f"Failed on navigating ACS-GOTO:\\n{str(e)}")\n1206   \n1207                   await self.execute_hook("after_goto", page, context=context, url=url, response=response)\n1208   \n1209                   if response is None:\n1210                       status_code = 200' session_id=None response_headers=None status_code=None ssl_certificate=None


Failed to crawl: https://www.northerncollege.ca/course/suxxx2-plane-survey/
Result: url='https://www.northerncollege.ca/course/suxxx2-plane-survey/' html='' success=False cleaned_html=None media={} links={} downloaded_files=None screenshot=None pdf=None markdown=None markdown_v2=None fit_markdown=None fit_html=None extracted_content=None metadata=None error_message='Unexpected error in _crawl_web at line 1246 in _crawl_web (../../.pyenv/versions/3.12.6/lib/python3.12/site-packages/crawl4ai/async_crawler_strategy.py):\nError: \'AsyncPlaywrightCrawlerStrategy\' object has no attribute \'config\'\n\nCode context:\n1241                       raise Error(f"Body element is hidden: {visibility_info}")\n1242   \n1243               except Error as e:\n1244                   visibility_info = await self.check_visibility(page)\n1245   \n1246 →                 if self.config.verbose:\n1247                       self.logger.debug(\n1248                           message="Body visibility info: {info}",\n1249                           tag="DEBUG",\n1250                           params={"info": visibility_info},\n1251                       )' session_id=None response_headers=None status_code=None ssl_certificate=None


Failed to crawl: https://www.northerncollege.ca/course/el1001-elective/
Result: url='https://www.northerncollege.ca/course/el1001-elective/' html='' success=False cleaned_html=None media={} links={} downloaded_files=None screenshot=None pdf=None markdown=None markdown_v2=None fit_markdown=None fit_html=None extracted_content=None metadata=None error_message='Unexpected error in _crawl_web at line 1205 in _crawl_web (../../.pyenv/versions/3.12.6/lib/python3.12/site-packages/crawl4ai/async_crawler_strategy.py):\nError: Failed on navigating ACS-GOTO:\nPage.goto: Timeout 60000ms exceeded.\nCall log:\n  - navigating to "https://www.northerncollege.ca/course/el1001-elective/", waiting until "domcontentloaded"\n\n\nCode context:\n1200   \n1201                       response = await page.goto(\n1202                           url, wait_until=config.wait_until, timeout=config.page_timeout\n1203                       )\n1204                   except Error as e:\n1205 →                     raise RuntimeError(f"Failed on navigating ACS-GOTO:\\n{str(e)}")\n1206   \n1207                   await self.execute_hook("after_goto", page, context=context, url=url, response=response)\n1208   \n1209                   if response is None:\n1210                       status_code = 200' session_id=None response_headers=None status_code=None ssl_certificate=None


Failed to crawl: https://www.northerncollege.ca/course/ev1033-millwright-and-water-treatment-plant-1/
Result: url='https://www.northerncollege.ca/course/ev1033-millwright-and-water-treatment-plant-1/' html='' success=False cleaned_html=None media={} links={} downloaded_files=None screenshot=None pdf=None markdown=None markdown_v2=None fit_markdown=None fit_html=None extracted_content=None metadata=None error_message='Unexpected error in _crawl_web at line 1246 in _crawl_web (../../.pyenv/versions/3.12.6/lib/python3.12/site-packages/crawl4ai/async_crawler_strategy.py):\nError: \'AsyncPlaywrightCrawlerStrategy\' object has no attribute \'config\'\n\nCode context:\n1241                       raise Error(f"Body element is hidden: {visibility_info}")\n1242   \n1243               except Error as e:\n1244                   visibility_info = await self.check_visibility(page)\n1245   \n1246 →                 if self.config.verbose:\n1247                       self.logger.debug(\n1248                           message="Body visibility info: {info}",\n1249                           tag="DEBUG",\n1250                           params={"info": visibility_info},\n1251                       )' session_id=None response_headers=None status_code=None ssl_certificate=None


Failed to crawl: https://www.northerncollege.ca/course/english-as-a-second-language/
Result: url='https://www.northerncollege.ca/course/english-as-a-second-language/' html='' success=False cleaned_html=None media={} links={} downloaded_files=None screenshot=None pdf=None markdown=None markdown_v2=None fit_markdown=None fit_html=None extracted_content=None metadata=None error_message='Unexpected error in _crawl_web at line 1246 in _crawl_web (../../.pyenv/versions/3.12.6/lib/python3.12/site-packages/crawl4ai/async_crawler_strategy.py):\nError: \'AsyncPlaywrightCrawlerStrategy\' object has no attribute \'config\'\n\nCode context:\n1241                       raise Error(f"Body element is hidden: {visibility_info}")\n1242   \n1243               except Error as e:\n1244                   visibility_info = await self.check_visibility(page)\n1245   \n1246 →                 if self.config.verbose:\n1247                       self.logger.debug(\n1248                           message="Body visibility info: {info}",\n1249                           tag="DEBUG",\n1250                           params={"info": visibility_info},\n1251                       )' session_id=None response_headers=None status_code=None ssl_certificate=None


Failed to crawl: https://www.northerncollege.ca/course/eap/
Result: url='https://www.northerncollege.ca/course/eap/' html='' success=False cleaned_html=None media={} links={} downloaded_files=None screenshot=None pdf=None markdown=None markdown_v2=None fit_markdown=None fit_html=None extracted_content=None metadata=None error_message='Unexpected error in _crawl_web at line 1246 in _crawl_web (../../.pyenv/versions/3.12.6/lib/python3.12/site-packages/crawl4ai/async_crawler_strategy.py):\nError: \'AsyncPlaywrightCrawlerStrategy\' object has no attribute \'config\'\n\nCode context:\n1241                       raise Error(f"Body element is hidden: {visibility_info}")\n1242   \n1243               except Error as e:\n1244                   visibility_info = await self.check_visibility(page)\n1245   \n1246 →                 if self.config.verbose:\n1247                       self.logger.debug(\n1248                           message="Body visibility info: {info}",\n1249                           tag="DEBUG",\n1250                           params={"info": visibility_info},\n1251                       )' session_id=None response_headers=None status_code=None ssl_certificate=None


Failed to crawl: https://www.northerncollege.ca/course/ho1004/
Result: url='https://www.northerncollege.ca/course/ho1004/' html='' success=False cleaned_html=None media={} links={} downloaded_files=None screenshot=None pdf=None markdown=None markdown_v2=None fit_markdown=None fit_html=None extracted_content=None metadata=None error_message='Unexpected error in _crawl_web at line 1205 in _crawl_web (../../.pyenv/versions/3.12.6/lib/python3.12/site-packages/crawl4ai/async_crawler_strategy.py):\nError: Failed on navigating ACS-GOTO:\nPage.goto: Timeout 60000ms exceeded.\nCall log:\n  - navigating to "https://www.northerncollege.ca/course/ho1004/", waiting until "domcontentloaded"\n\n\nCode context:\n1200   \n1201                       response = await page.goto(\n1202                           url, wait_until=config.wait_until, timeout=config.page_timeout\n1203                       )\n1204                   except Error as e:\n1205 →                     raise RuntimeError(f"Failed on navigating ACS-GOTO:\\n{str(e)}")\n1206   \n1207                   await self.execute_hook("after_goto", page, context=context, url=url, response=response)\n1208   \n1209                   if response is None:\n1210                       status_code = 200' session_id=None response_headers=None status_code=None ssl_certificate=None


Failed to crawl: https://www.northerncollege.ca/course/la1004-farm-safety-and-biosecurity-regulations/
Result: url='https://www.northerncollege.ca/course/la1004-farm-safety-and-biosecurity-regulations/' html='' success=False cleaned_html=None media={} links={} downloaded_files=None screenshot=None pdf=None markdown=None markdown_v2=None fit_markdown=None fit_html=None extracted_content=None metadata=None error_message='Unexpected error in _crawl_web at line 1246 in _crawl_web (../../.pyenv/versions/3.12.6/lib/python3.12/site-packages/crawl4ai/async_crawler_strategy.py):\nError: \'AsyncPlaywrightCrawlerStrategy\' object has no attribute \'config\'\n\nCode context:\n1241                       raise Error(f"Body element is hidden: {visibility_info}")\n1242   \n1243               except Error as e:\n1244                   visibility_info = await self.check_visibility(page)\n1245   \n1246 →                 if self.config.verbose:\n1247                       self.logger.debug(\n1248                           message="Body visibility info: {info}",\n1249                           tag="DEBUG",\n1250                           params={"info": visibility_info},\n1251                       )' session_id=None response_headers=None status_code=None ssl_certificate=None


Failed to crawl: https://www.northerncollege.ca/course/ho3004-crop-production-management/
Result: url='https://www.northerncollege.ca/course/ho3004-crop-production-management/' html='' success=False cleaned_html=None media={} links={} downloaded_files=None screenshot=None pdf=None markdown=None markdown_v2=None fit_markdown=None fit_html=None extracted_content=None metadata=None error_message='Unexpected error in _crawl_web at line 1205 in _crawl_web (../../.pyenv/versions/3.12.6/lib/python3.12/site-packages/crawl4ai/async_crawler_strategy.py):\nError: Failed on navigating ACS-GOTO:\nPage.goto: Timeout 60000ms exceeded.\nCall log:\n  - navigating to "https://www.northerncollege.ca/course/ho3004-crop-production-management/", waiting until "domcontentloaded"\n\n\nCode context:\n1200   \n1201                       response = await page.goto(\n1202                           url, wait_until=config.wait_until, timeout=config.page_timeout\n1203                       )\n1204                   except Error as e:\n1205 →                     raise RuntimeError(f"Failed on navigating ACS-GOTO:\\n{str(e)}")\n1206   \n1207                   await self.execute_hook("after_goto", page, context=context, url=url, response=response)\n1208   \n1209                   if response is None:\n1210                       status_code = 200' session_id=None response_headers=None status_code=None ssl_certificate=None


Failed to crawl: https://www.northerncollege.ca/course/mg2003-equipment-and-asset-management/
Result: url='https://www.northerncollege.ca/course/mg2003-equipment-and-asset-management/' html='' success=False cleaned_html=None media={} links={} downloaded_files=None screenshot=None pdf=None markdown=None markdown_v2=None fit_markdown=None fit_html=None extracted_content=None metadata=None error_message='Unexpected error in _crawl_web at line 1205 in _crawl_web (../../.pyenv/versions/3.12.6/lib/python3.12/site-packages/crawl4ai/async_crawler_strategy.py):\nError: Failed on navigating ACS-GOTO:\nPage.goto: Timeout 60000ms exceeded.\nCall log:\n  - navigating to "https://www.northerncollege.ca/course/mg2003-equipment-and-asset-management/", waiting until "domcontentloaded"\n\n\nCode context:\n1200   \n1201                       response = await page.goto(\n1202                           url, wait_until=config.wait_until, timeout=config.page_timeout\n1203                       )\n1204                   except Error as e:\n1205 →                     raise RuntimeError(f"Failed on navigating ACS-GOTO:\\n{str(e)}")\n1206   \n1207                   await self.execute_hook("after_goto", page, context=context, url=url, response=response)\n1208   \n1209                   if response is None:\n1210                       status_code = 200' session_id=None response_headers=None status_code=None ssl_certificate=None


Failed to crawl: https://www.northerncollege.ca/course/sc3003-animal-health-and-nutrition/
Result: url='https://www.northerncollege.ca/course/sc3003-animal-health-and-nutrition/' html='' success=False cleaned_html=None media={} links={} downloaded_files=None screenshot=None pdf=None markdown=None markdown_v2=None fit_markdown=None fit_html=None extracted_content=None metadata=None error_message='Unexpected error in _crawl_web at line 1205 in _crawl_web (../../.pyenv/versions/3.12.6/lib/python3.12/site-packages/crawl4ai/async_crawler_strategy.py):\nError: Failed on navigating ACS-GOTO:\nPage.goto: Timeout 60000ms exceeded.\nCall log:\n  - navigating to "https://www.northerncollege.ca/course/sc3003-animal-health-and-nutrition/", waiting until "domcontentloaded"\n\n\nCode context:\n1200   \n1201                       response = await page.goto(\n1202                           url, wait_until=config.wait_until, timeout=config.page_timeout\n1203                       )\n1204                   except Error as e:\n1205 →                     raise RuntimeError(f"Failed on navigating ACS-GOTO:\\n{str(e)}")\n1206   \n1207                   await self.execute_hook("after_goto", page, context=context, url=url, response=response)\n1208   \n1209                   if response is None:\n1210                       status_code = 200' session_id=None response_headers=None status_code=None ssl_certificate=None


Failed to crawl: https://www.northerncollege.ca/course/bu3273-dairy-production-management-2/
Result: url='https://www.northerncollege.ca/course/bu3273-dairy-production-management-2/' html='' success=False cleaned_html=None media={} links={} downloaded_files=None screenshot=None pdf=None markdown=None markdown_v2=None fit_markdown=None fit_html=None extracted_content=None metadata=None error_message='Unexpected error in _crawl_web at line 1246 in _crawl_web (../../.pyenv/versions/3.12.6/lib/python3.12/site-packages/crawl4ai/async_crawler_strategy.py):\nError: \'AsyncPlaywrightCrawlerStrategy\' object has no attribute \'config\'\n\nCode context:\n1241                       raise Error(f"Body element is hidden: {visibility_info}")\n1242   \n1243               except Error as e:\n1244                   visibility_info = await self.check_visibility(page)\n1245   \n1246 →                 if self.config.verbose:\n1247                       self.logger.debug(\n1248                           message="Body visibility info: {info}",\n1249                           tag="DEBUG",\n1250                           params={"info": visibility_info},\n1251                       )' session_id=None response_headers=None status_code=None ssl_certificate=None


Failed to crawl: https://www.northerncollege.ca/course/la1004-farm-safety-and-biosecurity-regulations-2/
Result: url='https://www.northerncollege.ca/course/la1004-farm-safety-and-biosecurity-regulations-2/' html='' success=False cleaned_html=None media={} links={} downloaded_files=None screenshot=None pdf=None markdown=None markdown_v2=None fit_markdown=None fit_html=None extracted_content=None metadata=None error_message='Unexpected error in _crawl_web at line 1246 in _crawl_web (../../.pyenv/versions/3.12.6/lib/python3.12/site-packages/crawl4ai/async_crawler_strategy.py):\nError: \'AsyncPlaywrightCrawlerStrategy\' object has no attribute \'config\'\n\nCode context:\n1241                       raise Error(f"Body element is hidden: {visibility_info}")\n1242   \n1243               except Error as e:\n1244                   visibility_info = await self.check_visibility(page)\n1245   \n1246 →                 if self.config.verbose:\n1247                       self.logger.debug(\n1248                           message="Body visibility info: {info}",\n1249                           tag="DEBUG",\n1250                           params={"info": visibility_info},\n1251                       )' session_id=None response_headers=None status_code=None ssl_certificate=None


Failed to crawl: https://www.northerncollege.ca/course/ev3003-sustainable-practices-in-agriculture/
Result: url='https://www.northerncollege.ca/course/ev3003-sustainable-practices-in-agriculture/' html='' success=False cleaned_html=None media={} links={} downloaded_files=None screenshot=None pdf=None markdown=None markdown_v2=None fit_markdown=None fit_html=None extracted_content=None metadata=None error_message='Unexpected error in _crawl_web at line 1246 in _crawl_web (../../.pyenv/versions/3.12.6/lib/python3.12/site-packages/crawl4ai/async_crawler_strategy.py):\nError: \'AsyncPlaywrightCrawlerStrategy\' object has no attribute \'config\'\n\nCode context:\n1241                       raise Error(f"Body element is hidden: {visibility_info}")\n1242   \n1243               except Error as e:\n1244                   visibility_info = await self.check_visibility(page)\n1245   \n1246 →                 if self.config.verbose:\n1247                       self.logger.debug(\n1248                           message="Body visibility info: {info}",\n1249                           tag="DEBUG",\n1250                           params={"info": visibility_info},\n1251                       )' session_id=None response_headers=None status_code=None ssl_certificate=None


Failed to crawl: https://www.northerncollege.ca/course/ho3003-pest-disease-and-weed-management/
Result: url='https://www.northerncollege.ca/course/ho3003-pest-disease-and-weed-management/' html='' success=False cleaned_html=None media={} links={} downloaded_files=None screenshot=None pdf=None markdown=None markdown_v2=None fit_markdown=None fit_html=None extracted_content=None metadata=None error_message='Unexpected error in _crawl_web at line 1246 in _crawl_web (../../.pyenv/versions/3.12.6/lib/python3.12/site-packages/crawl4ai/async_crawler_strategy.py):\nError: \'AsyncPlaywrightCrawlerStrategy\' object has no attribute \'config\'\n\nCode context:\n1241                       raise Error(f"Body element is hidden: {visibility_info}")\n1242   \n1243               except Error as e:\n1244                   visibility_info = await self.check_visibility(page)\n1245   \n1246 →                 if self.config.verbose:\n1247                       self.logger.debug(\n1248                           message="Body visibility info: {info}",\n1249                           tag="DEBUG",\n1250                           params={"info": visibility_info},\n1251                       )' session_id=None response_headers=None status_code=None ssl_certificate=None


Failed to crawl: https://www.northerncollege.ca/course/ho3013-vegetable-and-fruit-production-management/
Result: url='https://www.northerncollege.ca/course/ho3013-vegetable-and-fruit-production-management/' html='' success=False cleaned_html=None media={} links={} downloaded_files=None screenshot=None pdf=None markdown=None markdown_v2=None fit_markdown=None fit_html=None extracted_content=None metadata=None error_message='Unexpected error in _crawl_web at line 1246 in _crawl_web (../../.pyenv/versions/3.12.6/lib/python3.12/site-packages/crawl4ai/async_crawler_strategy.py):\nError: \'AsyncPlaywrightCrawlerStrategy\' object has no attribute \'config\'\n\nCode context:\n1241                       raise Error(f"Body element is hidden: {visibility_info}")\n1242   \n1243               except Error as e:\n1244                   visibility_info = await self.check_visibility(page)\n1245   \n1246 →                 if self.config.verbose:\n1247                       self.logger.debug(\n1248                           message="Body visibility info: {info}",\n1249                           tag="DEBUG",\n1250                           params={"info": visibility_info},\n1251                       )' session_id=None response_headers=None status_code=None ssl_certificate=None


Failed to crawl: https://www.northerncollege.ca/course/ac4044-accounting-for-agribusiness/
Result: url='https://www.northerncollege.ca/course/ac4044-accounting-for-agribusiness/' html='' success=False cleaned_html=None media={} links={} downloaded_files=None screenshot=None pdf=None markdown=None markdown_v2=None fit_markdown=None fit_html=None extracted_content=None metadata=None error_message='Unexpected error in _crawl_web at line 1246 in _crawl_web (../../.pyenv/versions/3.12.6/lib/python3.12/site-packages/crawl4ai/async_crawler_strategy.py):\nError: \'AsyncPlaywrightCrawlerStrategy\' object has no attribute \'config\'\n\nCode context:\n1241                       raise Error(f"Body element is hidden: {visibility_info}")\n1242   \n1243               except Error as e:\n1244                   visibility_info = await self.check_visibility(page)\n1245   \n1246 →                 if self.config.verbose:\n1247                       self.logger.debug(\n1248                           message="Body visibility info: {info}",\n1249                           tag="DEBUG",\n1250                           params={"info": visibility_info},\n1251                       )' session_id=None response_headers=None status_code=None ssl_certificate=None


Failed to crawl: https://www.northerncollege.ca/course/bu1383-leading-responsibly/
Result: url='https://www.northerncollege.ca/course/bu1383-leading-responsibly/' html='' success=False cleaned_html=None media={} links={} downloaded_files=None screenshot=None pdf=None markdown=None markdown_v2=None fit_markdown=None fit_html=None extracted_content=None metadata=None error_message='Unexpected error in _crawl_web at line 1246 in _crawl_web (../../.pyenv/versions/3.12.6/lib/python3.12/site-packages/crawl4ai/async_crawler_strategy.py):\nError: \'AsyncPlaywrightCrawlerStrategy\' object has no attribute \'config\'\n\nCode context:\n1241                       raise Error(f"Body element is hidden: {visibility_info}")\n1242   \n1243               except Error as e:\n1244                   visibility_info = await self.check_visibility(page)\n1245   \n1246 →                 if self.config.verbose:\n1247                       self.logger.debug(\n1248                           message="Body visibility info: {info}",\n1249                           tag="DEBUG",\n1250                           params={"info": visibility_info},\n1251                       )' session_id=None response_headers=None status_code=None ssl_certificate=None


Failed to crawl: https://www.northerncollege.ca/course/bu4044-livestock-business-operations/
Result: url='https://www.northerncollege.ca/course/bu4044-livestock-business-operations/' html='' success=False cleaned_html=None media={} links={} downloaded_files=None screenshot=None pdf=None markdown=None markdown_v2=None fit_markdown=None fit_html=None extracted_content=None metadata=None error_message='Unexpected error in _crawl_web at line 1246 in _crawl_web (../../.pyenv/versions/3.12.6/lib/python3.12/site-packages/crawl4ai/async_crawler_strategy.py):\nError: \'AsyncPlaywrightCrawlerStrategy\' object has no attribute \'config\'\n\nCode context:\n1241                       raise Error(f"Body element is hidden: {visibility_info}")\n1242   \n1243               except Error as e:\n1244                   visibility_info = await self.check_visibility(page)\n1245   \n1246 →                 if self.config.verbose:\n1247                       self.logger.debug(\n1248                           message="Body visibility info: {info}",\n1249                           tag="DEBUG",\n1250                           params={"info": visibility_info},\n1251                       )' session_id=None response_headers=None status_code=None ssl_certificate=None


Failed to crawl: https://www.northerncollege.ca/course/bu4054-directed-project-in-agriculture/
Result: url='https://www.northerncollege.ca/course/bu4054-directed-project-in-agriculture/' html='' success=False cleaned_html=None media={} links={} downloaded_files=None screenshot=None pdf=None markdown=None markdown_v2=None fit_markdown=None fit_html=None extracted_content=None metadata=None error_message='Unexpected error in _crawl_web at line 1246 in _crawl_web (../../.pyenv/versions/3.12.6/lib/python3.12/site-packages/crawl4ai/async_crawler_strategy.py):\nError: \'AsyncPlaywrightCrawlerStrategy\' object has no attribute \'config\'\n\nCode context:\n1241                       raise Error(f"Body element is hidden: {visibility_info}")\n1242   \n1243               except Error as e:\n1244                   visibility_info = await self.check_visibility(page)\n1245   \n1246 →                 if self.config.verbose:\n1247                       self.logger.debug(\n1248                           message="Body visibility info: {info}",\n1249                           tag="DEBUG",\n1250                           params={"info": visibility_info},\n1251                       )' session_id=None response_headers=None status_code=None ssl_certificate=None


Failed to crawl: https://www.northerncollege.ca/course/bu1113-introduction-to-information-systems/
Result: url='https://www.northerncollege.ca/course/bu1113-introduction-to-information-systems/' html='' success=False cleaned_html=None media={} links={} downloaded_files=None screenshot=None pdf=None markdown=None markdown_v2=None fit_markdown=None fit_html=None extracted_content=None metadata=None error_message='Unexpected error in _crawl_web at line 1246 in _crawl_web (../../.pyenv/versions/3.12.6/lib/python3.12/site-packages/crawl4ai/async_crawler_strategy.py):\nError: \'AsyncPlaywrightCrawlerStrategy\' object has no attribute \'config\'\n\nCode context:\n1241                       raise Error(f"Body element is hidden: {visibility_info}")\n1242   \n1243               except Error as e:\n1244                   visibility_info = await self.check_visibility(page)\n1245   \n1246 →                 if self.config.verbose:\n1247                       self.logger.debug(\n1248                           message="Body visibility info: {info}",\n1249                           tag="DEBUG",\n1250                           params={"info": visibility_info},\n1251                       )' session_id=None response_headers=None status_code=None ssl_certificate=None


Failed to crawl: https://www.northerncollege.ca/course/bu1303-supply-chain-management/
Result: url='https://www.northerncollege.ca/course/bu1303-supply-chain-management/' html='' success=False cleaned_html=None media={} links={} downloaded_files=None screenshot=None pdf=None markdown=None markdown_v2=None fit_markdown=None fit_html=None extracted_content=None metadata=None error_message='Unexpected error in _crawl_web at line 1246 in _crawl_web (../../.pyenv/versions/3.12.6/lib/python3.12/site-packages/crawl4ai/async_crawler_strategy.py):\nError: \'AsyncPlaywrightCrawlerStrategy\' object has no attribute \'config\'\n\nCode context:\n1241                       raise Error(f"Body element is hidden: {visibility_info}")\n1242   \n1243               except Error as e:\n1244                   visibility_info = await self.check_visibility(page)\n1245   \n1246 →                 if self.config.verbose:\n1247                       self.logger.debug(\n1248                           message="Body visibility info: {info}",\n1249                           tag="DEBUG",\n1250                           params={"info": visibility_info},\n1251                       )' session_id=None response_headers=None status_code=None ssl_certificate=None


Failed to crawl: https://www.northerncollege.ca/course/bu1223-global-supply-chain-management/
Result: url='https://www.northerncollege.ca/course/bu1223-global-supply-chain-management/' html='' success=False cleaned_html=None media={} links={} downloaded_files=None screenshot=None pdf=None markdown=None markdown_v2=None fit_markdown=None fit_html=None extracted_content=None metadata=None error_message='Unexpected error in _crawl_web at line 1246 in _crawl_web (../../.pyenv/versions/3.12.6/lib/python3.12/site-packages/crawl4ai/async_crawler_strategy.py):\nError: \'AsyncPlaywrightCrawlerStrategy\' object has no attribute \'config\'\n\nCode context:\n1241                       raise Error(f"Body element is hidden: {visibility_info}")\n1242   \n1243               except Error as e:\n1244                   visibility_info = await self.check_visibility(page)\n1245   \n1246 →                 if self.config.verbose:\n1247                       self.logger.debug(\n1248                           message="Body visibility info: {info}",\n1249                           tag="DEBUG",\n1250                           params={"info": visibility_info},\n1251                       )' session_id=None response_headers=None status_code=None ssl_certificate=None


Failed to crawl: https://www.northerncollege.ca/course/bu2103-international-trade-law/
Result: url='https://www.northerncollege.ca/course/bu2103-international-trade-law/' html='' success=False cleaned_html=None media={} links={} downloaded_files=None screenshot=None pdf=None markdown=None markdown_v2=None fit_markdown=None fit_html=None extracted_content=None metadata=None error_message='Unexpected error in _crawl_web at line 1246 in _crawl_web (../../.pyenv/versions/3.12.6/lib/python3.12/site-packages/crawl4ai/async_crawler_strategy.py):\nError: \'AsyncPlaywrightCrawlerStrategy\' object has no attribute \'config\'\n\nCode context:\n1241                       raise Error(f"Body element is hidden: {visibility_info}")\n1242   \n1243               except Error as e:\n1244                   visibility_info = await self.check_visibility(page)\n1245   \n1246 →                 if self.config.verbose:\n1247                       self.logger.debug(\n1248                           message="Body visibility info: {info}",\n1249                           tag="DEBUG",\n1250                           params={"info": visibility_info},\n1251                       )' session_id=None response_headers=None status_code=None ssl_certificate=None


Failed to crawl: https://www.northerncollege.ca/course/bu2153-international-business-marketing/
Result: url='https://www.northerncollege.ca/course/bu2153-international-business-marketing/' html='' success=False cleaned_html=None media={} links={} downloaded_files=None screenshot=None pdf=None markdown=None markdown_v2=None fit_markdown=None fit_html=None extracted_content=None metadata=None error_message='Unexpected error in _crawl_web at line 1246 in _crawl_web (../../.pyenv/versions/3.12.6/lib/python3.12/site-packages/crawl4ai/async_crawler_strategy.py):\nError: \'AsyncPlaywrightCrawlerStrategy\' object has no attribute \'config\'\n\nCode context:\n1241                       raise Error(f"Body element is hidden: {visibility_info}")\n1242   \n1243               except Error as e:\n1244                   visibility_info = await self.check_visibility(page)\n1245   \n1246 →                 if self.config.verbose:\n1247                       self.logger.debug(\n1248                           message="Body visibility info: {info}",\n1249                           tag="DEBUG",\n1250                           params={"info": visibility_info},\n1251                       )' session_id=None response_headers=None status_code=None ssl_certificate=None


Failed to crawl: https://www.northerncollege.ca/course/bu2163-transportation/
Result: url='https://www.northerncollege.ca/course/bu2163-transportation/' html='' success=False cleaned_html=None media={} links={} downloaded_files=None screenshot=None pdf=None markdown=None markdown_v2=None fit_markdown=None fit_html=None extracted_content=None metadata=None error_message='Unexpected error in _crawl_web at line 1246 in _crawl_web (../../.pyenv/versions/3.12.6/lib/python3.12/site-packages/crawl4ai/async_crawler_strategy.py):\nError: \'AsyncPlaywrightCrawlerStrategy\' object has no attribute \'config\'\n\nCode context:\n1241                       raise Error(f"Body element is hidden: {visibility_info}")\n1242   \n1243               except Error as e:\n1244                   visibility_info = await self.check_visibility(page)\n1245   \n1246 →                 if self.config.verbose:\n1247                       self.logger.debug(\n1248                           message="Body visibility info: {info}",\n1249                           tag="DEBUG",\n1250                           params={"info": visibility_info},\n1251                       )' session_id=None response_headers=None status_code=None ssl_certificate=None


Failed to crawl: https://www.northerncollege.ca/course/bu1243-international-trade-finance/
Result: url='https://www.northerncollege.ca/course/bu1243-international-trade-finance/' html='' success=False cleaned_html=None media={} links={} downloaded_files=None screenshot=None pdf=None markdown=None markdown_v2=None fit_markdown=None fit_html=None extracted_content=None metadata=None error_message='Unexpected error in _crawl_web at line 1246 in _crawl_web (../../.pyenv/versions/3.12.6/lib/python3.12/site-packages/crawl4ai/async_crawler_strategy.py):\nError: \'AsyncPlaywrightCrawlerStrategy\' object has no attribute \'config\'\n\nCode context:\n1241                       raise Error(f"Body element is hidden: {visibility_info}")\n1242   \n1243               except Error as e:\n1244                   visibility_info = await self.check_visibility(page)\n1245   \n1246 →                 if self.config.verbose:\n1247                       self.logger.debug(\n1248                           message="Body visibility info: {info}",\n1249                           tag="DEBUG",\n1250                           params={"info": visibility_info},\n1251                       )' session_id=None response_headers=None status_code=None ssl_certificate=None


Failed to crawl: https://www.northerncollege.ca/course/bu3073-business-reports/
Result: url='https://www.northerncollege.ca/course/bu3073-business-reports/' html='' success=False cleaned_html=None media={} links={} downloaded_files=None screenshot=None pdf=None markdown=None markdown_v2=None fit_markdown=None fit_html=None extracted_content=None metadata=None error_message='Unexpected error in _crawl_web at line 1246 in _crawl_web (../../.pyenv/versions/3.12.6/lib/python3.12/site-packages/crawl4ai/async_crawler_strategy.py):\nError: \'AsyncPlaywrightCrawlerStrategy\' object has no attribute \'config\'\n\nCode context:\n1241                       raise Error(f"Body element is hidden: {visibility_info}")\n1242   \n1243               except Error as e:\n1244                   visibility_info = await self.check_visibility(page)\n1245   \n1246 →                 if self.config.verbose:\n1247                       self.logger.debug(\n1248                           message="Body visibility info: {info}",\n1249                           tag="DEBUG",\n1250                           params={"info": visibility_info},\n1251                       )' session_id=None response_headers=None status_code=None ssl_certificate=None


Failed to crawl: https://www.northerncollege.ca/course/in2263-global-e-business-management/
Result: url='https://www.northerncollege.ca/course/in2263-global-e-business-management/' html='' success=False cleaned_html=None media={} links={} downloaded_files=None screenshot=None pdf=None markdown=None markdown_v2=None fit_markdown=None fit_html=None extracted_content=None metadata=None error_message='Unexpected error in _crawl_web at line 1246 in _crawl_web (../../.pyenv/versions/3.12.6/lib/python3.12/site-packages/crawl4ai/async_crawler_strategy.py):\nError: \'AsyncPlaywrightCrawlerStrategy\' object has no attribute \'config\'\n\nCode context:\n1241                       raise Error(f"Body element is hidden: {visibility_info}")\n1242   \n1243               except Error as e:\n1244                   visibility_info = await self.check_visibility(page)\n1245   \n1246 →                 if self.config.verbose:\n1247                       self.logger.debug(\n1248                           message="Body visibility info: {info}",\n1249                           tag="DEBUG",\n1250                           params={"info": visibility_info},\n1251                       )' session_id=None response_headers=None status_code=None ssl_certificate=None


Failed to crawl: https://www.northerncollege.ca/course/bu7011-work-placement/
Result: url='https://www.northerncollege.ca/course/bu7011-work-placement/' html='' success=False cleaned_html=None media={} links={} downloaded_files=None screenshot=None pdf=None markdown=None markdown_v2=None fit_markdown=None fit_html=None extracted_content=None metadata=None error_message='Unexpected error in _crawl_web at line 1205 in _crawl_web (../../.pyenv/versions/3.12.6/lib/python3.12/site-packages/crawl4ai/async_crawler_strategy.py):\nError: Failed on navigating ACS-GOTO:\nPage.goto: Timeout 60000ms exceeded.\nCall log:\n  - navigating to "https://www.northerncollege.ca/course/bu7011-work-placement/", waiting until "domcontentloaded"\n\n\nCode context:\n1200   \n1201                       response = await page.goto(\n1202                           url, wait_until=config.wait_until, timeout=config.page_timeout\n1203                       )\n1204                   except Error as e:\n1205 →                     raise RuntimeError(f"Failed on navigating ACS-GOTO:\\n{str(e)}")\n1206   \n1207                   await self.execute_hook("after_goto", page, context=context, url=url, response=response)\n1208   \n1209                   if response is None:\n1210                       status_code = 200' session_id=None response_headers=None status_code=None ssl_certificate=None


Failed to crawl: https://www.northerncollege.ca/course/general-education-elective-2/
Result: url='https://www.northerncollege.ca/course/general-education-elective-2/' html='' success=False cleaned_html=None media={} links={} downloaded_files=None screenshot=None pdf=None markdown=None markdown_v2=None fit_markdown=None fit_html=None extracted_content=None metadata=None error_message='Unexpected error in _crawl_web at line 1205 in _crawl_web (../../.pyenv/versions/3.12.6/lib/python3.12/site-packages/crawl4ai/async_crawler_strategy.py):\nError: Failed on navigating ACS-GOTO:\nPage.goto: Timeout 60000ms exceeded.\nCall log:\n  - navigating to "https://www.northerncollege.ca/course/general-education-elective-2/", waiting until "domcontentloaded"\n\n\nCode context:\n1200   \n1201                       response = await page.goto(\n1202                           url, wait_until=config.wait_until, timeout=config.page_timeout\n1203                       )\n1204                   except Error as e:\n1205 →                     raise RuntimeError(f"Failed on navigating ACS-GOTO:\\n{str(e)}")\n1206   \n1207                   await self.execute_hook("after_goto", page, context=context, url=url, response=response)\n1208   \n1209                   if response is None:\n1210                       status_code = 200' session_id=None response_headers=None status_code=None ssl_certificate=None


Failed to crawl: https://www.northerncollege.ca/course/in2073-cad-ii-for-civil-engineering/
Result: url='https://www.northerncollege.ca/course/in2073-cad-ii-for-civil-engineering/' html='' success=False cleaned_html=None media={} links={} downloaded_files=None screenshot=None pdf=None markdown=None markdown_v2=None fit_markdown=None fit_html=None extracted_content=None metadata=None error_message='Unexpected error in _crawl_web at line 1205 in _crawl_web (../../.pyenv/versions/3.12.6/lib/python3.12/site-packages/crawl4ai/async_crawler_strategy.py):\nError: Failed on navigating ACS-GOTO:\nPage.goto: Timeout 60000ms exceeded.\nCall log:\n  - navigating to "https://www.northerncollege.ca/course/in2073-cad-ii-for-civil-engineering/", waiting until "domcontentloaded"\n\n\nCode context:\n1200   \n1201                       response = await page.goto(\n1202                           url, wait_until=config.wait_until, timeout=config.page_timeout\n1203                       )\n1204                   except Error as e:\n1205 →                     raise RuntimeError(f"Failed on navigating ACS-GOTO:\\n{str(e)}")\n1206   \n1207                   await self.execute_hook("after_goto", page, context=context, url=url, response=response)\n1208   \n1209                   if response is None:\n1210                       status_code = 200' session_id=None response_headers=None status_code=None ssl_certificate=None


Failed to crawl: https://www.northerncollege.ca/course/eg1013-esl-listening-and-speaking/
Result: url='https://www.northerncollege.ca/course/eg1013-esl-listening-and-speaking/' html='' success=False cleaned_html=None media={} links={} downloaded_files=None screenshot=None pdf=None markdown=None markdown_v2=None fit_markdown=None fit_html=None extracted_content=None metadata=None error_message='Unexpected error in _crawl_web at line 1205 in _crawl_web (../../.pyenv/versions/3.12.6/lib/python3.12/site-packages/crawl4ai/async_crawler_strategy.py):\nError: Failed on navigating ACS-GOTO:\nPage.goto: Timeout 60000ms exceeded.\nCall log:\n  - navigating to "https://www.northerncollege.ca/course/eg1013-esl-listening-and-speaking/", waiting until "domcontentloaded"\n\n\nCode context:\n1200   \n1201                       response = await page.goto(\n1202                           url, wait_until=config.wait_until, timeout=config.page_timeout\n1203                       )\n1204                   except Error as e:\n1205 →                     raise RuntimeError(f"Failed on navigating ACS-GOTO:\\n{str(e)}")\n1206   \n1207                   await self.execute_hook("after_goto", page, context=context, url=url, response=response)\n1208   \n1209                   if response is None:\n1210                       status_code = 200' session_id=None response_headers=None status_code=None ssl_certificate=None


Failed to crawl: https://www.northerncollege.ca/course/eg1023-esl-reading-i/
Result: url='https://www.northerncollege.ca/course/eg1023-esl-reading-i/' html='' success=False cleaned_html=None media={} links={} downloaded_files=None screenshot=None pdf=None markdown=None markdown_v2=None fit_markdown=None fit_html=None extracted_content=None metadata=None error_message='Unexpected error in _crawl_web at line 1205 in _crawl_web (../../.pyenv/versions/3.12.6/lib/python3.12/site-packages/crawl4ai/async_crawler_strategy.py):\nError: Failed on navigating ACS-GOTO:\nPage.goto: Timeout 60000ms exceeded.\nCall log:\n  - navigating to "https://www.northerncollege.ca/course/eg1023-esl-reading-i/", waiting until "domcontentloaded"\n\n\nCode context:\n1200   \n1201                       response = await page.goto(\n1202                           url, wait_until=config.wait_until, timeout=config.page_timeout\n1203                       )\n1204                   except Error as e:\n1205 →                     raise RuntimeError(f"Failed on navigating ACS-GOTO:\\n{str(e)}")\n1206   \n1207                   await self.execute_hook("after_goto", page, context=context, url=url, response=response)\n1208   \n1209                   if response is None:\n1210                       status_code = 200' session_id=None response_headers=None status_code=None ssl_certificate=None


Failed to crawl: https://www.northerncollege.ca/course/eg1033-esl-writing-i/
Result: url='https://www.northerncollege.ca/course/eg1033-esl-writing-i/' html='' success=False cleaned_html=None media={} links={} downloaded_files=None screenshot=None pdf=None markdown=None markdown_v2=None fit_markdown=None fit_html=None extracted_content=None metadata=None error_message='Unexpected error in _crawl_web at line 1205 in _crawl_web (../../.pyenv/versions/3.12.6/lib/python3.12/site-packages/crawl4ai/async_crawler_strategy.py):\nError: Failed on navigating ACS-GOTO:\nPage.goto: Timeout 60000ms exceeded.\nCall log:\n  - navigating to "https://www.northerncollege.ca/course/eg1033-esl-writing-i/", waiting until "domcontentloaded"\n\n\nCode context:\n1200   \n1201                       response = await page.goto(\n1202                           url, wait_until=config.wait_until, timeout=config.page_timeout\n1203                       )\n1204                   except Error as e:\n1205 →                     raise RuntimeError(f"Failed on navigating ACS-GOTO:\\n{str(e)}")\n1206   \n1207                   await self.execute_hook("after_goto", page, context=context, url=url, response=response)\n1208   \n1209                   if response is None:\n1210                       status_code = 200' session_id=None response_headers=None status_code=None ssl_certificate=None


Failed to crawl: https://www.northerncollege.ca/course/eg1043-esl-grammar-i/
Result: url='https://www.northerncollege.ca/course/eg1043-esl-grammar-i/' html='' success=False cleaned_html=None media={} links={} downloaded_files=None screenshot=None pdf=None markdown=None markdown_v2=None fit_markdown=None fit_html=None extracted_content=None metadata=None error_message='Unexpected error in _crawl_web at line 1205 in _crawl_web (../../.pyenv/versions/3.12.6/lib/python3.12/site-packages/crawl4ai/async_crawler_strategy.py):\nError: Failed on navigating ACS-GOTO:\nPage.goto: Timeout 60000ms exceeded.\nCall log:\n  - navigating to "https://www.northerncollege.ca/course/eg1043-esl-grammar-i/", waiting until "domcontentloaded"\n\n\nCode context:\n1200   \n1201                       response = await page.goto(\n1202                           url, wait_until=config.wait_until, timeout=config.page_timeout\n1203                       )\n1204                   except Error as e:\n1205 →                     raise RuntimeError(f"Failed on navigating ACS-GOTO:\\n{str(e)}")\n1206   \n1207                   await self.execute_hook("after_goto", page, context=context, url=url, response=response)\n1208   \n1209                   if response is None:\n1210                       status_code = 200' session_id=None response_headers=None status_code=None ssl_certificate=None


Failed to crawl: https://www.northerncollege.ca/course/eg1003-esl-integrated-skills-i/
Result: url='https://www.northerncollege.ca/course/eg1003-esl-integrated-skills-i/' html='' success=False cleaned_html=None media={} links={} downloaded_files=None screenshot=None pdf=None markdown=None markdown_v2=None fit_markdown=None fit_html=None extracted_content=None metadata=None error_message='Unexpected error in _crawl_web at line 1205 in _crawl_web (../../.pyenv/versions/3.12.6/lib/python3.12/site-packages/crawl4ai/async_crawler_strategy.py):\nError: Failed on navigating ACS-GOTO:\nPage.goto: Timeout 60000ms exceeded.\nCall log:\n  - navigating to "https://www.northerncollege.ca/course/eg1003-esl-integrated-skills-i/", waiting until "domcontentloaded"\n\n\nCode context:\n1200   \n1201                       response = await page.goto(\n1202                           url, wait_until=config.wait_until, timeout=config.page_timeout\n1203                       )\n1204                   except Error as e:\n1205 →                     raise RuntimeError(f"Failed on navigating ACS-GOTO:\\n{str(e)}")\n1206   \n1207                   await self.execute_hook("after_goto", page, context=context, url=url, response=response)\n1208   \n1209                   if response is None:\n1210                       status_code = 200' session_id=None response_headers=None status_code=None ssl_certificate=None


Failed to crawl: https://www.northerncollege.ca/course/eg2013-esl-listening-speaking-ii/
Result: url='https://www.northerncollege.ca/course/eg2013-esl-listening-speaking-ii/' html='' success=False cleaned_html=None media={} links={} downloaded_files=None screenshot=None pdf=None markdown=None markdown_v2=None fit_markdown=None fit_html=None extracted_content=None metadata=None error_message='Unexpected error in _crawl_web at line 1205 in _crawl_web (../../.pyenv/versions/3.12.6/lib/python3.12/site-packages/crawl4ai/async_crawler_strategy.py):\nError: Failed on navigating ACS-GOTO:\nPage.goto: Timeout 60000ms exceeded.\nCall log:\n  - navigating to "https://www.northerncollege.ca/course/eg2013-esl-listening-speaking-ii/", waiting until "domcontentloaded"\n\n\nCode context:\n1200   \n1201                       response = await page.goto(\n1202                           url, wait_until=config.wait_until, timeout=config.page_timeout\n1203                       )\n1204                   except Error as e:\n1205 →                     raise RuntimeError(f"Failed on navigating ACS-GOTO:\\n{str(e)}")\n1206   \n1207                   await self.execute_hook("after_goto", page, context=context, url=url, response=response)\n1208   \n1209                   if response is None:\n1210                       status_code = 200' session_id=None response_headers=None status_code=None ssl_certificate=None


Failed to crawl: https://www.northerncollege.ca/course/eg2023-esl-reading-ii/
Result: url='https://www.northerncollege.ca/course/eg2023-esl-reading-ii/' html='' success=False cleaned_html=None media={} links={} downloaded_files=None screenshot=None pdf=None markdown=None markdown_v2=None fit_markdown=None fit_html=None extracted_content=None metadata=None error_message='Unexpected error in _crawl_web at line 1205 in _crawl_web (../../.pyenv/versions/3.12.6/lib/python3.12/site-packages/crawl4ai/async_crawler_strategy.py):\nError: Failed on navigating ACS-GOTO:\nPage.goto: Timeout 60000ms exceeded.\nCall log:\n  - navigating to "https://www.northerncollege.ca/course/eg2023-esl-reading-ii/", waiting until "domcontentloaded"\n\n\nCode context:\n1200   \n1201                       response = await page.goto(\n1202                           url, wait_until=config.wait_until, timeout=config.page_timeout\n1203                       )\n1204                   except Error as e:\n1205 →                     raise RuntimeError(f"Failed on navigating ACS-GOTO:\\n{str(e)}")\n1206   \n1207                   await self.execute_hook("after_goto", page, context=context, url=url, response=response)\n1208   \n1209                   if response is None:\n1210                       status_code = 200' session_id=None response_headers=None status_code=None ssl_certificate=None


Failed to crawl: https://www.northerncollege.ca/course/eg2033-esl-writing-ii/
Result: url='https://www.northerncollege.ca/course/eg2033-esl-writing-ii/' html='' success=False cleaned_html=None media={} links={} downloaded_files=None screenshot=None pdf=None markdown=None markdown_v2=None fit_markdown=None fit_html=None extracted_content=None metadata=None error_message='Unexpected error in _crawl_web at line 1246 in _crawl_web (../../.pyenv/versions/3.12.6/lib/python3.12/site-packages/crawl4ai/async_crawler_strategy.py):\nError: \'AsyncPlaywrightCrawlerStrategy\' object has no attribute \'config\'\n\nCode context:\n1241                       raise Error(f"Body element is hidden: {visibility_info}")\n1242   \n1243               except Error as e:\n1244                   visibility_info = await self.check_visibility(page)\n1245   \n1246 →                 if self.config.verbose:\n1247                       self.logger.debug(\n1248                           message="Body visibility info: {info}",\n1249                           tag="DEBUG",\n1250                           params={"info": visibility_info},\n1251                       )' session_id=None response_headers=None status_code=None ssl_certificate=None


Failed to crawl: https://www.northerncollege.ca/course/eg2003-integrated-skills-ii/
Result: url='https://www.northerncollege.ca/course/eg2003-integrated-skills-ii/' html='' success=False cleaned_html=None media={} links={} downloaded_files=None screenshot=None pdf=None markdown=None markdown_v2=None fit_markdown=None fit_html=None extracted_content=None metadata=None error_message='Unexpected error in _crawl_web at line 1246 in _crawl_web (../../.pyenv/versions/3.12.6/lib/python3.12/site-packages/crawl4ai/async_crawler_strategy.py):\nError: \'AsyncPlaywrightCrawlerStrategy\' object has no attribute \'config\'\n\nCode context:\n1241                       raise Error(f"Body element is hidden: {visibility_info}")\n1242   \n1243               except Error as e:\n1244                   visibility_info = await self.check_visibility(page)\n1245   \n1246 →                 if self.config.verbose:\n1247                       self.logger.debug(\n1248                           message="Body visibility info: {info}",\n1249                           tag="DEBUG",\n1250                           params={"info": visibility_info},\n1251                       )' session_id=None response_headers=None status_code=None ssl_certificate=None


Failed to crawl: https://www.northerncollege.ca/course/eg2043-intro-to-canada/
Result: url='https://www.northerncollege.ca/course/eg2043-intro-to-canada/' html='' success=False cleaned_html=None media={} links={} downloaded_files=None screenshot=None pdf=None markdown=None markdown_v2=None fit_markdown=None fit_html=None extracted_content=None metadata=None error_message='Unexpected error in _crawl_web at line 1246 in _crawl_web (../../.pyenv/versions/3.12.6/lib/python3.12/site-packages/crawl4ai/async_crawler_strategy.py):\nError: \'AsyncPlaywrightCrawlerStrategy\' object has no attribute \'config\'\n\nCode context:\n1241                       raise Error(f"Body element is hidden: {visibility_info}")\n1242   \n1243               except Error as e:\n1244                   visibility_info = await self.check_visibility(page)\n1245   \n1246 →                 if self.config.verbose:\n1247                       self.logger.debug(\n1248                           message="Body visibility info: {info}",\n1249                           tag="DEBUG",\n1250                           params={"info": visibility_info},\n1251                       )' session_id=None response_headers=None status_code=None ssl_certificate=None


Failed to crawl: https://www.northerncollege.ca/course/eg3033-esl-writing-iii/
Result: url='https://www.northerncollege.ca/course/eg3033-esl-writing-iii/' html='' success=False cleaned_html=None media={} links={} downloaded_files=None screenshot=None pdf=None markdown=None markdown_v2=None fit_markdown=None fit_html=None extracted_content=None metadata=None error_message='Unexpected error in _crawl_web at line 1246 in _crawl_web (../../.pyenv/versions/3.12.6/lib/python3.12/site-packages/crawl4ai/async_crawler_strategy.py):\nError: \'AsyncPlaywrightCrawlerStrategy\' object has no attribute \'config\'\n\nCode context:\n1241                       raise Error(f"Body element is hidden: {visibility_info}")\n1242   \n1243               except Error as e:\n1244                   visibility_info = await self.check_visibility(page)\n1245   \n1246 →                 if self.config.verbose:\n1247                       self.logger.debug(\n1248                           message="Body visibility info: {info}",\n1249                           tag="DEBUG",\n1250                           params={"info": visibility_info},\n1251                       )' session_id=None response_headers=None status_code=None ssl_certificate=None


Failed to crawl: https://www.northerncollege.ca/course/eg3043-student-success-for-higher-learning/
Result: url='https://www.northerncollege.ca/course/eg3043-student-success-for-higher-learning/' html='' success=False cleaned_html=None media={} links={} downloaded_files=None screenshot=None pdf=None markdown=None markdown_v2=None fit_markdown=None fit_html=None extracted_content=None metadata=None error_message='Unexpected error in _crawl_web at line 1246 in _crawl_web (../../.pyenv/versions/3.12.6/lib/python3.12/site-packages/crawl4ai/async_crawler_strategy.py):\nError: \'AsyncPlaywrightCrawlerStrategy\' object has no attribute \'config\'\n\nCode context:\n1241                       raise Error(f"Body element is hidden: {visibility_info}")\n1242   \n1243               except Error as e:\n1244                   visibility_info = await self.check_visibility(page)\n1245   \n1246 →                 if self.config.verbose:\n1247                       self.logger.debug(\n1248                           message="Body visibility info: {info}",\n1249                           tag="DEBUG",\n1250                           params={"info": visibility_info},\n1251                       )' session_id=None response_headers=None status_code=None ssl_certificate=None


Failed to crawl: https://www.northerncollege.ca/course/we3112-materials-and-proceses/
Result: url='https://www.northerncollege.ca/course/we3112-materials-and-proceses/' html='' success=False cleaned_html=None media={} links={} downloaded_files=None screenshot=None pdf=None markdown=None markdown_v2=None fit_markdown=None fit_html=None extracted_content=None metadata=None error_message='Unexpected error in _crawl_web at line 1246 in _crawl_web (../../.pyenv/versions/3.12.6/lib/python3.12/site-packages/crawl4ai/async_crawler_strategy.py):\nError: \'AsyncPlaywrightCrawlerStrategy\' object has no attribute \'config\'\n\nCode context:\n1241                       raise Error(f"Body element is hidden: {visibility_info}")\n1242   \n1243               except Error as e:\n1244                   visibility_info = await self.check_visibility(page)\n1245   \n1246 →                 if self.config.verbose:\n1247                       self.logger.debug(\n1248                           message="Body visibility info: {info}",\n1249                           tag="DEBUG",\n1250                           params={"info": visibility_info},\n1251                       )' session_id=None response_headers=None status_code=None ssl_certificate=None


Failed to crawl: https://www.northerncollege.ca/course/we3113-magnetic-particle-testing/
Result: url='https://www.northerncollege.ca/course/we3113-magnetic-particle-testing/' html='' success=False cleaned_html=None media={} links={} downloaded_files=None screenshot=None pdf=None markdown=None markdown_v2=None fit_markdown=None fit_html=None extracted_content=None metadata=None error_message='Unexpected error in _crawl_web at line 1246 in _crawl_web (../../.pyenv/versions/3.12.6/lib/python3.12/site-packages/crawl4ai/async_crawler_strategy.py):\nError: \'AsyncPlaywrightCrawlerStrategy\' object has no attribute \'config\'\n\nCode context:\n1241                       raise Error(f"Body element is hidden: {visibility_info}")\n1242   \n1243               except Error as e:\n1244                   visibility_info = await self.check_visibility(page)\n1245   \n1246 →                 if self.config.verbose:\n1247                       self.logger.debug(\n1248                           message="Body visibility info: {info}",\n1249                           tag="DEBUG",\n1250                           params={"info": visibility_info},\n1251                       )' session_id=None response_headers=None status_code=None ssl_certificate=None


Failed to crawl: https://www.northerncollege.ca/course/we3123-liquid-penetrant-testing/
Result: url='https://www.northerncollege.ca/course/we3123-liquid-penetrant-testing/' html='' success=False cleaned_html=None media={} links={} downloaded_files=None screenshot=None pdf=None markdown=None markdown_v2=None fit_markdown=None fit_html=None extracted_content=None metadata=None error_message='Unexpected error in _crawl_web at line 1246 in _crawl_web (../../.pyenv/versions/3.12.6/lib/python3.12/site-packages/crawl4ai/async_crawler_strategy.py):\nError: \'AsyncPlaywrightCrawlerStrategy\' object has no attribute \'config\'\n\nCode context:\n1241                       raise Error(f"Body element is hidden: {visibility_info}")\n1242   \n1243               except Error as e:\n1244                   visibility_info = await self.check_visibility(page)\n1245   \n1246 →                 if self.config.verbose:\n1247                       self.logger.debug(\n1248                           message="Body visibility info: {info}",\n1249                           tag="DEBUG",\n1250                           params={"info": visibility_info},\n1251                       )' session_id=None response_headers=None status_code=None ssl_certificate=None


Failed to crawl: https://www.northerncollege.ca/course/we4083-ultrasonic-inspection/
Result: url='https://www.northerncollege.ca/course/we4083-ultrasonic-inspection/' html='' success=False cleaned_html=None media={} links={} downloaded_files=None screenshot=None pdf=None markdown=None markdown_v2=None fit_markdown=None fit_html=None extracted_content=None metadata=None error_message='Unexpected error in _crawl_web at line 1246 in _crawl_web (../../.pyenv/versions/3.12.6/lib/python3.12/site-packages/crawl4ai/async_crawler_strategy.py):\nError: \'AsyncPlaywrightCrawlerStrategy\' object has no attribute \'config\'\n\nCode context:\n1241                       raise Error(f"Body element is hidden: {visibility_info}")\n1242   \n1243               except Error as e:\n1244                   visibility_info = await self.check_visibility(page)\n1245   \n1246 →                 if self.config.verbose:\n1247                       self.logger.debug(\n1248                           message="Body visibility info: {info}",\n1249                           tag="DEBUG",\n1250                           params={"info": visibility_info},\n1251                       )' session_id=None response_headers=None status_code=None ssl_certificate=None


Failed to crawl: https://www.northerncollege.ca/course/we4073-radiographic-inspection/
Result: url='https://www.northerncollege.ca/course/we4073-radiographic-inspection/' html='' success=False cleaned_html=None media={} links={} downloaded_files=None screenshot=None pdf=None markdown=None markdown_v2=None fit_markdown=None fit_html=None extracted_content=None metadata=None error_message='Unexpected error in _crawl_web at line 1246 in _crawl_web (../../.pyenv/versions/3.12.6/lib/python3.12/site-packages/crawl4ai/async_crawler_strategy.py):\nError: \'AsyncPlaywrightCrawlerStrategy\' object has no attribute \'config\'\n\nCode context:\n1241                       raise Error(f"Body element is hidden: {visibility_info}")\n1242   \n1243               except Error as e:\n1244                   visibility_info = await self.check_visibility(page)\n1245   \n1246 →                 if self.config.verbose:\n1247                       self.logger.debug(\n1248                           message="Body visibility info: {info}",\n1249                           tag="DEBUG",\n1250                           params={"info": visibility_info},\n1251                       )' session_id=None response_headers=None status_code=None ssl_certificate=None


Failed to crawl: https://www.northerncollege.ca/course/we5040-technical-project-i-lab/
Result: url='https://www.northerncollege.ca/course/we5040-technical-project-i-lab/' html='' success=False cleaned_html=None media={} links={} downloaded_files=None screenshot=None pdf=None markdown=None markdown_v2=None fit_markdown=None fit_html=None extracted_content=None metadata=None error_message='Unexpected error in _crawl_web at line 1205 in _crawl_web (../../.pyenv/versions/3.12.6/lib/python3.12/site-packages/crawl4ai/async_crawler_strategy.py):\nError: Failed on navigating ACS-GOTO:\nPage.goto: net::ERR_TIMED_OUT at https://www.northerncollege.ca/course/we5040-technical-project-i-lab/\nCall log:\n  - navigating to "https://www.northerncollege.ca/course/we5040-technical-project-i-lab/", waiting until "domcontentloaded"\n\n\nCode context:\n1200   \n1201                       response = await page.goto(\n1202                           url, wait_until=config.wait_until, timeout=config.page_timeout\n1203                       )\n1204                   except Error as e:\n1205 →                     raise RuntimeError(f"Failed on navigating ACS-GOTO:\\n{str(e)}")\n1206   \n1207                   await self.execute_hook("after_goto", page, context=context, url=url, response=response)\n1208   \n1209                   if response is None:\n1210                       status_code = 200' session_id=None response_headers=None status_code=None ssl_certificate=None


Failed to crawl: https://www.northerncollege.ca/course/gn1103-investing-in-your-future/
Result: url='https://www.northerncollege.ca/course/gn1103-investing-in-your-future/' html='' success=False cleaned_html=None media={} links={} downloaded_files=None screenshot=None pdf=None markdown=None markdown_v2=None fit_markdown=None fit_html=None extracted_content=None metadata=None error_message='Unexpected error in _crawl_web at line 1205 in _crawl_web (../../.pyenv/versions/3.12.6/lib/python3.12/site-packages/crawl4ai/async_crawler_strategy.py):\nError: Failed on navigating ACS-GOTO:\nPage.goto: net::ERR_TIMED_OUT at https://www.northerncollege.ca/course/gn1103-investing-in-your-future/\nCall log:\n  - navigating to "https://www.northerncollege.ca/course/gn1103-investing-in-your-future/", waiting until "domcontentloaded"\n\n\nCode context:\n1200   \n1201                       response = await page.goto(\n1202                           url, wait_until=config.wait_until, timeout=config.page_timeout\n1203                       )\n1204                   except Error as e:\n1205 →                     raise RuntimeError(f"Failed on navigating ACS-GOTO:\\n{str(e)}")\n1206   \n1207                   await self.execute_hook("after_goto", page, context=context, url=url, response=response)\n1208   \n1209                   if response is None:\n1210                       status_code = 200' session_id=None response_headers=None status_code=None ssl_certificate=None


Failed to crawl: https://www.northerncollege.ca/course/ns1001-supporting-academic-success/
Result: url='https://www.northerncollege.ca/course/ns1001-supporting-academic-success/' html='' success=False cleaned_html=None media={} links={} downloaded_files=None screenshot=None pdf=None markdown=None markdown_v2=None fit_markdown=None fit_html=None extracted_content=None metadata=None error_message='Unexpected error in _crawl_web at line 1205 in _crawl_web (../../.pyenv/versions/3.12.6/lib/python3.12/site-packages/crawl4ai/async_crawler_strategy.py):\nError: Failed on navigating ACS-GOTO:\nPage.goto: Timeout 60000ms exceeded.\nCall log:\n  - navigating to "https://www.northerncollege.ca/course/ns1001-supporting-academic-success/", waiting until "domcontentloaded"\n\n\nCode context:\n1200   \n1201                       response = await page.goto(\n1202                           url, wait_until=config.wait_until, timeout=config.page_timeout\n1203                       )\n1204                   except Error as e:\n1205 →                     raise RuntimeError(f"Failed on navigating ACS-GOTO:\\n{str(e)}")\n1206   \n1207                   await self.execute_hook("after_goto", page, context=context, url=url, response=response)\n1208   \n1209                   if response is None:\n1210                       status_code = 200' session_id=None response_headers=None status_code=None ssl_certificate=None


Failed to crawl: https://www.northerncollege.ca/course/ns1023-developmental-psychology-for-bscn/
Result: url='https://www.northerncollege.ca/course/ns1023-developmental-psychology-for-bscn/' html='' success=False cleaned_html=None media={} links={} downloaded_files=None screenshot=None pdf=None markdown=None markdown_v2=None fit_markdown=None fit_html=None extracted_content=None metadata=None error_message='Unexpected error in _crawl_web at line 1205 in _crawl_web (../../.pyenv/versions/3.12.6/lib/python3.12/site-packages/crawl4ai/async_crawler_strategy.py):\nError: Failed on navigating ACS-GOTO:\nPage.goto: Timeout 60000ms exceeded.\nCall log:\n  - navigating to "https://www.northerncollege.ca/course/ns1023-developmental-psychology-for-bscn/", waiting until "domcontentloaded"\n\n\nCode context:\n1200   \n1201                       response = await page.goto(\n1202                           url, wait_until=config.wait_until, timeout=config.page_timeout\n1203                       )\n1204                   except Error as e:\n1205 →                     raise RuntimeError(f"Failed on navigating ACS-GOTO:\\n{str(e)}")\n1206   \n1207                   await self.execute_hook("after_goto", page, context=context, url=url, response=response)\n1208   \n1209                   if response is None:\n1210                       status_code = 200' session_id=None response_headers=None status_code=None ssl_certificate=None


Failed to crawl: https://www.northerncollege.ca/course/ns3003-working-with-an-indigenous-reality/
Result: url='https://www.northerncollege.ca/course/ns3003-working-with-an-indigenous-reality/' html='' success=False cleaned_html=None media={} links={} downloaded_files=None screenshot=None pdf=None markdown=None markdown_v2=None fit_markdown=None fit_html=None extracted_content=None metadata=None error_message='Unexpected error in _crawl_web at line 1205 in _crawl_web (../../.pyenv/versions/3.12.6/lib/python3.12/site-packages/crawl4ai/async_crawler_strategy.py):\nError: Failed on navigating ACS-GOTO:\nPage.goto: Timeout 60000ms exceeded.\nCall log:\n  - navigating to "https://www.northerncollege.ca/course/ns3003-working-with-an-indigenous-reality/", waiting until "domcontentloaded"\n\n\nCode context:\n1200   \n1201                       response = await page.goto(\n1202                           url, wait_until=config.wait_until, timeout=config.page_timeout\n1203                       )\n1204                   except Error as e:\n1205 →                     raise RuntimeError(f"Failed on navigating ACS-GOTO:\\n{str(e)}")\n1206   \n1207                   await self.execute_hook("after_goto", page, context=context, url=url, response=response)\n1208   \n1209                   if response is None:\n1210                       status_code = 200' session_id=None response_headers=None status_code=None ssl_certificate=None


Failed to crawl: https://www.northerncollege.ca/course/ns1033-abnormal-psychology-for-bscn/
Result: url='https://www.northerncollege.ca/course/ns1033-abnormal-psychology-for-bscn/' html='' success=False cleaned_html=None media={} links={} downloaded_files=None screenshot=None pdf=None markdown=None markdown_v2=None fit_markdown=None fit_html=None extracted_content=None metadata=None error_message='Unexpected error in _crawl_web at line 1205 in _crawl_web (../../.pyenv/versions/3.12.6/lib/python3.12/site-packages/crawl4ai/async_crawler_strategy.py):\nError: Failed on navigating ACS-GOTO:\nPage.goto: Timeout 60000ms exceeded.\nCall log:\n  - navigating to "https://www.northerncollege.ca/course/ns1033-abnormal-psychology-for-bscn/", waiting until "domcontentloaded"\n\n\nCode context:\n1200   \n1201                       response = await page.goto(\n1202                           url, wait_until=config.wait_until, timeout=config.page_timeout\n1203                       )\n1204                   except Error as e:\n1205 →                     raise RuntimeError(f"Failed on navigating ACS-GOTO:\\n{str(e)}")\n1206   \n1207                   await self.execute_hook("after_goto", page, context=context, url=url, response=response)\n1208   \n1209                   if response is None:\n1210                       status_code = 200' session_id=None response_headers=None status_code=None ssl_certificate=None


Failed to crawl: https://www.northerncollege.ca/course/bn3023-thanatology-death-dying-bereavement/
Result: url='https://www.northerncollege.ca/course/bn3023-thanatology-death-dying-bereavement/' html='' success=False cleaned_html=None media={} links={} downloaded_files=None screenshot=None pdf=None markdown=None markdown_v2=None fit_markdown=None fit_html=None extracted_content=None metadata=None error_message='Unexpected error in _crawl_web at line 1205 in _crawl_web (../../.pyenv/versions/3.12.6/lib/python3.12/site-packages/crawl4ai/async_crawler_strategy.py):\nError: Failed on navigating ACS-GOTO:\nPage.goto: Timeout 60000ms exceeded.\nCall log:\n  - navigating to "https://www.northerncollege.ca/course/bn3023-thanatology-death-dying-bereavement/", waiting until "domcontentloaded"\n\n\nCode context:\n1200   \n1201                       response = await page.goto(\n1202                           url, wait_until=config.wait_until, timeout=config.page_timeout\n1203                       )\n1204                   except Error as e:\n1205 →                     raise RuntimeError(f"Failed on navigating ACS-GOTO:\\n{str(e)}")\n1206   \n1207                   await self.execute_hook("after_goto", page, context=context, url=url, response=response)\n1208   \n1209                   if response is None:\n1210                       status_code = 200' session_id=None response_headers=None status_code=None ssl_certificate=None


Failed to crawl: https://www.northerncollege.ca/course/cad-ii-for-construction-engineering/
Result: url='https://www.northerncollege.ca/course/cad-ii-for-construction-engineering/' html='' success=False cleaned_html=None media={} links={} downloaded_files=None screenshot=None pdf=None markdown=None markdown_v2=None fit_markdown=None fit_html=None extracted_content=None metadata=None error_message='Unexpected error in _crawl_web at line 1205 in _crawl_web (../../.pyenv/versions/3.12.6/lib/python3.12/site-packages/crawl4ai/async_crawler_strategy.py):\nError: Failed on navigating ACS-GOTO:\nPage.goto: Timeout 60000ms exceeded.\nCall log:\n  - navigating to "https://www.northerncollege.ca/course/cad-ii-for-construction-engineering/", waiting until "domcontentloaded"\n\n\nCode context:\n1200   \n1201                       response = await page.goto(\n1202                           url, wait_until=config.wait_until, timeout=config.page_timeout\n1203                       )\n1204                   except Error as e:\n1205 →                     raise RuntimeError(f"Failed on navigating ACS-GOTO:\\n{str(e)}")\n1206   \n1207                   await self.execute_hook("after_goto", page, context=context, url=url, response=response)\n1208   \n1209                   if response is None:\n1210                       status_code = 200' session_id=None response_headers=None status_code=None ssl_certificate=None


Failed to crawl: https://www.northerncollege.ca/course/el5002-electrical-design-code/
Result: url='https://www.northerncollege.ca/course/el5002-electrical-design-code/' html='' success=False cleaned_html=None media={} links={} downloaded_files=None screenshot=None pdf=None markdown=None markdown_v2=None fit_markdown=None fit_html=None extracted_content=None metadata=None error_message='Unexpected error in _crawl_web at line 1205 in _crawl_web (../../.pyenv/versions/3.12.6/lib/python3.12/site-packages/crawl4ai/async_crawler_strategy.py):\nError: Failed on navigating ACS-GOTO:\nPage.goto: Timeout 60000ms exceeded.\nCall log:\n  - navigating to "https://www.northerncollege.ca/course/el5002-electrical-design-code/", waiting until "domcontentloaded"\n\n\nCode context:\n1200   \n1201                       response = await page.goto(\n1202                           url, wait_until=config.wait_until, timeout=config.page_timeout\n1203                       )\n1204                   except Error as e:\n1205 →                     raise RuntimeError(f"Failed on navigating ACS-GOTO:\\n{str(e)}")\n1206   \n1207                   await self.execute_hook("after_goto", page, context=context, url=url, response=response)\n1208   \n1209                   if response is None:\n1210                       status_code = 200' session_id=None response_headers=None status_code=None ssl_certificate=None


Failed to crawl: https://www.northerncollege.ca/course/em2073-life-safety-education/
Result: url='https://www.northerncollege.ca/course/em2073-life-safety-education/' html='' success=False cleaned_html=None media={} links={} downloaded_files=None screenshot=None pdf=None markdown=None markdown_v2=None fit_markdown=None fit_html=None extracted_content=None metadata=None error_message='Unexpected error in _crawl_web at line 1205 in _crawl_web (../../.pyenv/versions/3.12.6/lib/python3.12/site-packages/crawl4ai/async_crawler_strategy.py):\nError: Failed on navigating ACS-GOTO:\nPage.goto: Timeout 60000ms exceeded.\nCall log:\n  - navigating to "https://www.northerncollege.ca/course/em2073-life-safety-education/", waiting until "domcontentloaded"\n\n\nCode context:\n1200   \n1201                       response = await page.goto(\n1202                           url, wait_until=config.wait_until, timeout=config.page_timeout\n1203                       )\n1204                   except Error as e:\n1205 →                     raise RuntimeError(f"Failed on navigating ACS-GOTO:\\n{str(e)}")\n1206   \n1207                   await self.execute_hook("after_goto", page, context=context, url=url, response=response)\n1208   \n1209                   if response is None:\n1210                       status_code = 200' session_id=None response_headers=None status_code=None ssl_certificate=None


Failed to crawl: https://www.northerncollege.ca/course/mi3043-surveying-ii/
Result: url='https://www.northerncollege.ca/course/mi3043-surveying-ii/' html='' success=False cleaned_html=None media={} links={} downloaded_files=None screenshot=None pdf=None markdown=None markdown_v2=None fit_markdown=None fit_html=None extracted_content=None metadata=None error_message='Unexpected error in _crawl_web at line 1246 in _crawl_web (../../.pyenv/versions/3.12.6/lib/python3.12/site-packages/crawl4ai/async_crawler_strategy.py):\nError: \'AsyncPlaywrightCrawlerStrategy\' object has no attribute \'config\'\n\nCode context:\n1241                       raise Error(f"Body element is hidden: {visibility_info}")\n1242   \n1243               except Error as e:\n1244                   visibility_info = await self.check_visibility(page)\n1245   \n1246 →                 if self.config.verbose:\n1247                       self.logger.debug(\n1248                           message="Body visibility info: {info}",\n1249                           tag="DEBUG",\n1250                           params={"info": visibility_info},\n1251                       )' session_id=None response_headers=None status_code=None ssl_certificate=None


Failed to crawl: https://www.northerncollege.ca/course/va2011-va-field-placement/
Result: url='https://www.northerncollege.ca/course/va2011-va-field-placement/' html='' success=False cleaned_html=None media={} links={} downloaded_files=None screenshot=None pdf=None markdown=None markdown_v2=None fit_markdown=None fit_html=None extracted_content=None metadata=None error_message='Unexpected error in _crawl_web at line 1246 in _crawl_web (../../.pyenv/versions/3.12.6/lib/python3.12/site-packages/crawl4ai/async_crawler_strategy.py):\nError: \'AsyncPlaywrightCrawlerStrategy\' object has no attribute \'config\'\n\nCode context:\n1241                       raise Error(f"Body element is hidden: {visibility_info}")\n1242   \n1243               except Error as e:\n1244                   visibility_info = await self.check_visibility(page)\n1245   \n1246 →                 if self.config.verbose:\n1247                       self.logger.debug(\n1248                           message="Body visibility info: {info}",\n1249                           tag="DEBUG",\n1250                           params={"info": visibility_info},\n1251                       )' session_id=None response_headers=None status_code=None ssl_certificate=None


Failed to crawl: https://www.northerncollege.ca/course/va2021-vet-assistant-math/
Result: url='https://www.northerncollege.ca/course/va2021-vet-assistant-math/' html='' success=False cleaned_html=None media={} links={} downloaded_files=None screenshot=None pdf=None markdown=None markdown_v2=None fit_markdown=None fit_html=None extracted_content=None metadata=None error_message='Unexpected error in _crawl_web at line 1246 in _crawl_web (../../.pyenv/versions/3.12.6/lib/python3.12/site-packages/crawl4ai/async_crawler_strategy.py):\nError: \'AsyncPlaywrightCrawlerStrategy\' object has no attribute \'config\'\n\nCode context:\n1241                       raise Error(f"Body element is hidden: {visibility_info}")\n1242   \n1243               except Error as e:\n1244                   visibility_info = await self.check_visibility(page)\n1245   \n1246 →                 if self.config.verbose:\n1247                       self.logger.debug(\n1248                           message="Body visibility info: {info}",\n1249                           tag="DEBUG",\n1250                           params={"info": visibility_info},\n1251                       )' session_id=None response_headers=None status_code=None ssl_certificate=None


Failed to crawl: https://www.northerncollege.ca/course/va2031-shelter-medicine/
Result: url='https://www.northerncollege.ca/course/va2031-shelter-medicine/' html='' success=False cleaned_html=None media={} links={} downloaded_files=None screenshot=None pdf=None markdown=None markdown_v2=None fit_markdown=None fit_html=None extracted_content=None metadata=None error_message='Unexpected error in _crawl_web at line 1246 in _crawl_web (../../.pyenv/versions/3.12.6/lib/python3.12/site-packages/crawl4ai/async_crawler_strategy.py):\nError: \'AsyncPlaywrightCrawlerStrategy\' object has no attribute \'config\'\n\nCode context:\n1241                       raise Error(f"Body element is hidden: {visibility_info}")\n1242   \n1243               except Error as e:\n1244                   visibility_info = await self.check_visibility(page)\n1245   \n1246 →                 if self.config.verbose:\n1247                       self.logger.debug(\n1248                           message="Body visibility info: {info}",\n1249                           tag="DEBUG",\n1250                           params={"info": visibility_info},\n1251                       )' session_id=None response_headers=None status_code=None ssl_certificate=None


Failed to crawl: https://www.northerncollege.ca/course/bi2013-anatomy-and-physiology-ii-2/
Result: url='https://www.northerncollege.ca/course/bi2013-anatomy-and-physiology-ii-2/' html='' success=False cleaned_html=None media={} links={} downloaded_files=None screenshot=None pdf=None markdown=None markdown_v2=None fit_markdown=None fit_html=None extracted_content=None metadata=None error_message='Unexpected error in _crawl_web at line 1246 in _crawl_web (../../.pyenv/versions/3.12.6/lib/python3.12/site-packages/crawl4ai/async_crawler_strategy.py):\nError: \'AsyncPlaywrightCrawlerStrategy\' object has no attribute \'config\'\n\nCode context:\n1241                       raise Error(f"Body element is hidden: {visibility_info}")\n1242   \n1243               except Error as e:\n1244                   visibility_info = await self.check_visibility(page)\n1245   \n1246 →                 if self.config.verbose:\n1247                       self.logger.debug(\n1248                           message="Body visibility info: {info}",\n1249                           tag="DEBUG",\n1250                           params={"info": visibility_info},\n1251                       )' session_id=None response_headers=None status_code=None ssl_certificate=None


Failed to crawl: https://www.northerncollege.ca/course/bu2083-project-management/
Result: url='https://www.northerncollege.ca/course/bu2083-project-management/' html='' success=False cleaned_html=None media={} links={} downloaded_files=None screenshot=None pdf=None markdown=None markdown_v2=None fit_markdown=None fit_html=None extracted_content=None metadata=None error_message='Unexpected error in _crawl_web at line 1246 in _crawl_web (../../.pyenv/versions/3.12.6/lib/python3.12/site-packages/crawl4ai/async_crawler_strategy.py):\nError: \'AsyncPlaywrightCrawlerStrategy\' object has no attribute \'config\'\n\nCode context:\n1241                       raise Error(f"Body element is hidden: {visibility_info}")\n1242   \n1243               except Error as e:\n1244                   visibility_info = await self.check_visibility(page)\n1245   \n1246 →                 if self.config.verbose:\n1247                       self.logger.debug(\n1248                           message="Body visibility info: {info}",\n1249                           tag="DEBUG",\n1250                           params={"info": visibility_info},\n1251                       )' session_id=None response_headers=None status_code=None ssl_certificate=None


Failed to crawl: https://www.northerncollege.ca/course/cp1035-database-management-2/
Result: url='https://www.northerncollege.ca/course/cp1035-database-management-2/' html='' success=False cleaned_html=None media={} links={} downloaded_files=None screenshot=None pdf=None markdown=None markdown_v2=None fit_markdown=None fit_html=None extracted_content=None metadata=None error_message='Unexpected error in _crawl_web at line 1246 in _crawl_web (../../.pyenv/versions/3.12.6/lib/python3.12/site-packages/crawl4ai/async_crawler_strategy.py):\nError: \'AsyncPlaywrightCrawlerStrategy\' object has no attribute \'config\'\n\nCode context:\n1241                       raise Error(f"Body element is hidden: {visibility_info}")\n1242   \n1243               except Error as e:\n1244                   visibility_info = await self.check_visibility(page)\n1245   \n1246 →                 if self.config.verbose:\n1247                       self.logger.debug(\n1248                           message="Body visibility info: {info}",\n1249                           tag="DEBUG",\n1250                           params={"info": visibility_info},\n1251                       )' session_id=None response_headers=None status_code=None ssl_certificate=None


Failed to crawl: https://www.northerncollege.ca/course/mi4093-mineralogy-geology-vi/
Result: url='https://www.northerncollege.ca/course/mi4093-mineralogy-geology-vi/' html='' success=False cleaned_html=None media={} links={} downloaded_files=None screenshot=None pdf=None markdown=None markdown_v2=None fit_markdown=None fit_html=None extracted_content=None metadata=None error_message='Unexpected error in _crawl_web at line 1246 in _crawl_web (../../.pyenv/versions/3.12.6/lib/python3.12/site-packages/crawl4ai/async_crawler_strategy.py):\nError: \'AsyncPlaywrightCrawlerStrategy\' object has no attribute \'config\'\n\nCode context:\n1241                       raise Error(f"Body element is hidden: {visibility_info}")\n1242   \n1243               except Error as e:\n1244                   visibility_info = await self.check_visibility(page)\n1245   \n1246 →                 if self.config.verbose:\n1247                       self.logger.debug(\n1248                           message="Body visibility info: {info}",\n1249                           tag="DEBUG",\n1250                           params={"info": visibility_info},\n1251                       )' session_id=None response_headers=None status_code=None ssl_certificate=None


Failed to crawl: https://www.northerncollege.ca/course/mi4013-surveying-iv/
Result: url='https://www.northerncollege.ca/course/mi4013-surveying-iv/' html='' success=False cleaned_html=None media={} links={} downloaded_files=None screenshot=None pdf=None markdown=None markdown_v2=None fit_markdown=None fit_html=None extracted_content=None metadata=None error_message='Unexpected error in _crawl_web at line 1246 in _crawl_web (../../.pyenv/versions/3.12.6/lib/python3.12/site-packages/crawl4ai/async_crawler_strategy.py):\nError: \'AsyncPlaywrightCrawlerStrategy\' object has no attribute \'config\'\n\nCode context:\n1241                       raise Error(f"Body element is hidden: {visibility_info}")\n1242   \n1243               except Error as e:\n1244                   visibility_info = await self.check_visibility(page)\n1245   \n1246 →                 if self.config.verbose:\n1247                       self.logger.debug(\n1248                           message="Body visibility info: {info}",\n1249                           tag="DEBUG",\n1250                           params={"info": visibility_info},\n1251                       )' session_id=None response_headers=None status_code=None ssl_certificate=None


Failed to crawl: https://www.northerncollege.ca/course/fh1013-physiology/
Result: url='https://www.northerncollege.ca/course/fh1013-physiology/' html='' success=False cleaned_html=None media={} links={} downloaded_files=None screenshot=None pdf=None markdown=None markdown_v2=None fit_markdown=None fit_html=None extracted_content=None metadata=None error_message='Unexpected error in _crawl_web at line 1246 in _crawl_web (../../.pyenv/versions/3.12.6/lib/python3.12/site-packages/crawl4ai/async_crawler_strategy.py):\nError: \'AsyncPlaywrightCrawlerStrategy\' object has no attribute \'config\'\n\nCode context:\n1241                       raise Error(f"Body element is hidden: {visibility_info}")\n1242   \n1243               except Error as e:\n1244                   visibility_info = await self.check_visibility(page)\n1245   \n1246 →                 if self.config.verbose:\n1247                       self.logger.debug(\n1248                           message="Body visibility info: {info}",\n1249                           tag="DEBUG",\n1250                           params={"info": visibility_info},\n1251                       )' session_id=None response_headers=None status_code=None ssl_certificate=None


Failed to crawl: https://www.northerncollege.ca/course/fh1023-fitness-assessment-i/
Result: url='https://www.northerncollege.ca/course/fh1023-fitness-assessment-i/' html='' success=False cleaned_html=None media={} links={} downloaded_files=None screenshot=None pdf=None markdown=None markdown_v2=None fit_markdown=None fit_html=None extracted_content=None metadata=None error_message='Unexpected error in _crawl_web at line 1246 in _crawl_web (../../.pyenv/versions/3.12.6/lib/python3.12/site-packages/crawl4ai/async_crawler_strategy.py):\nError: \'AsyncPlaywrightCrawlerStrategy\' object has no attribute \'config\'\n\nCode context:\n1241                       raise Error(f"Body element is hidden: {visibility_info}")\n1242   \n1243               except Error as e:\n1244                   visibility_info = await self.check_visibility(page)\n1245   \n1246 →                 if self.config.verbose:\n1247                       self.logger.debug(\n1248                           message="Body visibility info: {info}",\n1249                           tag="DEBUG",\n1250                           params={"info": visibility_info},\n1251                       )' session_id=None response_headers=None status_code=None ssl_certificate=None


Failed to crawl: https://www.northerncollege.ca/course/fh1033-group-exercise-i/
Result: url='https://www.northerncollege.ca/course/fh1033-group-exercise-i/' html='' success=False cleaned_html=None media={} links={} downloaded_files=None screenshot=None pdf=None markdown=None markdown_v2=None fit_markdown=None fit_html=None extracted_content=None metadata=None error_message='Unexpected error in _crawl_web at line 1246 in _crawl_web (../../.pyenv/versions/3.12.6/lib/python3.12/site-packages/crawl4ai/async_crawler_strategy.py):\nError: \'AsyncPlaywrightCrawlerStrategy\' object has no attribute \'config\'\n\nCode context:\n1241                       raise Error(f"Body element is hidden: {visibility_info}")\n1242   \n1243               except Error as e:\n1244                   visibility_info = await self.check_visibility(page)\n1245   \n1246 →                 if self.config.verbose:\n1247                       self.logger.debug(\n1248                           message="Body visibility info: {info}",\n1249                           tag="DEBUG",\n1250                           params={"info": visibility_info},\n1251                       )' session_id=None response_headers=None status_code=None ssl_certificate=None


Failed to crawl: https://www.northerncollege.ca/course/fh1003-math-business-for-health-and-fitness-professionals/
Result: url='https://www.northerncollege.ca/course/fh1003-math-business-for-health-and-fitness-professionals/' html='' success=False cleaned_html=None media={} links={} downloaded_files=None screenshot=None pdf=None markdown=None markdown_v2=None fit_markdown=None fit_html=None extracted_content=None metadata=None error_message='Unexpected error in _crawl_web at line 1246 in _crawl_web (../../.pyenv/versions/3.12.6/lib/python3.12/site-packages/crawl4ai/async_crawler_strategy.py):\nError: \'AsyncPlaywrightCrawlerStrategy\' object has no attribute \'config\'\n\nCode context:\n1241                       raise Error(f"Body element is hidden: {visibility_info}")\n1242   \n1243               except Error as e:\n1244                   visibility_info = await self.check_visibility(page)\n1245   \n1246 →                 if self.config.verbose:\n1247                       self.logger.debug(\n1248                           message="Body visibility info: {info}",\n1249                           tag="DEBUG",\n1250                           params={"info": visibility_info},\n1251                       )' session_id=None response_headers=None status_code=None ssl_certificate=None


Failed to crawl: https://www.northerncollege.ca/course/cm1913-communication-i-model-b/
Result: url='https://www.northerncollege.ca/course/cm1913-communication-i-model-b/' html='' success=False cleaned_html=None media={} links={} downloaded_files=None screenshot=None pdf=None markdown=None markdown_v2=None fit_markdown=None fit_html=None extracted_content=None metadata=None error_message='Unexpected error in _crawl_web at line 1246 in _crawl_web (../../.pyenv/versions/3.12.6/lib/python3.12/site-packages/crawl4ai/async_crawler_strategy.py):\nError: \'AsyncPlaywrightCrawlerStrategy\' object has no attribute \'config\'\n\nCode context:\n1241                       raise Error(f"Body element is hidden: {visibility_info}")\n1242   \n1243               except Error as e:\n1244                   visibility_info = await self.check_visibility(page)\n1245   \n1246 →                 if self.config.verbose:\n1247                       self.logger.debug(\n1248                           message="Body visibility info: {info}",\n1249                           tag="DEBUG",\n1250                           params={"info": visibility_info},\n1251                       )' session_id=None response_headers=None status_code=None ssl_certificate=None


Failed to crawl: https://www.northerncollege.ca/course/fh2003-introduction-to-health-and-wellness-2/
Result: url='https://www.northerncollege.ca/course/fh2003-introduction-to-health-and-wellness-2/' html='' success=False cleaned_html=None media={} links={} downloaded_files=None screenshot=None pdf=None markdown=None markdown_v2=None fit_markdown=None fit_html=None extracted_content=None metadata=None error_message='Unexpected error in _crawl_web at line 1246 in _crawl_web (../../.pyenv/versions/3.12.6/lib/python3.12/site-packages/crawl4ai/async_crawler_strategy.py):\nError: \'AsyncPlaywrightCrawlerStrategy\' object has no attribute \'config\'\n\nCode context:\n1241                       raise Error(f"Body element is hidden: {visibility_info}")\n1242   \n1243               except Error as e:\n1244                   visibility_info = await self.check_visibility(page)\n1245   \n1246 →                 if self.config.verbose:\n1247                       self.logger.debug(\n1248                           message="Body visibility info: {info}",\n1249                           tag="DEBUG",\n1250                           params={"info": visibility_info},\n1251                       )' session_id=None response_headers=None status_code=None ssl_certificate=None


Failed to crawl: https://www.northerncollege.ca/course/fh2013-nutrition/
Result: url='https://www.northerncollege.ca/course/fh2013-nutrition/' html='' success=False cleaned_html=None media={} links={} downloaded_files=None screenshot=None pdf=None markdown=None markdown_v2=None fit_markdown=None fit_html=None extracted_content=None metadata=None error_message='Unexpected error in _crawl_web at line 1246 in _crawl_web (../../.pyenv/versions/3.12.6/lib/python3.12/site-packages/crawl4ai/async_crawler_strategy.py):\nError: \'AsyncPlaywrightCrawlerStrategy\' object has no attribute \'config\'\n\nCode context:\n1241                       raise Error(f"Body element is hidden: {visibility_info}")\n1242   \n1243               except Error as e:\n1244                   visibility_info = await self.check_visibility(page)\n1245   \n1246 →                 if self.config.verbose:\n1247                       self.logger.debug(\n1248                           message="Body visibility info: {info}",\n1249                           tag="DEBUG",\n1250                           params={"info": visibility_info},\n1251                       )' session_id=None response_headers=None status_code=None ssl_certificate=None


Failed to crawl: https://www.northerncollege.ca/course/fh2053-exercise-physiology/
Result: url='https://www.northerncollege.ca/course/fh2053-exercise-physiology/' html='' success=False cleaned_html=None media={} links={} downloaded_files=None screenshot=None pdf=None markdown=None markdown_v2=None fit_markdown=None fit_html=None extracted_content=None metadata=None error_message='Unexpected error in _crawl_web at line 1246 in _crawl_web (../../.pyenv/versions/3.12.6/lib/python3.12/site-packages/crawl4ai/async_crawler_strategy.py):\nError: \'AsyncPlaywrightCrawlerStrategy\' object has no attribute \'config\'\n\nCode context:\n1241                       raise Error(f"Body element is hidden: {visibility_info}")\n1242   \n1243               except Error as e:\n1244                   visibility_info = await self.check_visibility(page)\n1245   \n1246 →                 if self.config.verbose:\n1247                       self.logger.debug(\n1248                           message="Body visibility info: {info}",\n1249                           tag="DEBUG",\n1250                           params={"info": visibility_info},\n1251                       )' session_id=None response_headers=None status_code=None ssl_certificate=None


Failed to crawl: https://www.northerncollege.ca/course/fh2033-exercise-prescriptions-i/
Result: url='https://www.northerncollege.ca/course/fh2033-exercise-prescriptions-i/' html='' success=False cleaned_html=None media={} links={} downloaded_files=None screenshot=None pdf=None markdown=None markdown_v2=None fit_markdown=None fit_html=None extracted_content=None metadata=None error_message='Unexpected error in _crawl_web at line 1246 in _crawl_web (../../.pyenv/versions/3.12.6/lib/python3.12/site-packages/crawl4ai/async_crawler_strategy.py):\nError: \'AsyncPlaywrightCrawlerStrategy\' object has no attribute \'config\'\n\nCode context:\n1241                       raise Error(f"Body element is hidden: {visibility_info}")\n1242   \n1243               except Error as e:\n1244                   visibility_info = await self.check_visibility(page)\n1245   \n1246 →                 if self.config.verbose:\n1247                       self.logger.debug(\n1248                           message="Body visibility info: {info}",\n1249                           tag="DEBUG",\n1250                           params={"info": visibility_info},\n1251                       )' session_id=None response_headers=None status_code=None ssl_certificate=None


Failed to crawl: https://www.northerncollege.ca/course/fh2023-group-exercise-ii/
Result: url='https://www.northerncollege.ca/course/fh2023-group-exercise-ii/' html='' success=False cleaned_html=None media={} links={} downloaded_files=None screenshot=None pdf=None markdown=None markdown_v2=None fit_markdown=None fit_html=None extracted_content=None metadata=None error_message='Unexpected error in _crawl_web at line 1246 in _crawl_web (../../.pyenv/versions/3.12.6/lib/python3.12/site-packages/crawl4ai/async_crawler_strategy.py):\nError: \'AsyncPlaywrightCrawlerStrategy\' object has no attribute \'config\'\n\nCode context:\n1241                       raise Error(f"Body element is hidden: {visibility_info}")\n1242   \n1243               except Error as e:\n1244                   visibility_info = await self.check_visibility(page)\n1245   \n1246 →                 if self.config.verbose:\n1247                       self.logger.debug(\n1248                           message="Body visibility info: {info}",\n1249                           tag="DEBUG",\n1250                           params={"info": visibility_info},\n1251                       )' session_id=None response_headers=None status_code=None ssl_certificate=None


Failed to crawl: https://www.northerncollege.ca/course/fh2043-career-preparation-skills/
Result: url='https://www.northerncollege.ca/course/fh2043-career-preparation-skills/' html='' success=False cleaned_html=None media={} links={} downloaded_files=None screenshot=None pdf=None markdown=None markdown_v2=None fit_markdown=None fit_html=None extracted_content=None metadata=None error_message='Unexpected error in _crawl_web at line 1246 in _crawl_web (../../.pyenv/versions/3.12.6/lib/python3.12/site-packages/crawl4ai/async_crawler_strategy.py):\nError: \'AsyncPlaywrightCrawlerStrategy\' object has no attribute \'config\'\n\nCode context:\n1241                       raise Error(f"Body element is hidden: {visibility_info}")\n1242   \n1243               except Error as e:\n1244                   visibility_info = await self.check_visibility(page)\n1245   \n1246 →                 if self.config.verbose:\n1247                       self.logger.debug(\n1248                           message="Body visibility info: {info}",\n1249                           tag="DEBUG",\n1250                           params={"info": visibility_info},\n1251                       )' session_id=None response_headers=None status_code=None ssl_certificate=None


Failed to crawl: https://www.northerncollege.ca/course/fh2005-fitness-assessment-ii/
Result: url='https://www.northerncollege.ca/course/fh2005-fitness-assessment-ii/' html='' success=False cleaned_html=None media={} links={} downloaded_files=None screenshot=None pdf=None markdown=None markdown_v2=None fit_markdown=None fit_html=None extracted_content=None metadata=None error_message='Unexpected error in _crawl_web at line 1246 in _crawl_web (../../.pyenv/versions/3.12.6/lib/python3.12/site-packages/crawl4ai/async_crawler_strategy.py):\nError: \'AsyncPlaywrightCrawlerStrategy\' object has no attribute \'config\'\n\nCode context:\n1241                       raise Error(f"Body element is hidden: {visibility_info}")\n1242   \n1243               except Error as e:\n1244                   visibility_info = await self.check_visibility(page)\n1245   \n1246 →                 if self.config.verbose:\n1247                       self.logger.debug(\n1248                           message="Body visibility info: {info}",\n1249                           tag="DEBUG",\n1250                           params={"info": visibility_info},\n1251                       )' session_id=None response_headers=None status_code=None ssl_certificate=None


Failed to crawl: https://www.northerncollege.ca/course/fh3005-therapeutic-exercise-and-injury-management/
Result: url='https://www.northerncollege.ca/course/fh3005-therapeutic-exercise-and-injury-management/' html='' success=False cleaned_html=None media={} links={} downloaded_files=None screenshot=None pdf=None markdown=None markdown_v2=None fit_markdown=None fit_html=None extracted_content=None metadata=None error_message='Unexpected error in _crawl_web at line 1246 in _crawl_web (../../.pyenv/versions/3.12.6/lib/python3.12/site-packages/crawl4ai/async_crawler_strategy.py):\nError: \'AsyncPlaywrightCrawlerStrategy\' object has no attribute \'config\'\n\nCode context:\n1241                       raise Error(f"Body element is hidden: {visibility_info}")\n1242   \n1243               except Error as e:\n1244                   visibility_info = await self.check_visibility(page)\n1245   \n1246 →                 if self.config.verbose:\n1247                       self.logger.debug(\n1248                           message="Body visibility info: {info}",\n1249                           tag="DEBUG",\n1250                           params={"info": visibility_info},\n1251                       )' session_id=None response_headers=None status_code=None ssl_certificate=None


Failed to crawl: https://www.northerncollege.ca/course/fh3003-counselling-communication-and-behavioural-change/
Result: url='https://www.northerncollege.ca/course/fh3003-counselling-communication-and-behavioural-change/' html='' success=False cleaned_html=None media={} links={} downloaded_files=None screenshot=None pdf=None markdown=None markdown_v2=None fit_markdown=None fit_html=None extracted_content=None metadata=None error_message='Unexpected error in _crawl_web at line 1246 in _crawl_web (../../.pyenv/versions/3.12.6/lib/python3.12/site-packages/crawl4ai/async_crawler_strategy.py):\nError: \'AsyncPlaywrightCrawlerStrategy\' object has no attribute \'config\'\n\nCode context:\n1241                       raise Error(f"Body element is hidden: {visibility_info}")\n1242   \n1243               except Error as e:\n1244                   visibility_info = await self.check_visibility(page)\n1245   \n1246 →                 if self.config.verbose:\n1247                       self.logger.debug(\n1248                           message="Body visibility info: {info}",\n1249                           tag="DEBUG",\n1250                           params={"info": visibility_info},\n1251                       )' session_id=None response_headers=None status_code=None ssl_certificate=None


Failed to crawl: https://www.northerncollege.ca/course/fh3013-exercise-for-specific-populations/
Result: url='https://www.northerncollege.ca/course/fh3013-exercise-for-specific-populations/' html='' success=False cleaned_html=None media={} links={} downloaded_files=None screenshot=None pdf=None markdown=None markdown_v2=None fit_markdown=None fit_html=None extracted_content=None metadata=None error_message='Unexpected error in _crawl_web at line 1246 in _crawl_web (../../.pyenv/versions/3.12.6/lib/python3.12/site-packages/crawl4ai/async_crawler_strategy.py):\nError: \'AsyncPlaywrightCrawlerStrategy\' object has no attribute \'config\'\n\nCode context:\n1241                       raise Error(f"Body element is hidden: {visibility_info}")\n1242   \n1243               except Error as e:\n1244                   visibility_info = await self.check_visibility(page)\n1245   \n1246 →                 if self.config.verbose:\n1247                       self.logger.debug(\n1248                           message="Body visibility info: {info}",\n1249                           tag="DEBUG",\n1250                           params={"info": visibility_info},\n1251                       )' session_id=None response_headers=None status_code=None ssl_certificate=None


Failed to crawl: https://www.northerncollege.ca/course/fh3023-community-event-planning/
Result: url='https://www.northerncollege.ca/course/fh3023-community-event-planning/' html='' success=False cleaned_html=None media={} links={} downloaded_files=None screenshot=None pdf=None markdown=None markdown_v2=None fit_markdown=None fit_html=None extracted_content=None metadata=None error_message='Unexpected error in _crawl_web at line 1205 in _crawl_web (../../.pyenv/versions/3.12.6/lib/python3.12/site-packages/crawl4ai/async_crawler_strategy.py):\nError: Failed on navigating ACS-GOTO:\nPage.goto: Timeout 60000ms exceeded.\nCall log:\n  - navigating to "https://www.northerncollege.ca/course/fh3023-community-event-planning/", waiting until "domcontentloaded"\n\n\nCode context:\n1200   \n1201                       response = await page.goto(\n1202                           url, wait_until=config.wait_until, timeout=config.page_timeout\n1203                       )\n1204                   except Error as e:\n1205 →                     raise RuntimeError(f"Failed on navigating ACS-GOTO:\\n{str(e)}")\n1206   \n1207                   await self.execute_hook("after_goto", page, context=context, url=url, response=response)\n1208   \n1209                   if response is None:\n1210                       status_code = 200' session_id=None response_headers=None status_code=None ssl_certificate=None


Failed to crawl: https://www.northerncollege.ca/course/fh3033-internship-preparation/
Result: url='https://www.northerncollege.ca/course/fh3033-internship-preparation/' html='' success=False cleaned_html=None media={} links={} downloaded_files=None screenshot=None pdf=None markdown=None markdown_v2=None fit_markdown=None fit_html=None extracted_content=None metadata=None error_message='Unexpected error in _crawl_web at line 1246 in _crawl_web (../../.pyenv/versions/3.12.6/lib/python3.12/site-packages/crawl4ai/async_crawler_strategy.py):\nError: \'AsyncPlaywrightCrawlerStrategy\' object has no attribute \'config\'\n\nCode context:\n1241                       raise Error(f"Body element is hidden: {visibility_info}")\n1242   \n1243               except Error as e:\n1244                   visibility_info = await self.check_visibility(page)\n1245   \n1246 →                 if self.config.verbose:\n1247                       self.logger.debug(\n1248                           message="Body visibility info: {info}",\n1249                           tag="DEBUG",\n1250                           params={"info": visibility_info},\n1251                       )' session_id=None response_headers=None status_code=None ssl_certificate=None


Failed to crawl: https://www.northerncollege.ca/course/fh4003-applied-nutrition-2/
Result: url='https://www.northerncollege.ca/course/fh4003-applied-nutrition-2/' html='' success=False cleaned_html=None media={} links={} downloaded_files=None screenshot=None pdf=None markdown=None markdown_v2=None fit_markdown=None fit_html=None extracted_content=None metadata=None error_message='Unexpected error in _crawl_web at line 1246 in _crawl_web (../../.pyenv/versions/3.12.6/lib/python3.12/site-packages/crawl4ai/async_crawler_strategy.py):\nError: \'AsyncPlaywrightCrawlerStrategy\' object has no attribute \'config\'\n\nCode context:\n1241                       raise Error(f"Body element is hidden: {visibility_info}")\n1242   \n1243               except Error as e:\n1244                   visibility_info = await self.check_visibility(page)\n1245   \n1246 →                 if self.config.verbose:\n1247                       self.logger.debug(\n1248                           message="Body visibility info: {info}",\n1249                           tag="DEBUG",\n1250                           params={"info": visibility_info},\n1251                       )' session_id=None response_headers=None status_code=None ssl_certificate=None


Failed to crawl: https://www.northerncollege.ca/course/fh4013-exercise-prescription-ii/
Result: url='https://www.northerncollege.ca/course/fh4013-exercise-prescription-ii/' html='' success=False cleaned_html=None media={} links={} downloaded_files=None screenshot=None pdf=None markdown=None markdown_v2=None fit_markdown=None fit_html=None extracted_content=None metadata=None error_message='Unexpected error in _crawl_web at line 1246 in _crawl_web (../../.pyenv/versions/3.12.6/lib/python3.12/site-packages/crawl4ai/async_crawler_strategy.py):\nError: \'AsyncPlaywrightCrawlerStrategy\' object has no attribute \'config\'\n\nCode context:\n1241                       raise Error(f"Body element is hidden: {visibility_info}")\n1242   \n1243               except Error as e:\n1244                   visibility_info = await self.check_visibility(page)\n1245   \n1246 →                 if self.config.verbose:\n1247                       self.logger.debug(\n1248                           message="Body visibility info: {info}",\n1249                           tag="DEBUG",\n1250                           params={"info": visibility_info},\n1251                       )' session_id=None response_headers=None status_code=None ssl_certificate=None


Failed to crawl: https://www.northerncollege.ca/course/fh4023-health-and-fitness-management/
Result: url='https://www.northerncollege.ca/course/fh4023-health-and-fitness-management/' html='' success=False cleaned_html=None media={} links={} downloaded_files=None screenshot=None pdf=None markdown=None markdown_v2=None fit_markdown=None fit_html=None extracted_content=None metadata=None error_message='Unexpected error in _crawl_web at line 1246 in _crawl_web (../../.pyenv/versions/3.12.6/lib/python3.12/site-packages/crawl4ai/async_crawler_strategy.py):\nError: \'AsyncPlaywrightCrawlerStrategy\' object has no attribute \'config\'\n\nCode context:\n1241                       raise Error(f"Body element is hidden: {visibility_info}")\n1242   \n1243               except Error as e:\n1244                   visibility_info = await self.check_visibility(page)\n1245   \n1246 →                 if self.config.verbose:\n1247                       self.logger.debug(\n1248                           message="Body visibility info: {info}",\n1249                           tag="DEBUG",\n1250                           params={"info": visibility_info},\n1251                       )' session_id=None response_headers=None status_code=None ssl_certificate=None


Failed to crawl: https://www.northerncollege.ca/course/fh4033-outdoor-recreation-and-fitness/
Result: url='https://www.northerncollege.ca/course/fh4033-outdoor-recreation-and-fitness/' html='' success=False cleaned_html=None media={} links={} downloaded_files=None screenshot=None pdf=None markdown=None markdown_v2=None fit_markdown=None fit_html=None extracted_content=None metadata=None error_message='Unexpected error in _crawl_web at line 1246 in _crawl_web (../../.pyenv/versions/3.12.6/lib/python3.12/site-packages/crawl4ai/async_crawler_strategy.py):\nError: \'AsyncPlaywrightCrawlerStrategy\' object has no attribute \'config\'\n\nCode context:\n1241                       raise Error(f"Body element is hidden: {visibility_info}")\n1242   \n1243               except Error as e:\n1244                   visibility_info = await self.check_visibility(page)\n1245   \n1246 →                 if self.config.verbose:\n1247                       self.logger.debug(\n1248                           message="Body visibility info: {info}",\n1249                           tag="DEBUG",\n1250                           params={"info": visibility_info},\n1251                       )' session_id=None response_headers=None status_code=None ssl_certificate=None


Failed to crawl: https://www.northerncollege.ca/course/fh5008-internship-field-placement-block-6-week-placement/
Result: url='https://www.northerncollege.ca/course/fh5008-internship-field-placement-block-6-week-placement/' html='' success=False cleaned_html=None media={} links={} downloaded_files=None screenshot=None pdf=None markdown=None markdown_v2=None fit_markdown=None fit_html=None extracted_content=None metadata=None error_message='Unexpected error in _crawl_web at line 1246 in _crawl_web (../../.pyenv/versions/3.12.6/lib/python3.12/site-packages/crawl4ai/async_crawler_strategy.py):\nError: \'AsyncPlaywrightCrawlerStrategy\' object has no attribute \'config\'\n\nCode context:\n1241                       raise Error(f"Body element is hidden: {visibility_info}")\n1242   \n1243               except Error as e:\n1244                   visibility_info = await self.check_visibility(page)\n1245   \n1246 →                 if self.config.verbose:\n1247                       self.logger.debug(\n1248                           message="Body visibility info: {info}",\n1249                           tag="DEBUG",\n1250                           params={"info": visibility_info},\n1251                       )' session_id=None response_headers=None status_code=None ssl_certificate=None


Failed to crawl: https://www.northerncollege.ca/course/bu1513-general-business-principles/
Result: url='https://www.northerncollege.ca/course/bu1513-general-business-principles/' html='' success=False cleaned_html=None media={} links={} downloaded_files=None screenshot=None pdf=None markdown=None markdown_v2=None fit_markdown=None fit_html=None extracted_content=None metadata=None error_message='Unexpected error in _crawl_web at line 1246 in _crawl_web (../../.pyenv/versions/3.12.6/lib/python3.12/site-packages/crawl4ai/async_crawler_strategy.py):\nError: \'AsyncPlaywrightCrawlerStrategy\' object has no attribute \'config\'\n\nCode context:\n1241                       raise Error(f"Body element is hidden: {visibility_info}")\n1242   \n1243               except Error as e:\n1244                   visibility_info = await self.check_visibility(page)\n1245   \n1246 →                 if self.config.verbose:\n1247                       self.logger.debug(\n1248                           message="Body visibility info: {info}",\n1249                           tag="DEBUG",\n1250                           params={"info": visibility_info},\n1251                       )' session_id=None response_headers=None status_code=None ssl_certificate=None


Failed to crawl: https://www.northerncollege.ca/course/bu1443-project-scheduling/
Result: url='https://www.northerncollege.ca/course/bu1443-project-scheduling/' html='' success=False cleaned_html=None media={} links={} downloaded_files=None screenshot=None pdf=None markdown=None markdown_v2=None fit_markdown=None fit_html=None extracted_content=None metadata=None error_message='Unexpected error in _crawl_web at line 1246 in _crawl_web (../../.pyenv/versions/3.12.6/lib/python3.12/site-packages/crawl4ai/async_crawler_strategy.py):\nError: \'AsyncPlaywrightCrawlerStrategy\' object has no attribute \'config\'\n\nCode context:\n1241                       raise Error(f"Body element is hidden: {visibility_info}")\n1242   \n1243               except Error as e:\n1244                   visibility_info = await self.check_visibility(page)\n1245   \n1246 →                 if self.config.verbose:\n1247                       self.logger.debug(\n1248                           message="Body visibility info: {info}",\n1249                           tag="DEBUG",\n1250                           params={"info": visibility_info},\n1251                       )' session_id=None response_headers=None status_code=None ssl_certificate=None


Failed to crawl: https://www.northerncollege.ca/course/bu1463-project-planning/
Result: url='https://www.northerncollege.ca/course/bu1463-project-planning/' html='' success=False cleaned_html=None media={} links={} downloaded_files=None screenshot=None pdf=None markdown=None markdown_v2=None fit_markdown=None fit_html=None extracted_content=None metadata=None error_message='Unexpected error in _crawl_web at line 1246 in _crawl_web (../../.pyenv/versions/3.12.6/lib/python3.12/site-packages/crawl4ai/async_crawler_strategy.py):\nError: \'AsyncPlaywrightCrawlerStrategy\' object has no attribute \'config\'\n\nCode context:\n1241                       raise Error(f"Body element is hidden: {visibility_info}")\n1242   \n1243               except Error as e:\n1244                   visibility_info = await self.check_visibility(page)\n1245   \n1246 →                 if self.config.verbose:\n1247                       self.logger.debug(\n1248                           message="Body visibility info: {info}",\n1249                           tag="DEBUG",\n1250                           params={"info": visibility_info},\n1251                       )' session_id=None response_headers=None status_code=None ssl_certificate=None


Failed to crawl: https://www.northerncollege.ca/course/bu1523-business-communication/
Result: url='https://www.northerncollege.ca/course/bu1523-business-communication/' html='' success=False cleaned_html=None media={} links={} downloaded_files=None screenshot=None pdf=None markdown=None markdown_v2=None fit_markdown=None fit_html=None extracted_content=None metadata=None error_message='Unexpected error in _crawl_web at line 1246 in _crawl_web (../../.pyenv/versions/3.12.6/lib/python3.12/site-packages/crawl4ai/async_crawler_strategy.py):\nError: \'AsyncPlaywrightCrawlerStrategy\' object has no attribute \'config\'\n\nCode context:\n1241                       raise Error(f"Body element is hidden: {visibility_info}")\n1242   \n1243               except Error as e:\n1244                   visibility_info = await self.check_visibility(page)\n1245   \n1246 →                 if self.config.verbose:\n1247                       self.logger.debug(\n1248                           message="Body visibility info: {info}",\n1249                           tag="DEBUG",\n1250                           params={"info": visibility_info},\n1251                       )' session_id=None response_headers=None status_code=None ssl_certificate=None


Failed to crawl: https://www.northerncollege.ca/course/bu1467-project-management-capstone/
Result: url='https://www.northerncollege.ca/course/bu1467-project-management-capstone/' html='' success=False cleaned_html=None media={} links={} downloaded_files=None screenshot=None pdf=None markdown=None markdown_v2=None fit_markdown=None fit_html=None extracted_content=None metadata=None error_message='Unexpected error in _crawl_web at line 1246 in _crawl_web (../../.pyenv/versions/3.12.6/lib/python3.12/site-packages/crawl4ai/async_crawler_strategy.py):\nError: \'AsyncPlaywrightCrawlerStrategy\' object has no attribute \'config\'\n\nCode context:\n1241                       raise Error(f"Body element is hidden: {visibility_info}")\n1242   \n1243               except Error as e:\n1244                   visibility_info = await self.check_visibility(page)\n1245   \n1246 →                 if self.config.verbose:\n1247                       self.logger.debug(\n1248                           message="Body visibility info: {info}",\n1249                           tag="DEBUG",\n1250                           params={"info": visibility_info},\n1251                       )' session_id=None response_headers=None status_code=None ssl_certificate=None


Failed to crawl: https://www.northerncollege.ca/course/bu1453-project-risk-management/
Result: url='https://www.northerncollege.ca/course/bu1453-project-risk-management/' html='' success=False cleaned_html=None media={} links={} downloaded_files=None screenshot=None pdf=None markdown=None markdown_v2=None fit_markdown=None fit_html=None extracted_content=None metadata=None error_message='Unexpected error in _crawl_web at line 1246 in _crawl_web (../../.pyenv/versions/3.12.6/lib/python3.12/site-packages/crawl4ai/async_crawler_strategy.py):\nError: \'AsyncPlaywrightCrawlerStrategy\' object has no attribute \'config\'\n\nCode context:\n1241                       raise Error(f"Body element is hidden: {visibility_info}")\n1242   \n1243               except Error as e:\n1244                   visibility_info = await self.check_visibility(page)\n1245   \n1246 →                 if self.config.verbose:\n1247                       self.logger.debug(\n1248                           message="Body visibility info: {info}",\n1249                           tag="DEBUG",\n1250                           params={"info": visibility_info},\n1251                       )' session_id=None response_headers=None status_code=None ssl_certificate=None


Failed to crawl: https://www.northerncollege.ca/course/bu1493-procurement-and-contract-management/
Result: url='https://www.northerncollege.ca/course/bu1493-procurement-and-contract-management/' html='' success=False cleaned_html=None media={} links={} downloaded_files=None screenshot=None pdf=None markdown=None markdown_v2=None fit_markdown=None fit_html=None extracted_content=None metadata=None error_message='Unexpected error in _crawl_web at line 1246 in _crawl_web (../../.pyenv/versions/3.12.6/lib/python3.12/site-packages/crawl4ai/async_crawler_strategy.py):\nError: \'AsyncPlaywrightCrawlerStrategy\' object has no attribute \'config\'\n\nCode context:\n1241                       raise Error(f"Body element is hidden: {visibility_info}")\n1242   \n1243               except Error as e:\n1244                   visibility_info = await self.check_visibility(page)\n1245   \n1246 →                 if self.config.verbose:\n1247                       self.logger.debug(\n1248                           message="Body visibility info: {info}",\n1249                           tag="DEBUG",\n1250                           params={"info": visibility_info},\n1251                       )' session_id=None response_headers=None status_code=None ssl_certificate=None


Failed to crawl: https://www.northerncollege.ca/course/bu1483-project-cost-and-finance-management/
Result: url='https://www.northerncollege.ca/course/bu1483-project-cost-and-finance-management/' html='' success=False cleaned_html=None media={} links={} downloaded_files=None screenshot=None pdf=None markdown=None markdown_v2=None fit_markdown=None fit_html=None extracted_content=None metadata=None error_message='Unexpected error in _crawl_web at line 1246 in _crawl_web (../../.pyenv/versions/3.12.6/lib/python3.12/site-packages/crawl4ai/async_crawler_strategy.py):\nError: \'AsyncPlaywrightCrawlerStrategy\' object has no attribute \'config\'\n\nCode context:\n1241                       raise Error(f"Body element is hidden: {visibility_info}")\n1242   \n1243               except Error as e:\n1244                   visibility_info = await self.check_visibility(page)\n1245   \n1246 →                 if self.config.verbose:\n1247                       self.logger.debug(\n1248                           message="Body visibility info: {info}",\n1249                           tag="DEBUG",\n1250                           params={"info": visibility_info},\n1251                       )' session_id=None response_headers=None status_code=None ssl_certificate=None


Failed to crawl: https://www.northerncollege.ca/course/bu1473-project-leadership/
Result: url='https://www.northerncollege.ca/course/bu1473-project-leadership/' html='' success=False cleaned_html=None media={} links={} downloaded_files=None screenshot=None pdf=None markdown=None markdown_v2=None fit_markdown=None fit_html=None extracted_content=None metadata=None error_message='Unexpected error in _crawl_web at line 1246 in _crawl_web (../../.pyenv/versions/3.12.6/lib/python3.12/site-packages/crawl4ai/async_crawler_strategy.py):\nError: \'AsyncPlaywrightCrawlerStrategy\' object has no attribute \'config\'\n\nCode context:\n1241                       raise Error(f"Body element is hidden: {visibility_info}")\n1242   \n1243               except Error as e:\n1244                   visibility_info = await self.check_visibility(page)\n1245   \n1246 →                 if self.config.verbose:\n1247                       self.logger.debug(\n1248                           message="Body visibility info: {info}",\n1249                           tag="DEBUG",\n1250                           params={"info": visibility_info},\n1251                       )' session_id=None response_headers=None status_code=None ssl_certificate=None


Failed to crawl: https://www.northerncollege.ca/course/cp4005-advanced-database-topics/
Result: url='https://www.northerncollege.ca/course/cp4005-advanced-database-topics/' html='' success=False cleaned_html=None media={} links={} downloaded_files=None screenshot=None pdf=None markdown=None markdown_v2=None fit_markdown=None fit_html=None extracted_content=None metadata=None error_message='Unexpected error in _crawl_web at line 1246 in _crawl_web (../../.pyenv/versions/3.12.6/lib/python3.12/site-packages/crawl4ai/async_crawler_strategy.py):\nError: \'AsyncPlaywrightCrawlerStrategy\' object has no attribute \'config\'\n\nCode context:\n1241                       raise Error(f"Body element is hidden: {visibility_info}")\n1242   \n1243               except Error as e:\n1244                   visibility_info = await self.check_visibility(page)\n1245   \n1246 →                 if self.config.verbose:\n1247                       self.logger.debug(\n1248                           message="Body visibility info: {info}",\n1249                           tag="DEBUG",\n1250                           params={"info": visibility_info},\n1251                       )' session_id=None response_headers=None status_code=None ssl_certificate=None


Failed to crawl: https://www.northerncollege.ca/course/cp4015-enterprise-application-programming/
Result: url='https://www.northerncollege.ca/course/cp4015-enterprise-application-programming/' html='' success=False cleaned_html=None media={} links={} downloaded_files=None screenshot=None pdf=None markdown=None markdown_v2=None fit_markdown=None fit_html=None extracted_content=None metadata=None error_message='Unexpected error in _crawl_web at line 1246 in _crawl_web (../../.pyenv/versions/3.12.6/lib/python3.12/site-packages/crawl4ai/async_crawler_strategy.py):\nError: \'AsyncPlaywrightCrawlerStrategy\' object has no attribute \'config\'\n\nCode context:\n1241                       raise Error(f"Body element is hidden: {visibility_info}")\n1242   \n1243               except Error as e:\n1244                   visibility_info = await self.check_visibility(page)\n1245   \n1246 →                 if self.config.verbose:\n1247                       self.logger.debug(\n1248                           message="Body visibility info: {info}",\n1249                           tag="DEBUG",\n1250                           params={"info": visibility_info},\n1251                       )' session_id=None response_headers=None status_code=None ssl_certificate=None


Failed to crawl: https://www.northerncollege.ca/course/cp4024-programming-language-research-project/
Result: url='https://www.northerncollege.ca/course/cp4024-programming-language-research-project/' html='' success=False cleaned_html=None media={} links={} downloaded_files=None screenshot=None pdf=None markdown=None markdown_v2=None fit_markdown=None fit_html=None extracted_content=None metadata=None error_message='Unexpected error in _crawl_web at line 1246 in _crawl_web (../../.pyenv/versions/3.12.6/lib/python3.12/site-packages/crawl4ai/async_crawler_strategy.py):\nError: \'AsyncPlaywrightCrawlerStrategy\' object has no attribute \'config\'\n\nCode context:\n1241                       raise Error(f"Body element is hidden: {visibility_info}")\n1242   \n1243               except Error as e:\n1244                   visibility_info = await self.check_visibility(page)\n1245   \n1246 →                 if self.config.verbose:\n1247                       self.logger.debug(\n1248                           message="Body visibility info: {info}",\n1249                           tag="DEBUG",\n1250                           params={"info": visibility_info},\n1251                       )' session_id=None response_headers=None status_code=None ssl_certificate=None


Failed to crawl: https://www.northerncollege.ca/course/cp4002-software-development-project/
Result: url='https://www.northerncollege.ca/course/cp4002-software-development-project/' html='' success=False cleaned_html=None media={} links={} downloaded_files=None screenshot=None pdf=None markdown=None markdown_v2=None fit_markdown=None fit_html=None extracted_content=None metadata=None error_message='Unexpected error in _crawl_web at line 1246 in _crawl_web (../../.pyenv/versions/3.12.6/lib/python3.12/site-packages/crawl4ai/async_crawler_strategy.py):\nError: \'AsyncPlaywrightCrawlerStrategy\' object has no attribute \'config\'\n\nCode context:\n1241                       raise Error(f"Body element is hidden: {visibility_info}")\n1242   \n1243               except Error as e:\n1244                   visibility_info = await self.check_visibility(page)\n1245   \n1246 →                 if self.config.verbose:\n1247                       self.logger.debug(\n1248                           message="Body visibility info: {info}",\n1249                           tag="DEBUG",\n1250                           params={"info": visibility_info},\n1251                       )' session_id=None response_headers=None status_code=None ssl_certificate=None


Failed to crawl: https://www.northerncollege.ca/course/gn4000-general-education-course/
Result: url='https://www.northerncollege.ca/course/gn4000-general-education-course/' html='' success=False cleaned_html=None media={} links={} downloaded_files=None screenshot=None pdf=None markdown=None markdown_v2=None fit_markdown=None fit_html=None extracted_content=None metadata=None error_message='Unexpected error in _crawl_web at line 1246 in _crawl_web (../../.pyenv/versions/3.12.6/lib/python3.12/site-packages/crawl4ai/async_crawler_strategy.py):\nError: \'AsyncPlaywrightCrawlerStrategy\' object has no attribute \'config\'\n\nCode context:\n1241                       raise Error(f"Body element is hidden: {visibility_info}")\n1242   \n1243               except Error as e:\n1244                   visibility_info = await self.check_visibility(page)\n1245   \n1246 →                 if self.config.verbose:\n1247                       self.logger.debug(\n1248                           message="Body visibility info: {info}",\n1249                           tag="DEBUG",\n1250                           params={"info": visibility_info},\n1251                       )' session_id=None response_headers=None status_code=None ssl_certificate=None


Failed to crawl: https://www.northerncollege.ca/course/ec5001-introduction-to-child-development/
Result: url='https://www.northerncollege.ca/course/ec5001-introduction-to-child-development/' html='' success=False cleaned_html=None media={} links={} downloaded_files=None screenshot=None pdf=None markdown=None markdown_v2=None fit_markdown=None fit_html=None extracted_content=None metadata=None error_message='Unexpected error in _crawl_web at line 1246 in _crawl_web (../../.pyenv/versions/3.12.6/lib/python3.12/site-packages/crawl4ai/async_crawler_strategy.py):\nError: \'AsyncPlaywrightCrawlerStrategy\' object has no attribute \'config\'\n\nCode context:\n1241                       raise Error(f"Body element is hidden: {visibility_info}")\n1242   \n1243               except Error as e:\n1244                   visibility_info = await self.check_visibility(page)\n1245   \n1246 →                 if self.config.verbose:\n1247                       self.logger.debug(\n1248                           message="Body visibility info: {info}",\n1249                           tag="DEBUG",\n1250                           params={"info": visibility_info},\n1251                       )' session_id=None response_headers=None status_code=None ssl_certificate=None


Failed to crawl: https://www.northerncollege.ca/course/ec5011-introduction-to-early-years-pedagogy/
Result: url='https://www.northerncollege.ca/course/ec5011-introduction-to-early-years-pedagogy/' html='' success=False cleaned_html=None media={} links={} downloaded_files=None screenshot=None pdf=None markdown=None markdown_v2=None fit_markdown=None fit_html=None extracted_content=None metadata=None error_message='Unexpected error in _crawl_web at line 1246 in _crawl_web (../../.pyenv/versions/3.12.6/lib/python3.12/site-packages/crawl4ai/async_crawler_strategy.py):\nError: \'AsyncPlaywrightCrawlerStrategy\' object has no attribute \'config\'\n\nCode context:\n1241                       raise Error(f"Body element is hidden: {visibility_info}")\n1242   \n1243               except Error as e:\n1244                   visibility_info = await self.check_visibility(page)\n1245   \n1246 →                 if self.config.verbose:\n1247                       self.logger.debug(\n1248                           message="Body visibility info: {info}",\n1249                           tag="DEBUG",\n1250                           params={"info": visibility_info},\n1251                       )' session_id=None response_headers=None status_code=None ssl_certificate=None


Failed to crawl: https://www.northerncollege.ca/course/introduction-to-child-care-legislation/
Result: url='https://www.northerncollege.ca/course/introduction-to-child-care-legislation/' html='' success=False cleaned_html=None media={} links={} downloaded_files=None screenshot=None pdf=None markdown=None markdown_v2=None fit_markdown=None fit_html=None extracted_content=None metadata=None error_message='Unexpected error in _crawl_web at line 1246 in _crawl_web (../../.pyenv/versions/3.12.6/lib/python3.12/site-packages/crawl4ai/async_crawler_strategy.py):\nError: \'AsyncPlaywrightCrawlerStrategy\' object has no attribute \'config\'\n\nCode context:\n1241                       raise Error(f"Body element is hidden: {visibility_info}")\n1242   \n1243               except Error as e:\n1244                   visibility_info = await self.check_visibility(page)\n1245   \n1246 →                 if self.config.verbose:\n1247                       self.logger.debug(\n1248                           message="Body visibility info: {info}",\n1249                           tag="DEBUG",\n1250                           params={"info": visibility_info},\n1251                       )' session_id=None response_headers=None status_code=None ssl_certificate=None


Failed to crawl: https://www.northerncollege.ca/course/ec5031-communications-for-childcare-workers/
Result: url='https://www.northerncollege.ca/course/ec5031-communications-for-childcare-workers/' html='' success=False cleaned_html=None media={} links={} downloaded_files=None screenshot=None pdf=None markdown=None markdown_v2=None fit_markdown=None fit_html=None extracted_content=None metadata=None error_message='Unexpected error in _crawl_web at line 1246 in _crawl_web (../../.pyenv/versions/3.12.6/lib/python3.12/site-packages/crawl4ai/async_crawler_strategy.py):\nError: \'AsyncPlaywrightCrawlerStrategy\' object has no attribute \'config\'\n\nCode context:\n1241                       raise Error(f"Body element is hidden: {visibility_info}")\n1242   \n1243               except Error as e:\n1244                   visibility_info = await self.check_visibility(page)\n1245   \n1246 →                 if self.config.verbose:\n1247                       self.logger.debug(\n1248                           message="Body visibility info: {info}",\n1249                           tag="DEBUG",\n1250                           params={"info": visibility_info},\n1251                       )' session_id=None response_headers=None status_code=None ssl_certificate=None


Failed to crawl: https://www.northerncollege.ca/course/ec5041-working-with-children-with-exceptionalities/
Result: url='https://www.northerncollege.ca/course/ec5041-working-with-children-with-exceptionalities/' html='' success=False cleaned_html=None media={} links={} downloaded_files=None screenshot=None pdf=None markdown=None markdown_v2=None fit_markdown=None fit_html=None extracted_content=None metadata=None error_message='Unexpected error in _crawl_web at line 1246 in _crawl_web (../../.pyenv/versions/3.12.6/lib/python3.12/site-packages/crawl4ai/async_crawler_strategy.py):\nError: \'AsyncPlaywrightCrawlerStrategy\' object has no attribute \'config\'\n\nCode context:\n1241                       raise Error(f"Body element is hidden: {visibility_info}")\n1242   \n1243               except Error as e:\n1244                   visibility_info = await self.check_visibility(page)\n1245   \n1246 →                 if self.config.verbose:\n1247                       self.logger.debug(\n1248                           message="Body visibility info: {info}",\n1249                           tag="DEBUG",\n1250                           params={"info": visibility_info},\n1251                       )' session_id=None response_headers=None status_code=None ssl_certificate=None


Failed to crawl: https://www.northerncollege.ca/course/cs2044-intrusion-detection-and-prevention/
Result: url='https://www.northerncollege.ca/course/cs2044-intrusion-detection-and-prevention/' html='' success=False cleaned_html=None media={} links={} downloaded_files=None screenshot=None pdf=None markdown=None markdown_v2=None fit_markdown=None fit_html=None extracted_content=None metadata=None error_message='Unexpected error in _crawl_web at line 1246 in _crawl_web (../../.pyenv/versions/3.12.6/lib/python3.12/site-packages/crawl4ai/async_crawler_strategy.py):\nError: \'AsyncPlaywrightCrawlerStrategy\' object has no attribute \'config\'\n\nCode context:\n1241                       raise Error(f"Body element is hidden: {visibility_info}")\n1242   \n1243               except Error as e:\n1244                   visibility_info = await self.check_visibility(page)\n1245   \n1246 →                 if self.config.verbose:\n1247                       self.logger.debug(\n1248                           message="Body visibility info: {info}",\n1249                           tag="DEBUG",\n1250                           params={"info": visibility_info},\n1251                       )' session_id=None response_headers=None status_code=None ssl_certificate=None


Failed to crawl: https://www.northerncollege.ca/course/cs2024-ethical-hacking/
Result: url='https://www.northerncollege.ca/course/cs2024-ethical-hacking/' html='' success=False cleaned_html=None media={} links={} downloaded_files=None screenshot=None pdf=None markdown=None markdown_v2=None fit_markdown=None fit_html=None extracted_content=None metadata=None error_message='Unexpected error in _crawl_web at line 1246 in _crawl_web (../../.pyenv/versions/3.12.6/lib/python3.12/site-packages/crawl4ai/async_crawler_strategy.py):\nError: \'AsyncPlaywrightCrawlerStrategy\' object has no attribute \'config\'\n\nCode context:\n1241                       raise Error(f"Body element is hidden: {visibility_info}")\n1242   \n1243               except Error as e:\n1244                   visibility_info = await self.check_visibility(page)\n1245   \n1246 →                 if self.config.verbose:\n1247                       self.logger.debug(\n1248                           message="Body visibility info: {info}",\n1249                           tag="DEBUG",\n1250                           params={"info": visibility_info},\n1251                       )' session_id=None response_headers=None status_code=None ssl_certificate=None


Failed to crawl: https://www.northerncollege.ca/course/vt2062-necropsy-lab-ii/
Result: url='https://www.northerncollege.ca/course/vt2062-necropsy-lab-ii/' html='' success=False cleaned_html=None media={} links={} downloaded_files=None screenshot=None pdf=None markdown=None markdown_v2=None fit_markdown=None fit_html=None extracted_content=None metadata=None error_message='Unexpected error in _crawl_web at line 528 in wrap_api_call (../../.pyenv/versions/3.12.6/lib/python3.12/site-packages/playwright/_impl/_connection.py):\nError: BrowserContext.new_page: Target page, context or browser has been closed\n\nCode context:\n 523           parsed_st = _extract_stack_trace_information_from_stack(st, is_internal)\n 524           self._api_zone.set(parsed_st)\n 525           try:\n 526               return await cb()\n 527           except Exception as error:\n 528 →             raise rewrite_error(error, f"{parsed_st[\'apiName\']}: {error}") from None\n 529           finally:\n 530               self._api_zone.set(None)\n 531   \n 532       def wrap_api_call_sync(\n 533           self, cb: Callable[[], Any], is_internal: bool = False' session_id=None response_headers=None status_code=None ssl_certificate=None


Failed to crawl: https://www.northerncollege.ca/course/pf1133-working-with-diversity/
Result: url='https://www.northerncollege.ca/course/pf1133-working-with-diversity/' html='' success=False cleaned_html=None media={} links={} downloaded_files=None screenshot=None pdf=None markdown=None markdown_v2=None fit_markdown=None fit_html=None extracted_content=None metadata=None error_message='Unexpected error in _crawl_web at line 528 in wrap_api_call (../../.pyenv/versions/3.12.6/lib/python3.12/site-packages/playwright/_impl/_connection.py):\nError: BrowserContext.new_page: Target page, context or browser has been closed\n\nCode context:\n 523           parsed_st = _extract_stack_trace_information_from_stack(st, is_internal)\n 524           self._api_zone.set(parsed_st)\n 525           try:\n 526               return await cb()\n 527           except Exception as error:\n 528 →             raise rewrite_error(error, f"{parsed_st[\'apiName\']}: {error}") from None\n 529           finally:\n 530               self._api_zone.set(None)\n 531   \n 532       def wrap_api_call_sync(\n 533           self, cb: Callable[[], Any], is_internal: bool = False' session_id=None response_headers=None status_code=None ssl_certificate=None


Failed to crawl: https://www.northerncollege.ca/course/in2343-intermediate-programming-2/
Result: url='https://www.northerncollege.ca/course/in2343-intermediate-programming-2/' html='' success=False cleaned_html=None media={} links={} downloaded_files=None screenshot=None pdf=None markdown=None markdown_v2=None fit_markdown=None fit_html=None extracted_content=None metadata=None error_message='Unexpected error in _crawl_web at line 528 in wrap_api_call (../../.pyenv/versions/3.12.6/lib/python3.12/site-packages/playwright/_impl/_connection.py):\nError: BrowserContext.new_page: Target page, context or browser has been closed\n\nCode context:\n 523           parsed_st = _extract_stack_trace_information_from_stack(st, is_internal)\n 524           self._api_zone.set(parsed_st)\n 525           try:\n 526               return await cb()\n 527           except Exception as error:\n 528 →             raise rewrite_error(error, f"{parsed_st[\'apiName\']}: {error}") from None\n 529           finally:\n 530               self._api_zone.set(None)\n 531   \n 532       def wrap_api_call_sync(\n 533           self, cb: Callable[[], Any], is_internal: bool = False' session_id=None response_headers=None status_code=None ssl_certificate=None


Failed to crawl: https://www.northerncollege.ca/course/cs3003-work-experience-preparation/
Result: url='https://www.northerncollege.ca/course/cs3003-work-experience-preparation/' html='' success=False cleaned_html=None media={} links={} downloaded_files=None screenshot=None pdf=None markdown=None markdown_v2=None fit_markdown=None fit_html=None extracted_content=None metadata=None error_message='Unexpected error in _crawl_web at line 528 in wrap_api_call (../../.pyenv/versions/3.12.6/lib/python3.12/site-packages/playwright/_impl/_connection.py):\nError: BrowserContext.new_page: Target page, context or browser has been closed\n\nCode context:\n 523           parsed_st = _extract_stack_trace_information_from_stack(st, is_internal)\n 524           self._api_zone.set(parsed_st)\n 525           try:\n 526               return await cb()\n 527           except Exception as error:\n 528 →             raise rewrite_error(error, f"{parsed_st[\'apiName\']}: {error}") from None\n 529           finally:\n 530               self._api_zone.set(None)\n 531   \n 532       def wrap_api_call_sync(\n 533           self, cb: Callable[[], Any], is_internal: bool = False' session_id=None response_headers=None status_code=None ssl_certificate=None


Failed to crawl: https://www.northerncollege.ca/course/cm1323-professional-communications/
Result: url='https://www.northerncollege.ca/course/cm1323-professional-communications/' html='' success=False cleaned_html=None media={} links={} downloaded_files=None screenshot=None pdf=None markdown=None markdown_v2=None fit_markdown=None fit_html=None extracted_content=None metadata=None error_message='Unexpected error in _crawl_web at line 528 in wrap_api_call (../../.pyenv/versions/3.12.6/lib/python3.12/site-packages/playwright/_impl/_connection.py):\nError: BrowserContext.new_page: Target page, context or browser has been closed\n\nCode context:\n 523           parsed_st = _extract_stack_trace_information_from_stack(st, is_internal)\n 524           self._api_zone.set(parsed_st)\n 525           try:\n 526               return await cb()\n 527           except Exception as error:\n 528 →             raise rewrite_error(error, f"{parsed_st[\'apiName\']}: {error}") from None\n 529           finally:\n 530               self._api_zone.set(None)\n 531   \n 532       def wrap_api_call_sync(\n 533           self, cb: Callable[[], Any], is_internal: bool = False' session_id=None response_headers=None status_code=None ssl_certificate=None


Failed to crawl: https://www.northerncollege.ca/course/cm2303-communications-for-the-workplace/
Result: url='https://www.northerncollege.ca/course/cm2303-communications-for-the-workplace/' html='' success=False cleaned_html=None media={} links={} downloaded_files=None screenshot=None pdf=None markdown=None markdown_v2=None fit_markdown=None fit_html=None extracted_content=None metadata=None error_message='Unexpected error in _crawl_web at line 528 in wrap_api_call (../../.pyenv/versions/3.12.6/lib/python3.12/site-packages/playwright/_impl/_connection.py):\nError: BrowserContext.new_page: Target page, context or browser has been closed\n\nCode context:\n 523           parsed_st = _extract_stack_trace_information_from_stack(st, is_internal)\n 524           self._api_zone.set(parsed_st)\n 525           try:\n 526               return await cb()\n 527           except Exception as error:\n 528 →             raise rewrite_error(error, f"{parsed_st[\'apiName\']}: {error}") from None\n 529           finally:\n 530               self._api_zone.set(None)\n 531   \n 532       def wrap_api_call_sync(\n 533           self, cb: Callable[[], Any], is_internal: bool = False' session_id=None response_headers=None status_code=None ssl_certificate=None


Failed to crawl: https://www.northerncollege.ca/course/en2010-co-op-work-term-1/
Result: url='https://www.northerncollege.ca/course/en2010-co-op-work-term-1/' html='' success=False cleaned_html=None media={} links={} downloaded_files=None screenshot=None pdf=None markdown=None markdown_v2=None fit_markdown=None fit_html=None extracted_content=None metadata=None error_message='Unexpected error in _crawl_web at line 528 in wrap_api_call (../../.pyenv/versions/3.12.6/lib/python3.12/site-packages/playwright/_impl/_connection.py):\nError: BrowserContext.new_page: Target page, context or browser has been closed\n\nCode context:\n 523           parsed_st = _extract_stack_trace_information_from_stack(st, is_internal)\n 524           self._api_zone.set(parsed_st)\n 525           try:\n 526               return await cb()\n 527           except Exception as error:\n 528 →             raise rewrite_error(error, f"{parsed_st[\'apiName\']}: {error}") from None\n 529           finally:\n 530               self._api_zone.set(None)\n 531   \n 532       def wrap_api_call_sync(\n 533           self, cb: Callable[[], Any], is_internal: bool = False' session_id=None response_headers=None status_code=None ssl_certificate=None


Failed to crawl: https://www.northerncollege.ca/course/en4010-co-op-work-term-2/
Result: url='https://www.northerncollege.ca/course/en4010-co-op-work-term-2/' html='' success=False cleaned_html=None media={} links={} downloaded_files=None screenshot=None pdf=None markdown=None markdown_v2=None fit_markdown=None fit_html=None extracted_content=None metadata=None error_message='Unexpected error in _crawl_web at line 528 in wrap_api_call (../../.pyenv/versions/3.12.6/lib/python3.12/site-packages/playwright/_impl/_connection.py):\nError: BrowserContext.new_page: Target page, context or browser has been closed\n\nCode context:\n 523           parsed_st = _extract_stack_trace_information_from_stack(st, is_internal)\n 524           self._api_zone.set(parsed_st)\n 525           try:\n 526               return await cb()\n 527           except Exception as error:\n 528 →             raise rewrite_error(error, f"{parsed_st[\'apiName\']}: {error}") from None\n 529           finally:\n 530               self._api_zone.set(None)\n 531   \n 532       def wrap_api_call_sync(\n 533           self, cb: Callable[[], Any], is_internal: bool = False' session_id=None response_headers=None status_code=None ssl_certificate=None


Failed to crawl: https://www.northerncollege.ca/course/en6010-co-op-work-term-3/
Result: url='https://www.northerncollege.ca/course/en6010-co-op-work-term-3/' html='' success=False cleaned_html=None media={} links={} downloaded_files=None screenshot=None pdf=None markdown=None markdown_v2=None fit_markdown=None fit_html=None extracted_content=None metadata=None error_message='Unexpected error in _crawl_web at line 528 in wrap_api_call (../../.pyenv/versions/3.12.6/lib/python3.12/site-packages/playwright/_impl/_connection.py):\nError: BrowserContext.new_page: Target page, context or browser has been closed\n\nCode context:\n 523           parsed_st = _extract_stack_trace_information_from_stack(st, is_internal)\n 524           self._api_zone.set(parsed_st)\n 525           try:\n 526               return await cb()\n 527           except Exception as error:\n 528 →             raise rewrite_error(error, f"{parsed_st[\'apiName\']}: {error}") from None\n 529           finally:\n 530               self._api_zone.set(None)\n 531   \n 532       def wrap_api_call_sync(\n 533           self, cb: Callable[[], Any], is_internal: bool = False' session_id=None response_headers=None status_code=None ssl_certificate=None


Failed to crawl: https://www.northerncollege.ca/course/cp1035-database-management/
Result: url='https://www.northerncollege.ca/course/cp1035-database-management/' html='' success=False cleaned_html=None media={} links={} downloaded_files=None screenshot=None pdf=None markdown=None markdown_v2=None fit_markdown=None fit_html=None extracted_content=None metadata=None error_message='Unexpected error in _crawl_web at line 528 in wrap_api_call (../../.pyenv/versions/3.12.6/lib/python3.12/site-packages/playwright/_impl/_connection.py):\nError: BrowserContext.new_page: Target page, context or browser has been closed\n\nCode context:\n 523           parsed_st = _extract_stack_trace_information_from_stack(st, is_internal)\n 524           self._api_zone.set(parsed_st)\n 525           try:\n 526               return await cb()\n 527           except Exception as error:\n 528 →             raise rewrite_error(error, f"{parsed_st[\'apiName\']}: {error}") from None\n 529           finally:\n 530               self._api_zone.set(None)\n 531   \n 532       def wrap_api_call_sync(\n 533           self, cb: Callable[[], Any], is_internal: bool = False' session_id=None response_headers=None status_code=None ssl_certificate=None


Failed to crawl: https://www.northerncollege.ca/course/we1010-welding-skills-i/
Result: url='https://www.northerncollege.ca/course/we1010-welding-skills-i/' html='' success=False cleaned_html=None media={} links={} downloaded_files=None screenshot=None pdf=None markdown=None markdown_v2=None fit_markdown=None fit_html=None extracted_content=None metadata=None error_message='Unexpected error in _crawl_web at line 528 in wrap_api_call (../../.pyenv/versions/3.12.6/lib/python3.12/site-packages/playwright/_impl/_connection.py):\nError: Browser.new_context: Target page, context or browser has been closed\n\nCode context:\n 523           parsed_st = _extract_stack_trace_information_from_stack(st, is_internal)\n 524           self._api_zone.set(parsed_st)\n 525           try:\n 526               return await cb()\n 527           except Exception as error:\n 528 →             raise rewrite_error(error, f"{parsed_st[\'apiName\']}: {error}") from None\n 529           finally:\n 530               self._api_zone.set(None)\n 531   \n 532       def wrap_api_call_sync(\n 533           self, cb: Callable[[], Any], is_internal: bool = False' session_id=None response_headers=None status_code=None ssl_certificate=None


Failed to crawl: https://www.northerncollege.ca/course/we1013-introduction-to-welding/
Result: url='https://www.northerncollege.ca/course/we1013-introduction-to-welding/' html='' success=False cleaned_html=None media={} links={} downloaded_files=None screenshot=None pdf=None markdown=None markdown_v2=None fit_markdown=None fit_html=None extracted_content=None metadata=None error_message='Unexpected error in _crawl_web at line 528 in wrap_api_call (../../.pyenv/versions/3.12.6/lib/python3.12/site-packages/playwright/_impl/_connection.py):\nError: Browser.new_context: Target page, context or browser has been closed\n\nCode context:\n 523           parsed_st = _extract_stack_trace_information_from_stack(st, is_internal)\n 524           self._api_zone.set(parsed_st)\n 525           try:\n 526               return await cb()\n 527           except Exception as error:\n 528 →             raise rewrite_error(error, f"{parsed_st[\'apiName\']}: {error}") from None\n 529           finally:\n 530               self._api_zone.set(None)\n 531   \n 532       def wrap_api_call_sync(\n 533           self, cb: Callable[[], Any], is_internal: bool = False' session_id=None response_headers=None status_code=None ssl_certificate=None


Failed to crawl: https://www.northerncollege.ca/course/gn2043-health-and-wellness/
Result: url='https://www.northerncollege.ca/course/gn2043-health-and-wellness/' html='' success=False cleaned_html=None media={} links={} downloaded_files=None screenshot=None pdf=None markdown=None markdown_v2=None fit_markdown=None fit_html=None extracted_content=None metadata=None error_message='Unexpected error in _crawl_web at line 528 in wrap_api_call (../../.pyenv/versions/3.12.6/lib/python3.12/site-packages/playwright/_impl/_connection.py):\nError: Browser.new_context: Target page, context or browser has been closed\n\nCode context:\n 523           parsed_st = _extract_stack_trace_information_from_stack(st, is_internal)\n 524           self._api_zone.set(parsed_st)\n 525           try:\n 526               return await cb()\n 527           except Exception as error:\n 528 →             raise rewrite_error(error, f"{parsed_st[\'apiName\']}: {error}") from None\n 529           finally:\n 530               self._api_zone.set(None)\n 531   \n 532       def wrap_api_call_sync(\n 533           self, cb: Callable[[], Any], is_internal: bool = False' session_id=None response_headers=None status_code=None ssl_certificate=None


Failed to crawl: https://www.northerncollege.ca/course/in4072-autocad-2/
Result: url='https://www.northerncollege.ca/course/in4072-autocad-2/' html='' success=False cleaned_html=None media={} links={} downloaded_files=None screenshot=None pdf=None markdown=None markdown_v2=None fit_markdown=None fit_html=None extracted_content=None metadata=None error_message='Unexpected error in _crawl_web at line 528 in wrap_api_call (../../.pyenv/versions/3.12.6/lib/python3.12/site-packages/playwright/_impl/_connection.py):\nError: Browser.new_context: Target page, context or browser has been closed\n\nCode context:\n 523           parsed_st = _extract_stack_trace_information_from_stack(st, is_internal)\n 524           self._api_zone.set(parsed_st)\n 525           try:\n 526               return await cb()\n 527           except Exception as error:\n 528 →             raise rewrite_error(error, f"{parsed_st[\'apiName\']}: {error}") from None\n 529           finally:\n 530               self._api_zone.set(None)\n 531   \n 532       def wrap_api_call_sync(\n 533           self, cb: Callable[[], Any], is_internal: bool = False' session_id=None response_headers=None status_code=None ssl_certificate=None


Failed to crawl: https://www.northerncollege.ca/course/mi4113-applied-underground-mine-design/
Result: url='https://www.northerncollege.ca/course/mi4113-applied-underground-mine-design/' html='' success=False cleaned_html=None media={} links={} downloaded_files=None screenshot=None pdf=None markdown=None markdown_v2=None fit_markdown=None fit_html=None extracted_content=None metadata=None error_message='Unexpected error in _crawl_web at line 528 in wrap_api_call (../../.pyenv/versions/3.12.6/lib/python3.12/site-packages/playwright/_impl/_connection.py):\nError: Browser.new_context: Target page, context or browser has been closed\n\nCode context:\n 523           parsed_st = _extract_stack_trace_information_from_stack(st, is_internal)\n 524           self._api_zone.set(parsed_st)\n 525           try:\n 526               return await cb()\n 527           except Exception as error:\n 528 →             raise rewrite_error(error, f"{parsed_st[\'apiName\']}: {error}") from None\n 529           finally:\n 530               self._api_zone.set(None)\n 531   \n 532       def wrap_api_call_sync(\n 533           self, cb: Callable[[], Any], is_internal: bool = False' session_id=None response_headers=None status_code=None ssl_certificate=None


Failed to crawl: https://www.northerncollege.ca/course/mi4203-mine-ventilation/
Result: url='https://www.northerncollege.ca/course/mi4203-mine-ventilation/' html='' success=False cleaned_html=None media={} links={} downloaded_files=None screenshot=None pdf=None markdown=None markdown_v2=None fit_markdown=None fit_html=None extracted_content=None metadata=None error_message='Unexpected error in _crawl_web at line 528 in wrap_api_call (../../.pyenv/versions/3.12.6/lib/python3.12/site-packages/playwright/_impl/_connection.py):\nError: Browser.new_context: Target page, context or browser has been closed\n\nCode context:\n 523           parsed_st = _extract_stack_trace_information_from_stack(st, is_internal)\n 524           self._api_zone.set(parsed_st)\n 525           try:\n 526               return await cb()\n 527           except Exception as error:\n 528 →             raise rewrite_error(error, f"{parsed_st[\'apiName\']}: {error}") from None\n 529           finally:\n 530               self._api_zone.set(None)\n 531   \n 532       def wrap_api_call_sync(\n 533           self, cb: Callable[[], Any], is_internal: bool = False' session_id=None response_headers=None status_code=None ssl_certificate=None


Failed to crawl: https://www.northerncollege.ca/event/convocation-ceremony-kirkland-lake/
Result: url='https://www.northerncollege.ca/event/convocation-ceremony-kirkland-lake/' html='' success=False cleaned_html=None media={} links={} downloaded_files=None screenshot=None pdf=None markdown=None markdown_v2=None fit_markdown=None fit_html=None extracted_content=None metadata=None error_message='Unexpected error in _crawl_web at line 528 in wrap_api_call (../../.pyenv/versions/3.12.6/lib/python3.12/site-packages/playwright/_impl/_connection.py):\nError: Browser.new_context: Target page, context or browser has been closed\n\nCode context:\n 523           parsed_st = _extract_stack_trace_information_from_stack(st, is_internal)\n 524           self._api_zone.set(parsed_st)\n 525           try:\n 526               return await cb()\n 527           except Exception as error:\n 528 →             raise rewrite_error(error, f"{parsed_st[\'apiName\']}: {error}") from None\n 529           finally:\n 530               self._api_zone.set(None)\n 531   \n 532       def wrap_api_call_sync(\n 533           self, cb: Callable[[], Any], is_internal: bool = False' session_id=None response_headers=None status_code=None ssl_certificate=None


Failed to crawl: https://www.northerncollege.ca/event/convocation-ceremony-haileybury/
Result: url='https://www.northerncollege.ca/event/convocation-ceremony-haileybury/' html='' success=False cleaned_html=None media={} links={} downloaded_files=None screenshot=None pdf=None markdown=None markdown_v2=None fit_markdown=None fit_html=None extracted_content=None metadata=None error_message='Unexpected error in _crawl_web at line 528 in wrap_api_call (../../.pyenv/versions/3.12.6/lib/python3.12/site-packages/playwright/_impl/_connection.py):\nError: Browser.new_context: Target page, context or browser has been closed\n\nCode context:\n 523           parsed_st = _extract_stack_trace_information_from_stack(st, is_internal)\n 524           self._api_zone.set(parsed_st)\n 525           try:\n 526               return await cb()\n 527           except Exception as error:\n 528 →             raise rewrite_error(error, f"{parsed_st[\'apiName\']}: {error}") from None\n 529           finally:\n 530               self._api_zone.set(None)\n 531   \n 532       def wrap_api_call_sync(\n 533           self, cb: Callable[[], Any], is_internal: bool = False' session_id=None response_headers=None status_code=None ssl_certificate=None


Failed to crawl: https://www.northerncollege.ca/event/convocation-ceremony-moosonee/
Result: url='https://www.northerncollege.ca/event/convocation-ceremony-moosonee/' html='' success=False cleaned_html=None media={} links={} downloaded_files=None screenshot=None pdf=None markdown=None markdown_v2=None fit_markdown=None fit_html=None extracted_content=None metadata=None error_message='Unexpected error in _crawl_web at line 528 in wrap_api_call (../../.pyenv/versions/3.12.6/lib/python3.12/site-packages/playwright/_impl/_connection.py):\nError: Browser.new_context: Target page, context or browser has been closed\n\nCode context:\n 523           parsed_st = _extract_stack_trace_information_from_stack(st, is_internal)\n 524           self._api_zone.set(parsed_st)\n 525           try:\n 526               return await cb()\n 527           except Exception as error:\n 528 →             raise rewrite_error(error, f"{parsed_st[\'apiName\']}: {error}") from None\n 529           finally:\n 530               self._api_zone.set(None)\n 531   \n 532       def wrap_api_call_sync(\n 533           self, cb: Callable[[], Any], is_internal: bool = False' session_id=None response_headers=None status_code=None ssl_certificate=None


Failed to crawl: https://www.northerncollege.ca/event/convocation-ceremony-timmins/
Result: url='https://www.northerncollege.ca/event/convocation-ceremony-timmins/' html='' success=False cleaned_html=None media={} links={} downloaded_files=None screenshot=None pdf=None markdown=None markdown_v2=None fit_markdown=None fit_html=None extracted_content=None metadata=None error_message='Unexpected error in _crawl_web at line 528 in wrap_api_call (../../.pyenv/versions/3.12.6/lib/python3.12/site-packages/playwright/_impl/_connection.py):\nError: Browser.new_context: Target page, context or browser has been closed\n\nCode context:\n 523           parsed_st = _extract_stack_trace_information_from_stack(st, is_internal)\n 524           self._api_zone.set(parsed_st)\n 525           try:\n 526               return await cb()\n 527           except Exception as error:\n 528 →             raise rewrite_error(error, f"{parsed_st[\'apiName\']}: {error}") from None\n 529           finally:\n 530               self._api_zone.set(None)\n 531   \n 532       def wrap_api_call_sync(\n 533           self, cb: Callable[[], Any], is_internal: bool = False' session_id=None response_headers=None status_code=None ssl_certificate=None


Failed to crawl: https://www.northerncollege.ca/event/campus-week-kirkland-lake/
Result: url='https://www.northerncollege.ca/event/campus-week-kirkland-lake/' html='' success=False cleaned_html=None media={} links={} downloaded_files=None screenshot=None pdf=None markdown=None markdown_v2=None fit_markdown=None fit_html=None extracted_content=None metadata=None error_message='Unexpected error in _crawl_web at line 528 in wrap_api_call (../../.pyenv/versions/3.12.6/lib/python3.12/site-packages/playwright/_impl/_connection.py):\nError: Browser.new_context: Target page, context or browser has been closed\n\nCode context:\n 523           parsed_st = _extract_stack_trace_information_from_stack(st, is_internal)\n 524           self._api_zone.set(parsed_st)\n 525           try:\n 526               return await cb()\n 527           except Exception as error:\n 528 →             raise rewrite_error(error, f"{parsed_st[\'apiName\']}: {error}") from None\n 529           finally:\n 530               self._api_zone.set(None)\n 531   \n 532       def wrap_api_call_sync(\n 533           self, cb: Callable[[], Any], is_internal: bool = False' session_id=None response_headers=None status_code=None ssl_certificate=None


Failed to crawl: https://www.northerncollege.ca/event/campus-week-timmins/
Result: url='https://www.northerncollege.ca/event/campus-week-timmins/' html='' success=False cleaned_html=None media={} links={} downloaded_files=None screenshot=None pdf=None markdown=None markdown_v2=None fit_markdown=None fit_html=None extracted_content=None metadata=None error_message='Unexpected error in _crawl_web at line 528 in wrap_api_call (../../.pyenv/versions/3.12.6/lib/python3.12/site-packages/playwright/_impl/_connection.py):\nError: Browser.new_context: Target page, context or browser has been closed\n\nCode context:\n 523           parsed_st = _extract_stack_trace_information_from_stack(st, is_internal)\n 524           self._api_zone.set(parsed_st)\n 525           try:\n 526               return await cb()\n 527           except Exception as error:\n 528 →             raise rewrite_error(error, f"{parsed_st[\'apiName\']}: {error}") from None\n 529           finally:\n 530               self._api_zone.set(None)\n 531   \n 532       def wrap_api_call_sync(\n 533           self, cb: Callable[[], Any], is_internal: bool = False' session_id=None response_headers=None status_code=None ssl_certificate=None


Failed to crawl: https://www.northerncollege.ca/event/campus-week-haileybury/
Result: url='https://www.northerncollege.ca/event/campus-week-haileybury/' html='' success=False cleaned_html=None media={} links={} downloaded_files=None screenshot=None pdf=None markdown=None markdown_v2=None fit_markdown=None fit_html=None extracted_content=None metadata=None error_message='Unexpected error in _crawl_web at line 528 in wrap_api_call (../../.pyenv/versions/3.12.6/lib/python3.12/site-packages/playwright/_impl/_connection.py):\nError: Browser.new_context: Target page, context or browser has been closed\n\nCode context:\n 523           parsed_st = _extract_stack_trace_information_from_stack(st, is_internal)\n 524           self._api_zone.set(parsed_st)\n 525           try:\n 526               return await cb()\n 527           except Exception as error:\n 528 →             raise rewrite_error(error, f"{parsed_st[\'apiName\']}: {error}") from None\n 529           finally:\n 530               self._api_zone.set(None)\n 531   \n 532       def wrap_api_call_sync(\n 533           self, cb: Callable[[], Any], is_internal: bool = False' session_id=None response_headers=None status_code=None ssl_certificate=None


Failed to crawl: https://www.northerncollege.ca/event/drum-making-workshop/
Result: url='https://www.northerncollege.ca/event/drum-making-workshop/' html='' success=False cleaned_html=None media={} links={} downloaded_files=None screenshot=None pdf=None markdown=None markdown_v2=None fit_markdown=None fit_html=None extracted_content=None metadata=None error_message='Unexpected error in _crawl_web at line 528 in wrap_api_call (../../.pyenv/versions/3.12.6/lib/python3.12/site-packages/playwright/_impl/_connection.py):\nError: Browser.new_context: Target page, context or browser has been closed\n\nCode context:\n 523           parsed_st = _extract_stack_trace_information_from_stack(st, is_internal)\n 524           self._api_zone.set(parsed_st)\n 525           try:\n 526               return await cb()\n 527           except Exception as error:\n 528 →             raise rewrite_error(error, f"{parsed_st[\'apiName\']}: {error}") from None\n 529           finally:\n 530               self._api_zone.set(None)\n 531   \n 532       def wrap_api_call_sync(\n 533           self, cb: Callable[[], Any], is_internal: bool = False' session_id=None response_headers=None status_code=None ssl_certificate=None


Failed to crawl: https://www.northerncollege.ca/event/beards-off-for-bursaries-finale/
Result: url='https://www.northerncollege.ca/event/beards-off-for-bursaries-finale/' html='' success=False cleaned_html=None media={} links={} downloaded_files=None screenshot=None pdf=None markdown=None markdown_v2=None fit_markdown=None fit_html=None extracted_content=None metadata=None error_message='Unexpected error in _crawl_web at line 528 in wrap_api_call (../../.pyenv/versions/3.12.6/lib/python3.12/site-packages/playwright/_impl/_connection.py):\nError: Browser.new_context: Target page, context or browser has been closed\n\nCode context:\n 523           parsed_st = _extract_stack_trace_information_from_stack(st, is_internal)\n 524           self._api_zone.set(parsed_st)\n 525           try:\n 526               return await cb()\n 527           except Exception as error:\n 528 →             raise rewrite_error(error, f"{parsed_st[\'apiName\']}: {error}") from None\n 529           finally:\n 530               self._api_zone.set(None)\n 531   \n 532       def wrap_api_call_sync(\n 533           self, cb: Callable[[], Any], is_internal: bool = False' session_id=None response_headers=None status_code=None ssl_certificate=None


Failed to crawl: https://www.northerncollege.ca/event/wednesdays-at-urban-park-in-timmins/
Result: url='https://www.northerncollege.ca/event/wednesdays-at-urban-park-in-timmins/' html='' success=False cleaned_html=None media={} links={} downloaded_files=None screenshot=None pdf=None markdown=None markdown_v2=None fit_markdown=None fit_html=None extracted_content=None metadata=None error_message='Unexpected error in _crawl_web at line 528 in wrap_api_call (../../.pyenv/versions/3.12.6/lib/python3.12/site-packages/playwright/_impl/_connection.py):\nError: Browser.new_context: Target page, context or browser has been closed\n\nCode context:\n 523           parsed_st = _extract_stack_trace_information_from_stack(st, is_internal)\n 524           self._api_zone.set(parsed_st)\n 525           try:\n 526               return await cb()\n 527           except Exception as error:\n 528 →             raise rewrite_error(error, f"{parsed_st[\'apiName\']}: {error}") from None\n 529           finally:\n 530               self._api_zone.set(None)\n 531   \n 532       def wrap_api_call_sync(\n 533           self, cb: Callable[[], Any], is_internal: bool = False' session_id=None response_headers=None status_code=None ssl_certificate=None


Failed to crawl: https://www.northerncollege.ca/event/welcome-to-timmins-night/
Result: url='https://www.northerncollege.ca/event/welcome-to-timmins-night/' html='' success=False cleaned_html=None media={} links={} downloaded_files=None screenshot=None pdf=None markdown=None markdown_v2=None fit_markdown=None fit_html=None extracted_content=None metadata=None error_message='Unexpected error in _crawl_web at line 528 in wrap_api_call (../../.pyenv/versions/3.12.6/lib/python3.12/site-packages/playwright/_impl/_connection.py):\nError: Browser.new_context: Target page, context or browser has been closed\n\nCode context:\n 523           parsed_st = _extract_stack_trace_information_from_stack(st, is_internal)\n 524           self._api_zone.set(parsed_st)\n 525           try:\n 526               return await cb()\n 527           except Exception as error:\n 528 →             raise rewrite_error(error, f"{parsed_st[\'apiName\']}: {error}") from None\n 529           finally:\n 530               self._api_zone.set(None)\n 531   \n 532       def wrap_api_call_sync(\n 533           self, cb: Callable[[], Any], is_internal: bool = False' session_id=None response_headers=None status_code=None ssl_certificate=None


Failed to crawl: https://www.northerncollege.ca/event/orientation-fall-2022/
Result: url='https://www.northerncollege.ca/event/orientation-fall-2022/' html='' success=False cleaned_html=None media={} links={} downloaded_files=None screenshot=None pdf=None markdown=None markdown_v2=None fit_markdown=None fit_html=None extracted_content=None metadata=None error_message='Unexpected error in _crawl_web at line 528 in wrap_api_call (../../.pyenv/versions/3.12.6/lib/python3.12/site-packages/playwright/_impl/_connection.py):\nError: Browser.new_context: Target page, context or browser has been closed\n\nCode context:\n 523           parsed_st = _extract_stack_trace_information_from_stack(st, is_internal)\n 524           self._api_zone.set(parsed_st)\n 525           try:\n 526               return await cb()\n 527           except Exception as error:\n 528 →             raise rewrite_error(error, f"{parsed_st[\'apiName\']}: {error}") from None\n 529           finally:\n 530               self._api_zone.set(None)\n 531   \n 532       def wrap_api_call_sync(\n 533           self, cb: Callable[[], Any], is_internal: bool = False' session_id=None response_headers=None status_code=None ssl_certificate=None


Failed to crawl: https://www.northerncollege.ca/event/reclaiming-our-lives/
Result: url='https://www.northerncollege.ca/event/reclaiming-our-lives/' html='' success=False cleaned_html=None media={} links={} downloaded_files=None screenshot=None pdf=None markdown=None markdown_v2=None fit_markdown=None fit_html=None extracted_content=None metadata=None error_message='Unexpected error in _crawl_web at line 528 in wrap_api_call (../../.pyenv/versions/3.12.6/lib/python3.12/site-packages/playwright/_impl/_connection.py):\nError: Browser.new_context: Target page, context or browser has been closed\n\nCode context:\n 523           parsed_st = _extract_stack_trace_information_from_stack(st, is_internal)\n 524           self._api_zone.set(parsed_st)\n 525           try:\n 526               return await cb()\n 527           except Exception as error:\n 528 →             raise rewrite_error(error, f"{parsed_st[\'apiName\']}: {error}") from None\n 529           finally:\n 530               self._api_zone.set(None)\n 531   \n 532       def wrap_api_call_sync(\n 533           self, cb: Callable[[], Any], is_internal: bool = False' session_id=None response_headers=None status_code=None ssl_certificate=None


Failed to crawl: https://www.northerncollege.ca/event/host-a-student-information-session/
Result: url='https://www.northerncollege.ca/event/host-a-student-information-session/' html='' success=False cleaned_html=None media={} links={} downloaded_files=None screenshot=None pdf=None markdown=None markdown_v2=None fit_markdown=None fit_html=None extracted_content=None metadata=None error_message='Unexpected error in _crawl_web at line 528 in wrap_api_call (../../.pyenv/versions/3.12.6/lib/python3.12/site-packages/playwright/_impl/_connection.py):\nError: Browser.new_context: Target page, context or browser has been closed\n\nCode context:\n 523           parsed_st = _extract_stack_trace_information_from_stack(st, is_internal)\n 524           self._api_zone.set(parsed_st)\n 525           try:\n 526               return await cb()\n 527           except Exception as error:\n 528 →             raise rewrite_error(error, f"{parsed_st[\'apiName\']}: {error}") from None\n 529           finally:\n 530               self._api_zone.set(None)\n 531   \n 532       def wrap_api_call_sync(\n 533           self, cb: Callable[[], Any], is_internal: bool = False' session_id=None response_headers=None status_code=None ssl_certificate=None


Failed to crawl: https://www.northerncollege.ca/event/sports-supports-day-sept-7-2022/
Result: url='https://www.northerncollege.ca/event/sports-supports-day-sept-7-2022/' html='' success=False cleaned_html=None media={} links={} downloaded_files=None screenshot=None pdf=None markdown=None markdown_v2=None fit_markdown=None fit_html=None extracted_content=None metadata=None error_message='Unexpected error in _crawl_web at line 528 in wrap_api_call (../../.pyenv/versions/3.12.6/lib/python3.12/site-packages/playwright/_impl/_connection.py):\nError: Browser.new_context: Target page, context or browser has been closed\n\nCode context:\n 523           parsed_st = _extract_stack_trace_information_from_stack(st, is_internal)\n 524           self._api_zone.set(parsed_st)\n 525           try:\n 526               return await cb()\n 527           except Exception as error:\n 528 →             raise rewrite_error(error, f"{parsed_st[\'apiName\']}: {error}") from None\n 529           finally:\n 530               self._api_zone.set(None)\n 531   \n 532       def wrap_api_call_sync(\n 533           self, cb: Callable[[], Any], is_internal: bool = False' session_id=None response_headers=None status_code=None ssl_certificate=None


Failed to crawl: https://www.northerncollege.ca/event/sba-applications/
Result: url='https://www.northerncollege.ca/event/sba-applications/' html='' success=False cleaned_html=None media={} links={} downloaded_files=None screenshot=None pdf=None markdown=None markdown_v2=None fit_markdown=None fit_html=None extracted_content=None metadata=None error_message='Unexpected error in _crawl_web at line 528 in wrap_api_call (../../.pyenv/versions/3.12.6/lib/python3.12/site-packages/playwright/_impl/_connection.py):\nError: Browser.new_context: Target page, context or browser has been closed\n\nCode context:\n 523           parsed_st = _extract_stack_trace_information_from_stack(st, is_internal)\n 524           self._api_zone.set(parsed_st)\n 525           try:\n 526               return await cb()\n 527           except Exception as error:\n 528 →             raise rewrite_error(error, f"{parsed_st[\'apiName\']}: {error}") from None\n 529           finally:\n 530               self._api_zone.set(None)\n 531   \n 532       def wrap_api_call_sync(\n 533           self, cb: Callable[[], Any], is_internal: bool = False' session_id=None response_headers=None status_code=None ssl_certificate=None


Failed to crawl: https://www.northerncollege.ca/event/your-next-big-step/
Result: url='https://www.northerncollege.ca/event/your-next-big-step/' html='' success=False cleaned_html=None media={} links={} downloaded_files=None screenshot=None pdf=None markdown=None markdown_v2=None fit_markdown=None fit_html=None extracted_content=None metadata=None error_message='Unexpected error in _crawl_web at line 528 in wrap_api_call (../../.pyenv/versions/3.12.6/lib/python3.12/site-packages/playwright/_impl/_connection.py):\nError: Browser.new_context: Target page, context or browser has been closed\n\nCode context:\n 523           parsed_st = _extract_stack_trace_information_from_stack(st, is_internal)\n 524           self._api_zone.set(parsed_st)\n 525           try:\n 526               return await cb()\n 527           except Exception as error:\n 528 →             raise rewrite_error(error, f"{parsed_st[\'apiName\']}: {error}") from None\n 529           finally:\n 530               self._api_zone.set(None)\n 531   \n 532       def wrap_api_call_sync(\n 533           self, cb: Callable[[], Any], is_internal: bool = False' session_id=None response_headers=None status_code=None ssl_certificate=None


Failed to crawl: https://www.northerncollege.ca/event/arrive-thrive-first-year-student-experience-survey/
Result: url='https://www.northerncollege.ca/event/arrive-thrive-first-year-student-experience-survey/' html='' success=False cleaned_html=None media={} links={} downloaded_files=None screenshot=None pdf=None markdown=None markdown_v2=None fit_markdown=None fit_html=None extracted_content=None metadata=None error_message='Unexpected error in _crawl_web at line 528 in wrap_api_call (../../.pyenv/versions/3.12.6/lib/python3.12/site-packages/playwright/_impl/_connection.py):\nError: Browser.new_context: Target page, context or browser has been closed\n\nCode context:\n 523           parsed_st = _extract_stack_trace_information_from_stack(st, is_internal)\n 524           self._api_zone.set(parsed_st)\n 525           try:\n 526               return await cb()\n 527           except Exception as error:\n 528 →             raise rewrite_error(error, f"{parsed_st[\'apiName\']}: {error}") from None\n 529           finally:\n 530               self._api_zone.set(None)\n 531   \n 532       def wrap_api_call_sync(\n 533           self, cb: Callable[[], Any], is_internal: bool = False' session_id=None response_headers=None status_code=None ssl_certificate=None


Failed to crawl: https://www.northerncollege.ca/event/20th-annual-traditional-powwow-standing-together-honouring-the-voices-that-awakened-the-world/
Result: url='https://www.northerncollege.ca/event/20th-annual-traditional-powwow-standing-together-honouring-the-voices-that-awakened-the-world/' html='' success=False cleaned_html=None media={} links={} downloaded_files=None screenshot=None pdf=None markdown=None markdown_v2=None fit_markdown=None fit_html=None extracted_content=None metadata=None error_message='Unexpected error in _crawl_web at line 528 in wrap_api_call (../../.pyenv/versions/3.12.6/lib/python3.12/site-packages/playwright/_impl/_connection.py):\nError: Browser.new_context: Target page, context or browser has been closed\n\nCode context:\n 523           parsed_st = _extract_stack_trace_information_from_stack(st, is_internal)\n 524           self._api_zone.set(parsed_st)\n 525           try:\n 526               return await cb()\n 527           except Exception as error:\n 528 →             raise rewrite_error(error, f"{parsed_st[\'apiName\']}: {error}") from None\n 529           finally:\n 530               self._api_zone.set(None)\n 531   \n 532       def wrap_api_call_sync(\n 533           self, cb: Callable[[], Any], is_internal: bool = False' session_id=None response_headers=None status_code=None ssl_certificate=None


Failed to crawl: https://www.northerncollege.ca/event/kirkland-lake-homecoming-weekend/
Result: url='https://www.northerncollege.ca/event/kirkland-lake-homecoming-weekend/' html='' success=False cleaned_html=None media={} links={} downloaded_files=None screenshot=None pdf=None markdown=None markdown_v2=None fit_markdown=None fit_html=None extracted_content=None metadata=None error_message='Unexpected error in _crawl_web at line 528 in wrap_api_call (../../.pyenv/versions/3.12.6/lib/python3.12/site-packages/playwright/_impl/_connection.py):\nError: Browser.new_context: Target page, context or browser has been closed\n\nCode context:\n 523           parsed_st = _extract_stack_trace_information_from_stack(st, is_internal)\n 524           self._api_zone.set(parsed_st)\n 525           try:\n 526               return await cb()\n 527           except Exception as error:\n 528 →             raise rewrite_error(error, f"{parsed_st[\'apiName\']}: {error}") from None\n 529           finally:\n 530               self._api_zone.set(None)\n 531   \n 532       def wrap_api_call_sync(\n 533           self, cb: Callable[[], Any], is_internal: bool = False' session_id=None response_headers=None status_code=None ssl_certificate=None


Failed to crawl: https://www.northerncollege.ca/event/fall-open-house-2022/
Result: url='https://www.northerncollege.ca/event/fall-open-house-2022/' html='' success=False cleaned_html=None media={} links={} downloaded_files=None screenshot=None pdf=None markdown=None markdown_v2=None fit_markdown=None fit_html=None extracted_content=None metadata=None error_message='Unexpected error in _crawl_web at line 528 in wrap_api_call (../../.pyenv/versions/3.12.6/lib/python3.12/site-packages/playwright/_impl/_connection.py):\nError: Browser.new_context: Target page, context or browser has been closed\n\nCode context:\n 523           parsed_st = _extract_stack_trace_information_from_stack(st, is_internal)\n 524           self._api_zone.set(parsed_st)\n 525           try:\n 526               return await cb()\n 527           except Exception as error:\n 528 →             raise rewrite_error(error, f"{parsed_st[\'apiName\']}: {error}") from None\n 529           finally:\n 530               self._api_zone.set(None)\n 531   \n 532       def wrap_api_call_sync(\n 533           self, cb: Callable[[], Any], is_internal: bool = False' session_id=None response_headers=None status_code=None ssl_certificate=None


Failed to crawl: https://www.northerncollege.ca/event/indigenous-cultural-awareness-week-2022/
Result: url='https://www.northerncollege.ca/event/indigenous-cultural-awareness-week-2022/' html='' success=False cleaned_html=None media={} links={} downloaded_files=None screenshot=None pdf=None markdown=None markdown_v2=None fit_markdown=None fit_html=None extracted_content=None metadata=None error_message='Unexpected error in _crawl_web at line 528 in wrap_api_call (../../.pyenv/versions/3.12.6/lib/python3.12/site-packages/playwright/_impl/_connection.py):\nError: Browser.new_context: Target page, context or browser has been closed\n\nCode context:\n 523           parsed_st = _extract_stack_trace_information_from_stack(st, is_internal)\n 524           self._api_zone.set(parsed_st)\n 525           try:\n 526               return await cb()\n 527           except Exception as error:\n 528 →             raise rewrite_error(error, f"{parsed_st[\'apiName\']}: {error}") from None\n 529           finally:\n 530               self._api_zone.set(None)\n 531   \n 532       def wrap_api_call_sync(\n 533           self, cb: Callable[[], Any], is_internal: bool = False' session_id=None response_headers=None status_code=None ssl_certificate=None


Failed to crawl: https://www.northerncollege.ca/event/diwali-2022/
Result: url='https://www.northerncollege.ca/event/diwali-2022/' html='' success=False cleaned_html=None media={} links={} downloaded_files=None screenshot=None pdf=None markdown=None markdown_v2=None fit_markdown=None fit_html=None extracted_content=None metadata=None error_message='Unexpected error in _crawl_web at line 528 in wrap_api_call (../../.pyenv/versions/3.12.6/lib/python3.12/site-packages/playwright/_impl/_connection.py):\nError: Browser.new_context: Target page, context or browser has been closed\n\nCode context:\n 523           parsed_st = _extract_stack_trace_information_from_stack(st, is_internal)\n 524           self._api_zone.set(parsed_st)\n 525           try:\n 526               return await cb()\n 527           except Exception as error:\n 528 →             raise rewrite_error(error, f"{parsed_st[\'apiName\']}: {error}") from None\n 529           finally:\n 530               self._api_zone.set(None)\n 531   \n 532       def wrap_api_call_sync(\n 533           self, cb: Callable[[], Any], is_internal: bool = False' session_id=None response_headers=None status_code=None ssl_certificate=None


Failed to crawl: https://www.northerncollege.ca/event/college-work-life-balance-oh-my-free-workshop/
Result: url='https://www.northerncollege.ca/event/college-work-life-balance-oh-my-free-workshop/' html='' success=False cleaned_html=None media={} links={} downloaded_files=None screenshot=None pdf=None markdown=None markdown_v2=None fit_markdown=None fit_html=None extracted_content=None metadata=None error_message='Unexpected error in _crawl_web at line 528 in wrap_api_call (../../.pyenv/versions/3.12.6/lib/python3.12/site-packages/playwright/_impl/_connection.py):\nError: Browser.new_context: Target page, context or browser has been closed\n\nCode context:\n 523           parsed_st = _extract_stack_trace_information_from_stack(st, is_internal)\n 524           self._api_zone.set(parsed_st)\n 525           try:\n 526               return await cb()\n 527           except Exception as error:\n 528 →             raise rewrite_error(error, f"{parsed_st[\'apiName\']}: {error}") from None\n 529           finally:\n 530               self._api_zone.set(None)\n 531   \n 532       def wrap_api_call_sync(\n 533           self, cb: Callable[[], Any], is_internal: bool = False' session_id=None response_headers=None status_code=None ssl_certificate=None


Failed to crawl: https://www.northerncollege.ca/event/toy-drive/
Result: url='https://www.northerncollege.ca/event/toy-drive/' html='' success=False cleaned_html=None media={} links={} downloaded_files=None screenshot=None pdf=None markdown=None markdown_v2=None fit_markdown=None fit_html=None extracted_content=None metadata=None error_message='Unexpected error in _crawl_web at line 528 in wrap_api_call (../../.pyenv/versions/3.12.6/lib/python3.12/site-packages/playwright/_impl/_connection.py):\nError: Browser.new_context: Target page, context or browser has been closed\n\nCode context:\n 523           parsed_st = _extract_stack_trace_information_from_stack(st, is_internal)\n 524           self._api_zone.set(parsed_st)\n 525           try:\n 526               return await cb()\n 527           except Exception as error:\n 528 →             raise rewrite_error(error, f"{parsed_st[\'apiName\']}: {error}") from None\n 529           finally:\n 530               self._api_zone.set(None)\n 531   \n 532       def wrap_api_call_sync(\n 533           self, cb: Callable[[], Any], is_internal: bool = False' session_id=None response_headers=None status_code=None ssl_certificate=None


Failed to crawl: https://www.northerncollege.ca/event/remembrance-day-2022/
Result: url='https://www.northerncollege.ca/event/remembrance-day-2022/' html='' success=False cleaned_html=None media={} links={} downloaded_files=None screenshot=None pdf=None markdown=None markdown_v2=None fit_markdown=None fit_html=None extracted_content=None metadata=None error_message='Unexpected error in _crawl_web at line 528 in wrap_api_call (../../.pyenv/versions/3.12.6/lib/python3.12/site-packages/playwright/_impl/_connection.py):\nError: Browser.new_context: Target page, context or browser has been closed\n\nCode context:\n 523           parsed_st = _extract_stack_trace_information_from_stack(st, is_internal)\n 524           self._api_zone.set(parsed_st)\n 525           try:\n 526               return await cb()\n 527           except Exception as error:\n 528 →             raise rewrite_error(error, f"{parsed_st[\'apiName\']}: {error}") from None\n 529           finally:\n 530               self._api_zone.set(None)\n 531   \n 532       def wrap_api_call_sync(\n 533           self, cb: Callable[[], Any], is_internal: bool = False' session_id=None response_headers=None status_code=None ssl_certificate=None


Failed to crawl: https://www.northerncollege.ca/event/community-of-caring/
Result: url='https://www.northerncollege.ca/event/community-of-caring/' html='' success=False cleaned_html=None media={} links={} downloaded_files=None screenshot=None pdf=None markdown=None markdown_v2=None fit_markdown=None fit_html=None extracted_content=None metadata=None error_message='Unexpected error in _crawl_web at line 528 in wrap_api_call (../../.pyenv/versions/3.12.6/lib/python3.12/site-packages/playwright/_impl/_connection.py):\nError: Browser.new_context: Target page, context or browser has been closed\n\nCode context:\n 523           parsed_st = _extract_stack_trace_information_from_stack(st, is_internal)\n 524           self._api_zone.set(parsed_st)\n 525           try:\n 526               return await cb()\n 527           except Exception as error:\n 528 →             raise rewrite_error(error, f"{parsed_st[\'apiName\']}: {error}") from None\n 529           finally:\n 530               self._api_zone.set(None)\n 531   \n 532       def wrap_api_call_sync(\n 533           self, cb: Callable[[], Any], is_internal: bool = False' session_id=None response_headers=None status_code=None ssl_certificate=None


Failed to crawl: https://www.northerncollege.ca/event/scholarships-bursaries-awards-applications-winter-2023/
Result: url='https://www.northerncollege.ca/event/scholarships-bursaries-awards-applications-winter-2023/' html='' success=False cleaned_html=None media={} links={} downloaded_files=None screenshot=None pdf=None markdown=None markdown_v2=None fit_markdown=None fit_html=None extracted_content=None metadata=None error_message='Unexpected error in _crawl_web at line 528 in wrap_api_call (../../.pyenv/versions/3.12.6/lib/python3.12/site-packages/playwright/_impl/_connection.py):\nError: Browser.new_context: Target page, context or browser has been closed\n\nCode context:\n 523           parsed_st = _extract_stack_trace_information_from_stack(st, is_internal)\n 524           self._api_zone.set(parsed_st)\n 525           try:\n 526               return await cb()\n 527           except Exception as error:\n 528 →             raise rewrite_error(error, f"{parsed_st[\'apiName\']}: {error}") from None\n 529           finally:\n 530               self._api_zone.set(None)\n 531   \n 532       def wrap_api_call_sync(\n 533           self, cb: Callable[[], Any], is_internal: bool = False' session_id=None response_headers=None status_code=None ssl_certificate=None


Failed to crawl: https://www.northerncollege.ca/event/info-session-for-scholarships-bursaries-awards-applications/
Result: url='https://www.northerncollege.ca/event/info-session-for-scholarships-bursaries-awards-applications/' html='' success=False cleaned_html=None media={} links={} downloaded_files=None screenshot=None pdf=None markdown=None markdown_v2=None fit_markdown=None fit_html=None extracted_content=None metadata=None error_message='Unexpected error in _crawl_web at line 528 in wrap_api_call (../../.pyenv/versions/3.12.6/lib/python3.12/site-packages/playwright/_impl/_connection.py):\nError: Browser.new_context: Target page, context or browser has been closed\n\nCode context:\n 523           parsed_st = _extract_stack_trace_information_from_stack(st, is_internal)\n 524           self._api_zone.set(parsed_st)\n 525           try:\n 526               return await cb()\n 527           except Exception as error:\n 528 →             raise rewrite_error(error, f"{parsed_st[\'apiName\']}: {error}") from None\n 529           finally:\n 530               self._api_zone.set(None)\n 531   \n 532       def wrap_api_call_sync(\n 533           self, cb: Callable[[], Any], is_internal: bool = False' session_id=None response_headers=None status_code=None ssl_certificate=None


Failed to crawl: https://www.northerncollege.ca/event/orientation-winter-2023/
Result: url='https://www.northerncollege.ca/event/orientation-winter-2023/' html='' success=False cleaned_html=None media={} links={} downloaded_files=None screenshot=None pdf=None markdown=None markdown_v2=None fit_markdown=None fit_html=None extracted_content=None metadata=None error_message='Unexpected error in _crawl_web at line 528 in wrap_api_call (../../.pyenv/versions/3.12.6/lib/python3.12/site-packages/playwright/_impl/_connection.py):\nError: Browser.new_context: Target page, context or browser has been closed\n\nCode context:\n 523           parsed_st = _extract_stack_trace_information_from_stack(st, is_internal)\n 524           self._api_zone.set(parsed_st)\n 525           try:\n 526               return await cb()\n 527           except Exception as error:\n 528 →             raise rewrite_error(error, f"{parsed_st[\'apiName\']}: {error}") from None\n 529           finally:\n 530               self._api_zone.set(None)\n 531   \n 532       def wrap_api_call_sync(\n 533           self, cb: Callable[[], Any], is_internal: bool = False' session_id=None response_headers=None status_code=None ssl_certificate=None


Failed to crawl: https://www.northerncollege.ca/event/not-alone-healing-after-trauma-with-tyler-smith/
Result: url='https://www.northerncollege.ca/event/not-alone-healing-after-trauma-with-tyler-smith/' html='' success=False cleaned_html=None media={} links={} downloaded_files=None screenshot=None pdf=None markdown=None markdown_v2=None fit_markdown=None fit_html=None extracted_content=None metadata=None error_message='Unexpected error in _crawl_web at line 528 in wrap_api_call (../../.pyenv/versions/3.12.6/lib/python3.12/site-packages/playwright/_impl/_connection.py):\nError: Browser.new_context: Target page, context or browser has been closed\n\nCode context:\n 523           parsed_st = _extract_stack_trace_information_from_stack(st, is_internal)\n 524           self._api_zone.set(parsed_st)\n 525           try:\n 526               return await cb()\n 527           except Exception as error:\n 528 →             raise rewrite_error(error, f"{parsed_st[\'apiName\']}: {error}") from None\n 529           finally:\n 530               self._api_zone.set(None)\n 531   \n 532       def wrap_api_call_sync(\n 533           self, cb: Callable[[], Any], is_internal: bool = False' session_id=None response_headers=None status_code=None ssl_certificate=None


Failed to crawl: https://www.northerncollege.ca/event/arrive-thrive-winter-2023/
Result: url='https://www.northerncollege.ca/event/arrive-thrive-winter-2023/' html='' success=False cleaned_html=None media={} links={} downloaded_files=None screenshot=None pdf=None markdown=None markdown_v2=None fit_markdown=None fit_html=None extracted_content=None metadata=None error_message='Unexpected error in _crawl_web at line 528 in wrap_api_call (../../.pyenv/versions/3.12.6/lib/python3.12/site-packages/playwright/_impl/_connection.py):\nError: Browser.new_context: Target page, context or browser has been closed\n\nCode context:\n 523           parsed_st = _extract_stack_trace_information_from_stack(st, is_internal)\n 524           self._api_zone.set(parsed_st)\n 525           try:\n 526               return await cb()\n 527           except Exception as error:\n 528 →             raise rewrite_error(error, f"{parsed_st[\'apiName\']}: {error}") from None\n 529           finally:\n 530               self._api_zone.set(None)\n 531   \n 532       def wrap_api_call_sync(\n 533           self, cb: Callable[[], Any], is_internal: bool = False' session_id=None response_headers=None status_code=None ssl_certificate=None


Failed to crawl: https://www.northerncollege.ca/event/frost-week-snocha/
Result: url='https://www.northerncollege.ca/event/frost-week-snocha/' html='' success=False cleaned_html=None media={} links={} downloaded_files=None screenshot=None pdf=None markdown=None markdown_v2=None fit_markdown=None fit_html=None extracted_content=None metadata=None error_message='Unexpected error in _crawl_web at line 528 in wrap_api_call (../../.pyenv/versions/3.12.6/lib/python3.12/site-packages/playwright/_impl/_connection.py):\nError: Browser.new_context: Target page, context or browser has been closed\n\nCode context:\n 523           parsed_st = _extract_stack_trace_information_from_stack(st, is_internal)\n 524           self._api_zone.set(parsed_st)\n 525           try:\n 526               return await cb()\n 527           except Exception as error:\n 528 →             raise rewrite_error(error, f"{parsed_st[\'apiName\']}: {error}") from None\n 529           finally:\n 530               self._api_zone.set(None)\n 531   \n 532       def wrap_api_call_sync(\n 533           self, cb: Callable[[], Any], is_internal: bool = False' session_id=None response_headers=None status_code=None ssl_certificate=None


Failed to crawl: https://www.northerncollege.ca/event/snowga-classes/
Result: url='https://www.northerncollege.ca/event/snowga-classes/' html='' success=False cleaned_html=None media={} links={} downloaded_files=None screenshot=None pdf=None markdown=None markdown_v2=None fit_markdown=None fit_html=None extracted_content=None metadata=None error_message='Unexpected error in _crawl_web at line 528 in wrap_api_call (../../.pyenv/versions/3.12.6/lib/python3.12/site-packages/playwright/_impl/_connection.py):\nError: Browser.new_context: Target page, context or browser has been closed\n\nCode context:\n 523           parsed_st = _extract_stack_trace_information_from_stack(st, is_internal)\n 524           self._api_zone.set(parsed_st)\n 525           try:\n 526               return await cb()\n 527           except Exception as error:\n 528 →             raise rewrite_error(error, f"{parsed_st[\'apiName\']}: {error}") from None\n 529           finally:\n 530               self._api_zone.set(None)\n 531   \n 532       def wrap_api_call_sync(\n 533           self, cb: Callable[[], Any], is_internal: bool = False' session_id=None response_headers=None status_code=None ssl_certificate=None


Failed to crawl: https://www.northerncollege.ca/event/snowga-classes-2/
Result: url='https://www.northerncollege.ca/event/snowga-classes-2/' html='' success=False cleaned_html=None media={} links={} downloaded_files=None screenshot=None pdf=None markdown=None markdown_v2=None fit_markdown=None fit_html=None extracted_content=None metadata=None error_message='Unexpected error in _crawl_web at line 528 in wrap_api_call (../../.pyenv/versions/3.12.6/lib/python3.12/site-packages/playwright/_impl/_connection.py):\nError: Browser.new_context: Target page, context or browser has been closed\n\nCode context:\n 523           parsed_st = _extract_stack_trace_information_from_stack(st, is_internal)\n 524           self._api_zone.set(parsed_st)\n 525           try:\n 526               return await cb()\n 527           except Exception as error:\n 528 →             raise rewrite_error(error, f"{parsed_st[\'apiName\']}: {error}") from None\n 529           finally:\n 530               self._api_zone.set(None)\n 531   \n 532       def wrap_api_call_sync(\n 533           self, cb: Callable[[], Any], is_internal: bool = False' session_id=None response_headers=None status_code=None ssl_certificate=None


Failed to crawl: https://www.northerncollege.ca/event/move-classes/
Result: url='https://www.northerncollege.ca/event/move-classes/' html='' success=False cleaned_html=None media={} links={} downloaded_files=None screenshot=None pdf=None markdown=None markdown_v2=None fit_markdown=None fit_html=None extracted_content=None metadata=None error_message='Unexpected error in _crawl_web at line 528 in wrap_api_call (../../.pyenv/versions/3.12.6/lib/python3.12/site-packages/playwright/_impl/_connection.py):\nError: Browser.new_context: Target page, context or browser has been closed\n\nCode context:\n 523           parsed_st = _extract_stack_trace_information_from_stack(st, is_internal)\n 524           self._api_zone.set(parsed_st)\n 525           try:\n 526               return await cb()\n 527           except Exception as error:\n 528 →             raise rewrite_error(error, f"{parsed_st[\'apiName\']}: {error}") from None\n 529           finally:\n 530               self._api_zone.set(None)\n 531   \n 532       def wrap_api_call_sync(\n 533           self, cb: Callable[[], Any], is_internal: bool = False' session_id=None response_headers=None status_code=None ssl_certificate=None


Failed to crawl: https://www.northerncollege.ca/event/move-classes-mywellness-project/
Result: url='https://www.northerncollege.ca/event/move-classes-mywellness-project/' html='' success=False cleaned_html=None media={} links={} downloaded_files=None screenshot=None pdf=None markdown=None markdown_v2=None fit_markdown=None fit_html=None extracted_content=None metadata=None error_message='Unexpected error in _crawl_web at line 528 in wrap_api_call (../../.pyenv/versions/3.12.6/lib/python3.12/site-packages/playwright/_impl/_connection.py):\nError: Browser.new_context: Target page, context or browser has been closed\n\nCode context:\n 523           parsed_st = _extract_stack_trace_information_from_stack(st, is_internal)\n 524           self._api_zone.set(parsed_st)\n 525           try:\n 526               return await cb()\n 527           except Exception as error:\n 528 →             raise rewrite_error(error, f"{parsed_st[\'apiName\']}: {error}") from None\n 529           finally:\n 530               self._api_zone.set(None)\n 531   \n 532       def wrap_api_call_sync(\n 533           self, cb: Callable[[], Any], is_internal: bool = False' session_id=None response_headers=None status_code=None ssl_certificate=None


Failed to crawl: https://www.northerncollege.ca/event/vision-board-class-mywellness-project/
Result: url='https://www.northerncollege.ca/event/vision-board-class-mywellness-project/' html='' success=False cleaned_html=None media={} links={} downloaded_files=None screenshot=None pdf=None markdown=None markdown_v2=None fit_markdown=None fit_html=None extracted_content=None metadata=None error_message='Unexpected error in _crawl_web at line 528 in wrap_api_call (../../.pyenv/versions/3.12.6/lib/python3.12/site-packages/playwright/_impl/_connection.py):\nError: Browser.new_context: Target page, context or browser has been closed\n\nCode context:\n 523           parsed_st = _extract_stack_trace_information_from_stack(st, is_internal)\n 524           self._api_zone.set(parsed_st)\n 525           try:\n 526               return await cb()\n 527           except Exception as error:\n 528 →             raise rewrite_error(error, f"{parsed_st[\'apiName\']}: {error}") from None\n 529           finally:\n 530               self._api_zone.set(None)\n 531   \n 532       def wrap_api_call_sync(\n 533           self, cb: Callable[[], Any], is_internal: bool = False' session_id=None response_headers=None status_code=None ssl_certificate=None


Failed to crawl: https://www.northerncollege.ca/event/pink-shirt-day-mywellness-project/
Result: url='https://www.northerncollege.ca/event/pink-shirt-day-mywellness-project/' html='' success=False cleaned_html=None media={} links={} downloaded_files=None screenshot=None pdf=None markdown=None markdown_v2=None fit_markdown=None fit_html=None extracted_content=None metadata=None error_message='Unexpected error in _crawl_web at line 528 in wrap_api_call (../../.pyenv/versions/3.12.6/lib/python3.12/site-packages/playwright/_impl/_connection.py):\nError: Browser.new_context: Target page, context or browser has been closed\n\nCode context:\n 523           parsed_st = _extract_stack_trace_information_from_stack(st, is_internal)\n 524           self._api_zone.set(parsed_st)\n 525           try:\n 526               return await cb()\n 527           except Exception as error:\n 528 →             raise rewrite_error(error, f"{parsed_st[\'apiName\']}: {error}") from None\n 529           finally:\n 530               self._api_zone.set(None)\n 531   \n 532       def wrap_api_call_sync(\n 533           self, cb: Callable[[], Any], is_internal: bool = False' session_id=None response_headers=None status_code=None ssl_certificate=None


Failed to crawl: https://www.northerncollege.ca/event/wellness-wednesdays-pop-up-lounge-with-mini-massages-mywellness-project/
Result: url='https://www.northerncollege.ca/event/wellness-wednesdays-pop-up-lounge-with-mini-massages-mywellness-project/' html='' success=False cleaned_html=None media={} links={} downloaded_files=None screenshot=None pdf=None markdown=None markdown_v2=None fit_markdown=None fit_html=None extracted_content=None metadata=None error_message='Unexpected error in _crawl_web at line 528 in wrap_api_call (../../.pyenv/versions/3.12.6/lib/python3.12/site-packages/playwright/_impl/_connection.py):\nError: Browser.new_context: Target page, context or browser has been closed\n\nCode context:\n 523           parsed_st = _extract_stack_trace_information_from_stack(st, is_internal)\n 524           self._api_zone.set(parsed_st)\n 525           try:\n 526               return await cb()\n 527           except Exception as error:\n 528 →             raise rewrite_error(error, f"{parsed_st[\'apiName\']}: {error}") from None\n 529           finally:\n 530               self._api_zone.set(None)\n 531   \n 532       def wrap_api_call_sync(\n 533           self, cb: Callable[[], Any], is_internal: bool = False' session_id=None response_headers=None status_code=None ssl_certificate=None


Failed to crawl: https://www.northerncollege.ca/event/mywellness-project-workshop-series/
Result: url='https://www.northerncollege.ca/event/mywellness-project-workshop-series/' html='' success=False cleaned_html=None media={} links={} downloaded_files=None screenshot=None pdf=None markdown=None markdown_v2=None fit_markdown=None fit_html=None extracted_content=None metadata=None error_message='Unexpected error in _crawl_web at line 528 in wrap_api_call (../../.pyenv/versions/3.12.6/lib/python3.12/site-packages/playwright/_impl/_connection.py):\nError: Browser.new_context: Target page, context or browser has been closed\n\nCode context:\n 523           parsed_st = _extract_stack_trace_information_from_stack(st, is_internal)\n 524           self._api_zone.set(parsed_st)\n 525           try:\n 526               return await cb()\n 527           except Exception as error:\n 528 →             raise rewrite_error(error, f"{parsed_st[\'apiName\']}: {error}") from None\n 529           finally:\n 530               self._api_zone.set(None)\n 531   \n 532       def wrap_api_call_sync(\n 533           self, cb: Callable[[], Any], is_internal: bool = False' session_id=None response_headers=None status_code=None ssl_certificate=None


Failed to crawl: https://www.northerncollege.ca/event/wheelchair-basketball-at-haileybury-campus-accessibility-awareness-day/
Result: url='https://www.northerncollege.ca/event/wheelchair-basketball-at-haileybury-campus-accessibility-awareness-day/' html='' success=False cleaned_html=None media={} links={} downloaded_files=None screenshot=None pdf=None markdown=None markdown_v2=None fit_markdown=None fit_html=None extracted_content=None metadata=None error_message='Unexpected error in _crawl_web at line 528 in wrap_api_call (../../.pyenv/versions/3.12.6/lib/python3.12/site-packages/playwright/_impl/_connection.py):\nError: Browser.new_context: Target page, context or browser has been closed\n\nCode context:\n 523           parsed_st = _extract_stack_trace_information_from_stack(st, is_internal)\n 524           self._api_zone.set(parsed_st)\n 525           try:\n 526               return await cb()\n 527           except Exception as error:\n 528 →             raise rewrite_error(error, f"{parsed_st[\'apiName\']}: {error}") from None\n 529           finally:\n 530               self._api_zone.set(None)\n 531   \n 532       def wrap_api_call_sync(\n 533           self, cb: Callable[[], Any], is_internal: bool = False' session_id=None response_headers=None status_code=None ssl_certificate=None


Failed to crawl: https://www.northerncollege.ca/event/timmins-together-iderd-symposium/
Result: url='https://www.northerncollege.ca/event/timmins-together-iderd-symposium/' html='' success=False cleaned_html=None media={} links={} downloaded_files=None screenshot=None pdf=None markdown=None markdown_v2=None fit_markdown=None fit_html=None extracted_content=None metadata=None error_message='Unexpected error in _crawl_web at line 528 in wrap_api_call (../../.pyenv/versions/3.12.6/lib/python3.12/site-packages/playwright/_impl/_connection.py):\nError: Browser.new_context: Target page, context or browser has been closed\n\nCode context:\n 523           parsed_st = _extract_stack_trace_information_from_stack(st, is_internal)\n 524           self._api_zone.set(parsed_st)\n 525           try:\n 526               return await cb()\n 527           except Exception as error:\n 528 →             raise rewrite_error(error, f"{parsed_st[\'apiName\']}: {error}") from None\n 529           finally:\n 530               self._api_zone.set(None)\n 531   \n 532       def wrap_api_call_sync(\n 533           self, cb: Callable[[], Any], is_internal: bool = False' session_id=None response_headers=None status_code=None ssl_certificate=None


Failed to crawl: https://www.northerncollege.ca/event/2023-virtual-administrative-professionals-symposium/
Result: url='https://www.northerncollege.ca/event/2023-virtual-administrative-professionals-symposium/' html='' success=False cleaned_html=None media={} links={} downloaded_files=None screenshot=None pdf=None markdown=None markdown_v2=None fit_markdown=None fit_html=None extracted_content=None metadata=None error_message='Unexpected error in _crawl_web at line 528 in wrap_api_call (../../.pyenv/versions/3.12.6/lib/python3.12/site-packages/playwright/_impl/_connection.py):\nError: Browser.new_context: Target page, context or browser has been closed\n\nCode context:\n 523           parsed_st = _extract_stack_trace_information_from_stack(st, is_internal)\n 524           self._api_zone.set(parsed_st)\n 525           try:\n 526               return await cb()\n 527           except Exception as error:\n 528 →             raise rewrite_error(error, f"{parsed_st[\'apiName\']}: {error}") from None\n 529           finally:\n 530               self._api_zone.set(None)\n 531   \n 532       def wrap_api_call_sync(\n 533           self, cb: Callable[[], Any], is_internal: bool = False' session_id=None response_headers=None status_code=None ssl_certificate=None


Failed to crawl: https://www.northerncollege.ca/news-and-updates/category/notices/
Result: url='https://www.northerncollege.ca/news-and-updates/category/notices/' html='' success=False cleaned_html=None media={} links={} downloaded_files=None screenshot=None pdf=None markdown=None markdown_v2=None fit_markdown=None fit_html=None extracted_content=None metadata=None error_message='Unexpected error in _crawl_web at line 528 in wrap_api_call (../../.pyenv/versions/3.12.6/lib/python3.12/site-packages/playwright/_impl/_connection.py):\nError: Browser.new_context: Target page, context or browser has been closed\n\nCode context:\n 523           parsed_st = _extract_stack_trace_information_from_stack(st, is_internal)\n 524           self._api_zone.set(parsed_st)\n 525           try:\n 526               return await cb()\n 527           except Exception as error:\n 528 →             raise rewrite_error(error, f"{parsed_st[\'apiName\']}: {error}") from None\n 529           finally:\n 530               self._api_zone.set(None)\n 531   \n 532       def wrap_api_call_sync(\n 533           self, cb: Callable[[], Any], is_internal: bool = False' session_id=None response_headers=None status_code=None ssl_certificate=None


Failed to crawl: https://www.northerncollege.ca/news-and-updates/category/media-releases/
Result: url='https://www.northerncollege.ca/news-and-updates/category/media-releases/' html='' success=False cleaned_html=None media={} links={} downloaded_files=None screenshot=None pdf=None markdown=None markdown_v2=None fit_markdown=None fit_html=None extracted_content=None metadata=None error_message='Unexpected error in _crawl_web at line 528 in wrap_api_call (../../.pyenv/versions/3.12.6/lib/python3.12/site-packages/playwright/_impl/_connection.py):\nError: Browser.new_context: Target page, context or browser has been closed\n\nCode context:\n 523           parsed_st = _extract_stack_trace_information_from_stack(st, is_internal)\n 524           self._api_zone.set(parsed_st)\n 525           try:\n 526               return await cb()\n 527           except Exception as error:\n 528 →             raise rewrite_error(error, f"{parsed_st[\'apiName\']}: {error}") from None\n 529           finally:\n 530               self._api_zone.set(None)\n 531   \n 532       def wrap_api_call_sync(\n 533           self, cb: Callable[[], Any], is_internal: bool = False' session_id=None response_headers=None status_code=None ssl_certificate=None


Failed to crawl: https://www.northerncollege.ca/news-and-updates/category/media-releases/innovation-hub/
Result: url='https://www.northerncollege.ca/news-and-updates/category/media-releases/innovation-hub/' html='' success=False cleaned_html=None media={} links={} downloaded_files=None screenshot=None pdf=None markdown=None markdown_v2=None fit_markdown=None fit_html=None extracted_content=None metadata=None error_message='Unexpected error in _crawl_web at line 528 in wrap_api_call (../../.pyenv/versions/3.12.6/lib/python3.12/site-packages/playwright/_impl/_connection.py):\nError: Browser.new_context: Target page, context or browser has been closed\n\nCode context:\n 523           parsed_st = _extract_stack_trace_information_from_stack(st, is_internal)\n 524           self._api_zone.set(parsed_st)\n 525           try:\n 526               return await cb()\n 527           except Exception as error:\n 528 →             raise rewrite_error(error, f"{parsed_st[\'apiName\']}: {error}") from None\n 529           finally:\n 530               self._api_zone.set(None)\n 531   \n 532       def wrap_api_call_sync(\n 533           self, cb: Callable[[], Any], is_internal: bool = False' session_id=None response_headers=None status_code=None ssl_certificate=None


Failed to crawl: https://www.northerncollege.ca/news-and-updates/category/media-releases/indigenous-student-services-initiatives/
Result: url='https://www.northerncollege.ca/news-and-updates/category/media-releases/indigenous-student-services-initiatives/' html='' success=False cleaned_html=None media={} links={} downloaded_files=None screenshot=None pdf=None markdown=None markdown_v2=None fit_markdown=None fit_html=None extracted_content=None metadata=None error_message='Unexpected error in _crawl_web at line 528 in wrap_api_call (../../.pyenv/versions/3.12.6/lib/python3.12/site-packages/playwright/_impl/_connection.py):\nError: Browser.new_context: Target page, context or browser has been closed\n\nCode context:\n 523           parsed_st = _extract_stack_trace_information_from_stack(st, is_internal)\n 524           self._api_zone.set(parsed_st)\n 525           try:\n 526               return await cb()\n 527           except Exception as error:\n 528 →             raise rewrite_error(error, f"{parsed_st[\'apiName\']}: {error}") from None\n 529           finally:\n 530               self._api_zone.set(None)\n 531   \n 532       def wrap_api_call_sync(\n 533           self, cb: Callable[[], Any], is_internal: bool = False' session_id=None response_headers=None status_code=None ssl_certificate=None


Failed to crawl: https://www.northerncollege.ca/news-and-updates/category/media-releases/northern-training-division/
Result: url='https://www.northerncollege.ca/news-and-updates/category/media-releases/northern-training-division/' html='' success=False cleaned_html=None media={} links={} downloaded_files=None screenshot=None pdf=None markdown=None markdown_v2=None fit_markdown=None fit_html=None extracted_content=None metadata=None error_message='Unexpected error in _crawl_web at line 528 in wrap_api_call (../../.pyenv/versions/3.12.6/lib/python3.12/site-packages/playwright/_impl/_connection.py):\nError: Browser.new_context: Target page, context or browser has been closed\n\nCode context:\n 523           parsed_st = _extract_stack_trace_information_from_stack(st, is_internal)\n 524           self._api_zone.set(parsed_st)\n 525           try:\n 526               return await cb()\n 527           except Exception as error:\n 528 →             raise rewrite_error(error, f"{parsed_st[\'apiName\']}: {error}") from None\n 529           finally:\n 530               self._api_zone.set(None)\n 531   \n 532       def wrap_api_call_sync(\n 533           self, cb: Callable[[], Any], is_internal: bool = False' session_id=None response_headers=None status_code=None ssl_certificate=None


Failed to crawl: https://www.northerncollege.ca/news-and-updates/category/featured/
Result: url='https://www.northerncollege.ca/news-and-updates/category/featured/' html='' success=False cleaned_html=None media={} links={} downloaded_files=None screenshot=None pdf=None markdown=None markdown_v2=None fit_markdown=None fit_html=None extracted_content=None metadata=None error_message='Unexpected error in _crawl_web at line 528 in wrap_api_call (../../.pyenv/versions/3.12.6/lib/python3.12/site-packages/playwright/_impl/_connection.py):\nError: Browser.new_context: Target page, context or browser has been closed\n\nCode context:\n 523           parsed_st = _extract_stack_trace_information_from_stack(st, is_internal)\n 524           self._api_zone.set(parsed_st)\n 525           try:\n 526               return await cb()\n 527           except Exception as error:\n 528 →             raise rewrite_error(error, f"{parsed_st[\'apiName\']}: {error}") from None\n 529           finally:\n 530               self._api_zone.set(None)\n 531   \n 532       def wrap_api_call_sync(\n 533           self, cb: Callable[[], Any], is_internal: bool = False' session_id=None response_headers=None status_code=None ssl_certificate=None


Failed to crawl: https://www.northerncollege.ca/news-and-updates/event-archive/orientation/
Result: url='https://www.northerncollege.ca/news-and-updates/event-archive/orientation/' html='' success=False cleaned_html=None media={} links={} downloaded_files=None screenshot=None pdf=None markdown=None markdown_v2=None fit_markdown=None fit_html=None extracted_content=None metadata=None error_message='Unexpected error in _crawl_web at line 528 in wrap_api_call (../../.pyenv/versions/3.12.6/lib/python3.12/site-packages/playwright/_impl/_connection.py):\nError: Browser.new_context: Target page, context or browser has been closed\n\nCode context:\n 523           parsed_st = _extract_stack_trace_information_from_stack(st, is_internal)\n 524           self._api_zone.set(parsed_st)\n 525           try:\n 526               return await cb()\n 527           except Exception as error:\n 528 →             raise rewrite_error(error, f"{parsed_st[\'apiName\']}: {error}") from None\n 529           finally:\n 530               self._api_zone.set(None)\n 531   \n 532       def wrap_api_call_sync(\n 533           self, cb: Callable[[], Any], is_internal: bool = False' session_id=None response_headers=None status_code=None ssl_certificate=None


Failed to crawl: https://www.northerncollege.ca/news-and-updates/event-archive/student-life/
Result: url='https://www.northerncollege.ca/news-and-updates/event-archive/student-life/' html='' success=False cleaned_html=None media={} links={} downloaded_files=None screenshot=None pdf=None markdown=None markdown_v2=None fit_markdown=None fit_html=None extracted_content=None metadata=None error_message='Unexpected error in _crawl_web at line 528 in wrap_api_call (../../.pyenv/versions/3.12.6/lib/python3.12/site-packages/playwright/_impl/_connection.py):\nError: Browser.new_context: Target page, context or browser has been closed\n\nCode context:\n 523           parsed_st = _extract_stack_trace_information_from_stack(st, is_internal)\n 524           self._api_zone.set(parsed_st)\n 525           try:\n 526               return await cb()\n 527           except Exception as error:\n 528 →             raise rewrite_error(error, f"{parsed_st[\'apiName\']}: {error}") from None\n 529           finally:\n 530               self._api_zone.set(None)\n 531   \n 532       def wrap_api_call_sync(\n 533           self, cb: Callable[[], Any], is_internal: bool = False' session_id=None response_headers=None status_code=None ssl_certificate=None


Failed to crawl: https://www.northerncollege.ca/news-and-updates/event-archive/discover-northern/
Result: url='https://www.northerncollege.ca/news-and-updates/event-archive/discover-northern/' html='' success=False cleaned_html=None media={} links={} downloaded_files=None screenshot=None pdf=None markdown=None markdown_v2=None fit_markdown=None fit_html=None extracted_content=None metadata=None error_message='Unexpected error in _crawl_web at line 528 in wrap_api_call (../../.pyenv/versions/3.12.6/lib/python3.12/site-packages/playwright/_impl/_connection.py):\nError: Browser.new_context: Target page, context or browser has been closed\n\nCode context:\n 523           parsed_st = _extract_stack_trace_information_from_stack(st, is_internal)\n 524           self._api_zone.set(parsed_st)\n 525           try:\n 526               return await cb()\n 527           except Exception as error:\n 528 →             raise rewrite_error(error, f"{parsed_st[\'apiName\']}: {error}") from None\n 529           finally:\n 530               self._api_zone.set(None)\n 531   \n 532       def wrap_api_call_sync(\n 533           self, cb: Callable[[], Any], is_internal: bool = False' session_id=None response_headers=None status_code=None ssl_certificate=None


Failed to crawl: https://www.northerncollege.ca/news-and-updates/event-archive/indigenous-culture-initiatives/
Result: url='https://www.northerncollege.ca/news-and-updates/event-archive/indigenous-culture-initiatives/' html='' success=False cleaned_html=None media={} links={} downloaded_files=None screenshot=None pdf=None markdown=None markdown_v2=None fit_markdown=None fit_html=None extracted_content=None metadata=None error_message='Unexpected error in _crawl_web at line 528 in wrap_api_call (../../.pyenv/versions/3.12.6/lib/python3.12/site-packages/playwright/_impl/_connection.py):\nError: Browser.new_context: Target page, context or browser has been closed\n\nCode context:\n 523           parsed_st = _extract_stack_trace_information_from_stack(st, is_internal)\n 524           self._api_zone.set(parsed_st)\n 525           try:\n 526               return await cb()\n 527           except Exception as error:\n 528 →             raise rewrite_error(error, f"{parsed_st[\'apiName\']}: {error}") from None\n 529           finally:\n 530               self._api_zone.set(None)\n 531   \n 532       def wrap_api_call_sync(\n 533           self, cb: Callable[[], Any], is_internal: bool = False' session_id=None response_headers=None status_code=None ssl_certificate=None


Failed to crawl: https://www.northerncollege.ca/news-and-updates/event-archive/college-foundation/
Result: url='https://www.northerncollege.ca/news-and-updates/event-archive/college-foundation/' html='' success=False cleaned_html=None media={} links={} downloaded_files=None screenshot=None pdf=None markdown=None markdown_v2=None fit_markdown=None fit_html=None extracted_content=None metadata=None error_message='Unexpected error in _crawl_web at line 528 in wrap_api_call (../../.pyenv/versions/3.12.6/lib/python3.12/site-packages/playwright/_impl/_connection.py):\nError: Browser.new_context: Target page, context or browser has been closed\n\nCode context:\n 523           parsed_st = _extract_stack_trace_information_from_stack(st, is_internal)\n 524           self._api_zone.set(parsed_st)\n 525           try:\n 526               return await cb()\n 527           except Exception as error:\n 528 →             raise rewrite_error(error, f"{parsed_st[\'apiName\']}: {error}") from None\n 529           finally:\n 530               self._api_zone.set(None)\n 531   \n 532       def wrap_api_call_sync(\n 533           self, cb: Callable[[], Any], is_internal: bool = False' session_id=None response_headers=None status_code=None ssl_certificate=None


Failed to crawl: https://www.northerncollege.ca/news-and-updates/event-archive/community-events/
Result: url='https://www.northerncollege.ca/news-and-updates/event-archive/community-events/' html='' success=False cleaned_html=None media={} links={} downloaded_files=None screenshot=None pdf=None markdown=None markdown_v2=None fit_markdown=None fit_html=None extracted_content=None metadata=None error_message='Unexpected error in _crawl_web at line 528 in wrap_api_call (../../.pyenv/versions/3.12.6/lib/python3.12/site-packages/playwright/_impl/_connection.py):\nError: Browser.new_context: Target page, context or browser has been closed\n\nCode context:\n 523           parsed_st = _extract_stack_trace_information_from_stack(st, is_internal)\n 524           self._api_zone.set(parsed_st)\n 525           try:\n 526               return await cb()\n 527           except Exception as error:\n 528 →             raise rewrite_error(error, f"{parsed_st[\'apiName\']}: {error}") from None\n 529           finally:\n 530               self._api_zone.set(None)\n 531   \n 532       def wrap_api_call_sync(\n 533           self, cb: Callable[[], Any], is_internal: bool = False' session_id=None response_headers=None status_code=None ssl_certificate=None


Failed to crawl: https://www.northerncollege.ca/news-and-updates/event-archive/current-students/
Result: url='https://www.northerncollege.ca/news-and-updates/event-archive/current-students/' html='' success=False cleaned_html=None media={} links={} downloaded_files=None screenshot=None pdf=None markdown=None markdown_v2=None fit_markdown=None fit_html=None extracted_content=None metadata=None error_message='Unexpected error in _crawl_web at line 528 in wrap_api_call (../../.pyenv/versions/3.12.6/lib/python3.12/site-packages/playwright/_impl/_connection.py):\nError: Browser.new_context: Target page, context or browser has been closed\n\nCode context:\n 523           parsed_st = _extract_stack_trace_information_from_stack(st, is_internal)\n 524           self._api_zone.set(parsed_st)\n 525           try:\n 526               return await cb()\n 527           except Exception as error:\n 528 →             raise rewrite_error(error, f"{parsed_st[\'apiName\']}: {error}") from None\n 529           finally:\n 530               self._api_zone.set(None)\n 531   \n 532       def wrap_api_call_sync(\n 533           self, cb: Callable[[], Any], is_internal: bool = False' session_id=None response_headers=None status_code=None ssl_certificate=None


Failed to crawl: https://www.northerncollege.ca/students/off-campus-housing/listings/41/haileybury-area/
Result: url='https://www.northerncollege.ca/students/off-campus-housing/listings/41/haileybury-area/' html='' success=False cleaned_html=None media={} links={} downloaded_files=None screenshot=None pdf=None markdown=None markdown_v2=None fit_markdown=None fit_html=None extracted_content=None metadata=None error_message='Unexpected error in _crawl_web at line 528 in wrap_api_call (../../.pyenv/versions/3.12.6/lib/python3.12/site-packages/playwright/_impl/_connection.py):\nError: Browser.new_context: Target page, context or browser has been closed\n\nCode context:\n 523           parsed_st = _extract_stack_trace_information_from_stack(st, is_internal)\n 524           self._api_zone.set(parsed_st)\n 525           try:\n 526               return await cb()\n 527           except Exception as error:\n 528 →             raise rewrite_error(error, f"{parsed_st[\'apiName\']}: {error}") from None\n 529           finally:\n 530               self._api_zone.set(None)\n 531   \n 532       def wrap_api_call_sync(\n 533           self, cb: Callable[[], Any], is_internal: bool = False' session_id=None response_headers=None status_code=None ssl_certificate=None


Failed to crawl: https://www.northerncollege.ca/students/off-campus-housing/listings/43/kirkland-lake-area/
Result: url='https://www.northerncollege.ca/students/off-campus-housing/listings/43/kirkland-lake-area/' html='' success=False cleaned_html=None media={} links={} downloaded_files=None screenshot=None pdf=None markdown=None markdown_v2=None fit_markdown=None fit_html=None extracted_content=None metadata=None error_message='Unexpected error in _crawl_web at line 528 in wrap_api_call (../../.pyenv/versions/3.12.6/lib/python3.12/site-packages/playwright/_impl/_connection.py):\nError: Browser.new_context: Target page, context or browser has been closed\n\nCode context:\n 523           parsed_st = _extract_stack_trace_information_from_stack(st, is_internal)\n 524           self._api_zone.set(parsed_st)\n 525           try:\n 526               return await cb()\n 527           except Exception as error:\n 528 →             raise rewrite_error(error, f"{parsed_st[\'apiName\']}: {error}") from None\n 529           finally:\n 530               self._api_zone.set(None)\n 531   \n 532       def wrap_api_call_sync(\n 533           self, cb: Callable[[], Any], is_internal: bool = False' session_id=None response_headers=None status_code=None ssl_certificate=None


Failed to crawl: https://www.northerncollege.ca/news-and-updates/author/admin-lynn/
Result: url='https://www.northerncollege.ca/news-and-updates/author/admin-lynn/' html='' success=False cleaned_html=None media={} links={} downloaded_files=None screenshot=None pdf=None markdown=None markdown_v2=None fit_markdown=None fit_html=None extracted_content=None metadata=None error_message='Unexpected error in _crawl_web at line 528 in wrap_api_call (../../.pyenv/versions/3.12.6/lib/python3.12/site-packages/playwright/_impl/_connection.py):\nError: Browser.new_context: Target page, context or browser has been closed\n\nCode context:\n 523           parsed_st = _extract_stack_trace_information_from_stack(st, is_internal)\n 524           self._api_zone.set(parsed_st)\n 525           try:\n 526               return await cb()\n 527           except Exception as error:\n 528 →             raise rewrite_error(error, f"{parsed_st[\'apiName\']}: {error}") from None\n 529           finally:\n 530               self._api_zone.set(None)\n 531   \n 532       def wrap_api_call_sync(\n 533           self, cb: Callable[[], Any], is_internal: bool = False' session_id=None response_headers=None status_code=None ssl_certificate=None


Failed to crawl: https://www.northerncollege.ca/news-and-updates/author/housing/
Result: url='https://www.northerncollege.ca/news-and-updates/author/housing/' html='' success=False cleaned_html=None media={} links={} downloaded_files=None screenshot=None pdf=None markdown=None markdown_v2=None fit_markdown=None fit_html=None extracted_content=None metadata=None error_message='Unexpected error in _crawl_web at line 528 in wrap_api_call (../../.pyenv/versions/3.12.6/lib/python3.12/site-packages/playwright/_impl/_connection.py):\nError: Browser.new_context: Target page, context or browser has been closed\n\nCode context:\n 523           parsed_st = _extract_stack_trace_information_from_stack(st, is_internal)\n 524           self._api_zone.set(parsed_st)\n 525           try:\n 526               return await cb()\n 527           except Exception as error:\n 528 →             raise rewrite_error(error, f"{parsed_st[\'apiName\']}: {error}") from None\n 529           finally:\n 530               self._api_zone.set(None)\n 531   \n 532       def wrap_api_call_sync(\n 533           self, cb: Callable[[], Any], is_internal: bool = False' session_id=None response_headers=None status_code=None ssl_certificate=None


Failed to crawl: https://www.northerncollege.ca/news-and-updates/author/johnstons/
Result: url='https://www.northerncollege.ca/news-and-updates/author/johnstons/' html='' success=False cleaned_html=None media={} links={} downloaded_files=None screenshot=None pdf=None markdown=None markdown_v2=None fit_markdown=None fit_html=None extracted_content=None metadata=None error_message='Unexpected error in _crawl_web at line 528 in wrap_api_call (../../.pyenv/versions/3.12.6/lib/python3.12/site-packages/playwright/_impl/_connection.py):\nError: Browser.new_context: Target page, context or browser has been closed\n\nCode context:\n 523           parsed_st = _extract_stack_trace_information_from_stack(st, is_internal)\n 524           self._api_zone.set(parsed_st)\n 525           try:\n 526               return await cb()\n 527           except Exception as error:\n 528 →             raise rewrite_error(error, f"{parsed_st[\'apiName\']}: {error}") from None\n 529           finally:\n 530               self._api_zone.set(None)\n 531   \n 532       def wrap_api_call_sync(\n 533           self, cb: Callable[[], Any], is_internal: bool = False' session_id=None response_headers=None status_code=None ssl_certificate=None


Failed to crawl: https://www.northerncollege.ca/news-and-updates/author/northern-college/
Result: url='https://www.northerncollege.ca/news-and-updates/author/northern-college/' html='' success=False cleaned_html=None media={} links={} downloaded_files=None screenshot=None pdf=None markdown=None markdown_v2=None fit_markdown=None fit_html=None extracted_content=None metadata=None error_message='Unexpected error in _crawl_web at line 528 in wrap_api_call (../../.pyenv/versions/3.12.6/lib/python3.12/site-packages/playwright/_impl/_connection.py):\nError: Browser.new_context: Target page, context or browser has been closed\n\nCode context:\n 523           parsed_st = _extract_stack_trace_information_from_stack(st, is_internal)\n 524           self._api_zone.set(parsed_st)\n 525           try:\n 526               return await cb()\n 527           except Exception as error:\n 528 →             raise rewrite_error(error, f"{parsed_st[\'apiName\']}: {error}") from None\n 529           finally:\n 530               self._api_zone.set(None)\n 531   \n 532       def wrap_api_call_sync(\n 533           self, cb: Callable[[], Any], is_internal: bool = False' session_id=None response_headers=None status_code=None ssl_certificate=None


Failed to crawl: https://www.northerncollege.ca/news-and-updates/author/sawickia/
Result: url='https://www.northerncollege.ca/news-and-updates/author/sawickia/' html='' success=False cleaned_html=None media={} links={} downloaded_files=None screenshot=None pdf=None markdown=None markdown_v2=None fit_markdown=None fit_html=None extracted_content=None metadata=None error_message='Unexpected error in _crawl_web at line 528 in wrap_api_call (../../.pyenv/versions/3.12.6/lib/python3.12/site-packages/playwright/_impl/_connection.py):\nError: Browser.new_context: Target page, context or browser has been closed\n\nCode context:\n 523           parsed_st = _extract_stack_trace_information_from_stack(st, is_internal)\n 524           self._api_zone.set(parsed_st)\n 525           try:\n 526               return await cb()\n 527           except Exception as error:\n 528 →             raise rewrite_error(error, f"{parsed_st[\'apiName\']}: {error}") from None\n 529           finally:\n 530               self._api_zone.set(None)\n 531   \n 532       def wrap_api_call_sync(\n 533           self, cb: Callable[[], Any], is_internal: bool = False' session_id=None response_headers=None status_code=None ssl_certificate=None


Failed to crawl: https://www.northerncollege.ca/news-and-updates/author/shoutmedia/
Result: url='https://www.northerncollege.ca/news-and-updates/author/shoutmedia/' html='' success=False cleaned_html=None media={} links={} downloaded_files=None screenshot=None pdf=None markdown=None markdown_v2=None fit_markdown=None fit_html=None extracted_content=None metadata=None error_message='Unexpected error in _crawl_web at line 528 in wrap_api_call (../../.pyenv/versions/3.12.6/lib/python3.12/site-packages/playwright/_impl/_connection.py):\nError: Browser.new_context: Target page, context or browser has been closed\n\nCode context:\n 523           parsed_st = _extract_stack_trace_information_from_stack(st, is_internal)\n 524           self._api_zone.set(parsed_st)\n 525           try:\n 526               return await cb()\n 527           except Exception as error:\n 528 →             raise rewrite_error(error, f"{parsed_st[\'apiName\']}: {error}") from None\n 529           finally:\n 530               self._api_zone.set(None)\n 531   \n 532       def wrap_api_call_sync(\n 533           self, cb: Callable[[], Any], is_internal: bool = False' session_id=None response_headers=None status_code=None ssl_certificate=None


Failed to crawl: https://www.immerse.education/history-top-books-guide/
Result: url='https://www.immerse.education/history-top-books-guide/' html='' success=False cleaned_html=None media={} links={} downloaded_files=None screenshot=None pdf=None markdown=None markdown_v2=None fit_markdown=None fit_html=None extracted_content=None metadata=None error_message='Unexpected error in _crawl_web at line 1205 in _crawl_web (../../.pyenv/versions/3.12.6/lib/python3.12/site-packages/crawl4ai/async_crawler_strategy.py):\nError: Failed on navigating ACS-GOTO:\nPage.goto: Timeout 10000ms exceeded.\nCall log:\n  - navigating to "https://www.immerse.education/history-top-books-guide/", waiting until "domcontentloaded"\n\n\nCode context:\n1200   \n1201                       response = await page.goto(\n1202                           url, wait_until=config.wait_until, timeout=config.page_timeout\n1203                       )\n1204                   except Error as e:\n1205 →                     raise RuntimeError(f"Failed on navigating ACS-GOTO:\\n{str(e)}")\n1206   \n1207                   await self.execute_hook("after_goto", page, context=context, url=url, response=response)\n1208   \n1209                   if response is None:\n1210                       status_code = 200' session_id=None response_headers=None status_code=None ssl_certificate=None


Failed to crawl: https://www.immerse.education/academic-insights-in-india-enrolment-form/
Result: url='https://www.immerse.education/academic-insights-in-india-enrolment-form/' html='' success=False cleaned_html=None media={} links={} downloaded_files=None screenshot=None pdf=None markdown=None markdown_v2=None fit_markdown=None fit_html=None extracted_content=None metadata=None error_message='Unexpected error in _crawl_web at line 1205 in _crawl_web (../../.pyenv/versions/3.12.6/lib/python3.12/site-packages/crawl4ai/async_crawler_strategy.py):\nError: Failed on navigating ACS-GOTO:\nPage.goto: Timeout 10000ms exceeded.\nCall log:\n  - navigating to "https://www.immerse.education/academic-insights-in-india-enrolment-form/", waiting until "domcontentloaded"\n\n\nCode context:\n1200   \n1201                       response = await page.goto(\n1202                           url, wait_until=config.wait_until, timeout=config.page_timeout\n1203                       )\n1204                   except Error as e:\n1205 →                     raise RuntimeError(f"Failed on navigating ACS-GOTO:\\n{str(e)}")\n1206   \n1207                   await self.execute_hook("after_goto", page, context=context, url=url, response=response)\n1208   \n1209                   if response is None:\n1210                       status_code = 200' session_id=None response_headers=None status_code=None ssl_certificate=None


Failed to crawl: https://www.immerse.education/guides/
Result: url='https://www.immerse.education/guides/' html='' success=False cleaned_html=None media={} links={} downloaded_files=None screenshot=None pdf=None markdown=None markdown_v2=None fit_markdown=None fit_html=None extracted_content=None metadata=None error_message='Unexpected error in _crawl_web at line 1205 in _crawl_web (../../.pyenv/versions/3.12.6/lib/python3.12/site-packages/crawl4ai/async_crawler_strategy.py):\nError: Failed on navigating ACS-GOTO:\nPage.goto: Timeout 10000ms exceeded.\nCall log:\n  - navigating to "https://www.immerse.education/guides/", waiting until "domcontentloaded"\n\n\nCode context:\n1200   \n1201                       response = await page.goto(\n1202                           url, wait_until=config.wait_until, timeout=config.page_timeout\n1203                       )\n1204                   except Error as e:\n1205 →                     raise RuntimeError(f"Failed on navigating ACS-GOTO:\\n{str(e)}")\n1206   \n1207                   await self.execute_hook("after_goto", page, context=context, url=url, response=response)\n1208   \n1209                   if response is None:\n1210                       status_code = 200' session_id=None response_headers=None status_code=None ssl_certificate=None


Failed to crawl: https://www.immerse.education/partner-enrol/
Result: url='https://www.immerse.education/partner-enrol/' html='' success=False cleaned_html=None media={} links={} downloaded_files=None screenshot=None pdf=None markdown=None markdown_v2=None fit_markdown=None fit_html=None extracted_content=None metadata=None error_message='Unexpected error in _crawl_web at line 1205 in _crawl_web (../../.pyenv/versions/3.12.6/lib/python3.12/site-packages/crawl4ai/async_crawler_strategy.py):\nError: Failed on navigating ACS-GOTO:\nPage.goto: Timeout 10000ms exceeded.\nCall log:\n  - navigating to "https://www.immerse.education/partner-enrol/", waiting until "domcontentloaded"\n\n\nCode context:\n1200   \n1201                       response = await page.goto(\n1202                           url, wait_until=config.wait_until, timeout=config.page_timeout\n1203                       )\n1204                   except Error as e:\n1205 →                     raise RuntimeError(f"Failed on navigating ACS-GOTO:\\n{str(e)}")\n1206   \n1207                   await self.execute_hook("after_goto", page, context=context, url=url, response=response)\n1208   \n1209                   if response is None:\n1210                       status_code = 200' session_id=None response_headers=None status_code=None ssl_certificate=None


Failed to crawl: https://www.immerse.education/about-immerse/scholarship-winners/abhiram/
Result: url='https://www.immerse.education/about-immerse/scholarship-winners/abhiram/' html='' success=False cleaned_html=None media={} links={} downloaded_files=None screenshot=None pdf=None markdown=None markdown_v2=None fit_markdown=None fit_html=None extracted_content=None metadata=None error_message='Unexpected error in _crawl_web at line 1205 in _crawl_web (../../.pyenv/versions/3.12.6/lib/python3.12/site-packages/crawl4ai/async_crawler_strategy.py):\nError: Failed on navigating ACS-GOTO:\nPage.goto: Timeout 10000ms exceeded.\nCall log:\n  - navigating to "https://www.immerse.education/about-immerse/scholarship-winners/abhiram/", waiting until "domcontentloaded"\n\n\nCode context:\n1200   \n1201                       response = await page.goto(\n1202                           url, wait_until=config.wait_until, timeout=config.page_timeout\n1203                       )\n1204                   except Error as e:\n1205 →                     raise RuntimeError(f"Failed on navigating ACS-GOTO:\\n{str(e)}")\n1206   \n1207                   await self.execute_hook("after_goto", page, context=context, url=url, response=response)\n1208   \n1209                   if response is None:\n1210                       status_code = 200' session_id=None response_headers=None status_code=None ssl_certificate=None


Failed to crawl: https://www.immerse.education/about-immerse/scholarship-winners/kornelia/
Result: url='https://www.immerse.education/about-immerse/scholarship-winners/kornelia/' html='' success=False cleaned_html=None media={} links={} downloaded_files=None screenshot=None pdf=None markdown=None markdown_v2=None fit_markdown=None fit_html=None extracted_content=None metadata=None error_message='Unexpected error in _crawl_web at line 1205 in _crawl_web (../../.pyenv/versions/3.12.6/lib/python3.12/site-packages/crawl4ai/async_crawler_strategy.py):\nError: Failed on navigating ACS-GOTO:\nPage.goto: Timeout 10000ms exceeded.\nCall log:\n  - navigating to "https://www.immerse.education/about-immerse/scholarship-winners/kornelia/", waiting until "domcontentloaded"\n\n\nCode context:\n1200   \n1201                       response = await page.goto(\n1202                           url, wait_until=config.wait_until, timeout=config.page_timeout\n1203                       )\n1204                   except Error as e:\n1205 →                     raise RuntimeError(f"Failed on navigating ACS-GOTO:\\n{str(e)}")\n1206   \n1207                   await self.execute_hook("after_goto", page, context=context, url=url, response=response)\n1208   \n1209                   if response is None:\n1210                       status_code = 200' session_id=None response_headers=None status_code=None ssl_certificate=None


Failed to crawl: https://www.immerse.education/career-pathways/
Result: url='https://www.immerse.education/career-pathways/' html='' success=False cleaned_html=None media={} links={} downloaded_files=None screenshot=None pdf=None markdown=None markdown_v2=None fit_markdown=None fit_html=None extracted_content=None metadata=None error_message='Unexpected error in _crawl_web at line 1205 in _crawl_web (../../.pyenv/versions/3.12.6/lib/python3.12/site-packages/crawl4ai/async_crawler_strategy.py):\nError: Failed on navigating ACS-GOTO:\nPage.goto: Timeout 10000ms exceeded.\nCall log:\n  - navigating to "https://www.immerse.education/career-pathways/", waiting until "domcontentloaded"\n\n\nCode context:\n1200   \n1201                       response = await page.goto(\n1202                           url, wait_until=config.wait_until, timeout=config.page_timeout\n1203                       )\n1204                   except Error as e:\n1205 →                     raise RuntimeError(f"Failed on navigating ACS-GOTO:\\n{str(e)}")\n1206   \n1207                   await self.execute_hook("after_goto", page, context=context, url=url, response=response)\n1208   \n1209                   if response is None:\n1210                       status_code = 200' session_id=None response_headers=None status_code=None ssl_certificate=None


Failed to crawl: https://www.immerse.education/alumni-story-cloe/
Result: url='https://www.immerse.education/alumni-story-cloe/' html='' success=False cleaned_html=None media={} links={} downloaded_files=None screenshot=None pdf=None markdown=None markdown_v2=None fit_markdown=None fit_html=None extracted_content=None metadata=None error_message='Unexpected error in _crawl_web at line 1205 in _crawl_web (../../.pyenv/versions/3.12.6/lib/python3.12/site-packages/crawl4ai/async_crawler_strategy.py):\nError: Failed on navigating ACS-GOTO:\nPage.goto: Timeout 10000ms exceeded.\nCall log:\n  - navigating to "https://www.immerse.education/alumni-story-cloe/", waiting until "domcontentloaded"\n\n\nCode context:\n1200   \n1201                       response = await page.goto(\n1202                           url, wait_until=config.wait_until, timeout=config.page_timeout\n1203                       )\n1204                   except Error as e:\n1205 →                     raise RuntimeError(f"Failed on navigating ACS-GOTO:\\n{str(e)}")\n1206   \n1207                   await self.execute_hook("after_goto", page, context=context, url=url, response=response)\n1208   \n1209                   if response is None:\n1210                       status_code = 200' session_id=None response_headers=None status_code=None ssl_certificate=None


Failed to crawl: https://www.immerse.education/payments/
Result: url='https://www.immerse.education/payments/' html='' success=False cleaned_html=None media={} links={} downloaded_files=None screenshot=None pdf=None markdown=None markdown_v2=None fit_markdown=None fit_html=None extracted_content=None metadata=None error_message='Unexpected error in _crawl_web at line 1205 in _crawl_web (../../.pyenv/versions/3.12.6/lib/python3.12/site-packages/crawl4ai/async_crawler_strategy.py):\nError: Failed on navigating ACS-GOTO:\nPage.goto: Timeout 10000ms exceeded.\nCall log:\n  - navigating to "https://www.immerse.education/payments/", waiting until "domcontentloaded"\n\n\nCode context:\n1200   \n1201                       response = await page.goto(\n1202                           url, wait_until=config.wait_until, timeout=config.page_timeout\n1203                       )\n1204                   except Error as e:\n1205 →                     raise RuntimeError(f"Failed on navigating ACS-GOTO:\\n{str(e)}")\n1206   \n1207                   await self.execute_hook("after_goto", page, context=context, url=url, response=response)\n1208   \n1209                   if response is None:\n1210                       status_code = 200' session_id=None response_headers=None status_code=None ssl_certificate=None


Failed to crawl: https://www.immerse.education/refer-a-friend/
Result: url='https://www.immerse.education/refer-a-friend/' html='' success=False cleaned_html=None media={} links={} downloaded_files=None screenshot=None pdf=None markdown=None markdown_v2=None fit_markdown=None fit_html=None extracted_content=None metadata=None error_message='Unexpected error in _crawl_web at line 1205 in _crawl_web (../../.pyenv/versions/3.12.6/lib/python3.12/site-packages/crawl4ai/async_crawler_strategy.py):\nError: Failed on navigating ACS-GOTO:\nPage.goto: Timeout 10000ms exceeded.\nCall log:\n  - navigating to "https://www.immerse.education/refer-a-friend/", waiting until "domcontentloaded"\n\n\nCode context:\n1200   \n1201                       response = await page.goto(\n1202                           url, wait_until=config.wait_until, timeout=config.page_timeout\n1203                       )\n1204                   except Error as e:\n1205 →                     raise RuntimeError(f"Failed on navigating ACS-GOTO:\\n{str(e)}")\n1206   \n1207                   await self.execute_hook("after_goto", page, context=context, url=url, response=response)\n1208   \n1209                   if response is None:\n1210                       status_code = 200' session_id=None response_headers=None status_code=None ssl_certificate=None


Failed to crawl: https://www.immerse.education/essay-competition/winners/age-13-15-year-2019/
Result: url='https://www.immerse.education/essay-competition/winners/age-13-15-year-2019/' html='' success=False cleaned_html=None media={} links={} downloaded_files=None screenshot=None pdf=None markdown=None markdown_v2=None fit_markdown=None fit_html=None extracted_content=None metadata=None error_message='Unexpected error in _crawl_web at line 1205 in _crawl_web (../../.pyenv/versions/3.12.6/lib/python3.12/site-packages/crawl4ai/async_crawler_strategy.py):\nError: Failed on navigating ACS-GOTO:\nPage.goto: Timeout 10000ms exceeded.\nCall log:\n  - navigating to "https://www.immerse.education/essay-competition/winners/age-13-15-year-2019/", waiting until "domcontentloaded"\n\n\nCode context:\n1200   \n1201                       response = await page.goto(\n1202                           url, wait_until=config.wait_until, timeout=config.page_timeout\n1203                       )\n1204                   except Error as e:\n1205 →                     raise RuntimeError(f"Failed on navigating ACS-GOTO:\\n{str(e)}")\n1206   \n1207                   await self.execute_hook("after_goto", page, context=context, url=url, response=response)\n1208   \n1209                   if response is None:\n1210                       status_code = 200' session_id=None response_headers=None status_code=None ssl_certificate=None


Failed to crawl: https://www.immerse.education/essay-competition/winners/2021-essay-competition-winner-riya/
Result: url='https://www.immerse.education/essay-competition/winners/2021-essay-competition-winner-riya/' html='' success=False cleaned_html=None media={} links={} downloaded_files=None screenshot=None pdf=None markdown=None markdown_v2=None fit_markdown=None fit_html=None extracted_content=None metadata=None error_message='Unexpected error in _crawl_web at line 1205 in _crawl_web (../../.pyenv/versions/3.12.6/lib/python3.12/site-packages/crawl4ai/async_crawler_strategy.py):\nError: Failed on navigating ACS-GOTO:\nPage.goto: Timeout 10000ms exceeded.\nCall log:\n  - navigating to "https://www.immerse.education/essay-competition/winners/2021-essay-competition-winner-riya/", waiting until "domcontentloaded"\n\n\nCode context:\n1200   \n1201                       response = await page.goto(\n1202                           url, wait_until=config.wait_until, timeout=config.page_timeout\n1203                       )\n1204                   except Error as e:\n1205 →                     raise RuntimeError(f"Failed on navigating ACS-GOTO:\\n{str(e)}")\n1206   \n1207                   await self.execute_hook("after_goto", page, context=context, url=url, response=response)\n1208   \n1209                   if response is None:\n1210                       status_code = 200' session_id=None response_headers=None status_code=None ssl_certificate=None


Failed to crawl: https://www.immerse.education/pastoral-information/
Result: url='https://www.immerse.education/pastoral-information/' html='' success=False cleaned_html=None media={} links={} downloaded_files=None screenshot=None pdf=None markdown=None markdown_v2=None fit_markdown=None fit_html=None extracted_content=None metadata=None error_message='Unexpected error in _crawl_web at line 1205 in _crawl_web (../../.pyenv/versions/3.12.6/lib/python3.12/site-packages/crawl4ai/async_crawler_strategy.py):\nError: Failed on navigating ACS-GOTO:\nPage.goto: Timeout 10000ms exceeded.\nCall log:\n  - navigating to "https://www.immerse.education/pastoral-information/", waiting until "domcontentloaded"\n\n\nCode context:\n1200   \n1201                       response = await page.goto(\n1202                           url, wait_until=config.wait_until, timeout=config.page_timeout\n1203                       )\n1204                   except Error as e:\n1205 →                     raise RuntimeError(f"Failed on navigating ACS-GOTO:\\n{str(e)}")\n1206   \n1207                   await self.execute_hook("after_goto", page, context=context, url=url, response=response)\n1208   \n1209                   if response is None:\n1210                       status_code = 200' session_id=None response_headers=None status_code=None ssl_certificate=None


Failed to crawl: https://www.immerse.education/13-15-years-old/
Result: url='https://www.immerse.education/13-15-years-old/' html='' success=False cleaned_html=None media={} links={} downloaded_files=None screenshot=None pdf=None markdown=None markdown_v2=None fit_markdown=None fit_html=None extracted_content=None metadata=None error_message='Unexpected error in _crawl_web at line 1205 in _crawl_web (../../.pyenv/versions/3.12.6/lib/python3.12/site-packages/crawl4ai/async_crawler_strategy.py):\nError: Failed on navigating ACS-GOTO:\nPage.goto: Timeout 10000ms exceeded.\nCall log:\n  - navigating to "https://www.immerse.education/13-15-years-old/", waiting until "domcontentloaded"\n\n\nCode context:\n1200   \n1201                       response = await page.goto(\n1202                           url, wait_until=config.wait_until, timeout=config.page_timeout\n1203                       )\n1204                   except Error as e:\n1205 →                     raise RuntimeError(f"Failed on navigating ACS-GOTO:\\n{str(e)}")\n1206   \n1207                   await self.execute_hook("after_goto", page, context=context, url=url, response=response)\n1208   \n1209                   if response is None:\n1210                       status_code = 200' session_id=None response_headers=None status_code=None ssl_certificate=None


Failed to crawl: https://www.immerse.education/video-competition-terms-conditions-2024/
Result: url='https://www.immerse.education/video-competition-terms-conditions-2024/' html='' success=False cleaned_html=None media={} links={} downloaded_files=None screenshot=None pdf=None markdown=None markdown_v2=None fit_markdown=None fit_html=None extracted_content=None metadata=None error_message='Unexpected error in _crawl_web at line 1205 in _crawl_web (../../.pyenv/versions/3.12.6/lib/python3.12/site-packages/crawl4ai/async_crawler_strategy.py):\nError: Failed on navigating ACS-GOTO:\nPage.goto: Timeout 10000ms exceeded.\nCall log:\n  - navigating to "https://www.immerse.education/video-competition-terms-conditions-2024/", waiting until "domcontentloaded"\n\n\nCode context:\n1200   \n1201                       response = await page.goto(\n1202                           url, wait_until=config.wait_until, timeout=config.page_timeout\n1203                       )\n1204                   except Error as e:\n1205 →                     raise RuntimeError(f"Failed on navigating ACS-GOTO:\\n{str(e)}")\n1206   \n1207                   await self.execute_hook("after_goto", page, context=context, url=url, response=response)\n1208   \n1209                   if response is None:\n1210                       status_code = 200' session_id=None response_headers=None status_code=None ssl_certificate=None


Failed to crawl: https://www.immerse.education/pledge/
Result: url='https://www.immerse.education/pledge/' html='' success=False cleaned_html=None media={} links={} downloaded_files=None screenshot=None pdf=None markdown=None markdown_v2=None fit_markdown=None fit_html=None extracted_content=None metadata=None error_message='Unexpected error in _crawl_web at line 1205 in _crawl_web (../../.pyenv/versions/3.12.6/lib/python3.12/site-packages/crawl4ai/async_crawler_strategy.py):\nError: Failed on navigating ACS-GOTO:\nPage.goto: Timeout 10000ms exceeded.\nCall log:\n  - navigating to "https://www.immerse.education/pledge/", waiting until "domcontentloaded"\n\n\nCode context:\n1200   \n1201                       response = await page.goto(\n1202                           url, wait_until=config.wait_until, timeout=config.page_timeout\n1203                       )\n1204                   except Error as e:\n1205 →                     raise RuntimeError(f"Failed on navigating ACS-GOTO:\\n{str(e)}")\n1206   \n1207                   await self.execute_hook("after_goto", page, context=context, url=url, response=response)\n1208   \n1209                   if response is None:\n1210                       status_code = 200' session_id=None response_headers=None status_code=None ssl_certificate=None


Failed to crawl: https://www.immerse.education/academic-insights/
Result: url='https://www.immerse.education/academic-insights/' html='' success=False cleaned_html=None media={} links={} downloaded_files=None screenshot=None pdf=None markdown=None markdown_v2=None fit_markdown=None fit_html=None extracted_content=None metadata=None error_message='Unexpected error in _crawl_web at line 1205 in _crawl_web (../../.pyenv/versions/3.12.6/lib/python3.12/site-packages/crawl4ai/async_crawler_strategy.py):\nError: Failed on navigating ACS-GOTO:\nPage.goto: Timeout 10000ms exceeded.\nCall log:\n  - navigating to "https://www.immerse.education/academic-insights/", waiting until "domcontentloaded"\n\n\nCode context:\n1200   \n1201                       response = await page.goto(\n1202                           url, wait_until=config.wait_until, timeout=config.page_timeout\n1203                       )\n1204                   except Error as e:\n1205 →                     raise RuntimeError(f"Failed on navigating ACS-GOTO:\\n{str(e)}")\n1206   \n1207                   await self.execute_hook("after_goto", page, context=context, url=url, response=response)\n1208   \n1209                   if response is None:\n1210                       status_code = 200' session_id=None response_headers=None status_code=None ssl_certificate=None


Failed to crawl: https://www.immerse.education/content-and-language-integrated-learning/
Result: url='https://www.immerse.education/content-and-language-integrated-learning/' html='' success=False cleaned_html=None media={} links={} downloaded_files=None screenshot=None pdf=None markdown=None markdown_v2=None fit_markdown=None fit_html=None extracted_content=None metadata=None error_message='Unexpected error in _crawl_web at line 1205 in _crawl_web (../../.pyenv/versions/3.12.6/lib/python3.12/site-packages/crawl4ai/async_crawler_strategy.py):\nError: Failed on navigating ACS-GOTO:\nPage.goto: Timeout 10000ms exceeded.\nCall log:\n  - navigating to "https://www.immerse.education/content-and-language-integrated-learning/", waiting until "domcontentloaded"\n\n\nCode context:\n1200   \n1201                       response = await page.goto(\n1202                           url, wait_until=config.wait_until, timeout=config.page_timeout\n1203                       )\n1204                   except Error as e:\n1205 →                     raise RuntimeError(f"Failed on navigating ACS-GOTO:\\n{str(e)}")\n1206   \n1207                   await self.execute_hook("after_goto", page, context=context, url=url, response=response)\n1208   \n1209                   if response is None:\n1210                       status_code = 200' session_id=None response_headers=None status_code=None ssl_certificate=None


Failed to crawl: https://www.immerse.education/homepage/
Result: url='https://www.immerse.education/homepage/' html='' success=False cleaned_html=None media={} links={} downloaded_files=None screenshot=None pdf=None markdown=None markdown_v2=None fit_markdown=None fit_html=None extracted_content=None metadata=None error_message='Unexpected error in _crawl_web at line 1205 in _crawl_web (../../.pyenv/versions/3.12.6/lib/python3.12/site-packages/crawl4ai/async_crawler_strategy.py):\nError: Failed on navigating ACS-GOTO:\nPage.goto: Timeout 10000ms exceeded.\nCall log:\n  - navigating to "https://www.immerse.education/homepage/", waiting until "domcontentloaded"\n\n\nCode context:\n1200   \n1201                       response = await page.goto(\n1202                           url, wait_until=config.wait_until, timeout=config.page_timeout\n1203                       )\n1204                   except Error as e:\n1205 →                     raise RuntimeError(f"Failed on navigating ACS-GOTO:\\n{str(e)}")\n1206   \n1207                   await self.execute_hook("after_goto", page, context=context, url=url, response=response)\n1208   \n1209                   if response is None:\n1210                       status_code = 200' session_id=None response_headers=None status_code=None ssl_certificate=None


Failed to crawl: https://www.immerse.education/about-immerse/
Result: url='https://www.immerse.education/about-immerse/' html='' success=False cleaned_html=None media={} links={} downloaded_files=None screenshot=None pdf=None markdown=None markdown_v2=None fit_markdown=None fit_html=None extracted_content=None metadata=None error_message='Unexpected error in _crawl_web at line 1205 in _crawl_web (../../.pyenv/versions/3.12.6/lib/python3.12/site-packages/crawl4ai/async_crawler_strategy.py):\nError: Failed on navigating ACS-GOTO:\nPage.goto: Timeout 10000ms exceeded.\nCall log:\n  - navigating to "https://www.immerse.education/about-immerse/", waiting until "domcontentloaded"\n\n\nCode context:\n1200   \n1201                       response = await page.goto(\n1202                           url, wait_until=config.wait_until, timeout=config.page_timeout\n1203                       )\n1204                   except Error as e:\n1205 →                     raise RuntimeError(f"Failed on navigating ACS-GOTO:\\n{str(e)}")\n1206   \n1207                   await self.execute_hook("after_goto", page, context=context, url=url, response=response)\n1208   \n1209                   if response is None:\n1210                       status_code = 200' session_id=None response_headers=None status_code=None ssl_certificate=None


Failed to crawl: https://www.immerse.education/partnerships/
Result: url='https://www.immerse.education/partnerships/' html='' success=False cleaned_html=None media={} links={} downloaded_files=None screenshot=None pdf=None markdown=None markdown_v2=None fit_markdown=None fit_html=None extracted_content=None metadata=None error_message='Unexpected error in _crawl_web at line 1205 in _crawl_web (../../.pyenv/versions/3.12.6/lib/python3.12/site-packages/crawl4ai/async_crawler_strategy.py):\nError: Failed on navigating ACS-GOTO:\nPage.goto: Timeout 10000ms exceeded.\nCall log:\n  - navigating to "https://www.immerse.education/partnerships/", waiting until "domcontentloaded"\n\n\nCode context:\n1200   \n1201                       response = await page.goto(\n1202                           url, wait_until=config.wait_until, timeout=config.page_timeout\n1203                       )\n1204                   except Error as e:\n1205 →                     raise RuntimeError(f"Failed on navigating ACS-GOTO:\\n{str(e)}")\n1206   \n1207                   await self.execute_hook("after_goto", page, context=context, url=url, response=response)\n1208   \n1209                   if response is None:\n1210                       status_code = 200' session_id=None response_headers=None status_code=None ssl_certificate=None


Failed to crawl: https://www.immerse.education/summer-schools/ar/
Result: url='https://www.immerse.education/summer-schools/ar/' html='' success=False cleaned_html=None media={} links={} downloaded_files=None screenshot=None pdf=None markdown=None markdown_v2=None fit_markdown=None fit_html=None extracted_content=None metadata=None error_message='Unexpected error in _crawl_web at line 1205 in _crawl_web (../../.pyenv/versions/3.12.6/lib/python3.12/site-packages/crawl4ai/async_crawler_strategy.py):\nError: Failed on navigating ACS-GOTO:\nPage.goto: Timeout 10000ms exceeded.\nCall log:\n  - navigating to "https://www.immerse.education/summer-schools/ar/", waiting until "domcontentloaded"\n\n\nCode context:\n1200   \n1201                       response = await page.goto(\n1202                           url, wait_until=config.wait_until, timeout=config.page_timeout\n1203                       )\n1204                   except Error as e:\n1205 →                     raise RuntimeError(f"Failed on navigating ACS-GOTO:\\n{str(e)}")\n1206   \n1207                   await self.execute_hook("after_goto", page, context=context, url=url, response=response)\n1208   \n1209                   if response is None:\n1210                       status_code = 200' session_id=None response_headers=None status_code=None ssl_certificate=None


Failed to crawl: https://www.immerse.education/summer-schools/ja/
Result: url='https://www.immerse.education/summer-schools/ja/' html='' success=False cleaned_html=None media={} links={} downloaded_files=None screenshot=None pdf=None markdown=None markdown_v2=None fit_markdown=None fit_html=None extracted_content=None metadata=None error_message='Unexpected error in _crawl_web at line 1205 in _crawl_web (../../.pyenv/versions/3.12.6/lib/python3.12/site-packages/crawl4ai/async_crawler_strategy.py):\nError: Failed on navigating ACS-GOTO:\nPage.goto: Timeout 10000ms exceeded.\nCall log:\n  - navigating to "https://www.immerse.education/summer-schools/ja/", waiting until "domcontentloaded"\n\n\nCode context:\n1200   \n1201                       response = await page.goto(\n1202                           url, wait_until=config.wait_until, timeout=config.page_timeout\n1203                       )\n1204                   except Error as e:\n1205 →                     raise RuntimeError(f"Failed on navigating ACS-GOTO:\\n{str(e)}")\n1206   \n1207                   await self.execute_hook("after_goto", page, context=context, url=url, response=response)\n1208   \n1209                   if response is None:\n1210                       status_code = 200' session_id=None response_headers=None status_code=None ssl_certificate=None


Failed to crawl: https://www.immerse.education/programme-insurance/
Result: url='https://www.immerse.education/programme-insurance/' html='' success=False cleaned_html=None media={} links={} downloaded_files=None screenshot=None pdf=None markdown=None markdown_v2=None fit_markdown=None fit_html=None extracted_content=None metadata=None error_message='Unexpected error in _crawl_web at line 1205 in _crawl_web (../../.pyenv/versions/3.12.6/lib/python3.12/site-packages/crawl4ai/async_crawler_strategy.py):\nError: Failed on navigating ACS-GOTO:\nPage.goto: Timeout 10000ms exceeded.\nCall log:\n  - navigating to "https://www.immerse.education/programme-insurance/", waiting until "domcontentloaded"\n\n\nCode context:\n1200   \n1201                       response = await page.goto(\n1202                           url, wait_until=config.wait_until, timeout=config.page_timeout\n1203                       )\n1204                   except Error as e:\n1205 →                     raise RuntimeError(f"Failed on navigating ACS-GOTO:\\n{str(e)}")\n1206   \n1207                   await self.execute_hook("after_goto", page, context=context, url=url, response=response)\n1208   \n1209                   if response is None:\n1210                       status_code = 200' session_id=None response_headers=None status_code=None ssl_certificate=None


Failed to crawl: https://www.immerse.education/summer-schools/tr/
Result: url='https://www.immerse.education/summer-schools/tr/' html='' success=False cleaned_html=None media={} links={} downloaded_files=None screenshot=None pdf=None markdown=None markdown_v2=None fit_markdown=None fit_html=None extracted_content=None metadata=None error_message='Unexpected error in _crawl_web at line 1205 in _crawl_web (../../.pyenv/versions/3.12.6/lib/python3.12/site-packages/crawl4ai/async_crawler_strategy.py):\nError: Failed on navigating ACS-GOTO:\nPage.goto: Timeout 10000ms exceeded.\nCall log:\n  - navigating to "https://www.immerse.education/summer-schools/tr/", waiting until "domcontentloaded"\n\n\nCode context:\n1200   \n1201                       response = await page.goto(\n1202                           url, wait_until=config.wait_until, timeout=config.page_timeout\n1203                       )\n1204                   except Error as e:\n1205 →                     raise RuntimeError(f"Failed on navigating ACS-GOTO:\\n{str(e)}")\n1206   \n1207                   await self.execute_hook("after_goto", page, context=context, url=url, response=response)\n1208   \n1209                   if response is None:\n1210                       status_code = 200' session_id=None response_headers=None status_code=None ssl_certificate=None


Failed to crawl: https://www.immerse.education/summer-schools/ru/
Result: url='https://www.immerse.education/summer-schools/ru/' html='' success=False cleaned_html=None media={} links={} downloaded_files=None screenshot=None pdf=None markdown=None markdown_v2=None fit_markdown=None fit_html=None extracted_content=None metadata=None error_message='Unexpected error in _crawl_web at line 1205 in _crawl_web (../../.pyenv/versions/3.12.6/lib/python3.12/site-packages/crawl4ai/async_crawler_strategy.py):\nError: Failed on navigating ACS-GOTO:\nPage.goto: Timeout 10000ms exceeded.\nCall log:\n  - navigating to "https://www.immerse.education/summer-schools/ru/", waiting until "domcontentloaded"\n\n\nCode context:\n1200   \n1201                       response = await page.goto(\n1202                           url, wait_until=config.wait_until, timeout=config.page_timeout\n1203                       )\n1204                   except Error as e:\n1205 →                     raise RuntimeError(f"Failed on navigating ACS-GOTO:\\n{str(e)}")\n1206   \n1207                   await self.execute_hook("after_goto", page, context=context, url=url, response=response)\n1208   \n1209                   if response is None:\n1210                       status_code = 200' session_id=None response_headers=None status_code=None ssl_certificate=None


Failed to crawl: https://www.immerse.education/summer-schools/nl/
Result: url='https://www.immerse.education/summer-schools/nl/' html='' success=False cleaned_html=None media={} links={} downloaded_files=None screenshot=None pdf=None markdown=None markdown_v2=None fit_markdown=None fit_html=None extracted_content=None metadata=None error_message='Unexpected error in _crawl_web at line 1205 in _crawl_web (../../.pyenv/versions/3.12.6/lib/python3.12/site-packages/crawl4ai/async_crawler_strategy.py):\nError: Failed on navigating ACS-GOTO:\nPage.goto: Timeout 10000ms exceeded.\nCall log:\n  - navigating to "https://www.immerse.education/summer-schools/nl/", waiting until "domcontentloaded"\n\n\nCode context:\n1200   \n1201                       response = await page.goto(\n1202                           url, wait_until=config.wait_until, timeout=config.page_timeout\n1203                       )\n1204                   except Error as e:\n1205 →                     raise RuntimeError(f"Failed on navigating ACS-GOTO:\\n{str(e)}")\n1206   \n1207                   await self.execute_hook("after_goto", page, context=context, url=url, response=response)\n1208   \n1209                   if response is None:\n1210                       status_code = 200' session_id=None response_headers=None status_code=None ssl_certificate=None


Failed to crawl: https://www.immerse.education/summer-schools/es/
Result: url='https://www.immerse.education/summer-schools/es/' html='' success=False cleaned_html=None media={} links={} downloaded_files=None screenshot=None pdf=None markdown=None markdown_v2=None fit_markdown=None fit_html=None extracted_content=None metadata=None error_message='Unexpected error in _crawl_web at line 1205 in _crawl_web (../../.pyenv/versions/3.12.6/lib/python3.12/site-packages/crawl4ai/async_crawler_strategy.py):\nError: Failed on navigating ACS-GOTO:\nPage.goto: Timeout 10000ms exceeded.\nCall log:\n  - navigating to "https://www.immerse.education/summer-schools/es/", waiting until "domcontentloaded"\n\n\nCode context:\n1200   \n1201                       response = await page.goto(\n1202                           url, wait_until=config.wait_until, timeout=config.page_timeout\n1203                       )\n1204                   except Error as e:\n1205 →                     raise RuntimeError(f"Failed on navigating ACS-GOTO:\\n{str(e)}")\n1206   \n1207                   await self.execute_hook("after_goto", page, context=context, url=url, response=response)\n1208   \n1209                   if response is None:\n1210                       status_code = 200' session_id=None response_headers=None status_code=None ssl_certificate=None


Failed to crawl: https://www.immerse.education/test-banner/
Result: url='https://www.immerse.education/test-banner/' html='' success=False cleaned_html=None media={} links={} downloaded_files=None screenshot=None pdf=None markdown=None markdown_v2=None fit_markdown=None fit_html=None extracted_content=None metadata=None error_message='Unexpected error in _crawl_web at line 1205 in _crawl_web (../../.pyenv/versions/3.12.6/lib/python3.12/site-packages/crawl4ai/async_crawler_strategy.py):\nError: Failed on navigating ACS-GOTO:\nPage.goto: Timeout 10000ms exceeded.\nCall log:\n  - navigating to "https://www.immerse.education/test-banner/", waiting until "domcontentloaded"\n\n\nCode context:\n1200   \n1201                       response = await page.goto(\n1202                           url, wait_until=config.wait_until, timeout=config.page_timeout\n1203                       )\n1204                   except Error as e:\n1205 →                     raise RuntimeError(f"Failed on navigating ACS-GOTO:\\n{str(e)}")\n1206   \n1207                   await self.execute_hook("after_goto", page, context=context, url=url, response=response)\n1208   \n1209                   if response is None:\n1210                       status_code = 200' session_id=None response_headers=None status_code=None ssl_certificate=None


Failed to crawl: https://www.immerse.education/programme/
Result: url='https://www.immerse.education/programme/' html='' success=False cleaned_html=None media={} links={} downloaded_files=None screenshot=None pdf=None markdown=None markdown_v2=None fit_markdown=None fit_html=None extracted_content=None metadata=None error_message='Unexpected error in _crawl_web at line 1205 in _crawl_web (../../.pyenv/versions/3.12.6/lib/python3.12/site-packages/crawl4ai/async_crawler_strategy.py):\nError: Failed on navigating ACS-GOTO:\nPage.goto: Timeout 10000ms exceeded.\nCall log:\n  - navigating to "https://www.immerse.education/programme/", waiting until "domcontentloaded"\n\n\nCode context:\n1200   \n1201                       response = await page.goto(\n1202                           url, wait_until=config.wait_until, timeout=config.page_timeout\n1203                       )\n1204                   except Error as e:\n1205 →                     raise RuntimeError(f"Failed on navigating ACS-GOTO:\\n{str(e)}")\n1206   \n1207                   await self.execute_hook("after_goto", page, context=context, url=url, response=response)\n1208   \n1209                   if response is None:\n1210                       status_code = 200' session_id=None response_headers=None status_code=None ssl_certificate=None


Failed to crawl: https://www.immerse.education/alumni-story-katrine/
Result: url='https://www.immerse.education/alumni-story-katrine/' html='' success=False cleaned_html=None media={} links={} downloaded_files=None screenshot=None pdf=None markdown=None markdown_v2=None fit_markdown=None fit_html=None extracted_content=None metadata=None error_message='Unexpected error in _crawl_web at line 1205 in _crawl_web (../../.pyenv/versions/3.12.6/lib/python3.12/site-packages/crawl4ai/async_crawler_strategy.py):\nError: Failed on navigating ACS-GOTO:\nPage.goto: Timeout 10000ms exceeded.\nCall log:\n  - navigating to "https://www.immerse.education/alumni-story-katrine/", waiting until "domcontentloaded"\n\n\nCode context:\n1200   \n1201                       response = await page.goto(\n1202                           url, wait_until=config.wait_until, timeout=config.page_timeout\n1203                       )\n1204                   except Error as e:\n1205 →                     raise RuntimeError(f"Failed on navigating ACS-GOTO:\\n{str(e)}")\n1206   \n1207                   await self.execute_hook("after_goto", page, context=context, url=url, response=response)\n1208   \n1209                   if response is None:\n1210                       status_code = 200' session_id=None response_headers=None status_code=None ssl_certificate=None


Failed to crawl: https://www.immerse.education/essay-competition/winners/2020-winning-essay-pedro/
Result: url='https://www.immerse.education/essay-competition/winners/2020-winning-essay-pedro/' html='' success=False cleaned_html=None media={} links={} downloaded_files=None screenshot=None pdf=None markdown=None markdown_v2=None fit_markdown=None fit_html=None extracted_content=None metadata=None error_message='Unexpected error in _crawl_web at line 1205 in _crawl_web (../../.pyenv/versions/3.12.6/lib/python3.12/site-packages/crawl4ai/async_crawler_strategy.py):\nError: Failed on navigating ACS-GOTO:\nPage.goto: Timeout 10000ms exceeded.\nCall log:\n  - navigating to "https://www.immerse.education/essay-competition/winners/2020-winning-essay-pedro/", waiting until "domcontentloaded"\n\n\nCode context:\n1200   \n1201                       response = await page.goto(\n1202                           url, wait_until=config.wait_until, timeout=config.page_timeout\n1203                       )\n1204                   except Error as e:\n1205 →                     raise RuntimeError(f"Failed on navigating ACS-GOTO:\\n{str(e)}")\n1206   \n1207                   await self.execute_hook("after_goto", page, context=context, url=url, response=response)\n1208   \n1209                   if response is None:\n1210                       status_code = 200' session_id=None response_headers=None status_code=None ssl_certificate=None


Failed to crawl: https://www.immerse.education/tutors/
Result: url='https://www.immerse.education/tutors/' html='' success=False cleaned_html=None media={} links={} downloaded_files=None screenshot=None pdf=None markdown=None markdown_v2=None fit_markdown=None fit_html=None extracted_content=None metadata=None error_message='Unexpected error in _crawl_web at line 1205 in _crawl_web (../../.pyenv/versions/3.12.6/lib/python3.12/site-packages/crawl4ai/async_crawler_strategy.py):\nError: Failed on navigating ACS-GOTO:\nPage.goto: Timeout 10000ms exceeded.\nCall log:\n  - navigating to "https://www.immerse.education/tutors/", waiting until "domcontentloaded"\n\n\nCode context:\n1200   \n1201                       response = await page.goto(\n1202                           url, wait_until=config.wait_until, timeout=config.page_timeout\n1203                       )\n1204                   except Error as e:\n1205 →                     raise RuntimeError(f"Failed on navigating ACS-GOTO:\\n{str(e)}")\n1206   \n1207                   await self.execute_hook("after_goto", page, context=context, url=url, response=response)\n1208   \n1209                   if response is None:\n1210                       status_code = 200' session_id=None response_headers=None status_code=None ssl_certificate=None


Failed to crawl: https://www.immerse.education/mentors/
Result: url='https://www.immerse.education/mentors/' html='' success=False cleaned_html=None media={} links={} downloaded_files=None screenshot=None pdf=None markdown=None markdown_v2=None fit_markdown=None fit_html=None extracted_content=None metadata=None error_message='Unexpected error in _crawl_web at line 1205 in _crawl_web (../../.pyenv/versions/3.12.6/lib/python3.12/site-packages/crawl4ai/async_crawler_strategy.py):\nError: Failed on navigating ACS-GOTO:\nPage.goto: Timeout 10000ms exceeded.\nCall log:\n  - navigating to "https://www.immerse.education/mentors/", waiting until "domcontentloaded"\n\n\nCode context:\n1200   \n1201                       response = await page.goto(\n1202                           url, wait_until=config.wait_until, timeout=config.page_timeout\n1203                       )\n1204                   except Error as e:\n1205 →                     raise RuntimeError(f"Failed on navigating ACS-GOTO:\\n{str(e)}")\n1206   \n1207                   await self.execute_hook("after_goto", page, context=context, url=url, response=response)\n1208   \n1209                   if response is None:\n1210                       status_code = 200' session_id=None response_headers=None status_code=None ssl_certificate=None


Failed to crawl: https://www.immerse.education/guests/
Result: url='https://www.immerse.education/guests/' html='' success=False cleaned_html=None media={} links={} downloaded_files=None screenshot=None pdf=None markdown=None markdown_v2=None fit_markdown=None fit_html=None extracted_content=None metadata=None error_message='Unexpected error in _crawl_web at line 1205 in _crawl_web (../../.pyenv/versions/3.12.6/lib/python3.12/site-packages/crawl4ai/async_crawler_strategy.py):\nError: Failed on navigating ACS-GOTO:\nPage.goto: Timeout 10000ms exceeded.\nCall log:\n  - navigating to "https://www.immerse.education/guests/", waiting until "domcontentloaded"\n\n\nCode context:\n1200   \n1201                       response = await page.goto(\n1202                           url, wait_until=config.wait_until, timeout=config.page_timeout\n1203                       )\n1204                   except Error as e:\n1205 →                     raise RuntimeError(f"Failed on navigating ACS-GOTO:\\n{str(e)}")\n1206   \n1207                   await self.execute_hook("after_goto", page, context=context, url=url, response=response)\n1208   \n1209                   if response is None:\n1210                       status_code = 200' session_id=None response_headers=None status_code=None ssl_certificate=None


Failed to crawl: https://www.immerse.education/alumni-stories/antonia-h/
Result: url='https://www.immerse.education/alumni-stories/antonia-h/' html='' success=False cleaned_html=None media={} links={} downloaded_files=None screenshot=None pdf=None markdown=None markdown_v2=None fit_markdown=None fit_html=None extracted_content=None metadata=None error_message='Unexpected error in _crawl_web at line 1205 in _crawl_web (../../.pyenv/versions/3.12.6/lib/python3.12/site-packages/crawl4ai/async_crawler_strategy.py):\nError: Failed on navigating ACS-GOTO:\nPage.goto: Timeout 10000ms exceeded.\nCall log:\n  - navigating to "https://www.immerse.education/alumni-stories/antonia-h/", waiting until "domcontentloaded"\n\n\nCode context:\n1200   \n1201                       response = await page.goto(\n1202                           url, wait_until=config.wait_until, timeout=config.page_timeout\n1203                       )\n1204                   except Error as e:\n1205 →                     raise RuntimeError(f"Failed on navigating ACS-GOTO:\\n{str(e)}")\n1206   \n1207                   await self.execute_hook("after_goto", page, context=context, url=url, response=response)\n1208   \n1209                   if response is None:\n1210                       status_code = 200' session_id=None response_headers=None status_code=None ssl_certificate=None


Failed to crawl: https://www.immerse.education/alumni-stories/elif/
Result: url='https://www.immerse.education/alumni-stories/elif/' html='' success=False cleaned_html=None media={} links={} downloaded_files=None screenshot=None pdf=None markdown=None markdown_v2=None fit_markdown=None fit_html=None extracted_content=None metadata=None error_message='Unexpected error in _crawl_web at line 1205 in _crawl_web (../../.pyenv/versions/3.12.6/lib/python3.12/site-packages/crawl4ai/async_crawler_strategy.py):\nError: Failed on navigating ACS-GOTO:\nPage.goto: Timeout 10000ms exceeded.\nCall log:\n  - navigating to "https://www.immerse.education/alumni-stories/elif/", waiting until "domcontentloaded"\n\n\nCode context:\n1200   \n1201                       response = await page.goto(\n1202                           url, wait_until=config.wait_until, timeout=config.page_timeout\n1203                       )\n1204                   except Error as e:\n1205 →                     raise RuntimeError(f"Failed on navigating ACS-GOTO:\\n{str(e)}")\n1206   \n1207                   await self.execute_hook("after_goto", page, context=context, url=url, response=response)\n1208   \n1209                   if response is None:\n1210                       status_code = 200' session_id=None response_headers=None status_code=None ssl_certificate=None


Failed to crawl: https://www.immerse.education/13-18-years-old/
Result: url='https://www.immerse.education/13-18-years-old/' html='' success=False cleaned_html=None media={} links={} downloaded_files=None screenshot=None pdf=None markdown=None markdown_v2=None fit_markdown=None fit_html=None extracted_content=None metadata=None error_message='Unexpected error in _crawl_web at line 1205 in _crawl_web (../../.pyenv/versions/3.12.6/lib/python3.12/site-packages/crawl4ai/async_crawler_strategy.py):\nError: Failed on navigating ACS-GOTO:\nPage.goto: Timeout 10000ms exceeded.\nCall log:\n  - navigating to "https://www.immerse.education/13-18-years-old/", waiting until "domcontentloaded"\n\n\nCode context:\n1200   \n1201                       response = await page.goto(\n1202                           url, wait_until=config.wait_until, timeout=config.page_timeout\n1203                       )\n1204                   except Error as e:\n1205 →                     raise RuntimeError(f"Failed on navigating ACS-GOTO:\\n{str(e)}")\n1206   \n1207                   await self.execute_hook("after_goto", page, context=context, url=url, response=response)\n1208   \n1209                   if response is None:\n1210                       status_code = 200' session_id=None response_headers=None status_code=None ssl_certificate=None


Failed to crawl: https://www.immerse.education/alumni-stories/francesca-w/
Result: url='https://www.immerse.education/alumni-stories/francesca-w/' html='' success=False cleaned_html=None media={} links={} downloaded_files=None screenshot=None pdf=None markdown=None markdown_v2=None fit_markdown=None fit_html=None extracted_content=None metadata=None error_message='Unexpected error in _crawl_web at line 1205 in _crawl_web (../../.pyenv/versions/3.12.6/lib/python3.12/site-packages/crawl4ai/async_crawler_strategy.py):\nError: Failed on navigating ACS-GOTO:\nPage.goto: Timeout 10000ms exceeded.\nCall log:\n  - navigating to "https://www.immerse.education/alumni-stories/francesca-w/", waiting until "domcontentloaded"\n\n\nCode context:\n1200   \n1201                       response = await page.goto(\n1202                           url, wait_until=config.wait_until, timeout=config.page_timeout\n1203                       )\n1204                   except Error as e:\n1205 →                     raise RuntimeError(f"Failed on navigating ACS-GOTO:\\n{str(e)}")\n1206   \n1207                   await self.execute_hook("after_goto", page, context=context, url=url, response=response)\n1208   \n1209                   if response is None:\n1210                       status_code = 200' session_id=None response_headers=None status_code=None ssl_certificate=None


Failed to crawl: https://www.immerse.education/privacy-policy/
Result: url='https://www.immerse.education/privacy-policy/' html='' success=False cleaned_html=None media={} links={} downloaded_files=None screenshot=None pdf=None markdown=None markdown_v2=None fit_markdown=None fit_html=None extracted_content=None metadata=None error_message='Unexpected error in _crawl_web at line 1205 in _crawl_web (../../.pyenv/versions/3.12.6/lib/python3.12/site-packages/crawl4ai/async_crawler_strategy.py):\nError: Failed on navigating ACS-GOTO:\nPage.goto: Timeout 10000ms exceeded.\nCall log:\n  - navigating to "https://www.immerse.education/privacy-policy/", waiting until "domcontentloaded"\n\n\nCode context:\n1200   \n1201                       response = await page.goto(\n1202                           url, wait_until=config.wait_until, timeout=config.page_timeout\n1203                       )\n1204                   except Error as e:\n1205 →                     raise RuntimeError(f"Failed on navigating ACS-GOTO:\\n{str(e)}")\n1206   \n1207                   await self.execute_hook("after_goto", page, context=context, url=url, response=response)\n1208   \n1209                   if response is None:\n1210                       status_code = 200' session_id=None response_headers=None status_code=None ssl_certificate=None


Failed to crawl: https://www.immerse.education/essay-competition/winners/2021-essay-competition-winner-kornelia-essay/
Result: url='https://www.immerse.education/essay-competition/winners/2021-essay-competition-winner-kornelia-essay/' html='' success=False cleaned_html=None media={} links={} downloaded_files=None screenshot=None pdf=None markdown=None markdown_v2=None fit_markdown=None fit_html=None extracted_content=None metadata=None error_message='Unexpected error in _crawl_web at line 1205 in _crawl_web (../../.pyenv/versions/3.12.6/lib/python3.12/site-packages/crawl4ai/async_crawler_strategy.py):\nError: Failed on navigating ACS-GOTO:\nPage.goto: Timeout 10000ms exceeded.\nCall log:\n  - navigating to "https://www.immerse.education/essay-competition/winners/2021-essay-competition-winner-kornelia-essay/", waiting until "domcontentloaded"\n\n\nCode context:\n1200   \n1201                       response = await page.goto(\n1202                           url, wait_until=config.wait_until, timeout=config.page_timeout\n1203                       )\n1204                   except Error as e:\n1205 →                     raise RuntimeError(f"Failed on navigating ACS-GOTO:\\n{str(e)}")\n1206   \n1207                   await self.execute_hook("after_goto", page, context=context, url=url, response=response)\n1208   \n1209                   if response is None:\n1210                       status_code = 200' session_id=None response_headers=None status_code=None ssl_certificate=None


Failed to crawl: https://www.immerse.education/about-immerse/scholarship-winners/
Result: url='https://www.immerse.education/about-immerse/scholarship-winners/' html='' success=False cleaned_html=None media={} links={} downloaded_files=None screenshot=None pdf=None markdown=None markdown_v2=None fit_markdown=None fit_html=None extracted_content=None metadata=None error_message='Unexpected error in _crawl_web at line 1205 in _crawl_web (../../.pyenv/versions/3.12.6/lib/python3.12/site-packages/crawl4ai/async_crawler_strategy.py):\nError: Failed on navigating ACS-GOTO:\nPage.goto: Timeout 10000ms exceeded.\nCall log:\n  - navigating to "https://www.immerse.education/about-immerse/scholarship-winners/", waiting until "domcontentloaded"\n\n\nCode context:\n1200   \n1201                       response = await page.goto(\n1202                           url, wait_until=config.wait_until, timeout=config.page_timeout\n1203                       )\n1204                   except Error as e:\n1205 →                     raise RuntimeError(f"Failed on navigating ACS-GOTO:\\n{str(e)}")\n1206   \n1207                   await self.execute_hook("after_goto", page, context=context, url=url, response=response)\n1208   \n1209                   if response is None:\n1210                       status_code = 200' session_id=None response_headers=None status_code=None ssl_certificate=None


Failed to crawl: https://www.immerse.education/boston-summer-school-2/
Result: url='https://www.immerse.education/boston-summer-school-2/' html='' success=False cleaned_html=None media={} links={} downloaded_files=None screenshot=None pdf=None markdown=None markdown_v2=None fit_markdown=None fit_html=None extracted_content=None metadata=None error_message='Unexpected error in _crawl_web at line 1205 in _crawl_web (../../.pyenv/versions/3.12.6/lib/python3.12/site-packages/crawl4ai/async_crawler_strategy.py):\nError: Failed on navigating ACS-GOTO:\nPage.goto: Timeout 10000ms exceeded.\nCall log:\n  - navigating to "https://www.immerse.education/boston-summer-school-2/", waiting until "domcontentloaded"\n\n\nCode context:\n1200   \n1201                       response = await page.goto(\n1202                           url, wait_until=config.wait_until, timeout=config.page_timeout\n1203                       )\n1204                   except Error as e:\n1205 →                     raise RuntimeError(f"Failed on navigating ACS-GOTO:\\n{str(e)}")\n1206   \n1207                   await self.execute_hook("after_goto", page, context=context, url=url, response=response)\n1208   \n1209                   if response is None:\n1210                       status_code = 200' session_id=None response_headers=None status_code=None ssl_certificate=None


Failed to crawl: https://www.immerse.education/boston-summer-school/
Result: url='https://www.immerse.education/boston-summer-school/' html='' success=False cleaned_html=None media={} links={} downloaded_files=None screenshot=None pdf=None markdown=None markdown_v2=None fit_markdown=None fit_html=None extracted_content=None metadata=None error_message='Unexpected error in _crawl_web at line 1205 in _crawl_web (../../.pyenv/versions/3.12.6/lib/python3.12/site-packages/crawl4ai/async_crawler_strategy.py):\nError: Failed on navigating ACS-GOTO:\nPage.goto: Timeout 10000ms exceeded.\nCall log:\n  - navigating to "https://www.immerse.education/boston-summer-school/", waiting until "domcontentloaded"\n\n\nCode context:\n1200   \n1201                       response = await page.goto(\n1202                           url, wait_until=config.wait_until, timeout=config.page_timeout\n1203                       )\n1204                   except Error as e:\n1205 →                     raise RuntimeError(f"Failed on navigating ACS-GOTO:\\n{str(e)}")\n1206   \n1207                   await self.execute_hook("after_goto", page, context=context, url=url, response=response)\n1208   \n1209                   if response is None:\n1210                       status_code = 200' session_id=None response_headers=None status_code=None ssl_certificate=None


Failed to crawl: https://www.immerse.education/new-york-summer-school/
Result: url='https://www.immerse.education/new-york-summer-school/' html='' success=False cleaned_html=None media={} links={} downloaded_files=None screenshot=None pdf=None markdown=None markdown_v2=None fit_markdown=None fit_html=None extracted_content=None metadata=None error_message='Unexpected error in _crawl_web at line 1205 in _crawl_web (../../.pyenv/versions/3.12.6/lib/python3.12/site-packages/crawl4ai/async_crawler_strategy.py):\nError: Failed on navigating ACS-GOTO:\nPage.goto: Timeout 10000ms exceeded.\nCall log:\n  - navigating to "https://www.immerse.education/new-york-summer-school/", waiting until "domcontentloaded"\n\n\nCode context:\n1200   \n1201                       response = await page.goto(\n1202                           url, wait_until=config.wait_until, timeout=config.page_timeout\n1203                       )\n1204                   except Error as e:\n1205 →                     raise RuntimeError(f"Failed on navigating ACS-GOTO:\\n{str(e)}")\n1206   \n1207                   await self.execute_hook("after_goto", page, context=context, url=url, response=response)\n1208   \n1209                   if response is None:\n1210                       status_code = 200' session_id=None response_headers=None status_code=None ssl_certificate=None


Failed to crawl: https://www.immerse.education/oxford-summer-school/
Result: url='https://www.immerse.education/oxford-summer-school/' html='' success=False cleaned_html=None media={} links={} downloaded_files=None screenshot=None pdf=None markdown=None markdown_v2=None fit_markdown=None fit_html=None extracted_content=None metadata=None error_message='Unexpected error in _crawl_web at line 1205 in _crawl_web (../../.pyenv/versions/3.12.6/lib/python3.12/site-packages/crawl4ai/async_crawler_strategy.py):\nError: Failed on navigating ACS-GOTO:\nPage.goto: Timeout 10000ms exceeded.\nCall log:\n  - navigating to "https://www.immerse.education/oxford-summer-school/", waiting until "domcontentloaded"\n\n\nCode context:\n1200   \n1201                       response = await page.goto(\n1202                           url, wait_until=config.wait_until, timeout=config.page_timeout\n1203                       )\n1204                   except Error as e:\n1205 →                     raise RuntimeError(f"Failed on navigating ACS-GOTO:\\n{str(e)}")\n1206   \n1207                   await self.execute_hook("after_goto", page, context=context, url=url, response=response)\n1208   \n1209                   if response is None:\n1210                       status_code = 200' session_id=None response_headers=None status_code=None ssl_certificate=None


Failed to crawl: https://www.immerse.education/tokyo-summer-school/
Result: url='https://www.immerse.education/tokyo-summer-school/' html='' success=False cleaned_html=None media={} links={} downloaded_files=None screenshot=None pdf=None markdown=None markdown_v2=None fit_markdown=None fit_html=None extracted_content=None metadata=None error_message='Unexpected error in _crawl_web at line 1205 in _crawl_web (../../.pyenv/versions/3.12.6/lib/python3.12/site-packages/crawl4ai/async_crawler_strategy.py):\nError: Failed on navigating ACS-GOTO:\nPage.goto: Timeout 10000ms exceeded.\nCall log:\n  - navigating to "https://www.immerse.education/tokyo-summer-school/", waiting until "domcontentloaded"\n\n\nCode context:\n1200   \n1201                       response = await page.goto(\n1202                           url, wait_until=config.wait_until, timeout=config.page_timeout\n1203                       )\n1204                   except Error as e:\n1205 →                     raise RuntimeError(f"Failed on navigating ACS-GOTO:\\n{str(e)}")\n1206   \n1207                   await self.execute_hook("after_goto", page, context=context, url=url, response=response)\n1208   \n1209                   if response is None:\n1210                       status_code = 200' session_id=None response_headers=None status_code=None ssl_certificate=None


Failed to crawl: https://www.immerse.education/toronto-summer-school/
Result: url='https://www.immerse.education/toronto-summer-school/' html='' success=False cleaned_html=None media={} links={} downloaded_files=None screenshot=None pdf=None markdown=None markdown_v2=None fit_markdown=None fit_html=None extracted_content=None metadata=None error_message='Unexpected error in _crawl_web at line 1205 in _crawl_web (../../.pyenv/versions/3.12.6/lib/python3.12/site-packages/crawl4ai/async_crawler_strategy.py):\nError: Failed on navigating ACS-GOTO:\nPage.goto: Timeout 10000ms exceeded.\nCall log:\n  - navigating to "https://www.immerse.education/toronto-summer-school/", waiting until "domcontentloaded"\n\n\nCode context:\n1200   \n1201                       response = await page.goto(\n1202                           url, wait_until=config.wait_until, timeout=config.page_timeout\n1203                       )\n1204                   except Error as e:\n1205 →                     raise RuntimeError(f"Failed on navigating ACS-GOTO:\\n{str(e)}")\n1206   \n1207                   await self.execute_hook("after_goto", page, context=context, url=url, response=response)\n1208   \n1209                   if response is None:\n1210                       status_code = 200' session_id=None response_headers=None status_code=None ssl_certificate=None


Failed to crawl: https://www.immerse.education/london-summer-school/
Result: url='https://www.immerse.education/london-summer-school/' html='' success=False cleaned_html=None media={} links={} downloaded_files=None screenshot=None pdf=None markdown=None markdown_v2=None fit_markdown=None fit_html=None extracted_content=None metadata=None error_message='Unexpected error in _crawl_web at line 1205 in _crawl_web (../../.pyenv/versions/3.12.6/lib/python3.12/site-packages/crawl4ai/async_crawler_strategy.py):\nError: Failed on navigating ACS-GOTO:\nPage.goto: Timeout 10000ms exceeded.\nCall log:\n  - navigating to "https://www.immerse.education/london-summer-school/", waiting until "domcontentloaded"\n\n\nCode context:\n1200   \n1201                       response = await page.goto(\n1202                           url, wait_until=config.wait_until, timeout=config.page_timeout\n1203                       )\n1204                   except Error as e:\n1205 →                     raise RuntimeError(f"Failed on navigating ACS-GOTO:\\n{str(e)}")\n1206   \n1207                   await self.execute_hook("after_goto", page, context=context, url=url, response=response)\n1208   \n1209                   if response is None:\n1210                       status_code = 200' session_id=None response_headers=None status_code=None ssl_certificate=None


Failed to crawl: https://www.immerse.education/online-insights/
Result: url='https://www.immerse.education/online-insights/' html='' success=False cleaned_html=None media={} links={} downloaded_files=None screenshot=None pdf=None markdown=None markdown_v2=None fit_markdown=None fit_html=None extracted_content=None metadata=None error_message='Unexpected error in _crawl_web at line 1205 in _crawl_web (../../.pyenv/versions/3.12.6/lib/python3.12/site-packages/crawl4ai/async_crawler_strategy.py):\nError: Failed on navigating ACS-GOTO:\nPage.goto: Timeout 10000ms exceeded.\nCall log:\n  - navigating to "https://www.immerse.education/online-insights/", waiting until "domcontentloaded"\n\n\nCode context:\n1200   \n1201                       response = await page.goto(\n1202                           url, wait_until=config.wait_until, timeout=config.page_timeout\n1203                       )\n1204                   except Error as e:\n1205 →                     raise RuntimeError(f"Failed on navigating ACS-GOTO:\\n{str(e)}")\n1206   \n1207                   await self.execute_hook("after_goto", page, context=context, url=url, response=response)\n1208   \n1209                   if response is None:\n1210                       status_code = 200' session_id=None response_headers=None status_code=None ssl_certificate=None


Failed to crawl: https://www.immerse.education/test-2-page/
Result: url='https://www.immerse.education/test-2-page/' html='' success=False cleaned_html=None media={} links={} downloaded_files=None screenshot=None pdf=None markdown=None markdown_v2=None fit_markdown=None fit_html=None extracted_content=None metadata=None error_message='Unexpected error in _crawl_web at line 1205 in _crawl_web (../../.pyenv/versions/3.12.6/lib/python3.12/site-packages/crawl4ai/async_crawler_strategy.py):\nError: Failed on navigating ACS-GOTO:\nPage.goto: Timeout 10000ms exceeded.\nCall log:\n  - navigating to "https://www.immerse.education/test-2-page/", waiting until "domcontentloaded"\n\n\nCode context:\n1200   \n1201                       response = await page.goto(\n1202                           url, wait_until=config.wait_until, timeout=config.page_timeout\n1203                       )\n1204                   except Error as e:\n1205 →                     raise RuntimeError(f"Failed on navigating ACS-GOTO:\\n{str(e)}")\n1206   \n1207                   await self.execute_hook("after_goto", page, context=context, url=url, response=response)\n1208   \n1209                   if response is None:\n1210                       status_code = 200' session_id=None response_headers=None status_code=None ssl_certificate=None


Failed to crawl: https://www.immerse.education/cambridge-summer-school/
Result: url='https://www.immerse.education/cambridge-summer-school/' html='' success=False cleaned_html=None media={} links={} downloaded_files=None screenshot=None pdf=None markdown=None markdown_v2=None fit_markdown=None fit_html=None extracted_content=None metadata=None error_message='Unexpected error in _crawl_web at line 1205 in _crawl_web (../../.pyenv/versions/3.12.6/lib/python3.12/site-packages/crawl4ai/async_crawler_strategy.py):\nError: Failed on navigating ACS-GOTO:\nPage.goto: Timeout 10000ms exceeded.\nCall log:\n  - navigating to "https://www.immerse.education/cambridge-summer-school/", waiting until "domcontentloaded"\n\n\nCode context:\n1200   \n1201                       response = await page.goto(\n1202                           url, wait_until=config.wait_until, timeout=config.page_timeout\n1203                       )\n1204                   except Error as e:\n1205 →                     raise RuntimeError(f"Failed on navigating ACS-GOTO:\\n{str(e)}")\n1206   \n1207                   await self.execute_hook("after_goto", page, context=context, url=url, response=response)\n1208   \n1209                   if response is None:\n1210                       status_code = 200' session_id=None response_headers=None status_code=None ssl_certificate=None


Failed to crawl: https://www.immerse.education/webinars/
Result: url='https://www.immerse.education/webinars/' html='' success=False cleaned_html=None media={} links={} downloaded_files=None screenshot=None pdf=None markdown=None markdown_v2=None fit_markdown=None fit_html=None extracted_content=None metadata=None error_message='Unexpected error in _crawl_web at line 1205 in _crawl_web (../../.pyenv/versions/3.12.6/lib/python3.12/site-packages/crawl4ai/async_crawler_strategy.py):\nError: Failed on navigating ACS-GOTO:\nPage.goto: Timeout 10000ms exceeded.\nCall log:\n  - navigating to "https://www.immerse.education/webinars/", waiting until "domcontentloaded"\n\n\nCode context:\n1200   \n1201                       response = await page.goto(\n1202                           url, wait_until=config.wait_until, timeout=config.page_timeout\n1203                       )\n1204                   except Error as e:\n1205 →                     raise RuntimeError(f"Failed on navigating ACS-GOTO:\\n{str(e)}")\n1206   \n1207                   await self.execute_hook("after_goto", page, context=context, url=url, response=response)\n1208   \n1209                   if response is None:\n1210                       status_code = 200' session_id=None response_headers=None status_code=None ssl_certificate=None


Failed to crawl: https://www.immerse.education/essay-competition/winners/2023-winning-essay-shandra-h/
Result: url='https://www.immerse.education/essay-competition/winners/2023-winning-essay-shandra-h/' html='' success=False cleaned_html=None media={} links={} downloaded_files=None screenshot=None pdf=None markdown=None markdown_v2=None fit_markdown=None fit_html=None extracted_content=None metadata=None error_message='Unexpected error in _crawl_web at line 1205 in _crawl_web (../../.pyenv/versions/3.12.6/lib/python3.12/site-packages/crawl4ai/async_crawler_strategy.py):\nError: Failed on navigating ACS-GOTO:\nPage.goto: Timeout 10000ms exceeded.\nCall log:\n  - navigating to "https://www.immerse.education/essay-competition/winners/2023-winning-essay-shandra-h/", waiting until "domcontentloaded"\n\n\nCode context:\n1200   \n1201                       response = await page.goto(\n1202                           url, wait_until=config.wait_until, timeout=config.page_timeout\n1203                       )\n1204                   except Error as e:\n1205 →                     raise RuntimeError(f"Failed on navigating ACS-GOTO:\\n{str(e)}")\n1206   \n1207                   await self.execute_hook("after_goto", page, context=context, url=url, response=response)\n1208   \n1209                   if response is None:\n1210                       status_code = 200' session_id=None response_headers=None status_code=None ssl_certificate=None


Failed to crawl: https://www.immerse.education/essay-competition/winners/2023-winning-essay-mohammad-s/
Result: url='https://www.immerse.education/essay-competition/winners/2023-winning-essay-mohammad-s/' html='' success=False cleaned_html=None media={} links={} downloaded_files=None screenshot=None pdf=None markdown=None markdown_v2=None fit_markdown=None fit_html=None extracted_content=None metadata=None error_message='Unexpected error in _crawl_web at line 1205 in _crawl_web (../../.pyenv/versions/3.12.6/lib/python3.12/site-packages/crawl4ai/async_crawler_strategy.py):\nError: Failed on navigating ACS-GOTO:\nPage.goto: Timeout 10000ms exceeded.\nCall log:\n  - navigating to "https://www.immerse.education/essay-competition/winners/2023-winning-essay-mohammad-s/", waiting until "domcontentloaded"\n\n\nCode context:\n1200   \n1201                       response = await page.goto(\n1202                           url, wait_until=config.wait_until, timeout=config.page_timeout\n1203                       )\n1204                   except Error as e:\n1205 →                     raise RuntimeError(f"Failed on navigating ACS-GOTO:\\n{str(e)}")\n1206   \n1207                   await self.execute_hook("after_goto", page, context=context, url=url, response=response)\n1208   \n1209                   if response is None:\n1210                       status_code = 200' session_id=None response_headers=None status_code=None ssl_certificate=None


Failed to crawl: https://www.immerse.education/essay-competition/winners/2023-winning-essay-luiza-c/
Result: url='https://www.immerse.education/essay-competition/winners/2023-winning-essay-luiza-c/' html='' success=False cleaned_html=None media={} links={} downloaded_files=None screenshot=None pdf=None markdown=None markdown_v2=None fit_markdown=None fit_html=None extracted_content=None metadata=None error_message='Unexpected error in _crawl_web at line 1205 in _crawl_web (../../.pyenv/versions/3.12.6/lib/python3.12/site-packages/crawl4ai/async_crawler_strategy.py):\nError: Failed on navigating ACS-GOTO:\nPage.goto: Timeout 10000ms exceeded.\nCall log:\n  - navigating to "https://www.immerse.education/essay-competition/winners/2023-winning-essay-luiza-c/", waiting until "domcontentloaded"\n\n\nCode context:\n1200   \n1201                       response = await page.goto(\n1202                           url, wait_until=config.wait_until, timeout=config.page_timeout\n1203                       )\n1204                   except Error as e:\n1205 →                     raise RuntimeError(f"Failed on navigating ACS-GOTO:\\n{str(e)}")\n1206   \n1207                   await self.execute_hook("after_goto", page, context=context, url=url, response=response)\n1208   \n1209                   if response is None:\n1210                       status_code = 200' session_id=None response_headers=None status_code=None ssl_certificate=None


Failed to crawl: https://www.immerse.education/essay-competition/winners/age-13-15-year-2020/
Result: url='https://www.immerse.education/essay-competition/winners/age-13-15-year-2020/' html='' success=False cleaned_html=None media={} links={} downloaded_files=None screenshot=None pdf=None markdown=None markdown_v2=None fit_markdown=None fit_html=None extracted_content=None metadata=None error_message='Unexpected error in _crawl_web at line 1205 in _crawl_web (../../.pyenv/versions/3.12.6/lib/python3.12/site-packages/crawl4ai/async_crawler_strategy.py):\nError: Failed on navigating ACS-GOTO:\nPage.goto: Timeout 10000ms exceeded.\nCall log:\n  - navigating to "https://www.immerse.education/essay-competition/winners/age-13-15-year-2020/", waiting until "domcontentloaded"\n\n\nCode context:\n1200   \n1201                       response = await page.goto(\n1202                           url, wait_until=config.wait_until, timeout=config.page_timeout\n1203                       )\n1204                   except Error as e:\n1205 →                     raise RuntimeError(f"Failed on navigating ACS-GOTO:\\n{str(e)}")\n1206   \n1207                   await self.execute_hook("after_goto", page, context=context, url=url, response=response)\n1208   \n1209                   if response is None:\n1210                       status_code = 200' session_id=None response_headers=None status_code=None ssl_certificate=None


Failed to crawl: https://www.immerse.education/essay-competition/winners/age-16-18-year-2020/
Result: url='https://www.immerse.education/essay-competition/winners/age-16-18-year-2020/' html='' success=False cleaned_html=None media={} links={} downloaded_files=None screenshot=None pdf=None markdown=None markdown_v2=None fit_markdown=None fit_html=None extracted_content=None metadata=None error_message='Unexpected error in _crawl_web at line 1205 in _crawl_web (../../.pyenv/versions/3.12.6/lib/python3.12/site-packages/crawl4ai/async_crawler_strategy.py):\nError: Failed on navigating ACS-GOTO:\nPage.goto: Timeout 10000ms exceeded.\nCall log:\n  - navigating to "https://www.immerse.education/essay-competition/winners/age-16-18-year-2020/", waiting until "domcontentloaded"\n\n\nCode context:\n1200   \n1201                       response = await page.goto(\n1202                           url, wait_until=config.wait_until, timeout=config.page_timeout\n1203                       )\n1204                   except Error as e:\n1205 →                     raise RuntimeError(f"Failed on navigating ACS-GOTO:\\n{str(e)}")\n1206   \n1207                   await self.execute_hook("after_goto", page, context=context, url=url, response=response)\n1208   \n1209                   if response is None:\n1210                       status_code = 200' session_id=None response_headers=None status_code=None ssl_certificate=None


Failed to crawl: https://www.immerse.education/essay-competition/winners/2022-essay-competition-winner-maria/
Result: url='https://www.immerse.education/essay-competition/winners/2022-essay-competition-winner-maria/' html='' success=False cleaned_html=None media={} links={} downloaded_files=None screenshot=None pdf=None markdown=None markdown_v2=None fit_markdown=None fit_html=None extracted_content=None metadata=None error_message='Unexpected error in _crawl_web at line 1205 in _crawl_web (../../.pyenv/versions/3.12.6/lib/python3.12/site-packages/crawl4ai/async_crawler_strategy.py):\nError: Failed on navigating ACS-GOTO:\nPage.goto: Timeout 10000ms exceeded.\nCall log:\n  - navigating to "https://www.immerse.education/essay-competition/winners/2022-essay-competition-winner-maria/", waiting until "domcontentloaded"\n\n\nCode context:\n1200   \n1201                       response = await page.goto(\n1202                           url, wait_until=config.wait_until, timeout=config.page_timeout\n1203                       )\n1204                   except Error as e:\n1205 →                     raise RuntimeError(f"Failed on navigating ACS-GOTO:\\n{str(e)}")\n1206   \n1207                   await self.execute_hook("after_goto", page, context=context, url=url, response=response)\n1208   \n1209                   if response is None:\n1210                       status_code = 200' session_id=None response_headers=None status_code=None ssl_certificate=None


Failed to crawl: https://www.immerse.education/essay-competition/winners/2022-essay-competition-winner-nazmeen/
Result: url='https://www.immerse.education/essay-competition/winners/2022-essay-competition-winner-nazmeen/' html='' success=False cleaned_html=None media={} links={} downloaded_files=None screenshot=None pdf=None markdown=None markdown_v2=None fit_markdown=None fit_html=None extracted_content=None metadata=None error_message='Unexpected error in _crawl_web at line 1205 in _crawl_web (../../.pyenv/versions/3.12.6/lib/python3.12/site-packages/crawl4ai/async_crawler_strategy.py):\nError: Failed on navigating ACS-GOTO:\nPage.goto: Timeout 10000ms exceeded.\nCall log:\n  - navigating to "https://www.immerse.education/essay-competition/winners/2022-essay-competition-winner-nazmeen/", waiting until "domcontentloaded"\n\n\nCode context:\n1200   \n1201                       response = await page.goto(\n1202                           url, wait_until=config.wait_until, timeout=config.page_timeout\n1203                       )\n1204                   except Error as e:\n1205 →                     raise RuntimeError(f"Failed on navigating ACS-GOTO:\\n{str(e)}")\n1206   \n1207                   await self.execute_hook("after_goto", page, context=context, url=url, response=response)\n1208   \n1209                   if response is None:\n1210                       status_code = 200' session_id=None response_headers=None status_code=None ssl_certificate=None


Failed to crawl: https://www.immerse.education/essay-competition/
Result: url='https://www.immerse.education/essay-competition/' html='' success=False cleaned_html=None media={} links={} downloaded_files=None screenshot=None pdf=None markdown=None markdown_v2=None fit_markdown=None fit_html=None extracted_content=None metadata=None error_message='Unexpected error in _crawl_web at line 1205 in _crawl_web (../../.pyenv/versions/3.12.6/lib/python3.12/site-packages/crawl4ai/async_crawler_strategy.py):\nError: Failed on navigating ACS-GOTO:\nPage.goto: Timeout 10000ms exceeded.\nCall log:\n  - navigating to "https://www.immerse.education/essay-competition/", waiting until "domcontentloaded"\n\n\nCode context:\n1200   \n1201                       response = await page.goto(\n1202                           url, wait_until=config.wait_until, timeout=config.page_timeout\n1203                       )\n1204                   except Error as e:\n1205 →                     raise RuntimeError(f"Failed on navigating ACS-GOTO:\\n{str(e)}")\n1206   \n1207                   await self.execute_hook("after_goto", page, context=context, url=url, response=response)\n1208   \n1209                   if response is None:\n1210                       status_code = 200' session_id=None response_headers=None status_code=None ssl_certificate=None


Failed to crawl: https://www.immerse.education/singapore-summer-school/
Result: url='https://www.immerse.education/singapore-summer-school/' html='' success=False cleaned_html=None media={} links={} downloaded_files=None screenshot=None pdf=None markdown=None markdown_v2=None fit_markdown=None fit_html=None extracted_content=None metadata=None error_message='Unexpected error in _crawl_web at line 1205 in _crawl_web (../../.pyenv/versions/3.12.6/lib/python3.12/site-packages/crawl4ai/async_crawler_strategy.py):\nError: Failed on navigating ACS-GOTO:\nPage.goto: Timeout 10000ms exceeded.\nCall log:\n  - navigating to "https://www.immerse.education/singapore-summer-school/", waiting until "domcontentloaded"\n\n\nCode context:\n1200   \n1201                       response = await page.goto(\n1202                           url, wait_until=config.wait_until, timeout=config.page_timeout\n1203                       )\n1204                   except Error as e:\n1205 →                     raise RuntimeError(f"Failed on navigating ACS-GOTO:\\n{str(e)}")\n1206   \n1207                   await self.execute_hook("after_goto", page, context=context, url=url, response=response)\n1208   \n1209                   if response is None:\n1210                       status_code = 200' session_id=None response_headers=None status_code=None ssl_certificate=None


Failed to crawl: https://www.immerse.education/hubspot-test-to-delete/
Result: url='https://www.immerse.education/hubspot-test-to-delete/' html='' success=False cleaned_html=None media={} links={} downloaded_files=None screenshot=None pdf=None markdown=None markdown_v2=None fit_markdown=None fit_html=None extracted_content=None metadata=None error_message='Unexpected error in _crawl_web at line 1205 in _crawl_web (../../.pyenv/versions/3.12.6/lib/python3.12/site-packages/crawl4ai/async_crawler_strategy.py):\nError: Failed on navigating ACS-GOTO:\nPage.goto: Timeout 10000ms exceeded.\nCall log:\n  - navigating to "https://www.immerse.education/hubspot-test-to-delete/", waiting until "domcontentloaded"\n\n\nCode context:\n1200   \n1201                       response = await page.goto(\n1202                           url, wait_until=config.wait_until, timeout=config.page_timeout\n1203                       )\n1204                   except Error as e:\n1205 →                     raise RuntimeError(f"Failed on navigating ACS-GOTO:\\n{str(e)}")\n1206   \n1207                   await self.execute_hook("after_goto", page, context=context, url=url, response=response)\n1208   \n1209                   if response is None:\n1210                       status_code = 200' session_id=None response_headers=None status_code=None ssl_certificate=None


Failed to crawl: https://www.immerse.education/sydney-summer-school/
Result: url='https://www.immerse.education/sydney-summer-school/' html='' success=False cleaned_html=None media={} links={} downloaded_files=None screenshot=None pdf=None markdown=None markdown_v2=None fit_markdown=None fit_html=None extracted_content=None metadata=None error_message='Unexpected error in _crawl_web at line 1205 in _crawl_web (../../.pyenv/versions/3.12.6/lib/python3.12/site-packages/crawl4ai/async_crawler_strategy.py):\nError: Failed on navigating ACS-GOTO:\nPage.goto: Timeout 10000ms exceeded.\nCall log:\n  - navigating to "https://www.immerse.education/sydney-summer-school/", waiting until "domcontentloaded"\n\n\nCode context:\n1200   \n1201                       response = await page.goto(\n1202                           url, wait_until=config.wait_until, timeout=config.page_timeout\n1203                       )\n1204                   except Error as e:\n1205 →                     raise RuntimeError(f"Failed on navigating ACS-GOTO:\\n{str(e)}")\n1206   \n1207                   await self.execute_hook("after_goto", page, context=context, url=url, response=response)\n1208   \n1209                   if response is None:\n1210                       status_code = 200' session_id=None response_headers=None status_code=None ssl_certificate=None


Failed to crawl: https://www.immerse.education/group-online-research-programme/
Result: url='https://www.immerse.education/group-online-research-programme/' html='' success=False cleaned_html=None media={} links={} downloaded_files=None screenshot=None pdf=None markdown=None markdown_v2=None fit_markdown=None fit_html=None extracted_content=None metadata=None error_message='Unexpected error in _crawl_web at line 1205 in _crawl_web (../../.pyenv/versions/3.12.6/lib/python3.12/site-packages/crawl4ai/async_crawler_strategy.py):\nError: Failed on navigating ACS-GOTO:\nPage.goto: Timeout 10000ms exceeded.\nCall log:\n  - navigating to "https://www.immerse.education/group-online-research-programme/", waiting until "domcontentloaded"\n\n\nCode context:\n1200   \n1201                       response = await page.goto(\n1202                           url, wait_until=config.wait_until, timeout=config.page_timeout\n1203                       )\n1204                   except Error as e:\n1205 →                     raise RuntimeError(f"Failed on navigating ACS-GOTO:\\n{str(e)}")\n1206   \n1207                   await self.execute_hook("after_goto", page, context=context, url=url, response=response)\n1208   \n1209                   if response is None:\n1210                       status_code = 200' session_id=None response_headers=None status_code=None ssl_certificate=None


Failed to crawl: https://www.immerse.education/immerse-education-thank-you/
Result: url='https://www.immerse.education/immerse-education-thank-you/' html='' success=False cleaned_html=None media={} links={} downloaded_files=None screenshot=None pdf=None markdown=None markdown_v2=None fit_markdown=None fit_html=None extracted_content=None metadata=None error_message='Unexpected error in _crawl_web at line 1205 in _crawl_web (../../.pyenv/versions/3.12.6/lib/python3.12/site-packages/crawl4ai/async_crawler_strategy.py):\nError: Failed on navigating ACS-GOTO:\nPage.goto: Timeout 10000ms exceeded.\nCall log:\n  - navigating to "https://www.immerse.education/immerse-education-thank-you/", waiting until "domcontentloaded"\n\n\nCode context:\n1200   \n1201                       response = await page.goto(\n1202                           url, wait_until=config.wait_until, timeout=config.page_timeout\n1203                       )\n1204                   except Error as e:\n1205 →                     raise RuntimeError(f"Failed on navigating ACS-GOTO:\\n{str(e)}")\n1206   \n1207                   await self.execute_hook("after_goto", page, context=context, url=url, response=response)\n1208   \n1209                   if response is None:\n1210                       status_code = 200' session_id=None response_headers=None status_code=None ssl_certificate=None


Failed to crawl: https://www.immerse.education/succeed-copy-nazarii/
Result: url='https://www.immerse.education/succeed-copy-nazarii/' html='' success=False cleaned_html=None media={} links={} downloaded_files=None screenshot=None pdf=None markdown=None markdown_v2=None fit_markdown=None fit_html=None extracted_content=None metadata=None error_message='Unexpected error in _crawl_web at line 1205 in _crawl_web (../../.pyenv/versions/3.12.6/lib/python3.12/site-packages/crawl4ai/async_crawler_strategy.py):\nError: Failed on navigating ACS-GOTO:\nPage.goto: Timeout 10000ms exceeded.\nCall log:\n  - navigating to "https://www.immerse.education/succeed-copy-nazarii/", waiting until "domcontentloaded"\n\n\nCode context:\n1200   \n1201                       response = await page.goto(\n1202                           url, wait_until=config.wait_until, timeout=config.page_timeout\n1203                       )\n1204                   except Error as e:\n1205 →                     raise RuntimeError(f"Failed on navigating ACS-GOTO:\\n{str(e)}")\n1206   \n1207                   await self.execute_hook("after_goto", page, context=context, url=url, response=response)\n1208   \n1209                   if response is None:\n1210                       status_code = 200' session_id=None response_headers=None status_code=None ssl_certificate=None


Failed to crawl: https://www.immerse.education/blog/trip-capital/
Result: url='https://www.immerse.education/blog/trip-capital/' html='' success=False cleaned_html=None media={} links={} downloaded_files=None screenshot=None pdf=None markdown=None markdown_v2=None fit_markdown=None fit_html=None extracted_content=None metadata=None error_message='Unexpected error in _crawl_web at line 1205 in _crawl_web (../../.pyenv/versions/3.12.6/lib/python3.12/site-packages/crawl4ai/async_crawler_strategy.py):\nError: Failed on navigating ACS-GOTO:\nPage.goto: Timeout 10000ms exceeded.\nCall log:\n  - navigating to "https://www.immerse.education/blog/trip-capital/", waiting until "domcontentloaded"\n\n\nCode context:\n1200   \n1201                       response = await page.goto(\n1202                           url, wait_until=config.wait_until, timeout=config.page_timeout\n1203                       )\n1204                   except Error as e:\n1205 →                     raise RuntimeError(f"Failed on navigating ACS-GOTO:\\n{str(e)}")\n1206   \n1207                   await self.execute_hook("after_goto", page, context=context, url=url, response=response)\n1208   \n1209                   if response is None:\n1210                       status_code = 200' session_id=None response_headers=None status_code=None ssl_certificate=None


Failed to crawl: https://www.immerse.education/blog/my-christ-college-cambridge-experience/
Result: url='https://www.immerse.education/blog/my-christ-college-cambridge-experience/' html='' success=False cleaned_html=None media={} links={} downloaded_files=None screenshot=None pdf=None markdown=None markdown_v2=None fit_markdown=None fit_html=None extracted_content=None metadata=None error_message='Unexpected error in _crawl_web at line 1205 in _crawl_web (../../.pyenv/versions/3.12.6/lib/python3.12/site-packages/crawl4ai/async_crawler_strategy.py):\nError: Failed on navigating ACS-GOTO:\nPage.goto: Timeout 10000ms exceeded.\nCall log:\n  - navigating to "https://www.immerse.education/blog/my-christ-college-cambridge-experience/", waiting until "domcontentloaded"\n\n\nCode context:\n1200   \n1201                       response = await page.goto(\n1202                           url, wait_until=config.wait_until, timeout=config.page_timeout\n1203                       )\n1204                   except Error as e:\n1205 →                     raise RuntimeError(f"Failed on navigating ACS-GOTO:\\n{str(e)}")\n1206   \n1207                   await self.execute_hook("after_goto", page, context=context, url=url, response=response)\n1208   \n1209                   if response is None:\n1210                       status_code = 200' session_id=None response_headers=None status_code=None ssl_certificate=None


Failed to crawl: https://www.immerse.education/blog/day-croquet-fine-dining/
Result: url='https://www.immerse.education/blog/day-croquet-fine-dining/' html='' success=False cleaned_html=None media={} links={} downloaded_files=None screenshot=None pdf=None markdown=None markdown_v2=None fit_markdown=None fit_html=None extracted_content=None metadata=None error_message='Unexpected error in _crawl_web at line 1205 in _crawl_web (../../.pyenv/versions/3.12.6/lib/python3.12/site-packages/crawl4ai/async_crawler_strategy.py):\nError: Failed on navigating ACS-GOTO:\nPage.goto: Timeout 10000ms exceeded.\nCall log:\n  - navigating to "https://www.immerse.education/blog/day-croquet-fine-dining/", waiting until "domcontentloaded"\n\n\nCode context:\n1200   \n1201                       response = await page.goto(\n1202                           url, wait_until=config.wait_until, timeout=config.page_timeout\n1203                       )\n1204                   except Error as e:\n1205 →                     raise RuntimeError(f"Failed on navigating ACS-GOTO:\\n{str(e)}")\n1206   \n1207                   await self.execute_hook("after_goto", page, context=context, url=url, response=response)\n1208   \n1209                   if response is None:\n1210                       status_code = 200' session_id=None response_headers=None status_code=None ssl_certificate=None


Failed to crawl: https://www.immerse.education/blog/aformalfarewell/
Result: url='https://www.immerse.education/blog/aformalfarewell/' html='' success=False cleaned_html=None media={} links={} downloaded_files=None screenshot=None pdf=None markdown=None markdown_v2=None fit_markdown=None fit_html=None extracted_content=None metadata=None error_message='Unexpected error in _crawl_web at line 1205 in _crawl_web (../../.pyenv/versions/3.12.6/lib/python3.12/site-packages/crawl4ai/async_crawler_strategy.py):\nError: Failed on navigating ACS-GOTO:\nPage.goto: Timeout 10000ms exceeded.\nCall log:\n  - navigating to "https://www.immerse.education/blog/aformalfarewell/", waiting until "domcontentloaded"\n\n\nCode context:\n1200   \n1201                       response = await page.goto(\n1202                           url, wait_until=config.wait_until, timeout=config.page_timeout\n1203                       )\n1204                   except Error as e:\n1205 →                     raise RuntimeError(f"Failed on navigating ACS-GOTO:\\n{str(e)}")\n1206   \n1207                   await self.execute_hook("after_goto", page, context=context, url=url, response=response)\n1208   \n1209                   if response is None:\n1210                       status_code = 200' session_id=None response_headers=None status_code=None ssl_certificate=None


Failed to crawl: https://www.immerse.education/blog/stormy-monday/
Result: url='https://www.immerse.education/blog/stormy-monday/' html='' success=False cleaned_html=None media={} links={} downloaded_files=None screenshot=None pdf=None markdown=None markdown_v2=None fit_markdown=None fit_html=None extracted_content=None metadata=None error_message='Unexpected error in _crawl_web at line 1205 in _crawl_web (../../.pyenv/versions/3.12.6/lib/python3.12/site-packages/crawl4ai/async_crawler_strategy.py):\nError: Failed on navigating ACS-GOTO:\nPage.goto: Timeout 10000ms exceeded.\nCall log:\n  - navigating to "https://www.immerse.education/blog/stormy-monday/", waiting until "domcontentloaded"\n\n\nCode context:\n1200   \n1201                       response = await page.goto(\n1202                           url, wait_until=config.wait_until, timeout=config.page_timeout\n1203                       )\n1204                   except Error as e:\n1205 →                     raise RuntimeError(f"Failed on navigating ACS-GOTO:\\n{str(e)}")\n1206   \n1207                   await self.execute_hook("after_goto", page, context=context, url=url, response=response)\n1208   \n1209                   if response is None:\n1210                       status_code = 200' session_id=None response_headers=None status_code=None ssl_certificate=None


Failed to crawl: https://www.immerse.education/blog/what-is-immerse-my-experience-academic-insights-sydney/
Result: url='https://www.immerse.education/blog/what-is-immerse-my-experience-academic-insights-sydney/' html='' success=False cleaned_html=None media={} links={} downloaded_files=None screenshot=None pdf=None markdown=None markdown_v2=None fit_markdown=None fit_html=None extracted_content=None metadata=None error_message='Unexpected error in _crawl_web at line 1205 in _crawl_web (../../.pyenv/versions/3.12.6/lib/python3.12/site-packages/crawl4ai/async_crawler_strategy.py):\nError: Failed on navigating ACS-GOTO:\nPage.goto: Timeout 10000ms exceeded.\nCall log:\n  - navigating to "https://www.immerse.education/blog/what-is-immerse-my-experience-academic-insights-sydney/", waiting until "domcontentloaded"\n\n\nCode context:\n1200   \n1201                       response = await page.goto(\n1202                           url, wait_until=config.wait_until, timeout=config.page_timeout\n1203                       )\n1204                   except Error as e:\n1205 →                     raise RuntimeError(f"Failed on navigating ACS-GOTO:\\n{str(e)}")\n1206   \n1207                   await self.execute_hook("after_goto", page, context=context, url=url, response=response)\n1208   \n1209                   if response is None:\n1210                       status_code = 200' session_id=None response_headers=None status_code=None ssl_certificate=None


Failed to crawl: https://www.immerse.education/blog/trip-capital-london-come/
Result: url='https://www.immerse.education/blog/trip-capital-london-come/' html='' success=False cleaned_html=None media={} links={} downloaded_files=None screenshot=None pdf=None markdown=None markdown_v2=None fit_markdown=None fit_html=None extracted_content=None metadata=None error_message='Unexpected error in _crawl_web at line 1205 in _crawl_web (../../.pyenv/versions/3.12.6/lib/python3.12/site-packages/crawl4ai/async_crawler_strategy.py):\nError: Failed on navigating ACS-GOTO:\nPage.goto: Timeout 10000ms exceeded.\nCall log:\n  - navigating to "https://www.immerse.education/blog/trip-capital-london-come/", waiting until "domcontentloaded"\n\n\nCode context:\n1200   \n1201                       response = await page.goto(\n1202                           url, wait_until=config.wait_until, timeout=config.page_timeout\n1203                       )\n1204                   except Error as e:\n1205 →                     raise RuntimeError(f"Failed on navigating ACS-GOTO:\\n{str(e)}")\n1206   \n1207                   await self.execute_hook("after_goto", page, context=context, url=url, response=response)\n1208   \n1209                   if response is None:\n1210                       status_code = 200' session_id=None response_headers=None status_code=None ssl_certificate=None


Failed to crawl: https://www.immerse.education/blog/a-trip-to-the-capital-to-round-off-week-1-of-session-2/
Result: url='https://www.immerse.education/blog/a-trip-to-the-capital-to-round-off-week-1-of-session-2/' html='' success=False cleaned_html=None media={} links={} downloaded_files=None screenshot=None pdf=None markdown=None markdown_v2=None fit_markdown=None fit_html=None extracted_content=None metadata=None error_message='Unexpected error in _crawl_web at line 1205 in _crawl_web (../../.pyenv/versions/3.12.6/lib/python3.12/site-packages/crawl4ai/async_crawler_strategy.py):\nError: Failed on navigating ACS-GOTO:\nPage.goto: Timeout 10000ms exceeded.\nCall log:\n  - navigating to "https://www.immerse.education/blog/a-trip-to-the-capital-to-round-off-week-1-of-session-2/", waiting until "domcontentloaded"\n\n\nCode context:\n1200   \n1201                       response = await page.goto(\n1202                           url, wait_until=config.wait_until, timeout=config.page_timeout\n1203                       )\n1204                   except Error as e:\n1205 →                     raise RuntimeError(f"Failed on navigating ACS-GOTO:\\n{str(e)}")\n1206   \n1207                   await self.execute_hook("after_goto", page, context=context, url=url, response=response)\n1208   \n1209                   if response is None:\n1210                       status_code = 200' session_id=None response_headers=None status_code=None ssl_certificate=None


Failed to crawl: https://www.immerse.education/blog/a-uniquely-brilliant-experience-at-oxford/
Result: url='https://www.immerse.education/blog/a-uniquely-brilliant-experience-at-oxford/' html='' success=False cleaned_html=None media={} links={} downloaded_files=None screenshot=None pdf=None markdown=None markdown_v2=None fit_markdown=None fit_html=None extracted_content=None metadata=None error_message='Unexpected error in _crawl_web at line 1205 in _crawl_web (../../.pyenv/versions/3.12.6/lib/python3.12/site-packages/crawl4ai/async_crawler_strategy.py):\nError: Failed on navigating ACS-GOTO:\nPage.goto: Timeout 10000ms exceeded.\nCall log:\n  - navigating to "https://www.immerse.education/blog/a-uniquely-brilliant-experience-at-oxford/", waiting until "domcontentloaded"\n\n\nCode context:\n1200   \n1201                       response = await page.goto(\n1202                           url, wait_until=config.wait_until, timeout=config.page_timeout\n1203                       )\n1204                   except Error as e:\n1205 →                     raise RuntimeError(f"Failed on navigating ACS-GOTO:\\n{str(e)}")\n1206   \n1207                   await self.execute_hook("after_goto", page, context=context, url=url, response=response)\n1208   \n1209                   if response is None:\n1210                       status_code = 200' session_id=None response_headers=None status_code=None ssl_certificate=None


Failed to crawl: https://www.immerse.education/blog/visit-london/
Result: url='https://www.immerse.education/blog/visit-london/' html='' success=False cleaned_html=None media={} links={} downloaded_files=None screenshot=None pdf=None markdown=None markdown_v2=None fit_markdown=None fit_html=None extracted_content=None metadata=None error_message='Unexpected error in _crawl_web at line 1205 in _crawl_web (../../.pyenv/versions/3.12.6/lib/python3.12/site-packages/crawl4ai/async_crawler_strategy.py):\nError: Failed on navigating ACS-GOTO:\nPage.goto: Timeout 10000ms exceeded.\nCall log:\n  - navigating to "https://www.immerse.education/blog/visit-london/", waiting until "domcontentloaded"\n\n\nCode context:\n1200   \n1201                       response = await page.goto(\n1202                           url, wait_until=config.wait_until, timeout=config.page_timeout\n1203                       )\n1204                   except Error as e:\n1205 →                     raise RuntimeError(f"Failed on navigating ACS-GOTO:\\n{str(e)}")\n1206   \n1207                   await self.execute_hook("after_goto", page, context=context, url=url, response=response)\n1208   \n1209                   if response is None:\n1210                       status_code = 200' session_id=None response_headers=None status_code=None ssl_certificate=None


Failed to crawl: https://www.immerse.education/blog/business-management-alumni-interview/
Result: url='https://www.immerse.education/blog/business-management-alumni-interview/' html='' success=False cleaned_html=None media={} links={} downloaded_files=None screenshot=None pdf=None markdown=None markdown_v2=None fit_markdown=None fit_html=None extracted_content=None metadata=None error_message='Unexpected error in _crawl_web at line 1205 in _crawl_web (../../.pyenv/versions/3.12.6/lib/python3.12/site-packages/crawl4ai/async_crawler_strategy.py):\nError: Failed on navigating ACS-GOTO:\nPage.goto: Timeout 10000ms exceeded.\nCall log:\n  - navigating to "https://www.immerse.education/blog/business-management-alumni-interview/", waiting until "domcontentloaded"\n\n\nCode context:\n1200   \n1201                       response = await page.goto(\n1202                           url, wait_until=config.wait_until, timeout=config.page_timeout\n1203                       )\n1204                   except Error as e:\n1205 →                     raise RuntimeError(f"Failed on navigating ACS-GOTO:\\n{str(e)}")\n1206   \n1207                   await self.execute_hook("after_goto", page, context=context, url=url, response=response)\n1208   \n1209                   if response is None:\n1210                       status_code = 200' session_id=None response_headers=None status_code=None ssl_certificate=None


Failed to crawl: https://www.immerse.education/blog/amble-grantchester-twelfth-night/
Result: url='https://www.immerse.education/blog/amble-grantchester-twelfth-night/' html='' success=False cleaned_html=None media={} links={} downloaded_files=None screenshot=None pdf=None markdown=None markdown_v2=None fit_markdown=None fit_html=None extracted_content=None metadata=None error_message='Unexpected error in _crawl_web at line 1205 in _crawl_web (../../.pyenv/versions/3.12.6/lib/python3.12/site-packages/crawl4ai/async_crawler_strategy.py):\nError: Failed on navigating ACS-GOTO:\nPage.goto: Timeout 10000ms exceeded.\nCall log:\n  - navigating to "https://www.immerse.education/blog/amble-grantchester-twelfth-night/", waiting until "domcontentloaded"\n\n\nCode context:\n1200   \n1201                       response = await page.goto(\n1202                           url, wait_until=config.wait_until, timeout=config.page_timeout\n1203                       )\n1204                   except Error as e:\n1205 →                     raise RuntimeError(f"Failed on navigating ACS-GOTO:\\n{str(e)}")\n1206   \n1207                   await self.execute_hook("after_goto", page, context=context, url=url, response=response)\n1208   \n1209                   if response is None:\n1210                       status_code = 200' session_id=None response_headers=None status_code=None ssl_certificate=None


Failed to crawl: https://www.immerse.education/blog/students-visit-kings-college-chapel/
Result: url='https://www.immerse.education/blog/students-visit-kings-college-chapel/' html='' success=False cleaned_html=None media={} links={} downloaded_files=None screenshot=None pdf=None markdown=None markdown_v2=None fit_markdown=None fit_html=None extracted_content=None metadata=None error_message='Unexpected error in _crawl_web at line 1205 in _crawl_web (../../.pyenv/versions/3.12.6/lib/python3.12/site-packages/crawl4ai/async_crawler_strategy.py):\nError: Failed on navigating ACS-GOTO:\nPage.goto: Timeout 10000ms exceeded.\nCall log:\n  - navigating to "https://www.immerse.education/blog/students-visit-kings-college-chapel/", waiting until "domcontentloaded"\n\n\nCode context:\n1200   \n1201                       response = await page.goto(\n1202                           url, wait_until=config.wait_until, timeout=config.page_timeout\n1203                       )\n1204                   except Error as e:\n1205 →                     raise RuntimeError(f"Failed on navigating ACS-GOTO:\\n{str(e)}")\n1206   \n1207                   await self.execute_hook("after_goto", page, context=context, url=url, response=response)\n1208   \n1209                   if response is None:\n1210                       status_code = 200' session_id=None response_headers=None status_code=None ssl_certificate=None


Failed to crawl: https://www.immerse.education/blog/unwinding-walk-grantchester/
Result: url='https://www.immerse.education/blog/unwinding-walk-grantchester/' html='' success=False cleaned_html=None media={} links={} downloaded_files=None screenshot=None pdf=None markdown=None markdown_v2=None fit_markdown=None fit_html=None extracted_content=None metadata=None error_message='Unexpected error in _crawl_web at line 1205 in _crawl_web (../../.pyenv/versions/3.12.6/lib/python3.12/site-packages/crawl4ai/async_crawler_strategy.py):\nError: Failed on navigating ACS-GOTO:\nPage.goto: Timeout 10000ms exceeded.\nCall log:\n  - navigating to "https://www.immerse.education/blog/unwinding-walk-grantchester/", waiting until "domcontentloaded"\n\n\nCode context:\n1200   \n1201                       response = await page.goto(\n1202                           url, wait_until=config.wait_until, timeout=config.page_timeout\n1203                       )\n1204                   except Error as e:\n1205 →                     raise RuntimeError(f"Failed on navigating ACS-GOTO:\\n{str(e)}")\n1206   \n1207                   await self.execute_hook("after_goto", page, context=context, url=url, response=response)\n1208   \n1209                   if response is None:\n1210                       status_code = 200' session_id=None response_headers=None status_code=None ssl_certificate=None


Failed to crawl: https://www.immerse.education/blog/arrival-day-euro-final-jesus-college-session-2/
Result: url='https://www.immerse.education/blog/arrival-day-euro-final-jesus-college-session-2/' html='' success=False cleaned_html=None media={} links={} downloaded_files=None screenshot=None pdf=None markdown=None markdown_v2=None fit_markdown=None fit_html=None extracted_content=None metadata=None error_message='Unexpected error in _crawl_web at line 1205 in _crawl_web (../../.pyenv/versions/3.12.6/lib/python3.12/site-packages/crawl4ai/async_crawler_strategy.py):\nError: Failed on navigating ACS-GOTO:\nPage.goto: Timeout 10000ms exceeded.\nCall log:\n  - navigating to "https://www.immerse.education/blog/arrival-day-euro-final-jesus-college-session-2/", waiting until "domcontentloaded"\n\n\nCode context:\n1200   \n1201                       response = await page.goto(\n1202                           url, wait_until=config.wait_until, timeout=config.page_timeout\n1203                       )\n1204                   except Error as e:\n1205 →                     raise RuntimeError(f"Failed on navigating ACS-GOTO:\\n{str(e)}")\n1206   \n1207                   await self.execute_hook("after_goto", page, context=context, url=url, response=response)\n1208   \n1209                   if response is None:\n1210                       status_code = 200' session_id=None response_headers=None status_code=None ssl_certificate=None


Failed to crawl: https://www.immerse.education/blog/beyonce-botanic-gardens-fun/
Result: url='https://www.immerse.education/blog/beyonce-botanic-gardens-fun/' html='' success=False cleaned_html=None media={} links={} downloaded_files=None screenshot=None pdf=None markdown=None markdown_v2=None fit_markdown=None fit_html=None extracted_content=None metadata=None error_message='Unexpected error in _crawl_web at line 1205 in _crawl_web (../../.pyenv/versions/3.12.6/lib/python3.12/site-packages/crawl4ai/async_crawler_strategy.py):\nError: Failed on navigating ACS-GOTO:\nPage.goto: Timeout 10000ms exceeded.\nCall log:\n  - navigating to "https://www.immerse.education/blog/beyonce-botanic-gardens-fun/", waiting until "domcontentloaded"\n\n\nCode context:\n1200   \n1201                       response = await page.goto(\n1202                           url, wait_until=config.wait_until, timeout=config.page_timeout\n1203                       )\n1204                   except Error as e:\n1205 →                     raise RuntimeError(f"Failed on navigating ACS-GOTO:\\n{str(e)}")\n1206   \n1207                   await self.execute_hook("after_goto", page, context=context, url=url, response=response)\n1208   \n1209                   if response is None:\n1210                       status_code = 200' session_id=None response_headers=None status_code=None ssl_certificate=None


Failed to crawl: https://www.immerse.education/blog/cambridge-goes-to-oxford/
Result: url='https://www.immerse.education/blog/cambridge-goes-to-oxford/' html='' success=False cleaned_html=None media={} links={} downloaded_files=None screenshot=None pdf=None markdown=None markdown_v2=None fit_markdown=None fit_html=None extracted_content=None metadata=None error_message='Unexpected error in _crawl_web at line 1205 in _crawl_web (../../.pyenv/versions/3.12.6/lib/python3.12/site-packages/crawl4ai/async_crawler_strategy.py):\nError: Failed on navigating ACS-GOTO:\nPage.goto: Timeout 10000ms exceeded.\nCall log:\n  - navigating to "https://www.immerse.education/blog/cambridge-goes-to-oxford/", waiting until "domcontentloaded"\n\n\nCode context:\n1200   \n1201                       response = await page.goto(\n1202                           url, wait_until=config.wait_until, timeout=config.page_timeout\n1203                       )\n1204                   except Error as e:\n1205 →                     raise RuntimeError(f"Failed on navigating ACS-GOTO:\\n{str(e)}")\n1206   \n1207                   await self.execute_hook("after_goto", page, context=context, url=url, response=response)\n1208   \n1209                   if response is None:\n1210                       status_code = 200' session_id=None response_headers=None status_code=None ssl_certificate=None


Failed to crawl: https://www.immerse.education/blog/cambridge-summer-course-for-high-school-students-what-its-really-like/
Result: url='https://www.immerse.education/blog/cambridge-summer-course-for-high-school-students-what-its-really-like/' html='' success=False cleaned_html=None media={} links={} downloaded_files=None screenshot=None pdf=None markdown=None markdown_v2=None fit_markdown=None fit_html=None extracted_content=None metadata=None error_message='Unexpected error in _crawl_web at line 1205 in _crawl_web (../../.pyenv/versions/3.12.6/lib/python3.12/site-packages/crawl4ai/async_crawler_strategy.py):\nError: Failed on navigating ACS-GOTO:\nPage.goto: Timeout 10000ms exceeded.\nCall log:\n  - navigating to "https://www.immerse.education/blog/cambridge-summer-course-for-high-school-students-what-its-really-like/", waiting until "domcontentloaded"\n\n\nCode context:\n1200   \n1201                       response = await page.goto(\n1202                           url, wait_until=config.wait_until, timeout=config.page_timeout\n1203                       )\n1204                   except Error as e:\n1205 →                     raise RuntimeError(f"Failed on navigating ACS-GOTO:\\n{str(e)}")\n1206   \n1207                   await self.execute_hook("after_goto", page, context=context, url=url, response=response)\n1208   \n1209                   if response is None:\n1210                       status_code = 200' session_id=None response_headers=None status_code=None ssl_certificate=None


Failed to crawl: https://www.immerse.education/blog/cambridge-summer-course-review-2022/
Result: url='https://www.immerse.education/blog/cambridge-summer-course-review-2022/' html='' success=False cleaned_html=None media={} links={} downloaded_files=None screenshot=None pdf=None markdown=None markdown_v2=None fit_markdown=None fit_html=None extracted_content=None metadata=None error_message='Unexpected error in _crawl_web at line 1205 in _crawl_web (../../.pyenv/versions/3.12.6/lib/python3.12/site-packages/crawl4ai/async_crawler_strategy.py):\nError: Failed on navigating ACS-GOTO:\nPage.goto: Timeout 10000ms exceeded.\nCall log:\n  - navigating to "https://www.immerse.education/blog/cambridge-summer-course-review-2022/", waiting until "domcontentloaded"\n\n\nCode context:\n1200   \n1201                       response = await page.goto(\n1202                           url, wait_until=config.wait_until, timeout=config.page_timeout\n1203                       )\n1204                   except Error as e:\n1205 →                     raise RuntimeError(f"Failed on navigating ACS-GOTO:\\n{str(e)}")\n1206   \n1207                   await self.execute_hook("after_goto", page, context=context, url=url, response=response)\n1208   \n1209                   if response is None:\n1210                       status_code = 200' session_id=None response_headers=None status_code=None ssl_certificate=None


Failed to crawl: https://www.immerse.education/blog/exploring-cambridge/
Result: url='https://www.immerse.education/blog/exploring-cambridge/' html='' success=False cleaned_html=None media={} links={} downloaded_files=None screenshot=None pdf=None markdown=None markdown_v2=None fit_markdown=None fit_html=None extracted_content=None metadata=None error_message='Unexpected error in _crawl_web at line 1205 in _crawl_web (../../.pyenv/versions/3.12.6/lib/python3.12/site-packages/crawl4ai/async_crawler_strategy.py):\nError: Failed on navigating ACS-GOTO:\nPage.goto: Timeout 10000ms exceeded.\nCall log:\n  - navigating to "https://www.immerse.education/blog/exploring-cambridge/", waiting until "domcontentloaded"\n\n\nCode context:\n1200   \n1201                       response = await page.goto(\n1202                           url, wait_until=config.wait_until, timeout=config.page_timeout\n1203                       )\n1204                   except Error as e:\n1205 →                     raise RuntimeError(f"Failed on navigating ACS-GOTO:\\n{str(e)}")\n1206   \n1207                   await self.execute_hook("after_goto", page, context=context, url=url, response=response)\n1208   \n1209                   if response is None:\n1210                       status_code = 200' session_id=None response_headers=None status_code=None ssl_certificate=None


Failed to crawl: https://www.immerse.education/blog/full-steam-ahead-into-the-weekend-with-a-trip-to-oxford/
Result: url='https://www.immerse.education/blog/full-steam-ahead-into-the-weekend-with-a-trip-to-oxford/' html='' success=False cleaned_html=None media={} links={} downloaded_files=None screenshot=None pdf=None markdown=None markdown_v2=None fit_markdown=None fit_html=None extracted_content=None metadata=None error_message='Unexpected error in _crawl_web at line 1205 in _crawl_web (../../.pyenv/versions/3.12.6/lib/python3.12/site-packages/crawl4ai/async_crawler_strategy.py):\nError: Failed on navigating ACS-GOTO:\nPage.goto: Timeout 10000ms exceeded.\nCall log:\n  - navigating to "https://www.immerse.education/blog/full-steam-ahead-into-the-weekend-with-a-trip-to-oxford/", waiting until "domcontentloaded"\n\n\nCode context:\n1200   \n1201                       response = await page.goto(\n1202                           url, wait_until=config.wait_until, timeout=config.page_timeout\n1203                       )\n1204                   except Error as e:\n1205 →                     raise RuntimeError(f"Failed on navigating ACS-GOTO:\\n{str(e)}")\n1206   \n1207                   await self.execute_hook("after_goto", page, context=context, url=url, response=response)\n1208   \n1209                   if response is None:\n1210                       status_code = 200' session_id=None response_headers=None status_code=None ssl_certificate=None


Failed to crawl: https://www.immerse.education/blog/getcha-head-in-the-game/
Result: url='https://www.immerse.education/blog/getcha-head-in-the-game/' html='' success=False cleaned_html=None media={} links={} downloaded_files=None screenshot=None pdf=None markdown=None markdown_v2=None fit_markdown=None fit_html=None extracted_content=None metadata=None error_message='Unexpected error in _crawl_web at line 1205 in _crawl_web (../../.pyenv/versions/3.12.6/lib/python3.12/site-packages/crawl4ai/async_crawler_strategy.py):\nError: Failed on navigating ACS-GOTO:\nPage.goto: Timeout 10000ms exceeded.\nCall log:\n  - navigating to "https://www.immerse.education/blog/getcha-head-in-the-game/", waiting until "domcontentloaded"\n\n\nCode context:\n1200   \n1201                       response = await page.goto(\n1202                           url, wait_until=config.wait_until, timeout=config.page_timeout\n1203                       )\n1204                   except Error as e:\n1205 →                     raise RuntimeError(f"Failed on navigating ACS-GOTO:\\n{str(e)}")\n1206   \n1207                   await self.execute_hook("after_goto", page, context=context, url=url, response=response)\n1208   \n1209                   if response is None:\n1210                       status_code = 200' session_id=None response_headers=None status_code=None ssl_certificate=None


Failed to crawl: https://www.immerse.education/blog/graduation-bop/
Result: url='https://www.immerse.education/blog/graduation-bop/' html='' success=False cleaned_html=None media={} links={} downloaded_files=None screenshot=None pdf=None markdown=None markdown_v2=None fit_markdown=None fit_html=None extracted_content=None metadata=None error_message='Unexpected error in _crawl_web at line 1205 in _crawl_web (../../.pyenv/versions/3.12.6/lib/python3.12/site-packages/crawl4ai/async_crawler_strategy.py):\nError: Failed on navigating ACS-GOTO:\nPage.goto: Timeout 10000ms exceeded.\nCall log:\n  - navigating to "https://www.immerse.education/blog/graduation-bop/", waiting until "domcontentloaded"\n\n\nCode context:\n1200   \n1201                       response = await page.goto(\n1202                           url, wait_until=config.wait_until, timeout=config.page_timeout\n1203                       )\n1204                   except Error as e:\n1205 →                     raise RuntimeError(f"Failed on navigating ACS-GOTO:\\n{str(e)}")\n1206   \n1207                   await self.execute_hook("after_goto", page, context=context, url=url, response=response)\n1208   \n1209                   if response is None:\n1210                       status_code = 200' session_id=None response_headers=None status_code=None ssl_certificate=None


Failed to crawl: https://www.immerse.education/blog/graduations-valedictions-and-celebrations/
Result: url='https://www.immerse.education/blog/graduations-valedictions-and-celebrations/' html='' success=False cleaned_html=None media={} links={} downloaded_files=None screenshot=None pdf=None markdown=None markdown_v2=None fit_markdown=None fit_html=None extracted_content=None metadata=None error_message='Unexpected error in _crawl_web at line 1205 in _crawl_web (../../.pyenv/versions/3.12.6/lib/python3.12/site-packages/crawl4ai/async_crawler_strategy.py):\nError: Failed on navigating ACS-GOTO:\nPage.goto: Timeout 10000ms exceeded.\nCall log:\n  - navigating to "https://www.immerse.education/blog/graduations-valedictions-and-celebrations/", waiting until "domcontentloaded"\n\n\nCode context:\n1200   \n1201                       response = await page.goto(\n1202                           url, wait_until=config.wait_until, timeout=config.page_timeout\n1203                       )\n1204                   except Error as e:\n1205 →                     raise RuntimeError(f"Failed on navigating ACS-GOTO:\\n{str(e)}")\n1206   \n1207                   await self.execute_hook("after_goto", page, context=context, url=url, response=response)\n1208   \n1209                   if response is None:\n1210                       status_code = 200' session_id=None response_headers=None status_code=None ssl_certificate=None


Failed to crawl: https://www.immerse.education/blog/greetings-from-christs-college-cambridge/
Result: url='https://www.immerse.education/blog/greetings-from-christs-college-cambridge/' html='' success=False cleaned_html=None media={} links={} downloaded_files=None screenshot=None pdf=None markdown=None markdown_v2=None fit_markdown=None fit_html=None extracted_content=None metadata=None error_message='Unexpected error in _crawl_web at line 1205 in _crawl_web (../../.pyenv/versions/3.12.6/lib/python3.12/site-packages/crawl4ai/async_crawler_strategy.py):\nError: Failed on navigating ACS-GOTO:\nPage.goto: Timeout 10000ms exceeded.\nCall log:\n  - navigating to "https://www.immerse.education/blog/greetings-from-christs-college-cambridge/", waiting until "domcontentloaded"\n\n\nCode context:\n1200   \n1201                       response = await page.goto(\n1202                           url, wait_until=config.wait_until, timeout=config.page_timeout\n1203                       )\n1204                   except Error as e:\n1205 →                     raise RuntimeError(f"Failed on navigating ACS-GOTO:\\n{str(e)}")\n1206   \n1207                   await self.execute_hook("after_goto", page, context=context, url=url, response=response)\n1208   \n1209                   if response is None:\n1210                       status_code = 200' session_id=None response_headers=None status_code=None ssl_certificate=None


Failed to crawl: https://www.immerse.education/blog/hold-back-the-river/
Result: url='https://www.immerse.education/blog/hold-back-the-river/' html='' success=False cleaned_html=None media={} links={} downloaded_files=None screenshot=None pdf=None markdown=None markdown_v2=None fit_markdown=None fit_html=None extracted_content=None metadata=None error_message='Unexpected error in _crawl_web at line 1205 in _crawl_web (../../.pyenv/versions/3.12.6/lib/python3.12/site-packages/crawl4ai/async_crawler_strategy.py):\nError: Failed on navigating ACS-GOTO:\nPage.goto: Timeout 10000ms exceeded.\nCall log:\n  - navigating to "https://www.immerse.education/blog/hold-back-the-river/", waiting until "domcontentloaded"\n\n\nCode context:\n1200   \n1201                       response = await page.goto(\n1202                           url, wait_until=config.wait_until, timeout=config.page_timeout\n1203                       )\n1204                   except Error as e:\n1205 →                     raise RuntimeError(f"Failed on navigating ACS-GOTO:\\n{str(e)}")\n1206   \n1207                   await self.execute_hook("after_goto", page, context=context, url=url, response=response)\n1208   \n1209                   if response is None:\n1210                       status_code = 200' session_id=None response_headers=None status_code=None ssl_certificate=None


Failed to crawl: https://www.immerse.education/blog/how-to-make-a-few-days-worth-a-week-by-anna-psychology/
Result: url='https://www.immerse.education/blog/how-to-make-a-few-days-worth-a-week-by-anna-psychology/' html='' success=False cleaned_html=None media={} links={} downloaded_files=None screenshot=None pdf=None markdown=None markdown_v2=None fit_markdown=None fit_html=None extracted_content=None metadata=None error_message='Unexpected error in _crawl_web at line 1205 in _crawl_web (../../.pyenv/versions/3.12.6/lib/python3.12/site-packages/crawl4ai/async_crawler_strategy.py):\nError: Failed on navigating ACS-GOTO:\nPage.goto: Timeout 10000ms exceeded.\nCall log:\n  - navigating to "https://www.immerse.education/blog/how-to-make-a-few-days-worth-a-week-by-anna-psychology/", waiting until "domcontentloaded"\n\n\nCode context:\n1200   \n1201                       response = await page.goto(\n1202                           url, wait_until=config.wait_until, timeout=config.page_timeout\n1203                       )\n1204                   except Error as e:\n1205 →                     raise RuntimeError(f"Failed on navigating ACS-GOTO:\\n{str(e)}")\n1206   \n1207                   await self.execute_hook("after_goto", page, context=context, url=url, response=response)\n1208   \n1209                   if response is None:\n1210                       status_code = 200' session_id=None response_headers=None status_code=None ssl_certificate=None


Failed to crawl: https://www.immerse.education/blog/immerse-day-one-day-fun/
Result: url='https://www.immerse.education/blog/immerse-day-one-day-fun/' html='' success=False cleaned_html=None media={} links={} downloaded_files=None screenshot=None pdf=None markdown=None markdown_v2=None fit_markdown=None fit_html=None extracted_content=None metadata=None error_message='Unexpected error in _crawl_web at line 1205 in _crawl_web (../../.pyenv/versions/3.12.6/lib/python3.12/site-packages/crawl4ai/async_crawler_strategy.py):\nError: Failed on navigating ACS-GOTO:\nPage.goto: Timeout 10000ms exceeded.\nCall log:\n  - navigating to "https://www.immerse.education/blog/immerse-day-one-day-fun/", waiting until "domcontentloaded"\n\n\nCode context:\n1200   \n1201                       response = await page.goto(\n1202                           url, wait_until=config.wait_until, timeout=config.page_timeout\n1203                       )\n1204                   except Error as e:\n1205 →                     raise RuntimeError(f"Failed on navigating ACS-GOTO:\\n{str(e)}")\n1206   \n1207                   await self.execute_hook("after_goto", page, context=context, url=url, response=response)\n1208   \n1209                   if response is None:\n1210                       status_code = 200' session_id=None response_headers=None status_code=None ssl_certificate=None


Failed to crawl: https://www.immerse.education/blog/scholarships-mucahid-2017/
Result: url='https://www.immerse.education/blog/scholarships-mucahid-2017/' html='' success=False cleaned_html=None media={} links={} downloaded_files=None screenshot=None pdf=None markdown=None markdown_v2=None fit_markdown=None fit_html=None extracted_content=None metadata=None error_message='Unexpected error in _crawl_web at line 1205 in _crawl_web (../../.pyenv/versions/3.12.6/lib/python3.12/site-packages/crawl4ai/async_crawler_strategy.py):\nError: Failed on navigating ACS-GOTO:\nPage.goto: Timeout 10000ms exceeded.\nCall log:\n  - navigating to "https://www.immerse.education/blog/scholarships-mucahid-2017/", waiting until "domcontentloaded"\n\n\nCode context:\n1200   \n1201                       response = await page.goto(\n1202                           url, wait_until=config.wait_until, timeout=config.page_timeout\n1203                       )\n1204                   except Error as e:\n1205 →                     raise RuntimeError(f"Failed on navigating ACS-GOTO:\\n{str(e)}")\n1206   \n1207                   await self.execute_hook("after_goto", page, context=context, url=url, response=response)\n1208   \n1209                   if response is None:\n1210                       status_code = 200' session_id=None response_headers=None status_code=None ssl_certificate=None


Failed to crawl: https://www.immerse.education/blog/immerse-education-summer-so-far/
Result: url='https://www.immerse.education/blog/immerse-education-summer-so-far/' html='' success=False cleaned_html=None media={} links={} downloaded_files=None screenshot=None pdf=None markdown=None markdown_v2=None fit_markdown=None fit_html=None extracted_content=None metadata=None error_message='Unexpected error in _crawl_web at line 1205 in _crawl_web (../../.pyenv/versions/3.12.6/lib/python3.12/site-packages/crawl4ai/async_crawler_strategy.py):\nError: Failed on navigating ACS-GOTO:\nPage.goto: Timeout 10000ms exceeded.\nCall log:\n  - navigating to "https://www.immerse.education/blog/immerse-education-summer-so-far/", waiting until "domcontentloaded"\n\n\nCode context:\n1200   \n1201                       response = await page.goto(\n1202                           url, wait_until=config.wait_until, timeout=config.page_timeout\n1203                       )\n1204                   except Error as e:\n1205 →                     raise RuntimeError(f"Failed on navigating ACS-GOTO:\\n{str(e)}")\n1206   \n1207                   await self.execute_hook("after_goto", page, context=context, url=url, response=response)\n1208   \n1209                   if response is None:\n1210                       status_code = 200' session_id=None response_headers=None status_code=None ssl_certificate=None


Failed to crawl: https://www.immerse.education/blog/back-in-mentor-families-after-weekend-excursions/
Result: url='https://www.immerse.education/blog/back-in-mentor-families-after-weekend-excursions/' html='' success=False cleaned_html=None media={} links={} downloaded_files=None screenshot=None pdf=None markdown=None markdown_v2=None fit_markdown=None fit_html=None extracted_content=None metadata=None error_message='Unexpected error in _crawl_web at line 1205 in _crawl_web (../../.pyenv/versions/3.12.6/lib/python3.12/site-packages/crawl4ai/async_crawler_strategy.py):\nError: Failed on navigating ACS-GOTO:\nPage.goto: Timeout 10000ms exceeded.\nCall log:\n  - navigating to "https://www.immerse.education/blog/back-in-mentor-families-after-weekend-excursions/", waiting until "domcontentloaded"\n\n\nCode context:\n1200   \n1201                       response = await page.goto(\n1202                           url, wait_until=config.wait_until, timeout=config.page_timeout\n1203                       )\n1204                   except Error as e:\n1205 →                     raise RuntimeError(f"Failed on navigating ACS-GOTO:\\n{str(e)}")\n1206   \n1207                   await self.execute_hook("after_goto", page, context=context, url=url, response=response)\n1208   \n1209                   if response is None:\n1210                       status_code = 200' session_id=None response_headers=None status_code=None ssl_certificate=None


Failed to crawl: https://www.immerse.education/blog/welcoming-new-students-at-the-start-of-session-2/
Result: url='https://www.immerse.education/blog/welcoming-new-students-at-the-start-of-session-2/' html='' success=False cleaned_html=None media={} links={} downloaded_files=None screenshot=None pdf=None markdown=None markdown_v2=None fit_markdown=None fit_html=None extracted_content=None metadata=None error_message='Unexpected error in _crawl_web at line 1205 in _crawl_web (../../.pyenv/versions/3.12.6/lib/python3.12/site-packages/crawl4ai/async_crawler_strategy.py):\nError: Failed on navigating ACS-GOTO:\nPage.goto: Timeout 10000ms exceeded.\nCall log:\n  - navigating to "https://www.immerse.education/blog/welcoming-new-students-at-the-start-of-session-2/", waiting until "domcontentloaded"\n\n\nCode context:\n1200   \n1201                       response = await page.goto(\n1202                           url, wait_until=config.wait_until, timeout=config.page_timeout\n1203                       )\n1204                   except Error as e:\n1205 →                     raise RuntimeError(f"Failed on navigating ACS-GOTO:\\n{str(e)}")\n1206   \n1207                   await self.execute_hook("after_goto", page, context=context, url=url, response=response)\n1208   \n1209                   if response is None:\n1210                       status_code = 200' session_id=None response_headers=None status_code=None ssl_certificate=None


Failed to crawl: https://www.immerse.education/blog/it-was-quiz-day-at-sidney-sussex-alvin-medicine/
Result: url='https://www.immerse.education/blog/it-was-quiz-day-at-sidney-sussex-alvin-medicine/' html='' success=False cleaned_html=None media={} links={} downloaded_files=None screenshot=None pdf=None markdown=None markdown_v2=None fit_markdown=None fit_html=None extracted_content=None metadata=None error_message='Unexpected error in _crawl_web at line 1205 in _crawl_web (../../.pyenv/versions/3.12.6/lib/python3.12/site-packages/crawl4ai/async_crawler_strategy.py):\nError: Failed on navigating ACS-GOTO:\nPage.goto: Timeout 10000ms exceeded.\nCall log:\n  - navigating to "https://www.immerse.education/blog/it-was-quiz-day-at-sidney-sussex-alvin-medicine/", waiting until "domcontentloaded"\n\n\nCode context:\n1200   \n1201                       response = await page.goto(\n1202                           url, wait_until=config.wait_until, timeout=config.page_timeout\n1203                       )\n1204                   except Error as e:\n1205 →                     raise RuntimeError(f"Failed on navigating ACS-GOTO:\\n{str(e)}")\n1206   \n1207                   await self.execute_hook("after_goto", page, context=context, url=url, response=response)\n1208   \n1209                   if response is None:\n1210                       status_code = 200' session_id=None response_headers=None status_code=None ssl_certificate=None


Failed to crawl: https://www.immerse.education/blog/learning-about-the-circulatory-system-by-lucien-medicine/
Result: url='https://www.immerse.education/blog/learning-about-the-circulatory-system-by-lucien-medicine/' html='' success=False cleaned_html=None media={} links={} downloaded_files=None screenshot=None pdf=None markdown=None markdown_v2=None fit_markdown=None fit_html=None extracted_content=None metadata=None error_message='Unexpected error in _crawl_web at line 1205 in _crawl_web (../../.pyenv/versions/3.12.6/lib/python3.12/site-packages/crawl4ai/async_crawler_strategy.py):\nError: Failed on navigating ACS-GOTO:\nPage.goto: Timeout 10000ms exceeded.\nCall log:\n  - navigating to "https://www.immerse.education/blog/learning-about-the-circulatory-system-by-lucien-medicine/", waiting until "domcontentloaded"\n\n\nCode context:\n1200   \n1201                       response = await page.goto(\n1202                           url, wait_until=config.wait_until, timeout=config.page_timeout\n1203                       )\n1204                   except Error as e:\n1205 →                     raise RuntimeError(f"Failed on navigating ACS-GOTO:\\n{str(e)}")\n1206   \n1207                   await self.execute_hook("after_goto", page, context=context, url=url, response=response)\n1208   \n1209                   if response is None:\n1210                       status_code = 200' session_id=None response_headers=None status_code=None ssl_certificate=None


Failed to crawl: https://www.immerse.education/blog/learning-from-all-my-new-friends-by-darsey-architecture/
Result: url='https://www.immerse.education/blog/learning-from-all-my-new-friends-by-darsey-architecture/' html='' success=False cleaned_html=None media={} links={} downloaded_files=None screenshot=None pdf=None markdown=None markdown_v2=None fit_markdown=None fit_html=None extracted_content=None metadata=None error_message='Unexpected error in _crawl_web at line 1205 in _crawl_web (../../.pyenv/versions/3.12.6/lib/python3.12/site-packages/crawl4ai/async_crawler_strategy.py):\nError: Failed on navigating ACS-GOTO:\nPage.goto: Timeout 10000ms exceeded.\nCall log:\n  - navigating to "https://www.immerse.education/blog/learning-from-all-my-new-friends-by-darsey-architecture/", waiting until "domcontentloaded"\n\n\nCode context:\n1200   \n1201                       response = await page.goto(\n1202                           url, wait_until=config.wait_until, timeout=config.page_timeout\n1203                       )\n1204                   except Error as e:\n1205 →                     raise RuntimeError(f"Failed on navigating ACS-GOTO:\\n{str(e)}")\n1206   \n1207                   await self.execute_hook("after_goto", page, context=context, url=url, response=response)\n1208   \n1209                   if response is None:\n1210                       status_code = 200' session_id=None response_headers=None status_code=None ssl_certificate=None


Failed to crawl: https://www.immerse.education/blog/london-calling/
Result: url='https://www.immerse.education/blog/london-calling/' html='' success=False cleaned_html=None media={} links={} downloaded_files=None screenshot=None pdf=None markdown=None markdown_v2=None fit_markdown=None fit_html=None extracted_content=None metadata=None error_message='Unexpected error in _crawl_web at line 1205 in _crawl_web (../../.pyenv/versions/3.12.6/lib/python3.12/site-packages/crawl4ai/async_crawler_strategy.py):\nError: Failed on navigating ACS-GOTO:\nPage.goto: Timeout 10000ms exceeded.\nCall log:\n  - navigating to "https://www.immerse.education/blog/london-calling/", waiting until "domcontentloaded"\n\n\nCode context:\n1200   \n1201                       response = await page.goto(\n1202                           url, wait_until=config.wait_until, timeout=config.page_timeout\n1203                       )\n1204                   except Error as e:\n1205 →                     raise RuntimeError(f"Failed on navigating ACS-GOTO:\\n{str(e)}")\n1206   \n1207                   await self.execute_hook("after_goto", page, context=context, url=url, response=response)\n1208   \n1209                   if response is None:\n1210                       status_code = 200' session_id=None response_headers=None status_code=None ssl_certificate=None


Failed to crawl: https://www.immerse.education/blog/london-excursion/
Result: url='https://www.immerse.education/blog/london-excursion/' html='' success=False cleaned_html=None media={} links={} downloaded_files=None screenshot=None pdf=None markdown=None markdown_v2=None fit_markdown=None fit_html=None extracted_content=None metadata=None error_message='Unexpected error in _crawl_web at line 1205 in _crawl_web (../../.pyenv/versions/3.12.6/lib/python3.12/site-packages/crawl4ai/async_crawler_strategy.py):\nError: Failed on navigating ACS-GOTO:\nPage.goto: Timeout 10000ms exceeded.\nCall log:\n  - navigating to "https://www.immerse.education/blog/london-excursion/", waiting until "domcontentloaded"\n\n\nCode context:\n1200   \n1201                       response = await page.goto(\n1202                           url, wait_until=config.wait_until, timeout=config.page_timeout\n1203                       )\n1204                   except Error as e:\n1205 →                     raise RuntimeError(f"Failed on navigating ACS-GOTO:\\n{str(e)}")\n1206   \n1207                   await self.execute_hook("after_goto", page, context=context, url=url, response=response)\n1208   \n1209                   if response is None:\n1210                       status_code = 200' session_id=None response_headers=None status_code=None ssl_certificate=None


Failed to crawl: https://www.immerse.education/blog/london-excursion-by-vera-international-relations/
Result: url='https://www.immerse.education/blog/london-excursion-by-vera-international-relations/' html='' success=False cleaned_html=None media={} links={} downloaded_files=None screenshot=None pdf=None markdown=None markdown_v2=None fit_markdown=None fit_html=None extracted_content=None metadata=None error_message='Unexpected error in _crawl_web at line 1205 in _crawl_web (../../.pyenv/versions/3.12.6/lib/python3.12/site-packages/crawl4ai/async_crawler_strategy.py):\nError: Failed on navigating ACS-GOTO:\nPage.goto: Timeout 10000ms exceeded.\nCall log:\n  - navigating to "https://www.immerse.education/blog/london-excursion-by-vera-international-relations/", waiting until "domcontentloaded"\n\n\nCode context:\n1200   \n1201                       response = await page.goto(\n1202                           url, wait_until=config.wait_until, timeout=config.page_timeout\n1203                       )\n1204                   except Error as e:\n1205 →                     raise RuntimeError(f"Failed on navigating ACS-GOTO:\\n{str(e)}")\n1206   \n1207                   await self.execute_hook("after_goto", page, context=context, url=url, response=response)\n1208   \n1209                   if response is None:\n1210                       status_code = 200' session_id=None response_headers=None status_code=None ssl_certificate=None


Failed to crawl: https://www.immerse.education/blog/london-tours-with-sidney-sussex-cambridge-summer-school/
Result: url='https://www.immerse.education/blog/london-tours-with-sidney-sussex-cambridge-summer-school/' html='' success=False cleaned_html=None media={} links={} downloaded_files=None screenshot=None pdf=None markdown=None markdown_v2=None fit_markdown=None fit_html=None extracted_content=None metadata=None error_message='Unexpected error in _crawl_web at line 1205 in _crawl_web (../../.pyenv/versions/3.12.6/lib/python3.12/site-packages/crawl4ai/async_crawler_strategy.py):\nError: Failed on navigating ACS-GOTO:\nPage.goto: Timeout 10000ms exceeded.\nCall log:\n  - navigating to "https://www.immerse.education/blog/london-tours-with-sidney-sussex-cambridge-summer-school/", waiting until "domcontentloaded"\n\n\nCode context:\n1200   \n1201                       response = await page.goto(\n1202                           url, wait_until=config.wait_until, timeout=config.page_timeout\n1203                       )\n1204                   except Error as e:\n1205 →                     raise RuntimeError(f"Failed on navigating ACS-GOTO:\\n{str(e)}")\n1206   \n1207                   await self.execute_hook("after_goto", page, context=context, url=url, response=response)\n1208   \n1209                   if response is None:\n1210                       status_code = 200' session_id=None response_headers=None status_code=None ssl_certificate=None


Failed to crawl: https://www.immerse.education/blog/trip-to-london/
Result: url='https://www.immerse.education/blog/trip-to-london/' html='' success=False cleaned_html=None media={} links={} downloaded_files=None screenshot=None pdf=None markdown=None markdown_v2=None fit_markdown=None fit_html=None extracted_content=None metadata=None error_message='Unexpected error in _crawl_web at line 1205 in _crawl_web (../../.pyenv/versions/3.12.6/lib/python3.12/site-packages/crawl4ai/async_crawler_strategy.py):\nError: Failed on navigating ACS-GOTO:\nPage.goto: Timeout 10000ms exceeded.\nCall log:\n  - navigating to "https://www.immerse.education/blog/trip-to-london/", waiting until "domcontentloaded"\n\n\nCode context:\n1200   \n1201                       response = await page.goto(\n1202                           url, wait_until=config.wait_until, timeout=config.page_timeout\n1203                       )\n1204                   except Error as e:\n1205 →                     raise RuntimeError(f"Failed on navigating ACS-GOTO:\\n{str(e)}")\n1206   \n1207                   await self.execute_hook("after_goto", page, context=context, url=url, response=response)\n1208   \n1209                   if response is None:\n1210                       status_code = 200' session_id=None response_headers=None status_code=None ssl_certificate=None


Failed to crawl: https://www.immerse.education/blog/london-trip-by-sofia/
Result: url='https://www.immerse.education/blog/london-trip-by-sofia/' html='' success=False cleaned_html=None media={} links={} downloaded_files=None screenshot=None pdf=None markdown=None markdown_v2=None fit_markdown=None fit_html=None extracted_content=None metadata=None error_message='Unexpected error in _crawl_web at line 1205 in _crawl_web (../../.pyenv/versions/3.12.6/lib/python3.12/site-packages/crawl4ai/async_crawler_strategy.py):\nError: Failed on navigating ACS-GOTO:\nPage.goto: Timeout 10000ms exceeded.\nCall log:\n  - navigating to "https://www.immerse.education/blog/london-trip-by-sofia/", waiting until "domcontentloaded"\n\n\nCode context:\n1200   \n1201                       response = await page.goto(\n1202                           url, wait_until=config.wait_until, timeout=config.page_timeout\n1203                       )\n1204                   except Error as e:\n1205 →                     raise RuntimeError(f"Failed on navigating ACS-GOTO:\\n{str(e)}")\n1206   \n1207                   await self.execute_hook("after_goto", page, context=context, url=url, response=response)\n1208   \n1209                   if response is None:\n1210                       status_code = 200' session_id=None response_headers=None status_code=None ssl_certificate=None


Failed to crawl: https://www.immerse.education/blog/my-second-day-at-sidney-sussex-by-chidera-medicine/
Result: url='https://www.immerse.education/blog/my-second-day-at-sidney-sussex-by-chidera-medicine/' html='' success=False cleaned_html=None media={} links={} downloaded_files=None screenshot=None pdf=None markdown=None markdown_v2=None fit_markdown=None fit_html=None extracted_content=None metadata=None error_message='Unexpected error in _crawl_web at line 1205 in _crawl_web (../../.pyenv/versions/3.12.6/lib/python3.12/site-packages/crawl4ai/async_crawler_strategy.py):\nError: Failed on navigating ACS-GOTO:\nPage.goto: Timeout 10000ms exceeded.\nCall log:\n  - navigating to "https://www.immerse.education/blog/my-second-day-at-sidney-sussex-by-chidera-medicine/", waiting until "domcontentloaded"\n\n\nCode context:\n1200   \n1201                       response = await page.goto(\n1202                           url, wait_until=config.wait_until, timeout=config.page_timeout\n1203                       )\n1204                   except Error as e:\n1205 →                     raise RuntimeError(f"Failed on navigating ACS-GOTO:\\n{str(e)}")\n1206   \n1207                   await self.execute_hook("after_goto", page, context=context, url=url, response=response)\n1208   \n1209                   if response is None:\n1210                       status_code = 200' session_id=None response_headers=None status_code=None ssl_certificate=None


Failed to crawl: https://www.immerse.education/blog/nicolettas-cambridge-experience/
Result: url='https://www.immerse.education/blog/nicolettas-cambridge-experience/' html='' success=False cleaned_html=None media={} links={} downloaded_files=None screenshot=None pdf=None markdown=None markdown_v2=None fit_markdown=None fit_html=None extracted_content=None metadata=None error_message='Unexpected error in _crawl_web at line 1205 in _crawl_web (../../.pyenv/versions/3.12.6/lib/python3.12/site-packages/crawl4ai/async_crawler_strategy.py):\nError: Failed on navigating ACS-GOTO:\nPage.goto: Timeout 10000ms exceeded.\nCall log:\n  - navigating to "https://www.immerse.education/blog/nicolettas-cambridge-experience/", waiting until "domcontentloaded"\n\n\nCode context:\n1200   \n1201                       response = await page.goto(\n1202                           url, wait_until=config.wait_until, timeout=config.page_timeout\n1203                       )\n1204                   except Error as e:\n1205 →                     raise RuntimeError(f"Failed on navigating ACS-GOTO:\\n{str(e)}")\n1206   \n1207                   await self.execute_hook("after_goto", page, context=context, url=url, response=response)\n1208   \n1209                   if response is None:\n1210                       status_code = 200' session_id=None response_headers=None status_code=None ssl_certificate=None


Failed to crawl: https://www.immerse.education/blog/mid-week-mornings-and-midsummer-nights/
Result: url='https://www.immerse.education/blog/mid-week-mornings-and-midsummer-nights/' html='' success=False cleaned_html=None media={} links={} downloaded_files=None screenshot=None pdf=None markdown=None markdown_v2=None fit_markdown=None fit_html=None extracted_content=None metadata=None error_message='Unexpected error in _crawl_web at line 1205 in _crawl_web (../../.pyenv/versions/3.12.6/lib/python3.12/site-packages/crawl4ai/async_crawler_strategy.py):\nError: Failed on navigating ACS-GOTO:\nPage.goto: Timeout 10000ms exceeded.\nCall log:\n  - navigating to "https://www.immerse.education/blog/mid-week-mornings-and-midsummer-nights/", waiting until "domcontentloaded"\n\n\nCode context:\n1200   \n1201                       response = await page.goto(\n1202                           url, wait_until=config.wait_until, timeout=config.page_timeout\n1203                       )\n1204                   except Error as e:\n1205 →                     raise RuntimeError(f"Failed on navigating ACS-GOTO:\\n{str(e)}")\n1206   \n1207                   await self.execute_hook("after_goto", page, context=context, url=url, response=response)\n1208   \n1209                   if response is None:\n1210                       status_code = 200' session_id=None response_headers=None status_code=None ssl_certificate=None


Failed to crawl: https://www.immerse.education/blog/ollies-poem-cambridge/
Result: url='https://www.immerse.education/blog/ollies-poem-cambridge/' html='' success=False cleaned_html=None media={} links={} downloaded_files=None screenshot=None pdf=None markdown=None markdown_v2=None fit_markdown=None fit_html=None extracted_content=None metadata=None error_message='Unexpected error in _crawl_web at line 1205 in _crawl_web (../../.pyenv/versions/3.12.6/lib/python3.12/site-packages/crawl4ai/async_crawler_strategy.py):\nError: Failed on navigating ACS-GOTO:\nPage.goto: Timeout 10000ms exceeded.\nCall log:\n  - navigating to "https://www.immerse.education/blog/ollies-poem-cambridge/", waiting until "domcontentloaded"\n\n\nCode context:\n1200   \n1201                       response = await page.goto(\n1202                           url, wait_until=config.wait_until, timeout=config.page_timeout\n1203                       )\n1204                   except Error as e:\n1205 →                     raise RuntimeError(f"Failed on navigating ACS-GOTO:\\n{str(e)}")\n1206   \n1207                   await self.execute_hook("after_goto", page, context=context, url=url, response=response)\n1208   \n1209                   if response is None:\n1210                       status_code = 200' session_id=None response_headers=None status_code=None ssl_certificate=None


Failed to crawl: https://www.immerse.education/blog/fridays-culture/
Result: url='https://www.immerse.education/blog/fridays-culture/' html='' success=False cleaned_html=None media={} links={} downloaded_files=None screenshot=None pdf=None markdown=None markdown_v2=None fit_markdown=None fit_html=None extracted_content=None metadata=None error_message='Unexpected error in _crawl_web at line 1205 in _crawl_web (../../.pyenv/versions/3.12.6/lib/python3.12/site-packages/crawl4ai/async_crawler_strategy.py):\nError: Failed on navigating ACS-GOTO:\nPage.goto: Timeout 10000ms exceeded.\nCall log:\n  - navigating to "https://www.immerse.education/blog/fridays-culture/", waiting until "domcontentloaded"\n\n\nCode context:\n1200   \n1201                       response = await page.goto(\n1202                           url, wait_until=config.wait_until, timeout=config.page_timeout\n1203                       )\n1204                   except Error as e:\n1205 →                     raise RuntimeError(f"Failed on navigating ACS-GOTO:\\n{str(e)}")\n1206   \n1207                   await self.execute_hook("after_goto", page, context=context, url=url, response=response)\n1208   \n1209                   if response is None:\n1210                       status_code = 200' session_id=None response_headers=None status_code=None ssl_certificate=None


Failed to crawl: https://www.immerse.education/blog/books-birthdays-and-cambridge-backs/
Result: url='https://www.immerse.education/blog/books-birthdays-and-cambridge-backs/' html='' success=False cleaned_html=None media={} links={} downloaded_files=None screenshot=None pdf=None markdown=None markdown_v2=None fit_markdown=None fit_html=None extracted_content=None metadata=None error_message='Unexpected error in _crawl_web at line 1205 in _crawl_web (../../.pyenv/versions/3.12.6/lib/python3.12/site-packages/crawl4ai/async_crawler_strategy.py):\nError: Failed on navigating ACS-GOTO:\nPage.goto: Timeout 10000ms exceeded.\nCall log:\n  - navigating to "https://www.immerse.education/blog/books-birthdays-and-cambridge-backs/", waiting until "domcontentloaded"\n\n\nCode context:\n1200   \n1201                       response = await page.goto(\n1202                           url, wait_until=config.wait_until, timeout=config.page_timeout\n1203                       )\n1204                   except Error as e:\n1205 →                     raise RuntimeError(f"Failed on navigating ACS-GOTO:\\n{str(e)}")\n1206   \n1207                   await self.execute_hook("after_goto", page, context=context, url=url, response=response)\n1208   \n1209                   if response is None:\n1210                       status_code = 200' session_id=None response_headers=None status_code=None ssl_certificate=None


Failed to crawl: https://www.immerse.education/blog/wednesday-10th-of-july/
Result: url='https://www.immerse.education/blog/wednesday-10th-of-july/' html='' success=False cleaned_html=None media={} links={} downloaded_files=None screenshot=None pdf=None markdown=None markdown_v2=None fit_markdown=None fit_html=None extracted_content=None metadata=None error_message='Unexpected error in _crawl_web at line 1205 in _crawl_web (../../.pyenv/versions/3.12.6/lib/python3.12/site-packages/crawl4ai/async_crawler_strategy.py):\nError: Failed on navigating ACS-GOTO:\nPage.goto: Timeout 10000ms exceeded.\nCall log:\n  - navigating to "https://www.immerse.education/blog/wednesday-10th-of-july/", waiting until "domcontentloaded"\n\n\nCode context:\n1200   \n1201                       response = await page.goto(\n1202                           url, wait_until=config.wait_until, timeout=config.page_timeout\n1203                       )\n1204                   except Error as e:\n1205 →                     raise RuntimeError(f"Failed on navigating ACS-GOTO:\\n{str(e)}")\n1206   \n1207                   await self.execute_hook("after_goto", page, context=context, url=url, response=response)\n1208   \n1209                   if response is None:\n1210                       status_code = 200' session_id=None response_headers=None status_code=None ssl_certificate=None


Failed to crawl: https://www.immerse.education/blog/oxford-excursion-by-maria-medicine/
Result: url='https://www.immerse.education/blog/oxford-excursion-by-maria-medicine/' html='' success=False cleaned_html=None media={} links={} downloaded_files=None screenshot=None pdf=None markdown=None markdown_v2=None fit_markdown=None fit_html=None extracted_content=None metadata=None error_message='Unexpected error in _crawl_web at line 1205 in _crawl_web (../../.pyenv/versions/3.12.6/lib/python3.12/site-packages/crawl4ai/async_crawler_strategy.py):\nError: Failed on navigating ACS-GOTO:\nPage.goto: Timeout 10000ms exceeded.\nCall log:\n  - navigating to "https://www.immerse.education/blog/oxford-excursion-by-maria-medicine/", waiting until "domcontentloaded"\n\n\nCode context:\n1200   \n1201                       response = await page.goto(\n1202                           url, wait_until=config.wait_until, timeout=config.page_timeout\n1203                       )\n1204                   except Error as e:\n1205 →                     raise RuntimeError(f"Failed on navigating ACS-GOTO:\\n{str(e)}")\n1206   \n1207                   await self.execute_hook("after_goto", page, context=context, url=url, response=response)\n1208   \n1209                   if response is None:\n1210                       status_code = 200' session_id=None response_headers=None status_code=None ssl_certificate=None


Failed to crawl: https://www.immerse.education/blog/oxford-trip-by-malayeka/
Result: url='https://www.immerse.education/blog/oxford-trip-by-malayeka/' html='' success=False cleaned_html=None media={} links={} downloaded_files=None screenshot=None pdf=None markdown=None markdown_v2=None fit_markdown=None fit_html=None extracted_content=None metadata=None error_message='Unexpected error in _crawl_web at line 1205 in _crawl_web (../../.pyenv/versions/3.12.6/lib/python3.12/site-packages/crawl4ai/async_crawler_strategy.py):\nError: Failed on navigating ACS-GOTO:\nPage.goto: Timeout 10000ms exceeded.\nCall log:\n  - navigating to "https://www.immerse.education/blog/oxford-trip-by-malayeka/", waiting until "domcontentloaded"\n\n\nCode context:\n1200   \n1201                       response = await page.goto(\n1202                           url, wait_until=config.wait_until, timeout=config.page_timeout\n1203                       )\n1204                   except Error as e:\n1205 →                     raise RuntimeError(f"Failed on navigating ACS-GOTO:\\n{str(e)}")\n1206   \n1207                   await self.execute_hook("after_goto", page, context=context, url=url, response=response)\n1208   \n1209                   if response is None:\n1210                       status_code = 200' session_id=None response_headers=None status_code=None ssl_certificate=None


Failed to crawl: https://www.immerse.education/blog/participants-begin-their-first-day-of-tutorials/
Result: url='https://www.immerse.education/blog/participants-begin-their-first-day-of-tutorials/' html='' success=False cleaned_html=None media={} links={} downloaded_files=None screenshot=None pdf=None markdown=None markdown_v2=None fit_markdown=None fit_html=None extracted_content=None metadata=None error_message='Unexpected error in _crawl_web at line 1205 in _crawl_web (../../.pyenv/versions/3.12.6/lib/python3.12/site-packages/crawl4ai/async_crawler_strategy.py):\nError: Failed on navigating ACS-GOTO:\nPage.goto: Timeout 10000ms exceeded.\nCall log:\n  - navigating to "https://www.immerse.education/blog/participants-begin-their-first-day-of-tutorials/", waiting until "domcontentloaded"\n\n\nCode context:\n1200   \n1201                       response = await page.goto(\n1202                           url, wait_until=config.wait_until, timeout=config.page_timeout\n1203                       )\n1204                   except Error as e:\n1205 →                     raise RuntimeError(f"Failed on navigating ACS-GOTO:\\n{str(e)}")\n1206   \n1207                   await self.execute_hook("after_goto", page, context=context, url=url, response=response)\n1208   \n1209                   if response is None:\n1210                       status_code = 200' session_id=None response_headers=None status_code=None ssl_certificate=None


Failed to crawl: https://www.immerse.education/blog/pastaandpersistence/
Result: url='https://www.immerse.education/blog/pastaandpersistence/' html='' success=False cleaned_html=None media={} links={} downloaded_files=None screenshot=None pdf=None markdown=None markdown_v2=None fit_markdown=None fit_html=None extracted_content=None metadata=None error_message='Unexpected error in _crawl_web at line 1205 in _crawl_web (../../.pyenv/versions/3.12.6/lib/python3.12/site-packages/crawl4ai/async_crawler_strategy.py):\nError: Failed on navigating ACS-GOTO:\nPage.goto: Timeout 10000ms exceeded.\nCall log:\n  - navigating to "https://www.immerse.education/blog/pastaandpersistence/", waiting until "domcontentloaded"\n\n\nCode context:\n1200   \n1201                       response = await page.goto(\n1202                           url, wait_until=config.wait_until, timeout=config.page_timeout\n1203                       )\n1204                   except Error as e:\n1205 →                     raise RuntimeError(f"Failed on navigating ACS-GOTO:\\n{str(e)}")\n1206   \n1207                   await self.execute_hook("after_goto", page, context=context, url=url, response=response)\n1208   \n1209                   if response is None:\n1210                       status_code = 200' session_id=None response_headers=None status_code=None ssl_certificate=None


Failed to crawl: https://www.immerse.education/blog/placebos-and-pitches-by-lena-medicine/
Result: url='https://www.immerse.education/blog/placebos-and-pitches-by-lena-medicine/' html='' success=False cleaned_html=None media={} links={} downloaded_files=None screenshot=None pdf=None markdown=None markdown_v2=None fit_markdown=None fit_html=None extracted_content=None metadata=None error_message='Unexpected error in _crawl_web at line 1205 in _crawl_web (../../.pyenv/versions/3.12.6/lib/python3.12/site-packages/crawl4ai/async_crawler_strategy.py):\nError: Failed on navigating ACS-GOTO:\nPage.goto: Timeout 10000ms exceeded.\nCall log:\n  - navigating to "https://www.immerse.education/blog/placebos-and-pitches-by-lena-medicine/", waiting until "domcontentloaded"\n\n\nCode context:\n1200   \n1201                       response = await page.goto(\n1202                           url, wait_until=config.wait_until, timeout=config.page_timeout\n1203                       )\n1204                   except Error as e:\n1205 →                     raise RuntimeError(f"Failed on navigating ACS-GOTO:\\n{str(e)}")\n1206   \n1207                   await self.execute_hook("after_goto", page, context=context, url=url, response=response)\n1208   \n1209                   if response is None:\n1210                       status_code = 200' session_id=None response_headers=None status_code=None ssl_certificate=None


Failed to crawl: https://www.immerse.education/blog/punting-and-fireside-chats-at-jesus-college-13-15/
Result: url='https://www.immerse.education/blog/punting-and-fireside-chats-at-jesus-college-13-15/' html='' success=False cleaned_html=None media={} links={} downloaded_files=None screenshot=None pdf=None markdown=None markdown_v2=None fit_markdown=None fit_html=None extracted_content=None metadata=None error_message='Unexpected error in _crawl_web at line 1205 in _crawl_web (../../.pyenv/versions/3.12.6/lib/python3.12/site-packages/crawl4ai/async_crawler_strategy.py):\nError: Failed on navigating ACS-GOTO:\nPage.goto: Timeout 10000ms exceeded.\nCall log:\n  - navigating to "https://www.immerse.education/blog/punting-and-fireside-chats-at-jesus-college-13-15/", waiting until "domcontentloaded"\n\n\nCode context:\n1200   \n1201                       response = await page.goto(\n1202                           url, wait_until=config.wait_until, timeout=config.page_timeout\n1203                       )\n1204                   except Error as e:\n1205 →                     raise RuntimeError(f"Failed on navigating ACS-GOTO:\\n{str(e)}")\n1206   \n1207                   await self.execute_hook("after_goto", page, context=context, url=url, response=response)\n1208   \n1209                   if response is None:\n1210                       status_code = 200' session_id=None response_headers=None status_code=None ssl_certificate=None


Failed to crawl: https://www.immerse.education/blog/tuesday-9th-of-july/
Result: url='https://www.immerse.education/blog/tuesday-9th-of-july/' html='' success=False cleaned_html=None media={} links={} downloaded_files=None screenshot=None pdf=None markdown=None markdown_v2=None fit_markdown=None fit_html=None extracted_content=None metadata=None error_message='Unexpected error in _crawl_web at line 1205 in _crawl_web (../../.pyenv/versions/3.12.6/lib/python3.12/site-packages/crawl4ai/async_crawler_strategy.py):\nError: Failed on navigating ACS-GOTO:\nPage.goto: Timeout 10000ms exceeded.\nCall log:\n  - navigating to "https://www.immerse.education/blog/tuesday-9th-of-july/", waiting until "domcontentloaded"\n\n\nCode context:\n1200   \n1201                       response = await page.goto(\n1202                           url, wait_until=config.wait_until, timeout=config.page_timeout\n1203                       )\n1204                   except Error as e:\n1205 →                     raise RuntimeError(f"Failed on navigating ACS-GOTO:\\n{str(e)}")\n1206   \n1207                   await self.execute_hook("after_goto", page, context=context, url=url, response=response)\n1208   \n1209                   if response is None:\n1210                       status_code = 200' session_id=None response_headers=None status_code=None ssl_certificate=None


Failed to crawl: https://www.immerse.education/blog/punting-talks-cambridge/
Result: url='https://www.immerse.education/blog/punting-talks-cambridge/' html='' success=False cleaned_html=None media={} links={} downloaded_files=None screenshot=None pdf=None markdown=None markdown_v2=None fit_markdown=None fit_html=None extracted_content=None metadata=None error_message='Unexpected error in _crawl_web at line 1205 in _crawl_web (../../.pyenv/versions/3.12.6/lib/python3.12/site-packages/crawl4ai/async_crawler_strategy.py):\nError: Failed on navigating ACS-GOTO:\nPage.goto: Timeout 10000ms exceeded.\nCall log:\n  - navigating to "https://www.immerse.education/blog/punting-talks-cambridge/", waiting until "domcontentloaded"\n\n\nCode context:\n1200   \n1201                       response = await page.goto(\n1202                           url, wait_until=config.wait_until, timeout=config.page_timeout\n1203                       )\n1204                   except Error as e:\n1205 →                     raise RuntimeError(f"Failed on navigating ACS-GOTO:\\n{str(e)}")\n1206   \n1207                   await self.execute_hook("after_goto", page, context=context, url=url, response=response)\n1208   \n1209                   if response is None:\n1210                       status_code = 200' session_id=None response_headers=None status_code=None ssl_certificate=None


Failed to crawl: https://www.immerse.education/blog/punting-tour-by-tin-nok/
Result: url='https://www.immerse.education/blog/punting-tour-by-tin-nok/' html='' success=False cleaned_html=None media={} links={} downloaded_files=None screenshot=None pdf=None markdown=None markdown_v2=None fit_markdown=None fit_html=None extracted_content=None metadata=None error_message='Unexpected error in _crawl_web at line 1205 in _crawl_web (../../.pyenv/versions/3.12.6/lib/python3.12/site-packages/crawl4ai/async_crawler_strategy.py):\nError: Failed on navigating ACS-GOTO:\nPage.goto: Timeout 10000ms exceeded.\nCall log:\n  - navigating to "https://www.immerse.education/blog/punting-tour-by-tin-nok/", waiting until "domcontentloaded"\n\n\nCode context:\n1200   \n1201                       response = await page.goto(\n1202                           url, wait_until=config.wait_until, timeout=config.page_timeout\n1203                       )\n1204                   except Error as e:\n1205 →                     raise RuntimeError(f"Failed on navigating ACS-GOTO:\\n{str(e)}")\n1206   \n1207                   await self.execute_hook("after_goto", page, context=context, url=url, response=response)\n1208   \n1209                   if response is None:\n1210                       status_code = 200' session_id=None response_headers=None status_code=None ssl_certificate=None


Failed to crawl: https://www.immerse.education/blog/punting-magical-formal-magdalene-college/
Result: url='https://www.immerse.education/blog/punting-magical-formal-magdalene-college/' html='' success=False cleaned_html=None media={} links={} downloaded_files=None screenshot=None pdf=None markdown=None markdown_v2=None fit_markdown=None fit_html=None extracted_content=None metadata=None error_message='Unexpected error in _crawl_web at line 1205 in _crawl_web (../../.pyenv/versions/3.12.6/lib/python3.12/site-packages/crawl4ai/async_crawler_strategy.py):\nError: Failed on navigating ACS-GOTO:\nPage.goto: Timeout 10000ms exceeded.\nCall log:\n  - navigating to "https://www.immerse.education/blog/punting-magical-formal-magdalene-college/", waiting until "domcontentloaded"\n\n\nCode context:\n1200   \n1201                       response = await page.goto(\n1202                           url, wait_until=config.wait_until, timeout=config.page_timeout\n1203                       )\n1204                   except Error as e:\n1205 →                     raise RuntimeError(f"Failed on navigating ACS-GOTO:\\n{str(e)}")\n1206   \n1207                   await self.execute_hook("after_goto", page, context=context, url=url, response=response)\n1208   \n1209                   if response is None:\n1210                       status_code = 200' session_id=None response_headers=None status_code=None ssl_certificate=None


Failed to crawl: https://www.immerse.education/blog/scavenger-hunt-and-murder-mystery-at-jesus-college-13-15/
Result: url='https://www.immerse.education/blog/scavenger-hunt-and-murder-mystery-at-jesus-college-13-15/' html='' success=False cleaned_html=None media={} links={} downloaded_files=None screenshot=None pdf=None markdown=None markdown_v2=None fit_markdown=None fit_html=None extracted_content=None metadata=None error_message='Unexpected error in _crawl_web at line 1205 in _crawl_web (../../.pyenv/versions/3.12.6/lib/python3.12/site-packages/crawl4ai/async_crawler_strategy.py):\nError: Failed on navigating ACS-GOTO:\nPage.goto: Timeout 10000ms exceeded.\nCall log:\n  - navigating to "https://www.immerse.education/blog/scavenger-hunt-and-murder-mystery-at-jesus-college-13-15/", waiting until "domcontentloaded"\n\n\nCode context:\n1200   \n1201                       response = await page.goto(\n1202                           url, wait_until=config.wait_until, timeout=config.page_timeout\n1203                       )\n1204                   except Error as e:\n1205 →                     raise RuntimeError(f"Failed on navigating ACS-GOTO:\\n{str(e)}")\n1206   \n1207                   await self.execute_hook("after_goto", page, context=context, url=url, response=response)\n1208   \n1209                   if response is None:\n1210                       status_code = 200' session_id=None response_headers=None status_code=None ssl_certificate=None


Failed to crawl: https://www.immerse.education/blog/scones-tea-and-philosophy/
Result: url='https://www.immerse.education/blog/scones-tea-and-philosophy/' html='' success=False cleaned_html=None media={} links={} downloaded_files=None screenshot=None pdf=None markdown=None markdown_v2=None fit_markdown=None fit_html=None extracted_content=None metadata=None error_message='Unexpected error in _crawl_web at line 1205 in _crawl_web (../../.pyenv/versions/3.12.6/lib/python3.12/site-packages/crawl4ai/async_crawler_strategy.py):\nError: Failed on navigating ACS-GOTO:\nPage.goto: Timeout 10000ms exceeded.\nCall log:\n  - navigating to "https://www.immerse.education/blog/scones-tea-and-philosophy/", waiting until "domcontentloaded"\n\n\nCode context:\n1200   \n1201                       response = await page.goto(\n1202                           url, wait_until=config.wait_until, timeout=config.page_timeout\n1203                       )\n1204                   except Error as e:\n1205 →                     raise RuntimeError(f"Failed on navigating ACS-GOTO:\\n{str(e)}")\n1206   \n1207                   await self.execute_hook("after_goto", page, context=context, url=url, response=response)\n1208   \n1209                   if response is None:\n1210                       status_code = 200' session_id=None response_headers=None status_code=None ssl_certificate=None


Failed to crawl: https://www.immerse.education/blog/sports-day-at-sidney-sussex-by-katharine-medicine/
Result: url='https://www.immerse.education/blog/sports-day-at-sidney-sussex-by-katharine-medicine/' html='' success=False cleaned_html=None media={} links={} downloaded_files=None screenshot=None pdf=None markdown=None markdown_v2=None fit_markdown=None fit_html=None extracted_content=None metadata=None error_message='Unexpected error in _crawl_web at line 1205 in _crawl_web (../../.pyenv/versions/3.12.6/lib/python3.12/site-packages/crawl4ai/async_crawler_strategy.py):\nError: Failed on navigating ACS-GOTO:\nPage.goto: Timeout 10000ms exceeded.\nCall log:\n  - navigating to "https://www.immerse.education/blog/sports-day-at-sidney-sussex-by-katharine-medicine/", waiting until "domcontentloaded"\n\n\nCode context:\n1200   \n1201                       response = await page.goto(\n1202                           url, wait_until=config.wait_until, timeout=config.page_timeout\n1203                       )\n1204                   except Error as e:\n1205 →                     raise RuntimeError(f"Failed on navigating ACS-GOTO:\\n{str(e)}")\n1206   \n1207                   await self.execute_hook("after_goto", page, context=context, url=url, response=response)\n1208   \n1209                   if response is None:\n1210                       status_code = 200' session_id=None response_headers=None status_code=None ssl_certificate=None


Failed to crawl: https://www.immerse.education/blog/sports-sweet-snacks-and-public-speaking/
Result: url='https://www.immerse.education/blog/sports-sweet-snacks-and-public-speaking/' html='' success=False cleaned_html=None media={} links={} downloaded_files=None screenshot=None pdf=None markdown=None markdown_v2=None fit_markdown=None fit_html=None extracted_content=None metadata=None error_message='Unexpected error in _crawl_web at line 1205 in _crawl_web (../../.pyenv/versions/3.12.6/lib/python3.12/site-packages/crawl4ai/async_crawler_strategy.py):\nError: Failed on navigating ACS-GOTO:\nPage.goto: Timeout 10000ms exceeded.\nCall log:\n  - navigating to "https://www.immerse.education/blog/sports-sweet-snacks-and-public-speaking/", waiting until "domcontentloaded"\n\n\nCode context:\n1200   \n1201                       response = await page.goto(\n1202                           url, wait_until=config.wait_until, timeout=config.page_timeout\n1203                       )\n1204                   except Error as e:\n1205 →                     raise RuntimeError(f"Failed on navigating ACS-GOTO:\\n{str(e)}")\n1206   \n1207                   await self.execute_hook("after_goto", page, context=context, url=url, response=response)\n1208   \n1209                   if response is None:\n1210                       status_code = 200' session_id=None response_headers=None status_code=None ssl_certificate=None


Failed to crawl: https://www.immerse.education/blog/students-enjoy-subject-trips-punt-river-cam/
Result: url='https://www.immerse.education/blog/students-enjoy-subject-trips-punt-river-cam/' html='' success=False cleaned_html=None media={} links={} downloaded_files=None screenshot=None pdf=None markdown=None markdown_v2=None fit_markdown=None fit_html=None extracted_content=None metadata=None error_message='Unexpected error in _crawl_web at line 1205 in _crawl_web (../../.pyenv/versions/3.12.6/lib/python3.12/site-packages/crawl4ai/async_crawler_strategy.py):\nError: Failed on navigating ACS-GOTO:\nPage.goto: Timeout 10000ms exceeded.\nCall log:\n  - navigating to "https://www.immerse.education/blog/students-enjoy-subject-trips-punt-river-cam/", waiting until "domcontentloaded"\n\n\nCode context:\n1200   \n1201                       response = await page.goto(\n1202                           url, wait_until=config.wait_until, timeout=config.page_timeout\n1203                       )\n1204                   except Error as e:\n1205 →                     raise RuntimeError(f"Failed on navigating ACS-GOTO:\\n{str(e)}")\n1206   \n1207                   await self.execute_hook("after_goto", page, context=context, url=url, response=response)\n1208   \n1209                   if response is None:\n1210                       status_code = 200' session_id=None response_headers=None status_code=None ssl_certificate=None


Failed to crawl: https://www.immerse.education/blog/talent-show-night-by-malayeka-medicine/
Result: url='https://www.immerse.education/blog/talent-show-night-by-malayeka-medicine/' html='' success=False cleaned_html=None media={} links={} downloaded_files=None screenshot=None pdf=None markdown=None markdown_v2=None fit_markdown=None fit_html=None extracted_content=None metadata=None error_message='Unexpected error in _crawl_web at line 1205 in _crawl_web (../../.pyenv/versions/3.12.6/lib/python3.12/site-packages/crawl4ai/async_crawler_strategy.py):\nError: Failed on navigating ACS-GOTO:\nPage.goto: Timeout 10000ms exceeded.\nCall log:\n  - navigating to "https://www.immerse.education/blog/talent-show-night-by-malayeka-medicine/", waiting until "domcontentloaded"\n\n\nCode context:\n1200   \n1201                       response = await page.goto(\n1202                           url, wait_until=config.wait_until, timeout=config.page_timeout\n1203                       )\n1204                   except Error as e:\n1205 →                     raise RuntimeError(f"Failed on navigating ACS-GOTO:\\n{str(e)}")\n1206   \n1207                   await self.execute_hook("after_goto", page, context=context, url=url, response=response)\n1208   \n1209                   if response is None:\n1210                       status_code = 200' session_id=None response_headers=None status_code=None ssl_certificate=None


Failed to crawl: https://www.immerse.education/blog/talent-talent-talent/
Result: url='https://www.immerse.education/blog/talent-talent-talent/' html='' success=False cleaned_html=None media={} links={} downloaded_files=None screenshot=None pdf=None markdown=None markdown_v2=None fit_markdown=None fit_html=None extracted_content=None metadata=None error_message='Unexpected error in _crawl_web at line 1205 in _crawl_web (../../.pyenv/versions/3.12.6/lib/python3.12/site-packages/crawl4ai/async_crawler_strategy.py):\nError: Failed on navigating ACS-GOTO:\nPage.goto: Timeout 10000ms exceeded.\nCall log:\n  - navigating to "https://www.immerse.education/blog/talent-talent-talent/", waiting until "domcontentloaded"\n\n\nCode context:\n1200   \n1201                       response = await page.goto(\n1202                           url, wait_until=config.wait_until, timeout=config.page_timeout\n1203                       )\n1204                   except Error as e:\n1205 →                     raise RuntimeError(f"Failed on navigating ACS-GOTO:\\n{str(e)}")\n1206   \n1207                   await self.execute_hook("after_goto", page, context=context, url=url, response=response)\n1208   \n1209                   if response is None:\n1210                       status_code = 200' session_id=None response_headers=None status_code=None ssl_certificate=None


Failed to crawl: https://www.immerse.education/blog/penultimate-day-cambridge-immerse-2014/
Result: url='https://www.immerse.education/blog/penultimate-day-cambridge-immerse-2014/' html='' success=False cleaned_html=None media={} links={} downloaded_files=None screenshot=None pdf=None markdown=None markdown_v2=None fit_markdown=None fit_html=None extracted_content=None metadata=None error_message='Unexpected error in _crawl_web at line 1205 in _crawl_web (../../.pyenv/versions/3.12.6/lib/python3.12/site-packages/crawl4ai/async_crawler_strategy.py):\nError: Failed on navigating ACS-GOTO:\nPage.goto: Timeout 10000ms exceeded.\nCall log:\n  - navigating to "https://www.immerse.education/blog/penultimate-day-cambridge-immerse-2014/", waiting until "domcontentloaded"\n\n\nCode context:\n1200   \n1201                       response = await page.goto(\n1202                           url, wait_until=config.wait_until, timeout=config.page_timeout\n1203                       )\n1204                   except Error as e:\n1205 →                     raise RuntimeError(f"Failed on navigating ACS-GOTO:\\n{str(e)}")\n1206   \n1207                   await self.execute_hook("after_goto", page, context=context, url=url, response=response)\n1208   \n1209                   if response is None:\n1210                       status_code = 200' session_id=None response_headers=None status_code=None ssl_certificate=None


Failed to crawl: https://www.immerse.education/blog/friday-12th-of-july/
Result: url='https://www.immerse.education/blog/friday-12th-of-july/' html='' success=False cleaned_html=None media={} links={} downloaded_files=None screenshot=None pdf=None markdown=None markdown_v2=None fit_markdown=None fit_html=None extracted_content=None metadata=None error_message='Unexpected error in _crawl_web at line 1205 in _crawl_web (../../.pyenv/versions/3.12.6/lib/python3.12/site-packages/crawl4ai/async_crawler_strategy.py):\nError: Failed on navigating ACS-GOTO:\nPage.goto: Timeout 10000ms exceeded.\nCall log:\n  - navigating to "https://www.immerse.education/blog/friday-12th-of-july/", waiting until "domcontentloaded"\n\n\nCode context:\n1200   \n1201                       response = await page.goto(\n1202                           url, wait_until=config.wait_until, timeout=config.page_timeout\n1203                       )\n1204                   except Error as e:\n1205 →                     raise RuntimeError(f"Failed on navigating ACS-GOTO:\\n{str(e)}")\n1206   \n1207                   await self.execute_hook("after_goto", page, context=context, url=url, response=response)\n1208   \n1209                   if response is None:\n1210                       status_code = 200' session_id=None response_headers=None status_code=None ssl_certificate=None


Failed to crawl: https://www.immerse.education/blog/walk-this-way/
Result: url='https://www.immerse.education/blog/walk-this-way/' html='' success=False cleaned_html=None media={} links={} downloaded_files=None screenshot=None pdf=None markdown=None markdown_v2=None fit_markdown=None fit_html=None extracted_content=None metadata=None error_message='Unexpected error in _crawl_web at line 1205 in _crawl_web (../../.pyenv/versions/3.12.6/lib/python3.12/site-packages/crawl4ai/async_crawler_strategy.py):\nError: Failed on navigating ACS-GOTO:\nPage.goto: Timeout 10000ms exceeded.\nCall log:\n  - navigating to "https://www.immerse.education/blog/walk-this-way/", waiting until "domcontentloaded"\n\n\nCode context:\n1200   \n1201                       response = await page.goto(\n1202                           url, wait_until=config.wait_until, timeout=config.page_timeout\n1203                       )\n1204                   except Error as e:\n1205 →                     raise RuntimeError(f"Failed on navigating ACS-GOTO:\\n{str(e)}")\n1206   \n1207                   await self.execute_hook("after_goto", page, context=context, url=url, response=response)\n1208   \n1209                   if response is None:\n1210                       status_code = 200' session_id=None response_headers=None status_code=None ssl_certificate=None


Failed to crawl: https://www.immerse.education/blog/walking-on-sunshine/
Result: url='https://www.immerse.education/blog/walking-on-sunshine/' html='' success=False cleaned_html=None media={} links={} downloaded_files=None screenshot=None pdf=None markdown=None markdown_v2=None fit_markdown=None fit_html=None extracted_content=None metadata=None error_message='Unexpected error in _crawl_web at line 1205 in _crawl_web (../../.pyenv/versions/3.12.6/lib/python3.12/site-packages/crawl4ai/async_crawler_strategy.py):\nError: Failed on navigating ACS-GOTO:\nPage.goto: Timeout 10000ms exceeded.\nCall log:\n  - navigating to "https://www.immerse.education/blog/walking-on-sunshine/", waiting until "domcontentloaded"\n\n\nCode context:\n1200   \n1201                       response = await page.goto(\n1202                           url, wait_until=config.wait_until, timeout=config.page_timeout\n1203                       )\n1204                   except Error as e:\n1205 →                     raise RuntimeError(f"Failed on navigating ACS-GOTO:\\n{str(e)}")\n1206   \n1207                   await self.execute_hook("after_goto", page, context=context, url=url, response=response)\n1208   \n1209                   if response is None:\n1210                       status_code = 200' session_id=None response_headers=None status_code=None ssl_certificate=None


Failed to crawl: https://www.immerse.education/blog/wham-bam-immerse-leaves-cam/
Result: url='https://www.immerse.education/blog/wham-bam-immerse-leaves-cam/' html='' success=False cleaned_html=None media={} links={} downloaded_files=None screenshot=None pdf=None markdown=None markdown_v2=None fit_markdown=None fit_html=None extracted_content=None metadata=None error_message='Unexpected error in _crawl_web at line 1205 in _crawl_web (../../.pyenv/versions/3.12.6/lib/python3.12/site-packages/crawl4ai/async_crawler_strategy.py):\nError: Failed on navigating ACS-GOTO:\nPage.goto: Timeout 10000ms exceeded.\nCall log:\n  - navigating to "https://www.immerse.education/blog/wham-bam-immerse-leaves-cam/", waiting until "domcontentloaded"\n\n\nCode context:\n1200   \n1201                       response = await page.goto(\n1202                           url, wait_until=config.wait_until, timeout=config.page_timeout\n1203                       )\n1204                   except Error as e:\n1205 →                     raise RuntimeError(f"Failed on navigating ACS-GOTO:\\n{str(e)}")\n1206   \n1207                   await self.execute_hook("after_goto", page, context=context, url=url, response=response)\n1208   \n1209                   if response is None:\n1210                       status_code = 200' session_id=None response_headers=None status_code=None ssl_certificate=None


Failed to crawl: https://www.immerse.education/blog/what-its-really-like-studying-at-immerse/
Result: url='https://www.immerse.education/blog/what-its-really-like-studying-at-immerse/' html='' success=False cleaned_html=None media={} links={} downloaded_files=None screenshot=None pdf=None markdown=None markdown_v2=None fit_markdown=None fit_html=None extracted_content=None metadata=None error_message='Unexpected error in _crawl_web at line 1205 in _crawl_web (../../.pyenv/versions/3.12.6/lib/python3.12/site-packages/crawl4ai/async_crawler_strategy.py):\nError: Failed on navigating ACS-GOTO:\nPage.goto: Timeout 10000ms exceeded.\nCall log:\n  - navigating to "https://www.immerse.education/blog/what-its-really-like-studying-at-immerse/", waiting until "domcontentloaded"\n\n\nCode context:\n1200   \n1201                       response = await page.goto(\n1202                           url, wait_until=config.wait_until, timeout=config.page_timeout\n1203                       )\n1204                   except Error as e:\n1205 →                     raise RuntimeError(f"Failed on navigating ACS-GOTO:\\n{str(e)}")\n1206   \n1207                   await self.execute_hook("after_goto", page, context=context, url=url, response=response)\n1208   \n1209                   if response is None:\n1210                       status_code = 200' session_id=None response_headers=None status_code=None ssl_certificate=None


Failed to crawl: https://www.immerse.education/blog/adventure-kings-college-chapel-ultimate-frisbee/
Result: url='https://www.immerse.education/blog/adventure-kings-college-chapel-ultimate-frisbee/' html='' success=False cleaned_html=None media={} links={} downloaded_files=None screenshot=None pdf=None markdown=None markdown_v2=None fit_markdown=None fit_html=None extracted_content=None metadata=None error_message='Unexpected error in _crawl_web at line 1205 in _crawl_web (../../.pyenv/versions/3.12.6/lib/python3.12/site-packages/crawl4ai/async_crawler_strategy.py):\nError: Failed on navigating ACS-GOTO:\nPage.goto: Timeout 10000ms exceeded.\nCall log:\n  - navigating to "https://www.immerse.education/blog/adventure-kings-college-chapel-ultimate-frisbee/", waiting until "domcontentloaded"\n\n\nCode context:\n1200   \n1201                       response = await page.goto(\n1202                           url, wait_until=config.wait_until, timeout=config.page_timeout\n1203                       )\n1204                   except Error as e:\n1205 →                     raise RuntimeError(f"Failed on navigating ACS-GOTO:\\n{str(e)}")\n1206   \n1207                   await self.execute_hook("after_goto", page, context=context, url=url, response=response)\n1208   \n1209                   if response is None:\n1210                       status_code = 200' session_id=None response_headers=None status_code=None ssl_certificate=None


Failed to crawl: https://www.immerse.education/blog/cakeandcanvas/
Result: url='https://www.immerse.education/blog/cakeandcanvas/' html='' success=False cleaned_html=None media={} links={} downloaded_files=None screenshot=None pdf=None markdown=None markdown_v2=None fit_markdown=None fit_html=None extracted_content=None metadata=None error_message='Unexpected error in _crawl_web at line 1205 in _crawl_web (../../.pyenv/versions/3.12.6/lib/python3.12/site-packages/crawl4ai/async_crawler_strategy.py):\nError: Failed on navigating ACS-GOTO:\nPage.goto: Timeout 10000ms exceeded.\nCall log:\n  - navigating to "https://www.immerse.education/blog/cakeandcanvas/", waiting until "domcontentloaded"\n\n\nCode context:\n1200   \n1201                       response = await page.goto(\n1202                           url, wait_until=config.wait_until, timeout=config.page_timeout\n1203                       )\n1204                   except Error as e:\n1205 →                     raise RuntimeError(f"Failed on navigating ACS-GOTO:\\n{str(e)}")\n1206   \n1207                   await self.execute_hook("after_goto", page, context=context, url=url, response=response)\n1208   \n1209                   if response is None:\n1210                       status_code = 200' session_id=None response_headers=None status_code=None ssl_certificate=None


Failed to crawl: https://www.immerse.education/blog/the-inaugural-immerse-online-research-programme-symposium/
Result: url='https://www.immerse.education/blog/the-inaugural-immerse-online-research-programme-symposium/' html='' success=False cleaned_html=None media={} links={} downloaded_files=None screenshot=None pdf=None markdown=None markdown_v2=None fit_markdown=None fit_html=None extracted_content=None metadata=None error_message='Unexpected error in _crawl_web at line 1205 in _crawl_web (../../.pyenv/versions/3.12.6/lib/python3.12/site-packages/crawl4ai/async_crawler_strategy.py):\nError: Failed on navigating ACS-GOTO:\nPage.goto: Timeout 10000ms exceeded.\nCall log:\n  - navigating to "https://www.immerse.education/blog/the-inaugural-immerse-online-research-programme-symposium/", waiting until "domcontentloaded"\n\n\nCode context:\n1200   \n1201                       response = await page.goto(\n1202                           url, wait_until=config.wait_until, timeout=config.page_timeout\n1203                       )\n1204                   except Error as e:\n1205 →                     raise RuntimeError(f"Failed on navigating ACS-GOTO:\\n{str(e)}")\n1206   \n1207                   await self.execute_hook("after_goto", page, context=context, url=url, response=response)\n1208   \n1209                   if response is None:\n1210                       status_code = 200' session_id=None response_headers=None status_code=None ssl_certificate=None


Failed to crawl: https://www.immerse.education/blog/escape-house-of-the-rising-sun/
Result: url='https://www.immerse.education/blog/escape-house-of-the-rising-sun/' html='' success=False cleaned_html=None media={} links={} downloaded_files=None screenshot=None pdf=None markdown=None markdown_v2=None fit_markdown=None fit_html=None extracted_content=None metadata=None error_message='Unexpected error in _crawl_web at line 1205 in _crawl_web (../../.pyenv/versions/3.12.6/lib/python3.12/site-packages/crawl4ai/async_crawler_strategy.py):\nError: Failed on navigating ACS-GOTO:\nPage.goto: Timeout 10000ms exceeded.\nCall log:\n  - navigating to "https://www.immerse.education/blog/escape-house-of-the-rising-sun/", waiting until "domcontentloaded"\n\n\nCode context:\n1200   \n1201                       response = await page.goto(\n1202                           url, wait_until=config.wait_until, timeout=config.page_timeout\n1203                       )\n1204                   except Error as e:\n1205 →                     raise RuntimeError(f"Failed on navigating ACS-GOTO:\\n{str(e)}")\n1206   \n1207                   await self.execute_hook("after_goto", page, context=context, url=url, response=response)\n1208   \n1209                   if response is None:\n1210                       status_code = 200' session_id=None response_headers=None status_code=None ssl_certificate=None


Failed to crawl: https://www.immerse.education/guides/engineering-top-books-guide/
Result: url='https://www.immerse.education/guides/engineering-top-books-guide/' html='' success=False cleaned_html=None media={} links={} downloaded_files=None screenshot=None pdf=None markdown=None markdown_v2=None fit_markdown=None fit_html=None extracted_content=None metadata=None error_message='Unexpected error in _crawl_web at line 1205 in _crawl_web (../../.pyenv/versions/3.12.6/lib/python3.12/site-packages/crawl4ai/async_crawler_strategy.py):\nError: Failed on navigating ACS-GOTO:\nPage.goto: Timeout 10000ms exceeded.\nCall log:\n  - navigating to "https://www.immerse.education/guides/engineering-top-books-guide/", waiting until "domcontentloaded"\n\n\nCode context:\n1200   \n1201                       response = await page.goto(\n1202                           url, wait_until=config.wait_until, timeout=config.page_timeout\n1203                       )\n1204                   except Error as e:\n1205 →                     raise RuntimeError(f"Failed on navigating ACS-GOTO:\\n{str(e)}")\n1206   \n1207                   await self.execute_hook("after_goto", page, context=context, url=url, response=response)\n1208   \n1209                   if response is None:\n1210                       status_code = 200' session_id=None response_headers=None status_code=None ssl_certificate=None


Failed to crawl: https://www.immerse.education/guides/english-literature-top-books-guide/
Result: url='https://www.immerse.education/guides/english-literature-top-books-guide/' html='' success=False cleaned_html=None media={} links={} downloaded_files=None screenshot=None pdf=None markdown=None markdown_v2=None fit_markdown=None fit_html=None extracted_content=None metadata=None error_message='Unexpected error in _crawl_web at line 1205 in _crawl_web (../../.pyenv/versions/3.12.6/lib/python3.12/site-packages/crawl4ai/async_crawler_strategy.py):\nError: Failed on navigating ACS-GOTO:\nPage.goto: Timeout 10000ms exceeded.\nCall log:\n  - navigating to "https://www.immerse.education/guides/english-literature-top-books-guide/", waiting until "domcontentloaded"\n\n\nCode context:\n1200   \n1201                       response = await page.goto(\n1202                           url, wait_until=config.wait_until, timeout=config.page_timeout\n1203                       )\n1204                   except Error as e:\n1205 →                     raise RuntimeError(f"Failed on navigating ACS-GOTO:\\n{str(e)}")\n1206   \n1207                   await self.execute_hook("after_goto", page, context=context, url=url, response=response)\n1208   \n1209                   if response is None:\n1210                       status_code = 200' session_id=None response_headers=None status_code=None ssl_certificate=None


Failed to crawl: https://www.immerse.education/guides/history-top-books-guide/
Result: url='https://www.immerse.education/guides/history-top-books-guide/' html='' success=False cleaned_html=None media={} links={} downloaded_files=None screenshot=None pdf=None markdown=None markdown_v2=None fit_markdown=None fit_html=None extracted_content=None metadata=None error_message='Unexpected error in _crawl_web at line 1205 in _crawl_web (../../.pyenv/versions/3.12.6/lib/python3.12/site-packages/crawl4ai/async_crawler_strategy.py):\nError: Failed on navigating ACS-GOTO:\nPage.goto: Timeout 10000ms exceeded.\nCall log:\n  - navigating to "https://www.immerse.education/guides/history-top-books-guide/", waiting until "domcontentloaded"\n\n\nCode context:\n1200   \n1201                       response = await page.goto(\n1202                           url, wait_until=config.wait_until, timeout=config.page_timeout\n1203                       )\n1204                   except Error as e:\n1205 →                     raise RuntimeError(f"Failed on navigating ACS-GOTO:\\n{str(e)}")\n1206   \n1207                   await self.execute_hook("after_goto", page, context=context, url=url, response=response)\n1208   \n1209                   if response is None:\n1210                       status_code = 200' session_id=None response_headers=None status_code=None ssl_certificate=None


Failed to crawl: https://www.immerse.education/guides/mathematics-top-books-guide/
Result: url='https://www.immerse.education/guides/mathematics-top-books-guide/' html='' success=False cleaned_html=None media={} links={} downloaded_files=None screenshot=None pdf=None markdown=None markdown_v2=None fit_markdown=None fit_html=None extracted_content=None metadata=None error_message='Unexpected error in _crawl_web at line 1205 in _crawl_web (../../.pyenv/versions/3.12.6/lib/python3.12/site-packages/crawl4ai/async_crawler_strategy.py):\nError: Failed on navigating ACS-GOTO:\nPage.goto: Timeout 10000ms exceeded.\nCall log:\n  - navigating to "https://www.immerse.education/guides/mathematics-top-books-guide/", waiting until "domcontentloaded"\n\n\nCode context:\n1200   \n1201                       response = await page.goto(\n1202                           url, wait_until=config.wait_until, timeout=config.page_timeout\n1203                       )\n1204                   except Error as e:\n1205 →                     raise RuntimeError(f"Failed on navigating ACS-GOTO:\\n{str(e)}")\n1206   \n1207                   await self.execute_hook("after_goto", page, context=context, url=url, response=response)\n1208   \n1209                   if response is None:\n1210                       status_code = 200' session_id=None response_headers=None status_code=None ssl_certificate=None


Failed to crawl: https://www.immerse.education/immerse/film-studies-tutor-questions-answers/
Result: url='https://www.immerse.education/immerse/film-studies-tutor-questions-answers/' html='' success=False cleaned_html=None media={} links={} downloaded_files=None screenshot=None pdf=None markdown=None markdown_v2=None fit_markdown=None fit_html=None extracted_content=None metadata=None error_message='Unexpected error in _crawl_web at line 1205 in _crawl_web (../../.pyenv/versions/3.12.6/lib/python3.12/site-packages/crawl4ai/async_crawler_strategy.py):\nError: Failed on navigating ACS-GOTO:\nPage.goto: Timeout 10000ms exceeded.\nCall log:\n  - navigating to "https://www.immerse.education/immerse/film-studies-tutor-questions-answers/", waiting until "domcontentloaded"\n\n\nCode context:\n1200   \n1201                       response = await page.goto(\n1202                           url, wait_until=config.wait_until, timeout=config.page_timeout\n1203                       )\n1204                   except Error as e:\n1205 →                     raise RuntimeError(f"Failed on navigating ACS-GOTO:\\n{str(e)}")\n1206   \n1207                   await self.execute_hook("after_goto", page, context=context, url=url, response=response)\n1208   \n1209                   if response is None:\n1210                       status_code = 200' session_id=None response_headers=None status_code=None ssl_certificate=None


Failed to crawl: https://www.immerse.education/immerse/how-to-teach-students-to-set-goals/
Result: url='https://www.immerse.education/immerse/how-to-teach-students-to-set-goals/' html='' success=False cleaned_html=None media={} links={} downloaded_files=None screenshot=None pdf=None markdown=None markdown_v2=None fit_markdown=None fit_html=None extracted_content=None metadata=None error_message='Unexpected error in _crawl_web at line 1205 in _crawl_web (../../.pyenv/versions/3.12.6/lib/python3.12/site-packages/crawl4ai/async_crawler_strategy.py):\nError: Failed on navigating ACS-GOTO:\nPage.goto: Timeout 10000ms exceeded.\nCall log:\n  - navigating to "https://www.immerse.education/immerse/how-to-teach-students-to-set-goals/", waiting until "domcontentloaded"\n\n\nCode context:\n1200   \n1201                       response = await page.goto(\n1202                           url, wait_until=config.wait_until, timeout=config.page_timeout\n1203                       )\n1204                   except Error as e:\n1205 →                     raise RuntimeError(f"Failed on navigating ACS-GOTO:\\n{str(e)}")\n1206   \n1207                   await self.execute_hook("after_goto", page, context=context, url=url, response=response)\n1208   \n1209                   if response is None:\n1210                       status_code = 200' session_id=None response_headers=None status_code=None ssl_certificate=None


Failed to crawl: https://www.immerse.education/immerse/british-youth-travel-awards/
Result: url='https://www.immerse.education/immerse/british-youth-travel-awards/' html='' success=False cleaned_html=None media={} links={} downloaded_files=None screenshot=None pdf=None markdown=None markdown_v2=None fit_markdown=None fit_html=None extracted_content=None metadata=None error_message='Unexpected error in _crawl_web at line 1205 in _crawl_web (../../.pyenv/versions/3.12.6/lib/python3.12/site-packages/crawl4ai/async_crawler_strategy.py):\nError: Failed on navigating ACS-GOTO:\nPage.goto: Timeout 10000ms exceeded.\nCall log:\n  - navigating to "https://www.immerse.education/immerse/british-youth-travel-awards/", waiting until "domcontentloaded"\n\n\nCode context:\n1200   \n1201                       response = await page.goto(\n1202                           url, wait_until=config.wait_until, timeout=config.page_timeout\n1203                       )\n1204                   except Error as e:\n1205 →                     raise RuntimeError(f"Failed on navigating ACS-GOTO:\\n{str(e)}")\n1206   \n1207                   await self.execute_hook("after_goto", page, context=context, url=url, response=response)\n1208   \n1209                   if response is None:\n1210                       status_code = 200' session_id=None response_headers=None status_code=None ssl_certificate=None


Failed to crawl: https://www.immerse.education/immerse/immerse-education-in-community-partnership-with-startups-magazine/
Result: url='https://www.immerse.education/immerse/immerse-education-in-community-partnership-with-startups-magazine/' html='' success=False cleaned_html=None media={} links={} downloaded_files=None screenshot=None pdf=None markdown=None markdown_v2=None fit_markdown=None fit_html=None extracted_content=None metadata=None error_message='Unexpected error in _crawl_web at line 1205 in _crawl_web (../../.pyenv/versions/3.12.6/lib/python3.12/site-packages/crawl4ai/async_crawler_strategy.py):\nError: Failed on navigating ACS-GOTO:\nPage.goto: Timeout 10000ms exceeded.\nCall log:\n  - navigating to "https://www.immerse.education/immerse/immerse-education-in-community-partnership-with-startups-magazine/", waiting until "domcontentloaded"\n\n\nCode context:\n1200   \n1201                       response = await page.goto(\n1202                           url, wait_until=config.wait_until, timeout=config.page_timeout\n1203                       )\n1204                   except Error as e:\n1205 →                     raise RuntimeError(f"Failed on navigating ACS-GOTO:\\n{str(e)}")\n1206   \n1207                   await self.execute_hook("after_goto", page, context=context, url=url, response=response)\n1208   \n1209                   if response is None:\n1210                       status_code = 200' session_id=None response_headers=None status_code=None ssl_certificate=None


Failed to crawl: https://www.immerse.education/immerse/immerse-education-in-community-partnership-with-school-of-coding/
Result: url='https://www.immerse.education/immerse/immerse-education-in-community-partnership-with-school-of-coding/' html='' success=False cleaned_html=None media={} links={} downloaded_files=None screenshot=None pdf=None markdown=None markdown_v2=None fit_markdown=None fit_html=None extracted_content=None metadata=None error_message='Unexpected error in _crawl_web at line 1205 in _crawl_web (../../.pyenv/versions/3.12.6/lib/python3.12/site-packages/crawl4ai/async_crawler_strategy.py):\nError: Failed on navigating ACS-GOTO:\nPage.goto: Timeout 10000ms exceeded.\nCall log:\n  - navigating to "https://www.immerse.education/immerse/immerse-education-in-community-partnership-with-school-of-coding/", waiting until "domcontentloaded"\n\n\nCode context:\n1200   \n1201                       response = await page.goto(\n1202                           url, wait_until=config.wait_until, timeout=config.page_timeout\n1203                       )\n1204                   except Error as e:\n1205 →                     raise RuntimeError(f"Failed on navigating ACS-GOTO:\\n{str(e)}")\n1206   \n1207                   await self.execute_hook("after_goto", page, context=context, url=url, response=response)\n1208   \n1209                   if response is None:\n1210                       status_code = 200' session_id=None response_headers=None status_code=None ssl_certificate=None


Failed to crawl: https://www.immerse.education/immerse/duke-of-edinburgh-approved-activity-provider/
Result: url='https://www.immerse.education/immerse/duke-of-edinburgh-approved-activity-provider/' html='' success=False cleaned_html=None media={} links={} downloaded_files=None screenshot=None pdf=None markdown=None markdown_v2=None fit_markdown=None fit_html=None extracted_content=None metadata=None error_message='Unexpected error in _crawl_web at line 1205 in _crawl_web (../../.pyenv/versions/3.12.6/lib/python3.12/site-packages/crawl4ai/async_crawler_strategy.py):\nError: Failed on navigating ACS-GOTO:\nPage.goto: Timeout 10000ms exceeded.\nCall log:\n  - navigating to "https://www.immerse.education/immerse/duke-of-edinburgh-approved-activity-provider/", waiting until "domcontentloaded"\n\n\nCode context:\n1200   \n1201                       response = await page.goto(\n1202                           url, wait_until=config.wait_until, timeout=config.page_timeout\n1203                       )\n1204                   except Error as e:\n1205 →                     raise RuntimeError(f"Failed on navigating ACS-GOTO:\\n{str(e)}")\n1206   \n1207                   await self.execute_hook("after_goto", page, context=context, url=url, response=response)\n1208   \n1209                   if response is None:\n1210                       status_code = 200' session_id=None response_headers=None status_code=None ssl_certificate=None


Failed to crawl: https://www.immerse.education/immerse/immerse-education-shortlisted-for-the-2023-edtechx-growth-award/
Result: url='https://www.immerse.education/immerse/immerse-education-shortlisted-for-the-2023-edtechx-growth-award/' html='' success=False cleaned_html=None media={} links={} downloaded_files=None screenshot=None pdf=None markdown=None markdown_v2=None fit_markdown=None fit_html=None extracted_content=None metadata=None error_message='Unexpected error in _crawl_web at line 1205 in _crawl_web (../../.pyenv/versions/3.12.6/lib/python3.12/site-packages/crawl4ai/async_crawler_strategy.py):\nError: Failed on navigating ACS-GOTO:\nPage.goto: Timeout 10000ms exceeded.\nCall log:\n  - navigating to "https://www.immerse.education/immerse/immerse-education-shortlisted-for-the-2023-edtechx-growth-award/", waiting until "domcontentloaded"\n\n\nCode context:\n1200   \n1201                       response = await page.goto(\n1202                           url, wait_until=config.wait_until, timeout=config.page_timeout\n1203                       )\n1204                   except Error as e:\n1205 →                     raise RuntimeError(f"Failed on navigating ACS-GOTO:\\n{str(e)}")\n1206   \n1207                   await self.execute_hook("after_goto", page, context=context, url=url, response=response)\n1208   \n1209                   if response is None:\n1210                       status_code = 200' session_id=None response_headers=None status_code=None ssl_certificate=None


Failed to crawl: https://www.immerse.education/immerse/study-medicine-in-australia-5-steps-to-applying-for-a-medicine-degree-in-australia/
Result: url='https://www.immerse.education/immerse/study-medicine-in-australia-5-steps-to-applying-for-a-medicine-degree-in-australia/' html='' success=False cleaned_html=None media={} links={} downloaded_files=None screenshot=None pdf=None markdown=None markdown_v2=None fit_markdown=None fit_html=None extracted_content=None metadata=None error_message='Unexpected error in _crawl_web at line 1205 in _crawl_web (../../.pyenv/versions/3.12.6/lib/python3.12/site-packages/crawl4ai/async_crawler_strategy.py):\nError: Failed on navigating ACS-GOTO:\nPage.goto: Timeout 10000ms exceeded.\nCall log:\n  - navigating to "https://www.immerse.education/immerse/study-medicine-in-australia-5-steps-to-applying-for-a-medicine-degree-in-australia/", waiting until "domcontentloaded"\n\n\nCode context:\n1200   \n1201                       response = await page.goto(\n1202                           url, wait_until=config.wait_until, timeout=config.page_timeout\n1203                       )\n1204                   except Error as e:\n1205 →                     raise RuntimeError(f"Failed on navigating ACS-GOTO:\\n{str(e)}")\n1206   \n1207                   await self.execute_hook("after_goto", page, context=context, url=url, response=response)\n1208   \n1209                   if response is None:\n1210                       status_code = 200' session_id=None response_headers=None status_code=None ssl_certificate=None


Failed to crawl: https://www.immerse.education/immerse/teachers-and-technology/
Result: url='https://www.immerse.education/immerse/teachers-and-technology/' html='' success=False cleaned_html=None media={} links={} downloaded_files=None screenshot=None pdf=None markdown=None markdown_v2=None fit_markdown=None fit_html=None extracted_content=None metadata=None error_message='Unexpected error in _crawl_web at line 1205 in _crawl_web (../../.pyenv/versions/3.12.6/lib/python3.12/site-packages/crawl4ai/async_crawler_strategy.py):\nError: Failed on navigating ACS-GOTO:\nPage.goto: Timeout 10000ms exceeded.\nCall log:\n  - navigating to "https://www.immerse.education/immerse/teachers-and-technology/", waiting until "domcontentloaded"\n\n\nCode context:\n1200   \n1201                       response = await page.goto(\n1202                           url, wait_until=config.wait_until, timeout=config.page_timeout\n1203                       )\n1204                   except Error as e:\n1205 →                     raise RuntimeError(f"Failed on navigating ACS-GOTO:\\n{str(e)}")\n1206   \n1207                   await self.execute_hook("after_goto", page, context=context, url=url, response=response)\n1208   \n1209                   if response is None:\n1210                       status_code = 200' session_id=None response_headers=None status_code=None ssl_certificate=None


Failed to crawl: https://www.immerse.education/immerse/applying-for-university-in-australia/
Result: url='https://www.immerse.education/immerse/applying-for-university-in-australia/' html='' success=False cleaned_html=None media={} links={} downloaded_files=None screenshot=None pdf=None markdown=None markdown_v2=None fit_markdown=None fit_html=None extracted_content=None metadata=None error_message='Unexpected error in _crawl_web at line 1205 in _crawl_web (../../.pyenv/versions/3.12.6/lib/python3.12/site-packages/crawl4ai/async_crawler_strategy.py):\nError: Failed on navigating ACS-GOTO:\nPage.goto: Timeout 10000ms exceeded.\nCall log:\n  - navigating to "https://www.immerse.education/immerse/applying-for-university-in-australia/", waiting until "domcontentloaded"\n\n\nCode context:\n1200   \n1201                       response = await page.goto(\n1202                           url, wait_until=config.wait_until, timeout=config.page_timeout\n1203                       )\n1204                   except Error as e:\n1205 →                     raise RuntimeError(f"Failed on navigating ACS-GOTO:\\n{str(e)}")\n1206   \n1207                   await self.execute_hook("after_goto", page, context=context, url=url, response=response)\n1208   \n1209                   if response is None:\n1210                       status_code = 200' session_id=None response_headers=None status_code=None ssl_certificate=None


Failed to crawl: https://www.immerse.education/law-online-courses/online-career-insights/
Result: url='https://www.immerse.education/law-online-courses/online-career-insights/' html='' success=False cleaned_html=None media={} links={} downloaded_files=None screenshot=None pdf=None markdown=None markdown_v2=None fit_markdown=None fit_html=None extracted_content=None metadata=None error_message='Unexpected error in _crawl_web at line 1205 in _crawl_web (../../.pyenv/versions/3.12.6/lib/python3.12/site-packages/crawl4ai/async_crawler_strategy.py):\nError: Failed on navigating ACS-GOTO:\nPage.goto: Timeout 10000ms exceeded.\nCall log:\n  - navigating to "https://www.immerse.education/law-online-courses/online-career-insights/", waiting until "domcontentloaded"\n\n\nCode context:\n1200   \n1201                       response = await page.goto(\n1202                           url, wait_until=config.wait_until, timeout=config.page_timeout\n1203                       )\n1204                   except Error as e:\n1205 →                     raise RuntimeError(f"Failed on navigating ACS-GOTO:\\n{str(e)}")\n1206   \n1207                   await self.execute_hook("after_goto", page, context=context, url=url, response=response)\n1208   \n1209                   if response is None:\n1210                       status_code = 200' session_id=None response_headers=None status_code=None ssl_certificate=None


Failed to crawl: https://www.immerse.education/mathematics-online-courses/online-research-programme/
Result: url='https://www.immerse.education/mathematics-online-courses/online-research-programme/' html='' success=False cleaned_html=None media={} links={} downloaded_files=None screenshot=None pdf=None markdown=None markdown_v2=None fit_markdown=None fit_html=None extracted_content=None metadata=None error_message='Unexpected error in _crawl_web at line 1205 in _crawl_web (../../.pyenv/versions/3.12.6/lib/python3.12/site-packages/crawl4ai/async_crawler_strategy.py):\nError: Failed on navigating ACS-GOTO:\nPage.goto: Timeout 10000ms exceeded.\nCall log:\n  - navigating to "https://www.immerse.education/mathematics-online-courses/online-research-programme/", waiting until "domcontentloaded"\n\n\nCode context:\n1200   \n1201                       response = await page.goto(\n1202                           url, wait_until=config.wait_until, timeout=config.page_timeout\n1203                       )\n1204                   except Error as e:\n1205 →                     raise RuntimeError(f"Failed on navigating ACS-GOTO:\\n{str(e)}")\n1206   \n1207                   await self.execute_hook("after_goto", page, context=context, url=url, response=response)\n1208   \n1209                   if response is None:\n1210                       status_code = 200' session_id=None response_headers=None status_code=None ssl_certificate=None


Failed to crawl: https://www.immerse.education/physics-online-courses/online-research-programme/
Result: url='https://www.immerse.education/physics-online-courses/online-research-programme/' html='' success=False cleaned_html=None media={} links={} downloaded_files=None screenshot=None pdf=None markdown=None markdown_v2=None fit_markdown=None fit_html=None extracted_content=None metadata=None error_message='Unexpected error in _crawl_web at line 1205 in _crawl_web (../../.pyenv/versions/3.12.6/lib/python3.12/site-packages/crawl4ai/async_crawler_strategy.py):\nError: Failed on navigating ACS-GOTO:\nPage.goto: Timeout 10000ms exceeded.\nCall log:\n  - navigating to "https://www.immerse.education/physics-online-courses/online-research-programme/", waiting until "domcontentloaded"\n\n\nCode context:\n1200   \n1201                       response = await page.goto(\n1202                           url, wait_until=config.wait_until, timeout=config.page_timeout\n1203                       )\n1204                   except Error as e:\n1205 →                     raise RuntimeError(f"Failed on navigating ACS-GOTO:\\n{str(e)}")\n1206   \n1207                   await self.execute_hook("after_goto", page, context=context, url=url, response=response)\n1208   \n1209                   if response is None:\n1210                       status_code = 200' session_id=None response_headers=None status_code=None ssl_certificate=None


Failed to crawl: https://www.immerse.education/artificial-intelligence-online-courses/
Result: url='https://www.immerse.education/artificial-intelligence-online-courses/' html='' success=False cleaned_html=None media={} links={} downloaded_files=None screenshot=None pdf=None markdown=None markdown_v2=None fit_markdown=None fit_html=None extracted_content=None metadata=None error_message='Unexpected error in _crawl_web at line 1205 in _crawl_web (../../.pyenv/versions/3.12.6/lib/python3.12/site-packages/crawl4ai/async_crawler_strategy.py):\nError: Failed on navigating ACS-GOTO:\nPage.goto: Timeout 10000ms exceeded.\nCall log:\n  - navigating to "https://www.immerse.education/artificial-intelligence-online-courses/", waiting until "domcontentloaded"\n\n\nCode context:\n1200   \n1201                       response = await page.goto(\n1202                           url, wait_until=config.wait_until, timeout=config.page_timeout\n1203                       )\n1204                   except Error as e:\n1205 →                     raise RuntimeError(f"Failed on navigating ACS-GOTO:\\n{str(e)}")\n1206   \n1207                   await self.execute_hook("after_goto", page, context=context, url=url, response=response)\n1208   \n1209                   if response is None:\n1210                       status_code = 200' session_id=None response_headers=None status_code=None ssl_certificate=None


Failed to crawl: https://www.immerse.education/chemistry-online-courses/
Result: url='https://www.immerse.education/chemistry-online-courses/' html='' success=False cleaned_html=None media={} links={} downloaded_files=None screenshot=None pdf=None markdown=None markdown_v2=None fit_markdown=None fit_html=None extracted_content=None metadata=None error_message='Unexpected error in _crawl_web at line 1205 in _crawl_web (../../.pyenv/versions/3.12.6/lib/python3.12/site-packages/crawl4ai/async_crawler_strategy.py):\nError: Failed on navigating ACS-GOTO:\nPage.goto: Timeout 10000ms exceeded.\nCall log:\n  - navigating to "https://www.immerse.education/chemistry-online-courses/", waiting until "domcontentloaded"\n\n\nCode context:\n1200   \n1201                       response = await page.goto(\n1202                           url, wait_until=config.wait_until, timeout=config.page_timeout\n1203                       )\n1204                   except Error as e:\n1205 →                     raise RuntimeError(f"Failed on navigating ACS-GOTO:\\n{str(e)}")\n1206   \n1207                   await self.execute_hook("after_goto", page, context=context, url=url, response=response)\n1208   \n1209                   if response is None:\n1210                       status_code = 200' session_id=None response_headers=None status_code=None ssl_certificate=None


Failed to crawl: https://www.immerse.education/computer-science-online-courses/
Result: url='https://www.immerse.education/computer-science-online-courses/' html='' success=False cleaned_html=None media={} links={} downloaded_files=None screenshot=None pdf=None markdown=None markdown_v2=None fit_markdown=None fit_html=None extracted_content=None metadata=None error_message='Unexpected error in _crawl_web at line 1205 in _crawl_web (../../.pyenv/versions/3.12.6/lib/python3.12/site-packages/crawl4ai/async_crawler_strategy.py):\nError: Failed on navigating ACS-GOTO:\nPage.goto: Timeout 10000ms exceeded.\nCall log:\n  - navigating to "https://www.immerse.education/computer-science-online-courses/", waiting until "domcontentloaded"\n\n\nCode context:\n1200   \n1201                       response = await page.goto(\n1202                           url, wait_until=config.wait_until, timeout=config.page_timeout\n1203                       )\n1204                   except Error as e:\n1205 →                     raise RuntimeError(f"Failed on navigating ACS-GOTO:\\n{str(e)}")\n1206   \n1207                   await self.execute_hook("after_goto", page, context=context, url=url, response=response)\n1208   \n1209                   if response is None:\n1210                       status_code = 200' session_id=None response_headers=None status_code=None ssl_certificate=None


Failed to crawl: https://www.immerse.education/mathematics-online-courses/
Result: url='https://www.immerse.education/mathematics-online-courses/' html='' success=False cleaned_html=None media={} links={} downloaded_files=None screenshot=None pdf=None markdown=None markdown_v2=None fit_markdown=None fit_html=None extracted_content=None metadata=None error_message='Unexpected error in _crawl_web at line 1205 in _crawl_web (../../.pyenv/versions/3.12.6/lib/python3.12/site-packages/crawl4ai/async_crawler_strategy.py):\nError: Failed on navigating ACS-GOTO:\nPage.goto: Timeout 10000ms exceeded.\nCall log:\n  - navigating to "https://www.immerse.education/mathematics-online-courses/", waiting until "domcontentloaded"\n\n\nCode context:\n1200   \n1201                       response = await page.goto(\n1202                           url, wait_until=config.wait_until, timeout=config.page_timeout\n1203                       )\n1204                   except Error as e:\n1205 →                     raise RuntimeError(f"Failed on navigating ACS-GOTO:\\n{str(e)}")\n1206   \n1207                   await self.execute_hook("after_goto", page, context=context, url=url, response=response)\n1208   \n1209                   if response is None:\n1210                       status_code = 200' session_id=None response_headers=None status_code=None ssl_certificate=None


Failed to crawl: https://www.immerse.education/computer-science-online-courses/online-research-programme/
Result: url='https://www.immerse.education/computer-science-online-courses/online-research-programme/' html='' success=False cleaned_html=None media={} links={} downloaded_files=None screenshot=None pdf=None markdown=None markdown_v2=None fit_markdown=None fit_html=None extracted_content=None metadata=None error_message='Unexpected error in _crawl_web at line 1205 in _crawl_web (../../.pyenv/versions/3.12.6/lib/python3.12/site-packages/crawl4ai/async_crawler_strategy.py):\nError: Failed on navigating ACS-GOTO:\nPage.goto: Timeout 10000ms exceeded.\nCall log:\n  - navigating to "https://www.immerse.education/computer-science-online-courses/online-research-programme/", waiting until "domcontentloaded"\n\n\nCode context:\n1200   \n1201                       response = await page.goto(\n1202                           url, wait_until=config.wait_until, timeout=config.page_timeout\n1203                       )\n1204                   except Error as e:\n1205 →                     raise RuntimeError(f"Failed on navigating ACS-GOTO:\\n{str(e)}")\n1206   \n1207                   await self.execute_hook("after_goto", page, context=context, url=url, response=response)\n1208   \n1209                   if response is None:\n1210                       status_code = 200' session_id=None response_headers=None status_code=None ssl_certificate=None


Failed to crawl: https://www.immerse.education/artificial-intelligence-online-courses/online-research-programme/
Result: url='https://www.immerse.education/artificial-intelligence-online-courses/online-research-programme/' html='' success=False cleaned_html=None media={} links={} downloaded_files=None screenshot=None pdf=None markdown=None markdown_v2=None fit_markdown=None fit_html=None extracted_content=None metadata=None error_message='Unexpected error in _crawl_web at line 1205 in _crawl_web (../../.pyenv/versions/3.12.6/lib/python3.12/site-packages/crawl4ai/async_crawler_strategy.py):\nError: Failed on navigating ACS-GOTO:\nPage.goto: Timeout 10000ms exceeded.\nCall log:\n  - navigating to "https://www.immerse.education/artificial-intelligence-online-courses/online-research-programme/", waiting until "domcontentloaded"\n\n\nCode context:\n1200   \n1201                       response = await page.goto(\n1202                           url, wait_until=config.wait_until, timeout=config.page_timeout\n1203                       )\n1204                   except Error as e:\n1205 →                     raise RuntimeError(f"Failed on navigating ACS-GOTO:\\n{str(e)}")\n1206   \n1207                   await self.execute_hook("after_goto", page, context=context, url=url, response=response)\n1208   \n1209                   if response is None:\n1210                       status_code = 200' session_id=None response_headers=None status_code=None ssl_certificate=None


Failed to crawl: https://www.immerse.education/biology-online-courses/online-research-programme/
Result: url='https://www.immerse.education/biology-online-courses/online-research-programme/' html='' success=False cleaned_html=None media={} links={} downloaded_files=None screenshot=None pdf=None markdown=None markdown_v2=None fit_markdown=None fit_html=None extracted_content=None metadata=None error_message='Unexpected error in _crawl_web at line 1205 in _crawl_web (../../.pyenv/versions/3.12.6/lib/python3.12/site-packages/crawl4ai/async_crawler_strategy.py):\nError: Failed on navigating ACS-GOTO:\nPage.goto: Timeout 10000ms exceeded.\nCall log:\n  - navigating to "https://www.immerse.education/biology-online-courses/online-research-programme/", waiting until "domcontentloaded"\n\n\nCode context:\n1200   \n1201                       response = await page.goto(\n1202                           url, wait_until=config.wait_until, timeout=config.page_timeout\n1203                       )\n1204                   except Error as e:\n1205 →                     raise RuntimeError(f"Failed on navigating ACS-GOTO:\\n{str(e)}")\n1206   \n1207                   await self.execute_hook("after_goto", page, context=context, url=url, response=response)\n1208   \n1209                   if response is None:\n1210                       status_code = 200' session_id=None response_headers=None status_code=None ssl_certificate=None


Failed to crawl: https://www.immerse.education/arts-and-humanities-online-courses/online-research-programme/
Result: url='https://www.immerse.education/arts-and-humanities-online-courses/online-research-programme/' html='' success=False cleaned_html=None media={} links={} downloaded_files=None screenshot=None pdf=None markdown=None markdown_v2=None fit_markdown=None fit_html=None extracted_content=None metadata=None error_message='Unexpected error in _crawl_web at line 1205 in _crawl_web (../../.pyenv/versions/3.12.6/lib/python3.12/site-packages/crawl4ai/async_crawler_strategy.py):\nError: Failed on navigating ACS-GOTO:\nPage.goto: Timeout 10000ms exceeded.\nCall log:\n  - navigating to "https://www.immerse.education/arts-and-humanities-online-courses/online-research-programme/", waiting until "domcontentloaded"\n\n\nCode context:\n1200   \n1201                       response = await page.goto(\n1202                           url, wait_until=config.wait_until, timeout=config.page_timeout\n1203                       )\n1204                   except Error as e:\n1205 →                     raise RuntimeError(f"Failed on navigating ACS-GOTO:\\n{str(e)}")\n1206   \n1207                   await self.execute_hook("after_goto", page, context=context, url=url, response=response)\n1208   \n1209                   if response is None:\n1210                       status_code = 200' session_id=None response_headers=None status_code=None ssl_certificate=None


Failed to crawl: https://www.immerse.education/business-and-economics-online-courses/online-research-programme/
Result: url='https://www.immerse.education/business-and-economics-online-courses/online-research-programme/' html='' success=False cleaned_html=None media={} links={} downloaded_files=None screenshot=None pdf=None markdown=None markdown_v2=None fit_markdown=None fit_html=None extracted_content=None metadata=None error_message='Unexpected error in _crawl_web at line 1205 in _crawl_web (../../.pyenv/versions/3.12.6/lib/python3.12/site-packages/crawl4ai/async_crawler_strategy.py):\nError: Failed on navigating ACS-GOTO:\nPage.goto: Timeout 10000ms exceeded.\nCall log:\n  - navigating to "https://www.immerse.education/business-and-economics-online-courses/online-research-programme/", waiting until "domcontentloaded"\n\n\nCode context:\n1200   \n1201                       response = await page.goto(\n1202                           url, wait_until=config.wait_until, timeout=config.page_timeout\n1203                       )\n1204                   except Error as e:\n1205 →                     raise RuntimeError(f"Failed on navigating ACS-GOTO:\\n{str(e)}")\n1206   \n1207                   await self.execute_hook("after_goto", page, context=context, url=url, response=response)\n1208   \n1209                   if response is None:\n1210                       status_code = 200' session_id=None response_headers=None status_code=None ssl_certificate=None


Failed to crawl: https://www.immerse.education/economics-online-courses/online-research-programme/
Result: url='https://www.immerse.education/economics-online-courses/online-research-programme/' html='' success=False cleaned_html=None media={} links={} downloaded_files=None screenshot=None pdf=None markdown=None markdown_v2=None fit_markdown=None fit_html=None extracted_content=None metadata=None error_message='Unexpected error in _crawl_web at line 1205 in _crawl_web (../../.pyenv/versions/3.12.6/lib/python3.12/site-packages/crawl4ai/async_crawler_strategy.py):\nError: Failed on navigating ACS-GOTO:\nPage.goto: Timeout 10000ms exceeded.\nCall log:\n  - navigating to "https://www.immerse.education/economics-online-courses/online-research-programme/", waiting until "domcontentloaded"\n\n\nCode context:\n1200   \n1201                       response = await page.goto(\n1202                           url, wait_until=config.wait_until, timeout=config.page_timeout\n1203                       )\n1204                   except Error as e:\n1205 →                     raise RuntimeError(f"Failed on navigating ACS-GOTO:\\n{str(e)}")\n1206   \n1207                   await self.execute_hook("after_goto", page, context=context, url=url, response=response)\n1208   \n1209                   if response is None:\n1210                       status_code = 200' session_id=None response_headers=None status_code=None ssl_certificate=None


Failed to crawl: https://www.immerse.education/engineering-online-courses/online-research-programme/
Result: url='https://www.immerse.education/engineering-online-courses/online-research-programme/' html='' success=False cleaned_html=None media={} links={} downloaded_files=None screenshot=None pdf=None markdown=None markdown_v2=None fit_markdown=None fit_html=None extracted_content=None metadata=None error_message='Unexpected error in _crawl_web at line 1205 in _crawl_web (../../.pyenv/versions/3.12.6/lib/python3.12/site-packages/crawl4ai/async_crawler_strategy.py):\nError: Failed on navigating ACS-GOTO:\nPage.goto: Timeout 10000ms exceeded.\nCall log:\n  - navigating to "https://www.immerse.education/engineering-online-courses/online-research-programme/", waiting until "domcontentloaded"\n\n\nCode context:\n1200   \n1201                       response = await page.goto(\n1202                           url, wait_until=config.wait_until, timeout=config.page_timeout\n1203                       )\n1204                   except Error as e:\n1205 →                     raise RuntimeError(f"Failed on navigating ACS-GOTO:\\n{str(e)}")\n1206   \n1207                   await self.execute_hook("after_goto", page, context=context, url=url, response=response)\n1208   \n1209                   if response is None:\n1210                       status_code = 200' session_id=None response_headers=None status_code=None ssl_certificate=None


Failed to crawl: https://www.immerse.education/english-literature-online-courses/online-research-programme/
Result: url='https://www.immerse.education/english-literature-online-courses/online-research-programme/' html='' success=False cleaned_html=None media={} links={} downloaded_files=None screenshot=None pdf=None markdown=None markdown_v2=None fit_markdown=None fit_html=None extracted_content=None metadata=None error_message='Unexpected error in _crawl_web at line 1205 in _crawl_web (../../.pyenv/versions/3.12.6/lib/python3.12/site-packages/crawl4ai/async_crawler_strategy.py):\nError: Failed on navigating ACS-GOTO:\nPage.goto: Timeout 10000ms exceeded.\nCall log:\n  - navigating to "https://www.immerse.education/english-literature-online-courses/online-research-programme/", waiting until "domcontentloaded"\n\n\nCode context:\n1200   \n1201                       response = await page.goto(\n1202                           url, wait_until=config.wait_until, timeout=config.page_timeout\n1203                       )\n1204                   except Error as e:\n1205 →                     raise RuntimeError(f"Failed on navigating ACS-GOTO:\\n{str(e)}")\n1206   \n1207                   await self.execute_hook("after_goto", page, context=context, url=url, response=response)\n1208   \n1209                   if response is None:\n1210                       status_code = 200' session_id=None response_headers=None status_code=None ssl_certificate=None


Failed to crawl: https://www.immerse.education/history-online-courses/online-research-programme/
Result: url='https://www.immerse.education/history-online-courses/online-research-programme/' html='' success=False cleaned_html=None media={} links={} downloaded_files=None screenshot=None pdf=None markdown=None markdown_v2=None fit_markdown=None fit_html=None extracted_content=None metadata=None error_message='Unexpected error in _crawl_web at line 1205 in _crawl_web (../../.pyenv/versions/3.12.6/lib/python3.12/site-packages/crawl4ai/async_crawler_strategy.py):\nError: Failed on navigating ACS-GOTO:\nPage.goto: Timeout 10000ms exceeded.\nCall log:\n  - navigating to "https://www.immerse.education/history-online-courses/online-research-programme/", waiting until "domcontentloaded"\n\n\nCode context:\n1200   \n1201                       response = await page.goto(\n1202                           url, wait_until=config.wait_until, timeout=config.page_timeout\n1203                       )\n1204                   except Error as e:\n1205 →                     raise RuntimeError(f"Failed on navigating ACS-GOTO:\\n{str(e)}")\n1206   \n1207                   await self.execute_hook("after_goto", page, context=context, url=url, response=response)\n1208   \n1209                   if response is None:\n1210                       status_code = 200' session_id=None response_headers=None status_code=None ssl_certificate=None


Failed to crawl: https://www.immerse.education/business-management-online-courses/
Result: url='https://www.immerse.education/business-management-online-courses/' html='' success=False cleaned_html=None media={} links={} downloaded_files=None screenshot=None pdf=None markdown=None markdown_v2=None fit_markdown=None fit_html=None extracted_content=None metadata=None error_message='Unexpected error in _crawl_web at line 1205 in _crawl_web (../../.pyenv/versions/3.12.6/lib/python3.12/site-packages/crawl4ai/async_crawler_strategy.py):\nError: Failed on navigating ACS-GOTO:\nPage.goto: Timeout 10000ms exceeded.\nCall log:\n  - navigating to "https://www.immerse.education/business-management-online-courses/", waiting until "domcontentloaded"\n\n\nCode context:\n1200   \n1201                       response = await page.goto(\n1202                           url, wait_until=config.wait_until, timeout=config.page_timeout\n1203                       )\n1204                   except Error as e:\n1205 →                     raise RuntimeError(f"Failed on navigating ACS-GOTO:\\n{str(e)}")\n1206   \n1207                   await self.execute_hook("after_goto", page, context=context, url=url, response=response)\n1208   \n1209                   if response is None:\n1210                       status_code = 200' session_id=None response_headers=None status_code=None ssl_certificate=None


Failed to crawl: https://www.immerse.education/engineering-online-courses/
Result: url='https://www.immerse.education/engineering-online-courses/' html='' success=False cleaned_html=None media={} links={} downloaded_files=None screenshot=None pdf=None markdown=None markdown_v2=None fit_markdown=None fit_html=None extracted_content=None metadata=None error_message='Unexpected error in _crawl_web at line 1205 in _crawl_web (../../.pyenv/versions/3.12.6/lib/python3.12/site-packages/crawl4ai/async_crawler_strategy.py):\nError: Failed on navigating ACS-GOTO:\nPage.goto: Timeout 10000ms exceeded.\nCall log:\n  - navigating to "https://www.immerse.education/engineering-online-courses/", waiting until "domcontentloaded"\n\n\nCode context:\n1200   \n1201                       response = await page.goto(\n1202                           url, wait_until=config.wait_until, timeout=config.page_timeout\n1203                       )\n1204                   except Error as e:\n1205 →                     raise RuntimeError(f"Failed on navigating ACS-GOTO:\\n{str(e)}")\n1206   \n1207                   await self.execute_hook("after_goto", page, context=context, url=url, response=response)\n1208   \n1209                   if response is None:\n1210                       status_code = 200' session_id=None response_headers=None status_code=None ssl_certificate=None


Failed to crawl: https://www.immerse.education/english-literature-online-courses/
Result: url='https://www.immerse.education/english-literature-online-courses/' html='' success=False cleaned_html=None media={} links={} downloaded_files=None screenshot=None pdf=None markdown=None markdown_v2=None fit_markdown=None fit_html=None extracted_content=None metadata=None error_message='Unexpected error in _crawl_web at line 1205 in _crawl_web (../../.pyenv/versions/3.12.6/lib/python3.12/site-packages/crawl4ai/async_crawler_strategy.py):\nError: Failed on navigating ACS-GOTO:\nPage.goto: Timeout 10000ms exceeded.\nCall log:\n  - navigating to "https://www.immerse.education/english-literature-online-courses/", waiting until "domcontentloaded"\n\n\nCode context:\n1200   \n1201                       response = await page.goto(\n1202                           url, wait_until=config.wait_until, timeout=config.page_timeout\n1203                       )\n1204                   except Error as e:\n1205 →                     raise RuntimeError(f"Failed on navigating ACS-GOTO:\\n{str(e)}")\n1206   \n1207                   await self.execute_hook("after_goto", page, context=context, url=url, response=response)\n1208   \n1209                   if response is None:\n1210                       status_code = 200' session_id=None response_headers=None status_code=None ssl_certificate=None


Failed to crawl: https://www.immerse.education/philosophy-online-courses/
Result: url='https://www.immerse.education/philosophy-online-courses/' html='' success=False cleaned_html=None media={} links={} downloaded_files=None screenshot=None pdf=None markdown=None markdown_v2=None fit_markdown=None fit_html=None extracted_content=None metadata=None error_message='Unexpected error in _crawl_web at line 1205 in _crawl_web (../../.pyenv/versions/3.12.6/lib/python3.12/site-packages/crawl4ai/async_crawler_strategy.py):\nError: Failed on navigating ACS-GOTO:\nPage.goto: Timeout 10000ms exceeded.\nCall log:\n  - navigating to "https://www.immerse.education/philosophy-online-courses/", waiting until "domcontentloaded"\n\n\nCode context:\n1200   \n1201                       response = await page.goto(\n1202                           url, wait_until=config.wait_until, timeout=config.page_timeout\n1203                       )\n1204                   except Error as e:\n1205 →                     raise RuntimeError(f"Failed on navigating ACS-GOTO:\\n{str(e)}")\n1206   \n1207                   await self.execute_hook("after_goto", page, context=context, url=url, response=response)\n1208   \n1209                   if response is None:\n1210                       status_code = 200' session_id=None response_headers=None status_code=None ssl_certificate=None


Failed to crawl: https://www.immerse.education/philosophy-online-courses/online-research-programme/
Result: url='https://www.immerse.education/philosophy-online-courses/online-research-programme/' html='' success=False cleaned_html=None media={} links={} downloaded_files=None screenshot=None pdf=None markdown=None markdown_v2=None fit_markdown=None fit_html=None extracted_content=None metadata=None error_message='Unexpected error in _crawl_web at line 1205 in _crawl_web (../../.pyenv/versions/3.12.6/lib/python3.12/site-packages/crawl4ai/async_crawler_strategy.py):\nError: Failed on navigating ACS-GOTO:\nPage.goto: Timeout 10000ms exceeded.\nCall log:\n  - navigating to "https://www.immerse.education/philosophy-online-courses/online-research-programme/", waiting until "domcontentloaded"\n\n\nCode context:\n1200   \n1201                       response = await page.goto(\n1202                           url, wait_until=config.wait_until, timeout=config.page_timeout\n1203                       )\n1204                   except Error as e:\n1205 →                     raise RuntimeError(f"Failed on navigating ACS-GOTO:\\n{str(e)}")\n1206   \n1207                   await self.execute_hook("after_goto", page, context=context, url=url, response=response)\n1208   \n1209                   if response is None:\n1210                       status_code = 200' session_id=None response_headers=None status_code=None ssl_certificate=None


Failed to crawl: https://www.immerse.education/physics-online-courses/
Result: url='https://www.immerse.education/physics-online-courses/' html='' success=False cleaned_html=None media={} links={} downloaded_files=None screenshot=None pdf=None markdown=None markdown_v2=None fit_markdown=None fit_html=None extracted_content=None metadata=None error_message='Unexpected error in _crawl_web at line 1205 in _crawl_web (../../.pyenv/versions/3.12.6/lib/python3.12/site-packages/crawl4ai/async_crawler_strategy.py):\nError: Failed on navigating ACS-GOTO:\nPage.goto: Timeout 10000ms exceeded.\nCall log:\n  - navigating to "https://www.immerse.education/physics-online-courses/", waiting until "domcontentloaded"\n\n\nCode context:\n1200   \n1201                       response = await page.goto(\n1202                           url, wait_until=config.wait_until, timeout=config.page_timeout\n1203                       )\n1204                   except Error as e:\n1205 →                     raise RuntimeError(f"Failed on navigating ACS-GOTO:\\n{str(e)}")\n1206   \n1207                   await self.execute_hook("after_goto", page, context=context, url=url, response=response)\n1208   \n1209                   if response is None:\n1210                       status_code = 200' session_id=None response_headers=None status_code=None ssl_certificate=None


Failed to crawl: https://www.immerse.education/architecture-online-courses/
Result: url='https://www.immerse.education/architecture-online-courses/' html='' success=False cleaned_html=None media={} links={} downloaded_files=None screenshot=None pdf=None markdown=None markdown_v2=None fit_markdown=None fit_html=None extracted_content=None metadata=None error_message='Unexpected error in _crawl_web at line 1205 in _crawl_web (../../.pyenv/versions/3.12.6/lib/python3.12/site-packages/crawl4ai/async_crawler_strategy.py):\nError: Failed on navigating ACS-GOTO:\nPage.goto: Timeout 10000ms exceeded.\nCall log:\n  - navigating to "https://www.immerse.education/architecture-online-courses/", waiting until "domcontentloaded"\n\n\nCode context:\n1200   \n1201                       response = await page.goto(\n1202                           url, wait_until=config.wait_until, timeout=config.page_timeout\n1203                       )\n1204                   except Error as e:\n1205 →                     raise RuntimeError(f"Failed on navigating ACS-GOTO:\\n{str(e)}")\n1206   \n1207                   await self.execute_hook("after_goto", page, context=context, url=url, response=response)\n1208   \n1209                   if response is None:\n1210                       status_code = 200' session_id=None response_headers=None status_code=None ssl_certificate=None


Failed to crawl: https://www.immerse.education/engineering-summer-school/toronto/
Result: url='https://www.immerse.education/engineering-summer-school/toronto/' html='' success=False cleaned_html=None media={} links={} downloaded_files=None screenshot=None pdf=None markdown=None markdown_v2=None fit_markdown=None fit_html=None extracted_content=None metadata=None error_message='Unexpected error in _crawl_web at line 1205 in _crawl_web (../../.pyenv/versions/3.12.6/lib/python3.12/site-packages/crawl4ai/async_crawler_strategy.py):\nError: Failed on navigating ACS-GOTO:\nPage.goto: Timeout 10000ms exceeded.\nCall log:\n  - navigating to "https://www.immerse.education/engineering-summer-school/toronto/", waiting until "domcontentloaded"\n\n\nCode context:\n1200   \n1201                       response = await page.goto(\n1202                           url, wait_until=config.wait_until, timeout=config.page_timeout\n1203                       )\n1204                   except Error as e:\n1205 →                     raise RuntimeError(f"Failed on navigating ACS-GOTO:\\n{str(e)}")\n1206   \n1207                   await self.execute_hook("after_goto", page, context=context, url=url, response=response)\n1208   \n1209                   if response is None:\n1210                       status_code = 200' session_id=None response_headers=None status_code=None ssl_certificate=None


Failed to crawl: https://www.immerse.education/nanotechnology-summer-school/oxford/
Result: url='https://www.immerse.education/nanotechnology-summer-school/oxford/' html='' success=False cleaned_html=None media={} links={} downloaded_files=None screenshot=None pdf=None markdown=None markdown_v2=None fit_markdown=None fit_html=None extracted_content=None metadata=None error_message='Unexpected error in _crawl_web at line 1205 in _crawl_web (../../.pyenv/versions/3.12.6/lib/python3.12/site-packages/crawl4ai/async_crawler_strategy.py):\nError: Failed on navigating ACS-GOTO:\nPage.goto: Timeout 10000ms exceeded.\nCall log:\n  - navigating to "https://www.immerse.education/nanotechnology-summer-school/oxford/", waiting until "domcontentloaded"\n\n\nCode context:\n1200   \n1201                       response = await page.goto(\n1202                           url, wait_until=config.wait_until, timeout=config.page_timeout\n1203                       )\n1204                   except Error as e:\n1205 →                     raise RuntimeError(f"Failed on navigating ACS-GOTO:\\n{str(e)}")\n1206   \n1207                   await self.execute_hook("after_goto", page, context=context, url=url, response=response)\n1208   \n1209                   if response is None:\n1210                       status_code = 200' session_id=None response_headers=None status_code=None ssl_certificate=None


Failed to crawl: https://www.immerse.education/banking-finance-summer-school/oxford/
Result: url='https://www.immerse.education/banking-finance-summer-school/oxford/' html='' success=False cleaned_html=None media={} links={} downloaded_files=None screenshot=None pdf=None markdown=None markdown_v2=None fit_markdown=None fit_html=None extracted_content=None metadata=None error_message='Unexpected error in _crawl_web at line 1205 in _crawl_web (../../.pyenv/versions/3.12.6/lib/python3.12/site-packages/crawl4ai/async_crawler_strategy.py):\nError: Failed on navigating ACS-GOTO:\nPage.goto: Timeout 10000ms exceeded.\nCall log:\n  - navigating to "https://www.immerse.education/banking-finance-summer-school/oxford/", waiting until "domcontentloaded"\n\n\nCode context:\n1200   \n1201                       response = await page.goto(\n1202                           url, wait_until=config.wait_until, timeout=config.page_timeout\n1203                       )\n1204                   except Error as e:\n1205 →                     raise RuntimeError(f"Failed on navigating ACS-GOTO:\\n{str(e)}")\n1206   \n1207                   await self.execute_hook("after_goto", page, context=context, url=url, response=response)\n1208   \n1209                   if response is None:\n1210                       status_code = 200' session_id=None response_headers=None status_code=None ssl_certificate=None


Failed to crawl: https://www.immerse.education/architecture-summer-school-elementor/
Result: url='https://www.immerse.education/architecture-summer-school-elementor/' html='' success=False cleaned_html=None media={} links={} downloaded_files=None screenshot=None pdf=None markdown=None markdown_v2=None fit_markdown=None fit_html=None extracted_content=None metadata=None error_message='Unexpected error in _crawl_web at line 1205 in _crawl_web (../../.pyenv/versions/3.12.6/lib/python3.12/site-packages/crawl4ai/async_crawler_strategy.py):\nError: Failed on navigating ACS-GOTO:\nPage.goto: Timeout 10000ms exceeded.\nCall log:\n  - navigating to "https://www.immerse.education/architecture-summer-school-elementor/", waiting until "domcontentloaded"\n\n\nCode context:\n1200   \n1201                       response = await page.goto(\n1202                           url, wait_until=config.wait_until, timeout=config.page_timeout\n1203                       )\n1204                   except Error as e:\n1205 →                     raise RuntimeError(f"Failed on navigating ACS-GOTO:\\n{str(e)}")\n1206   \n1207                   await self.execute_hook("after_goto", page, context=context, url=url, response=response)\n1208   \n1209                   if response is None:\n1210                       status_code = 200' session_id=None response_headers=None status_code=None ssl_certificate=None


Failed to crawl: https://www.immerse.education/law-summer-school/new-york/
Result: url='https://www.immerse.education/law-summer-school/new-york/' html='' success=False cleaned_html=None media={} links={} downloaded_files=None screenshot=None pdf=None markdown=None markdown_v2=None fit_markdown=None fit_html=None extracted_content=None metadata=None error_message='Unexpected error in _crawl_web at line 1205 in _crawl_web (../../.pyenv/versions/3.12.6/lib/python3.12/site-packages/crawl4ai/async_crawler_strategy.py):\nError: Failed on navigating ACS-GOTO:\nPage.goto: Timeout 10000ms exceeded.\nCall log:\n  - navigating to "https://www.immerse.education/law-summer-school/new-york/", waiting until "domcontentloaded"\n\n\nCode context:\n1200   \n1201                       response = await page.goto(\n1202                           url, wait_until=config.wait_until, timeout=config.page_timeout\n1203                       )\n1204                   except Error as e:\n1205 →                     raise RuntimeError(f"Failed on navigating ACS-GOTO:\\n{str(e)}")\n1206   \n1207                   await self.execute_hook("after_goto", page, context=context, url=url, response=response)\n1208   \n1209                   if response is None:\n1210                       status_code = 200' session_id=None response_headers=None status_code=None ssl_certificate=None


Failed to crawl: https://www.immerse.education/medicine-biotechnology-summer-school/san-francisco/
Result: url='https://www.immerse.education/medicine-biotechnology-summer-school/san-francisco/' html='' success=False cleaned_html=None media={} links={} downloaded_files=None screenshot=None pdf=None markdown=None markdown_v2=None fit_markdown=None fit_html=None extracted_content=None metadata=None error_message='Unexpected error in _crawl_web at line 1205 in _crawl_web (../../.pyenv/versions/3.12.6/lib/python3.12/site-packages/crawl4ai/async_crawler_strategy.py):\nError: Failed on navigating ACS-GOTO:\nPage.goto: Timeout 10000ms exceeded.\nCall log:\n  - navigating to "https://www.immerse.education/medicine-biotechnology-summer-school/san-francisco/", waiting until "domcontentloaded"\n\n\nCode context:\n1200   \n1201                       response = await page.goto(\n1202                           url, wait_until=config.wait_until, timeout=config.page_timeout\n1203                       )\n1204                   except Error as e:\n1205 →                     raise RuntimeError(f"Failed on navigating ACS-GOTO:\\n{str(e)}")\n1206   \n1207                   await self.execute_hook("after_goto", page, context=context, url=url, response=response)\n1208   \n1209                   if response is None:\n1210                       status_code = 200' session_id=None response_headers=None status_code=None ssl_certificate=None


Failed to crawl: https://www.immerse.education/data-science-and-analytics-summer-school/san-francisco/
Result: url='https://www.immerse.education/data-science-and-analytics-summer-school/san-francisco/' html='' success=False cleaned_html=None media={} links={} downloaded_files=None screenshot=None pdf=None markdown=None markdown_v2=None fit_markdown=None fit_html=None extracted_content=None metadata=None error_message='Unexpected error in _crawl_web at line 1205 in _crawl_web (../../.pyenv/versions/3.12.6/lib/python3.12/site-packages/crawl4ai/async_crawler_strategy.py):\nError: Failed on navigating ACS-GOTO:\nPage.goto: Timeout 10000ms exceeded.\nCall log:\n  - navigating to "https://www.immerse.education/data-science-and-analytics-summer-school/san-francisco/", waiting until "domcontentloaded"\n\n\nCode context:\n1200   \n1201                       response = await page.goto(\n1202                           url, wait_until=config.wait_until, timeout=config.page_timeout\n1203                       )\n1204                   except Error as e:\n1205 →                     raise RuntimeError(f"Failed on navigating ACS-GOTO:\\n{str(e)}")\n1206   \n1207                   await self.execute_hook("after_goto", page, context=context, url=url, response=response)\n1208   \n1209                   if response is None:\n1210                       status_code = 200' session_id=None response_headers=None status_code=None ssl_certificate=None


Failed to crawl: https://www.immerse.education/female-future-leaders-summer-school/
Result: url='https://www.immerse.education/female-future-leaders-summer-school/' html='' success=False cleaned_html=None media={} links={} downloaded_files=None screenshot=None pdf=None markdown=None markdown_v2=None fit_markdown=None fit_html=None extracted_content=None metadata=None error_message='Unexpected error in _crawl_web at line 1205 in _crawl_web (../../.pyenv/versions/3.12.6/lib/python3.12/site-packages/crawl4ai/async_crawler_strategy.py):\nError: Failed on navigating ACS-GOTO:\nPage.goto: Timeout 10000ms exceeded.\nCall log:\n  - navigating to "https://www.immerse.education/female-future-leaders-summer-school/", waiting until "domcontentloaded"\n\n\nCode context:\n1200   \n1201                       response = await page.goto(\n1202                           url, wait_until=config.wait_until, timeout=config.page_timeout\n1203                       )\n1204                   except Error as e:\n1205 →                     raise RuntimeError(f"Failed on navigating ACS-GOTO:\\n{str(e)}")\n1206   \n1207                   await self.execute_hook("after_goto", page, context=context, url=url, response=response)\n1208   \n1209                   if response is None:\n1210                       status_code = 200' session_id=None response_headers=None status_code=None ssl_certificate=None


Failed to crawl: https://www.immerse.education/film-studies-summer-school/
Result: url='https://www.immerse.education/film-studies-summer-school/' html='' success=False cleaned_html=None media={} links={} downloaded_files=None screenshot=None pdf=None markdown=None markdown_v2=None fit_markdown=None fit_html=None extracted_content=None metadata=None error_message='Unexpected error in _crawl_web at line 1205 in _crawl_web (../../.pyenv/versions/3.12.6/lib/python3.12/site-packages/crawl4ai/async_crawler_strategy.py):\nError: Failed on navigating ACS-GOTO:\nPage.goto: Timeout 10000ms exceeded.\nCall log:\n  - navigating to "https://www.immerse.education/film-studies-summer-school/", waiting until "domcontentloaded"\n\n\nCode context:\n1200   \n1201                       response = await page.goto(\n1202                           url, wait_until=config.wait_until, timeout=config.page_timeout\n1203                       )\n1204                   except Error as e:\n1205 →                     raise RuntimeError(f"Failed on navigating ACS-GOTO:\\n{str(e)}")\n1206   \n1207                   await self.execute_hook("after_goto", page, context=context, url=url, response=response)\n1208   \n1209                   if response is None:\n1210                       status_code = 200' session_id=None response_headers=None status_code=None ssl_certificate=None


Failed to crawl: https://www.immerse.education/history-summer-school/
Result: url='https://www.immerse.education/history-summer-school/' html='' success=False cleaned_html=None media={} links={} downloaded_files=None screenshot=None pdf=None markdown=None markdown_v2=None fit_markdown=None fit_html=None extracted_content=None metadata=None error_message='Unexpected error in _crawl_web at line 1205 in _crawl_web (../../.pyenv/versions/3.12.6/lib/python3.12/site-packages/crawl4ai/async_crawler_strategy.py):\nError: Failed on navigating ACS-GOTO:\nPage.goto: Timeout 10000ms exceeded.\nCall log:\n  - navigating to "https://www.immerse.education/history-summer-school/", waiting until "domcontentloaded"\n\n\nCode context:\n1200   \n1201                       response = await page.goto(\n1202                           url, wait_until=config.wait_until, timeout=config.page_timeout\n1203                       )\n1204                   except Error as e:\n1205 →                     raise RuntimeError(f"Failed on navigating ACS-GOTO:\\n{str(e)}")\n1206   \n1207                   await self.execute_hook("after_goto", page, context=context, url=url, response=response)\n1208   \n1209                   if response is None:\n1210                       status_code = 200' session_id=None response_headers=None status_code=None ssl_certificate=None


Failed to crawl: https://www.immerse.education/law-summer-school/
Result: url='https://www.immerse.education/law-summer-school/' html='' success=False cleaned_html=None media={} links={} downloaded_files=None screenshot=None pdf=None markdown=None markdown_v2=None fit_markdown=None fit_html=None extracted_content=None metadata=None error_message='Unexpected error in _crawl_web at line 1205 in _crawl_web (../../.pyenv/versions/3.12.6/lib/python3.12/site-packages/crawl4ai/async_crawler_strategy.py):\nError: Failed on navigating ACS-GOTO:\nPage.goto: Timeout 10000ms exceeded.\nCall log:\n  - navigating to "https://www.immerse.education/law-summer-school/", waiting until "domcontentloaded"\n\n\nCode context:\n1200   \n1201                       response = await page.goto(\n1202                           url, wait_until=config.wait_until, timeout=config.page_timeout\n1203                       )\n1204                   except Error as e:\n1205 →                     raise RuntimeError(f"Failed on navigating ACS-GOTO:\\n{str(e)}")\n1206   \n1207                   await self.execute_hook("after_goto", page, context=context, url=url, response=response)\n1208   \n1209                   if response is None:\n1210                       status_code = 200' session_id=None response_headers=None status_code=None ssl_certificate=None


Failed to crawl: https://www.immerse.education/philosophy-summer-school/
Result: url='https://www.immerse.education/philosophy-summer-school/' html='' success=False cleaned_html=None media={} links={} downloaded_files=None screenshot=None pdf=None markdown=None markdown_v2=None fit_markdown=None fit_html=None extracted_content=None metadata=None error_message='Unexpected error in _crawl_web at line 1205 in _crawl_web (../../.pyenv/versions/3.12.6/lib/python3.12/site-packages/crawl4ai/async_crawler_strategy.py):\nError: Failed on navigating ACS-GOTO:\nPage.goto: Timeout 10000ms exceeded.\nCall log:\n  - navigating to "https://www.immerse.education/philosophy-summer-school/", waiting until "domcontentloaded"\n\n\nCode context:\n1200   \n1201                       response = await page.goto(\n1202                           url, wait_until=config.wait_until, timeout=config.page_timeout\n1203                       )\n1204                   except Error as e:\n1205 →                     raise RuntimeError(f"Failed on navigating ACS-GOTO:\\n{str(e)}")\n1206   \n1207                   await self.execute_hook("after_goto", page, context=context, url=url, response=response)\n1208   \n1209                   if response is None:\n1210                       status_code = 200' session_id=None response_headers=None status_code=None ssl_certificate=None


Failed to crawl: https://www.immerse.education/entrepreneurship-summer-school/
Result: url='https://www.immerse.education/entrepreneurship-summer-school/' html='' success=False cleaned_html=None media={} links={} downloaded_files=None screenshot=None pdf=None markdown=None markdown_v2=None fit_markdown=None fit_html=None extracted_content=None metadata=None error_message='Unexpected error in _crawl_web at line 1205 in _crawl_web (../../.pyenv/versions/3.12.6/lib/python3.12/site-packages/crawl4ai/async_crawler_strategy.py):\nError: Failed on navigating ACS-GOTO:\nPage.goto: Timeout 10000ms exceeded.\nCall log:\n  - navigating to "https://www.immerse.education/entrepreneurship-summer-school/", waiting until "domcontentloaded"\n\n\nCode context:\n1200   \n1201                       response = await page.goto(\n1202                           url, wait_until=config.wait_until, timeout=config.page_timeout\n1203                       )\n1204                   except Error as e:\n1205 →                     raise RuntimeError(f"Failed on navigating ACS-GOTO:\\n{str(e)}")\n1206   \n1207                   await self.execute_hook("after_goto", page, context=context, url=url, response=response)\n1208   \n1209                   if response is None:\n1210                       status_code = 200' session_id=None response_headers=None status_code=None ssl_certificate=None


Failed to crawl: https://www.immerse.education/marketing-entertainment-summer-school/
Result: url='https://www.immerse.education/marketing-entertainment-summer-school/' html='' success=False cleaned_html=None media={} links={} downloaded_files=None screenshot=None pdf=None markdown=None markdown_v2=None fit_markdown=None fit_html=None extracted_content=None metadata=None error_message='Unexpected error in _crawl_web at line 1205 in _crawl_web (../../.pyenv/versions/3.12.6/lib/python3.12/site-packages/crawl4ai/async_crawler_strategy.py):\nError: Failed on navigating ACS-GOTO:\nPage.goto: Timeout 10000ms exceeded.\nCall log:\n  - navigating to "https://www.immerse.education/marketing-entertainment-summer-school/", waiting until "domcontentloaded"\n\n\nCode context:\n1200   \n1201                       response = await page.goto(\n1202                           url, wait_until=config.wait_until, timeout=config.page_timeout\n1203                       )\n1204                   except Error as e:\n1205 →                     raise RuntimeError(f"Failed on navigating ACS-GOTO:\\n{str(e)}")\n1206   \n1207                   await self.execute_hook("after_goto", page, context=context, url=url, response=response)\n1208   \n1209                   if response is None:\n1210                       status_code = 200' session_id=None response_headers=None status_code=None ssl_certificate=None


Failed to crawl: https://www.immerse.education/banking-finance-summer-school/london/
Result: url='https://www.immerse.education/banking-finance-summer-school/london/' html='' success=False cleaned_html=None media={} links={} downloaded_files=None screenshot=None pdf=None markdown=None markdown_v2=None fit_markdown=None fit_html=None extracted_content=None metadata=None error_message='Unexpected error in _crawl_web at line 1205 in _crawl_web (../../.pyenv/versions/3.12.6/lib/python3.12/site-packages/crawl4ai/async_crawler_strategy.py):\nError: Failed on navigating ACS-GOTO:\nPage.goto: Timeout 10000ms exceeded.\nCall log:\n  - navigating to "https://www.immerse.education/banking-finance-summer-school/london/", waiting until "domcontentloaded"\n\n\nCode context:\n1200   \n1201                       response = await page.goto(\n1202                           url, wait_until=config.wait_until, timeout=config.page_timeout\n1203                       )\n1204                   except Error as e:\n1205 →                     raise RuntimeError(f"Failed on navigating ACS-GOTO:\\n{str(e)}")\n1206   \n1207                   await self.execute_hook("after_goto", page, context=context, url=url, response=response)\n1208   \n1209                   if response is None:\n1210                       status_code = 200' session_id=None response_headers=None status_code=None ssl_certificate=None


Failed to crawl: https://www.immerse.education/fine-and-digital-art-summer-school/london/
Result: url='https://www.immerse.education/fine-and-digital-art-summer-school/london/' html='' success=False cleaned_html=None media={} links={} downloaded_files=None screenshot=None pdf=None markdown=None markdown_v2=None fit_markdown=None fit_html=None extracted_content=None metadata=None error_message='Unexpected error in _crawl_web at line 1205 in _crawl_web (../../.pyenv/versions/3.12.6/lib/python3.12/site-packages/crawl4ai/async_crawler_strategy.py):\nError: Failed on navigating ACS-GOTO:\nPage.goto: Timeout 10000ms exceeded.\nCall log:\n  - navigating to "https://www.immerse.education/fine-and-digital-art-summer-school/london/", waiting until "domcontentloaded"\n\n\nCode context:\n1200   \n1201                       response = await page.goto(\n1202                           url, wait_until=config.wait_until, timeout=config.page_timeout\n1203                       )\n1204                   except Error as e:\n1205 →                     raise RuntimeError(f"Failed on navigating ACS-GOTO:\\n{str(e)}")\n1206   \n1207                   await self.execute_hook("after_goto", page, context=context, url=url, response=response)\n1208   \n1209                   if response is None:\n1210                       status_code = 200' session_id=None response_headers=None status_code=None ssl_certificate=None


Failed to crawl: https://www.immerse.education/software-development-gaming-summer-school/london/
Result: url='https://www.immerse.education/software-development-gaming-summer-school/london/' html='' success=False cleaned_html=None media={} links={} downloaded_files=None screenshot=None pdf=None markdown=None markdown_v2=None fit_markdown=None fit_html=None extracted_content=None metadata=None error_message='Unexpected error in _crawl_web at line 1205 in _crawl_web (../../.pyenv/versions/3.12.6/lib/python3.12/site-packages/crawl4ai/async_crawler_strategy.py):\nError: Failed on navigating ACS-GOTO:\nPage.goto: Timeout 10000ms exceeded.\nCall log:\n  - navigating to "https://www.immerse.education/software-development-gaming-summer-school/london/", waiting until "domcontentloaded"\n\n\nCode context:\n1200   \n1201                       response = await page.goto(\n1202                           url, wait_until=config.wait_until, timeout=config.page_timeout\n1203                       )\n1204                   except Error as e:\n1205 →                     raise RuntimeError(f"Failed on navigating ACS-GOTO:\\n{str(e)}")\n1206   \n1207                   await self.execute_hook("after_goto", page, context=context, url=url, response=response)\n1208   \n1209                   if response is None:\n1210                       status_code = 200' session_id=None response_headers=None status_code=None ssl_certificate=None


Failed to crawl: https://www.immerse.education/business-management-summer-school/new-york/
Result: url='https://www.immerse.education/business-management-summer-school/new-york/' html='' success=False cleaned_html=None media={} links={} downloaded_files=None screenshot=None pdf=None markdown=None markdown_v2=None fit_markdown=None fit_html=None extracted_content=None metadata=None error_message='Unexpected error in _crawl_web at line 1205 in _crawl_web (../../.pyenv/versions/3.12.6/lib/python3.12/site-packages/crawl4ai/async_crawler_strategy.py):\nError: Failed on navigating ACS-GOTO:\nPage.goto: Timeout 10000ms exceeded.\nCall log:\n  - navigating to "https://www.immerse.education/business-management-summer-school/new-york/", waiting until "domcontentloaded"\n\n\nCode context:\n1200   \n1201                       response = await page.goto(\n1202                           url, wait_until=config.wait_until, timeout=config.page_timeout\n1203                       )\n1204                   except Error as e:\n1205 →                     raise RuntimeError(f"Failed on navigating ACS-GOTO:\\n{str(e)}")\n1206   \n1207                   await self.execute_hook("after_goto", page, context=context, url=url, response=response)\n1208   \n1209                   if response is None:\n1210                       status_code = 200' session_id=None response_headers=None status_code=None ssl_certificate=None


Failed to crawl: https://www.immerse.education/marketing-entertainment-summer-school/san-francisco/
Result: url='https://www.immerse.education/marketing-entertainment-summer-school/san-francisco/' html='' success=False cleaned_html=None media={} links={} downloaded_files=None screenshot=None pdf=None markdown=None markdown_v2=None fit_markdown=None fit_html=None extracted_content=None metadata=None error_message='Unexpected error in _crawl_web at line 1205 in _crawl_web (../../.pyenv/versions/3.12.6/lib/python3.12/site-packages/crawl4ai/async_crawler_strategy.py):\nError: Failed on navigating ACS-GOTO:\nPage.goto: Timeout 10000ms exceeded.\nCall log:\n  - navigating to "https://www.immerse.education/marketing-entertainment-summer-school/san-francisco/", waiting until "domcontentloaded"\n\n\nCode context:\n1200   \n1201                       response = await page.goto(\n1202                           url, wait_until=config.wait_until, timeout=config.page_timeout\n1203                       )\n1204                   except Error as e:\n1205 →                     raise RuntimeError(f"Failed on navigating ACS-GOTO:\\n{str(e)}")\n1206   \n1207                   await self.execute_hook("after_goto", page, context=context, url=url, response=response)\n1208   \n1209                   if response is None:\n1210                       status_code = 200' session_id=None response_headers=None status_code=None ssl_certificate=None


Failed to crawl: https://www.immerse.education/business-management-summer-school/tokyo/
Result: url='https://www.immerse.education/business-management-summer-school/tokyo/' html='' success=False cleaned_html=None media={} links={} downloaded_files=None screenshot=None pdf=None markdown=None markdown_v2=None fit_markdown=None fit_html=None extracted_content=None metadata=None error_message='Unexpected error in _crawl_web at line 1205 in _crawl_web (../../.pyenv/versions/3.12.6/lib/python3.12/site-packages/crawl4ai/async_crawler_strategy.py):\nError: Failed on navigating ACS-GOTO:\nPage.goto: Timeout 10000ms exceeded.\nCall log:\n  - navigating to "https://www.immerse.education/business-management-summer-school/tokyo/", waiting until "domcontentloaded"\n\n\nCode context:\n1200   \n1201                       response = await page.goto(\n1202                           url, wait_until=config.wait_until, timeout=config.page_timeout\n1203                       )\n1204                   except Error as e:\n1205 →                     raise RuntimeError(f"Failed on navigating ACS-GOTO:\\n{str(e)}")\n1206   \n1207                   await self.execute_hook("after_goto", page, context=context, url=url, response=response)\n1208   \n1209                   if response is None:\n1210                       status_code = 200' session_id=None response_headers=None status_code=None ssl_certificate=None


Failed to crawl: https://www.immerse.education/software-development-ai-summer-school/boston/
Result: url='https://www.immerse.education/software-development-ai-summer-school/boston/' html='' success=False cleaned_html=None media={} links={} downloaded_files=None screenshot=None pdf=None markdown=None markdown_v2=None fit_markdown=None fit_html=None extracted_content=None metadata=None error_message='Unexpected error in _crawl_web at line 1205 in _crawl_web (../../.pyenv/versions/3.12.6/lib/python3.12/site-packages/crawl4ai/async_crawler_strategy.py):\nError: Failed on navigating ACS-GOTO:\nPage.goto: Timeout 10000ms exceeded.\nCall log:\n  - navigating to "https://www.immerse.education/software-development-ai-summer-school/boston/", waiting until "domcontentloaded"\n\n\nCode context:\n1200   \n1201                       response = await page.goto(\n1202                           url, wait_until=config.wait_until, timeout=config.page_timeout\n1203                       )\n1204                   except Error as e:\n1205 →                     raise RuntimeError(f"Failed on navigating ACS-GOTO:\\n{str(e)}")\n1206   \n1207                   await self.execute_hook("after_goto", page, context=context, url=url, response=response)\n1208   \n1209                   if response is None:\n1210                       status_code = 200' session_id=None response_headers=None status_code=None ssl_certificate=None


Failed to crawl: https://www.immerse.education/software-development-ai-summer-school/singapore/
Result: url='https://www.immerse.education/software-development-ai-summer-school/singapore/' html='' success=False cleaned_html=None media={} links={} downloaded_files=None screenshot=None pdf=None markdown=None markdown_v2=None fit_markdown=None fit_html=None extracted_content=None metadata=None error_message='Unexpected error in _crawl_web at line 1205 in _crawl_web (../../.pyenv/versions/3.12.6/lib/python3.12/site-packages/crawl4ai/async_crawler_strategy.py):\nError: Failed on navigating ACS-GOTO:\nPage.goto: Timeout 10000ms exceeded.\nCall log:\n  - navigating to "https://www.immerse.education/software-development-ai-summer-school/singapore/", waiting until "domcontentloaded"\n\n\nCode context:\n1200   \n1201                       response = await page.goto(\n1202                           url, wait_until=config.wait_until, timeout=config.page_timeout\n1203                       )\n1204                   except Error as e:\n1205 →                     raise RuntimeError(f"Failed on navigating ACS-GOTO:\\n{str(e)}")\n1206   \n1207                   await self.execute_hook("after_goto", page, context=context, url=url, response=response)\n1208   \n1209                   if response is None:\n1210                       status_code = 200' session_id=None response_headers=None status_code=None ssl_certificate=None


Failed to crawl: https://www.immerse.education/software-development-ai-summer-school/toronto/
Result: url='https://www.immerse.education/software-development-ai-summer-school/toronto/' html='' success=False cleaned_html=None media={} links={} downloaded_files=None screenshot=None pdf=None markdown=None markdown_v2=None fit_markdown=None fit_html=None extracted_content=None metadata=None error_message='Unexpected error in _crawl_web at line 1205 in _crawl_web (../../.pyenv/versions/3.12.6/lib/python3.12/site-packages/crawl4ai/async_crawler_strategy.py):\nError: Failed on navigating ACS-GOTO:\nPage.goto: Timeout 10000ms exceeded.\nCall log:\n  - navigating to "https://www.immerse.education/software-development-ai-summer-school/toronto/", waiting until "domcontentloaded"\n\n\nCode context:\n1200   \n1201                       response = await page.goto(\n1202                           url, wait_until=config.wait_until, timeout=config.page_timeout\n1203                       )\n1204                   except Error as e:\n1205 →                     raise RuntimeError(f"Failed on navigating ACS-GOTO:\\n{str(e)}")\n1206   \n1207                   await self.execute_hook("after_goto", page, context=context, url=url, response=response)\n1208   \n1209                   if response is None:\n1210                       status_code = 200' session_id=None response_headers=None status_code=None ssl_certificate=None


Failed to crawl: https://www.immerse.education/creative-writing-summer-school/oxford/
Result: url='https://www.immerse.education/creative-writing-summer-school/oxford/' html='' success=False cleaned_html=None media={} links={} downloaded_files=None screenshot=None pdf=None markdown=None markdown_v2=None fit_markdown=None fit_html=None extracted_content=None metadata=None error_message='Unexpected error in _crawl_web at line 1205 in _crawl_web (../../.pyenv/versions/3.12.6/lib/python3.12/site-packages/crawl4ai/async_crawler_strategy.py):\nError: Failed on navigating ACS-GOTO:\nPage.goto: Timeout 10000ms exceeded.\nCall log:\n  - navigating to "https://www.immerse.education/creative-writing-summer-school/oxford/", waiting until "domcontentloaded"\n\n\nCode context:\n1200   \n1201                       response = await page.goto(\n1202                           url, wait_until=config.wait_until, timeout=config.page_timeout\n1203                       )\n1204                   except Error as e:\n1205 →                     raise RuntimeError(f"Failed on navigating ACS-GOTO:\\n{str(e)}")\n1206   \n1207                   await self.execute_hook("after_goto", page, context=context, url=url, response=response)\n1208   \n1209                   if response is None:\n1210                       status_code = 200' session_id=None response_headers=None status_code=None ssl_certificate=None


Failed to crawl: https://www.immerse.education/film-studies-summer-school/oxford/
Result: url='https://www.immerse.education/film-studies-summer-school/oxford/' html='' success=False cleaned_html=None media={} links={} downloaded_files=None screenshot=None pdf=None markdown=None markdown_v2=None fit_markdown=None fit_html=None extracted_content=None metadata=None error_message='Unexpected error in _crawl_web at line 1205 in _crawl_web (../../.pyenv/versions/3.12.6/lib/python3.12/site-packages/crawl4ai/async_crawler_strategy.py):\nError: Failed on navigating ACS-GOTO:\nPage.goto: Timeout 10000ms exceeded.\nCall log:\n  - navigating to "https://www.immerse.education/film-studies-summer-school/oxford/", waiting until "domcontentloaded"\n\n\nCode context:\n1200   \n1201                       response = await page.goto(\n1202                           url, wait_until=config.wait_until, timeout=config.page_timeout\n1203                       )\n1204                   except Error as e:\n1205 →                     raise RuntimeError(f"Failed on navigating ACS-GOTO:\\n{str(e)}")\n1206   \n1207                   await self.execute_hook("after_goto", page, context=context, url=url, response=response)\n1208   \n1209                   if response is None:\n1210                       status_code = 200' session_id=None response_headers=None status_code=None ssl_certificate=None


Failed to crawl: https://www.immerse.education/law-summer-school/cambridge/
Result: url='https://www.immerse.education/law-summer-school/cambridge/' html='' success=False cleaned_html=None media={} links={} downloaded_files=None screenshot=None pdf=None markdown=None markdown_v2=None fit_markdown=None fit_html=None extracted_content=None metadata=None error_message='Unexpected error in _crawl_web at line 1205 in _crawl_web (../../.pyenv/versions/3.12.6/lib/python3.12/site-packages/crawl4ai/async_crawler_strategy.py):\nError: Failed on navigating ACS-GOTO:\nPage.goto: Timeout 10000ms exceeded.\nCall log:\n  - navigating to "https://www.immerse.education/law-summer-school/cambridge/", waiting until "domcontentloaded"\n\n\nCode context:\n1200   \n1201                       response = await page.goto(\n1202                           url, wait_until=config.wait_until, timeout=config.page_timeout\n1203                       )\n1204                   except Error as e:\n1205 →                     raise RuntimeError(f"Failed on navigating ACS-GOTO:\\n{str(e)}")\n1206   \n1207                   await self.execute_hook("after_goto", page, context=context, url=url, response=response)\n1208   \n1209                   if response is None:\n1210                       status_code = 200' session_id=None response_headers=None status_code=None ssl_certificate=None


Failed to crawl: https://www.immerse.education/philosophy-summer-school/cambridge/
Result: url='https://www.immerse.education/philosophy-summer-school/cambridge/' html='' success=False cleaned_html=None media={} links={} downloaded_files=None screenshot=None pdf=None markdown=None markdown_v2=None fit_markdown=None fit_html=None extracted_content=None metadata=None error_message='Unexpected error in _crawl_web at line 1205 in _crawl_web (../../.pyenv/versions/3.12.6/lib/python3.12/site-packages/crawl4ai/async_crawler_strategy.py):\nError: Failed on navigating ACS-GOTO:\nPage.goto: Timeout 10000ms exceeded.\nCall log:\n  - navigating to "https://www.immerse.education/philosophy-summer-school/cambridge/", waiting until "domcontentloaded"\n\n\nCode context:\n1200   \n1201                       response = await page.goto(\n1202                           url, wait_until=config.wait_until, timeout=config.page_timeout\n1203                       )\n1204                   except Error as e:\n1205 →                     raise RuntimeError(f"Failed on navigating ACS-GOTO:\\n{str(e)}")\n1206   \n1207                   await self.execute_hook("after_goto", page, context=context, url=url, response=response)\n1208   \n1209                   if response is None:\n1210                       status_code = 200' session_id=None response_headers=None status_code=None ssl_certificate=None


Failed to crawl: https://www.immerse.education/philosophy-politics-economics-summer-school/oxford/
Result: url='https://www.immerse.education/philosophy-politics-economics-summer-school/oxford/' html='' success=False cleaned_html=None media={} links={} downloaded_files=None screenshot=None pdf=None markdown=None markdown_v2=None fit_markdown=None fit_html=None extracted_content=None metadata=None error_message='Unexpected error in _crawl_web at line 1205 in _crawl_web (../../.pyenv/versions/3.12.6/lib/python3.12/site-packages/crawl4ai/async_crawler_strategy.py):\nError: Failed on navigating ACS-GOTO:\nPage.goto: Timeout 10000ms exceeded.\nCall log:\n  - navigating to "https://www.immerse.education/philosophy-politics-economics-summer-school/oxford/", waiting until "domcontentloaded"\n\n\nCode context:\n1200   \n1201                       response = await page.goto(\n1202                           url, wait_until=config.wait_until, timeout=config.page_timeout\n1203                       )\n1204                   except Error as e:\n1205 →                     raise RuntimeError(f"Failed on navigating ACS-GOTO:\\n{str(e)}")\n1206   \n1207                   await self.execute_hook("after_goto", page, context=context, url=url, response=response)\n1208   \n1209                   if response is None:\n1210                       status_code = 200' session_id=None response_headers=None status_code=None ssl_certificate=None


Failed to crawl: https://www.immerse.education/computer-science-summer-school/oxford/
Result: url='https://www.immerse.education/computer-science-summer-school/oxford/' html='' success=False cleaned_html=None media={} links={} downloaded_files=None screenshot=None pdf=None markdown=None markdown_v2=None fit_markdown=None fit_html=None extracted_content=None metadata=None error_message='Unexpected error in _crawl_web at line 1205 in _crawl_web (../../.pyenv/versions/3.12.6/lib/python3.12/site-packages/crawl4ai/async_crawler_strategy.py):\nError: Failed on navigating ACS-GOTO:\nPage.goto: Timeout 10000ms exceeded.\nCall log:\n  - navigating to "https://www.immerse.education/computer-science-summer-school/oxford/", waiting until "domcontentloaded"\n\n\nCode context:\n1200   \n1201                       response = await page.goto(\n1202                           url, wait_until=config.wait_until, timeout=config.page_timeout\n1203                       )\n1204                   except Error as e:\n1205 →                     raise RuntimeError(f"Failed on navigating ACS-GOTO:\\n{str(e)}")\n1206   \n1207                   await self.execute_hook("after_goto", page, context=context, url=url, response=response)\n1208   \n1209                   if response is None:\n1210                       status_code = 200' session_id=None response_headers=None status_code=None ssl_certificate=None


Failed to crawl: https://www.immerse.education/fine-and-digital-art-summer-school/
Result: url='https://www.immerse.education/fine-and-digital-art-summer-school/' html='' success=False cleaned_html=None media={} links={} downloaded_files=None screenshot=None pdf=None markdown=None markdown_v2=None fit_markdown=None fit_html=None extracted_content=None metadata=None error_message='Unexpected error in _crawl_web at line 1205 in _crawl_web (../../.pyenv/versions/3.12.6/lib/python3.12/site-packages/crawl4ai/async_crawler_strategy.py):\nError: Failed on navigating ACS-GOTO:\nPage.goto: Timeout 10000ms exceeded.\nCall log:\n  - navigating to "https://www.immerse.education/fine-and-digital-art-summer-school/", waiting until "domcontentloaded"\n\n\nCode context:\n1200   \n1201                       response = await page.goto(\n1202                           url, wait_until=config.wait_until, timeout=config.page_timeout\n1203                       )\n1204                   except Error as e:\n1205 →                     raise RuntimeError(f"Failed on navigating ACS-GOTO:\\n{str(e)}")\n1206   \n1207                   await self.execute_hook("after_goto", page, context=context, url=url, response=response)\n1208   \n1209                   if response is None:\n1210                       status_code = 200' session_id=None response_headers=None status_code=None ssl_certificate=None


Failed to crawl: https://www.immerse.education/medicine-summer-school/singapore/
Result: url='https://www.immerse.education/medicine-summer-school/singapore/' html='' success=False cleaned_html=None media={} links={} downloaded_files=None screenshot=None pdf=None markdown=None markdown_v2=None fit_markdown=None fit_html=None extracted_content=None metadata=None error_message='Unexpected error in _crawl_web at line 1205 in _crawl_web (../../.pyenv/versions/3.12.6/lib/python3.12/site-packages/crawl4ai/async_crawler_strategy.py):\nError: Failed on navigating ACS-GOTO:\nPage.goto: Timeout 10000ms exceeded.\nCall log:\n  - navigating to "https://www.immerse.education/medicine-summer-school/singapore/", waiting until "domcontentloaded"\n\n\nCode context:\n1200   \n1201                       response = await page.goto(\n1202                           url, wait_until=config.wait_until, timeout=config.page_timeout\n1203                       )\n1204                   except Error as e:\n1205 →                     raise RuntimeError(f"Failed on navigating ACS-GOTO:\\n{str(e)}")\n1206   \n1207                   await self.execute_hook("after_goto", page, context=context, url=url, response=response)\n1208   \n1209                   if response is None:\n1210                       status_code = 200' session_id=None response_headers=None status_code=None ssl_certificate=None


Failed to crawl: https://www.immerse.education/medicine-summer-school/oxford/
Result: url='https://www.immerse.education/medicine-summer-school/oxford/' html='' success=False cleaned_html=None media={} links={} downloaded_files=None screenshot=None pdf=None markdown=None markdown_v2=None fit_markdown=None fit_html=None extracted_content=None metadata=None error_message='Unexpected error in _crawl_web at line 1205 in _crawl_web (../../.pyenv/versions/3.12.6/lib/python3.12/site-packages/crawl4ai/async_crawler_strategy.py):\nError: Failed on navigating ACS-GOTO:\nPage.goto: Timeout 10000ms exceeded.\nCall log:\n  - navigating to "https://www.immerse.education/medicine-summer-school/oxford/", waiting until "domcontentloaded"\n\n\nCode context:\n1200   \n1201                       response = await page.goto(\n1202                           url, wait_until=config.wait_until, timeout=config.page_timeout\n1203                       )\n1204                   except Error as e:\n1205 →                     raise RuntimeError(f"Failed on navigating ACS-GOTO:\\n{str(e)}")\n1206   \n1207                   await self.execute_hook("after_goto", page, context=context, url=url, response=response)\n1208   \n1209                   if response is None:\n1210                       status_code = 200' session_id=None response_headers=None status_code=None ssl_certificate=None


Failed to crawl: https://www.immerse.education/artificial-intelligence-summer-school/
Result: url='https://www.immerse.education/artificial-intelligence-summer-school/' html='' success=False cleaned_html=None media={} links={} downloaded_files=None screenshot=None pdf=None markdown=None markdown_v2=None fit_markdown=None fit_html=None extracted_content=None metadata=None error_message='Unexpected error in _crawl_web at line 1205 in _crawl_web (../../.pyenv/versions/3.12.6/lib/python3.12/site-packages/crawl4ai/async_crawler_strategy.py):\nError: Failed on navigating ACS-GOTO:\nPage.goto: Timeout 10000ms exceeded.\nCall log:\n  - navigating to "https://www.immerse.education/artificial-intelligence-summer-school/", waiting until "domcontentloaded"\n\n\nCode context:\n1200   \n1201                       response = await page.goto(\n1202                           url, wait_until=config.wait_until, timeout=config.page_timeout\n1203                       )\n1204                   except Error as e:\n1205 →                     raise RuntimeError(f"Failed on navigating ACS-GOTO:\\n{str(e)}")\n1206   \n1207                   await self.execute_hook("after_goto", page, context=context, url=url, response=response)\n1208   \n1209                   if response is None:\n1210                       status_code = 200' session_id=None response_headers=None status_code=None ssl_certificate=None


Failed to crawl: https://www.immerse.education/architecture-summer-school-in-oxford/
Result: url='https://www.immerse.education/architecture-summer-school-in-oxford/' html='' success=False cleaned_html=None media={} links={} downloaded_files=None screenshot=None pdf=None markdown=None markdown_v2=None fit_markdown=None fit_html=None extracted_content=None metadata=None error_message='Unexpected error in _crawl_web at line 1205 in _crawl_web (../../.pyenv/versions/3.12.6/lib/python3.12/site-packages/crawl4ai/async_crawler_strategy.py):\nError: Failed on navigating ACS-GOTO:\nPage.goto: Timeout 10000ms exceeded.\nCall log:\n  - navigating to "https://www.immerse.education/architecture-summer-school-in-oxford/", waiting until "domcontentloaded"\n\n\nCode context:\n1200   \n1201                       response = await page.goto(\n1202                           url, wait_until=config.wait_until, timeout=config.page_timeout\n1203                       )\n1204                   except Error as e:\n1205 →                     raise RuntimeError(f"Failed on navigating ACS-GOTO:\\n{str(e)}")\n1206   \n1207                   await self.execute_hook("after_goto", page, context=context, url=url, response=response)\n1208   \n1209                   if response is None:\n1210                       status_code = 200' session_id=None response_headers=None status_code=None ssl_certificate=None


Failed to crawl: https://www.immerse.education/creative-writing-summer-school/
Result: url='https://www.immerse.education/creative-writing-summer-school/' html='' success=False cleaned_html=None media={} links={} downloaded_files=None screenshot=None pdf=None markdown=None markdown_v2=None fit_markdown=None fit_html=None extracted_content=None metadata=None error_message='Unexpected error in _crawl_web at line 1205 in _crawl_web (../../.pyenv/versions/3.12.6/lib/python3.12/site-packages/crawl4ai/async_crawler_strategy.py):\nError: Failed on navigating ACS-GOTO:\nPage.goto: Timeout 10000ms exceeded.\nCall log:\n  - navigating to "https://www.immerse.education/creative-writing-summer-school/", waiting until "domcontentloaded"\n\n\nCode context:\n1200   \n1201                       response = await page.goto(\n1202                           url, wait_until=config.wait_until, timeout=config.page_timeout\n1203                       )\n1204                   except Error as e:\n1205 →                     raise RuntimeError(f"Failed on navigating ACS-GOTO:\\n{str(e)}")\n1206   \n1207                   await self.execute_hook("after_goto", page, context=context, url=url, response=response)\n1208   \n1209                   if response is None:\n1210                       status_code = 200' session_id=None response_headers=None status_code=None ssl_certificate=None


Failed to crawl: https://www.immerse.education/creative-writing-and-film-summer-school/
Result: url='https://www.immerse.education/creative-writing-and-film-summer-school/' html='' success=False cleaned_html=None media={} links={} downloaded_files=None screenshot=None pdf=None markdown=None markdown_v2=None fit_markdown=None fit_html=None extracted_content=None metadata=None error_message='Unexpected error in _crawl_web at line 1205 in _crawl_web (../../.pyenv/versions/3.12.6/lib/python3.12/site-packages/crawl4ai/async_crawler_strategy.py):\nError: Failed on navigating ACS-GOTO:\nPage.goto: Timeout 10000ms exceeded.\nCall log:\n  - navigating to "https://www.immerse.education/creative-writing-and-film-summer-school/", waiting until "domcontentloaded"\n\n\nCode context:\n1200   \n1201                       response = await page.goto(\n1202                           url, wait_until=config.wait_until, timeout=config.page_timeout\n1203                       )\n1204                   except Error as e:\n1205 →                     raise RuntimeError(f"Failed on navigating ACS-GOTO:\\n{str(e)}")\n1206   \n1207                   await self.execute_hook("after_goto", page, context=context, url=url, response=response)\n1208   \n1209                   if response is None:\n1210                       status_code = 200' session_id=None response_headers=None status_code=None ssl_certificate=None


Failed to crawl: https://www.immerse.education/data-science-and-analytics-summer-school/
Result: url='https://www.immerse.education/data-science-and-analytics-summer-school/' html='' success=False cleaned_html=None media={} links={} downloaded_files=None screenshot=None pdf=None markdown=None markdown_v2=None fit_markdown=None fit_html=None extracted_content=None metadata=None error_message='Unexpected error in _crawl_web at line 1205 in _crawl_web (../../.pyenv/versions/3.12.6/lib/python3.12/site-packages/crawl4ai/async_crawler_strategy.py):\nError: Failed on navigating ACS-GOTO:\nPage.goto: Timeout 10000ms exceeded.\nCall log:\n  - navigating to "https://www.immerse.education/data-science-and-analytics-summer-school/", waiting until "domcontentloaded"\n\n\nCode context:\n1200   \n1201                       response = await page.goto(\n1202                           url, wait_until=config.wait_until, timeout=config.page_timeout\n1203                       )\n1204                   except Error as e:\n1205 →                     raise RuntimeError(f"Failed on navigating ACS-GOTO:\\n{str(e)}")\n1206   \n1207                   await self.execute_hook("after_goto", page, context=context, url=url, response=response)\n1208   \n1209                   if response is None:\n1210                       status_code = 200' session_id=None response_headers=None status_code=None ssl_certificate=None


Failed to crawl: https://www.immerse.education/english-literature-summer-school/
Result: url='https://www.immerse.education/english-literature-summer-school/' html='' success=False cleaned_html=None media={} links={} downloaded_files=None screenshot=None pdf=None markdown=None markdown_v2=None fit_markdown=None fit_html=None extracted_content=None metadata=None error_message='Unexpected error in _crawl_web at line 1205 in _crawl_web (../../.pyenv/versions/3.12.6/lib/python3.12/site-packages/crawl4ai/async_crawler_strategy.py):\nError: Failed on navigating ACS-GOTO:\nPage.goto: Timeout 10000ms exceeded.\nCall log:\n  - navigating to "https://www.immerse.education/english-literature-summer-school/", waiting until "domcontentloaded"\n\n\nCode context:\n1200   \n1201                       response = await page.goto(\n1202                           url, wait_until=config.wait_until, timeout=config.page_timeout\n1203                       )\n1204                   except Error as e:\n1205 →                     raise RuntimeError(f"Failed on navigating ACS-GOTO:\\n{str(e)}")\n1206   \n1207                   await self.execute_hook("after_goto", page, context=context, url=url, response=response)\n1208   \n1209                   if response is None:\n1210                       status_code = 200' session_id=None response_headers=None status_code=None ssl_certificate=None


Failed to crawl: https://www.immerse.education/biotechnology-summer-school/
Result: url='https://www.immerse.education/biotechnology-summer-school/' html='' success=False cleaned_html=None media={} links={} downloaded_files=None screenshot=None pdf=None markdown=None markdown_v2=None fit_markdown=None fit_html=None extracted_content=None metadata=None error_message='Unexpected error in _crawl_web at line 1205 in _crawl_web (../../.pyenv/versions/3.12.6/lib/python3.12/site-packages/crawl4ai/async_crawler_strategy.py):\nError: Failed on navigating ACS-GOTO:\nPage.goto: Timeout 10000ms exceeded.\nCall log:\n  - navigating to "https://www.immerse.education/biotechnology-summer-school/", waiting until "domcontentloaded"\n\n\nCode context:\n1200   \n1201                       response = await page.goto(\n1202                           url, wait_until=config.wait_until, timeout=config.page_timeout\n1203                       )\n1204                   except Error as e:\n1205 →                     raise RuntimeError(f"Failed on navigating ACS-GOTO:\\n{str(e)}")\n1206   \n1207                   await self.execute_hook("after_goto", page, context=context, url=url, response=response)\n1208   \n1209                   if response is None:\n1210                       status_code = 200' session_id=None response_headers=None status_code=None ssl_certificate=None


Failed to crawl: https://www.immerse.education/computer-science-summer-school/
Result: url='https://www.immerse.education/computer-science-summer-school/' html='' success=False cleaned_html=None media={} links={} downloaded_files=None screenshot=None pdf=None markdown=None markdown_v2=None fit_markdown=None fit_html=None extracted_content=None metadata=None error_message='Unexpected error in _crawl_web at line 1205 in _crawl_web (../../.pyenv/versions/3.12.6/lib/python3.12/site-packages/crawl4ai/async_crawler_strategy.py):\nError: Failed on navigating ACS-GOTO:\nPage.goto: Timeout 10000ms exceeded.\nCall log:\n  - navigating to "https://www.immerse.education/computer-science-summer-school/", waiting until "domcontentloaded"\n\n\nCode context:\n1200   \n1201                       response = await page.goto(\n1202                           url, wait_until=config.wait_until, timeout=config.page_timeout\n1203                       )\n1204                   except Error as e:\n1205 →                     raise RuntimeError(f"Failed on navigating ACS-GOTO:\\n{str(e)}")\n1206   \n1207                   await self.execute_hook("after_goto", page, context=context, url=url, response=response)\n1208   \n1209                   if response is None:\n1210                       status_code = 200' session_id=None response_headers=None status_code=None ssl_certificate=None


Failed to crawl: https://www.immerse.education/software-development-gaming-summer-school/
Result: url='https://www.immerse.education/software-development-gaming-summer-school/' html='' success=False cleaned_html=None media={} links={} downloaded_files=None screenshot=None pdf=None markdown=None markdown_v2=None fit_markdown=None fit_html=None extracted_content=None metadata=None error_message='Unexpected error in _crawl_web at line 1205 in _crawl_web (../../.pyenv/versions/3.12.6/lib/python3.12/site-packages/crawl4ai/async_crawler_strategy.py):\nError: Failed on navigating ACS-GOTO:\nPage.goto: Timeout 10000ms exceeded.\nCall log:\n  - navigating to "https://www.immerse.education/software-development-gaming-summer-school/", waiting until "domcontentloaded"\n\n\nCode context:\n1200   \n1201                       response = await page.goto(\n1202                           url, wait_until=config.wait_until, timeout=config.page_timeout\n1203                       )\n1204                   except Error as e:\n1205 →                     raise RuntimeError(f"Failed on navigating ACS-GOTO:\\n{str(e)}")\n1206   \n1207                   await self.execute_hook("after_goto", page, context=context, url=url, response=response)\n1208   \n1209                   if response is None:\n1210                       status_code = 200' session_id=None response_headers=None status_code=None ssl_certificate=None


Failed to crawl: https://www.immerse.education/software-development-ai-summer-school/
Result: url='https://www.immerse.education/software-development-ai-summer-school/' html='' success=False cleaned_html=None media={} links={} downloaded_files=None screenshot=None pdf=None markdown=None markdown_v2=None fit_markdown=None fit_html=None extracted_content=None metadata=None error_message='Unexpected error in _crawl_web at line 1205 in _crawl_web (../../.pyenv/versions/3.12.6/lib/python3.12/site-packages/crawl4ai/async_crawler_strategy.py):\nError: Failed on navigating ACS-GOTO:\nPage.goto: Timeout 10000ms exceeded.\nCall log:\n  - navigating to "https://www.immerse.education/software-development-ai-summer-school/", waiting until "domcontentloaded"\n\n\nCode context:\n1200   \n1201                       response = await page.goto(\n1202                           url, wait_until=config.wait_until, timeout=config.page_timeout\n1203                       )\n1204                   except Error as e:\n1205 →                     raise RuntimeError(f"Failed on navigating ACS-GOTO:\\n{str(e)}")\n1206   \n1207                   await self.execute_hook("after_goto", page, context=context, url=url, response=response)\n1208   \n1209                   if response is None:\n1210                       status_code = 200' session_id=None response_headers=None status_code=None ssl_certificate=None


Failed to crawl: https://www.immerse.education/physics-summer-school/
Result: url='https://www.immerse.education/physics-summer-school/' html='' success=False cleaned_html=None media={} links={} downloaded_files=None screenshot=None pdf=None markdown=None markdown_v2=None fit_markdown=None fit_html=None extracted_content=None metadata=None error_message='Unexpected error in _crawl_web at line 1205 in _crawl_web (../../.pyenv/versions/3.12.6/lib/python3.12/site-packages/crawl4ai/async_crawler_strategy.py):\nError: Failed on navigating ACS-GOTO:\nPage.goto: Timeout 10000ms exceeded.\nCall log:\n  - navigating to "https://www.immerse.education/physics-summer-school/", waiting until "domcontentloaded"\n\n\nCode context:\n1200   \n1201                       response = await page.goto(\n1202                           url, wait_until=config.wait_until, timeout=config.page_timeout\n1203                       )\n1204                   except Error as e:\n1205 →                     raise RuntimeError(f"Failed on navigating ACS-GOTO:\\n{str(e)}")\n1206   \n1207                   await self.execute_hook("after_goto", page, context=context, url=url, response=response)\n1208   \n1209                   if response is None:\n1210                       status_code = 200' session_id=None response_headers=None status_code=None ssl_certificate=None


Failed to crawl: https://www.immerse.education/media-journalism-summer-school/media-journalism-summer-school-in-oxford/
Result: url='https://www.immerse.education/media-journalism-summer-school/media-journalism-summer-school-in-oxford/' html='' success=False cleaned_html=None media={} links={} downloaded_files=None screenshot=None pdf=None markdown=None markdown_v2=None fit_markdown=None fit_html=None extracted_content=None metadata=None error_message='Unexpected error in _crawl_web at line 1205 in _crawl_web (../../.pyenv/versions/3.12.6/lib/python3.12/site-packages/crawl4ai/async_crawler_strategy.py):\nError: Failed on navigating ACS-GOTO:\nPage.goto: Timeout 10000ms exceeded.\nCall log:\n  - navigating to "https://www.immerse.education/media-journalism-summer-school/media-journalism-summer-school-in-oxford/", waiting until "domcontentloaded"\n\n\nCode context:\n1200   \n1201                       response = await page.goto(\n1202                           url, wait_until=config.wait_until, timeout=config.page_timeout\n1203                       )\n1204                   except Error as e:\n1205 →                     raise RuntimeError(f"Failed on navigating ACS-GOTO:\\n{str(e)}")\n1206   \n1207                   await self.execute_hook("after_goto", page, context=context, url=url, response=response)\n1208   \n1209                   if response is None:\n1210                       status_code = 200' session_id=None response_headers=None status_code=None ssl_certificate=None


Failed to crawl: https://www.immerse.education/philosophy-politics-economics-summer-school/
Result: url='https://www.immerse.education/philosophy-politics-economics-summer-school/' html='' success=False cleaned_html=None media={} links={} downloaded_files=None screenshot=None pdf=None markdown=None markdown_v2=None fit_markdown=None fit_html=None extracted_content=None metadata=None error_message='Unexpected error in _crawl_web at line 1205 in _crawl_web (../../.pyenv/versions/3.12.6/lib/python3.12/site-packages/crawl4ai/async_crawler_strategy.py):\nError: Failed on navigating ACS-GOTO:\nPage.goto: Timeout 10000ms exceeded.\nCall log:\n  - navigating to "https://www.immerse.education/philosophy-politics-economics-summer-school/", waiting until "domcontentloaded"\n\n\nCode context:\n1200   \n1201                       response = await page.goto(\n1202                           url, wait_until=config.wait_until, timeout=config.page_timeout\n1203                       )\n1204                   except Error as e:\n1205 →                     raise RuntimeError(f"Failed on navigating ACS-GOTO:\\n{str(e)}")\n1206   \n1207                   await self.execute_hook("after_goto", page, context=context, url=url, response=response)\n1208   \n1209                   if response is None:\n1210                       status_code = 200' session_id=None response_headers=None status_code=None ssl_certificate=None


Failed to crawl: https://www.immerse.education/software-development-gaming-summer-school/san-francisco-dev/
Result: url='https://www.immerse.education/software-development-gaming-summer-school/san-francisco-dev/' html='' success=False cleaned_html=None media={} links={} downloaded_files=None screenshot=None pdf=None markdown=None markdown_v2=None fit_markdown=None fit_html=None extracted_content=None metadata=None error_message='Unexpected error in _crawl_web at line 1205 in _crawl_web (../../.pyenv/versions/3.12.6/lib/python3.12/site-packages/crawl4ai/async_crawler_strategy.py):\nError: Failed on navigating ACS-GOTO:\nPage.goto: Timeout 10000ms exceeded.\nCall log:\n  - navigating to "https://www.immerse.education/software-development-gaming-summer-school/san-francisco-dev/", waiting until "domcontentloaded"\n\n\nCode context:\n1200   \n1201                       response = await page.goto(\n1202                           url, wait_until=config.wait_until, timeout=config.page_timeout\n1203                       )\n1204                   except Error as e:\n1205 →                     raise RuntimeError(f"Failed on navigating ACS-GOTO:\\n{str(e)}")\n1206   \n1207                   await self.execute_hook("after_goto", page, context=context, url=url, response=response)\n1208   \n1209                   if response is None:\n1210                       status_code = 200' session_id=None response_headers=None status_code=None ssl_certificate=None


Failed to crawl: https://www.immerse.education/architecture-design-summer-school/
Result: url='https://www.immerse.education/architecture-design-summer-school/' html='' success=False cleaned_html=None media={} links={} downloaded_files=None screenshot=None pdf=None markdown=None markdown_v2=None fit_markdown=None fit_html=None extracted_content=None metadata=None error_message='Unexpected error in _crawl_web at line 1205 in _crawl_web (../../.pyenv/versions/3.12.6/lib/python3.12/site-packages/crawl4ai/async_crawler_strategy.py):\nError: Failed on navigating ACS-GOTO:\nPage.goto: Timeout 10000ms exceeded.\nCall log:\n  - navigating to "https://www.immerse.education/architecture-design-summer-school/", waiting until "domcontentloaded"\n\n\nCode context:\n1200   \n1201                       response = await page.goto(\n1202                           url, wait_until=config.wait_until, timeout=config.page_timeout\n1203                       )\n1204                   except Error as e:\n1205 →                     raise RuntimeError(f"Failed on navigating ACS-GOTO:\\n{str(e)}")\n1206   \n1207                   await self.execute_hook("after_goto", page, context=context, url=url, response=response)\n1208   \n1209                   if response is None:\n1210                       status_code = 200' session_id=None response_headers=None status_code=None ssl_certificate=None


Failed to crawl: https://www.immerse.education/architecture-summer-school/
Result: url='https://www.immerse.education/architecture-summer-school/' html='' success=False cleaned_html=None media={} links={} downloaded_files=None screenshot=None pdf=None markdown=None markdown_v2=None fit_markdown=None fit_html=None extracted_content=None metadata=None error_message='Unexpected error in _crawl_web at line 1205 in _crawl_web (../../.pyenv/versions/3.12.6/lib/python3.12/site-packages/crawl4ai/async_crawler_strategy.py):\nError: Failed on navigating ACS-GOTO:\nPage.goto: Timeout 10000ms exceeded.\nCall log:\n  - navigating to "https://www.immerse.education/architecture-summer-school/", waiting until "domcontentloaded"\n\n\nCode context:\n1200   \n1201                       response = await page.goto(\n1202                           url, wait_until=config.wait_until, timeout=config.page_timeout\n1203                       )\n1204                   except Error as e:\n1205 →                     raise RuntimeError(f"Failed on navigating ACS-GOTO:\\n{str(e)}")\n1206   \n1207                   await self.execute_hook("after_goto", page, context=context, url=url, response=response)\n1208   \n1209                   if response is None:\n1210                       status_code = 200' session_id=None response_headers=None status_code=None ssl_certificate=None


Failed to crawl: https://www.immerse.education/business-management-summer-school-dev/
Result: url='https://www.immerse.education/business-management-summer-school-dev/' html='' success=False cleaned_html=None media={} links={} downloaded_files=None screenshot=None pdf=None markdown=None markdown_v2=None fit_markdown=None fit_html=None extracted_content=None metadata=None error_message='Unexpected error in _crawl_web at line 1205 in _crawl_web (../../.pyenv/versions/3.12.6/lib/python3.12/site-packages/crawl4ai/async_crawler_strategy.py):\nError: Failed on navigating ACS-GOTO:\nPage.goto: Timeout 10000ms exceeded.\nCall log:\n  - navigating to "https://www.immerse.education/business-management-summer-school-dev/", waiting until "domcontentloaded"\n\n\nCode context:\n1200   \n1201                       response = await page.goto(\n1202                           url, wait_until=config.wait_until, timeout=config.page_timeout\n1203                       )\n1204                   except Error as e:\n1205 →                     raise RuntimeError(f"Failed on navigating ACS-GOTO:\\n{str(e)}")\n1206   \n1207                   await self.execute_hook("after_goto", page, context=context, url=url, response=response)\n1208   \n1209                   if response is None:\n1210                       status_code = 200' session_id=None response_headers=None status_code=None ssl_certificate=None


Failed to crawl: https://www.immerse.education/history-summer-school/cambridge/
Result: url='https://www.immerse.education/history-summer-school/cambridge/' html='' success=False cleaned_html=None media={} links={} downloaded_files=None screenshot=None pdf=None markdown=None markdown_v2=None fit_markdown=None fit_html=None extracted_content=None metadata=None error_message='Unexpected error in _crawl_web at line 1205 in _crawl_web (../../.pyenv/versions/3.12.6/lib/python3.12/site-packages/crawl4ai/async_crawler_strategy.py):\nError: Failed on navigating ACS-GOTO:\nPage.goto: Timeout 10000ms exceeded.\nCall log:\n  - navigating to "https://www.immerse.education/history-summer-school/cambridge/", waiting until "domcontentloaded"\n\n\nCode context:\n1200   \n1201                       response = await page.goto(\n1202                           url, wait_until=config.wait_until, timeout=config.page_timeout\n1203                       )\n1204                   except Error as e:\n1205 →                     raise RuntimeError(f"Failed on navigating ACS-GOTO:\\n{str(e)}")\n1206   \n1207                   await self.execute_hook("after_goto", page, context=context, url=url, response=response)\n1208   \n1209                   if response is None:\n1210                       status_code = 200' session_id=None response_headers=None status_code=None ssl_certificate=None


Failed to crawl: https://www.immerse.education/fashion-design-summer-school/new-york/
Result: url='https://www.immerse.education/fashion-design-summer-school/new-york/' html='' success=False cleaned_html=None media={} links={} downloaded_files=None screenshot=None pdf=None markdown=None markdown_v2=None fit_markdown=None fit_html=None extracted_content=None metadata=None error_message='Unexpected error in _crawl_web at line 1205 in _crawl_web (../../.pyenv/versions/3.12.6/lib/python3.12/site-packages/crawl4ai/async_crawler_strategy.py):\nError: Failed on navigating ACS-GOTO:\nPage.goto: Timeout 10000ms exceeded.\nCall log:\n  - navigating to "https://www.immerse.education/fashion-design-summer-school/new-york/", waiting until "domcontentloaded"\n\n\nCode context:\n1200   \n1201                       response = await page.goto(\n1202                           url, wait_until=config.wait_until, timeout=config.page_timeout\n1203                       )\n1204                   except Error as e:\n1205 →                     raise RuntimeError(f"Failed on navigating ACS-GOTO:\\n{str(e)}")\n1206   \n1207                   await self.execute_hook("after_goto", page, context=context, url=url, response=response)\n1208   \n1209                   if response is None:\n1210                       status_code = 200' session_id=None response_headers=None status_code=None ssl_certificate=None


Failed to crawl: https://www.immerse.education/history-summer-school/oxford/
Result: url='https://www.immerse.education/history-summer-school/oxford/' html='' success=False cleaned_html=None media={} links={} downloaded_files=None screenshot=None pdf=None markdown=None markdown_v2=None fit_markdown=None fit_html=None extracted_content=None metadata=None error_message='Unexpected error in _crawl_web at line 1205 in _crawl_web (../../.pyenv/versions/3.12.6/lib/python3.12/site-packages/crawl4ai/async_crawler_strategy.py):\nError: Failed on navigating ACS-GOTO:\nPage.goto: Timeout 10000ms exceeded.\nCall log:\n  - navigating to "https://www.immerse.education/history-summer-school/oxford/", waiting until "domcontentloaded"\n\n\nCode context:\n1200   \n1201                       response = await page.goto(\n1202                           url, wait_until=config.wait_until, timeout=config.page_timeout\n1203                       )\n1204                   except Error as e:\n1205 →                     raise RuntimeError(f"Failed on navigating ACS-GOTO:\\n{str(e)}")\n1206   \n1207                   await self.execute_hook("after_goto", page, context=context, url=url, response=response)\n1208   \n1209                   if response is None:\n1210                       status_code = 200' session_id=None response_headers=None status_code=None ssl_certificate=None


Failed to crawl: https://www.immerse.education/artificial-intelligence-summer-school/oxford/
Result: url='https://www.immerse.education/artificial-intelligence-summer-school/oxford/' html='' success=False cleaned_html=None media={} links={} downloaded_files=None screenshot=None pdf=None markdown=None markdown_v2=None fit_markdown=None fit_html=None extracted_content=None metadata=None error_message='Unexpected error in _crawl_web at line 1205 in _crawl_web (../../.pyenv/versions/3.12.6/lib/python3.12/site-packages/crawl4ai/async_crawler_strategy.py):\nError: Failed on navigating ACS-GOTO:\nPage.goto: Timeout 10000ms exceeded.\nCall log:\n  - navigating to "https://www.immerse.education/artificial-intelligence-summer-school/oxford/", waiting until "domcontentloaded"\n\n\nCode context:\n1200   \n1201                       response = await page.goto(\n1202                           url, wait_until=config.wait_until, timeout=config.page_timeout\n1203                       )\n1204                   except Error as e:\n1205 →                     raise RuntimeError(f"Failed on navigating ACS-GOTO:\\n{str(e)}")\n1206   \n1207                   await self.execute_hook("after_goto", page, context=context, url=url, response=response)\n1208   \n1209                   if response is None:\n1210                       status_code = 200' session_id=None response_headers=None status_code=None ssl_certificate=None


Failed to crawl: https://www.immerse.education/biology-summer-school/cambridge/
Result: url='https://www.immerse.education/biology-summer-school/cambridge/' html='' success=False cleaned_html=None media={} links={} downloaded_files=None screenshot=None pdf=None markdown=None markdown_v2=None fit_markdown=None fit_html=None extracted_content=None metadata=None error_message='Unexpected error in _crawl_web at line 1205 in _crawl_web (../../.pyenv/versions/3.12.6/lib/python3.12/site-packages/crawl4ai/async_crawler_strategy.py):\nError: Failed on navigating ACS-GOTO:\nPage.goto: Timeout 10000ms exceeded.\nCall log:\n  - navigating to "https://www.immerse.education/biology-summer-school/cambridge/", waiting until "domcontentloaded"\n\n\nCode context:\n1200   \n1201                       response = await page.goto(\n1202                           url, wait_until=config.wait_until, timeout=config.page_timeout\n1203                       )\n1204                   except Error as e:\n1205 →                     raise RuntimeError(f"Failed on navigating ACS-GOTO:\\n{str(e)}")\n1206   \n1207                   await self.execute_hook("after_goto", page, context=context, url=url, response=response)\n1208   \n1209                   if response is None:\n1210                       status_code = 200' session_id=None response_headers=None status_code=None ssl_certificate=None


Failed to crawl: https://www.immerse.education/business-management-summer-school/singapore/
Result: url='https://www.immerse.education/business-management-summer-school/singapore/' html='' success=False cleaned_html=None media={} links={} downloaded_files=None screenshot=None pdf=None markdown=None markdown_v2=None fit_markdown=None fit_html=None extracted_content=None metadata=None error_message='Unexpected error in _crawl_web at line 1205 in _crawl_web (../../.pyenv/versions/3.12.6/lib/python3.12/site-packages/crawl4ai/async_crawler_strategy.py):\nError: Failed on navigating ACS-GOTO:\nPage.goto: Timeout 10000ms exceeded.\nCall log:\n  - navigating to "https://www.immerse.education/business-management-summer-school/singapore/", waiting until "domcontentloaded"\n\n\nCode context:\n1200   \n1201                       response = await page.goto(\n1202                           url, wait_until=config.wait_until, timeout=config.page_timeout\n1203                       )\n1204                   except Error as e:\n1205 →                     raise RuntimeError(f"Failed on navigating ACS-GOTO:\\n{str(e)}")\n1206   \n1207                   await self.execute_hook("after_goto", page, context=context, url=url, response=response)\n1208   \n1209                   if response is None:\n1210                       status_code = 200' session_id=None response_headers=None status_code=None ssl_certificate=None


Failed to crawl: https://www.immerse.education/economics-summer-school/cambridge/
Result: url='https://www.immerse.education/economics-summer-school/cambridge/' html='' success=False cleaned_html=None media={} links={} downloaded_files=None screenshot=None pdf=None markdown=None markdown_v2=None fit_markdown=None fit_html=None extracted_content=None metadata=None error_message='Unexpected error in _crawl_web at line 1205 in _crawl_web (../../.pyenv/versions/3.12.6/lib/python3.12/site-packages/crawl4ai/async_crawler_strategy.py):\nError: Failed on navigating ACS-GOTO:\nPage.goto: Timeout 10000ms exceeded.\nCall log:\n  - navigating to "https://www.immerse.education/economics-summer-school/cambridge/", waiting until "domcontentloaded"\n\n\nCode context:\n1200   \n1201                       response = await page.goto(\n1202                           url, wait_until=config.wait_until, timeout=config.page_timeout\n1203                       )\n1204                   except Error as e:\n1205 →                     raise RuntimeError(f"Failed on navigating ACS-GOTO:\\n{str(e)}")\n1206   \n1207                   await self.execute_hook("after_goto", page, context=context, url=url, response=response)\n1208   \n1209                   if response is None:\n1210                       status_code = 200' session_id=None response_headers=None status_code=None ssl_certificate=None


Failed to crawl: https://www.immerse.education/architecture-summer-school/cambridge/
Result: url='https://www.immerse.education/architecture-summer-school/cambridge/' html='' success=False cleaned_html=None media={} links={} downloaded_files=None screenshot=None pdf=None markdown=None markdown_v2=None fit_markdown=None fit_html=None extracted_content=None metadata=None error_message='Unexpected error in _crawl_web at line 1205 in _crawl_web (../../.pyenv/versions/3.12.6/lib/python3.12/site-packages/crawl4ai/async_crawler_strategy.py):\nError: Failed on navigating ACS-GOTO:\nPage.goto: Timeout 10000ms exceeded.\nCall log:\n  - navigating to "https://www.immerse.education/architecture-summer-school/cambridge/", waiting until "domcontentloaded"\n\n\nCode context:\n1200   \n1201                       response = await page.goto(\n1202                           url, wait_until=config.wait_until, timeout=config.page_timeout\n1203                       )\n1204                   except Error as e:\n1205 →                     raise RuntimeError(f"Failed on navigating ACS-GOTO:\\n{str(e)}")\n1206   \n1207                   await self.execute_hook("after_goto", page, context=context, url=url, response=response)\n1208   \n1209                   if response is None:\n1210                       status_code = 200' session_id=None response_headers=None status_code=None ssl_certificate=None


Failed to crawl: https://www.immerse.education/engineering-summer-school/oxford/
Result: url='https://www.immerse.education/engineering-summer-school/oxford/' html='' success=False cleaned_html=None media={} links={} downloaded_files=None screenshot=None pdf=None markdown=None markdown_v2=None fit_markdown=None fit_html=None extracted_content=None metadata=None error_message='Unexpected error in _crawl_web at line 1205 in _crawl_web (../../.pyenv/versions/3.12.6/lib/python3.12/site-packages/crawl4ai/async_crawler_strategy.py):\nError: Failed on navigating ACS-GOTO:\nPage.goto: Timeout 10000ms exceeded.\nCall log:\n  - navigating to "https://www.immerse.education/engineering-summer-school/oxford/", waiting until "domcontentloaded"\n\n\nCode context:\n1200   \n1201                       response = await page.goto(\n1202                           url, wait_until=config.wait_until, timeout=config.page_timeout\n1203                       )\n1204                   except Error as e:\n1205 →                     raise RuntimeError(f"Failed on navigating ACS-GOTO:\\n{str(e)}")\n1206   \n1207                   await self.execute_hook("after_goto", page, context=context, url=url, response=response)\n1208   \n1209                   if response is None:\n1210                       status_code = 200' session_id=None response_headers=None status_code=None ssl_certificate=None


Failed to crawl: https://www.immerse.education/global-society-sustainability-summer-school/tokyo/
Result: url='https://www.immerse.education/global-society-sustainability-summer-school/tokyo/' html='' success=False cleaned_html=None media={} links={} downloaded_files=None screenshot=None pdf=None markdown=None markdown_v2=None fit_markdown=None fit_html=None extracted_content=None metadata=None error_message='Unexpected error in _crawl_web at line 1205 in _crawl_web (../../.pyenv/versions/3.12.6/lib/python3.12/site-packages/crawl4ai/async_crawler_strategy.py):\nError: Failed on navigating ACS-GOTO:\nPage.goto: Timeout 10000ms exceeded.\nCall log:\n  - navigating to "https://www.immerse.education/global-society-sustainability-summer-school/tokyo/", waiting until "domcontentloaded"\n\n\nCode context:\n1200   \n1201                       response = await page.goto(\n1202                           url, wait_until=config.wait_until, timeout=config.page_timeout\n1203                       )\n1204                   except Error as e:\n1205 →                     raise RuntimeError(f"Failed on navigating ACS-GOTO:\\n{str(e)}")\n1206   \n1207                   await self.execute_hook("after_goto", page, context=context, url=url, response=response)\n1208   \n1209                   if response is None:\n1210                       status_code = 200' session_id=None response_headers=None status_code=None ssl_certificate=None


Failed to crawl: https://www.immerse.education/medicine-summer-school/toronto/
Result: url='https://www.immerse.education/medicine-summer-school/toronto/' html='' success=False cleaned_html=None media={} links={} downloaded_files=None screenshot=None pdf=None markdown=None markdown_v2=None fit_markdown=None fit_html=None extracted_content=None metadata=None error_message='Unexpected error in _crawl_web at line 1205 in _crawl_web (../../.pyenv/versions/3.12.6/lib/python3.12/site-packages/crawl4ai/async_crawler_strategy.py):\nError: Failed on navigating ACS-GOTO:\nPage.goto: Timeout 10000ms exceeded.\nCall log:\n  - navigating to "https://www.immerse.education/medicine-summer-school/toronto/", waiting until "domcontentloaded"\n\n\nCode context:\n1200   \n1201                       response = await page.goto(\n1202                           url, wait_until=config.wait_until, timeout=config.page_timeout\n1203                       )\n1204                   except Error as e:\n1205 →                     raise RuntimeError(f"Failed on navigating ACS-GOTO:\\n{str(e)}")\n1206   \n1207                   await self.execute_hook("after_goto", page, context=context, url=url, response=response)\n1208   \n1209                   if response is None:\n1210                       status_code = 200' session_id=None response_headers=None status_code=None ssl_certificate=None


Failed to crawl: https://www.immerse.education/philosophy-politics-economics-summer-school/cambridge/
Result: url='https://www.immerse.education/philosophy-politics-economics-summer-school/cambridge/' html='' success=False cleaned_html=None media={} links={} downloaded_files=None screenshot=None pdf=None markdown=None markdown_v2=None fit_markdown=None fit_html=None extracted_content=None metadata=None error_message='Unexpected error in _crawl_web at line 1205 in _crawl_web (../../.pyenv/versions/3.12.6/lib/python3.12/site-packages/crawl4ai/async_crawler_strategy.py):\nError: Failed on navigating ACS-GOTO:\nPage.goto: Timeout 10000ms exceeded.\nCall log:\n  - navigating to "https://www.immerse.education/philosophy-politics-economics-summer-school/cambridge/", waiting until "domcontentloaded"\n\n\nCode context:\n1200   \n1201                       response = await page.goto(\n1202                           url, wait_until=config.wait_until, timeout=config.page_timeout\n1203                       )\n1204                   except Error as e:\n1205 →                     raise RuntimeError(f"Failed on navigating ACS-GOTO:\\n{str(e)}")\n1206   \n1207                   await self.execute_hook("after_goto", page, context=context, url=url, response=response)\n1208   \n1209                   if response is None:\n1210                       status_code = 200' session_id=None response_headers=None status_code=None ssl_certificate=None


Failed to crawl: https://www.immerse.education/english-literature-summer-school/cambridge/
Result: url='https://www.immerse.education/english-literature-summer-school/cambridge/' html='' success=False cleaned_html=None media={} links={} downloaded_files=None screenshot=None pdf=None markdown=None markdown_v2=None fit_markdown=None fit_html=None extracted_content=None metadata=None error_message='Unexpected error in _crawl_web at line 1205 in _crawl_web (../../.pyenv/versions/3.12.6/lib/python3.12/site-packages/crawl4ai/async_crawler_strategy.py):\nError: Failed on navigating ACS-GOTO:\nPage.goto: Timeout 10000ms exceeded.\nCall log:\n  - navigating to "https://www.immerse.education/english-literature-summer-school/cambridge/", waiting until "domcontentloaded"\n\n\nCode context:\n1200   \n1201                       response = await page.goto(\n1202                           url, wait_until=config.wait_until, timeout=config.page_timeout\n1203                       )\n1204                   except Error as e:\n1205 →                     raise RuntimeError(f"Failed on navigating ACS-GOTO:\\n{str(e)}")\n1206   \n1207                   await self.execute_hook("after_goto", page, context=context, url=url, response=response)\n1208   \n1209                   if response is None:\n1210                       status_code = 200' session_id=None response_headers=None status_code=None ssl_certificate=None


Failed to crawl: https://www.immerse.education/software-development-ai-summer-school/san-francisco/
Result: url='https://www.immerse.education/software-development-ai-summer-school/san-francisco/' html='' success=False cleaned_html=None media={} links={} downloaded_files=None screenshot=None pdf=None markdown=None markdown_v2=None fit_markdown=None fit_html=None extracted_content=None metadata=None error_message='Unexpected error in _crawl_web at line 1205 in _crawl_web (../../.pyenv/versions/3.12.6/lib/python3.12/site-packages/crawl4ai/async_crawler_strategy.py):\nError: Failed on navigating ACS-GOTO:\nPage.goto: Timeout 10000ms exceeded.\nCall log:\n  - navigating to "https://www.immerse.education/software-development-ai-summer-school/san-francisco/", waiting until "domcontentloaded"\n\n\nCode context:\n1200   \n1201                       response = await page.goto(\n1202                           url, wait_until=config.wait_until, timeout=config.page_timeout\n1203                       )\n1204                   except Error as e:\n1205 →                     raise RuntimeError(f"Failed on navigating ACS-GOTO:\\n{str(e)}")\n1206   \n1207                   await self.execute_hook("after_goto", page, context=context, url=url, response=response)\n1208   \n1209                   if response is None:\n1210                       status_code = 200' session_id=None response_headers=None status_code=None ssl_certificate=None


Failed to crawl: https://www.immerse.education/artificial-intelligence-summer-school/cambridge/
Result: url='https://www.immerse.education/artificial-intelligence-summer-school/cambridge/' html='' success=False cleaned_html=None media={} links={} downloaded_files=None screenshot=None pdf=None markdown=None markdown_v2=None fit_markdown=None fit_html=None extracted_content=None metadata=None error_message='Unexpected error in _crawl_web at line 1205 in _crawl_web (../../.pyenv/versions/3.12.6/lib/python3.12/site-packages/crawl4ai/async_crawler_strategy.py):\nError: Failed on navigating ACS-GOTO:\nPage.goto: Timeout 10000ms exceeded.\nCall log:\n  - navigating to "https://www.immerse.education/artificial-intelligence-summer-school/cambridge/", waiting until "domcontentloaded"\n\n\nCode context:\n1200   \n1201                       response = await page.goto(\n1202                           url, wait_until=config.wait_until, timeout=config.page_timeout\n1203                       )\n1204                   except Error as e:\n1205 →                     raise RuntimeError(f"Failed on navigating ACS-GOTO:\\n{str(e)}")\n1206   \n1207                   await self.execute_hook("after_goto", page, context=context, url=url, response=response)\n1208   \n1209                   if response is None:\n1210                       status_code = 200' session_id=None response_headers=None status_code=None ssl_certificate=None


Failed to crawl: https://www.immerse.education/engineering-summer-school/london/
Result: url='https://www.immerse.education/engineering-summer-school/london/' html='' success=False cleaned_html=None media={} links={} downloaded_files=None screenshot=None pdf=None markdown=None markdown_v2=None fit_markdown=None fit_html=None extracted_content=None metadata=None error_message='Unexpected error in _crawl_web at line 1205 in _crawl_web (../../.pyenv/versions/3.12.6/lib/python3.12/site-packages/crawl4ai/async_crawler_strategy.py):\nError: Failed on navigating ACS-GOTO:\nPage.goto: Timeout 10000ms exceeded.\nCall log:\n  - navigating to "https://www.immerse.education/engineering-summer-school/london/", waiting until "domcontentloaded"\n\n\nCode context:\n1200   \n1201                       response = await page.goto(\n1202                           url, wait_until=config.wait_until, timeout=config.page_timeout\n1203                       )\n1204                   except Error as e:\n1205 →                     raise RuntimeError(f"Failed on navigating ACS-GOTO:\\n{str(e)}")\n1206   \n1207                   await self.execute_hook("after_goto", page, context=context, url=url, response=response)\n1208   \n1209                   if response is None:\n1210                       status_code = 200' session_id=None response_headers=None status_code=None ssl_certificate=None


Failed to crawl: https://www.immerse.education/mathematics-summer-school/cambridge/
Result: url='https://www.immerse.education/mathematics-summer-school/cambridge/' html='' success=False cleaned_html=None media={} links={} downloaded_files=None screenshot=None pdf=None markdown=None markdown_v2=None fit_markdown=None fit_html=None extracted_content=None metadata=None error_message='Unexpected error in _crawl_web at line 1205 in _crawl_web (../../.pyenv/versions/3.12.6/lib/python3.12/site-packages/crawl4ai/async_crawler_strategy.py):\nError: Failed on navigating ACS-GOTO:\nPage.goto: Timeout 10000ms exceeded.\nCall log:\n  - navigating to "https://www.immerse.education/mathematics-summer-school/cambridge/", waiting until "domcontentloaded"\n\n\nCode context:\n1200   \n1201                       response = await page.goto(\n1202                           url, wait_until=config.wait_until, timeout=config.page_timeout\n1203                       )\n1204                   except Error as e:\n1205 →                     raise RuntimeError(f"Failed on navigating ACS-GOTO:\\n{str(e)}")\n1206   \n1207                   await self.execute_hook("after_goto", page, context=context, url=url, response=response)\n1208   \n1209                   if response is None:\n1210                       status_code = 200' session_id=None response_headers=None status_code=None ssl_certificate=None


Failed to crawl: https://www.immerse.education/mathematics-summer-school/oxford/
Result: url='https://www.immerse.education/mathematics-summer-school/oxford/' html='' success=False cleaned_html=None media={} links={} downloaded_files=None screenshot=None pdf=None markdown=None markdown_v2=None fit_markdown=None fit_html=None extracted_content=None metadata=None error_message='Unexpected error in _crawl_web at line 1205 in _crawl_web (../../.pyenv/versions/3.12.6/lib/python3.12/site-packages/crawl4ai/async_crawler_strategy.py):\nError: Failed on navigating ACS-GOTO:\nPage.goto: Timeout 10000ms exceeded.\nCall log:\n  - navigating to "https://www.immerse.education/mathematics-summer-school/oxford/", waiting until "domcontentloaded"\n\n\nCode context:\n1200   \n1201                       response = await page.goto(\n1202                           url, wait_until=config.wait_until, timeout=config.page_timeout\n1203                       )\n1204                   except Error as e:\n1205 →                     raise RuntimeError(f"Failed on navigating ACS-GOTO:\\n{str(e)}")\n1206   \n1207                   await self.execute_hook("after_goto", page, context=context, url=url, response=response)\n1208   \n1209                   if response is None:\n1210                       status_code = 200' session_id=None response_headers=None status_code=None ssl_certificate=None


Failed to crawl: https://www.immerse.education/global-society-sustainability-summer-school/san-francisco/
Result: url='https://www.immerse.education/global-society-sustainability-summer-school/san-francisco/' html='' success=False cleaned_html=None media={} links={} downloaded_files=None screenshot=None pdf=None markdown=None markdown_v2=None fit_markdown=None fit_html=None extracted_content=None metadata=None error_message='Unexpected error in _crawl_web at line 1205 in _crawl_web (../../.pyenv/versions/3.12.6/lib/python3.12/site-packages/crawl4ai/async_crawler_strategy.py):\nError: Failed on navigating ACS-GOTO:\nPage.goto: Timeout 10000ms exceeded.\nCall log:\n  - navigating to "https://www.immerse.education/global-society-sustainability-summer-school/san-francisco/", waiting until "domcontentloaded"\n\n\nCode context:\n1200   \n1201                       response = await page.goto(\n1202                           url, wait_until=config.wait_until, timeout=config.page_timeout\n1203                       )\n1204                   except Error as e:\n1205 →                     raise RuntimeError(f"Failed on navigating ACS-GOTO:\\n{str(e)}")\n1206   \n1207                   await self.execute_hook("after_goto", page, context=context, url=url, response=response)\n1208   \n1209                   if response is None:\n1210                       status_code = 200' session_id=None response_headers=None status_code=None ssl_certificate=None


Failed to crawl: https://www.immerse.education/female-future-leaders-summer-school/cambridge/
Result: url='https://www.immerse.education/female-future-leaders-summer-school/cambridge/' html='' success=False cleaned_html=None media={} links={} downloaded_files=None screenshot=None pdf=None markdown=None markdown_v2=None fit_markdown=None fit_html=None extracted_content=None metadata=None error_message='Unexpected error in _crawl_web at line 1205 in _crawl_web (../../.pyenv/versions/3.12.6/lib/python3.12/site-packages/crawl4ai/async_crawler_strategy.py):\nError: Failed on navigating ACS-GOTO:\nPage.goto: Timeout 10000ms exceeded.\nCall log:\n  - navigating to "https://www.immerse.education/female-future-leaders-summer-school/cambridge/", waiting until "domcontentloaded"\n\n\nCode context:\n1200   \n1201                       response = await page.goto(\n1202                           url, wait_until=config.wait_until, timeout=config.page_timeout\n1203                       )\n1204                   except Error as e:\n1205 →                     raise RuntimeError(f"Failed on navigating ACS-GOTO:\\n{str(e)}")\n1206   \n1207                   await self.execute_hook("after_goto", page, context=context, url=url, response=response)\n1208   \n1209                   if response is None:\n1210                       status_code = 200' session_id=None response_headers=None status_code=None ssl_certificate=None


Failed to crawl: https://www.immerse.education/film-animation-summer-school/tokyo/
Result: url='https://www.immerse.education/film-animation-summer-school/tokyo/' html='' success=False cleaned_html=None media={} links={} downloaded_files=None screenshot=None pdf=None markdown=None markdown_v2=None fit_markdown=None fit_html=None extracted_content=None metadata=None error_message='Unexpected error in _crawl_web at line 1205 in _crawl_web (../../.pyenv/versions/3.12.6/lib/python3.12/site-packages/crawl4ai/async_crawler_strategy.py):\nError: Failed on navigating ACS-GOTO:\nPage.goto: Timeout 10000ms exceeded.\nCall log:\n  - navigating to "https://www.immerse.education/film-animation-summer-school/tokyo/", waiting until "domcontentloaded"\n\n\nCode context:\n1200   \n1201                       response = await page.goto(\n1202                           url, wait_until=config.wait_until, timeout=config.page_timeout\n1203                       )\n1204                   except Error as e:\n1205 →                     raise RuntimeError(f"Failed on navigating ACS-GOTO:\\n{str(e)}")\n1206   \n1207                   await self.execute_hook("after_goto", page, context=context, url=url, response=response)\n1208   \n1209                   if response is None:\n1210                       status_code = 200' session_id=None response_headers=None status_code=None ssl_certificate=None


Failed to crawl: https://www.immerse.education/coding-summer-school/cambridge/
Result: url='https://www.immerse.education/coding-summer-school/cambridge/' html='' success=False cleaned_html=None media={} links={} downloaded_files=None screenshot=None pdf=None markdown=None markdown_v2=None fit_markdown=None fit_html=None extracted_content=None metadata=None error_message='Unexpected error in _crawl_web at line 1205 in _crawl_web (../../.pyenv/versions/3.12.6/lib/python3.12/site-packages/crawl4ai/async_crawler_strategy.py):\nError: Failed on navigating ACS-GOTO:\nPage.goto: Timeout 10000ms exceeded.\nCall log:\n  - navigating to "https://www.immerse.education/coding-summer-school/cambridge/", waiting until "domcontentloaded"\n\n\nCode context:\n1200   \n1201                       response = await page.goto(\n1202                           url, wait_until=config.wait_until, timeout=config.page_timeout\n1203                       )\n1204                   except Error as e:\n1205 →                     raise RuntimeError(f"Failed on navigating ACS-GOTO:\\n{str(e)}")\n1206   \n1207                   await self.execute_hook("after_goto", page, context=context, url=url, response=response)\n1208   \n1209                   if response is None:\n1210                       status_code = 200' session_id=None response_headers=None status_code=None ssl_certificate=None


Failed to crawl: https://www.immerse.education/criminology-summer-school/cambridge/
Result: url='https://www.immerse.education/criminology-summer-school/cambridge/' html='' success=False cleaned_html=None media={} links={} downloaded_files=None screenshot=None pdf=None markdown=None markdown_v2=None fit_markdown=None fit_html=None extracted_content=None metadata=None error_message='Unexpected error in _crawl_web at line 1205 in _crawl_web (../../.pyenv/versions/3.12.6/lib/python3.12/site-packages/crawl4ai/async_crawler_strategy.py):\nError: Failed on navigating ACS-GOTO:\nPage.goto: Timeout 10000ms exceeded.\nCall log:\n  - navigating to "https://www.immerse.education/criminology-summer-school/cambridge/", waiting until "domcontentloaded"\n\n\nCode context:\n1200   \n1201                       response = await page.goto(\n1202                           url, wait_until=config.wait_until, timeout=config.page_timeout\n1203                       )\n1204                   except Error as e:\n1205 →                     raise RuntimeError(f"Failed on navigating ACS-GOTO:\\n{str(e)}")\n1206   \n1207                   await self.execute_hook("after_goto", page, context=context, url=url, response=response)\n1208   \n1209                   if response is None:\n1210                       status_code = 200' session_id=None response_headers=None status_code=None ssl_certificate=None


Failed to crawl: https://www.immerse.education/architecture-summer-school/singapore/
Result: url='https://www.immerse.education/architecture-summer-school/singapore/' html='' success=False cleaned_html=None media={} links={} downloaded_files=None screenshot=None pdf=None markdown=None markdown_v2=None fit_markdown=None fit_html=None extracted_content=None metadata=None error_message='Unexpected error in _crawl_web at line 1205 in _crawl_web (../../.pyenv/versions/3.12.6/lib/python3.12/site-packages/crawl4ai/async_crawler_strategy.py):\nError: Failed on navigating ACS-GOTO:\nPage.goto: Timeout 10000ms exceeded.\nCall log:\n  - navigating to "https://www.immerse.education/architecture-summer-school/singapore/", waiting until "domcontentloaded"\n\n\nCode context:\n1200   \n1201                       response = await page.goto(\n1202                           url, wait_until=config.wait_until, timeout=config.page_timeout\n1203                       )\n1204                   except Error as e:\n1205 →                     raise RuntimeError(f"Failed on navigating ACS-GOTO:\\n{str(e)}")\n1206   \n1207                   await self.execute_hook("after_goto", page, context=context, url=url, response=response)\n1208   \n1209                   if response is None:\n1210                       status_code = 200' session_id=None response_headers=None status_code=None ssl_certificate=None


Failed to crawl: https://www.immerse.education/physics-summer-school/cambridge/
Result: url='https://www.immerse.education/physics-summer-school/cambridge/' html='' success=False cleaned_html=None media={} links={} downloaded_files=None screenshot=None pdf=None markdown=None markdown_v2=None fit_markdown=None fit_html=None extracted_content=None metadata=None error_message='Unexpected error in _crawl_web at line 1205 in _crawl_web (../../.pyenv/versions/3.12.6/lib/python3.12/site-packages/crawl4ai/async_crawler_strategy.py):\nError: Failed on navigating ACS-GOTO:\nPage.goto: Timeout 10000ms exceeded.\nCall log:\n  - navigating to "https://www.immerse.education/physics-summer-school/cambridge/", waiting until "domcontentloaded"\n\n\nCode context:\n1200   \n1201                       response = await page.goto(\n1202                           url, wait_until=config.wait_until, timeout=config.page_timeout\n1203                       )\n1204                   except Error as e:\n1205 →                     raise RuntimeError(f"Failed on navigating ACS-GOTO:\\n{str(e)}")\n1206   \n1207                   await self.execute_hook("after_goto", page, context=context, url=url, response=response)\n1208   \n1209                   if response is None:\n1210                       status_code = 200' session_id=None response_headers=None status_code=None ssl_certificate=None


Failed to crawl: https://www.immerse.education/business-management-summer-school/boston/
Result: url='https://www.immerse.education/business-management-summer-school/boston/' html='' success=False cleaned_html=None media={} links={} downloaded_files=None screenshot=None pdf=None markdown=None markdown_v2=None fit_markdown=None fit_html=None extracted_content=None metadata=None error_message='Unexpected error in _crawl_web at line 1205 in _crawl_web (../../.pyenv/versions/3.12.6/lib/python3.12/site-packages/crawl4ai/async_crawler_strategy.py):\nError: Failed on navigating ACS-GOTO:\nPage.goto: Timeout 10000ms exceeded.\nCall log:\n  - navigating to "https://www.immerse.education/business-management-summer-school/boston/", waiting until "domcontentloaded"\n\n\nCode context:\n1200   \n1201                       response = await page.goto(\n1202                           url, wait_until=config.wait_until, timeout=config.page_timeout\n1203                       )\n1204                   except Error as e:\n1205 →                     raise RuntimeError(f"Failed on navigating ACS-GOTO:\\n{str(e)}")\n1206   \n1207                   await self.execute_hook("after_goto", page, context=context, url=url, response=response)\n1208   \n1209                   if response is None:\n1210                       status_code = 200' session_id=None response_headers=None status_code=None ssl_certificate=None


Failed to crawl: https://www.immerse.education/business-management-summer-school/cambridge/
Result: url='https://www.immerse.education/business-management-summer-school/cambridge/' html='' success=False cleaned_html=None media={} links={} downloaded_files=None screenshot=None pdf=None markdown=None markdown_v2=None fit_markdown=None fit_html=None extracted_content=None metadata=None error_message='Unexpected error in _crawl_web at line 1205 in _crawl_web (../../.pyenv/versions/3.12.6/lib/python3.12/site-packages/crawl4ai/async_crawler_strategy.py):\nError: Failed on navigating ACS-GOTO:\nPage.goto: Timeout 10000ms exceeded.\nCall log:\n  - navigating to "https://www.immerse.education/business-management-summer-school/cambridge/", waiting until "domcontentloaded"\n\n\nCode context:\n1200   \n1201                       response = await page.goto(\n1202                           url, wait_until=config.wait_until, timeout=config.page_timeout\n1203                       )\n1204                   except Error as e:\n1205 →                     raise RuntimeError(f"Failed on navigating ACS-GOTO:\\n{str(e)}")\n1206   \n1207                   await self.execute_hook("after_goto", page, context=context, url=url, response=response)\n1208   \n1209                   if response is None:\n1210                       status_code = 200' session_id=None response_headers=None status_code=None ssl_certificate=None


Failed to crawl: https://www.immerse.education/nanotechnology-summer-school/cambridge/
Result: url='https://www.immerse.education/nanotechnology-summer-school/cambridge/' html='' success=False cleaned_html=None media={} links={} downloaded_files=None screenshot=None pdf=None markdown=None markdown_v2=None fit_markdown=None fit_html=None extracted_content=None metadata=None error_message='Unexpected error in _crawl_web at line 1205 in _crawl_web (../../.pyenv/versions/3.12.6/lib/python3.12/site-packages/crawl4ai/async_crawler_strategy.py):\nError: Failed on navigating ACS-GOTO:\nPage.goto: Timeout 10000ms exceeded.\nCall log:\n  - navigating to "https://www.immerse.education/nanotechnology-summer-school/cambridge/", waiting until "domcontentloaded"\n\n\nCode context:\n1200   \n1201                       response = await page.goto(\n1202                           url, wait_until=config.wait_until, timeout=config.page_timeout\n1203                       )\n1204                   except Error as e:\n1205 →                     raise RuntimeError(f"Failed on navigating ACS-GOTO:\\n{str(e)}")\n1206   \n1207                   await self.execute_hook("after_goto", page, context=context, url=url, response=response)\n1208   \n1209                   if response is None:\n1210                       status_code = 200' session_id=None response_headers=None status_code=None ssl_certificate=None


Failed to crawl: https://www.immerse.education/veterinary-studies-summer-school/sydney/
Result: url='https://www.immerse.education/veterinary-studies-summer-school/sydney/' html='' success=False cleaned_html=None media={} links={} downloaded_files=None screenshot=None pdf=None markdown=None markdown_v2=None fit_markdown=None fit_html=None extracted_content=None metadata=None error_message='Unexpected error in _crawl_web at line 1205 in _crawl_web (../../.pyenv/versions/3.12.6/lib/python3.12/site-packages/crawl4ai/async_crawler_strategy.py):\nError: Failed on navigating ACS-GOTO:\nPage.goto: Timeout 10000ms exceeded.\nCall log:\n  - navigating to "https://www.immerse.education/veterinary-studies-summer-school/sydney/", waiting until "domcontentloaded"\n\n\nCode context:\n1200   \n1201                       response = await page.goto(\n1202                           url, wait_until=config.wait_until, timeout=config.page_timeout\n1203                       )\n1204                   except Error as e:\n1205 →                     raise RuntimeError(f"Failed on navigating ACS-GOTO:\\n{str(e)}")\n1206   \n1207                   await self.execute_hook("after_goto", page, context=context, url=url, response=response)\n1208   \n1209                   if response is None:\n1210                       status_code = 200' session_id=None response_headers=None status_code=None ssl_certificate=None


Failed to crawl: https://www.immerse.education/international-relations-summer-school/sydney/
Result: url='https://www.immerse.education/international-relations-summer-school/sydney/' html='' success=False cleaned_html=None media={} links={} downloaded_files=None screenshot=None pdf=None markdown=None markdown_v2=None fit_markdown=None fit_html=None extracted_content=None metadata=None error_message='Unexpected error in _crawl_web at line 1205 in _crawl_web (../../.pyenv/versions/3.12.6/lib/python3.12/site-packages/crawl4ai/async_crawler_strategy.py):\nError: Failed on navigating ACS-GOTO:\nPage.goto: Timeout 10000ms exceeded.\nCall log:\n  - navigating to "https://www.immerse.education/international-relations-summer-school/sydney/", waiting until "domcontentloaded"\n\n\nCode context:\n1200   \n1201                       response = await page.goto(\n1202                           url, wait_until=config.wait_until, timeout=config.page_timeout\n1203                       )\n1204                   except Error as e:\n1205 →                     raise RuntimeError(f"Failed on navigating ACS-GOTO:\\n{str(e)}")\n1206   \n1207                   await self.execute_hook("after_goto", page, context=context, url=url, response=response)\n1208   \n1209                   if response is None:\n1210                       status_code = 200' session_id=None response_headers=None status_code=None ssl_certificate=None


Failed to crawl: https://www.immerse.education/engineering-summer-school/sydney/
Result: url='https://www.immerse.education/engineering-summer-school/sydney/' html='' success=False cleaned_html=None media={} links={} downloaded_files=None screenshot=None pdf=None markdown=None markdown_v2=None fit_markdown=None fit_html=None extracted_content=None metadata=None error_message='Unexpected error in _crawl_web at line 1205 in _crawl_web (../../.pyenv/versions/3.12.6/lib/python3.12/site-packages/crawl4ai/async_crawler_strategy.py):\nError: Failed on navigating ACS-GOTO:\nPage.goto: Timeout 10000ms exceeded.\nCall log:\n  - navigating to "https://www.immerse.education/engineering-summer-school/sydney/", waiting until "domcontentloaded"\n\n\nCode context:\n1200   \n1201                       response = await page.goto(\n1202                           url, wait_until=config.wait_until, timeout=config.page_timeout\n1203                       )\n1204                   except Error as e:\n1205 →                     raise RuntimeError(f"Failed on navigating ACS-GOTO:\\n{str(e)}")\n1206   \n1207                   await self.execute_hook("after_goto", page, context=context, url=url, response=response)\n1208   \n1209                   if response is None:\n1210                       status_code = 200' session_id=None response_headers=None status_code=None ssl_certificate=None


Failed to crawl: https://www.immerse.education/business-management-summer-school/sydney/
Result: url='https://www.immerse.education/business-management-summer-school/sydney/' html='' success=False cleaned_html=None media={} links={} downloaded_files=None screenshot=None pdf=None markdown=None markdown_v2=None fit_markdown=None fit_html=None extracted_content=None metadata=None error_message='Unexpected error in _crawl_web at line 1205 in _crawl_web (../../.pyenv/versions/3.12.6/lib/python3.12/site-packages/crawl4ai/async_crawler_strategy.py):\nError: Failed on navigating ACS-GOTO:\nPage.goto: Timeout 10000ms exceeded.\nCall log:\n  - navigating to "https://www.immerse.education/business-management-summer-school/sydney/", waiting until "domcontentloaded"\n\n\nCode context:\n1200   \n1201                       response = await page.goto(\n1202                           url, wait_until=config.wait_until, timeout=config.page_timeout\n1203                       )\n1204                   except Error as e:\n1205 →                     raise RuntimeError(f"Failed on navigating ACS-GOTO:\\n{str(e)}")\n1206   \n1207                   await self.execute_hook("after_goto", page, context=context, url=url, response=response)\n1208   \n1209                   if response is None:\n1210                       status_code = 200' session_id=None response_headers=None status_code=None ssl_certificate=None


Failed to crawl: https://www.immerse.education/global-society-sustainability-summer-school/
Result: url='https://www.immerse.education/global-society-sustainability-summer-school/' html='' success=False cleaned_html=None media={} links={} downloaded_files=None screenshot=None pdf=None markdown=None markdown_v2=None fit_markdown=None fit_html=None extracted_content=None metadata=None error_message='Unexpected error in _crawl_web at line 1205 in _crawl_web (../../.pyenv/versions/3.12.6/lib/python3.12/site-packages/crawl4ai/async_crawler_strategy.py):\nError: Failed on navigating ACS-GOTO:\nPage.goto: Timeout 10000ms exceeded.\nCall log:\n  - navigating to "https://www.immerse.education/global-society-sustainability-summer-school/", waiting until "domcontentloaded"\n\n\nCode context:\n1200   \n1201                       response = await page.goto(\n1202                           url, wait_until=config.wait_until, timeout=config.page_timeout\n1203                       )\n1204                   except Error as e:\n1205 →                     raise RuntimeError(f"Failed on navigating ACS-GOTO:\\n{str(e)}")\n1206   \n1207                   await self.execute_hook("after_goto", page, context=context, url=url, response=response)\n1208   \n1209                   if response is None:\n1210                       status_code = 200' session_id=None response_headers=None status_code=None ssl_certificate=None


Failed to crawl: https://www.immerse.education/film-animation-summer-school/
Result: url='https://www.immerse.education/film-animation-summer-school/' html='' success=False cleaned_html=None media={} links={} downloaded_files=None screenshot=None pdf=None markdown=None markdown_v2=None fit_markdown=None fit_html=None extracted_content=None metadata=None error_message='Unexpected error in _crawl_web at line 1205 in _crawl_web (../../.pyenv/versions/3.12.6/lib/python3.12/site-packages/crawl4ai/async_crawler_strategy.py):\nError: Failed on navigating ACS-GOTO:\nPage.goto: Timeout 10000ms exceeded.\nCall log:\n  - navigating to "https://www.immerse.education/film-animation-summer-school/", waiting until "domcontentloaded"\n\n\nCode context:\n1200   \n1201                       response = await page.goto(\n1202                           url, wait_until=config.wait_until, timeout=config.page_timeout\n1203                       )\n1204                   except Error as e:\n1205 →                     raise RuntimeError(f"Failed on navigating ACS-GOTO:\\n{str(e)}")\n1206   \n1207                   await self.execute_hook("after_goto", page, context=context, url=url, response=response)\n1208   \n1209                   if response is None:\n1210                       status_code = 200' session_id=None response_headers=None status_code=None ssl_certificate=None


Failed to crawl: https://www.immerse.education/study-tips/biology/what-is-altruism/
Result: url='https://www.immerse.education/study-tips/biology/what-is-altruism/' html='' success=False cleaned_html=None media={} links={} downloaded_files=None screenshot=None pdf=None markdown=None markdown_v2=None fit_markdown=None fit_html=None extracted_content=None metadata=None error_message='Unexpected error in _crawl_web at line 1205 in _crawl_web (../../.pyenv/versions/3.12.6/lib/python3.12/site-packages/crawl4ai/async_crawler_strategy.py):\nError: Failed on navigating ACS-GOTO:\nPage.goto: Timeout 10000ms exceeded.\nCall log:\n  - navigating to "https://www.immerse.education/study-tips/biology/what-is-altruism/", waiting until "domcontentloaded"\n\n\nCode context:\n1200   \n1201                       response = await page.goto(\n1202                           url, wait_until=config.wait_until, timeout=config.page_timeout\n1203                       )\n1204                   except Error as e:\n1205 →                     raise RuntimeError(f"Failed on navigating ACS-GOTO:\\n{str(e)}")\n1206   \n1207                   await self.execute_hook("after_goto", page, context=context, url=url, response=response)\n1208   \n1209                   if response is None:\n1210                       status_code = 200' session_id=None response_headers=None status_code=None ssl_certificate=None


Failed to crawl: https://www.immerse.education/study-tips/biology/are-humans-still-evolving/
Result: url='https://www.immerse.education/study-tips/biology/are-humans-still-evolving/' html='' success=False cleaned_html=None media={} links={} downloaded_files=None screenshot=None pdf=None markdown=None markdown_v2=None fit_markdown=None fit_html=None extracted_content=None metadata=None error_message='Unexpected error in _crawl_web at line 1205 in _crawl_web (../../.pyenv/versions/3.12.6/lib/python3.12/site-packages/crawl4ai/async_crawler_strategy.py):\nError: Failed on navigating ACS-GOTO:\nPage.goto: Timeout 10000ms exceeded.\nCall log:\n  - navigating to "https://www.immerse.education/study-tips/biology/are-humans-still-evolving/", waiting until "domcontentloaded"\n\n\nCode context:\n1200   \n1201                       response = await page.goto(\n1202                           url, wait_until=config.wait_until, timeout=config.page_timeout\n1203                       )\n1204                   except Error as e:\n1205 →                     raise RuntimeError(f"Failed on navigating ACS-GOTO:\\n{str(e)}")\n1206   \n1207                   await self.execute_hook("after_goto", page, context=context, url=url, response=response)\n1208   \n1209                   if response is None:\n1210                       status_code = 200' session_id=None response_headers=None status_code=None ssl_certificate=None


Failed to crawl: https://www.immerse.education/study-tips/artificial-intelligence-case-study/
Result: url='https://www.immerse.education/study-tips/artificial-intelligence-case-study/' html='' success=False cleaned_html=None media={} links={} downloaded_files=None screenshot=None pdf=None markdown=None markdown_v2=None fit_markdown=None fit_html=None extracted_content=None metadata=None error_message='Unexpected error in _crawl_web at line 1205 in _crawl_web (../../.pyenv/versions/3.12.6/lib/python3.12/site-packages/crawl4ai/async_crawler_strategy.py):\nError: Failed on navigating ACS-GOTO:\nPage.goto: Timeout 10000ms exceeded.\nCall log:\n  - navigating to "https://www.immerse.education/study-tips/artificial-intelligence-case-study/", waiting until "domcontentloaded"\n\n\nCode context:\n1200   \n1201                       response = await page.goto(\n1202                           url, wait_until=config.wait_until, timeout=config.page_timeout\n1203                       )\n1204                   except Error as e:\n1205 →                     raise RuntimeError(f"Failed on navigating ACS-GOTO:\\n{str(e)}")\n1206   \n1207                   await self.execute_hook("after_goto", page, context=context, url=url, response=response)\n1208   \n1209                   if response is None:\n1210                       status_code = 200' session_id=None response_headers=None status_code=None ssl_certificate=None


Failed to crawl: https://www.immerse.education/study-tips/rule-of-law-review/
Result: url='https://www.immerse.education/study-tips/rule-of-law-review/' html='' success=False cleaned_html=None media={} links={} downloaded_files=None screenshot=None pdf=None markdown=None markdown_v2=None fit_markdown=None fit_html=None extracted_content=None metadata=None error_message='Unexpected error in _crawl_web at line 1205 in _crawl_web (../../.pyenv/versions/3.12.6/lib/python3.12/site-packages/crawl4ai/async_crawler_strategy.py):\nError: Failed on navigating ACS-GOTO:\nPage.goto: Timeout 10000ms exceeded.\nCall log:\n  - navigating to "https://www.immerse.education/study-tips/rule-of-law-review/", waiting until "domcontentloaded"\n\n\nCode context:\n1200   \n1201                       response = await page.goto(\n1202                           url, wait_until=config.wait_until, timeout=config.page_timeout\n1203                       )\n1204                   except Error as e:\n1205 →                     raise RuntimeError(f"Failed on navigating ACS-GOTO:\\n{str(e)}")\n1206   \n1207                   await self.execute_hook("after_goto", page, context=context, url=url, response=response)\n1208   \n1209                   if response is None:\n1210                       status_code = 200' session_id=None response_headers=None status_code=None ssl_certificate=None


Failed to crawl: https://www.immerse.education/study-tips/computer-science-summer-camp/
Result: url='https://www.immerse.education/study-tips/computer-science-summer-camp/' html='' success=False cleaned_html=None media={} links={} downloaded_files=None screenshot=None pdf=None markdown=None markdown_v2=None fit_markdown=None fit_html=None extracted_content=None metadata=None error_message='Unexpected error in _crawl_web at line 1205 in _crawl_web (../../.pyenv/versions/3.12.6/lib/python3.12/site-packages/crawl4ai/async_crawler_strategy.py):\nError: Failed on navigating ACS-GOTO:\nPage.goto: Timeout 10000ms exceeded.\nCall log:\n  - navigating to "https://www.immerse.education/study-tips/computer-science-summer-camp/", waiting until "domcontentloaded"\n\n\nCode context:\n1200   \n1201                       response = await page.goto(\n1202                           url, wait_until=config.wait_until, timeout=config.page_timeout\n1203                       )\n1204                   except Error as e:\n1205 →                     raise RuntimeError(f"Failed on navigating ACS-GOTO:\\n{str(e)}")\n1206   \n1207                   await self.execute_hook("after_goto", page, context=context, url=url, response=response)\n1208   \n1209                   if response is None:\n1210                       status_code = 200' session_id=None response_headers=None status_code=None ssl_certificate=None


Failed to crawl: https://www.immerse.education/study-tips/authoritarian-government-examples/
Result: url='https://www.immerse.education/study-tips/authoritarian-government-examples/' html='' success=False cleaned_html=None media={} links={} downloaded_files=None screenshot=None pdf=None markdown=None markdown_v2=None fit_markdown=None fit_html=None extracted_content=None metadata=None error_message='Unexpected error in _crawl_web at line 1205 in _crawl_web (../../.pyenv/versions/3.12.6/lib/python3.12/site-packages/crawl4ai/async_crawler_strategy.py):\nError: Failed on navigating ACS-GOTO:\nPage.goto: Timeout 10000ms exceeded.\nCall log:\n  - navigating to "https://www.immerse.education/study-tips/authoritarian-government-examples/", waiting until "domcontentloaded"\n\n\nCode context:\n1200   \n1201                       response = await page.goto(\n1202                           url, wait_until=config.wait_until, timeout=config.page_timeout\n1203                       )\n1204                   except Error as e:\n1205 →                     raise RuntimeError(f"Failed on navigating ACS-GOTO:\\n{str(e)}")\n1206   \n1207                   await self.execute_hook("after_goto", page, context=context, url=url, response=response)\n1208   \n1209                   if response is None:\n1210                       status_code = 200' session_id=None response_headers=None status_code=None ssl_certificate=None


Failed to crawl: https://www.immerse.education/study-tips/biology/how-hard-is-biology-a-level/
Result: url='https://www.immerse.education/study-tips/biology/how-hard-is-biology-a-level/' html='' success=False cleaned_html=None media={} links={} downloaded_files=None screenshot=None pdf=None markdown=None markdown_v2=None fit_markdown=None fit_html=None extracted_content=None metadata=None error_message='Unexpected error in _crawl_web at line 1205 in _crawl_web (../../.pyenv/versions/3.12.6/lib/python3.12/site-packages/crawl4ai/async_crawler_strategy.py):\nError: Failed on navigating ACS-GOTO:\nPage.goto: Timeout 10000ms exceeded.\nCall log:\n  - navigating to "https://www.immerse.education/study-tips/biology/how-hard-is-biology-a-level/", waiting until "domcontentloaded"\n\n\nCode context:\n1200   \n1201                       response = await page.goto(\n1202                           url, wait_until=config.wait_until, timeout=config.page_timeout\n1203                       )\n1204                   except Error as e:\n1205 →                     raise RuntimeError(f"Failed on navigating ACS-GOTO:\\n{str(e)}")\n1206   \n1207                   await self.execute_hook("after_goto", page, context=context, url=url, response=response)\n1208   \n1209                   if response is None:\n1210                       status_code = 200' session_id=None response_headers=None status_code=None ssl_certificate=None


Failed to crawl: https://www.immerse.education/study-tips/how-hard-is-chemistry-a-level/
Result: url='https://www.immerse.education/study-tips/how-hard-is-chemistry-a-level/' html='' success=False cleaned_html=None media={} links={} downloaded_files=None screenshot=None pdf=None markdown=None markdown_v2=None fit_markdown=None fit_html=None extracted_content=None metadata=None error_message='Unexpected error in _crawl_web at line 1205 in _crawl_web (../../.pyenv/versions/3.12.6/lib/python3.12/site-packages/crawl4ai/async_crawler_strategy.py):\nError: Failed on navigating ACS-GOTO:\nPage.goto: Timeout 10000ms exceeded.\nCall log:\n  - navigating to "https://www.immerse.education/study-tips/how-hard-is-chemistry-a-level/", waiting until "domcontentloaded"\n\n\nCode context:\n1200   \n1201                       response = await page.goto(\n1202                           url, wait_until=config.wait_until, timeout=config.page_timeout\n1203                       )\n1204                   except Error as e:\n1205 →                     raise RuntimeError(f"Failed on navigating ACS-GOTO:\\n{str(e)}")\n1206   \n1207                   await self.execute_hook("after_goto", page, context=context, url=url, response=response)\n1208   \n1209                   if response is None:\n1210                       status_code = 200' session_id=None response_headers=None status_code=None ssl_certificate=None


Failed to crawl: https://www.immerse.education/study-tips/physics/how-hard-is-physics-a-level/
Result: url='https://www.immerse.education/study-tips/physics/how-hard-is-physics-a-level/' html='' success=False cleaned_html=None media={} links={} downloaded_files=None screenshot=None pdf=None markdown=None markdown_v2=None fit_markdown=None fit_html=None extracted_content=None metadata=None error_message='Unexpected error in _crawl_web at line 1205 in _crawl_web (../../.pyenv/versions/3.12.6/lib/python3.12/site-packages/crawl4ai/async_crawler_strategy.py):\nError: Failed on navigating ACS-GOTO:\nPage.goto: Timeout 10000ms exceeded.\nCall log:\n  - navigating to "https://www.immerse.education/study-tips/physics/how-hard-is-physics-a-level/", waiting until "domcontentloaded"\n\n\nCode context:\n1200   \n1201                       response = await page.goto(\n1202                           url, wait_until=config.wait_until, timeout=config.page_timeout\n1203                       )\n1204                   except Error as e:\n1205 →                     raise RuntimeError(f"Failed on navigating ACS-GOTO:\\n{str(e)}")\n1206   \n1207                   await self.execute_hook("after_goto", page, context=context, url=url, response=response)\n1208   \n1209                   if response is None:\n1210                       status_code = 200' session_id=None response_headers=None status_code=None ssl_certificate=None


Failed to crawl: https://www.immerse.education/study-tips/how-long-does-it-take-to-learn-coding/
Result: url='https://www.immerse.education/study-tips/how-long-does-it-take-to-learn-coding/' html='' success=False cleaned_html=None media={} links={} downloaded_files=None screenshot=None pdf=None markdown=None markdown_v2=None fit_markdown=None fit_html=None extracted_content=None metadata=None error_message='Unexpected error in _crawl_web at line 1205 in _crawl_web (../../.pyenv/versions/3.12.6/lib/python3.12/site-packages/crawl4ai/async_crawler_strategy.py):\nError: Failed on navigating ACS-GOTO:\nPage.goto: Timeout 10000ms exceeded.\nCall log:\n  - navigating to "https://www.immerse.education/study-tips/how-long-does-it-take-to-learn-coding/", waiting until "domcontentloaded"\n\n\nCode context:\n1200   \n1201                       response = await page.goto(\n1202                           url, wait_until=config.wait_until, timeout=config.page_timeout\n1203                       )\n1204                   except Error as e:\n1205 →                     raise RuntimeError(f"Failed on navigating ACS-GOTO:\\n{str(e)}")\n1206   \n1207                   await self.execute_hook("after_goto", page, context=context, url=url, response=response)\n1208   \n1209                   if response is None:\n1210                       status_code = 200' session_id=None response_headers=None status_code=None ssl_certificate=None


Failed to crawl: https://www.immerse.education/study-tips/how-to-become-a-business-manager/
Result: url='https://www.immerse.education/study-tips/how-to-become-a-business-manager/' html='' success=False cleaned_html=None media={} links={} downloaded_files=None screenshot=None pdf=None markdown=None markdown_v2=None fit_markdown=None fit_html=None extracted_content=None metadata=None error_message='Unexpected error in _crawl_web at line 1205 in _crawl_web (../../.pyenv/versions/3.12.6/lib/python3.12/site-packages/crawl4ai/async_crawler_strategy.py):\nError: Failed on navigating ACS-GOTO:\nPage.goto: Timeout 10000ms exceeded.\nCall log:\n  - navigating to "https://www.immerse.education/study-tips/how-to-become-a-business-manager/", waiting until "domcontentloaded"\n\n\nCode context:\n1200   \n1201                       response = await page.goto(\n1202                           url, wait_until=config.wait_until, timeout=config.page_timeout\n1203                       )\n1204                   except Error as e:\n1205 →                     raise RuntimeError(f"Failed on navigating ACS-GOTO:\\n{str(e)}")\n1206   \n1207                   await self.execute_hook("after_goto", page, context=context, url=url, response=response)\n1208   \n1209                   if response is None:\n1210                       status_code = 200' session_id=None response_headers=None status_code=None ssl_certificate=None


Failed to crawl: https://www.immerse.education/study-tips/law/how-to-become-a-lawyer-in-the-uk/
Result: url='https://www.immerse.education/study-tips/law/how-to-become-a-lawyer-in-the-uk/' html='' success=False cleaned_html=None media={} links={} downloaded_files=None screenshot=None pdf=None markdown=None markdown_v2=None fit_markdown=None fit_html=None extracted_content=None metadata=None error_message='Unexpected error in _crawl_web at line 1205 in _crawl_web (../../.pyenv/versions/3.12.6/lib/python3.12/site-packages/crawl4ai/async_crawler_strategy.py):\nError: Failed on navigating ACS-GOTO:\nPage.goto: Timeout 10000ms exceeded.\nCall log:\n  - navigating to "https://www.immerse.education/study-tips/law/how-to-become-a-lawyer-in-the-uk/", waiting until "domcontentloaded"\n\n\nCode context:\n1200   \n1201                       response = await page.goto(\n1202                           url, wait_until=config.wait_until, timeout=config.page_timeout\n1203                       )\n1204                   except Error as e:\n1205 →                     raise RuntimeError(f"Failed on navigating ACS-GOTO:\\n{str(e)}")\n1206   \n1207                   await self.execute_hook("after_goto", page, context=context, url=url, response=response)\n1208   \n1209                   if response is None:\n1210                       status_code = 200' session_id=None response_headers=None status_code=None ssl_certificate=None


Failed to crawl: https://www.immerse.education/study-tips/how-to-deal-with-stress/
Result: url='https://www.immerse.education/study-tips/how-to-deal-with-stress/' html='' success=False cleaned_html=None media={} links={} downloaded_files=None screenshot=None pdf=None markdown=None markdown_v2=None fit_markdown=None fit_html=None extracted_content=None metadata=None error_message='Unexpected error in _crawl_web at line 1205 in _crawl_web (../../.pyenv/versions/3.12.6/lib/python3.12/site-packages/crawl4ai/async_crawler_strategy.py):\nError: Failed on navigating ACS-GOTO:\nPage.goto: Timeout 10000ms exceeded.\nCall log:\n  - navigating to "https://www.immerse.education/study-tips/how-to-deal-with-stress/", waiting until "domcontentloaded"\n\n\nCode context:\n1200   \n1201                       response = await page.goto(\n1202                           url, wait_until=config.wait_until, timeout=config.page_timeout\n1203                       )\n1204                   except Error as e:\n1205 →                     raise RuntimeError(f"Failed on navigating ACS-GOTO:\\n{str(e)}")\n1206   \n1207                   await self.execute_hook("after_goto", page, context=context, url=url, response=response)\n1208   \n1209                   if response is None:\n1210                       status_code = 200' session_id=None response_headers=None status_code=None ssl_certificate=None


Failed to crawl: https://www.immerse.education/study-tips/motivation/
Result: url='https://www.immerse.education/study-tips/motivation/' html='' success=False cleaned_html=None media={} links={} downloaded_files=None screenshot=None pdf=None markdown=None markdown_v2=None fit_markdown=None fit_html=None extracted_content=None metadata=None error_message='Unexpected error in _crawl_web at line 1205 in _crawl_web (../../.pyenv/versions/3.12.6/lib/python3.12/site-packages/crawl4ai/async_crawler_strategy.py):\nError: Failed on navigating ACS-GOTO:\nPage.goto: Timeout 10000ms exceeded.\nCall log:\n  - navigating to "https://www.immerse.education/study-tips/motivation/", waiting until "domcontentloaded"\n\n\nCode context:\n1200   \n1201                       response = await page.goto(\n1202                           url, wait_until=config.wait_until, timeout=config.page_timeout\n1203                       )\n1204                   except Error as e:\n1205 →                     raise RuntimeError(f"Failed on navigating ACS-GOTO:\\n{str(e)}")\n1206   \n1207                   await self.execute_hook("after_goto", page, context=context, url=url, response=response)\n1208   \n1209                   if response is None:\n1210                       status_code = 200' session_id=None response_headers=None status_code=None ssl_certificate=None


Failed to crawl: https://www.immerse.education/study-tips/biology/how-to-revise-biology-a-level/
Result: url='https://www.immerse.education/study-tips/biology/how-to-revise-biology-a-level/' html='' success=False cleaned_html=None media={} links={} downloaded_files=None screenshot=None pdf=None markdown=None markdown_v2=None fit_markdown=None fit_html=None extracted_content=None metadata=None error_message='Unexpected error in _crawl_web at line 1205 in _crawl_web (../../.pyenv/versions/3.12.6/lib/python3.12/site-packages/crawl4ai/async_crawler_strategy.py):\nError: Failed on navigating ACS-GOTO:\nPage.goto: Timeout 10000ms exceeded.\nCall log:\n  - navigating to "https://www.immerse.education/study-tips/biology/how-to-revise-biology-a-level/", waiting until "domcontentloaded"\n\n\nCode context:\n1200   \n1201                       response = await page.goto(\n1202                           url, wait_until=config.wait_until, timeout=config.page_timeout\n1203                       )\n1204                   except Error as e:\n1205 →                     raise RuntimeError(f"Failed on navigating ACS-GOTO:\\n{str(e)}")\n1206   \n1207                   await self.execute_hook("after_goto", page, context=context, url=url, response=response)\n1208   \n1209                   if response is None:\n1210                       status_code = 200' session_id=None response_headers=None status_code=None ssl_certificate=None


Failed to crawl: https://www.immerse.education/study-tips/law/
Result: url='https://www.immerse.education/study-tips/law/' html='' success=False cleaned_html=None media={} links={} downloaded_files=None screenshot=None pdf=None markdown=None markdown_v2=None fit_markdown=None fit_html=None extracted_content=None metadata=None error_message='Unexpected error in _crawl_web at line 1205 in _crawl_web (../../.pyenv/versions/3.12.6/lib/python3.12/site-packages/crawl4ai/async_crawler_strategy.py):\nError: Failed on navigating ACS-GOTO:\nPage.goto: Timeout 10000ms exceeded.\nCall log:\n  - navigating to "https://www.immerse.education/study-tips/law/", waiting until "domcontentloaded"\n\n\nCode context:\n1200   \n1201                       response = await page.goto(\n1202                           url, wait_until=config.wait_until, timeout=config.page_timeout\n1203                       )\n1204                   except Error as e:\n1205 →                     raise RuntimeError(f"Failed on navigating ACS-GOTO:\\n{str(e)}")\n1206   \n1207                   await self.execute_hook("after_goto", page, context=context, url=url, response=response)\n1208   \n1209                   if response is None:\n1210                       status_code = 200' session_id=None response_headers=None status_code=None ssl_certificate=None


Failed to crawl: https://www.immerse.education/study-tips/war-peace-review/
Result: url='https://www.immerse.education/study-tips/war-peace-review/' html='' success=False cleaned_html=None media={} links={} downloaded_files=None screenshot=None pdf=None markdown=None markdown_v2=None fit_markdown=None fit_html=None extracted_content=None metadata=None error_message='Unexpected error in _crawl_web at line 1205 in _crawl_web (../../.pyenv/versions/3.12.6/lib/python3.12/site-packages/crawl4ai/async_crawler_strategy.py):\nError: Failed on navigating ACS-GOTO:\nPage.goto: Timeout 10000ms exceeded.\nCall log:\n  - navigating to "https://www.immerse.education/study-tips/war-peace-review/", waiting until "domcontentloaded"\n\n\nCode context:\n1200   \n1201                       response = await page.goto(\n1202                           url, wait_until=config.wait_until, timeout=config.page_timeout\n1203                       )\n1204                   except Error as e:\n1205 →                     raise RuntimeError(f"Failed on navigating ACS-GOTO:\\n{str(e)}")\n1206   \n1207                   await self.execute_hook("after_goto", page, context=context, url=url, response=response)\n1208   \n1209                   if response is None:\n1210                       status_code = 200' session_id=None response_headers=None status_code=None ssl_certificate=None


Failed to crawl: https://www.immerse.education/study-tips/maths/
Result: url='https://www.immerse.education/study-tips/maths/' html='' success=False cleaned_html=None media={} links={} downloaded_files=None screenshot=None pdf=None markdown=None markdown_v2=None fit_markdown=None fit_html=None extracted_content=None metadata=None error_message='Unexpected error in _crawl_web at line 1205 in _crawl_web (../../.pyenv/versions/3.12.6/lib/python3.12/site-packages/crawl4ai/async_crawler_strategy.py):\nError: Failed on navigating ACS-GOTO:\nPage.goto: Timeout 10000ms exceeded.\nCall log:\n  - navigating to "https://www.immerse.education/study-tips/maths/", waiting until "domcontentloaded"\n\n\nCode context:\n1200   \n1201                       response = await page.goto(\n1202                           url, wait_until=config.wait_until, timeout=config.page_timeout\n1203                       )\n1204                   except Error as e:\n1205 →                     raise RuntimeError(f"Failed on navigating ACS-GOTO:\\n{str(e)}")\n1206   \n1207                   await self.execute_hook("after_goto", page, context=context, url=url, response=response)\n1208   \n1209                   if response is None:\n1210                       status_code = 200' session_id=None response_headers=None status_code=None ssl_certificate=None


Failed to crawl: https://www.immerse.education/study-tips/maths/famous-mathematicians/
Result: url='https://www.immerse.education/study-tips/maths/famous-mathematicians/' html='' success=False cleaned_html=None media={} links={} downloaded_files=None screenshot=None pdf=None markdown=None markdown_v2=None fit_markdown=None fit_html=None extracted_content=None metadata=None error_message='Unexpected error in _crawl_web at line 1205 in _crawl_web (../../.pyenv/versions/3.12.6/lib/python3.12/site-packages/crawl4ai/async_crawler_strategy.py):\nError: Failed on navigating ACS-GOTO:\nPage.goto: Timeout 10000ms exceeded.\nCall log:\n  - navigating to "https://www.immerse.education/study-tips/maths/famous-mathematicians/", waiting until "domcontentloaded"\n\n\nCode context:\n1200   \n1201                       response = await page.goto(\n1202                           url, wait_until=config.wait_until, timeout=config.page_timeout\n1203                       )\n1204                   except Error as e:\n1205 →                     raise RuntimeError(f"Failed on navigating ACS-GOTO:\\n{str(e)}")\n1206   \n1207                   await self.execute_hook("after_goto", page, context=context, url=url, response=response)\n1208   \n1209                   if response is None:\n1210                       status_code = 200' session_id=None response_headers=None status_code=None ssl_certificate=None


Failed to crawl: https://www.immerse.education/study-tips/summer-chemistry-courses/
Result: url='https://www.immerse.education/study-tips/summer-chemistry-courses/' html='' success=False cleaned_html=None media={} links={} downloaded_files=None screenshot=None pdf=None markdown=None markdown_v2=None fit_markdown=None fit_html=None extracted_content=None metadata=None error_message='Unexpected error in _crawl_web at line 1205 in _crawl_web (../../.pyenv/versions/3.12.6/lib/python3.12/site-packages/crawl4ai/async_crawler_strategy.py):\nError: Failed on navigating ACS-GOTO:\nPage.goto: Timeout 10000ms exceeded.\nCall log:\n  - navigating to "https://www.immerse.education/study-tips/summer-chemistry-courses/", waiting until "domcontentloaded"\n\n\nCode context:\n1200   \n1201                       response = await page.goto(\n1202                           url, wait_until=config.wait_until, timeout=config.page_timeout\n1203                       )\n1204                   except Error as e:\n1205 →                     raise RuntimeError(f"Failed on navigating ACS-GOTO:\\n{str(e)}")\n1206   \n1207                   await self.execute_hook("after_goto", page, context=context, url=url, response=response)\n1208   \n1209                   if response is None:\n1210                       status_code = 200' session_id=None response_headers=None status_code=None ssl_certificate=None


Failed to crawl: https://www.immerse.education/study-tips/what-do-computer-scientists-do/
Result: url='https://www.immerse.education/study-tips/what-do-computer-scientists-do/' html='' success=False cleaned_html=None media={} links={} downloaded_files=None screenshot=None pdf=None markdown=None markdown_v2=None fit_markdown=None fit_html=None extracted_content=None metadata=None error_message='Unexpected error in _crawl_web at line 1205 in _crawl_web (../../.pyenv/versions/3.12.6/lib/python3.12/site-packages/crawl4ai/async_crawler_strategy.py):\nError: Failed on navigating ACS-GOTO:\nPage.goto: Timeout 10000ms exceeded.\nCall log:\n  - navigating to "https://www.immerse.education/study-tips/what-do-computer-scientists-do/", waiting until "domcontentloaded"\n\n\nCode context:\n1200   \n1201                       response = await page.goto(\n1202                           url, wait_until=config.wait_until, timeout=config.page_timeout\n1203                       )\n1204                   except Error as e:\n1205 →                     raise RuntimeError(f"Failed on navigating ACS-GOTO:\\n{str(e)}")\n1206   \n1207                   await self.execute_hook("after_goto", page, context=context, url=url, response=response)\n1208   \n1209                   if response is None:\n1210                       status_code = 200' session_id=None response_headers=None status_code=None ssl_certificate=None


Failed to crawl: https://www.immerse.education/study-tips/law/what-gcses-to-be-lawyer/
Result: url='https://www.immerse.education/study-tips/law/what-gcses-to-be-lawyer/' html='' success=False cleaned_html=None media={} links={} downloaded_files=None screenshot=None pdf=None markdown=None markdown_v2=None fit_markdown=None fit_html=None extracted_content=None metadata=None error_message='Unexpected error in _crawl_web at line 1205 in _crawl_web (../../.pyenv/versions/3.12.6/lib/python3.12/site-packages/crawl4ai/async_crawler_strategy.py):\nError: Failed on navigating ACS-GOTO:\nPage.goto: Timeout 10000ms exceeded.\nCall log:\n  - navigating to "https://www.immerse.education/study-tips/law/what-gcses-to-be-lawyer/", waiting until "domcontentloaded"\n\n\nCode context:\n1200   \n1201                       response = await page.goto(\n1202                           url, wait_until=config.wait_until, timeout=config.page_timeout\n1203                       )\n1204                   except Error as e:\n1205 →                     raise RuntimeError(f"Failed on navigating ACS-GOTO:\\n{str(e)}")\n1206   \n1207                   await self.execute_hook("after_goto", page, context=context, url=url, response=response)\n1208   \n1209                   if response is None:\n1210                       status_code = 200' session_id=None response_headers=None status_code=None ssl_certificate=None


Failed to crawl: https://www.immerse.education/study-tips/getting-into-university-in-australia/
Result: url='https://www.immerse.education/study-tips/getting-into-university-in-australia/' html='' success=False cleaned_html=None media={} links={} downloaded_files=None screenshot=None pdf=None markdown=None markdown_v2=None fit_markdown=None fit_html=None extracted_content=None metadata=None error_message='Unexpected error in _crawl_web at line 1205 in _crawl_web (../../.pyenv/versions/3.12.6/lib/python3.12/site-packages/crawl4ai/async_crawler_strategy.py):\nError: Failed on navigating ACS-GOTO:\nPage.goto: Timeout 10000ms exceeded.\nCall log:\n  - navigating to "https://www.immerse.education/study-tips/getting-into-university-in-australia/", waiting until "domcontentloaded"\n\n\nCode context:\n1200   \n1201                       response = await page.goto(\n1202                           url, wait_until=config.wait_until, timeout=config.page_timeout\n1203                       )\n1204                   except Error as e:\n1205 →                     raise RuntimeError(f"Failed on navigating ACS-GOTO:\\n{str(e)}")\n1206   \n1207                   await self.execute_hook("after_goto", page, context=context, url=url, response=response)\n1208   \n1209                   if response is None:\n1210                       status_code = 200' session_id=None response_headers=None status_code=None ssl_certificate=None


Failed to crawl: https://www.immerse.education/study-tips/medicine/discovery-dna-importance/
Result: url='https://www.immerse.education/study-tips/medicine/discovery-dna-importance/' html='' success=False cleaned_html=None media={} links={} downloaded_files=None screenshot=None pdf=None markdown=None markdown_v2=None fit_markdown=None fit_html=None extracted_content=None metadata=None error_message='Unexpected error in _crawl_web at line 1205 in _crawl_web (../../.pyenv/versions/3.12.6/lib/python3.12/site-packages/crawl4ai/async_crawler_strategy.py):\nError: Failed on navigating ACS-GOTO:\nPage.goto: Timeout 10000ms exceeded.\nCall log:\n  - navigating to "https://www.immerse.education/study-tips/medicine/discovery-dna-importance/", waiting until "domcontentloaded"\n\n\nCode context:\n1200   \n1201                       response = await page.goto(\n1202                           url, wait_until=config.wait_until, timeout=config.page_timeout\n1203                       )\n1204                   except Error as e:\n1205 →                     raise RuntimeError(f"Failed on navigating ACS-GOTO:\\n{str(e)}")\n1206   \n1207                   await self.execute_hook("after_goto", page, context=context, url=url, response=response)\n1208   \n1209                   if response is None:\n1210                       status_code = 200' session_id=None response_headers=None status_code=None ssl_certificate=None


Failed to crawl: https://www.immerse.education/study-tips/essay/how-to-write-better/
Result: url='https://www.immerse.education/study-tips/essay/how-to-write-better/' html='' success=False cleaned_html=None media={} links={} downloaded_files=None screenshot=None pdf=None markdown=None markdown_v2=None fit_markdown=None fit_html=None extracted_content=None metadata=None error_message='Unexpected error in _crawl_web at line 1205 in _crawl_web (../../.pyenv/versions/3.12.6/lib/python3.12/site-packages/crawl4ai/async_crawler_strategy.py):\nError: Failed on navigating ACS-GOTO:\nPage.goto: Timeout 10000ms exceeded.\nCall log:\n  - navigating to "https://www.immerse.education/study-tips/essay/how-to-write-better/", waiting until "domcontentloaded"\n\n\nCode context:\n1200   \n1201                       response = await page.goto(\n1202                           url, wait_until=config.wait_until, timeout=config.page_timeout\n1203                       )\n1204                   except Error as e:\n1205 →                     raise RuntimeError(f"Failed on navigating ACS-GOTO:\\n{str(e)}")\n1206   \n1207                   await self.execute_hook("after_goto", page, context=context, url=url, response=response)\n1208   \n1209                   if response is None:\n1210                       status_code = 200' session_id=None response_headers=None status_code=None ssl_certificate=None


Failed to crawl: https://www.immerse.education/study-tips/group-work/
Result: url='https://www.immerse.education/study-tips/group-work/' html='' success=False cleaned_html=None media={} links={} downloaded_files=None screenshot=None pdf=None markdown=None markdown_v2=None fit_markdown=None fit_html=None extracted_content=None metadata=None error_message='Unexpected error in _crawl_web at line 1205 in _crawl_web (../../.pyenv/versions/3.12.6/lib/python3.12/site-packages/crawl4ai/async_crawler_strategy.py):\nError: Failed on navigating ACS-GOTO:\nPage.goto: Timeout 10000ms exceeded.\nCall log:\n  - navigating to "https://www.immerse.education/study-tips/group-work/", waiting until "domcontentloaded"\n\n\nCode context:\n1200   \n1201                       response = await page.goto(\n1202                           url, wait_until=config.wait_until, timeout=config.page_timeout\n1203                       )\n1204                   except Error as e:\n1205 →                     raise RuntimeError(f"Failed on navigating ACS-GOTO:\\n{str(e)}")\n1206   \n1207                   await self.execute_hook("after_goto", page, context=context, url=url, response=response)\n1208   \n1209                   if response is None:\n1210                       status_code = 200' session_id=None response_headers=None status_code=None ssl_certificate=None


Failed to crawl: https://www.immerse.education/study-tips/biology/
Result: url='https://www.immerse.education/study-tips/biology/' html='' success=False cleaned_html=None media={} links={} downloaded_files=None screenshot=None pdf=None markdown=None markdown_v2=None fit_markdown=None fit_html=None extracted_content=None metadata=None error_message='Unexpected error in _crawl_web at line 1205 in _crawl_web (../../.pyenv/versions/3.12.6/lib/python3.12/site-packages/crawl4ai/async_crawler_strategy.py):\nError: Failed on navigating ACS-GOTO:\nPage.goto: Timeout 10000ms exceeded.\nCall log:\n  - navigating to "https://www.immerse.education/study-tips/biology/", waiting until "domcontentloaded"\n\n\nCode context:\n1200   \n1201                       response = await page.goto(\n1202                           url, wait_until=config.wait_until, timeout=config.page_timeout\n1203                       )\n1204                   except Error as e:\n1205 →                     raise RuntimeError(f"Failed on navigating ACS-GOTO:\\n{str(e)}")\n1206   \n1207                   await self.execute_hook("after_goto", page, context=context, url=url, response=response)\n1208   \n1209                   if response is None:\n1210                       status_code = 200' session_id=None response_headers=None status_code=None ssl_certificate=None


Failed to crawl: https://www.immerse.education/study-tips/smart-career-paths-engineering/
Result: url='https://www.immerse.education/study-tips/smart-career-paths-engineering/' html='' success=False cleaned_html=None media={} links={} downloaded_files=None screenshot=None pdf=None markdown=None markdown_v2=None fit_markdown=None fit_html=None extracted_content=None metadata=None error_message='Unexpected error in _crawl_web at line 1205 in _crawl_web (../../.pyenv/versions/3.12.6/lib/python3.12/site-packages/crawl4ai/async_crawler_strategy.py):\nError: Failed on navigating ACS-GOTO:\nPage.goto: Timeout 10000ms exceeded.\nCall log:\n  - navigating to "https://www.immerse.education/study-tips/smart-career-paths-engineering/", waiting until "domcontentloaded"\n\n\nCode context:\n1200   \n1201                       response = await page.goto(\n1202                           url, wait_until=config.wait_until, timeout=config.page_timeout\n1203                       )\n1204                   except Error as e:\n1205 →                     raise RuntimeError(f"Failed on navigating ACS-GOTO:\\n{str(e)}")\n1206   \n1207                   await self.execute_hook("after_goto", page, context=context, url=url, response=response)\n1208   \n1209                   if response is None:\n1210                       status_code = 200' session_id=None response_headers=None status_code=None ssl_certificate=None


Failed to crawl: https://www.immerse.education/study-tips/san-francisco-study-destination/
Result: url='https://www.immerse.education/study-tips/san-francisco-study-destination/' html='' success=False cleaned_html=None media={} links={} downloaded_files=None screenshot=None pdf=None markdown=None markdown_v2=None fit_markdown=None fit_html=None extracted_content=None metadata=None error_message='Unexpected error in _crawl_web at line 1205 in _crawl_web (../../.pyenv/versions/3.12.6/lib/python3.12/site-packages/crawl4ai/async_crawler_strategy.py):\nError: Failed on navigating ACS-GOTO:\nPage.goto: Timeout 10000ms exceeded.\nCall log:\n  - navigating to "https://www.immerse.education/study-tips/san-francisco-study-destination/", waiting until "domcontentloaded"\n\n\nCode context:\n1200   \n1201                       response = await page.goto(\n1202                           url, wait_until=config.wait_until, timeout=config.page_timeout\n1203                       )\n1204                   except Error as e:\n1205 →                     raise RuntimeError(f"Failed on navigating ACS-GOTO:\\n{str(e)}")\n1206   \n1207                   await self.execute_hook("after_goto", page, context=context, url=url, response=response)\n1208   \n1209                   if response is None:\n1210                       status_code = 200' session_id=None response_headers=None status_code=None ssl_certificate=None


Failed to crawl: https://www.immerse.education/study-tips/san-francisco-biotech-boom/
Result: url='https://www.immerse.education/study-tips/san-francisco-biotech-boom/' html='' success=False cleaned_html=None media={} links={} downloaded_files=None screenshot=None pdf=None markdown=None markdown_v2=None fit_markdown=None fit_html=None extracted_content=None metadata=None error_message='Unexpected error in _crawl_web at line 1205 in _crawl_web (../../.pyenv/versions/3.12.6/lib/python3.12/site-packages/crawl4ai/async_crawler_strategy.py):\nError: Failed on navigating ACS-GOTO:\nPage.goto: Timeout 10000ms exceeded.\nCall log:\n  - navigating to "https://www.immerse.education/study-tips/san-francisco-biotech-boom/", waiting until "domcontentloaded"\n\n\nCode context:\n1200   \n1201                       response = await page.goto(\n1202                           url, wait_until=config.wait_until, timeout=config.page_timeout\n1203                       )\n1204                   except Error as e:\n1205 →                     raise RuntimeError(f"Failed on navigating ACS-GOTO:\\n{str(e)}")\n1206   \n1207                   await self.execute_hook("after_goto", page, context=context, url=url, response=response)\n1208   \n1209                   if response is None:\n1210                       status_code = 200' session_id=None response_headers=None status_code=None ssl_certificate=None


Failed to crawl: https://www.immerse.education/study-tips/is-online-learning-as-effective-as-face-to-face-learning/
Result: url='https://www.immerse.education/study-tips/is-online-learning-as-effective-as-face-to-face-learning/' html='' success=False cleaned_html=None media={} links={} downloaded_files=None screenshot=None pdf=None markdown=None markdown_v2=None fit_markdown=None fit_html=None extracted_content=None metadata=None error_message='Unexpected error in _crawl_web at line 1205 in _crawl_web (../../.pyenv/versions/3.12.6/lib/python3.12/site-packages/crawl4ai/async_crawler_strategy.py):\nError: Failed on navigating ACS-GOTO:\nPage.goto: Timeout 10000ms exceeded.\nCall log:\n  - navigating to "https://www.immerse.education/study-tips/is-online-learning-as-effective-as-face-to-face-learning/", waiting until "domcontentloaded"\n\n\nCode context:\n1200   \n1201                       response = await page.goto(\n1202                           url, wait_until=config.wait_until, timeout=config.page_timeout\n1203                       )\n1204                   except Error as e:\n1205 →                     raise RuntimeError(f"Failed on navigating ACS-GOTO:\\n{str(e)}")\n1206   \n1207                   await self.execute_hook("after_goto", page, context=context, url=url, response=response)\n1208   \n1209                   if response is None:\n1210                       status_code = 200' session_id=None response_headers=None status_code=None ssl_certificate=None


Failed to crawl: https://www.immerse.education/study-tips/different-types-of-game-designers/
Result: url='https://www.immerse.education/study-tips/different-types-of-game-designers/' html='' success=False cleaned_html=None media={} links={} downloaded_files=None screenshot=None pdf=None markdown=None markdown_v2=None fit_markdown=None fit_html=None extracted_content=None metadata=None error_message='Unexpected error in _crawl_web at line 1205 in _crawl_web (../../.pyenv/versions/3.12.6/lib/python3.12/site-packages/crawl4ai/async_crawler_strategy.py):\nError: Failed on navigating ACS-GOTO:\nPage.goto: Timeout 10000ms exceeded.\nCall log:\n  - navigating to "https://www.immerse.education/study-tips/different-types-of-game-designers/", waiting until "domcontentloaded"\n\n\nCode context:\n1200   \n1201                       response = await page.goto(\n1202                           url, wait_until=config.wait_until, timeout=config.page_timeout\n1203                       )\n1204                   except Error as e:\n1205 →                     raise RuntimeError(f"Failed on navigating ACS-GOTO:\\n{str(e)}")\n1206   \n1207                   await self.execute_hook("after_goto", page, context=context, url=url, response=response)\n1208   \n1209                   if response is None:\n1210                       status_code = 200' session_id=None response_headers=None status_code=None ssl_certificate=None


Failed to crawl: https://www.immerse.education/study-tips/essay/
Result: url='https://www.immerse.education/study-tips/essay/' html='' success=False cleaned_html=None media={} links={} downloaded_files=None screenshot=None pdf=None markdown=None markdown_v2=None fit_markdown=None fit_html=None extracted_content=None metadata=None error_message='Unexpected error in _crawl_web at line 1205 in _crawl_web (../../.pyenv/versions/3.12.6/lib/python3.12/site-packages/crawl4ai/async_crawler_strategy.py):\nError: Failed on navigating ACS-GOTO:\nPage.goto: Timeout 10000ms exceeded.\nCall log:\n  - navigating to "https://www.immerse.education/study-tips/essay/", waiting until "domcontentloaded"\n\n\nCode context:\n1200   \n1201                       response = await page.goto(\n1202                           url, wait_until=config.wait_until, timeout=config.page_timeout\n1203                       )\n1204                   except Error as e:\n1205 →                     raise RuntimeError(f"Failed on navigating ACS-GOTO:\\n{str(e)}")\n1206   \n1207                   await self.execute_hook("after_goto", page, context=context, url=url, response=response)\n1208   \n1209                   if response is None:\n1210                       status_code = 200' session_id=None response_headers=None status_code=None ssl_certificate=None


Failed to crawl: https://www.immerse.education/study-tips/best-study-spots-in-dublin/
Result: url='https://www.immerse.education/study-tips/best-study-spots-in-dublin/' html='' success=False cleaned_html=None media={} links={} downloaded_files=None screenshot=None pdf=None markdown=None markdown_v2=None fit_markdown=None fit_html=None extracted_content=None metadata=None error_message='Unexpected error in _crawl_web at line 1205 in _crawl_web (../../.pyenv/versions/3.12.6/lib/python3.12/site-packages/crawl4ai/async_crawler_strategy.py):\nError: Failed on navigating ACS-GOTO:\nPage.goto: Timeout 10000ms exceeded.\nCall log:\n  - navigating to "https://www.immerse.education/study-tips/best-study-spots-in-dublin/", waiting until "domcontentloaded"\n\n\nCode context:\n1200   \n1201                       response = await page.goto(\n1202                           url, wait_until=config.wait_until, timeout=config.page_timeout\n1203                       )\n1204                   except Error as e:\n1205 →                     raise RuntimeError(f"Failed on navigating ACS-GOTO:\\n{str(e)}")\n1206   \n1207                   await self.execute_hook("after_goto", page, context=context, url=url, response=response)\n1208   \n1209                   if response is None:\n1210                       status_code = 200' session_id=None response_headers=None status_code=None ssl_certificate=None


Failed to crawl: https://www.immerse.education/study-tips/best-ai-tools-for-students-productivity/
Result: url='https://www.immerse.education/study-tips/best-ai-tools-for-students-productivity/' html='' success=False cleaned_html=None media={} links={} downloaded_files=None screenshot=None pdf=None markdown=None markdown_v2=None fit_markdown=None fit_html=None extracted_content=None metadata=None error_message='Unexpected error in _crawl_web at line 1205 in _crawl_web (../../.pyenv/versions/3.12.6/lib/python3.12/site-packages/crawl4ai/async_crawler_strategy.py):\nError: Failed on navigating ACS-GOTO:\nPage.goto: Timeout 10000ms exceeded.\nCall log:\n  - navigating to "https://www.immerse.education/study-tips/best-ai-tools-for-students-productivity/", waiting until "domcontentloaded"\n\n\nCode context:\n1200   \n1201                       response = await page.goto(\n1202                           url, wait_until=config.wait_until, timeout=config.page_timeout\n1203                       )\n1204                   except Error as e:\n1205 →                     raise RuntimeError(f"Failed on navigating ACS-GOTO:\\n{str(e)}")\n1206   \n1207                   await self.execute_hook("after_goto", page, context=context, url=url, response=response)\n1208   \n1209                   if response is None:\n1210                       status_code = 200' session_id=None response_headers=None status_code=None ssl_certificate=None


Failed to crawl: https://www.immerse.education/study-tips/best-study-spots-near-upenn-campus/
Result: url='https://www.immerse.education/study-tips/best-study-spots-near-upenn-campus/' html='' success=False cleaned_html=None media={} links={} downloaded_files=None screenshot=None pdf=None markdown=None markdown_v2=None fit_markdown=None fit_html=None extracted_content=None metadata=None error_message='Unexpected error in _crawl_web at line 1205 in _crawl_web (../../.pyenv/versions/3.12.6/lib/python3.12/site-packages/crawl4ai/async_crawler_strategy.py):\nError: Failed on navigating ACS-GOTO:\nPage.goto: Timeout 10000ms exceeded.\nCall log:\n  - navigating to "https://www.immerse.education/study-tips/best-study-spots-near-upenn-campus/", waiting until "domcontentloaded"\n\n\nCode context:\n1200   \n1201                       response = await page.goto(\n1202                           url, wait_until=config.wait_until, timeout=config.page_timeout\n1203                       )\n1204                   except Error as e:\n1205 →                     raise RuntimeError(f"Failed on navigating ACS-GOTO:\\n{str(e)}")\n1206   \n1207                   await self.execute_hook("after_goto", page, context=context, url=url, response=response)\n1208   \n1209                   if response is None:\n1210                       status_code = 200' session_id=None response_headers=None status_code=None ssl_certificate=None


Failed to crawl: https://www.immerse.education/study-tips/5-online-courses-providing-college-credits-for-high-school-students/
Result: url='https://www.immerse.education/study-tips/5-online-courses-providing-college-credits-for-high-school-students/' html='' success=False cleaned_html=None media={} links={} downloaded_files=None screenshot=None pdf=None markdown=None markdown_v2=None fit_markdown=None fit_html=None extracted_content=None metadata=None error_message='Unexpected error in _crawl_web at line 1205 in _crawl_web (../../.pyenv/versions/3.12.6/lib/python3.12/site-packages/crawl4ai/async_crawler_strategy.py):\nError: Failed on navigating ACS-GOTO:\nPage.goto: Timeout 10000ms exceeded.\nCall log:\n  - navigating to "https://www.immerse.education/study-tips/5-online-courses-providing-college-credits-for-high-school-students/", waiting until "domcontentloaded"\n\n\nCode context:\n1200   \n1201                       response = await page.goto(\n1202                           url, wait_until=config.wait_until, timeout=config.page_timeout\n1203                       )\n1204                   except Error as e:\n1205 →                     raise RuntimeError(f"Failed on navigating ACS-GOTO:\\n{str(e)}")\n1206   \n1207                   await self.execute_hook("after_goto", page, context=context, url=url, response=response)\n1208   \n1209                   if response is None:\n1210                       status_code = 200' session_id=None response_headers=None status_code=None ssl_certificate=None


Failed to crawl: https://www.immerse.education/study-tips/100-ideas-for-research-projects-in-architecture/
Result: url='https://www.immerse.education/study-tips/100-ideas-for-research-projects-in-architecture/' html='' success=False cleaned_html=None media={} links={} downloaded_files=None screenshot=None pdf=None markdown=None markdown_v2=None fit_markdown=None fit_html=None extracted_content=None metadata=None error_message='Unexpected error in _crawl_web at line 1205 in _crawl_web (../../.pyenv/versions/3.12.6/lib/python3.12/site-packages/crawl4ai/async_crawler_strategy.py):\nError: Failed on navigating ACS-GOTO:\nPage.goto: Timeout 10000ms exceeded.\nCall log:\n  - navigating to "https://www.immerse.education/study-tips/100-ideas-for-research-projects-in-architecture/", waiting until "domcontentloaded"\n\n\nCode context:\n1200   \n1201                       response = await page.goto(\n1202                           url, wait_until=config.wait_until, timeout=config.page_timeout\n1203                       )\n1204                   except Error as e:\n1205 →                     raise RuntimeError(f"Failed on navigating ACS-GOTO:\\n{str(e)}")\n1206   \n1207                   await self.execute_hook("after_goto", page, context=context, url=url, response=response)\n1208   \n1209                   if response is None:\n1210                       status_code = 200' session_id=None response_headers=None status_code=None ssl_certificate=None


Failed to crawl: https://www.immerse.education/study-tips/how-ai-can-transform-coding-for-young-developers/
Result: url='https://www.immerse.education/study-tips/how-ai-can-transform-coding-for-young-developers/' html='' success=False cleaned_html=None media={} links={} downloaded_files=None screenshot=None pdf=None markdown=None markdown_v2=None fit_markdown=None fit_html=None extracted_content=None metadata=None error_message='Unexpected error in _crawl_web at line 1205 in _crawl_web (../../.pyenv/versions/3.12.6/lib/python3.12/site-packages/crawl4ai/async_crawler_strategy.py):\nError: Failed on navigating ACS-GOTO:\nPage.goto: Timeout 10000ms exceeded.\nCall log:\n  - navigating to "https://www.immerse.education/study-tips/how-ai-can-transform-coding-for-young-developers/", waiting until "domcontentloaded"\n\n\nCode context:\n1200   \n1201                       response = await page.goto(\n1202                           url, wait_until=config.wait_until, timeout=config.page_timeout\n1203                       )\n1204                   except Error as e:\n1205 →                     raise RuntimeError(f"Failed on navigating ACS-GOTO:\\n{str(e)}")\n1206   \n1207                   await self.execute_hook("after_goto", page, context=context, url=url, response=response)\n1208   \n1209                   if response is None:\n1210                       status_code = 200' session_id=None response_headers=None status_code=None ssl_certificate=None


Failed to crawl: https://www.immerse.education/study-tips/the-role-of-stem-cells-in-the-female-reproductive-system-insights-and-therapeutic-potential/
Result: url='https://www.immerse.education/study-tips/the-role-of-stem-cells-in-the-female-reproductive-system-insights-and-therapeutic-potential/' html='' success=False cleaned_html=None media={} links={} downloaded_files=None screenshot=None pdf=None markdown=None markdown_v2=None fit_markdown=None fit_html=None extracted_content=None metadata=None error_message='Unexpected error in _crawl_web at line 1205 in _crawl_web (../../.pyenv/versions/3.12.6/lib/python3.12/site-packages/crawl4ai/async_crawler_strategy.py):\nError: Failed on navigating ACS-GOTO:\nPage.goto: Timeout 10000ms exceeded.\nCall log:\n  - navigating to "https://www.immerse.education/study-tips/the-role-of-stem-cells-in-the-female-reproductive-system-insights-and-therapeutic-potential/", waiting until "domcontentloaded"\n\n\nCode context:\n1200   \n1201                       response = await page.goto(\n1202                           url, wait_until=config.wait_until, timeout=config.page_timeout\n1203                       )\n1204                   except Error as e:\n1205 →                     raise RuntimeError(f"Failed on navigating ACS-GOTO:\\n{str(e)}")\n1206   \n1207                   await self.execute_hook("after_goto", page, context=context, url=url, response=response)\n1208   \n1209                   if response is None:\n1210                       status_code = 200' session_id=None response_headers=None status_code=None ssl_certificate=None


Failed to crawl: https://www.immerse.education/study-tips/2024-spring-summer-online-research-symposium-winners-paper-sophia-c/
Result: url='https://www.immerse.education/study-tips/2024-spring-summer-online-research-symposium-winners-paper-sophia-c/' html='' success=False cleaned_html=None media={} links={} downloaded_files=None screenshot=None pdf=None markdown=None markdown_v2=None fit_markdown=None fit_html=None extracted_content=None metadata=None error_message='Unexpected error in _crawl_web at line 1205 in _crawl_web (../../.pyenv/versions/3.12.6/lib/python3.12/site-packages/crawl4ai/async_crawler_strategy.py):\nError: Failed on navigating ACS-GOTO:\nPage.goto: Timeout 10000ms exceeded.\nCall log:\n  - navigating to "https://www.immerse.education/study-tips/2024-spring-summer-online-research-symposium-winners-paper-sophia-c/", waiting until "domcontentloaded"\n\n\nCode context:\n1200   \n1201                       response = await page.goto(\n1202                           url, wait_until=config.wait_until, timeout=config.page_timeout\n1203                       )\n1204                   except Error as e:\n1205 →                     raise RuntimeError(f"Failed on navigating ACS-GOTO:\\n{str(e)}")\n1206   \n1207                   await self.execute_hook("after_goto", page, context=context, url=url, response=response)\n1208   \n1209                   if response is None:\n1210                       status_code = 200' session_id=None response_headers=None status_code=None ssl_certificate=None


Failed to crawl: https://www.immerse.education/study-tips/100-ideas-for-research-projects-in-biology/
Result: url='https://www.immerse.education/study-tips/100-ideas-for-research-projects-in-biology/' html='' success=False cleaned_html=None media={} links={} downloaded_files=None screenshot=None pdf=None markdown=None markdown_v2=None fit_markdown=None fit_html=None extracted_content=None metadata=None error_message='Unexpected error in _crawl_web at line 1205 in _crawl_web (../../.pyenv/versions/3.12.6/lib/python3.12/site-packages/crawl4ai/async_crawler_strategy.py):\nError: Failed on navigating ACS-GOTO:\nPage.goto: Timeout 10000ms exceeded.\nCall log:\n  - navigating to "https://www.immerse.education/study-tips/100-ideas-for-research-projects-in-biology/", waiting until "domcontentloaded"\n\n\nCode context:\n1200   \n1201                       response = await page.goto(\n1202                           url, wait_until=config.wait_until, timeout=config.page_timeout\n1203                       )\n1204                   except Error as e:\n1205 →                     raise RuntimeError(f"Failed on navigating ACS-GOTO:\\n{str(e)}")\n1206   \n1207                   await self.execute_hook("after_goto", page, context=context, url=url, response=response)\n1208   \n1209                   if response is None:\n1210                       status_code = 200' session_id=None response_headers=None status_code=None ssl_certificate=None


Failed to crawl: https://www.immerse.education/study-tips/100-ideas-for-research-projects-in-artificial-intelligence/
Result: url='https://www.immerse.education/study-tips/100-ideas-for-research-projects-in-artificial-intelligence/' html='' success=False cleaned_html=None media={} links={} downloaded_files=None screenshot=None pdf=None markdown=None markdown_v2=None fit_markdown=None fit_html=None extracted_content=None metadata=None error_message='Unexpected error in _crawl_web at line 1205 in _crawl_web (../../.pyenv/versions/3.12.6/lib/python3.12/site-packages/crawl4ai/async_crawler_strategy.py):\nError: Failed on navigating ACS-GOTO:\nPage.goto: Timeout 10000ms exceeded.\nCall log:\n  - navigating to "https://www.immerse.education/study-tips/100-ideas-for-research-projects-in-artificial-intelligence/", waiting until "domcontentloaded"\n\n\nCode context:\n1200   \n1201                       response = await page.goto(\n1202                           url, wait_until=config.wait_until, timeout=config.page_timeout\n1203                       )\n1204                   except Error as e:\n1205 →                     raise RuntimeError(f"Failed on navigating ACS-GOTO:\\n{str(e)}")\n1206   \n1207                   await self.execute_hook("after_goto", page, context=context, url=url, response=response)\n1208   \n1209                   if response is None:\n1210                       status_code = 200' session_id=None response_headers=None status_code=None ssl_certificate=None


Failed to crawl: https://www.immerse.education/study-tips/100-ideas-for-research-projects-in-literature/
Result: url='https://www.immerse.education/study-tips/100-ideas-for-research-projects-in-literature/' html='' success=False cleaned_html=None media={} links={} downloaded_files=None screenshot=None pdf=None markdown=None markdown_v2=None fit_markdown=None fit_html=None extracted_content=None metadata=None error_message='Unexpected error in _crawl_web at line 1205 in _crawl_web (../../.pyenv/versions/3.12.6/lib/python3.12/site-packages/crawl4ai/async_crawler_strategy.py):\nError: Failed on navigating ACS-GOTO:\nPage.goto: Timeout 10000ms exceeded.\nCall log:\n  - navigating to "https://www.immerse.education/study-tips/100-ideas-for-research-projects-in-literature/", waiting until "domcontentloaded"\n\n\nCode context:\n1200   \n1201                       response = await page.goto(\n1202                           url, wait_until=config.wait_until, timeout=config.page_timeout\n1203                       )\n1204                   except Error as e:\n1205 →                     raise RuntimeError(f"Failed on navigating ACS-GOTO:\\n{str(e)}")\n1206   \n1207                   await self.execute_hook("after_goto", page, context=context, url=url, response=response)\n1208   \n1209                   if response is None:\n1210                       status_code = 200' session_id=None response_headers=None status_code=None ssl_certificate=None


Failed to crawl: https://www.immerse.education/study-tips/100-ideas-for-research-projects-in-psychology/
Result: url='https://www.immerse.education/study-tips/100-ideas-for-research-projects-in-psychology/' html='' success=False cleaned_html=None media={} links={} downloaded_files=None screenshot=None pdf=None markdown=None markdown_v2=None fit_markdown=None fit_html=None extracted_content=None metadata=None error_message='Unexpected error in _crawl_web at line 1205 in _crawl_web (../../.pyenv/versions/3.12.6/lib/python3.12/site-packages/crawl4ai/async_crawler_strategy.py):\nError: Failed on navigating ACS-GOTO:\nPage.goto: Timeout 10000ms exceeded.\nCall log:\n  - navigating to "https://www.immerse.education/study-tips/100-ideas-for-research-projects-in-psychology/", waiting until "domcontentloaded"\n\n\nCode context:\n1200   \n1201                       response = await page.goto(\n1202                           url, wait_until=config.wait_until, timeout=config.page_timeout\n1203                       )\n1204                   except Error as e:\n1205 →                     raise RuntimeError(f"Failed on navigating ACS-GOTO:\\n{str(e)}")\n1206   \n1207                   await self.execute_hook("after_goto", page, context=context, url=url, response=response)\n1208   \n1209                   if response is None:\n1210                       status_code = 200' session_id=None response_headers=None status_code=None ssl_certificate=None


Failed to crawl: https://www.immerse.education/study-tips/100-ideas-for-research-projects-in-encryption-and-cybersecurity/
Result: url='https://www.immerse.education/study-tips/100-ideas-for-research-projects-in-encryption-and-cybersecurity/' html='' success=False cleaned_html=None media={} links={} downloaded_files=None screenshot=None pdf=None markdown=None markdown_v2=None fit_markdown=None fit_html=None extracted_content=None metadata=None error_message='Unexpected error in _crawl_web at line 1205 in _crawl_web (../../.pyenv/versions/3.12.6/lib/python3.12/site-packages/crawl4ai/async_crawler_strategy.py):\nError: Failed on navigating ACS-GOTO:\nPage.goto: Timeout 10000ms exceeded.\nCall log:\n  - navigating to "https://www.immerse.education/study-tips/100-ideas-for-research-projects-in-encryption-and-cybersecurity/", waiting until "domcontentloaded"\n\n\nCode context:\n1200   \n1201                       response = await page.goto(\n1202                           url, wait_until=config.wait_until, timeout=config.page_timeout\n1203                       )\n1204                   except Error as e:\n1205 →                     raise RuntimeError(f"Failed on navigating ACS-GOTO:\\n{str(e)}")\n1206   \n1207                   await self.execute_hook("after_goto", page, context=context, url=url, response=response)\n1208   \n1209                   if response is None:\n1210                       status_code = 200' session_id=None response_headers=None status_code=None ssl_certificate=None


Failed to crawl: https://www.immerse.education/study-tips/100-ideas-for-research-projects-in-chemistry/
Result: url='https://www.immerse.education/study-tips/100-ideas-for-research-projects-in-chemistry/' html='' success=False cleaned_html=None media={} links={} downloaded_files=None screenshot=None pdf=None markdown=None markdown_v2=None fit_markdown=None fit_html=None extracted_content=None metadata=None error_message='Unexpected error in _crawl_web at line 1205 in _crawl_web (../../.pyenv/versions/3.12.6/lib/python3.12/site-packages/crawl4ai/async_crawler_strategy.py):\nError: Failed on navigating ACS-GOTO:\nPage.goto: Timeout 10000ms exceeded.\nCall log:\n  - navigating to "https://www.immerse.education/study-tips/100-ideas-for-research-projects-in-chemistry/", waiting until "domcontentloaded"\n\n\nCode context:\n1200   \n1201                       response = await page.goto(\n1202                           url, wait_until=config.wait_until, timeout=config.page_timeout\n1203                       )\n1204                   except Error as e:\n1205 →                     raise RuntimeError(f"Failed on navigating ACS-GOTO:\\n{str(e)}")\n1206   \n1207                   await self.execute_hook("after_goto", page, context=context, url=url, response=response)\n1208   \n1209                   if response is None:\n1210                       status_code = 200' session_id=None response_headers=None status_code=None ssl_certificate=None


Failed to crawl: https://www.immerse.education/study-tips/how-long-does-it-take-to-write-1000-word-essay/
Result: url='https://www.immerse.education/study-tips/how-long-does-it-take-to-write-1000-word-essay/' html='' success=False cleaned_html=None media={} links={} downloaded_files=None screenshot=None pdf=None markdown=None markdown_v2=None fit_markdown=None fit_html=None extracted_content=None metadata=None error_message='Unexpected error in _crawl_web at line 1205 in _crawl_web (../../.pyenv/versions/3.12.6/lib/python3.12/site-packages/crawl4ai/async_crawler_strategy.py):\nError: Failed on navigating ACS-GOTO:\nPage.goto: Timeout 10000ms exceeded.\nCall log:\n  - navigating to "https://www.immerse.education/study-tips/how-long-does-it-take-to-write-1000-word-essay/", waiting until "domcontentloaded"\n\n\nCode context:\n1200   \n1201                       response = await page.goto(\n1202                           url, wait_until=config.wait_until, timeout=config.page_timeout\n1203                       )\n1204                   except Error as e:\n1205 →                     raise RuntimeError(f"Failed on navigating ACS-GOTO:\\n{str(e)}")\n1206   \n1207                   await self.execute_hook("after_goto", page, context=context, url=url, response=response)\n1208   \n1209                   if response is None:\n1210                       status_code = 200' session_id=None response_headers=None status_code=None ssl_certificate=None


Failed to crawl: https://www.immerse.education/study-tips/2024-winning-essay-siti-arifa-z/
Result: url='https://www.immerse.education/study-tips/2024-winning-essay-siti-arifa-z/' html='' success=False cleaned_html=None media={} links={} downloaded_files=None screenshot=None pdf=None markdown=None markdown_v2=None fit_markdown=None fit_html=None extracted_content=None metadata=None error_message='Unexpected error in _crawl_web at line 1205 in _crawl_web (../../.pyenv/versions/3.12.6/lib/python3.12/site-packages/crawl4ai/async_crawler_strategy.py):\nError: Failed on navigating ACS-GOTO:\nPage.goto: Timeout 10000ms exceeded.\nCall log:\n  - navigating to "https://www.immerse.education/study-tips/2024-winning-essay-siti-arifa-z/", waiting until "domcontentloaded"\n\n\nCode context:\n1200   \n1201                       response = await page.goto(\n1202                           url, wait_until=config.wait_until, timeout=config.page_timeout\n1203                       )\n1204                   except Error as e:\n1205 →                     raise RuntimeError(f"Failed on navigating ACS-GOTO:\\n{str(e)}")\n1206   \n1207                   await self.execute_hook("after_goto", page, context=context, url=url, response=response)\n1208   \n1209                   if response is None:\n1210                       status_code = 200' session_id=None response_headers=None status_code=None ssl_certificate=None


Failed to crawl: https://www.immerse.education/study-tips/2024-winning-essay-girik-g/
Result: url='https://www.immerse.education/study-tips/2024-winning-essay-girik-g/' html='' success=False cleaned_html=None media={} links={} downloaded_files=None screenshot=None pdf=None markdown=None markdown_v2=None fit_markdown=None fit_html=None extracted_content=None metadata=None error_message='Unexpected error in _crawl_web at line 1205 in _crawl_web (../../.pyenv/versions/3.12.6/lib/python3.12/site-packages/crawl4ai/async_crawler_strategy.py):\nError: Failed on navigating ACS-GOTO:\nPage.goto: Timeout 10000ms exceeded.\nCall log:\n  - navigating to "https://www.immerse.education/study-tips/2024-winning-essay-girik-g/", waiting until "domcontentloaded"\n\n\nCode context:\n1200   \n1201                       response = await page.goto(\n1202                           url, wait_until=config.wait_until, timeout=config.page_timeout\n1203                       )\n1204                   except Error as e:\n1205 →                     raise RuntimeError(f"Failed on navigating ACS-GOTO:\\n{str(e)}")\n1206   \n1207                   await self.execute_hook("after_goto", page, context=context, url=url, response=response)\n1208   \n1209                   if response is None:\n1210                       status_code = 200' session_id=None response_headers=None status_code=None ssl_certificate=None


Failed to crawl: https://www.immerse.education/study-tips/7-steps-to-develop-your-critical-theory-skills-for-academic-excellence/
Result: url='https://www.immerse.education/study-tips/7-steps-to-develop-your-critical-theory-skills-for-academic-excellence/' html='' success=False cleaned_html=None media={} links={} downloaded_files=None screenshot=None pdf=None markdown=None markdown_v2=None fit_markdown=None fit_html=None extracted_content=None metadata=None error_message='Unexpected error in _crawl_web at line 1205 in _crawl_web (../../.pyenv/versions/3.12.6/lib/python3.12/site-packages/crawl4ai/async_crawler_strategy.py):\nError: Failed on navigating ACS-GOTO:\nPage.goto: Timeout 10000ms exceeded.\nCall log:\n  - navigating to "https://www.immerse.education/study-tips/7-steps-to-develop-your-critical-theory-skills-for-academic-excellence/", waiting until "domcontentloaded"\n\n\nCode context:\n1200   \n1201                       response = await page.goto(\n1202                           url, wait_until=config.wait_until, timeout=config.page_timeout\n1203                       )\n1204                   except Error as e:\n1205 →                     raise RuntimeError(f"Failed on navigating ACS-GOTO:\\n{str(e)}")\n1206   \n1207                   await self.execute_hook("after_goto", page, context=context, url=url, response=response)\n1208   \n1209                   if response is None:\n1210                       status_code = 200' session_id=None response_headers=None status_code=None ssl_certificate=None


Failed to crawl: https://www.immerse.education/study-tips/empowering-your-research-with-ai/
Result: url='https://www.immerse.education/study-tips/empowering-your-research-with-ai/' html='' success=False cleaned_html=None media={} links={} downloaded_files=None screenshot=None pdf=None markdown=None markdown_v2=None fit_markdown=None fit_html=None extracted_content=None metadata=None error_message='Unexpected error in _crawl_web at line 1205 in _crawl_web (../../.pyenv/versions/3.12.6/lib/python3.12/site-packages/crawl4ai/async_crawler_strategy.py):\nError: Failed on navigating ACS-GOTO:\nPage.goto: Timeout 10000ms exceeded.\nCall log:\n  - navigating to "https://www.immerse.education/study-tips/empowering-your-research-with-ai/", waiting until "domcontentloaded"\n\n\nCode context:\n1200   \n1201                       response = await page.goto(\n1202                           url, wait_until=config.wait_until, timeout=config.page_timeout\n1203                       )\n1204                   except Error as e:\n1205 →                     raise RuntimeError(f"Failed on navigating ACS-GOTO:\\n{str(e)}")\n1206   \n1207                   await self.execute_hook("after_goto", page, context=context, url=url, response=response)\n1208   \n1209                   if response is None:\n1210                       status_code = 200' session_id=None response_headers=None status_code=None ssl_certificate=None


Failed to crawl: https://www.immerse.education/study-tips/creative-writing/examples/
Result: url='https://www.immerse.education/study-tips/creative-writing/examples/' html='' success=False cleaned_html=None media={} links={} downloaded_files=None screenshot=None pdf=None markdown=None markdown_v2=None fit_markdown=None fit_html=None extracted_content=None metadata=None error_message='Unexpected error in _crawl_web at line 1205 in _crawl_web (../../.pyenv/versions/3.12.6/lib/python3.12/site-packages/crawl4ai/async_crawler_strategy.py):\nError: Failed on navigating ACS-GOTO:\nPage.goto: Timeout 10000ms exceeded.\nCall log:\n  - navigating to "https://www.immerse.education/study-tips/creative-writing/examples/", waiting until "domcontentloaded"\n\n\nCode context:\n1200   \n1201                       response = await page.goto(\n1202                           url, wait_until=config.wait_until, timeout=config.page_timeout\n1203                       )\n1204                   except Error as e:\n1205 →                     raise RuntimeError(f"Failed on navigating ACS-GOTO:\\n{str(e)}")\n1206   \n1207                   await self.execute_hook("after_goto", page, context=context, url=url, response=response)\n1208   \n1209                   if response is None:\n1210                       status_code = 200' session_id=None response_headers=None status_code=None ssl_certificate=None


Failed to crawl: https://www.immerse.education/study-tips/creative-writing/what-is-creative-writing/
Result: url='https://www.immerse.education/study-tips/creative-writing/what-is-creative-writing/' html='' success=False cleaned_html=None media={} links={} downloaded_files=None screenshot=None pdf=None markdown=None markdown_v2=None fit_markdown=None fit_html=None extracted_content=None metadata=None error_message='Unexpected error in _crawl_web at line 1205 in _crawl_web (../../.pyenv/versions/3.12.6/lib/python3.12/site-packages/crawl4ai/async_crawler_strategy.py):\nError: Failed on navigating ACS-GOTO:\nPage.goto: Timeout 10000ms exceeded.\nCall log:\n  - navigating to "https://www.immerse.education/study-tips/creative-writing/what-is-creative-writing/", waiting until "domcontentloaded"\n\n\nCode context:\n1200   \n1201                       response = await page.goto(\n1202                           url, wait_until=config.wait_until, timeout=config.page_timeout\n1203                       )\n1204                   except Error as e:\n1205 →                     raise RuntimeError(f"Failed on navigating ACS-GOTO:\\n{str(e)}")\n1206   \n1207                   await self.execute_hook("after_goto", page, context=context, url=url, response=response)\n1208   \n1209                   if response is None:\n1210                       status_code = 200' session_id=None response_headers=None status_code=None ssl_certificate=None


Failed to crawl: https://www.immerse.education/study-tips/how-to-improve-your-motivation/
Result: url='https://www.immerse.education/study-tips/how-to-improve-your-motivation/' html='' success=False cleaned_html=None media={} links={} downloaded_files=None screenshot=None pdf=None markdown=None markdown_v2=None fit_markdown=None fit_html=None extracted_content=None metadata=None error_message='Unexpected error in _crawl_web at line 1205 in _crawl_web (../../.pyenv/versions/3.12.6/lib/python3.12/site-packages/crawl4ai/async_crawler_strategy.py):\nError: Failed on navigating ACS-GOTO:\nPage.goto: Timeout 10000ms exceeded.\nCall log:\n  - navigating to "https://www.immerse.education/study-tips/how-to-improve-your-motivation/", waiting until "domcontentloaded"\n\n\nCode context:\n1200   \n1201                       response = await page.goto(\n1202                           url, wait_until=config.wait_until, timeout=config.page_timeout\n1203                       )\n1204                   except Error as e:\n1205 →                     raise RuntimeError(f"Failed on navigating ACS-GOTO:\\n{str(e)}")\n1206   \n1207                   await self.execute_hook("after_goto", page, context=context, url=url, response=response)\n1208   \n1209                   if response is None:\n1210                       status_code = 200' session_id=None response_headers=None status_code=None ssl_certificate=None


Failed to crawl: https://www.immerse.education/study-tips/how-to-publish-a-research-paper/
Result: url='https://www.immerse.education/study-tips/how-to-publish-a-research-paper/' html='' success=False cleaned_html=None media={} links={} downloaded_files=None screenshot=None pdf=None markdown=None markdown_v2=None fit_markdown=None fit_html=None extracted_content=None metadata=None error_message='Unexpected error in _crawl_web at line 1205 in _crawl_web (../../.pyenv/versions/3.12.6/lib/python3.12/site-packages/crawl4ai/async_crawler_strategy.py):\nError: Failed on navigating ACS-GOTO:\nPage.goto: Timeout 10000ms exceeded.\nCall log:\n  - navigating to "https://www.immerse.education/study-tips/how-to-publish-a-research-paper/", waiting until "domcontentloaded"\n\n\nCode context:\n1200   \n1201                       response = await page.goto(\n1202                           url, wait_until=config.wait_until, timeout=config.page_timeout\n1203                       )\n1204                   except Error as e:\n1205 →                     raise RuntimeError(f"Failed on navigating ACS-GOTO:\\n{str(e)}")\n1206   \n1207                   await self.execute_hook("after_goto", page, context=context, url=url, response=response)\n1208   \n1209                   if response is None:\n1210                       status_code = 200' session_id=None response_headers=None status_code=None ssl_certificate=None


Failed to crawl: https://www.immerse.education/study-tips/medicine/nanotechnology/
Result: url='https://www.immerse.education/study-tips/medicine/nanotechnology/' html='' success=False cleaned_html=None media={} links={} downloaded_files=None screenshot=None pdf=None markdown=None markdown_v2=None fit_markdown=None fit_html=None extracted_content=None metadata=None error_message='Unexpected error in _crawl_web at line 1205 in _crawl_web (../../.pyenv/versions/3.12.6/lib/python3.12/site-packages/crawl4ai/async_crawler_strategy.py):\nError: Failed on navigating ACS-GOTO:\nPage.goto: Timeout 10000ms exceeded.\nCall log:\n  - navigating to "https://www.immerse.education/study-tips/medicine/nanotechnology/", waiting until "domcontentloaded"\n\n\nCode context:\n1200   \n1201                       response = await page.goto(\n1202                           url, wait_until=config.wait_until, timeout=config.page_timeout\n1203                       )\n1204                   except Error as e:\n1205 →                     raise RuntimeError(f"Failed on navigating ACS-GOTO:\\n{str(e)}")\n1206   \n1207                   await self.execute_hook("after_goto", page, context=context, url=url, response=response)\n1208   \n1209                   if response is None:\n1210                       status_code = 200' session_id=None response_headers=None status_code=None ssl_certificate=None


Failed to crawl: https://www.immerse.education/study-tips/history-of-medicine/
Result: url='https://www.immerse.education/study-tips/history-of-medicine/' html='' success=False cleaned_html=None media={} links={} downloaded_files=None screenshot=None pdf=None markdown=None markdown_v2=None fit_markdown=None fit_html=None extracted_content=None metadata=None error_message='Unexpected error in _crawl_web at line 1205 in _crawl_web (../../.pyenv/versions/3.12.6/lib/python3.12/site-packages/crawl4ai/async_crawler_strategy.py):\nError: Failed on navigating ACS-GOTO:\nPage.goto: Timeout 10000ms exceeded.\nCall log:\n  - navigating to "https://www.immerse.education/study-tips/history-of-medicine/", waiting until "domcontentloaded"\n\n\nCode context:\n1200   \n1201                       response = await page.goto(\n1202                           url, wait_until=config.wait_until, timeout=config.page_timeout\n1203                       )\n1204                   except Error as e:\n1205 →                     raise RuntimeError(f"Failed on navigating ACS-GOTO:\\n{str(e)}")\n1206   \n1207                   await self.execute_hook("after_goto", page, context=context, url=url, response=response)\n1208   \n1209                   if response is None:\n1210                       status_code = 200' session_id=None response_headers=None status_code=None ssl_certificate=None


Failed to crawl: https://www.immerse.education/study-tips/father-modern-linguistics/
Result: url='https://www.immerse.education/study-tips/father-modern-linguistics/' html='' success=False cleaned_html=None media={} links={} downloaded_files=None screenshot=None pdf=None markdown=None markdown_v2=None fit_markdown=None fit_html=None extracted_content=None metadata=None error_message='Unexpected error in _crawl_web at line 1205 in _crawl_web (../../.pyenv/versions/3.12.6/lib/python3.12/site-packages/crawl4ai/async_crawler_strategy.py):\nError: Failed on navigating ACS-GOTO:\nPage.goto: Timeout 10000ms exceeded.\nCall log:\n  - navigating to "https://www.immerse.education/study-tips/father-modern-linguistics/", waiting until "domcontentloaded"\n\n\nCode context:\n1200   \n1201                       response = await page.goto(\n1202                           url, wait_until=config.wait_until, timeout=config.page_timeout\n1203                       )\n1204                   except Error as e:\n1205 →                     raise RuntimeError(f"Failed on navigating ACS-GOTO:\\n{str(e)}")\n1206   \n1207                   await self.execute_hook("after_goto", page, context=context, url=url, response=response)\n1208   \n1209                   if response is None:\n1210                       status_code = 200' session_id=None response_headers=None status_code=None ssl_certificate=None


Failed to crawl: https://www.immerse.education/study-tips/critical-thinking-an-overview/
Result: url='https://www.immerse.education/study-tips/critical-thinking-an-overview/' html='' success=False cleaned_html=None media={} links={} downloaded_files=None screenshot=None pdf=None markdown=None markdown_v2=None fit_markdown=None fit_html=None extracted_content=None metadata=None error_message='Unexpected error in _crawl_web at line 1205 in _crawl_web (../../.pyenv/versions/3.12.6/lib/python3.12/site-packages/crawl4ai/async_crawler_strategy.py):\nError: Failed on navigating ACS-GOTO:\nPage.goto: Timeout 10000ms exceeded.\nCall log:\n  - navigating to "https://www.immerse.education/study-tips/critical-thinking-an-overview/", waiting until "domcontentloaded"\n\n\nCode context:\n1200   \n1201                       response = await page.goto(\n1202                           url, wait_until=config.wait_until, timeout=config.page_timeout\n1203                       )\n1204                   except Error as e:\n1205 →                     raise RuntimeError(f"Failed on navigating ACS-GOTO:\\n{str(e)}")\n1206   \n1207                   await self.execute_hook("after_goto", page, context=context, url=url, response=response)\n1208   \n1209                   if response is None:\n1210                       status_code = 200' session_id=None response_headers=None status_code=None ssl_certificate=None


Failed to crawl: https://www.immerse.education/study-tips/benefits-studying-abroad/
Result: url='https://www.immerse.education/study-tips/benefits-studying-abroad/' html='' success=False cleaned_html=None media={} links={} downloaded_files=None screenshot=None pdf=None markdown=None markdown_v2=None fit_markdown=None fit_html=None extracted_content=None metadata=None error_message='Unexpected error in _crawl_web at line 1205 in _crawl_web (../../.pyenv/versions/3.12.6/lib/python3.12/site-packages/crawl4ai/async_crawler_strategy.py):\nError: Failed on navigating ACS-GOTO:\nPage.goto: Timeout 10000ms exceeded.\nCall log:\n  - navigating to "https://www.immerse.education/study-tips/benefits-studying-abroad/", waiting until "domcontentloaded"\n\n\nCode context:\n1200   \n1201                       response = await page.goto(\n1202                           url, wait_until=config.wait_until, timeout=config.page_timeout\n1203                       )\n1204                   except Error as e:\n1205 →                     raise RuntimeError(f"Failed on navigating ACS-GOTO:\\n{str(e)}")\n1206   \n1207                   await self.execute_hook("after_goto", page, context=context, url=url, response=response)\n1208   \n1209                   if response is None:\n1210                       status_code = 200' session_id=None response_headers=None status_code=None ssl_certificate=None


Failed to crawl: https://www.immerse.education/study-tips/benefits-summer-school/
Result: url='https://www.immerse.education/study-tips/benefits-summer-school/' html='' success=False cleaned_html=None media={} links={} downloaded_files=None screenshot=None pdf=None markdown=None markdown_v2=None fit_markdown=None fit_html=None extracted_content=None metadata=None error_message='Unexpected error in _crawl_web at line 1205 in _crawl_web (../../.pyenv/versions/3.12.6/lib/python3.12/site-packages/crawl4ai/async_crawler_strategy.py):\nError: Failed on navigating ACS-GOTO:\nPage.goto: Timeout 10000ms exceeded.\nCall log:\n  - navigating to "https://www.immerse.education/study-tips/benefits-summer-school/", waiting until "domcontentloaded"\n\n\nCode context:\n1200   \n1201                       response = await page.goto(\n1202                           url, wait_until=config.wait_until, timeout=config.page_timeout\n1203                       )\n1204                   except Error as e:\n1205 →                     raise RuntimeError(f"Failed on navigating ACS-GOTO:\\n{str(e)}")\n1206   \n1207                   await self.execute_hook("after_goto", page, context=context, url=url, response=response)\n1208   \n1209                   if response is None:\n1210                       status_code = 200' session_id=None response_headers=None status_code=None ssl_certificate=None


Failed to crawl: https://www.immerse.education/study-tips/how-to-write-a-great-college-essay/
Result: url='https://www.immerse.education/study-tips/how-to-write-a-great-college-essay/' html='' success=False cleaned_html=None media={} links={} downloaded_files=None screenshot=None pdf=None markdown=None markdown_v2=None fit_markdown=None fit_html=None extracted_content=None metadata=None error_message='Unexpected error in _crawl_web at line 1205 in _crawl_web (../../.pyenv/versions/3.12.6/lib/python3.12/site-packages/crawl4ai/async_crawler_strategy.py):\nError: Failed on navigating ACS-GOTO:\nPage.goto: Timeout 10000ms exceeded.\nCall log:\n  - navigating to "https://www.immerse.education/study-tips/how-to-write-a-great-college-essay/", waiting until "domcontentloaded"\n\n\nCode context:\n1200   \n1201                       response = await page.goto(\n1202                           url, wait_until=config.wait_until, timeout=config.page_timeout\n1203                       )\n1204                   except Error as e:\n1205 →                     raise RuntimeError(f"Failed on navigating ACS-GOTO:\\n{str(e)}")\n1206   \n1207                   await self.execute_hook("after_goto", page, context=context, url=url, response=response)\n1208   \n1209                   if response is None:\n1210                       status_code = 200' session_id=None response_headers=None status_code=None ssl_certificate=None


Failed to crawl: https://www.immerse.education/study-tips/online-work-experience-benefits/
Result: url='https://www.immerse.education/study-tips/online-work-experience-benefits/' html='' success=False cleaned_html=None media={} links={} downloaded_files=None screenshot=None pdf=None markdown=None markdown_v2=None fit_markdown=None fit_html=None extracted_content=None metadata=None error_message='Unexpected error in _crawl_web at line 1205 in _crawl_web (../../.pyenv/versions/3.12.6/lib/python3.12/site-packages/crawl4ai/async_crawler_strategy.py):\nError: Failed on navigating ACS-GOTO:\nPage.goto: Timeout 10000ms exceeded.\nCall log:\n  - navigating to "https://www.immerse.education/study-tips/online-work-experience-benefits/", waiting until "domcontentloaded"\n\n\nCode context:\n1200   \n1201                       response = await page.goto(\n1202                           url, wait_until=config.wait_until, timeout=config.page_timeout\n1203                       )\n1204                   except Error as e:\n1205 →                     raise RuntimeError(f"Failed on navigating ACS-GOTO:\\n{str(e)}")\n1206   \n1207                   await self.execute_hook("after_goto", page, context=context, url=url, response=response)\n1208   \n1209                   if response is None:\n1210                       status_code = 200' session_id=None response_headers=None status_code=None ssl_certificate=None


Failed to crawl: https://www.immerse.education/study-tips/find-your-why-psychology/
Result: url='https://www.immerse.education/study-tips/find-your-why-psychology/' html='' success=False cleaned_html=None media={} links={} downloaded_files=None screenshot=None pdf=None markdown=None markdown_v2=None fit_markdown=None fit_html=None extracted_content=None metadata=None error_message='Unexpected error in _crawl_web at line 1205 in _crawl_web (../../.pyenv/versions/3.12.6/lib/python3.12/site-packages/crawl4ai/async_crawler_strategy.py):\nError: Failed on navigating ACS-GOTO:\nPage.goto: Timeout 10000ms exceeded.\nCall log:\n  - navigating to "https://www.immerse.education/study-tips/find-your-why-psychology/", waiting until "domcontentloaded"\n\n\nCode context:\n1200   \n1201                       response = await page.goto(\n1202                           url, wait_until=config.wait_until, timeout=config.page_timeout\n1203                       )\n1204                   except Error as e:\n1205 →                     raise RuntimeError(f"Failed on navigating ACS-GOTO:\\n{str(e)}")\n1206   \n1207                   await self.execute_hook("after_goto", page, context=context, url=url, response=response)\n1208   \n1209                   if response is None:\n1210                       status_code = 200' session_id=None response_headers=None status_code=None ssl_certificate=None


Failed to crawl: https://www.immerse.education/study-tips/find-your-why-engineering/
Result: url='https://www.immerse.education/study-tips/find-your-why-engineering/' html='' success=False cleaned_html=None media={} links={} downloaded_files=None screenshot=None pdf=None markdown=None markdown_v2=None fit_markdown=None fit_html=None extracted_content=None metadata=None error_message='Unexpected error in _crawl_web at line 1205 in _crawl_web (../../.pyenv/versions/3.12.6/lib/python3.12/site-packages/crawl4ai/async_crawler_strategy.py):\nError: Failed on navigating ACS-GOTO:\nPage.goto: Timeout 10000ms exceeded.\nCall log:\n  - navigating to "https://www.immerse.education/study-tips/find-your-why-engineering/", waiting until "domcontentloaded"\n\n\nCode context:\n1200   \n1201                       response = await page.goto(\n1202                           url, wait_until=config.wait_until, timeout=config.page_timeout\n1203                       )\n1204                   except Error as e:\n1205 →                     raise RuntimeError(f"Failed on navigating ACS-GOTO:\\n{str(e)}")\n1206   \n1207                   await self.execute_hook("after_goto", page, context=context, url=url, response=response)\n1208   \n1209                   if response is None:\n1210                       status_code = 200' session_id=None response_headers=None status_code=None ssl_certificate=None


Failed to crawl: https://www.immerse.education/study-tips/architecture-vs-interior-design/
Result: url='https://www.immerse.education/study-tips/architecture-vs-interior-design/' html='' success=False cleaned_html=None media={} links={} downloaded_files=None screenshot=None pdf=None markdown=None markdown_v2=None fit_markdown=None fit_html=None extracted_content=None metadata=None error_message='Unexpected error in _crawl_web at line 1205 in _crawl_web (../../.pyenv/versions/3.12.6/lib/python3.12/site-packages/crawl4ai/async_crawler_strategy.py):\nError: Failed on navigating ACS-GOTO:\nPage.goto: Timeout 10000ms exceeded.\nCall log:\n  - navigating to "https://www.immerse.education/study-tips/architecture-vs-interior-design/", waiting until "domcontentloaded"\n\n\nCode context:\n1200   \n1201                       response = await page.goto(\n1202                           url, wait_until=config.wait_until, timeout=config.page_timeout\n1203                       )\n1204                   except Error as e:\n1205 →                     raise RuntimeError(f"Failed on navigating ACS-GOTO:\\n{str(e)}")\n1206   \n1207                   await self.execute_hook("after_goto", page, context=context, url=url, response=response)\n1208   \n1209                   if response is None:\n1210                       status_code = 200' session_id=None response_headers=None status_code=None ssl_certificate=None


Failed to crawl: https://www.immerse.education/study-tips/london-summer-programmes-overview/
Result: url='https://www.immerse.education/study-tips/london-summer-programmes-overview/' html='' success=False cleaned_html=None media={} links={} downloaded_files=None screenshot=None pdf=None markdown=None markdown_v2=None fit_markdown=None fit_html=None extracted_content=None metadata=None error_message='Unexpected error in _crawl_web at line 1205 in _crawl_web (../../.pyenv/versions/3.12.6/lib/python3.12/site-packages/crawl4ai/async_crawler_strategy.py):\nError: Failed on navigating ACS-GOTO:\nPage.goto: Timeout 10000ms exceeded.\nCall log:\n  - navigating to "https://www.immerse.education/study-tips/london-summer-programmes-overview/", waiting until "domcontentloaded"\n\n\nCode context:\n1200   \n1201                       response = await page.goto(\n1202                           url, wait_until=config.wait_until, timeout=config.page_timeout\n1203                       )\n1204                   except Error as e:\n1205 →                     raise RuntimeError(f"Failed on navigating ACS-GOTO:\\n{str(e)}")\n1206   \n1207                   await self.execute_hook("after_goto", page, context=context, url=url, response=response)\n1208   \n1209                   if response is None:\n1210                       status_code = 200' session_id=None response_headers=None status_code=None ssl_certificate=None


Failed to crawl: https://www.immerse.education/study-tips/highest-paying-jobs-in-japan/
Result: url='https://www.immerse.education/study-tips/highest-paying-jobs-in-japan/' html='' success=False cleaned_html=None media={} links={} downloaded_files=None screenshot=None pdf=None markdown=None markdown_v2=None fit_markdown=None fit_html=None extracted_content=None metadata=None error_message='Unexpected error in _crawl_web at line 1205 in _crawl_web (../../.pyenv/versions/3.12.6/lib/python3.12/site-packages/crawl4ai/async_crawler_strategy.py):\nError: Failed on navigating ACS-GOTO:\nPage.goto: Timeout 10000ms exceeded.\nCall log:\n  - navigating to "https://www.immerse.education/study-tips/highest-paying-jobs-in-japan/", waiting until "domcontentloaded"\n\n\nCode context:\n1200   \n1201                       response = await page.goto(\n1202                           url, wait_until=config.wait_until, timeout=config.page_timeout\n1203                       )\n1204                   except Error as e:\n1205 →                     raise RuntimeError(f"Failed on navigating ACS-GOTO:\\n{str(e)}")\n1206   \n1207                   await self.execute_hook("after_goto", page, context=context, url=url, response=response)\n1208   \n1209                   if response is None:\n1210                       status_code = 200' session_id=None response_headers=None status_code=None ssl_certificate=None


Failed to crawl: https://www.immerse.education/study-tips/what-is-gcse-grading-system/
Result: url='https://www.immerse.education/study-tips/what-is-gcse-grading-system/' html='' success=False cleaned_html=None media={} links={} downloaded_files=None screenshot=None pdf=None markdown=None markdown_v2=None fit_markdown=None fit_html=None extracted_content=None metadata=None error_message='Unexpected error in _crawl_web at line 1205 in _crawl_web (../../.pyenv/versions/3.12.6/lib/python3.12/site-packages/crawl4ai/async_crawler_strategy.py):\nError: Failed on navigating ACS-GOTO:\nPage.goto: Timeout 10000ms exceeded.\nCall log:\n  - navigating to "https://www.immerse.education/study-tips/what-is-gcse-grading-system/", waiting until "domcontentloaded"\n\n\nCode context:\n1200   \n1201                       response = await page.goto(\n1202                           url, wait_until=config.wait_until, timeout=config.page_timeout\n1203                       )\n1204                   except Error as e:\n1205 →                     raise RuntimeError(f"Failed on navigating ACS-GOTO:\\n{str(e)}")\n1206   \n1207                   await self.execute_hook("after_goto", page, context=context, url=url, response=response)\n1208   \n1209                   if response is None:\n1210                       status_code = 200' session_id=None response_headers=None status_code=None ssl_certificate=None


Failed to crawl: https://www.immerse.education/university/interviews/architecture-questions/
Result: url='https://www.immerse.education/university/interviews/architecture-questions/' html='' success=False cleaned_html=None media={} links={} downloaded_files=None screenshot=None pdf=None markdown=None markdown_v2=None fit_markdown=None fit_html=None extracted_content=None metadata=None error_message='Unexpected error in _crawl_web at line 1205 in _crawl_web (../../.pyenv/versions/3.12.6/lib/python3.12/site-packages/crawl4ai/async_crawler_strategy.py):\nError: Failed on navigating ACS-GOTO:\nPage.goto: Timeout 10000ms exceeded.\nCall log:\n  - navigating to "https://www.immerse.education/university/interviews/architecture-questions/", waiting until "domcontentloaded"\n\n\nCode context:\n1200   \n1201                       response = await page.goto(\n1202                           url, wait_until=config.wait_until, timeout=config.page_timeout\n1203                       )\n1204                   except Error as e:\n1205 →                     raise RuntimeError(f"Failed on navigating ACS-GOTO:\\n{str(e)}")\n1206   \n1207                   await self.execute_hook("after_goto", page, context=context, url=url, response=response)\n1208   \n1209                   if response is None:\n1210                       status_code = 200' session_id=None response_headers=None status_code=None ssl_certificate=None


Failed to crawl: https://www.immerse.education/university/degrees/bachelor-of-fine-arts/
Result: url='https://www.immerse.education/university/degrees/bachelor-of-fine-arts/' html='' success=False cleaned_html=None media={} links={} downloaded_files=None screenshot=None pdf=None markdown=None markdown_v2=None fit_markdown=None fit_html=None extracted_content=None metadata=None error_message='Unexpected error in _crawl_web at line 1205 in _crawl_web (../../.pyenv/versions/3.12.6/lib/python3.12/site-packages/crawl4ai/async_crawler_strategy.py):\nError: Failed on navigating ACS-GOTO:\nPage.goto: Timeout 10000ms exceeded.\nCall log:\n  - navigating to "https://www.immerse.education/university/degrees/bachelor-of-fine-arts/", waiting until "domcontentloaded"\n\n\nCode context:\n1200   \n1201                       response = await page.goto(\n1202                           url, wait_until=config.wait_until, timeout=config.page_timeout\n1203                       )\n1204                   except Error as e:\n1205 →                     raise RuntimeError(f"Failed on navigating ACS-GOTO:\\n{str(e)}")\n1206   \n1207                   await self.execute_hook("after_goto", page, context=context, url=url, response=response)\n1208   \n1209                   if response is None:\n1210                       status_code = 200' session_id=None response_headers=None status_code=None ssl_certificate=None


Failed to crawl: https://www.immerse.education/university/best-uk-unis/chemistry/
Result: url='https://www.immerse.education/university/best-uk-unis/chemistry/' html='' success=False cleaned_html=None media={} links={} downloaded_files=None screenshot=None pdf=None markdown=None markdown_v2=None fit_markdown=None fit_html=None extracted_content=None metadata=None error_message='Unexpected error in _crawl_web at line 1205 in _crawl_web (../../.pyenv/versions/3.12.6/lib/python3.12/site-packages/crawl4ai/async_crawler_strategy.py):\nError: Failed on navigating ACS-GOTO:\nPage.goto: Timeout 10000ms exceeded.\nCall log:\n  - navigating to "https://www.immerse.education/university/best-uk-unis/chemistry/", waiting until "domcontentloaded"\n\n\nCode context:\n1200   \n1201                       response = await page.goto(\n1202                           url, wait_until=config.wait_until, timeout=config.page_timeout\n1203                       )\n1204                   except Error as e:\n1205 →                     raise RuntimeError(f"Failed on navigating ACS-GOTO:\\n{str(e)}")\n1206   \n1207                   await self.execute_hook("after_goto", page, context=context, url=url, response=response)\n1208   \n1209                   if response is None:\n1210                       status_code = 200' session_id=None response_headers=None status_code=None ssl_certificate=None


Failed to crawl: https://www.immerse.education/university/best-uk-unis/computer-science/
Result: url='https://www.immerse.education/university/best-uk-unis/computer-science/' html='' success=False cleaned_html=None media={} links={} downloaded_files=None screenshot=None pdf=None markdown=None markdown_v2=None fit_markdown=None fit_html=None extracted_content=None metadata=None error_message='Unexpected error in _crawl_web at line 1205 in _crawl_web (../../.pyenv/versions/3.12.6/lib/python3.12/site-packages/crawl4ai/async_crawler_strategy.py):\nError: Failed on navigating ACS-GOTO:\nPage.goto: Timeout 10000ms exceeded.\nCall log:\n  - navigating to "https://www.immerse.education/university/best-uk-unis/computer-science/", waiting until "domcontentloaded"\n\n\nCode context:\n1200   \n1201                       response = await page.goto(\n1202                           url, wait_until=config.wait_until, timeout=config.page_timeout\n1203                       )\n1204                   except Error as e:\n1205 →                     raise RuntimeError(f"Failed on navigating ACS-GOTO:\\n{str(e)}")\n1206   \n1207                   await self.execute_hook("after_goto", page, context=context, url=url, response=response)\n1208   \n1209                   if response is None:\n1210                       status_code = 200' session_id=None response_headers=None status_code=None ssl_certificate=None


Failed to crawl: https://www.immerse.education/university/best-uk-unis/economics/
Result: url='https://www.immerse.education/university/best-uk-unis/economics/' html='' success=False cleaned_html=None media={} links={} downloaded_files=None screenshot=None pdf=None markdown=None markdown_v2=None fit_markdown=None fit_html=None extracted_content=None metadata=None error_message='Unexpected error in _crawl_web at line 1205 in _crawl_web (../../.pyenv/versions/3.12.6/lib/python3.12/site-packages/crawl4ai/async_crawler_strategy.py):\nError: Failed on navigating ACS-GOTO:\nPage.goto: Timeout 10000ms exceeded.\nCall log:\n  - navigating to "https://www.immerse.education/university/best-uk-unis/economics/", waiting until "domcontentloaded"\n\n\nCode context:\n1200   \n1201                       response = await page.goto(\n1202                           url, wait_until=config.wait_until, timeout=config.page_timeout\n1203                       )\n1204                   except Error as e:\n1205 →                     raise RuntimeError(f"Failed on navigating ACS-GOTO:\\n{str(e)}")\n1206   \n1207                   await self.execute_hook("after_goto", page, context=context, url=url, response=response)\n1208   \n1209                   if response is None:\n1210                       status_code = 200' session_id=None response_headers=None status_code=None ssl_certificate=None


Failed to crawl: https://www.immerse.education/university/best-world-unis/
Result: url='https://www.immerse.education/university/best-world-unis/' html='' success=False cleaned_html=None media={} links={} downloaded_files=None screenshot=None pdf=None markdown=None markdown_v2=None fit_markdown=None fit_html=None extracted_content=None metadata=None error_message='Unexpected error in _crawl_web at line 1205 in _crawl_web (../../.pyenv/versions/3.12.6/lib/python3.12/site-packages/crawl4ai/async_crawler_strategy.py):\nError: Failed on navigating ACS-GOTO:\nPage.goto: Timeout 10000ms exceeded.\nCall log:\n  - navigating to "https://www.immerse.education/university/best-world-unis/", waiting until "domcontentloaded"\n\n\nCode context:\n1200   \n1201                       response = await page.goto(\n1202                           url, wait_until=config.wait_until, timeout=config.page_timeout\n1203                       )\n1204                   except Error as e:\n1205 →                     raise RuntimeError(f"Failed on navigating ACS-GOTO:\\n{str(e)}")\n1206   \n1207                   await self.execute_hook("after_goto", page, context=context, url=url, response=response)\n1208   \n1209                   if response is None:\n1210                       status_code = 200' session_id=None response_headers=None status_code=None ssl_certificate=None


Failed to crawl: https://www.immerse.education/university/oxford/things-to-do/
Result: url='https://www.immerse.education/university/oxford/things-to-do/' html='' success=False cleaned_html=None media={} links={} downloaded_files=None screenshot=None pdf=None markdown=None markdown_v2=None fit_markdown=None fit_html=None extracted_content=None metadata=None error_message='Unexpected error in _crawl_web at line 1205 in _crawl_web (../../.pyenv/versions/3.12.6/lib/python3.12/site-packages/crawl4ai/async_crawler_strategy.py):\nError: Failed on navigating ACS-GOTO:\nPage.goto: Timeout 10000ms exceeded.\nCall log:\n  - navigating to "https://www.immerse.education/university/oxford/things-to-do/", waiting until "domcontentloaded"\n\n\nCode context:\n1200   \n1201                       response = await page.goto(\n1202                           url, wait_until=config.wait_until, timeout=config.page_timeout\n1203                       )\n1204                   except Error as e:\n1205 →                     raise RuntimeError(f"Failed on navigating ACS-GOTO:\\n{str(e)}")\n1206   \n1207                   await self.execute_hook("after_goto", page, context=context, url=url, response=response)\n1208   \n1209                   if response is None:\n1210                       status_code = 200' session_id=None response_headers=None status_code=None ssl_certificate=None


Failed to crawl: https://www.immerse.education/university/oxford/how-many-colleges-in-oxford/
Result: url='https://www.immerse.education/university/oxford/how-many-colleges-in-oxford/' html='' success=False cleaned_html=None media={} links={} downloaded_files=None screenshot=None pdf=None markdown=None markdown_v2=None fit_markdown=None fit_html=None extracted_content=None metadata=None error_message='Unexpected error in _crawl_web at line 1205 in _crawl_web (../../.pyenv/versions/3.12.6/lib/python3.12/site-packages/crawl4ai/async_crawler_strategy.py):\nError: Failed on navigating ACS-GOTO:\nPage.goto: Timeout 10000ms exceeded.\nCall log:\n  - navigating to "https://www.immerse.education/university/oxford/how-many-colleges-in-oxford/", waiting until "domcontentloaded"\n\n\nCode context:\n1200   \n1201                       response = await page.goto(\n1202                           url, wait_until=config.wait_until, timeout=config.page_timeout\n1203                       )\n1204                   except Error as e:\n1205 →                     raise RuntimeError(f"Failed on navigating ACS-GOTO:\\n{str(e)}")\n1206   \n1207                   await self.execute_hook("after_goto", page, context=context, url=url, response=response)\n1208   \n1209                   if response is None:\n1210                       status_code = 200' session_id=None response_headers=None status_code=None ssl_certificate=None


Failed to crawl: https://www.immerse.education/university/life/how-much-work/
Result: url='https://www.immerse.education/university/life/how-much-work/' html='' success=False cleaned_html=None media={} links={} downloaded_files=None screenshot=None pdf=None markdown=None markdown_v2=None fit_markdown=None fit_html=None extracted_content=None metadata=None error_message='Unexpected error in _crawl_web at line 1205 in _crawl_web (../../.pyenv/versions/3.12.6/lib/python3.12/site-packages/crawl4ai/async_crawler_strategy.py):\nError: Failed on navigating ACS-GOTO:\nPage.goto: Timeout 10000ms exceeded.\nCall log:\n  - navigating to "https://www.immerse.education/university/life/how-much-work/", waiting until "domcontentloaded"\n\n\nCode context:\n1200   \n1201                       response = await page.goto(\n1202                           url, wait_until=config.wait_until, timeout=config.page_timeout\n1203                       )\n1204                   except Error as e:\n1205 →                     raise RuntimeError(f"Failed on navigating ACS-GOTO:\\n{str(e)}")\n1206   \n1207                   await self.execute_hook("after_goto", page, context=context, url=url, response=response)\n1208   \n1209                   if response is None:\n1210                       status_code = 200' session_id=None response_headers=None status_code=None ssl_certificate=None


Failed to crawl: https://www.immerse.education/university/degrees/how-to-choose-university/
Result: url='https://www.immerse.education/university/degrees/how-to-choose-university/' html='' success=False cleaned_html=None media={} links={} downloaded_files=None screenshot=None pdf=None markdown=None markdown_v2=None fit_markdown=None fit_html=None extracted_content=None metadata=None error_message='Unexpected error in _crawl_web at line 1205 in _crawl_web (../../.pyenv/versions/3.12.6/lib/python3.12/site-packages/crawl4ai/async_crawler_strategy.py):\nError: Failed on navigating ACS-GOTO:\nPage.goto: Timeout 10000ms exceeded.\nCall log:\n  - navigating to "https://www.immerse.education/university/degrees/how-to-choose-university/", waiting until "domcontentloaded"\n\n\nCode context:\n1200   \n1201                       response = await page.goto(\n1202                           url, wait_until=config.wait_until, timeout=config.page_timeout\n1203                       )\n1204                   except Error as e:\n1205 →                     raise RuntimeError(f"Failed on navigating ACS-GOTO:\\n{str(e)}")\n1206   \n1207                   await self.execute_hook("after_goto", page, context=context, url=url, response=response)\n1208   \n1209                   if response is None:\n1210                       status_code = 200' session_id=None response_headers=None status_code=None ssl_certificate=None


Failed to crawl: https://www.immerse.education/university/life/maintaining-grades-social-life/
Result: url='https://www.immerse.education/university/life/maintaining-grades-social-life/' html='' success=False cleaned_html=None media={} links={} downloaded_files=None screenshot=None pdf=None markdown=None markdown_v2=None fit_markdown=None fit_html=None extracted_content=None metadata=None error_message='Unexpected error in _crawl_web at line 1205 in _crawl_web (../../.pyenv/versions/3.12.6/lib/python3.12/site-packages/crawl4ai/async_crawler_strategy.py):\nError: Failed on navigating ACS-GOTO:\nPage.goto: Timeout 10000ms exceeded.\nCall log:\n  - navigating to "https://www.immerse.education/university/life/maintaining-grades-social-life/", waiting until "domcontentloaded"\n\n\nCode context:\n1200   \n1201                       response = await page.goto(\n1202                           url, wait_until=config.wait_until, timeout=config.page_timeout\n1203                       )\n1204                   except Error as e:\n1205 →                     raise RuntimeError(f"Failed on navigating ACS-GOTO:\\n{str(e)}")\n1206   \n1207                   await self.execute_hook("after_goto", page, context=context, url=url, response=response)\n1208   \n1209                   if response is None:\n1210                       status_code = 200' session_id=None response_headers=None status_code=None ssl_certificate=None


Failed to crawl: https://www.immerse.education/university/how-to-write-a-personal-statement/law/
Result: url='https://www.immerse.education/university/how-to-write-a-personal-statement/law/' html='' success=False cleaned_html=None media={} links={} downloaded_files=None screenshot=None pdf=None markdown=None markdown_v2=None fit_markdown=None fit_html=None extracted_content=None metadata=None error_message='Unexpected error in _crawl_web at line 1205 in _crawl_web (../../.pyenv/versions/3.12.6/lib/python3.12/site-packages/crawl4ai/async_crawler_strategy.py):\nError: Failed on navigating ACS-GOTO:\nPage.goto: Timeout 10000ms exceeded.\nCall log:\n  - navigating to "https://www.immerse.education/university/how-to-write-a-personal-statement/law/", waiting until "domcontentloaded"\n\n\nCode context:\n1200   \n1201                       response = await page.goto(\n1202                           url, wait_until=config.wait_until, timeout=config.page_timeout\n1203                       )\n1204                   except Error as e:\n1205 →                     raise RuntimeError(f"Failed on navigating ACS-GOTO:\\n{str(e)}")\n1206   \n1207                   await self.execute_hook("after_goto", page, context=context, url=url, response=response)\n1208   \n1209                   if response is None:\n1210                       status_code = 200' session_id=None response_headers=None status_code=None ssl_certificate=None


Failed to crawl: https://www.immerse.education/university/oxford/libraries/
Result: url='https://www.immerse.education/university/oxford/libraries/' html='' success=False cleaned_html=None media={} links={} downloaded_files=None screenshot=None pdf=None markdown=None markdown_v2=None fit_markdown=None fit_html=None extracted_content=None metadata=None error_message='Unexpected error in _crawl_web at line 1205 in _crawl_web (../../.pyenv/versions/3.12.6/lib/python3.12/site-packages/crawl4ai/async_crawler_strategy.py):\nError: Failed on navigating ACS-GOTO:\nPage.goto: Timeout 10000ms exceeded.\nCall log:\n  - navigating to "https://www.immerse.education/university/oxford/libraries/", waiting until "domcontentloaded"\n\n\nCode context:\n1200   \n1201                       response = await page.goto(\n1202                           url, wait_until=config.wait_until, timeout=config.page_timeout\n1203                       )\n1204                   except Error as e:\n1205 →                     raise RuntimeError(f"Failed on navigating ACS-GOTO:\\n{str(e)}")\n1206   \n1207                   await self.execute_hook("after_goto", page, context=context, url=url, response=response)\n1208   \n1209                   if response is None:\n1210                       status_code = 200' session_id=None response_headers=None status_code=None ssl_certificate=None


Failed to crawl: https://www.immerse.education/university/cambridge/life-after-graduating-cambridge-uni/
Result: url='https://www.immerse.education/university/cambridge/life-after-graduating-cambridge-uni/' html='' success=False cleaned_html=None media={} links={} downloaded_files=None screenshot=None pdf=None markdown=None markdown_v2=None fit_markdown=None fit_html=None extracted_content=None metadata=None error_message='Unexpected error in _crawl_web at line 1205 in _crawl_web (../../.pyenv/versions/3.12.6/lib/python3.12/site-packages/crawl4ai/async_crawler_strategy.py):\nError: Failed on navigating ACS-GOTO:\nPage.goto: Timeout 10000ms exceeded.\nCall log:\n  - navigating to "https://www.immerse.education/university/cambridge/life-after-graduating-cambridge-uni/", waiting until "domcontentloaded"\n\n\nCode context:\n1200   \n1201                       response = await page.goto(\n1202                           url, wait_until=config.wait_until, timeout=config.page_timeout\n1203                       )\n1204                   except Error as e:\n1205 →                     raise RuntimeError(f"Failed on navigating ACS-GOTO:\\n{str(e)}")\n1206   \n1207                   await self.execute_hook("after_goto", page, context=context, url=url, response=response)\n1208   \n1209                   if response is None:\n1210                       status_code = 200' session_id=None response_headers=None status_code=None ssl_certificate=None


Failed to crawl: https://www.immerse.education/university/life/save-money/
Result: url='https://www.immerse.education/university/life/save-money/' html='' success=False cleaned_html=None media={} links={} downloaded_files=None screenshot=None pdf=None markdown=None markdown_v2=None fit_markdown=None fit_html=None extracted_content=None metadata=None error_message='Unexpected error in _crawl_web at line 1205 in _crawl_web (../../.pyenv/versions/3.12.6/lib/python3.12/site-packages/crawl4ai/async_crawler_strategy.py):\nError: Failed on navigating ACS-GOTO:\nPage.goto: Timeout 10000ms exceeded.\nCall log:\n  - navigating to "https://www.immerse.education/university/life/save-money/", waiting until "domcontentloaded"\n\n\nCode context:\n1200   \n1201                       response = await page.goto(\n1202                           url, wait_until=config.wait_until, timeout=config.page_timeout\n1203                       )\n1204                   except Error as e:\n1205 →                     raise RuntimeError(f"Failed on navigating ACS-GOTO:\\n{str(e)}")\n1206   \n1207                   await self.execute_hook("after_goto", page, context=context, url=url, response=response)\n1208   \n1209                   if response is None:\n1210                       status_code = 200' session_id=None response_headers=None status_code=None ssl_certificate=None


Failed to crawl: https://www.immerse.education/university/australia/study-medicine-degree/
Result: url='https://www.immerse.education/university/australia/study-medicine-degree/' html='' success=False cleaned_html=None media={} links={} downloaded_files=None screenshot=None pdf=None markdown=None markdown_v2=None fit_markdown=None fit_html=None extracted_content=None metadata=None error_message='Unexpected error in _crawl_web at line 1205 in _crawl_web (../../.pyenv/versions/3.12.6/lib/python3.12/site-packages/crawl4ai/async_crawler_strategy.py):\nError: Failed on navigating ACS-GOTO:\nPage.goto: Timeout 10000ms exceeded.\nCall log:\n  - navigating to "https://www.immerse.education/university/australia/study-medicine-degree/", waiting until "domcontentloaded"\n\n\nCode context:\n1200   \n1201                       response = await page.goto(\n1202                           url, wait_until=config.wait_until, timeout=config.page_timeout\n1203                       )\n1204                   except Error as e:\n1205 →                     raise RuntimeError(f"Failed on navigating ACS-GOTO:\\n{str(e)}")\n1206   \n1207                   await self.execute_hook("after_goto", page, context=context, url=url, response=response)\n1208   \n1209                   if response is None:\n1210                       status_code = 200' session_id=None response_headers=None status_code=None ssl_certificate=None


Failed to crawl: https://www.immerse.education/university/life/places-to-visit-harvard-uni/
Result: url='https://www.immerse.education/university/life/places-to-visit-harvard-uni/' html='' success=False cleaned_html=None media={} links={} downloaded_files=None screenshot=None pdf=None markdown=None markdown_v2=None fit_markdown=None fit_html=None extracted_content=None metadata=None error_message='Unexpected error in _crawl_web at line 1205 in _crawl_web (../../.pyenv/versions/3.12.6/lib/python3.12/site-packages/crawl4ai/async_crawler_strategy.py):\nError: Failed on navigating ACS-GOTO:\nPage.goto: Timeout 10000ms exceeded.\nCall log:\n  - navigating to "https://www.immerse.education/university/life/places-to-visit-harvard-uni/", waiting until "domcontentloaded"\n\n\nCode context:\n1200   \n1201                       response = await page.goto(\n1202                           url, wait_until=config.wait_until, timeout=config.page_timeout\n1203                       )\n1204                   except Error as e:\n1205 →                     raise RuntimeError(f"Failed on navigating ACS-GOTO:\\n{str(e)}")\n1206   \n1207                   await self.execute_hook("after_goto", page, context=context, url=url, response=response)\n1208   \n1209                   if response is None:\n1210                       status_code = 200' session_id=None response_headers=None status_code=None ssl_certificate=None


Failed to crawl: https://www.immerse.education/university/life/
Result: url='https://www.immerse.education/university/life/' html='' success=False cleaned_html=None media={} links={} downloaded_files=None screenshot=None pdf=None markdown=None markdown_v2=None fit_markdown=None fit_html=None extracted_content=None metadata=None error_message='Unexpected error in _crawl_web at line 1205 in _crawl_web (../../.pyenv/versions/3.12.6/lib/python3.12/site-packages/crawl4ai/async_crawler_strategy.py):\nError: Failed on navigating ACS-GOTO:\nPage.goto: Timeout 10000ms exceeded.\nCall log:\n  - navigating to "https://www.immerse.education/university/life/", waiting until "domcontentloaded"\n\n\nCode context:\n1200   \n1201                       response = await page.goto(\n1202                           url, wait_until=config.wait_until, timeout=config.page_timeout\n1203                       )\n1204                   except Error as e:\n1205 →                     raise RuntimeError(f"Failed on navigating ACS-GOTO:\\n{str(e)}")\n1206   \n1207                   await self.execute_hook("after_goto", page, context=context, url=url, response=response)\n1208   \n1209                   if response is None:\n1210                       status_code = 200' session_id=None response_headers=None status_code=None ssl_certificate=None


Failed to crawl: https://www.immerse.education/university/degrees/studying-maths-at-uni/
Result: url='https://www.immerse.education/university/degrees/studying-maths-at-uni/' html='' success=False cleaned_html=None media={} links={} downloaded_files=None screenshot=None pdf=None markdown=None markdown_v2=None fit_markdown=None fit_html=None extracted_content=None metadata=None error_message='Unexpected error in _crawl_web at line 1205 in _crawl_web (../../.pyenv/versions/3.12.6/lib/python3.12/site-packages/crawl4ai/async_crawler_strategy.py):\nError: Failed on navigating ACS-GOTO:\nPage.goto: Timeout 10000ms exceeded.\nCall log:\n  - navigating to "https://www.immerse.education/university/degrees/studying-maths-at-uni/", waiting until "domcontentloaded"\n\n\nCode context:\n1200   \n1201                       response = await page.goto(\n1202                           url, wait_until=config.wait_until, timeout=config.page_timeout\n1203                       )\n1204                   except Error as e:\n1205 →                     raise RuntimeError(f"Failed on navigating ACS-GOTO:\\n{str(e)}")\n1206   \n1207                   await self.execute_hook("after_goto", page, context=context, url=url, response=response)\n1208   \n1209                   if response is None:\n1210                       status_code = 200' session_id=None response_headers=None status_code=None ssl_certificate=None


Failed to crawl: https://www.immerse.education/university/what-can-you-do-with/biomedical-science-career-prospects/
Result: url='https://www.immerse.education/university/what-can-you-do-with/biomedical-science-career-prospects/' html='' success=False cleaned_html=None media={} links={} downloaded_files=None screenshot=None pdf=None markdown=None markdown_v2=None fit_markdown=None fit_html=None extracted_content=None metadata=None error_message='Unexpected error in _crawl_web at line 1205 in _crawl_web (../../.pyenv/versions/3.12.6/lib/python3.12/site-packages/crawl4ai/async_crawler_strategy.py):\nError: Failed on navigating ACS-GOTO:\nPage.goto: Timeout 10000ms exceeded.\nCall log:\n  - navigating to "https://www.immerse.education/university/what-can-you-do-with/biomedical-science-career-prospects/", waiting until "domcontentloaded"\n\n\nCode context:\n1200   \n1201                       response = await page.goto(\n1202                           url, wait_until=config.wait_until, timeout=config.page_timeout\n1203                       )\n1204                   except Error as e:\n1205 →                     raise RuntimeError(f"Failed on navigating ACS-GOTO:\\n{str(e)}")\n1206   \n1207                   await self.execute_hook("after_goto", page, context=context, url=url, response=response)\n1208   \n1209                   if response is None:\n1210                       status_code = 200' session_id=None response_headers=None status_code=None ssl_certificate=None


Failed to crawl: https://www.immerse.education/university/what-can-you-do-with/
Result: url='https://www.immerse.education/university/what-can-you-do-with/' html='' success=False cleaned_html=None media={} links={} downloaded_files=None screenshot=None pdf=None markdown=None markdown_v2=None fit_markdown=None fit_html=None extracted_content=None metadata=None error_message='Unexpected error in _crawl_web at line 1205 in _crawl_web (../../.pyenv/versions/3.12.6/lib/python3.12/site-packages/crawl4ai/async_crawler_strategy.py):\nError: Failed on navigating ACS-GOTO:\nPage.goto: Timeout 10000ms exceeded.\nCall log:\n  - navigating to "https://www.immerse.education/university/what-can-you-do-with/", waiting until "domcontentloaded"\n\n\nCode context:\n1200   \n1201                       response = await page.goto(\n1202                           url, wait_until=config.wait_until, timeout=config.page_timeout\n1203                       )\n1204                   except Error as e:\n1205 →                     raise RuntimeError(f"Failed on navigating ACS-GOTO:\\n{str(e)}")\n1206   \n1207                   await self.execute_hook("after_goto", page, context=context, url=url, response=response)\n1208   \n1209                   if response is None:\n1210                       status_code = 200' session_id=None response_headers=None status_code=None ssl_certificate=None


Failed to crawl: https://www.immerse.education/university/what-can-you-do-with/biology-career-prospects/
Result: url='https://www.immerse.education/university/what-can-you-do-with/biology-career-prospects/' html='' success=False cleaned_html=None media={} links={} downloaded_files=None screenshot=None pdf=None markdown=None markdown_v2=None fit_markdown=None fit_html=None extracted_content=None metadata=None error_message='Unexpected error in _crawl_web at line 1205 in _crawl_web (../../.pyenv/versions/3.12.6/lib/python3.12/site-packages/crawl4ai/async_crawler_strategy.py):\nError: Failed on navigating ACS-GOTO:\nPage.goto: Timeout 10000ms exceeded.\nCall log:\n  - navigating to "https://www.immerse.education/university/what-can-you-do-with/biology-career-prospects/", waiting until "domcontentloaded"\n\n\nCode context:\n1200   \n1201                       response = await page.goto(\n1202                           url, wait_until=config.wait_until, timeout=config.page_timeout\n1203                       )\n1204                   except Error as e:\n1205 →                     raise RuntimeError(f"Failed on navigating ACS-GOTO:\\n{str(e)}")\n1206   \n1207                   await self.execute_hook("after_goto", page, context=context, url=url, response=response)\n1208   \n1209                   if response is None:\n1210                       status_code = 200' session_id=None response_headers=None status_code=None ssl_certificate=None


Failed to crawl: https://www.immerse.education/university/what-can-you-do-with/chemistry-career-prospects/
Result: url='https://www.immerse.education/university/what-can-you-do-with/chemistry-career-prospects/' html='' success=False cleaned_html=None media={} links={} downloaded_files=None screenshot=None pdf=None markdown=None markdown_v2=None fit_markdown=None fit_html=None extracted_content=None metadata=None error_message='Unexpected error in _crawl_web at line 1205 in _crawl_web (../../.pyenv/versions/3.12.6/lib/python3.12/site-packages/crawl4ai/async_crawler_strategy.py):\nError: Failed on navigating ACS-GOTO:\nPage.goto: Timeout 10000ms exceeded.\nCall log:\n  - navigating to "https://www.immerse.education/university/what-can-you-do-with/chemistry-career-prospects/", waiting until "domcontentloaded"\n\n\nCode context:\n1200   \n1201                       response = await page.goto(\n1202                           url, wait_until=config.wait_until, timeout=config.page_timeout\n1203                       )\n1204                   except Error as e:\n1205 →                     raise RuntimeError(f"Failed on navigating ACS-GOTO:\\n{str(e)}")\n1206   \n1207                   await self.execute_hook("after_goto", page, context=context, url=url, response=response)\n1208   \n1209                   if response is None:\n1210                       status_code = 200' session_id=None response_headers=None status_code=None ssl_certificate=None


Failed to crawl: https://www.immerse.education/university/what-can-you-do-with/creative-writing-career-prospects/
Result: url='https://www.immerse.education/university/what-can-you-do-with/creative-writing-career-prospects/' html='' success=False cleaned_html=None media={} links={} downloaded_files=None screenshot=None pdf=None markdown=None markdown_v2=None fit_markdown=None fit_html=None extracted_content=None metadata=None error_message='Unexpected error in _crawl_web at line 1205 in _crawl_web (../../.pyenv/versions/3.12.6/lib/python3.12/site-packages/crawl4ai/async_crawler_strategy.py):\nError: Failed on navigating ACS-GOTO:\nPage.goto: Timeout 10000ms exceeded.\nCall log:\n  - navigating to "https://www.immerse.education/university/what-can-you-do-with/creative-writing-career-prospects/", waiting until "domcontentloaded"\n\n\nCode context:\n1200   \n1201                       response = await page.goto(\n1202                           url, wait_until=config.wait_until, timeout=config.page_timeout\n1203                       )\n1204                   except Error as e:\n1205 →                     raise RuntimeError(f"Failed on navigating ACS-GOTO:\\n{str(e)}")\n1206   \n1207                   await self.execute_hook("after_goto", page, context=context, url=url, response=response)\n1208   \n1209                   if response is None:\n1210                       status_code = 200' session_id=None response_headers=None status_code=None ssl_certificate=None


Failed to crawl: https://www.immerse.education/university/what-can-you-do-with/economics-career-prospects/
Result: url='https://www.immerse.education/university/what-can-you-do-with/economics-career-prospects/' html='' success=False cleaned_html=None media={} links={} downloaded_files=None screenshot=None pdf=None markdown=None markdown_v2=None fit_markdown=None fit_html=None extracted_content=None metadata=None error_message='Unexpected error in _crawl_web at line 1205 in _crawl_web (../../.pyenv/versions/3.12.6/lib/python3.12/site-packages/crawl4ai/async_crawler_strategy.py):\nError: Failed on navigating ACS-GOTO:\nPage.goto: Timeout 10000ms exceeded.\nCall log:\n  - navigating to "https://www.immerse.education/university/what-can-you-do-with/economics-career-prospects/", waiting until "domcontentloaded"\n\n\nCode context:\n1200   \n1201                       response = await page.goto(\n1202                           url, wait_until=config.wait_until, timeout=config.page_timeout\n1203                       )\n1204                   except Error as e:\n1205 →                     raise RuntimeError(f"Failed on navigating ACS-GOTO:\\n{str(e)}")\n1206   \n1207                   await self.execute_hook("after_goto", page, context=context, url=url, response=response)\n1208   \n1209                   if response is None:\n1210                       status_code = 200' session_id=None response_headers=None status_code=None ssl_certificate=None


Failed to crawl: https://www.immerse.education/university/degrees/what-types-of-law-should-you-study/
Result: url='https://www.immerse.education/university/degrees/what-types-of-law-should-you-study/' html='' success=False cleaned_html=None media={} links={} downloaded_files=None screenshot=None pdf=None markdown=None markdown_v2=None fit_markdown=None fit_html=None extracted_content=None metadata=None error_message='Unexpected error in _crawl_web at line 1205 in _crawl_web (../../.pyenv/versions/3.12.6/lib/python3.12/site-packages/crawl4ai/async_crawler_strategy.py):\nError: Failed on navigating ACS-GOTO:\nPage.goto: Timeout 10000ms exceeded.\nCall log:\n  - navigating to "https://www.immerse.education/university/degrees/what-types-of-law-should-you-study/", waiting until "domcontentloaded"\n\n\nCode context:\n1200   \n1201                       response = await page.goto(\n1202                           url, wait_until=config.wait_until, timeout=config.page_timeout\n1203                       )\n1204                   except Error as e:\n1205 →                     raise RuntimeError(f"Failed on navigating ACS-GOTO:\\n{str(e)}")\n1206   \n1207                   await self.execute_hook("after_goto", page, context=context, url=url, response=response)\n1208   \n1209                   if response is None:\n1210                       status_code = 200' session_id=None response_headers=None status_code=None ssl_certificate=None


Failed to crawl: https://www.immerse.education/university/degrees/why-study-architecture/
Result: url='https://www.immerse.education/university/degrees/why-study-architecture/' html='' success=False cleaned_html=None media={} links={} downloaded_files=None screenshot=None pdf=None markdown=None markdown_v2=None fit_markdown=None fit_html=None extracted_content=None metadata=None error_message='Unexpected error in _crawl_web at line 1205 in _crawl_web (../../.pyenv/versions/3.12.6/lib/python3.12/site-packages/crawl4ai/async_crawler_strategy.py):\nError: Failed on navigating ACS-GOTO:\nPage.goto: Timeout 10000ms exceeded.\nCall log:\n  - navigating to "https://www.immerse.education/university/degrees/why-study-architecture/", waiting until "domcontentloaded"\n\n\nCode context:\n1200   \n1201                       response = await page.goto(\n1202                           url, wait_until=config.wait_until, timeout=config.page_timeout\n1203                       )\n1204                   except Error as e:\n1205 →                     raise RuntimeError(f"Failed on navigating ACS-GOTO:\\n{str(e)}")\n1206   \n1207                   await self.execute_hook("after_goto", page, context=context, url=url, response=response)\n1208   \n1209                   if response is None:\n1210                       status_code = 200' session_id=None response_headers=None status_code=None ssl_certificate=None


Failed to crawl: https://www.immerse.education/university/degrees/studying-english/
Result: url='https://www.immerse.education/university/degrees/studying-english/' html='' success=False cleaned_html=None media={} links={} downloaded_files=None screenshot=None pdf=None markdown=None markdown_v2=None fit_markdown=None fit_html=None extracted_content=None metadata=None error_message='Unexpected error in _crawl_web at line 1205 in _crawl_web (../../.pyenv/versions/3.12.6/lib/python3.12/site-packages/crawl4ai/async_crawler_strategy.py):\nError: Failed on navigating ACS-GOTO:\nPage.goto: Timeout 10000ms exceeded.\nCall log:\n  - navigating to "https://www.immerse.education/university/degrees/studying-english/", waiting until "domcontentloaded"\n\n\nCode context:\n1200   \n1201                       response = await page.goto(\n1202                           url, wait_until=config.wait_until, timeout=config.page_timeout\n1203                       )\n1204                   except Error as e:\n1205 →                     raise RuntimeError(f"Failed on navigating ACS-GOTO:\\n{str(e)}")\n1206   \n1207                   await self.execute_hook("after_goto", page, context=context, url=url, response=response)\n1208   \n1209                   if response is None:\n1210                       status_code = 200' session_id=None response_headers=None status_code=None ssl_certificate=None


Failed to crawl: https://www.immerse.education/university/degrees/studying-philosophy-at-uni/
Result: url='https://www.immerse.education/university/degrees/studying-philosophy-at-uni/' html='' success=False cleaned_html=None media={} links={} downloaded_files=None screenshot=None pdf=None markdown=None markdown_v2=None fit_markdown=None fit_html=None extracted_content=None metadata=None error_message='Unexpected error in _crawl_web at line 1205 in _crawl_web (../../.pyenv/versions/3.12.6/lib/python3.12/site-packages/crawl4ai/async_crawler_strategy.py):\nError: Failed on navigating ACS-GOTO:\nPage.goto: Timeout 10000ms exceeded.\nCall log:\n  - navigating to "https://www.immerse.education/university/degrees/studying-philosophy-at-uni/", waiting until "domcontentloaded"\n\n\nCode context:\n1200   \n1201                       response = await page.goto(\n1202                           url, wait_until=config.wait_until, timeout=config.page_timeout\n1203                       )\n1204                   except Error as e:\n1205 →                     raise RuntimeError(f"Failed on navigating ACS-GOTO:\\n{str(e)}")\n1206   \n1207                   await self.execute_hook("after_goto", page, context=context, url=url, response=response)\n1208   \n1209                   if response is None:\n1210                       status_code = 200' session_id=None response_headers=None status_code=None ssl_certificate=None


Failed to crawl: https://www.immerse.education/university/london/
Result: url='https://www.immerse.education/university/london/' html='' success=False cleaned_html=None media={} links={} downloaded_files=None screenshot=None pdf=None markdown=None markdown_v2=None fit_markdown=None fit_html=None extracted_content=None metadata=None error_message='Unexpected error in _crawl_web at line 1205 in _crawl_web (../../.pyenv/versions/3.12.6/lib/python3.12/site-packages/crawl4ai/async_crawler_strategy.py):\nError: Failed on navigating ACS-GOTO:\nPage.goto: Timeout 10000ms exceeded.\nCall log:\n  - navigating to "https://www.immerse.education/university/london/", waiting until "domcontentloaded"\n\n\nCode context:\n1200   \n1201                       response = await page.goto(\n1202                           url, wait_until=config.wait_until, timeout=config.page_timeout\n1203                       )\n1204                   except Error as e:\n1205 →                     raise RuntimeError(f"Failed on navigating ACS-GOTO:\\n{str(e)}")\n1206   \n1207                   await self.execute_hook("after_goto", page, context=context, url=url, response=response)\n1208   \n1209                   if response is None:\n1210                       status_code = 200' session_id=None response_headers=None status_code=None ssl_certificate=None


Failed to crawl: https://www.immerse.education/university/best-uk-unis/international-relations/
Result: url='https://www.immerse.education/university/best-uk-unis/international-relations/' html='' success=False cleaned_html=None media={} links={} downloaded_files=None screenshot=None pdf=None markdown=None markdown_v2=None fit_markdown=None fit_html=None extracted_content=None metadata=None error_message='Unexpected error in _crawl_web at line 1205 in _crawl_web (../../.pyenv/versions/3.12.6/lib/python3.12/site-packages/crawl4ai/async_crawler_strategy.py):\nError: Failed on navigating ACS-GOTO:\nPage.goto: Timeout 10000ms exceeded.\nCall log:\n  - navigating to "https://www.immerse.education/university/best-uk-unis/international-relations/", waiting until "domcontentloaded"\n\n\nCode context:\n1200   \n1201                       response = await page.goto(\n1202                           url, wait_until=config.wait_until, timeout=config.page_timeout\n1203                       )\n1204                   except Error as e:\n1205 →                     raise RuntimeError(f"Failed on navigating ACS-GOTO:\\n{str(e)}")\n1206   \n1207                   await self.execute_hook("after_goto", page, context=context, url=url, response=response)\n1208   \n1209                   if response is None:\n1210                       status_code = 200' session_id=None response_headers=None status_code=None ssl_certificate=None


Failed to crawl: https://www.immerse.education/university/best-uk-unis/law/
Result: url='https://www.immerse.education/university/best-uk-unis/law/' html='' success=False cleaned_html=None media={} links={} downloaded_files=None screenshot=None pdf=None markdown=None markdown_v2=None fit_markdown=None fit_html=None extracted_content=None metadata=None error_message='Unexpected error in _crawl_web at line 1205 in _crawl_web (../../.pyenv/versions/3.12.6/lib/python3.12/site-packages/crawl4ai/async_crawler_strategy.py):\nError: Failed on navigating ACS-GOTO:\nPage.goto: Timeout 10000ms exceeded.\nCall log:\n  - navigating to "https://www.immerse.education/university/best-uk-unis/law/", waiting until "domcontentloaded"\n\n\nCode context:\n1200   \n1201                       response = await page.goto(\n1202                           url, wait_until=config.wait_until, timeout=config.page_timeout\n1203                       )\n1204                   except Error as e:\n1205 →                     raise RuntimeError(f"Failed on navigating ACS-GOTO:\\n{str(e)}")\n1206   \n1207                   await self.execute_hook("after_goto", page, context=context, url=url, response=response)\n1208   \n1209                   if response is None:\n1210                       status_code = 200' session_id=None response_headers=None status_code=None ssl_certificate=None


Failed to crawl: https://www.immerse.education/university/australia/why-study-uni-of-sydney/
Result: url='https://www.immerse.education/university/australia/why-study-uni-of-sydney/' html='' success=False cleaned_html=None media={} links={} downloaded_files=None screenshot=None pdf=None markdown=None markdown_v2=None fit_markdown=None fit_html=None extracted_content=None metadata=None error_message='Unexpected error in _crawl_web at line 1205 in _crawl_web (../../.pyenv/versions/3.12.6/lib/python3.12/site-packages/crawl4ai/async_crawler_strategy.py):\nError: Failed on navigating ACS-GOTO:\nPage.goto: Timeout 10000ms exceeded.\nCall log:\n  - navigating to "https://www.immerse.education/university/australia/why-study-uni-of-sydney/", waiting until "domcontentloaded"\n\n\nCode context:\n1200   \n1201                       response = await page.goto(\n1202                           url, wait_until=config.wait_until, timeout=config.page_timeout\n1203                       )\n1204                   except Error as e:\n1205 →                     raise RuntimeError(f"Failed on navigating ACS-GOTO:\\n{str(e)}")\n1206   \n1207                   await self.execute_hook("after_goto", page, context=context, url=url, response=response)\n1208   \n1209                   if response is None:\n1210                       status_code = 200' session_id=None response_headers=None status_code=None ssl_certificate=None


Failed to crawl: https://www.immerse.education/university/australia/living-and-working-sydney/
Result: url='https://www.immerse.education/university/australia/living-and-working-sydney/' html='' success=False cleaned_html=None media={} links={} downloaded_files=None screenshot=None pdf=None markdown=None markdown_v2=None fit_markdown=None fit_html=None extracted_content=None metadata=None error_message='Unexpected error in _crawl_web at line 1205 in _crawl_web (../../.pyenv/versions/3.12.6/lib/python3.12/site-packages/crawl4ai/async_crawler_strategy.py):\nError: Failed on navigating ACS-GOTO:\nPage.goto: Timeout 10000ms exceeded.\nCall log:\n  - navigating to "https://www.immerse.education/university/australia/living-and-working-sydney/", waiting until "domcontentloaded"\n\n\nCode context:\n1200   \n1201                       response = await page.goto(\n1202                           url, wait_until=config.wait_until, timeout=config.page_timeout\n1203                       )\n1204                   except Error as e:\n1205 →                     raise RuntimeError(f"Failed on navigating ACS-GOTO:\\n{str(e)}")\n1206   \n1207                   await self.execute_hook("after_goto", page, context=context, url=url, response=response)\n1208   \n1209                   if response is None:\n1210                       status_code = 200' session_id=None response_headers=None status_code=None ssl_certificate=None


Failed to crawl: https://www.immerse.education/university/how-to-get-work-experience-year-10-and-12/
Result: url='https://www.immerse.education/university/how-to-get-work-experience-year-10-and-12/' html='' success=False cleaned_html=None media={} links={} downloaded_files=None screenshot=None pdf=None markdown=None markdown_v2=None fit_markdown=None fit_html=None extracted_content=None metadata=None error_message='Unexpected error in _crawl_web at line 1205 in _crawl_web (../../.pyenv/versions/3.12.6/lib/python3.12/site-packages/crawl4ai/async_crawler_strategy.py):\nError: Failed on navigating ACS-GOTO:\nPage.goto: Timeout 10000ms exceeded.\nCall log:\n  - navigating to "https://www.immerse.education/university/how-to-get-work-experience-year-10-and-12/", waiting until "domcontentloaded"\n\n\nCode context:\n1200   \n1201                       response = await page.goto(\n1202                           url, wait_until=config.wait_until, timeout=config.page_timeout\n1203                       )\n1204                   except Error as e:\n1205 →                     raise RuntimeError(f"Failed on navigating ACS-GOTO:\\n{str(e)}")\n1206   \n1207                   await self.execute_hook("after_goto", page, context=context, url=url, response=response)\n1208   \n1209                   if response is None:\n1210                       status_code = 200' session_id=None response_headers=None status_code=None ssl_certificate=None


Failed to crawl: https://www.immerse.education/university/what-is-virtual-work-experience/
Result: url='https://www.immerse.education/university/what-is-virtual-work-experience/' html='' success=False cleaned_html=None media={} links={} downloaded_files=None screenshot=None pdf=None markdown=None markdown_v2=None fit_markdown=None fit_html=None extracted_content=None metadata=None error_message='Unexpected error in _crawl_web at line 1205 in _crawl_web (../../.pyenv/versions/3.12.6/lib/python3.12/site-packages/crawl4ai/async_crawler_strategy.py):\nError: Failed on navigating ACS-GOTO:\nPage.goto: Timeout 10000ms exceeded.\nCall log:\n  - navigating to "https://www.immerse.education/university/what-is-virtual-work-experience/", waiting until "domcontentloaded"\n\n\nCode context:\n1200   \n1201                       response = await page.goto(\n1202                           url, wait_until=config.wait_until, timeout=config.page_timeout\n1203                       )\n1204                   except Error as e:\n1205 →                     raise RuntimeError(f"Failed on navigating ACS-GOTO:\\n{str(e)}")\n1206   \n1207                   await self.execute_hook("after_goto", page, context=context, url=url, response=response)\n1208   \n1209                   if response is None:\n1210                       status_code = 200' session_id=None response_headers=None status_code=None ssl_certificate=None


Failed to crawl: https://www.immerse.education/university/cambridge/stereotypes/
Result: url='https://www.immerse.education/university/cambridge/stereotypes/' html='' success=False cleaned_html=None media={} links={} downloaded_files=None screenshot=None pdf=None markdown=None markdown_v2=None fit_markdown=None fit_html=None extracted_content=None metadata=None error_message='Unexpected error in _crawl_web at line 1205 in _crawl_web (../../.pyenv/versions/3.12.6/lib/python3.12/site-packages/crawl4ai/async_crawler_strategy.py):\nError: Failed on navigating ACS-GOTO:\nPage.goto: Timeout 10000ms exceeded.\nCall log:\n  - navigating to "https://www.immerse.education/university/cambridge/stereotypes/", waiting until "domcontentloaded"\n\n\nCode context:\n1200   \n1201                       response = await page.goto(\n1202                           url, wait_until=config.wait_until, timeout=config.page_timeout\n1203                       )\n1204                   except Error as e:\n1205 →                     raise RuntimeError(f"Failed on navigating ACS-GOTO:\\n{str(e)}")\n1206   \n1207                   await self.execute_hook("after_goto", page, context=context, url=url, response=response)\n1208   \n1209                   if response is None:\n1210                       status_code = 200' session_id=None response_headers=None status_code=None ssl_certificate=None


Failed to crawl: https://www.immerse.education/university/why-study-in-singapore/
Result: url='https://www.immerse.education/university/why-study-in-singapore/' html='' success=False cleaned_html=None media={} links={} downloaded_files=None screenshot=None pdf=None markdown=None markdown_v2=None fit_markdown=None fit_html=None extracted_content=None metadata=None error_message='Unexpected error in _crawl_web at line 1205 in _crawl_web (../../.pyenv/versions/3.12.6/lib/python3.12/site-packages/crawl4ai/async_crawler_strategy.py):\nError: Failed on navigating ACS-GOTO:\nPage.goto: Timeout 10000ms exceeded.\nCall log:\n  - navigating to "https://www.immerse.education/university/why-study-in-singapore/", waiting until "domcontentloaded"\n\n\nCode context:\n1200   \n1201                       response = await page.goto(\n1202                           url, wait_until=config.wait_until, timeout=config.page_timeout\n1203                       )\n1204                   except Error as e:\n1205 →                     raise RuntimeError(f"Failed on navigating ACS-GOTO:\\n{str(e)}")\n1206   \n1207                   await self.execute_hook("after_goto", page, context=context, url=url, response=response)\n1208   \n1209                   if response is None:\n1210                       status_code = 200' session_id=None response_headers=None status_code=None ssl_certificate=None


Failed to crawl: https://www.immerse.education/university/why-study-in-tokyo/
Result: url='https://www.immerse.education/university/why-study-in-tokyo/' html='' success=False cleaned_html=None media={} links={} downloaded_files=None screenshot=None pdf=None markdown=None markdown_v2=None fit_markdown=None fit_html=None extracted_content=None metadata=None error_message='Unexpected error in _crawl_web at line 1205 in _crawl_web (../../.pyenv/versions/3.12.6/lib/python3.12/site-packages/crawl4ai/async_crawler_strategy.py):\nError: Failed on navigating ACS-GOTO:\nPage.goto: Timeout 10000ms exceeded.\nCall log:\n  - navigating to "https://www.immerse.education/university/why-study-in-tokyo/", waiting until "domcontentloaded"\n\n\nCode context:\n1200   \n1201                       response = await page.goto(\n1202                           url, wait_until=config.wait_until, timeout=config.page_timeout\n1203                       )\n1204                   except Error as e:\n1205 →                     raise RuntimeError(f"Failed on navigating ACS-GOTO:\\n{str(e)}")\n1206   \n1207                   await self.execute_hook("after_goto", page, context=context, url=url, response=response)\n1208   \n1209                   if response is None:\n1210                       status_code = 200' session_id=None response_headers=None status_code=None ssl_certificate=None


Failed to crawl: https://www.immerse.education/university/ucas-tariff-points-guide/
Result: url='https://www.immerse.education/university/ucas-tariff-points-guide/' html='' success=False cleaned_html=None media={} links={} downloaded_files=None screenshot=None pdf=None markdown=None markdown_v2=None fit_markdown=None fit_html=None extracted_content=None metadata=None error_message='Unexpected error in _crawl_web at line 1205 in _crawl_web (../../.pyenv/versions/3.12.6/lib/python3.12/site-packages/crawl4ai/async_crawler_strategy.py):\nError: Failed on navigating ACS-GOTO:\nPage.goto: Timeout 10000ms exceeded.\nCall log:\n  - navigating to "https://www.immerse.education/university/ucas-tariff-points-guide/", waiting until "domcontentloaded"\n\n\nCode context:\n1200   \n1201                       response = await page.goto(\n1202                           url, wait_until=config.wait_until, timeout=config.page_timeout\n1203                       )\n1204                   except Error as e:\n1205 →                     raise RuntimeError(f"Failed on navigating ACS-GOTO:\\n{str(e)}")\n1206   \n1207                   await self.execute_hook("after_goto", page, context=context, url=url, response=response)\n1208   \n1209                   if response is None:\n1210                       status_code = 200' session_id=None response_headers=None status_code=None ssl_certificate=None


Failed to crawl: https://www.immerse.education/university/why-study-in-zurich/
Result: url='https://www.immerse.education/university/why-study-in-zurich/' html='' success=False cleaned_html=None media={} links={} downloaded_files=None screenshot=None pdf=None markdown=None markdown_v2=None fit_markdown=None fit_html=None extracted_content=None metadata=None error_message='Unexpected error in _crawl_web at line 1205 in _crawl_web (../../.pyenv/versions/3.12.6/lib/python3.12/site-packages/crawl4ai/async_crawler_strategy.py):\nError: Failed on navigating ACS-GOTO:\nPage.goto: Timeout 10000ms exceeded.\nCall log:\n  - navigating to "https://www.immerse.education/university/why-study-in-zurich/", waiting until "domcontentloaded"\n\n\nCode context:\n1200   \n1201                       response = await page.goto(\n1202                           url, wait_until=config.wait_until, timeout=config.page_timeout\n1203                       )\n1204                   except Error as e:\n1205 →                     raise RuntimeError(f"Failed on navigating ACS-GOTO:\\n{str(e)}")\n1206   \n1207                   await self.execute_hook("after_goto", page, context=context, url=url, response=response)\n1208   \n1209                   if response is None:\n1210                       status_code = 200' session_id=None response_headers=None status_code=None ssl_certificate=None


Failed to crawl: https://www.immerse.education/university/how-to-get-into-trinity-college-dublin/
Result: url='https://www.immerse.education/university/how-to-get-into-trinity-college-dublin/' html='' success=False cleaned_html=None media={} links={} downloaded_files=None screenshot=None pdf=None markdown=None markdown_v2=None fit_markdown=None fit_html=None extracted_content=None metadata=None error_message='Unexpected error in _crawl_web at line 1205 in _crawl_web (../../.pyenv/versions/3.12.6/lib/python3.12/site-packages/crawl4ai/async_crawler_strategy.py):\nError: Failed on navigating ACS-GOTO:\nPage.goto: Timeout 10000ms exceeded.\nCall log:\n  - navigating to "https://www.immerse.education/university/how-to-get-into-trinity-college-dublin/", waiting until "domcontentloaded"\n\n\nCode context:\n1200   \n1201                       response = await page.goto(\n1202                           url, wait_until=config.wait_until, timeout=config.page_timeout\n1203                       )\n1204                   except Error as e:\n1205 →                     raise RuntimeError(f"Failed on navigating ACS-GOTO:\\n{str(e)}")\n1206   \n1207                   await self.execute_hook("after_goto", page, context=context, url=url, response=response)\n1208   \n1209                   if response is None:\n1210                       status_code = 200' session_id=None response_headers=None status_code=None ssl_certificate=None


Failed to crawl: https://www.immerse.education/university/step-by-step-guide-how-to-get-into-to-the-university-of-sydney/
Result: url='https://www.immerse.education/university/step-by-step-guide-how-to-get-into-to-the-university-of-sydney/' html='' success=False cleaned_html=None media={} links={} downloaded_files=None screenshot=None pdf=None markdown=None markdown_v2=None fit_markdown=None fit_html=None extracted_content=None metadata=None error_message='Unexpected error in _crawl_web at line 1205 in _crawl_web (../../.pyenv/versions/3.12.6/lib/python3.12/site-packages/crawl4ai/async_crawler_strategy.py):\nError: Failed on navigating ACS-GOTO:\nPage.goto: Timeout 10000ms exceeded.\nCall log:\n  - navigating to "https://www.immerse.education/university/step-by-step-guide-how-to-get-into-to-the-university-of-sydney/", waiting until "domcontentloaded"\n\n\nCode context:\n1200   \n1201                       response = await page.goto(\n1202                           url, wait_until=config.wait_until, timeout=config.page_timeout\n1203                       )\n1204                   except Error as e:\n1205 →                     raise RuntimeError(f"Failed on navigating ACS-GOTO:\\n{str(e)}")\n1206   \n1207                   await self.execute_hook("after_goto", page, context=context, url=url, response=response)\n1208   \n1209                   if response is None:\n1210                       status_code = 200' session_id=None response_headers=None status_code=None ssl_certificate=None


Failed to crawl: https://www.immerse.education/university/best-study-spots-for-students-in-sydney/
Result: url='https://www.immerse.education/university/best-study-spots-for-students-in-sydney/' html='' success=False cleaned_html=None media={} links={} downloaded_files=None screenshot=None pdf=None markdown=None markdown_v2=None fit_markdown=None fit_html=None extracted_content=None metadata=None error_message='Unexpected error in _crawl_web at line 1205 in _crawl_web (../../.pyenv/versions/3.12.6/lib/python3.12/site-packages/crawl4ai/async_crawler_strategy.py):\nError: Failed on navigating ACS-GOTO:\nPage.goto: Timeout 10000ms exceeded.\nCall log:\n  - navigating to "https://www.immerse.education/university/best-study-spots-for-students-in-sydney/", waiting until "domcontentloaded"\n\n\nCode context:\n1200   \n1201                       response = await page.goto(\n1202                           url, wait_until=config.wait_until, timeout=config.page_timeout\n1203                       )\n1204                   except Error as e:\n1205 →                     raise RuntimeError(f"Failed on navigating ACS-GOTO:\\n{str(e)}")\n1206   \n1207                   await self.execute_hook("after_goto", page, context=context, url=url, response=response)\n1208   \n1209                   if response is None:\n1210                       status_code = 200' session_id=None response_headers=None status_code=None ssl_certificate=None


Failed to crawl: https://www.immerse.education/university/school-holiday-ideas-for-teenagers-in-sydney/
Result: url='https://www.immerse.education/university/school-holiday-ideas-for-teenagers-in-sydney/' html='' success=False cleaned_html=None media={} links={} downloaded_files=None screenshot=None pdf=None markdown=None markdown_v2=None fit_markdown=None fit_html=None extracted_content=None metadata=None error_message='Unexpected error in _crawl_web at line 1205 in _crawl_web (../../.pyenv/versions/3.12.6/lib/python3.12/site-packages/crawl4ai/async_crawler_strategy.py):\nError: Failed on navigating ACS-GOTO:\nPage.goto: Timeout 10000ms exceeded.\nCall log:\n  - navigating to "https://www.immerse.education/university/school-holiday-ideas-for-teenagers-in-sydney/", waiting until "domcontentloaded"\n\n\nCode context:\n1200   \n1201                       response = await page.goto(\n1202                           url, wait_until=config.wait_until, timeout=config.page_timeout\n1203                       )\n1204                   except Error as e:\n1205 →                     raise RuntimeError(f"Failed on navigating ACS-GOTO:\\n{str(e)}")\n1206   \n1207                   await self.execute_hook("after_goto", page, context=context, url=url, response=response)\n1208   \n1209                   if response is None:\n1210                       status_code = 200' session_id=None response_headers=None status_code=None ssl_certificate=None


Failed to crawl: https://www.immerse.education/university/30-unique-things-to-do-in-singapore-unforgettable-experiences-beyond-the-usual-spots/
Result: url='https://www.immerse.education/university/30-unique-things-to-do-in-singapore-unforgettable-experiences-beyond-the-usual-spots/' html='' success=False cleaned_html=None media={} links={} downloaded_files=None screenshot=None pdf=None markdown=None markdown_v2=None fit_markdown=None fit_html=None extracted_content=None metadata=None error_message='Unexpected error in _crawl_web at line 1205 in _crawl_web (../../.pyenv/versions/3.12.6/lib/python3.12/site-packages/crawl4ai/async_crawler_strategy.py):\nError: Failed on navigating ACS-GOTO:\nPage.goto: Timeout 10000ms exceeded.\nCall log:\n  - navigating to "https://www.immerse.education/university/30-unique-things-to-do-in-singapore-unforgettable-experiences-beyond-the-usual-spots/", waiting until "domcontentloaded"\n\n\nCode context:\n1200   \n1201                       response = await page.goto(\n1202                           url, wait_until=config.wait_until, timeout=config.page_timeout\n1203                       )\n1204                   except Error as e:\n1205 →                     raise RuntimeError(f"Failed on navigating ACS-GOTO:\\n{str(e)}")\n1206   \n1207                   await self.execute_hook("after_goto", page, context=context, url=url, response=response)\n1208   \n1209                   if response is None:\n1210                       status_code = 200' session_id=None response_headers=None status_code=None ssl_certificate=None


Failed to crawl: https://www.immerse.education/university/how-to-study-in-boston-for-international-students/
Result: url='https://www.immerse.education/university/how-to-study-in-boston-for-international-students/' html='' success=False cleaned_html=None media={} links={} downloaded_files=None screenshot=None pdf=None markdown=None markdown_v2=None fit_markdown=None fit_html=None extracted_content=None metadata=None error_message='Unexpected error in _crawl_web at line 1205 in _crawl_web (../../.pyenv/versions/3.12.6/lib/python3.12/site-packages/crawl4ai/async_crawler_strategy.py):\nError: Failed on navigating ACS-GOTO:\nPage.goto: Timeout 10000ms exceeded.\nCall log:\n  - navigating to "https://www.immerse.education/university/how-to-study-in-boston-for-international-students/", waiting until "domcontentloaded"\n\n\nCode context:\n1200   \n1201                       response = await page.goto(\n1202                           url, wait_until=config.wait_until, timeout=config.page_timeout\n1203                       )\n1204                   except Error as e:\n1205 →                     raise RuntimeError(f"Failed on navigating ACS-GOTO:\\n{str(e)}")\n1206   \n1207                   await self.execute_hook("after_goto", page, context=context, url=url, response=response)\n1208   \n1209                   if response is None:\n1210                       status_code = 200' session_id=None response_headers=None status_code=None ssl_certificate=None


Failed to crawl: https://www.immerse.education/university/bostons-cultural-calendar/
Result: url='https://www.immerse.education/university/bostons-cultural-calendar/' html='' success=False cleaned_html=None media={} links={} downloaded_files=None screenshot=None pdf=None markdown=None markdown_v2=None fit_markdown=None fit_html=None extracted_content=None metadata=None error_message='Unexpected error in _crawl_web at line 1205 in _crawl_web (../../.pyenv/versions/3.12.6/lib/python3.12/site-packages/crawl4ai/async_crawler_strategy.py):\nError: Failed on navigating ACS-GOTO:\nPage.goto: Timeout 10000ms exceeded.\nCall log:\n  - navigating to "https://www.immerse.education/university/bostons-cultural-calendar/", waiting until "domcontentloaded"\n\n\nCode context:\n1200   \n1201                       response = await page.goto(\n1202                           url, wait_until=config.wait_until, timeout=config.page_timeout\n1203                       )\n1204                   except Error as e:\n1205 →                     raise RuntimeError(f"Failed on navigating ACS-GOTO:\\n{str(e)}")\n1206   \n1207                   await self.execute_hook("after_goto", page, context=context, url=url, response=response)\n1208   \n1209                   if response is None:\n1210                       status_code = 200' session_id=None response_headers=None status_code=None ssl_certificate=None


Failed to crawl: https://www.immerse.education/university/group-activities-in-tokyo-fun-with-friends/
Result: url='https://www.immerse.education/university/group-activities-in-tokyo-fun-with-friends/' html='' success=False cleaned_html=None media={} links={} downloaded_files=None screenshot=None pdf=None markdown=None markdown_v2=None fit_markdown=None fit_html=None extracted_content=None metadata=None error_message='Unexpected error in _crawl_web at line 1205 in _crawl_web (../../.pyenv/versions/3.12.6/lib/python3.12/site-packages/crawl4ai/async_crawler_strategy.py):\nError: Failed on navigating ACS-GOTO:\nPage.goto: Timeout 10000ms exceeded.\nCall log:\n  - navigating to "https://www.immerse.education/university/group-activities-in-tokyo-fun-with-friends/", waiting until "domcontentloaded"\n\n\nCode context:\n1200   \n1201                       response = await page.goto(\n1202                           url, wait_until=config.wait_until, timeout=config.page_timeout\n1203                       )\n1204                   except Error as e:\n1205 →                     raise RuntimeError(f"Failed on navigating ACS-GOTO:\\n{str(e)}")\n1206   \n1207                   await self.execute_hook("after_goto", page, context=context, url=url, response=response)\n1208   \n1209                   if response is None:\n1210                       status_code = 200' session_id=None response_headers=None status_code=None ssl_certificate=None


Failed to crawl: https://www.immerse.education/university/how-to-study-in-tokyo-for-international-students/
Result: url='https://www.immerse.education/university/how-to-study-in-tokyo-for-international-students/' html='' success=False cleaned_html=None media={} links={} downloaded_files=None screenshot=None pdf=None markdown=None markdown_v2=None fit_markdown=None fit_html=None extracted_content=None metadata=None error_message='Unexpected error in _crawl_web at line 1205 in _crawl_web (../../.pyenv/versions/3.12.6/lib/python3.12/site-packages/crawl4ai/async_crawler_strategy.py):\nError: Failed on navigating ACS-GOTO:\nPage.goto: Timeout 10000ms exceeded.\nCall log:\n  - navigating to "https://www.immerse.education/university/how-to-study-in-tokyo-for-international-students/", waiting until "domcontentloaded"\n\n\nCode context:\n1200   \n1201                       response = await page.goto(\n1202                           url, wait_until=config.wait_until, timeout=config.page_timeout\n1203                       )\n1204                   except Error as e:\n1205 →                     raise RuntimeError(f"Failed on navigating ACS-GOTO:\\n{str(e)}")\n1206   \n1207                   await self.execute_hook("after_goto", page, context=context, url=url, response=response)\n1208   \n1209                   if response is None:\n1210                       status_code = 200' session_id=None response_headers=None status_code=None ssl_certificate=None


Failed to crawl: https://www.immerse.education/university/school-holiday-ideas-in-singapore/
Result: url='https://www.immerse.education/university/school-holiday-ideas-in-singapore/' html='' success=False cleaned_html=None media={} links={} downloaded_files=None screenshot=None pdf=None markdown=None markdown_v2=None fit_markdown=None fit_html=None extracted_content=None metadata=None error_message='Unexpected error in _crawl_web at line 1205 in _crawl_web (../../.pyenv/versions/3.12.6/lib/python3.12/site-packages/crawl4ai/async_crawler_strategy.py):\nError: Failed on navigating ACS-GOTO:\nPage.goto: Timeout 10000ms exceeded.\nCall log:\n  - navigating to "https://www.immerse.education/university/school-holiday-ideas-in-singapore/", waiting until "domcontentloaded"\n\n\nCode context:\n1200   \n1201                       response = await page.goto(\n1202                           url, wait_until=config.wait_until, timeout=config.page_timeout\n1203                       )\n1204                   except Error as e:\n1205 →                     raise RuntimeError(f"Failed on navigating ACS-GOTO:\\n{str(e)}")\n1206   \n1207                   await self.execute_hook("after_goto", page, context=context, url=url, response=response)\n1208   \n1209                   if response is None:\n1210                       status_code = 200' session_id=None response_headers=None status_code=None ssl_certificate=None


Failed to crawl: https://www.immerse.education/university/11-fun-group-activities-to-enjoy-with-friends-in-boston/
Result: url='https://www.immerse.education/university/11-fun-group-activities-to-enjoy-with-friends-in-boston/' html='' success=False cleaned_html=None media={} links={} downloaded_files=None screenshot=None pdf=None markdown=None markdown_v2=None fit_markdown=None fit_html=None extracted_content=None metadata=None error_message='Unexpected error in _crawl_web at line 1205 in _crawl_web (../../.pyenv/versions/3.12.6/lib/python3.12/site-packages/crawl4ai/async_crawler_strategy.py):\nError: Failed on navigating ACS-GOTO:\nPage.goto: Timeout 10000ms exceeded.\nCall log:\n  - navigating to "https://www.immerse.education/university/11-fun-group-activities-to-enjoy-with-friends-in-boston/", waiting until "domcontentloaded"\n\n\nCode context:\n1200   \n1201                       response = await page.goto(\n1202                           url, wait_until=config.wait_until, timeout=config.page_timeout\n1203                       )\n1204                   except Error as e:\n1205 →                     raise RuntimeError(f"Failed on navigating ACS-GOTO:\\n{str(e)}")\n1206   \n1207                   await self.execute_hook("after_goto", page, context=context, url=url, response=response)\n1208   \n1209                   if response is None:\n1210                       status_code = 200' session_id=None response_headers=None status_code=None ssl_certificate=None


Failed to crawl: https://www.immerse.education/university/13-best-group-activities-in-singapore-for-a-fun-day-out-with-friends/
Result: url='https://www.immerse.education/university/13-best-group-activities-in-singapore-for-a-fun-day-out-with-friends/' html='' success=False cleaned_html=None media={} links={} downloaded_files=None screenshot=None pdf=None markdown=None markdown_v2=None fit_markdown=None fit_html=None extracted_content=None metadata=None error_message='Unexpected error in _crawl_web at line 1205 in _crawl_web (../../.pyenv/versions/3.12.6/lib/python3.12/site-packages/crawl4ai/async_crawler_strategy.py):\nError: Failed on navigating ACS-GOTO:\nPage.goto: Timeout 10000ms exceeded.\nCall log:\n  - navigating to "https://www.immerse.education/university/13-best-group-activities-in-singapore-for-a-fun-day-out-with-friends/", waiting until "domcontentloaded"\n\n\nCode context:\n1200   \n1201                       response = await page.goto(\n1202                           url, wait_until=config.wait_until, timeout=config.page_timeout\n1203                       )\n1204                   except Error as e:\n1205 →                     raise RuntimeError(f"Failed on navigating ACS-GOTO:\\n{str(e)}")\n1206   \n1207                   await self.execute_hook("after_goto", page, context=context, url=url, response=response)\n1208   \n1209                   if response is None:\n1210                       status_code = 200' session_id=None response_headers=None status_code=None ssl_certificate=None


Failed to crawl: https://www.immerse.education/university/group-activities-in-tokyo-fun-with-friends-2/
Result: url='https://www.immerse.education/university/group-activities-in-tokyo-fun-with-friends-2/' html='' success=False cleaned_html=None media={} links={} downloaded_files=None screenshot=None pdf=None markdown=None markdown_v2=None fit_markdown=None fit_html=None extracted_content=None metadata=None error_message='Unexpected error in _crawl_web at line 1205 in _crawl_web (../../.pyenv/versions/3.12.6/lib/python3.12/site-packages/crawl4ai/async_crawler_strategy.py):\nError: Failed on navigating ACS-GOTO:\nPage.goto: Timeout 10000ms exceeded.\nCall log:\n  - navigating to "https://www.immerse.education/university/group-activities-in-tokyo-fun-with-friends-2/", waiting until "domcontentloaded"\n\n\nCode context:\n1200   \n1201                       response = await page.goto(\n1202                           url, wait_until=config.wait_until, timeout=config.page_timeout\n1203                       )\n1204                   except Error as e:\n1205 →                     raise RuntimeError(f"Failed on navigating ACS-GOTO:\\n{str(e)}")\n1206   \n1207                   await self.execute_hook("after_goto", page, context=context, url=url, response=response)\n1208   \n1209                   if response is None:\n1210                       status_code = 200' session_id=None response_headers=None status_code=None ssl_certificate=None


Failed to crawl: https://www.immerse.education/university/cultural-events-in-sydney/
Result: url='https://www.immerse.education/university/cultural-events-in-sydney/' html='' success=False cleaned_html=None media={} links={} downloaded_files=None screenshot=None pdf=None markdown=None markdown_v2=None fit_markdown=None fit_html=None extracted_content=None metadata=None error_message='Unexpected error in _crawl_web at line 1205 in _crawl_web (../../.pyenv/versions/3.12.6/lib/python3.12/site-packages/crawl4ai/async_crawler_strategy.py):\nError: Failed on navigating ACS-GOTO:\nPage.goto: Timeout 10000ms exceeded.\nCall log:\n  - navigating to "https://www.immerse.education/university/cultural-events-in-sydney/", waiting until "domcontentloaded"\n\n\nCode context:\n1200   \n1201                       response = await page.goto(\n1202                           url, wait_until=config.wait_until, timeout=config.page_timeout\n1203                       )\n1204                   except Error as e:\n1205 →                     raise RuntimeError(f"Failed on navigating ACS-GOTO:\\n{str(e)}")\n1206   \n1207                   await self.execute_hook("after_goto", page, context=context, url=url, response=response)\n1208   \n1209                   if response is None:\n1210                       status_code = 200' session_id=None response_headers=None status_code=None ssl_certificate=None


Failed to crawl: https://www.immerse.education/university/unique-things-to-do-in-sydney/
Result: url='https://www.immerse.education/university/unique-things-to-do-in-sydney/' html='' success=False cleaned_html=None media={} links={} downloaded_files=None screenshot=None pdf=None markdown=None markdown_v2=None fit_markdown=None fit_html=None extracted_content=None metadata=None error_message='Unexpected error in _crawl_web at line 1205 in _crawl_web (../../.pyenv/versions/3.12.6/lib/python3.12/site-packages/crawl4ai/async_crawler_strategy.py):\nError: Failed on navigating ACS-GOTO:\nPage.goto: Timeout 10000ms exceeded.\nCall log:\n  - navigating to "https://www.immerse.education/university/unique-things-to-do-in-sydney/", waiting until "domcontentloaded"\n\n\nCode context:\n1200   \n1201                       response = await page.goto(\n1202                           url, wait_until=config.wait_until, timeout=config.page_timeout\n1203                       )\n1204                   except Error as e:\n1205 →                     raise RuntimeError(f"Failed on navigating ACS-GOTO:\\n{str(e)}")\n1206   \n1207                   await self.execute_hook("after_goto", page, context=context, url=url, response=response)\n1208   \n1209                   if response is None:\n1210                       status_code = 200' session_id=None response_headers=None status_code=None ssl_certificate=None


Failed to crawl: https://www.immerse.education/university/finding-a-campus-that-feels-like-home/
Result: url='https://www.immerse.education/university/finding-a-campus-that-feels-like-home/' html='' success=False cleaned_html=None media={} links={} downloaded_files=None screenshot=None pdf=None markdown=None markdown_v2=None fit_markdown=None fit_html=None extracted_content=None metadata=None error_message='Unexpected error in _crawl_web at line 1205 in _crawl_web (../../.pyenv/versions/3.12.6/lib/python3.12/site-packages/crawl4ai/async_crawler_strategy.py):\nError: Failed on navigating ACS-GOTO:\nPage.goto: Timeout 10000ms exceeded.\nCall log:\n  - navigating to "https://www.immerse.education/university/finding-a-campus-that-feels-like-home/", waiting until "domcontentloaded"\n\n\nCode context:\n1200   \n1201                       response = await page.goto(\n1202                           url, wait_until=config.wait_until, timeout=config.page_timeout\n1203                       )\n1204                   except Error as e:\n1205 →                     raise RuntimeError(f"Failed on navigating ACS-GOTO:\\n{str(e)}")\n1206   \n1207                   await self.execute_hook("after_goto", page, context=context, url=url, response=response)\n1208   \n1209                   if response is None:\n1210                       status_code = 200' session_id=None response_headers=None status_code=None ssl_certificate=None


Failed to crawl: https://www.immerse.education/university/finding-your-ideal-university-setting/
Result: url='https://www.immerse.education/university/finding-your-ideal-university-setting/' html='' success=False cleaned_html=None media={} links={} downloaded_files=None screenshot=None pdf=None markdown=None markdown_v2=None fit_markdown=None fit_html=None extracted_content=None metadata=None error_message='Unexpected error in _crawl_web at line 1205 in _crawl_web (../../.pyenv/versions/3.12.6/lib/python3.12/site-packages/crawl4ai/async_crawler_strategy.py):\nError: Failed on navigating ACS-GOTO:\nPage.goto: Timeout 10000ms exceeded.\nCall log:\n  - navigating to "https://www.immerse.education/university/finding-your-ideal-university-setting/", waiting until "domcontentloaded"\n\n\nCode context:\n1200   \n1201                       response = await page.goto(\n1202                           url, wait_until=config.wait_until, timeout=config.page_timeout\n1203                       )\n1204                   except Error as e:\n1205 →                     raise RuntimeError(f"Failed on navigating ACS-GOTO:\\n{str(e)}")\n1206   \n1207                   await self.execute_hook("after_goto", page, context=context, url=url, response=response)\n1208   \n1209                   if response is None:\n1210                       status_code = 200' session_id=None response_headers=None status_code=None ssl_certificate=None


Failed to crawl: https://www.immerse.education/university/best-world-unis/history/
Result: url='https://www.immerse.education/university/best-world-unis/history/' html='' success=False cleaned_html=None media={} links={} downloaded_files=None screenshot=None pdf=None markdown=None markdown_v2=None fit_markdown=None fit_html=None extracted_content=None metadata=None error_message='Unexpected error in _crawl_web at line 1205 in _crawl_web (../../.pyenv/versions/3.12.6/lib/python3.12/site-packages/crawl4ai/async_crawler_strategy.py):\nError: Failed on navigating ACS-GOTO:\nPage.goto: Timeout 10000ms exceeded.\nCall log:\n  - navigating to "https://www.immerse.education/university/best-world-unis/history/", waiting until "domcontentloaded"\n\n\nCode context:\n1200   \n1201                       response = await page.goto(\n1202                           url, wait_until=config.wait_until, timeout=config.page_timeout\n1203                       )\n1204                   except Error as e:\n1205 →                     raise RuntimeError(f"Failed on navigating ACS-GOTO:\\n{str(e)}")\n1206   \n1207                   await self.execute_hook("after_goto", page, context=context, url=url, response=response)\n1208   \n1209                   if response is None:\n1210                       status_code = 200' session_id=None response_headers=None status_code=None ssl_certificate=None


Failed to crawl: https://www.immerse.education/university/best-uk-unis/history/
Result: url='https://www.immerse.education/university/best-uk-unis/history/' html='' success=False cleaned_html=None media={} links={} downloaded_files=None screenshot=None pdf=None markdown=None markdown_v2=None fit_markdown=None fit_html=None extracted_content=None metadata=None error_message='Unexpected error in _crawl_web at line 1205 in _crawl_web (../../.pyenv/versions/3.12.6/lib/python3.12/site-packages/crawl4ai/async_crawler_strategy.py):\nError: Failed on navigating ACS-GOTO:\nPage.goto: Timeout 10000ms exceeded.\nCall log:\n  - navigating to "https://www.immerse.education/university/best-uk-unis/history/", waiting until "domcontentloaded"\n\n\nCode context:\n1200   \n1201                       response = await page.goto(\n1202                           url, wait_until=config.wait_until, timeout=config.page_timeout\n1203                       )\n1204                   except Error as e:\n1205 →                     raise RuntimeError(f"Failed on navigating ACS-GOTO:\\n{str(e)}")\n1206   \n1207                   await self.execute_hook("after_goto", page, context=context, url=url, response=response)\n1208   \n1209                   if response is None:\n1210                       status_code = 200' session_id=None response_headers=None status_code=None ssl_certificate=None


Failed to crawl: https://www.immerse.education/university/cambridge/how-many-colleges/
Result: url='https://www.immerse.education/university/cambridge/how-many-colleges/' html='' success=False cleaned_html=None media={} links={} downloaded_files=None screenshot=None pdf=None markdown=None markdown_v2=None fit_markdown=None fit_html=None extracted_content=None metadata=None error_message='Unexpected error in _crawl_web at line 1205 in _crawl_web (../../.pyenv/versions/3.12.6/lib/python3.12/site-packages/crawl4ai/async_crawler_strategy.py):\nError: Failed on navigating ACS-GOTO:\nPage.goto: Timeout 10000ms exceeded.\nCall log:\n  - navigating to "https://www.immerse.education/university/cambridge/how-many-colleges/", waiting until "domcontentloaded"\n\n\nCode context:\n1200   \n1201                       response = await page.goto(\n1202                           url, wait_until=config.wait_until, timeout=config.page_timeout\n1203                       )\n1204                   except Error as e:\n1205 →                     raise RuntimeError(f"Failed on navigating ACS-GOTO:\\n{str(e)}")\n1206   \n1207                   await self.execute_hook("after_goto", page, context=context, url=url, response=response)\n1208   \n1209                   if response is None:\n1210                       status_code = 200' session_id=None response_headers=None status_code=None ssl_certificate=None


Failed to crawl: https://www.immerse.education/university/cambridge/places-to-see/
Result: url='https://www.immerse.education/university/cambridge/places-to-see/' html='' success=False cleaned_html=None media={} links={} downloaded_files=None screenshot=None pdf=None markdown=None markdown_v2=None fit_markdown=None fit_html=None extracted_content=None metadata=None error_message='Unexpected error in _crawl_web at line 1205 in _crawl_web (../../.pyenv/versions/3.12.6/lib/python3.12/site-packages/crawl4ai/async_crawler_strategy.py):\nError: Failed on navigating ACS-GOTO:\nPage.goto: Timeout 10000ms exceeded.\nCall log:\n  - navigating to "https://www.immerse.education/university/cambridge/places-to-see/", waiting until "domcontentloaded"\n\n\nCode context:\n1200   \n1201                       response = await page.goto(\n1202                           url, wait_until=config.wait_until, timeout=config.page_timeout\n1203                       )\n1204                   except Error as e:\n1205 →                     raise RuntimeError(f"Failed on navigating ACS-GOTO:\\n{str(e)}")\n1206   \n1207                   await self.execute_hook("after_goto", page, context=context, url=url, response=response)\n1208   \n1209                   if response is None:\n1210                       status_code = 200' session_id=None response_headers=None status_code=None ssl_certificate=None


Failed to crawl: https://www.immerse.education/university/top-5-tips-to-prepare-for-university-application/
Result: url='https://www.immerse.education/university/top-5-tips-to-prepare-for-university-application/' html='' success=False cleaned_html=None media={} links={} downloaded_files=None screenshot=None pdf=None markdown=None markdown_v2=None fit_markdown=None fit_html=None extracted_content=None metadata=None error_message='Unexpected error in _crawl_web at line 1205 in _crawl_web (../../.pyenv/versions/3.12.6/lib/python3.12/site-packages/crawl4ai/async_crawler_strategy.py):\nError: Failed on navigating ACS-GOTO:\nPage.goto: Timeout 10000ms exceeded.\nCall log:\n  - navigating to "https://www.immerse.education/university/top-5-tips-to-prepare-for-university-application/", waiting until "domcontentloaded"\n\n\nCode context:\n1200   \n1201                       response = await page.goto(\n1202                           url, wait_until=config.wait_until, timeout=config.page_timeout\n1203                       )\n1204                   except Error as e:\n1205 →                     raise RuntimeError(f"Failed on navigating ACS-GOTO:\\n{str(e)}")\n1206   \n1207                   await self.execute_hook("after_goto", page, context=context, url=url, response=response)\n1208   \n1209                   if response is None:\n1210                       status_code = 200' session_id=None response_headers=None status_code=None ssl_certificate=None


Failed to crawl: https://www.immerse.education/university/cambridge/what-is-punting/
Result: url='https://www.immerse.education/university/cambridge/what-is-punting/' html='' success=False cleaned_html=None media={} links={} downloaded_files=None screenshot=None pdf=None markdown=None markdown_v2=None fit_markdown=None fit_html=None extracted_content=None metadata=None error_message='Unexpected error in _crawl_web at line 1205 in _crawl_web (../../.pyenv/versions/3.12.6/lib/python3.12/site-packages/crawl4ai/async_crawler_strategy.py):\nError: Failed on navigating ACS-GOTO:\nPage.goto: Timeout 10000ms exceeded.\nCall log:\n  - navigating to "https://www.immerse.education/university/cambridge/what-is-punting/", waiting until "domcontentloaded"\n\n\nCode context:\n1200   \n1201                       response = await page.goto(\n1202                           url, wait_until=config.wait_until, timeout=config.page_timeout\n1203                       )\n1204                   except Error as e:\n1205 →                     raise RuntimeError(f"Failed on navigating ACS-GOTO:\\n{str(e)}")\n1206   \n1207                   await self.execute_hook("after_goto", page, context=context, url=url, response=response)\n1208   \n1209                   if response is None:\n1210                       status_code = 200' session_id=None response_headers=None status_code=None ssl_certificate=None


Failed to crawl: https://www.immerse.education/university/cambridge/
Result: url='https://www.immerse.education/university/cambridge/' html='' success=False cleaned_html=None media={} links={} downloaded_files=None screenshot=None pdf=None markdown=None markdown_v2=None fit_markdown=None fit_html=None extracted_content=None metadata=None error_message='Unexpected error in _crawl_web at line 1205 in _crawl_web (../../.pyenv/versions/3.12.6/lib/python3.12/site-packages/crawl4ai/async_crawler_strategy.py):\nError: Failed on navigating ACS-GOTO:\nPage.goto: Timeout 10000ms exceeded.\nCall log:\n  - navigating to "https://www.immerse.education/university/cambridge/", waiting until "domcontentloaded"\n\n\nCode context:\n1200   \n1201                       response = await page.goto(\n1202                           url, wait_until=config.wait_until, timeout=config.page_timeout\n1203                       )\n1204                   except Error as e:\n1205 →                     raise RuntimeError(f"Failed on navigating ACS-GOTO:\\n{str(e)}")\n1206   \n1207                   await self.execute_hook("after_goto", page, context=context, url=url, response=response)\n1208   \n1209                   if response is None:\n1210                       status_code = 200' session_id=None response_headers=None status_code=None ssl_certificate=None


Failed to crawl: https://www.immerse.education/university/how-to-choose-a-university-course-thats-right-for-you/
Result: url='https://www.immerse.education/university/how-to-choose-a-university-course-thats-right-for-you/' html='' success=False cleaned_html=None media={} links={} downloaded_files=None screenshot=None pdf=None markdown=None markdown_v2=None fit_markdown=None fit_html=None extracted_content=None metadata=None error_message='Unexpected error in _crawl_web at line 1205 in _crawl_web (../../.pyenv/versions/3.12.6/lib/python3.12/site-packages/crawl4ai/async_crawler_strategy.py):\nError: Failed on navigating ACS-GOTO:\nPage.goto: Timeout 10000ms exceeded.\nCall log:\n  - navigating to "https://www.immerse.education/university/how-to-choose-a-university-course-thats-right-for-you/", waiting until "domcontentloaded"\n\n\nCode context:\n1200   \n1201                       response = await page.goto(\n1202                           url, wait_until=config.wait_until, timeout=config.page_timeout\n1203                       )\n1204                   except Error as e:\n1205 →                     raise RuntimeError(f"Failed on navigating ACS-GOTO:\\n{str(e)}")\n1206   \n1207                   await self.execute_hook("after_goto", page, context=context, url=url, response=response)\n1208   \n1209                   if response is None:\n1210                       status_code = 200' session_id=None response_headers=None status_code=None ssl_certificate=None


Failed to crawl: https://www.immerse.education/university/degrees/why-study-english-literature/
Result: url='https://www.immerse.education/university/degrees/why-study-english-literature/' html='' success=False cleaned_html=None media={} links={} downloaded_files=None screenshot=None pdf=None markdown=None markdown_v2=None fit_markdown=None fit_html=None extracted_content=None metadata=None error_message='Unexpected error in _crawl_web at line 1205 in _crawl_web (../../.pyenv/versions/3.12.6/lib/python3.12/site-packages/crawl4ai/async_crawler_strategy.py):\nError: Failed on navigating ACS-GOTO:\nPage.goto: Timeout 10000ms exceeded.\nCall log:\n  - navigating to "https://www.immerse.education/university/degrees/why-study-english-literature/", waiting until "domcontentloaded"\n\n\nCode context:\n1200   \n1201                       response = await page.goto(\n1202                           url, wait_until=config.wait_until, timeout=config.page_timeout\n1203                       )\n1204                   except Error as e:\n1205 →                     raise RuntimeError(f"Failed on navigating ACS-GOTO:\\n{str(e)}")\n1206   \n1207                   await self.execute_hook("after_goto", page, context=context, url=url, response=response)\n1208   \n1209                   if response is None:\n1210                       status_code = 200' session_id=None response_headers=None status_code=None ssl_certificate=None


Failed to crawl: https://www.immerse.education/university/best-uk-unis/english/
Result: url='https://www.immerse.education/university/best-uk-unis/english/' html='' success=False cleaned_html=None media={} links={} downloaded_files=None screenshot=None pdf=None markdown=None markdown_v2=None fit_markdown=None fit_html=None extracted_content=None metadata=None error_message='Unexpected error in _crawl_web at line 1205 in _crawl_web (../../.pyenv/versions/3.12.6/lib/python3.12/site-packages/crawl4ai/async_crawler_strategy.py):\nError: Failed on navigating ACS-GOTO:\nPage.goto: Timeout 10000ms exceeded.\nCall log:\n  - navigating to "https://www.immerse.education/university/best-uk-unis/english/", waiting until "domcontentloaded"\n\n\nCode context:\n1200   \n1201                       response = await page.goto(\n1202                           url, wait_until=config.wait_until, timeout=config.page_timeout\n1203                       )\n1204                   except Error as e:\n1205 →                     raise RuntimeError(f"Failed on navigating ACS-GOTO:\\n{str(e)}")\n1206   \n1207                   await self.execute_hook("after_goto", page, context=context, url=url, response=response)\n1208   \n1209                   if response is None:\n1210                       status_code = 200' session_id=None response_headers=None status_code=None ssl_certificate=None


Failed to crawl: https://www.immerse.education/university/best-world-unis/medicine/
Result: url='https://www.immerse.education/university/best-world-unis/medicine/' html='' success=False cleaned_html=None media={} links={} downloaded_files=None screenshot=None pdf=None markdown=None markdown_v2=None fit_markdown=None fit_html=None extracted_content=None metadata=None error_message='Unexpected error in _crawl_web at line 1205 in _crawl_web (../../.pyenv/versions/3.12.6/lib/python3.12/site-packages/crawl4ai/async_crawler_strategy.py):\nError: Failed on navigating ACS-GOTO:\nPage.goto: Timeout 10000ms exceeded.\nCall log:\n  - navigating to "https://www.immerse.education/university/best-world-unis/medicine/", waiting until "domcontentloaded"\n\n\nCode context:\n1200   \n1201                       response = await page.goto(\n1202                           url, wait_until=config.wait_until, timeout=config.page_timeout\n1203                       )\n1204                   except Error as e:\n1205 →                     raise RuntimeError(f"Failed on navigating ACS-GOTO:\\n{str(e)}")\n1206   \n1207                   await self.execute_hook("after_goto", page, context=context, url=url, response=response)\n1208   \n1209                   if response is None:\n1210                       status_code = 200' session_id=None response_headers=None status_code=None ssl_certificate=None


Failed to crawl: https://www.immerse.education/university/life/school-uni-transition/
Result: url='https://www.immerse.education/university/life/school-uni-transition/' html='' success=False cleaned_html=None media={} links={} downloaded_files=None screenshot=None pdf=None markdown=None markdown_v2=None fit_markdown=None fit_html=None extracted_content=None metadata=None error_message='Unexpected error in _crawl_web at line 1205 in _crawl_web (../../.pyenv/versions/3.12.6/lib/python3.12/site-packages/crawl4ai/async_crawler_strategy.py):\nError: Failed on navigating ACS-GOTO:\nPage.goto: Timeout 10000ms exceeded.\nCall log:\n  - navigating to "https://www.immerse.education/university/life/school-uni-transition/", waiting until "domcontentloaded"\n\n\nCode context:\n1200   \n1201                       response = await page.goto(\n1202                           url, wait_until=config.wait_until, timeout=config.page_timeout\n1203                       )\n1204                   except Error as e:\n1205 →                     raise RuntimeError(f"Failed on navigating ACS-GOTO:\\n{str(e)}")\n1206   \n1207                   await self.execute_hook("after_goto", page, context=context, url=url, response=response)\n1208   \n1209                   if response is None:\n1210                       status_code = 200' session_id=None response_headers=None status_code=None ssl_certificate=None


Failed to crawl: https://www.immerse.education/university/summer-activities-to-boost-college-application/
Result: url='https://www.immerse.education/university/summer-activities-to-boost-college-application/' html='' success=False cleaned_html=None media={} links={} downloaded_files=None screenshot=None pdf=None markdown=None markdown_v2=None fit_markdown=None fit_html=None extracted_content=None metadata=None error_message='Unexpected error in _crawl_web at line 1205 in _crawl_web (../../.pyenv/versions/3.12.6/lib/python3.12/site-packages/crawl4ai/async_crawler_strategy.py):\nError: Failed on navigating ACS-GOTO:\nPage.goto: Timeout 10000ms exceeded.\nCall log:\n  - navigating to "https://www.immerse.education/university/summer-activities-to-boost-college-application/", waiting until "domcontentloaded"\n\n\nCode context:\n1200   \n1201                       response = await page.goto(\n1202                           url, wait_until=config.wait_until, timeout=config.page_timeout\n1203                       )\n1204                   except Error as e:\n1205 →                     raise RuntimeError(f"Failed on navigating ACS-GOTO:\\n{str(e)}")\n1206   \n1207                   await self.execute_hook("after_goto", page, context=context, url=url, response=response)\n1208   \n1209                   if response is None:\n1210                       status_code = 200' session_id=None response_headers=None status_code=None ssl_certificate=None


Failed to crawl: https://www.immerse.education/university/most-photogenic-universities-around-the-world/
Result: url='https://www.immerse.education/university/most-photogenic-universities-around-the-world/' html='' success=False cleaned_html=None media={} links={} downloaded_files=None screenshot=None pdf=None markdown=None markdown_v2=None fit_markdown=None fit_html=None extracted_content=None metadata=None error_message='Unexpected error in _crawl_web at line 1205 in _crawl_web (../../.pyenv/versions/3.12.6/lib/python3.12/site-packages/crawl4ai/async_crawler_strategy.py):\nError: Failed on navigating ACS-GOTO:\nPage.goto: Timeout 10000ms exceeded.\nCall log:\n  - navigating to "https://www.immerse.education/university/most-photogenic-universities-around-the-world/", waiting until "domcontentloaded"\n\n\nCode context:\n1200   \n1201                       response = await page.goto(\n1202                           url, wait_until=config.wait_until, timeout=config.page_timeout\n1203                       )\n1204                   except Error as e:\n1205 →                     raise RuntimeError(f"Failed on navigating ACS-GOTO:\\n{str(e)}")\n1206   \n1207                   await self.execute_hook("after_goto", page, context=context, url=url, response=response)\n1208   \n1209                   if response is None:\n1210                       status_code = 200' session_id=None response_headers=None status_code=None ssl_certificate=None


Failed to crawl: https://www.immerse.education/university/friendliest-university-cities-around-the-world/
Result: url='https://www.immerse.education/university/friendliest-university-cities-around-the-world/' html='' success=False cleaned_html=None media={} links={} downloaded_files=None screenshot=None pdf=None markdown=None markdown_v2=None fit_markdown=None fit_html=None extracted_content=None metadata=None error_message='Unexpected error in _crawl_web at line 1205 in _crawl_web (../../.pyenv/versions/3.12.6/lib/python3.12/site-packages/crawl4ai/async_crawler_strategy.py):\nError: Failed on navigating ACS-GOTO:\nPage.goto: Timeout 10000ms exceeded.\nCall log:\n  - navigating to "https://www.immerse.education/university/friendliest-university-cities-around-the-world/", waiting until "domcontentloaded"\n\n\nCode context:\n1200   \n1201                       response = await page.goto(\n1202                           url, wait_until=config.wait_until, timeout=config.page_timeout\n1203                       )\n1204                   except Error as e:\n1205 →                     raise RuntimeError(f"Failed on navigating ACS-GOTO:\\n{str(e)}")\n1206   \n1207                   await self.execute_hook("after_goto", page, context=context, url=url, response=response)\n1208   \n1209                   if response is None:\n1210                       status_code = 200' session_id=None response_headers=None status_code=None ssl_certificate=None


Failed to crawl: https://www.immerse.education/university/how-to-choose-a-university-thats-right-for-you/
Result: url='https://www.immerse.education/university/how-to-choose-a-university-thats-right-for-you/' html='' success=False cleaned_html=None media={} links={} downloaded_files=None screenshot=None pdf=None markdown=None markdown_v2=None fit_markdown=None fit_html=None extracted_content=None metadata=None error_message='Unexpected error in _crawl_web at line 1205 in _crawl_web (../../.pyenv/versions/3.12.6/lib/python3.12/site-packages/crawl4ai/async_crawler_strategy.py):\nError: Failed on navigating ACS-GOTO:\nPage.goto: Timeout 10000ms exceeded.\nCall log:\n  - navigating to "https://www.immerse.education/university/how-to-choose-a-university-thats-right-for-you/", waiting until "domcontentloaded"\n\n\nCode context:\n1200   \n1201                       response = await page.goto(\n1202                           url, wait_until=config.wait_until, timeout=config.page_timeout\n1203                       )\n1204                   except Error as e:\n1205 →                     raise RuntimeError(f"Failed on navigating ACS-GOTO:\\n{str(e)}")\n1206   \n1207                   await self.execute_hook("after_goto", page, context=context, url=url, response=response)\n1208   \n1209                   if response is None:\n1210                       status_code = 200' session_id=None response_headers=None status_code=None ssl_certificate=None


Failed to crawl: https://www.immerse.education/university/how-to-write-a-personal-statement/ending/
Result: url='https://www.immerse.education/university/how-to-write-a-personal-statement/ending/' html='' success=False cleaned_html=None media={} links={} downloaded_files=None screenshot=None pdf=None markdown=None markdown_v2=None fit_markdown=None fit_html=None extracted_content=None metadata=None error_message='Unexpected error in _crawl_web at line 1205 in _crawl_web (../../.pyenv/versions/3.12.6/lib/python3.12/site-packages/crawl4ai/async_crawler_strategy.py):\nError: Failed on navigating ACS-GOTO:\nPage.goto: Timeout 10000ms exceeded.\nCall log:\n  - navigating to "https://www.immerse.education/university/how-to-write-a-personal-statement/ending/", waiting until "domcontentloaded"\n\n\nCode context:\n1200   \n1201                       response = await page.goto(\n1202                           url, wait_until=config.wait_until, timeout=config.page_timeout\n1203                       )\n1204                   except Error as e:\n1205 →                     raise RuntimeError(f"Failed on navigating ACS-GOTO:\\n{str(e)}")\n1206   \n1207                   await self.execute_hook("after_goto", page, context=context, url=url, response=response)\n1208   \n1209                   if response is None:\n1210                       status_code = 200' session_id=None response_headers=None status_code=None ssl_certificate=None


Failed to crawl: https://www.immerse.education/university/how-to-write-a-personal-statement/what-not-to-put/
Result: url='https://www.immerse.education/university/how-to-write-a-personal-statement/what-not-to-put/' html='' success=False cleaned_html=None media={} links={} downloaded_files=None screenshot=None pdf=None markdown=None markdown_v2=None fit_markdown=None fit_html=None extracted_content=None metadata=None error_message='Unexpected error in _crawl_web at line 1205 in _crawl_web (../../.pyenv/versions/3.12.6/lib/python3.12/site-packages/crawl4ai/async_crawler_strategy.py):\nError: Failed on navigating ACS-GOTO:\nPage.goto: Timeout 10000ms exceeded.\nCall log:\n  - navigating to "https://www.immerse.education/university/how-to-write-a-personal-statement/what-not-to-put/", waiting until "domcontentloaded"\n\n\nCode context:\n1200   \n1201                       response = await page.goto(\n1202                           url, wait_until=config.wait_until, timeout=config.page_timeout\n1203                       )\n1204                   except Error as e:\n1205 →                     raise RuntimeError(f"Failed on navigating ACS-GOTO:\\n{str(e)}")\n1206   \n1207                   await self.execute_hook("after_goto", page, context=context, url=url, response=response)\n1208   \n1209                   if response is None:\n1210                       status_code = 200' session_id=None response_headers=None status_code=None ssl_certificate=None


Failed to crawl: https://www.immerse.education/university/ideas-for-work-experience-year-12/
Result: url='https://www.immerse.education/university/ideas-for-work-experience-year-12/' html='' success=False cleaned_html=None media={} links={} downloaded_files=None screenshot=None pdf=None markdown=None markdown_v2=None fit_markdown=None fit_html=None extracted_content=None metadata=None error_message='Unexpected error in _crawl_web at line 1205 in _crawl_web (../../.pyenv/versions/3.12.6/lib/python3.12/site-packages/crawl4ai/async_crawler_strategy.py):\nError: Failed on navigating ACS-GOTO:\nPage.goto: Timeout 10000ms exceeded.\nCall log:\n  - navigating to "https://www.immerse.education/university/ideas-for-work-experience-year-12/", waiting until "domcontentloaded"\n\n\nCode context:\n1200   \n1201                       response = await page.goto(\n1202                           url, wait_until=config.wait_until, timeout=config.page_timeout\n1203                       )\n1204                   except Error as e:\n1205 →                     raise RuntimeError(f"Failed on navigating ACS-GOTO:\\n{str(e)}")\n1206   \n1207                   await self.execute_hook("after_goto", page, context=context, url=url, response=response)\n1208   \n1209                   if response is None:\n1210                       status_code = 200' session_id=None response_headers=None status_code=None ssl_certificate=None


Failed to crawl: https://www.immerse.education/university/what-can-you-do-with/sociology-career-prospects/
Result: url='https://www.immerse.education/university/what-can-you-do-with/sociology-career-prospects/' html='' success=False cleaned_html=None media={} links={} downloaded_files=None screenshot=None pdf=None markdown=None markdown_v2=None fit_markdown=None fit_html=None extracted_content=None metadata=None error_message='Unexpected error in _crawl_web at line 1205 in _crawl_web (../../.pyenv/versions/3.12.6/lib/python3.12/site-packages/crawl4ai/async_crawler_strategy.py):\nError: Failed on navigating ACS-GOTO:\nPage.goto: Timeout 10000ms exceeded.\nCall log:\n  - navigating to "https://www.immerse.education/university/what-can-you-do-with/sociology-career-prospects/", waiting until "domcontentloaded"\n\n\nCode context:\n1200   \n1201                       response = await page.goto(\n1202                           url, wait_until=config.wait_until, timeout=config.page_timeout\n1203                       )\n1204                   except Error as e:\n1205 →                     raise RuntimeError(f"Failed on navigating ACS-GOTO:\\n{str(e)}")\n1206   \n1207                   await self.execute_hook("after_goto", page, context=context, url=url, response=response)\n1208   \n1209                   if response is None:\n1210                       status_code = 200' session_id=None response_headers=None status_code=None ssl_certificate=None


Failed to crawl: https://www.immerse.education/university/what-can-you-do-with/science-career-prospects/
Result: url='https://www.immerse.education/university/what-can-you-do-with/science-career-prospects/' html='' success=False cleaned_html=None media={} links={} downloaded_files=None screenshot=None pdf=None markdown=None markdown_v2=None fit_markdown=None fit_html=None extracted_content=None metadata=None error_message='Unexpected error in _crawl_web at line 1205 in _crawl_web (../../.pyenv/versions/3.12.6/lib/python3.12/site-packages/crawl4ai/async_crawler_strategy.py):\nError: Failed on navigating ACS-GOTO:\nPage.goto: Timeout 10000ms exceeded.\nCall log:\n  - navigating to "https://www.immerse.education/university/what-can-you-do-with/science-career-prospects/", waiting until "domcontentloaded"\n\n\nCode context:\n1200   \n1201                       response = await page.goto(\n1202                           url, wait_until=config.wait_until, timeout=config.page_timeout\n1203                       )\n1204                   except Error as e:\n1205 →                     raise RuntimeError(f"Failed on navigating ACS-GOTO:\\n{str(e)}")\n1206   \n1207                   await self.execute_hook("after_goto", page, context=context, url=url, response=response)\n1208   \n1209                   if response is None:\n1210                       status_code = 200' session_id=None response_headers=None status_code=None ssl_certificate=None


Failed to crawl: https://www.immerse.education/university/a-level-requirements/biology/
Result: url='https://www.immerse.education/university/a-level-requirements/biology/' html='' success=False cleaned_html=None media={} links={} downloaded_files=None screenshot=None pdf=None markdown=None markdown_v2=None fit_markdown=None fit_html=None extracted_content=None metadata=None error_message='Unexpected error in _crawl_web at line 1205 in _crawl_web (../../.pyenv/versions/3.12.6/lib/python3.12/site-packages/crawl4ai/async_crawler_strategy.py):\nError: Failed on navigating ACS-GOTO:\nPage.goto: Timeout 10000ms exceeded.\nCall log:\n  - navigating to "https://www.immerse.education/university/a-level-requirements/biology/", waiting until "domcontentloaded"\n\n\nCode context:\n1200   \n1201                       response = await page.goto(\n1202                           url, wait_until=config.wait_until, timeout=config.page_timeout\n1203                       )\n1204                   except Error as e:\n1205 →                     raise RuntimeError(f"Failed on navigating ACS-GOTO:\\n{str(e)}")\n1206   \n1207                   await self.execute_hook("after_goto", page, context=context, url=url, response=response)\n1208   \n1209                   if response is None:\n1210                       status_code = 200' session_id=None response_headers=None status_code=None ssl_certificate=None


Failed to crawl: https://www.immerse.education/university/what-can-you-do-with/nursing-career-prospects/
Result: url='https://www.immerse.education/university/what-can-you-do-with/nursing-career-prospects/' html='' success=False cleaned_html=None media={} links={} downloaded_files=None screenshot=None pdf=None markdown=None markdown_v2=None fit_markdown=None fit_html=None extracted_content=None metadata=None error_message='Unexpected error in _crawl_web at line 1205 in _crawl_web (../../.pyenv/versions/3.12.6/lib/python3.12/site-packages/crawl4ai/async_crawler_strategy.py):\nError: Failed on navigating ACS-GOTO:\nPage.goto: Timeout 10000ms exceeded.\nCall log:\n  - navigating to "https://www.immerse.education/university/what-can-you-do-with/nursing-career-prospects/", waiting until "domcontentloaded"\n\n\nCode context:\n1200   \n1201                       response = await page.goto(\n1202                           url, wait_until=config.wait_until, timeout=config.page_timeout\n1203                       )\n1204                   except Error as e:\n1205 →                     raise RuntimeError(f"Failed on navigating ACS-GOTO:\\n{str(e)}")\n1206   \n1207                   await self.execute_hook("after_goto", page, context=context, url=url, response=response)\n1208   \n1209                   if response is None:\n1210                       status_code = 200' session_id=None response_headers=None status_code=None ssl_certificate=None


Failed to crawl: https://www.immerse.education/university/what-can-you-do-with/medical-career-prospects/
Result: url='https://www.immerse.education/university/what-can-you-do-with/medical-career-prospects/' html='' success=False cleaned_html=None media={} links={} downloaded_files=None screenshot=None pdf=None markdown=None markdown_v2=None fit_markdown=None fit_html=None extracted_content=None metadata=None error_message='Unexpected error in _crawl_web at line 1205 in _crawl_web (../../.pyenv/versions/3.12.6/lib/python3.12/site-packages/crawl4ai/async_crawler_strategy.py):\nError: Failed on navigating ACS-GOTO:\nPage.goto: Timeout 10000ms exceeded.\nCall log:\n  - navigating to "https://www.immerse.education/university/what-can-you-do-with/medical-career-prospects/", waiting until "domcontentloaded"\n\n\nCode context:\n1200   \n1201                       response = await page.goto(\n1202                           url, wait_until=config.wait_until, timeout=config.page_timeout\n1203                       )\n1204                   except Error as e:\n1205 →                     raise RuntimeError(f"Failed on navigating ACS-GOTO:\\n{str(e)}")\n1206   \n1207                   await self.execute_hook("after_goto", page, context=context, url=url, response=response)\n1208   \n1209                   if response is None:\n1210                       status_code = 200' session_id=None response_headers=None status_code=None ssl_certificate=None


Failed to crawl: https://www.immerse.education/university/what-can-you-do-with/law-career-prospects/
Result: url='https://www.immerse.education/university/what-can-you-do-with/law-career-prospects/' html='' success=False cleaned_html=None media={} links={} downloaded_files=None screenshot=None pdf=None markdown=None markdown_v2=None fit_markdown=None fit_html=None extracted_content=None metadata=None error_message='Unexpected error in _crawl_web at line 1205 in _crawl_web (../../.pyenv/versions/3.12.6/lib/python3.12/site-packages/crawl4ai/async_crawler_strategy.py):\nError: Failed on navigating ACS-GOTO:\nPage.goto: Timeout 10000ms exceeded.\nCall log:\n  - navigating to "https://www.immerse.education/university/what-can-you-do-with/law-career-prospects/", waiting until "domcontentloaded"\n\n\nCode context:\n1200   \n1201                       response = await page.goto(\n1202                           url, wait_until=config.wait_until, timeout=config.page_timeout\n1203                       )\n1204                   except Error as e:\n1205 →                     raise RuntimeError(f"Failed on navigating ACS-GOTO:\\n{str(e)}")\n1206   \n1207                   await self.execute_hook("after_goto", page, context=context, url=url, response=response)\n1208   \n1209                   if response is None:\n1210                       status_code = 200' session_id=None response_headers=None status_code=None ssl_certificate=None


Failed to crawl: https://www.immerse.education/university/what-can-you-do-with/history-career-prospects/
Result: url='https://www.immerse.education/university/what-can-you-do-with/history-career-prospects/' html='' success=False cleaned_html=None media={} links={} downloaded_files=None screenshot=None pdf=None markdown=None markdown_v2=None fit_markdown=None fit_html=None extracted_content=None metadata=None error_message='Unexpected error in _crawl_web at line 1205 in _crawl_web (../../.pyenv/versions/3.12.6/lib/python3.12/site-packages/crawl4ai/async_crawler_strategy.py):\nError: Failed on navigating ACS-GOTO:\nPage.goto: Timeout 10000ms exceeded.\nCall log:\n  - navigating to "https://www.immerse.education/university/what-can-you-do-with/history-career-prospects/", waiting until "domcontentloaded"\n\n\nCode context:\n1200   \n1201                       response = await page.goto(\n1202                           url, wait_until=config.wait_until, timeout=config.page_timeout\n1203                       )\n1204                   except Error as e:\n1205 →                     raise RuntimeError(f"Failed on navigating ACS-GOTO:\\n{str(e)}")\n1206   \n1207                   await self.execute_hook("after_goto", page, context=context, url=url, response=response)\n1208   \n1209                   if response is None:\n1210                       status_code = 200' session_id=None response_headers=None status_code=None ssl_certificate=None


Failed to crawl: https://www.immerse.education/university/a-level-requirements/computer-science/
Result: url='https://www.immerse.education/university/a-level-requirements/computer-science/' html='' success=False cleaned_html=None media={} links={} downloaded_files=None screenshot=None pdf=None markdown=None markdown_v2=None fit_markdown=None fit_html=None extracted_content=None metadata=None error_message='Unexpected error in _crawl_web at line 1205 in _crawl_web (../../.pyenv/versions/3.12.6/lib/python3.12/site-packages/crawl4ai/async_crawler_strategy.py):\nError: Failed on navigating ACS-GOTO:\nPage.goto: Timeout 10000ms exceeded.\nCall log:\n  - navigating to "https://www.immerse.education/university/a-level-requirements/computer-science/", waiting until "domcontentloaded"\n\n\nCode context:\n1200   \n1201                       response = await page.goto(\n1202                           url, wait_until=config.wait_until, timeout=config.page_timeout\n1203                       )\n1204                   except Error as e:\n1205 →                     raise RuntimeError(f"Failed on navigating ACS-GOTO:\\n{str(e)}")\n1206   \n1207                   await self.execute_hook("after_goto", page, context=context, url=url, response=response)\n1208   \n1209                   if response is None:\n1210                       status_code = 200' session_id=None response_headers=None status_code=None ssl_certificate=None


Failed to crawl: https://www.immerse.education/university/a-level-requirements/creative-writing/
Result: url='https://www.immerse.education/university/a-level-requirements/creative-writing/' html='' success=False cleaned_html=None media={} links={} downloaded_files=None screenshot=None pdf=None markdown=None markdown_v2=None fit_markdown=None fit_html=None extracted_content=None metadata=None error_message='Unexpected error in _crawl_web at line 1205 in _crawl_web (../../.pyenv/versions/3.12.6/lib/python3.12/site-packages/crawl4ai/async_crawler_strategy.py):\nError: Failed on navigating ACS-GOTO:\nPage.goto: Timeout 10000ms exceeded.\nCall log:\n  - navigating to "https://www.immerse.education/university/a-level-requirements/creative-writing/", waiting until "domcontentloaded"\n\n\nCode context:\n1200   \n1201                       response = await page.goto(\n1202                           url, wait_until=config.wait_until, timeout=config.page_timeout\n1203                       )\n1204                   except Error as e:\n1205 →                     raise RuntimeError(f"Failed on navigating ACS-GOTO:\\n{str(e)}")\n1206   \n1207                   await self.execute_hook("after_goto", page, context=context, url=url, response=response)\n1208   \n1209                   if response is None:\n1210                       status_code = 200' session_id=None response_headers=None status_code=None ssl_certificate=None


Failed to crawl: https://www.immerse.education/university/a-level-requirements/engineering/
Result: url='https://www.immerse.education/university/a-level-requirements/engineering/' html='' success=False cleaned_html=None media={} links={} downloaded_files=None screenshot=None pdf=None markdown=None markdown_v2=None fit_markdown=None fit_html=None extracted_content=None metadata=None error_message='Unexpected error in _crawl_web at line 1205 in _crawl_web (../../.pyenv/versions/3.12.6/lib/python3.12/site-packages/crawl4ai/async_crawler_strategy.py):\nError: Failed on navigating ACS-GOTO:\nPage.goto: Timeout 10000ms exceeded.\nCall log:\n  - navigating to "https://www.immerse.education/university/a-level-requirements/engineering/", waiting until "domcontentloaded"\n\n\nCode context:\n1200   \n1201                       response = await page.goto(\n1202                           url, wait_until=config.wait_until, timeout=config.page_timeout\n1203                       )\n1204                   except Error as e:\n1205 →                     raise RuntimeError(f"Failed on navigating ACS-GOTO:\\n{str(e)}")\n1206   \n1207                   await self.execute_hook("after_goto", page, context=context, url=url, response=response)\n1208   \n1209                   if response is None:\n1210                       status_code = 200' session_id=None response_headers=None status_code=None ssl_certificate=None


Failed to crawl: https://www.immerse.education/university/a-level-requirements/geography/
Result: url='https://www.immerse.education/university/a-level-requirements/geography/' html='' success=False cleaned_html=None media={} links={} downloaded_files=None screenshot=None pdf=None markdown=None markdown_v2=None fit_markdown=None fit_html=None extracted_content=None metadata=None error_message='Unexpected error in _crawl_web at line 1205 in _crawl_web (../../.pyenv/versions/3.12.6/lib/python3.12/site-packages/crawl4ai/async_crawler_strategy.py):\nError: Failed on navigating ACS-GOTO:\nPage.goto: Timeout 10000ms exceeded.\nCall log:\n  - navigating to "https://www.immerse.education/university/a-level-requirements/geography/", waiting until "domcontentloaded"\n\n\nCode context:\n1200   \n1201                       response = await page.goto(\n1202                           url, wait_until=config.wait_until, timeout=config.page_timeout\n1203                       )\n1204                   except Error as e:\n1205 →                     raise RuntimeError(f"Failed on navigating ACS-GOTO:\\n{str(e)}")\n1206   \n1207                   await self.execute_hook("after_goto", page, context=context, url=url, response=response)\n1208   \n1209                   if response is None:\n1210                       status_code = 200' session_id=None response_headers=None status_code=None ssl_certificate=None


Failed to crawl: https://www.immerse.education/university/a-level-requirements/history/
Result: url='https://www.immerse.education/university/a-level-requirements/history/' html='' success=False cleaned_html=None media={} links={} downloaded_files=None screenshot=None pdf=None markdown=None markdown_v2=None fit_markdown=None fit_html=None extracted_content=None metadata=None error_message='Unexpected error in _crawl_web at line 1205 in _crawl_web (../../.pyenv/versions/3.12.6/lib/python3.12/site-packages/crawl4ai/async_crawler_strategy.py):\nError: Failed on navigating ACS-GOTO:\nPage.goto: Timeout 10000ms exceeded.\nCall log:\n  - navigating to "https://www.immerse.education/university/a-level-requirements/history/", waiting until "domcontentloaded"\n\n\nCode context:\n1200   \n1201                       response = await page.goto(\n1202                           url, wait_until=config.wait_until, timeout=config.page_timeout\n1203                       )\n1204                   except Error as e:\n1205 →                     raise RuntimeError(f"Failed on navigating ACS-GOTO:\\n{str(e)}")\n1206   \n1207                   await self.execute_hook("after_goto", page, context=context, url=url, response=response)\n1208   \n1209                   if response is None:\n1210                       status_code = 200' session_id=None response_headers=None status_code=None ssl_certificate=None


Failed to crawl: https://www.immerse.education/university/a-level-requirements/lawyer/
Result: url='https://www.immerse.education/university/a-level-requirements/lawyer/' html='' success=False cleaned_html=None media={} links={} downloaded_files=None screenshot=None pdf=None markdown=None markdown_v2=None fit_markdown=None fit_html=None extracted_content=None metadata=None error_message='Unexpected error in _crawl_web at line 1205 in _crawl_web (../../.pyenv/versions/3.12.6/lib/python3.12/site-packages/crawl4ai/async_crawler_strategy.py):\nError: Failed on navigating ACS-GOTO:\nPage.goto: Timeout 10000ms exceeded.\nCall log:\n  - navigating to "https://www.immerse.education/university/a-level-requirements/lawyer/", waiting until "domcontentloaded"\n\n\nCode context:\n1200   \n1201                       response = await page.goto(\n1202                           url, wait_until=config.wait_until, timeout=config.page_timeout\n1203                       )\n1204                   except Error as e:\n1205 →                     raise RuntimeError(f"Failed on navigating ACS-GOTO:\\n{str(e)}")\n1206   \n1207                   await self.execute_hook("after_goto", page, context=context, url=url, response=response)\n1208   \n1209                   if response is None:\n1210                       status_code = 200' session_id=None response_headers=None status_code=None ssl_certificate=None


Failed to crawl: https://www.immerse.education/university/a-level-requirements/maths/
Result: url='https://www.immerse.education/university/a-level-requirements/maths/' html='' success=False cleaned_html=None media={} links={} downloaded_files=None screenshot=None pdf=None markdown=None markdown_v2=None fit_markdown=None fit_html=None extracted_content=None metadata=None error_message='Unexpected error in _crawl_web at line 1205 in _crawl_web (../../.pyenv/versions/3.12.6/lib/python3.12/site-packages/crawl4ai/async_crawler_strategy.py):\nError: Failed on navigating ACS-GOTO:\nPage.goto: Timeout 10000ms exceeded.\nCall log:\n  - navigating to "https://www.immerse.education/university/a-level-requirements/maths/", waiting until "domcontentloaded"\n\n\nCode context:\n1200   \n1201                       response = await page.goto(\n1202                           url, wait_until=config.wait_until, timeout=config.page_timeout\n1203                       )\n1204                   except Error as e:\n1205 →                     raise RuntimeError(f"Failed on navigating ACS-GOTO:\\n{str(e)}")\n1206   \n1207                   await self.execute_hook("after_goto", page, context=context, url=url, response=response)\n1208   \n1209                   if response is None:\n1210                       status_code = 200' session_id=None response_headers=None status_code=None ssl_certificate=None


Failed to crawl: https://www.immerse.education/university/a-level-requirements/philosophy/
Result: url='https://www.immerse.education/university/a-level-requirements/philosophy/' html='' success=False cleaned_html=None media={} links={} downloaded_files=None screenshot=None pdf=None markdown=None markdown_v2=None fit_markdown=None fit_html=None extracted_content=None metadata=None error_message='Unexpected error in _crawl_web at line 1205 in _crawl_web (../../.pyenv/versions/3.12.6/lib/python3.12/site-packages/crawl4ai/async_crawler_strategy.py):\nError: Failed on navigating ACS-GOTO:\nPage.goto: Timeout 10000ms exceeded.\nCall log:\n  - navigating to "https://www.immerse.education/university/a-level-requirements/philosophy/", waiting until "domcontentloaded"\n\n\nCode context:\n1200   \n1201                       response = await page.goto(\n1202                           url, wait_until=config.wait_until, timeout=config.page_timeout\n1203                       )\n1204                   except Error as e:\n1205 →                     raise RuntimeError(f"Failed on navigating ACS-GOTO:\\n{str(e)}")\n1206   \n1207                   await self.execute_hook("after_goto", page, context=context, url=url, response=response)\n1208   \n1209                   if response is None:\n1210                       status_code = 200' session_id=None response_headers=None status_code=None ssl_certificate=None


Failed to crawl: https://www.immerse.education/university/best-uk-unis/psychology/
Result: url='https://www.immerse.education/university/best-uk-unis/psychology/' html='' success=False cleaned_html=None media={} links={} downloaded_files=None screenshot=None pdf=None markdown=None markdown_v2=None fit_markdown=None fit_html=None extracted_content=None metadata=None error_message='Unexpected error in _crawl_web at line 1205 in _crawl_web (../../.pyenv/versions/3.12.6/lib/python3.12/site-packages/crawl4ai/async_crawler_strategy.py):\nError: Failed on navigating ACS-GOTO:\nPage.goto: Timeout 10000ms exceeded.\nCall log:\n  - navigating to "https://www.immerse.education/university/best-uk-unis/psychology/", waiting until "domcontentloaded"\n\n\nCode context:\n1200   \n1201                       response = await page.goto(\n1202                           url, wait_until=config.wait_until, timeout=config.page_timeout\n1203                       )\n1204                   except Error as e:\n1205 →                     raise RuntimeError(f"Failed on navigating ACS-GOTO:\\n{str(e)}")\n1206   \n1207                   await self.execute_hook("after_goto", page, context=context, url=url, response=response)\n1208   \n1209                   if response is None:\n1210                       status_code = 200' session_id=None response_headers=None status_code=None ssl_certificate=None


Failed to crawl: https://www.immerse.education/university/interviews/
Result: url='https://www.immerse.education/university/interviews/' html='' success=False cleaned_html=None media={} links={} downloaded_files=None screenshot=None pdf=None markdown=None markdown_v2=None fit_markdown=None fit_html=None extracted_content=None metadata=None error_message='Unexpected error in _crawl_web at line 1205 in _crawl_web (../../.pyenv/versions/3.12.6/lib/python3.12/site-packages/crawl4ai/async_crawler_strategy.py):\nError: Failed on navigating ACS-GOTO:\nPage.goto: Timeout 10000ms exceeded.\nCall log:\n  - navigating to "https://www.immerse.education/university/interviews/", waiting until "domcontentloaded"\n\n\nCode context:\n1200   \n1201                       response = await page.goto(\n1202                           url, wait_until=config.wait_until, timeout=config.page_timeout\n1203                       )\n1204                   except Error as e:\n1205 →                     raise RuntimeError(f"Failed on navigating ACS-GOTO:\\n{str(e)}")\n1206   \n1207                   await self.execute_hook("after_goto", page, context=context, url=url, response=response)\n1208   \n1209                   if response is None:\n1210                       status_code = 200' session_id=None response_headers=None status_code=None ssl_certificate=None


Failed to crawl: https://www.immerse.education/university/how-to-get-a-scholarship-to-study-abroad-and-fast/
Result: url='https://www.immerse.education/university/how-to-get-a-scholarship-to-study-abroad-and-fast/' html='' success=False cleaned_html=None media={} links={} downloaded_files=None screenshot=None pdf=None markdown=None markdown_v2=None fit_markdown=None fit_html=None extracted_content=None metadata=None error_message='Unexpected error in _crawl_web at line 1205 in _crawl_web (../../.pyenv/versions/3.12.6/lib/python3.12/site-packages/crawl4ai/async_crawler_strategy.py):\nError: Failed on navigating ACS-GOTO:\nPage.goto: Timeout 10000ms exceeded.\nCall log:\n  - navigating to "https://www.immerse.education/university/how-to-get-a-scholarship-to-study-abroad-and-fast/", waiting until "domcontentloaded"\n\n\nCode context:\n1200   \n1201                       response = await page.goto(\n1202                           url, wait_until=config.wait_until, timeout=config.page_timeout\n1203                       )\n1204                   except Error as e:\n1205 →                     raise RuntimeError(f"Failed on navigating ACS-GOTO:\\n{str(e)}")\n1206   \n1207                   await self.execute_hook("after_goto", page, context=context, url=url, response=response)\n1208   \n1209                   if response is None:\n1210                       status_code = 200' session_id=None response_headers=None status_code=None ssl_certificate=None


Failed to crawl: https://www.immerse.education/university/5-key-terms-you-need-to-learn-to-survive-in-the-oxbridge-collegiate-system/
Result: url='https://www.immerse.education/university/5-key-terms-you-need-to-learn-to-survive-in-the-oxbridge-collegiate-system/' html='' success=False cleaned_html=None media={} links={} downloaded_files=None screenshot=None pdf=None markdown=None markdown_v2=None fit_markdown=None fit_html=None extracted_content=None metadata=None error_message='Unexpected error in _crawl_web at line 1205 in _crawl_web (../../.pyenv/versions/3.12.6/lib/python3.12/site-packages/crawl4ai/async_crawler_strategy.py):\nError: Failed on navigating ACS-GOTO:\nPage.goto: Timeout 10000ms exceeded.\nCall log:\n  - navigating to "https://www.immerse.education/university/5-key-terms-you-need-to-learn-to-survive-in-the-oxbridge-collegiate-system/", waiting until "domcontentloaded"\n\n\nCode context:\n1200   \n1201                       response = await page.goto(\n1202                           url, wait_until=config.wait_until, timeout=config.page_timeout\n1203                       )\n1204                   except Error as e:\n1205 →                     raise RuntimeError(f"Failed on navigating ACS-GOTO:\\n{str(e)}")\n1206   \n1207                   await self.execute_hook("after_goto", page, context=context, url=url, response=response)\n1208   \n1209                   if response is None:\n1210                       status_code = 200' session_id=None response_headers=None status_code=None ssl_certificate=None


Failed to crawl: https://www.immerse.education/university/get-into-teaching-how-do-i-become-a-uk-certified-teacher/
Result: url='https://www.immerse.education/university/get-into-teaching-how-do-i-become-a-uk-certified-teacher/' html='' success=False cleaned_html=None media={} links={} downloaded_files=None screenshot=None pdf=None markdown=None markdown_v2=None fit_markdown=None fit_html=None extracted_content=None metadata=None error_message='Unexpected error in _crawl_web at line 1205 in _crawl_web (../../.pyenv/versions/3.12.6/lib/python3.12/site-packages/crawl4ai/async_crawler_strategy.py):\nError: Failed on navigating ACS-GOTO:\nPage.goto: Timeout 10000ms exceeded.\nCall log:\n  - navigating to "https://www.immerse.education/university/get-into-teaching-how-do-i-become-a-uk-certified-teacher/", waiting until "domcontentloaded"\n\n\nCode context:\n1200   \n1201                       response = await page.goto(\n1202                           url, wait_until=config.wait_until, timeout=config.page_timeout\n1203                       )\n1204                   except Error as e:\n1205 →                     raise RuntimeError(f"Failed on navigating ACS-GOTO:\\n{str(e)}")\n1206   \n1207                   await self.execute_hook("after_goto", page, context=context, url=url, response=response)\n1208   \n1209                   if response is None:\n1210                       status_code = 200' session_id=None response_headers=None status_code=None ssl_certificate=None


Failed to crawl: https://www.immerse.education/university/studying-english-literature-creative-writing/
Result: url='https://www.immerse.education/university/studying-english-literature-creative-writing/' html='' success=False cleaned_html=None media={} links={} downloaded_files=None screenshot=None pdf=None markdown=None markdown_v2=None fit_markdown=None fit_html=None extracted_content=None metadata=None error_message='Unexpected error in _crawl_web at line 1205 in _crawl_web (../../.pyenv/versions/3.12.6/lib/python3.12/site-packages/crawl4ai/async_crawler_strategy.py):\nError: Failed on navigating ACS-GOTO:\nPage.goto: Timeout 10000ms exceeded.\nCall log:\n  - navigating to "https://www.immerse.education/university/studying-english-literature-creative-writing/", waiting until "domcontentloaded"\n\n\nCode context:\n1200   \n1201                       response = await page.goto(\n1202                           url, wait_until=config.wait_until, timeout=config.page_timeout\n1203                       )\n1204                   except Error as e:\n1205 →                     raise RuntimeError(f"Failed on navigating ACS-GOTO:\\n{str(e)}")\n1206   \n1207                   await self.execute_hook("after_goto", page, context=context, url=url, response=response)\n1208   \n1209                   if response is None:\n1210                       status_code = 200' session_id=None response_headers=None status_code=None ssl_certificate=None


Failed to crawl: https://www.immerse.education/university/how-to-write-a-personal-statement/start/
Result: url='https://www.immerse.education/university/how-to-write-a-personal-statement/start/' html='' success=False cleaned_html=None media={} links={} downloaded_files=None screenshot=None pdf=None markdown=None markdown_v2=None fit_markdown=None fit_html=None extracted_content=None metadata=None error_message='Unexpected error in _crawl_web at line 1205 in _crawl_web (../../.pyenv/versions/3.12.6/lib/python3.12/site-packages/crawl4ai/async_crawler_strategy.py):\nError: Failed on navigating ACS-GOTO:\nPage.goto: Timeout 10000ms exceeded.\nCall log:\n  - navigating to "https://www.immerse.education/university/how-to-write-a-personal-statement/start/", waiting until "domcontentloaded"\n\n\nCode context:\n1200   \n1201                       response = await page.goto(\n1202                           url, wait_until=config.wait_until, timeout=config.page_timeout\n1203                       )\n1204                   except Error as e:\n1205 →                     raise RuntimeError(f"Failed on navigating ACS-GOTO:\\n{str(e)}")\n1206   \n1207                   await self.execute_hook("after_goto", page, context=context, url=url, response=response)\n1208   \n1209                   if response is None:\n1210                       status_code = 200' session_id=None response_headers=None status_code=None ssl_certificate=None


Failed to crawl: https://www.immerse.education/network-members/
Result: url='https://www.immerse.education/network-members/' html='' success=False cleaned_html=None media={} links={} downloaded_files=None screenshot=None pdf=None markdown=None markdown_v2=None fit_markdown=None fit_html=None extracted_content=None metadata=None error_message='Unexpected error in _crawl_web at line 1205 in _crawl_web (../../.pyenv/versions/3.12.6/lib/python3.12/site-packages/crawl4ai/async_crawler_strategy.py):\nError: Failed on navigating ACS-GOTO:\nPage.goto: Timeout 10000ms exceeded.\nCall log:\n  - navigating to "https://www.immerse.education/network-members/", waiting until "domcontentloaded"\n\n\nCode context:\n1200   \n1201                       response = await page.goto(\n1202                           url, wait_until=config.wait_until, timeout=config.page_timeout\n1203                       )\n1204                   except Error as e:\n1205 →                     raise RuntimeError(f"Failed on navigating ACS-GOTO:\\n{str(e)}")\n1206   \n1207                   await self.execute_hook("after_goto", page, context=context, url=url, response=response)\n1208   \n1209                   if response is None:\n1210                       status_code = 200' session_id=None response_headers=None status_code=None ssl_certificate=None


Failed to crawl: https://www.immerse.education/network-members/theresa-st-laurent/
Result: url='https://www.immerse.education/network-members/theresa-st-laurent/' html='' success=False cleaned_html=None media={} links={} downloaded_files=None screenshot=None pdf=None markdown=None markdown_v2=None fit_markdown=None fit_html=None extracted_content=None metadata=None error_message='Unexpected error in _crawl_web at line 1205 in _crawl_web (../../.pyenv/versions/3.12.6/lib/python3.12/site-packages/crawl4ai/async_crawler_strategy.py):\nError: Failed on navigating ACS-GOTO:\nPage.goto: Timeout 10000ms exceeded.\nCall log:\n  - navigating to "https://www.immerse.education/network-members/theresa-st-laurent/", waiting until "domcontentloaded"\n\n\nCode context:\n1200   \n1201                       response = await page.goto(\n1202                           url, wait_until=config.wait_until, timeout=config.page_timeout\n1203                       )\n1204                   except Error as e:\n1205 →                     raise RuntimeError(f"Failed on navigating ACS-GOTO:\\n{str(e)}")\n1206   \n1207                   await self.execute_hook("after_goto", page, context=context, url=url, response=response)\n1208   \n1209                   if response is None:\n1210                       status_code = 200' session_id=None response_headers=None status_code=None ssl_certificate=None


Failed to crawl: https://www.immerse.education/network-members/ana-caroline-da-silva-pereira/
Result: url='https://www.immerse.education/network-members/ana-caroline-da-silva-pereira/' html='' success=False cleaned_html=None media={} links={} downloaded_files=None screenshot=None pdf=None markdown=None markdown_v2=None fit_markdown=None fit_html=None extracted_content=None metadata=None error_message='Unexpected error in _crawl_web at line 1205 in _crawl_web (../../.pyenv/versions/3.12.6/lib/python3.12/site-packages/crawl4ai/async_crawler_strategy.py):\nError: Failed on navigating ACS-GOTO:\nPage.goto: Timeout 10000ms exceeded.\nCall log:\n  - navigating to "https://www.immerse.education/network-members/ana-caroline-da-silva-pereira/", waiting until "domcontentloaded"\n\n\nCode context:\n1200   \n1201                       response = await page.goto(\n1202                           url, wait_until=config.wait_until, timeout=config.page_timeout\n1203                       )\n1204                   except Error as e:\n1205 →                     raise RuntimeError(f"Failed on navigating ACS-GOTO:\\n{str(e)}")\n1206   \n1207                   await self.execute_hook("after_goto", page, context=context, url=url, response=response)\n1208   \n1209                   if response is None:\n1210                       status_code = 200' session_id=None response_headers=None status_code=None ssl_certificate=None


Failed to crawl: https://www.immerse.education/ru/network-members/
Result: url='https://www.immerse.education/ru/network-members/' html='' success=False cleaned_html=None media={} links={} downloaded_files=None screenshot=None pdf=None markdown=None markdown_v2=None fit_markdown=None fit_html=None extracted_content=None metadata=None error_message='Unexpected error in _crawl_web at line 1205 in _crawl_web (../../.pyenv/versions/3.12.6/lib/python3.12/site-packages/crawl4ai/async_crawler_strategy.py):\nError: Failed on navigating ACS-GOTO:\nPage.goto: Timeout 10000ms exceeded.\nCall log:\n  - navigating to "https://www.immerse.education/ru/network-members/", waiting until "domcontentloaded"\n\n\nCode context:\n1200   \n1201                       response = await page.goto(\n1202                           url, wait_until=config.wait_until, timeout=config.page_timeout\n1203                       )\n1204                   except Error as e:\n1205 →                     raise RuntimeError(f"Failed on navigating ACS-GOTO:\\n{str(e)}")\n1206   \n1207                   await self.execute_hook("after_goto", page, context=context, url=url, response=response)\n1208   \n1209                   if response is None:\n1210                       status_code = 200' session_id=None response_headers=None status_code=None ssl_certificate=None


Failed to crawl: https://www.immerse.education/it/network-members/
Result: url='https://www.immerse.education/it/network-members/' html='' success=False cleaned_html=None media={} links={} downloaded_files=None screenshot=None pdf=None markdown=None markdown_v2=None fit_markdown=None fit_html=None extracted_content=None metadata=None error_message='Unexpected error in _crawl_web at line 1205 in _crawl_web (../../.pyenv/versions/3.12.6/lib/python3.12/site-packages/crawl4ai/async_crawler_strategy.py):\nError: Failed on navigating ACS-GOTO:\nPage.goto: Timeout 10000ms exceeded.\nCall log:\n  - navigating to "https://www.immerse.education/it/network-members/", waiting until "domcontentloaded"\n\n\nCode context:\n1200   \n1201                       response = await page.goto(\n1202                           url, wait_until=config.wait_until, timeout=config.page_timeout\n1203                       )\n1204                   except Error as e:\n1205 →                     raise RuntimeError(f"Failed on navigating ACS-GOTO:\\n{str(e)}")\n1206   \n1207                   await self.execute_hook("after_goto", page, context=context, url=url, response=response)\n1208   \n1209                   if response is None:\n1210                       status_code = 200' session_id=None response_headers=None status_code=None ssl_certificate=None


Failed to crawl: https://www.immerse.education/fr/network-members/
Result: url='https://www.immerse.education/fr/network-members/' html='' success=False cleaned_html=None media={} links={} downloaded_files=None screenshot=None pdf=None markdown=None markdown_v2=None fit_markdown=None fit_html=None extracted_content=None metadata=None error_message='Unexpected error in _crawl_web at line 1205 in _crawl_web (../../.pyenv/versions/3.12.6/lib/python3.12/site-packages/crawl4ai/async_crawler_strategy.py):\nError: Failed on navigating ACS-GOTO:\nPage.goto: Timeout 10000ms exceeded.\nCall log:\n  - navigating to "https://www.immerse.education/fr/network-members/", waiting until "domcontentloaded"\n\n\nCode context:\n1200   \n1201                       response = await page.goto(\n1202                           url, wait_until=config.wait_until, timeout=config.page_timeout\n1203                       )\n1204                   except Error as e:\n1205 →                     raise RuntimeError(f"Failed on navigating ACS-GOTO:\\n{str(e)}")\n1206   \n1207                   await self.execute_hook("after_goto", page, context=context, url=url, response=response)\n1208   \n1209                   if response is None:\n1210                       status_code = 200' session_id=None response_headers=None status_code=None ssl_certificate=None


Failed to crawl: https://www.immerse.education/pt/network-members/
Result: url='https://www.immerse.education/pt/network-members/' html='' success=False cleaned_html=None media={} links={} downloaded_files=None screenshot=None pdf=None markdown=None markdown_v2=None fit_markdown=None fit_html=None extracted_content=None metadata=None error_message='Unexpected error in _crawl_web at line 1205 in _crawl_web (../../.pyenv/versions/3.12.6/lib/python3.12/site-packages/crawl4ai/async_crawler_strategy.py):\nError: Failed on navigating ACS-GOTO:\nPage.goto: Timeout 10000ms exceeded.\nCall log:\n  - navigating to "https://www.immerse.education/pt/network-members/", waiting until "domcontentloaded"\n\n\nCode context:\n1200   \n1201                       response = await page.goto(\n1202                           url, wait_until=config.wait_until, timeout=config.page_timeout\n1203                       )\n1204                   except Error as e:\n1205 →                     raise RuntimeError(f"Failed on navigating ACS-GOTO:\\n{str(e)}")\n1206   \n1207                   await self.execute_hook("after_goto", page, context=context, url=url, response=response)\n1208   \n1209                   if response is None:\n1210                       status_code = 200' session_id=None response_headers=None status_code=None ssl_certificate=None


Failed to crawl: https://www.immerse.education/zh/network-members/
Result: url='https://www.immerse.education/zh/network-members/' html='' success=False cleaned_html=None media={} links={} downloaded_files=None screenshot=None pdf=None markdown=None markdown_v2=None fit_markdown=None fit_html=None extracted_content=None metadata=None error_message='Unexpected error in _crawl_web at line 1205 in _crawl_web (../../.pyenv/versions/3.12.6/lib/python3.12/site-packages/crawl4ai/async_crawler_strategy.py):\nError: Failed on navigating ACS-GOTO:\nPage.goto: Timeout 10000ms exceeded.\nCall log:\n  - navigating to "https://www.immerse.education/zh/network-members/", waiting until "domcontentloaded"\n\n\nCode context:\n1200   \n1201                       response = await page.goto(\n1202                           url, wait_until=config.wait_until, timeout=config.page_timeout\n1203                       )\n1204                   except Error as e:\n1205 →                     raise RuntimeError(f"Failed on navigating ACS-GOTO:\\n{str(e)}")\n1206   \n1207                   await self.execute_hook("after_goto", page, context=context, url=url, response=response)\n1208   \n1209                   if response is None:\n1210                       status_code = 200' session_id=None response_headers=None status_code=None ssl_certificate=None


Failed to crawl: https://www.immerse.education/es/network-members/
Result: url='https://www.immerse.education/es/network-members/' html='' success=False cleaned_html=None media={} links={} downloaded_files=None screenshot=None pdf=None markdown=None markdown_v2=None fit_markdown=None fit_html=None extracted_content=None metadata=None error_message='Unexpected error in _crawl_web at line 1205 in _crawl_web (../../.pyenv/versions/3.12.6/lib/python3.12/site-packages/crawl4ai/async_crawler_strategy.py):\nError: Failed on navigating ACS-GOTO:\nPage.goto: Timeout 10000ms exceeded.\nCall log:\n  - navigating to "https://www.immerse.education/es/network-members/", waiting until "domcontentloaded"\n\n\nCode context:\n1200   \n1201                       response = await page.goto(\n1202                           url, wait_until=config.wait_until, timeout=config.page_timeout\n1203                       )\n1204                   except Error as e:\n1205 →                     raise RuntimeError(f"Failed on navigating ACS-GOTO:\\n{str(e)}")\n1206   \n1207                   await self.execute_hook("after_goto", page, context=context, url=url, response=response)\n1208   \n1209                   if response is None:\n1210                       status_code = 200' session_id=None response_headers=None status_code=None ssl_certificate=None


Failed to crawl: https://www.immerse.education/ja/network-members/
Result: url='https://www.immerse.education/ja/network-members/' html='' success=False cleaned_html=None media={} links={} downloaded_files=None screenshot=None pdf=None markdown=None markdown_v2=None fit_markdown=None fit_html=None extracted_content=None metadata=None error_message='Unexpected error in _crawl_web at line 1205 in _crawl_web (../../.pyenv/versions/3.12.6/lib/python3.12/site-packages/crawl4ai/async_crawler_strategy.py):\nError: Failed on navigating ACS-GOTO:\nPage.goto: Timeout 10000ms exceeded.\nCall log:\n  - navigating to "https://www.immerse.education/ja/network-members/", waiting until "domcontentloaded"\n\n\nCode context:\n1200   \n1201                       response = await page.goto(\n1202                           url, wait_until=config.wait_until, timeout=config.page_timeout\n1203                       )\n1204                   except Error as e:\n1205 →                     raise RuntimeError(f"Failed on navigating ACS-GOTO:\\n{str(e)}")\n1206   \n1207                   await self.execute_hook("after_goto", page, context=context, url=url, response=response)\n1208   \n1209                   if response is None:\n1210                       status_code = 200' session_id=None response_headers=None status_code=None ssl_certificate=None


Failed to crawl: https://www.immerse.education/th/network-members/
Result: url='https://www.immerse.education/th/network-members/' html='' success=False cleaned_html=None media={} links={} downloaded_files=None screenshot=None pdf=None markdown=None markdown_v2=None fit_markdown=None fit_html=None extracted_content=None metadata=None error_message='Unexpected error in _crawl_web at line 1205 in _crawl_web (../../.pyenv/versions/3.12.6/lib/python3.12/site-packages/crawl4ai/async_crawler_strategy.py):\nError: Failed on navigating ACS-GOTO:\nPage.goto: Timeout 10000ms exceeded.\nCall log:\n  - navigating to "https://www.immerse.education/th/network-members/", waiting until "domcontentloaded"\n\n\nCode context:\n1200   \n1201                       response = await page.goto(\n1202                           url, wait_until=config.wait_until, timeout=config.page_timeout\n1203                       )\n1204                   except Error as e:\n1205 →                     raise RuntimeError(f"Failed on navigating ACS-GOTO:\\n{str(e)}")\n1206   \n1207                   await self.execute_hook("after_goto", page, context=context, url=url, response=response)\n1208   \n1209                   if response is None:\n1210                       status_code = 200' session_id=None response_headers=None status_code=None ssl_certificate=None


Failed to crawl: https://www.immerse.education/ar/network-members/
Result: url='https://www.immerse.education/ar/network-members/' html='' success=False cleaned_html=None media={} links={} downloaded_files=None screenshot=None pdf=None markdown=None markdown_v2=None fit_markdown=None fit_html=None extracted_content=None metadata=None error_message='Unexpected error in _crawl_web at line 1205 in _crawl_web (../../.pyenv/versions/3.12.6/lib/python3.12/site-packages/crawl4ai/async_crawler_strategy.py):\nError: Failed on navigating ACS-GOTO:\nPage.goto: Timeout 10000ms exceeded.\nCall log:\n  - navigating to "https://www.immerse.education/ar/network-members/", waiting until "domcontentloaded"\n\n\nCode context:\n1200   \n1201                       response = await page.goto(\n1202                           url, wait_until=config.wait_until, timeout=config.page_timeout\n1203                       )\n1204                   except Error as e:\n1205 →                     raise RuntimeError(f"Failed on navigating ACS-GOTO:\\n{str(e)}")\n1206   \n1207                   await self.execute_hook("after_goto", page, context=context, url=url, response=response)\n1208   \n1209                   if response is None:\n1210                       status_code = 200' session_id=None response_headers=None status_code=None ssl_certificate=None


Failed to crawl: https://www.immerse.education/alumni/paula-m/
Result: url='https://www.immerse.education/alumni/paula-m/' html='' success=False cleaned_html=None media={} links={} downloaded_files=None screenshot=None pdf=None markdown=None markdown_v2=None fit_markdown=None fit_html=None extracted_content=None metadata=None error_message='Unexpected error in _crawl_web at line 1205 in _crawl_web (../../.pyenv/versions/3.12.6/lib/python3.12/site-packages/crawl4ai/async_crawler_strategy.py):\nError: Failed on navigating ACS-GOTO:\nPage.goto: Timeout 10000ms exceeded.\nCall log:\n  - navigating to "https://www.immerse.education/alumni/paula-m/", waiting until "domcontentloaded"\n\n\nCode context:\n1200   \n1201                       response = await page.goto(\n1202                           url, wait_until=config.wait_until, timeout=config.page_timeout\n1203                       )\n1204                   except Error as e:\n1205 →                     raise RuntimeError(f"Failed on navigating ACS-GOTO:\\n{str(e)}")\n1206   \n1207                   await self.execute_hook("after_goto", page, context=context, url=url, response=response)\n1208   \n1209                   if response is None:\n1210                       status_code = 200' session_id=None response_headers=None status_code=None ssl_certificate=None


Failed to crawl: https://www.immerse.education/alumni/malaysia/
Result: url='https://www.immerse.education/alumni/malaysia/' html='' success=False cleaned_html=None media={} links={} downloaded_files=None screenshot=None pdf=None markdown=None markdown_v2=None fit_markdown=None fit_html=None extracted_content=None metadata=None error_message='Unexpected error in _crawl_web at line 1205 in _crawl_web (../../.pyenv/versions/3.12.6/lib/python3.12/site-packages/crawl4ai/async_crawler_strategy.py):\nError: Failed on navigating ACS-GOTO:\nPage.goto: Timeout 10000ms exceeded.\nCall log:\n  - navigating to "https://www.immerse.education/alumni/malaysia/", waiting until "domcontentloaded"\n\n\nCode context:\n1200   \n1201                       response = await page.goto(\n1202                           url, wait_until=config.wait_until, timeout=config.page_timeout\n1203                       )\n1204                   except Error as e:\n1205 →                     raise RuntimeError(f"Failed on navigating ACS-GOTO:\\n{str(e)}")\n1206   \n1207                   await self.execute_hook("after_goto", page, context=context, url=url, response=response)\n1208   \n1209                   if response is None:\n1210                       status_code = 200' session_id=None response_headers=None status_code=None ssl_certificate=None


Failed to crawl: https://www.immerse.education/alumni/sabrina-e/
Result: url='https://www.immerse.education/alumni/sabrina-e/' html='' success=False cleaned_html=None media={} links={} downloaded_files=None screenshot=None pdf=None markdown=None markdown_v2=None fit_markdown=None fit_html=None extracted_content=None metadata=None error_message='Unexpected error in _crawl_web at line 1205 in _crawl_web (../../.pyenv/versions/3.12.6/lib/python3.12/site-packages/crawl4ai/async_crawler_strategy.py):\nError: Failed on navigating ACS-GOTO:\nPage.goto: Timeout 10000ms exceeded.\nCall log:\n  - navigating to "https://www.immerse.education/alumni/sabrina-e/", waiting until "domcontentloaded"\n\n\nCode context:\n1200   \n1201                       response = await page.goto(\n1202                           url, wait_until=config.wait_until, timeout=config.page_timeout\n1203                       )\n1204                   except Error as e:\n1205 →                     raise RuntimeError(f"Failed on navigating ACS-GOTO:\\n{str(e)}")\n1206   \n1207                   await self.execute_hook("after_goto", page, context=context, url=url, response=response)\n1208   \n1209                   if response is None:\n1210                       status_code = 200' session_id=None response_headers=None status_code=None ssl_certificate=None


Failed to crawl: https://www.immerse.education/alumni/saveer-s/
Result: url='https://www.immerse.education/alumni/saveer-s/' html='' success=False cleaned_html=None media={} links={} downloaded_files=None screenshot=None pdf=None markdown=None markdown_v2=None fit_markdown=None fit_html=None extracted_content=None metadata=None error_message='Unexpected error in _crawl_web at line 1205 in _crawl_web (../../.pyenv/versions/3.12.6/lib/python3.12/site-packages/crawl4ai/async_crawler_strategy.py):\nError: Failed on navigating ACS-GOTO:\nPage.goto: Timeout 10000ms exceeded.\nCall log:\n  - navigating to "https://www.immerse.education/alumni/saveer-s/", waiting until "domcontentloaded"\n\n\nCode context:\n1200   \n1201                       response = await page.goto(\n1202                           url, wait_until=config.wait_until, timeout=config.page_timeout\n1203                       )\n1204                   except Error as e:\n1205 →                     raise RuntimeError(f"Failed on navigating ACS-GOTO:\\n{str(e)}")\n1206   \n1207                   await self.execute_hook("after_goto", page, context=context, url=url, response=response)\n1208   \n1209                   if response is None:\n1210                       status_code = 200' session_id=None response_headers=None status_code=None ssl_certificate=None


Failed to crawl: https://www.immerse.education/alumni/ana-maria-g/
Result: url='https://www.immerse.education/alumni/ana-maria-g/' html='' success=False cleaned_html=None media={} links={} downloaded_files=None screenshot=None pdf=None markdown=None markdown_v2=None fit_markdown=None fit_html=None extracted_content=None metadata=None error_message='Unexpected error in _crawl_web at line 1205 in _crawl_web (../../.pyenv/versions/3.12.6/lib/python3.12/site-packages/crawl4ai/async_crawler_strategy.py):\nError: Failed on navigating ACS-GOTO:\nPage.goto: Timeout 10000ms exceeded.\nCall log:\n  - navigating to "https://www.immerse.education/alumni/ana-maria-g/", waiting until "domcontentloaded"\n\n\nCode context:\n1200   \n1201                       response = await page.goto(\n1202                           url, wait_until=config.wait_until, timeout=config.page_timeout\n1203                       )\n1204                   except Error as e:\n1205 →                     raise RuntimeError(f"Failed on navigating ACS-GOTO:\\n{str(e)}")\n1206   \n1207                   await self.execute_hook("after_goto", page, context=context, url=url, response=response)\n1208   \n1209                   if response is None:\n1210                       status_code = 200' session_id=None response_headers=None status_code=None ssl_certificate=None


Failed to crawl: https://www.immerse.education/alumni/alex-sgirl/
Result: url='https://www.immerse.education/alumni/alex-sgirl/' html='' success=False cleaned_html=None media={} links={} downloaded_files=None screenshot=None pdf=None markdown=None markdown_v2=None fit_markdown=None fit_html=None extracted_content=None metadata=None error_message='Unexpected error in _crawl_web at line 1205 in _crawl_web (../../.pyenv/versions/3.12.6/lib/python3.12/site-packages/crawl4ai/async_crawler_strategy.py):\nError: Failed on navigating ACS-GOTO:\nPage.goto: Timeout 10000ms exceeded.\nCall log:\n  - navigating to "https://www.immerse.education/alumni/alex-sgirl/", waiting until "domcontentloaded"\n\n\nCode context:\n1200   \n1201                       response = await page.goto(\n1202                           url, wait_until=config.wait_until, timeout=config.page_timeout\n1203                       )\n1204                   except Error as e:\n1205 →                     raise RuntimeError(f"Failed on navigating ACS-GOTO:\\n{str(e)}")\n1206   \n1207                   await self.execute_hook("after_goto", page, context=context, url=url, response=response)\n1208   \n1209                   if response is None:\n1210                       status_code = 200' session_id=None response_headers=None status_code=None ssl_certificate=None


Failed to crawl: https://www.immerse.education/alumni/sidney-d/
Result: url='https://www.immerse.education/alumni/sidney-d/' html='' success=False cleaned_html=None media={} links={} downloaded_files=None screenshot=None pdf=None markdown=None markdown_v2=None fit_markdown=None fit_html=None extracted_content=None metadata=None error_message='Unexpected error in _crawl_web at line 1205 in _crawl_web (../../.pyenv/versions/3.12.6/lib/python3.12/site-packages/crawl4ai/async_crawler_strategy.py):\nError: Failed on navigating ACS-GOTO:\nPage.goto: Timeout 10000ms exceeded.\nCall log:\n  - navigating to "https://www.immerse.education/alumni/sidney-d/", waiting until "domcontentloaded"\n\n\nCode context:\n1200   \n1201                       response = await page.goto(\n1202                           url, wait_until=config.wait_until, timeout=config.page_timeout\n1203                       )\n1204                   except Error as e:\n1205 →                     raise RuntimeError(f"Failed on navigating ACS-GOTO:\\n{str(e)}")\n1206   \n1207                   await self.execute_hook("after_goto", page, context=context, url=url, response=response)\n1208   \n1209                   if response is None:\n1210                       status_code = 200' session_id=None response_headers=None status_code=None ssl_certificate=None


Failed to crawl: https://www.immerse.education/alumni/teodora-t/
Result: url='https://www.immerse.education/alumni/teodora-t/' html='' success=False cleaned_html=None media={} links={} downloaded_files=None screenshot=None pdf=None markdown=None markdown_v2=None fit_markdown=None fit_html=None extracted_content=None metadata=None error_message='Unexpected error in _crawl_web at line 1205 in _crawl_web (../../.pyenv/versions/3.12.6/lib/python3.12/site-packages/crawl4ai/async_crawler_strategy.py):\nError: Failed on navigating ACS-GOTO:\nPage.goto: Timeout 10000ms exceeded.\nCall log:\n  - navigating to "https://www.immerse.education/alumni/teodora-t/", waiting until "domcontentloaded"\n\n\nCode context:\n1200   \n1201                       response = await page.goto(\n1202                           url, wait_until=config.wait_until, timeout=config.page_timeout\n1203                       )\n1204                   except Error as e:\n1205 →                     raise RuntimeError(f"Failed on navigating ACS-GOTO:\\n{str(e)}")\n1206   \n1207                   await self.execute_hook("after_goto", page, context=context, url=url, response=response)\n1208   \n1209                   if response is None:\n1210                       status_code = 200' session_id=None response_headers=None status_code=None ssl_certificate=None


Failed to crawl: https://www.immerse.education/alumni/samuel-h/
Result: url='https://www.immerse.education/alumni/samuel-h/' html='' success=False cleaned_html=None media={} links={} downloaded_files=None screenshot=None pdf=None markdown=None markdown_v2=None fit_markdown=None fit_html=None extracted_content=None metadata=None error_message='Unexpected error in _crawl_web at line 1205 in _crawl_web (../../.pyenv/versions/3.12.6/lib/python3.12/site-packages/crawl4ai/async_crawler_strategy.py):\nError: Failed on navigating ACS-GOTO:\nPage.goto: Timeout 10000ms exceeded.\nCall log:\n  - navigating to "https://www.immerse.education/alumni/samuel-h/", waiting until "domcontentloaded"\n\n\nCode context:\n1200   \n1201                       response = await page.goto(\n1202                           url, wait_until=config.wait_until, timeout=config.page_timeout\n1203                       )\n1204                   except Error as e:\n1205 →                     raise RuntimeError(f"Failed on navigating ACS-GOTO:\\n{str(e)}")\n1206   \n1207                   await self.execute_hook("after_goto", page, context=context, url=url, response=response)\n1208   \n1209                   if response is None:\n1210                       status_code = 200' session_id=None response_headers=None status_code=None ssl_certificate=None


Failed to crawl: https://www.immerse.education/alumni/joao-m/
Result: url='https://www.immerse.education/alumni/joao-m/' html='' success=False cleaned_html=None media={} links={} downloaded_files=None screenshot=None pdf=None markdown=None markdown_v2=None fit_markdown=None fit_html=None extracted_content=None metadata=None error_message='Unexpected error in _crawl_web at line 1205 in _crawl_web (../../.pyenv/versions/3.12.6/lib/python3.12/site-packages/crawl4ai/async_crawler_strategy.py):\nError: Failed on navigating ACS-GOTO:\nPage.goto: Timeout 10000ms exceeded.\nCall log:\n  - navigating to "https://www.immerse.education/alumni/joao-m/", waiting until "domcontentloaded"\n\n\nCode context:\n1200   \n1201                       response = await page.goto(\n1202                           url, wait_until=config.wait_until, timeout=config.page_timeout\n1203                       )\n1204                   except Error as e:\n1205 →                     raise RuntimeError(f"Failed on navigating ACS-GOTO:\\n{str(e)}")\n1206   \n1207                   await self.execute_hook("after_goto", page, context=context, url=url, response=response)\n1208   \n1209                   if response is None:\n1210                       status_code = 200' session_id=None response_headers=None status_code=None ssl_certificate=None


Failed to crawl: https://www.immerse.education/alumni/sofia-h/
Result: url='https://www.immerse.education/alumni/sofia-h/' html='' success=False cleaned_html=None media={} links={} downloaded_files=None screenshot=None pdf=None markdown=None markdown_v2=None fit_markdown=None fit_html=None extracted_content=None metadata=None error_message='Unexpected error in _crawl_web at line 1205 in _crawl_web (../../.pyenv/versions/3.12.6/lib/python3.12/site-packages/crawl4ai/async_crawler_strategy.py):\nError: Failed on navigating ACS-GOTO:\nPage.goto: Timeout 10000ms exceeded.\nCall log:\n  - navigating to "https://www.immerse.education/alumni/sofia-h/", waiting until "domcontentloaded"\n\n\nCode context:\n1200   \n1201                       response = await page.goto(\n1202                           url, wait_until=config.wait_until, timeout=config.page_timeout\n1203                       )\n1204                   except Error as e:\n1205 →                     raise RuntimeError(f"Failed on navigating ACS-GOTO:\\n{str(e)}")\n1206   \n1207                   await self.execute_hook("after_goto", page, context=context, url=url, response=response)\n1208   \n1209                   if response is None:\n1210                       status_code = 200' session_id=None response_headers=None status_code=None ssl_certificate=None


Failed to crawl: https://www.immerse.education/alumni/pilar-c/
Result: url='https://www.immerse.education/alumni/pilar-c/' html='' success=False cleaned_html=None media={} links={} downloaded_files=None screenshot=None pdf=None markdown=None markdown_v2=None fit_markdown=None fit_html=None extracted_content=None metadata=None error_message='Unexpected error in _crawl_web at line 1205 in _crawl_web (../../.pyenv/versions/3.12.6/lib/python3.12/site-packages/crawl4ai/async_crawler_strategy.py):\nError: Failed on navigating ACS-GOTO:\nPage.goto: Timeout 10000ms exceeded.\nCall log:\n  - navigating to "https://www.immerse.education/alumni/pilar-c/", waiting until "domcontentloaded"\n\n\nCode context:\n1200   \n1201                       response = await page.goto(\n1202                           url, wait_until=config.wait_until, timeout=config.page_timeout\n1203                       )\n1204                   except Error as e:\n1205 →                     raise RuntimeError(f"Failed on navigating ACS-GOTO:\\n{str(e)}")\n1206   \n1207                   await self.execute_hook("after_goto", page, context=context, url=url, response=response)\n1208   \n1209                   if response is None:\n1210                       status_code = 200' session_id=None response_headers=None status_code=None ssl_certificate=None


Failed to crawl: https://www.immerse.education/alumni/sara-l/
Result: url='https://www.immerse.education/alumni/sara-l/' html='' success=False cleaned_html=None media={} links={} downloaded_files=None screenshot=None pdf=None markdown=None markdown_v2=None fit_markdown=None fit_html=None extracted_content=None metadata=None error_message='Unexpected error in _crawl_web at line 1205 in _crawl_web (../../.pyenv/versions/3.12.6/lib/python3.12/site-packages/crawl4ai/async_crawler_strategy.py):\nError: Failed on navigating ACS-GOTO:\nPage.goto: Timeout 10000ms exceeded.\nCall log:\n  - navigating to "https://www.immerse.education/alumni/sara-l/", waiting until "domcontentloaded"\n\n\nCode context:\n1200   \n1201                       response = await page.goto(\n1202                           url, wait_until=config.wait_until, timeout=config.page_timeout\n1203                       )\n1204                   except Error as e:\n1205 →                     raise RuntimeError(f"Failed on navigating ACS-GOTO:\\n{str(e)}")\n1206   \n1207                   await self.execute_hook("after_goto", page, context=context, url=url, response=response)\n1208   \n1209                   if response is None:\n1210                       status_code = 200' session_id=None response_headers=None status_code=None ssl_certificate=None


Failed to crawl: https://www.immerse.education/alumni/ailin-s/
Result: url='https://www.immerse.education/alumni/ailin-s/' html='' success=False cleaned_html=None media={} links={} downloaded_files=None screenshot=None pdf=None markdown=None markdown_v2=None fit_markdown=None fit_html=None extracted_content=None metadata=None error_message='Unexpected error in _crawl_web at line 1205 in _crawl_web (../../.pyenv/versions/3.12.6/lib/python3.12/site-packages/crawl4ai/async_crawler_strategy.py):\nError: Failed on navigating ACS-GOTO:\nPage.goto: Timeout 10000ms exceeded.\nCall log:\n  - navigating to "https://www.immerse.education/alumni/ailin-s/", waiting until "domcontentloaded"\n\n\nCode context:\n1200   \n1201                       response = await page.goto(\n1202                           url, wait_until=config.wait_until, timeout=config.page_timeout\n1203                       )\n1204                   except Error as e:\n1205 →                     raise RuntimeError(f"Failed on navigating ACS-GOTO:\\n{str(e)}")\n1206   \n1207                   await self.execute_hook("after_goto", page, context=context, url=url, response=response)\n1208   \n1209                   if response is None:\n1210                       status_code = 200' session_id=None response_headers=None status_code=None ssl_certificate=None


Failed to crawl: https://www.immerse.education/alumni/sienna-s/
Result: url='https://www.immerse.education/alumni/sienna-s/' html='' success=False cleaned_html=None media={} links={} downloaded_files=None screenshot=None pdf=None markdown=None markdown_v2=None fit_markdown=None fit_html=None extracted_content=None metadata=None error_message='Unexpected error in _crawl_web at line 1205 in _crawl_web (../../.pyenv/versions/3.12.6/lib/python3.12/site-packages/crawl4ai/async_crawler_strategy.py):\nError: Failed on navigating ACS-GOTO:\nPage.goto: Timeout 10000ms exceeded.\nCall log:\n  - navigating to "https://www.immerse.education/alumni/sienna-s/", waiting until "domcontentloaded"\n\n\nCode context:\n1200   \n1201                       response = await page.goto(\n1202                           url, wait_until=config.wait_until, timeout=config.page_timeout\n1203                       )\n1204                   except Error as e:\n1205 →                     raise RuntimeError(f"Failed on navigating ACS-GOTO:\\n{str(e)}")\n1206   \n1207                   await self.execute_hook("after_goto", page, context=context, url=url, response=response)\n1208   \n1209                   if response is None:\n1210                       status_code = 200' session_id=None response_headers=None status_code=None ssl_certificate=None


Failed to crawl: https://www.immerse.education/alumni/ariadna-m/
Result: url='https://www.immerse.education/alumni/ariadna-m/' html='' success=False cleaned_html=None media={} links={} downloaded_files=None screenshot=None pdf=None markdown=None markdown_v2=None fit_markdown=None fit_html=None extracted_content=None metadata=None error_message='Unexpected error in _crawl_web at line 1205 in _crawl_web (../../.pyenv/versions/3.12.6/lib/python3.12/site-packages/crawl4ai/async_crawler_strategy.py):\nError: Failed on navigating ACS-GOTO:\nPage.goto: Timeout 10000ms exceeded.\nCall log:\n  - navigating to "https://www.immerse.education/alumni/ariadna-m/", waiting until "domcontentloaded"\n\n\nCode context:\n1200   \n1201                       response = await page.goto(\n1202                           url, wait_until=config.wait_until, timeout=config.page_timeout\n1203                       )\n1204                   except Error as e:\n1205 →                     raise RuntimeError(f"Failed on navigating ACS-GOTO:\\n{str(e)}")\n1206   \n1207                   await self.execute_hook("after_goto", page, context=context, url=url, response=response)\n1208   \n1209                   if response is None:\n1210                       status_code = 200' session_id=None response_headers=None status_code=None ssl_certificate=None


Failed to crawl: https://www.lycoming.edu/brilliant-corners/issues/21-1.aspx
Result: url='https://www.lycoming.edu/brilliant-corners/issues/21-1.aspx' html='' success=False cleaned_html=None media={} links={} downloaded_files=None screenshot=None pdf=None markdown=None markdown_v2=None fit_markdown=None fit_html=None extracted_content=None metadata=None error_message='Unexpected error in _crawl_web at line 1205 in _crawl_web (../../.pyenv/versions/3.12.6/lib/python3.12/site-packages/crawl4ai/async_crawler_strategy.py):\nError: Failed on navigating ACS-GOTO:\nPage.goto: Timeout 10000ms exceeded.\nCall log:\n  - navigating to "https://www.lycoming.edu/brilliant-corners/issues/21-1.aspx", waiting until "domcontentloaded"\n\n\nCode context:\n1200   \n1201                       response = await page.goto(\n1202                           url, wait_until=config.wait_until, timeout=config.page_timeout\n1203                       )\n1204                   except Error as e:\n1205 →                     raise RuntimeError(f"Failed on navigating ACS-GOTO:\\n{str(e)}")\n1206   \n1207                   await self.execute_hook("after_goto", page, context=context, url=url, response=response)\n1208   \n1209                   if response is None:\n1210                       status_code = 200' session_id=None response_headers=None status_code=None ssl_certificate=None


Failed to crawl: https://www.lycoming.edu/brilliant-corners/issues/21-2.aspx
Result: url='https://www.lycoming.edu/brilliant-corners/issues/21-2.aspx' html='' success=False cleaned_html=None media={} links={} downloaded_files=None screenshot=None pdf=None markdown=None markdown_v2=None fit_markdown=None fit_html=None extracted_content=None metadata=None error_message='Unexpected error in _crawl_web at line 1205 in _crawl_web (../../.pyenv/versions/3.12.6/lib/python3.12/site-packages/crawl4ai/async_crawler_strategy.py):\nError: Failed on navigating ACS-GOTO:\nPage.goto: Timeout 10000ms exceeded.\nCall log:\n  - navigating to "https://www.lycoming.edu/brilliant-corners/issues/21-2.aspx", waiting until "domcontentloaded"\n\n\nCode context:\n1200   \n1201                       response = await page.goto(\n1202                           url, wait_until=config.wait_until, timeout=config.page_timeout\n1203                       )\n1204                   except Error as e:\n1205 →                     raise RuntimeError(f"Failed on navigating ACS-GOTO:\\n{str(e)}")\n1206   \n1207                   await self.execute_hook("after_goto", page, context=context, url=url, response=response)\n1208   \n1209                   if response is None:\n1210                       status_code = 200' session_id=None response_headers=None status_code=None ssl_certificate=None


Failed to crawl: https://www.lycoming.edu/brilliant-corners/issues/23-2.aspx
Result: url='https://www.lycoming.edu/brilliant-corners/issues/23-2.aspx' html='' success=False cleaned_html=None media={} links={} downloaded_files=None screenshot=None pdf=None markdown=None markdown_v2=None fit_markdown=None fit_html=None extracted_content=None metadata=None error_message='Unexpected error in _crawl_web at line 1205 in _crawl_web (../../.pyenv/versions/3.12.6/lib/python3.12/site-packages/crawl4ai/async_crawler_strategy.py):\nError: Failed on navigating ACS-GOTO:\nPage.goto: Timeout 10000ms exceeded.\nCall log:\n  - navigating to "https://www.lycoming.edu/brilliant-corners/issues/23-2.aspx", waiting until "domcontentloaded"\n\n\nCode context:\n1200   \n1201                       response = await page.goto(\n1202                           url, wait_until=config.wait_until, timeout=config.page_timeout\n1203                       )\n1204                   except Error as e:\n1205 →                     raise RuntimeError(f"Failed on navigating ACS-GOTO:\\n{str(e)}")\n1206   \n1207                   await self.execute_hook("after_goto", page, context=context, url=url, response=response)\n1208   \n1209                   if response is None:\n1210                       status_code = 200' session_id=None response_headers=None status_code=None ssl_certificate=None


Failed to crawl: https://www.lycoming.edu/brilliant-corners/issues/24-1.aspx
Result: url='https://www.lycoming.edu/brilliant-corners/issues/24-1.aspx' html='' success=False cleaned_html=None media={} links={} downloaded_files=None screenshot=None pdf=None markdown=None markdown_v2=None fit_markdown=None fit_html=None extracted_content=None metadata=None error_message='Unexpected error in _crawl_web at line 1205 in _crawl_web (../../.pyenv/versions/3.12.6/lib/python3.12/site-packages/crawl4ai/async_crawler_strategy.py):\nError: Failed on navigating ACS-GOTO:\nPage.goto: Timeout 10000ms exceeded.\nCall log:\n  - navigating to "https://www.lycoming.edu/brilliant-corners/issues/24-1.aspx", waiting until "domcontentloaded"\n\n\nCode context:\n1200   \n1201                       response = await page.goto(\n1202                           url, wait_until=config.wait_until, timeout=config.page_timeout\n1203                       )\n1204                   except Error as e:\n1205 →                     raise RuntimeError(f"Failed on navigating ACS-GOTO:\\n{str(e)}")\n1206   \n1207                   await self.execute_hook("after_goto", page, context=context, url=url, response=response)\n1208   \n1209                   if response is None:\n1210                       status_code = 200' session_id=None response_headers=None status_code=None ssl_certificate=None


Failed to crawl: https://www.lycoming.edu/brilliant-corners/issues/24-2.aspx
Result: url='https://www.lycoming.edu/brilliant-corners/issues/24-2.aspx' html='' success=False cleaned_html=None media={} links={} downloaded_files=None screenshot=None pdf=None markdown=None markdown_v2=None fit_markdown=None fit_html=None extracted_content=None metadata=None error_message='Unexpected error in _crawl_web at line 1205 in _crawl_web (../../.pyenv/versions/3.12.6/lib/python3.12/site-packages/crawl4ai/async_crawler_strategy.py):\nError: Failed on navigating ACS-GOTO:\nPage.goto: Timeout 10000ms exceeded.\nCall log:\n  - navigating to "https://www.lycoming.edu/brilliant-corners/issues/24-2.aspx", waiting until "domcontentloaded"\n\n\nCode context:\n1200   \n1201                       response = await page.goto(\n1202                           url, wait_until=config.wait_until, timeout=config.page_timeout\n1203                       )\n1204                   except Error as e:\n1205 →                     raise RuntimeError(f"Failed on navigating ACS-GOTO:\\n{str(e)}")\n1206   \n1207                   await self.execute_hook("after_goto", page, context=context, url=url, response=response)\n1208   \n1209                   if response is None:\n1210                       status_code = 200' session_id=None response_headers=None status_code=None ssl_certificate=None


Failed to crawl: https://www.lycoming.edu/brilliant-corners/issues/25-1.aspx
Result: url='https://www.lycoming.edu/brilliant-corners/issues/25-1.aspx' html='' success=False cleaned_html=None media={} links={} downloaded_files=None screenshot=None pdf=None markdown=None markdown_v2=None fit_markdown=None fit_html=None extracted_content=None metadata=None error_message='Unexpected error in _crawl_web at line 1205 in _crawl_web (../../.pyenv/versions/3.12.6/lib/python3.12/site-packages/crawl4ai/async_crawler_strategy.py):\nError: Failed on navigating ACS-GOTO:\nPage.goto: Timeout 10000ms exceeded.\nCall log:\n  - navigating to "https://www.lycoming.edu/brilliant-corners/issues/25-1.aspx", waiting until "domcontentloaded"\n\n\nCode context:\n1200   \n1201                       response = await page.goto(\n1202                           url, wait_until=config.wait_until, timeout=config.page_timeout\n1203                       )\n1204                   except Error as e:\n1205 →                     raise RuntimeError(f"Failed on navigating ACS-GOTO:\\n{str(e)}")\n1206   \n1207                   await self.execute_hook("after_goto", page, context=context, url=url, response=response)\n1208   \n1209                   if response is None:\n1210                       status_code = 200' session_id=None response_headers=None status_code=None ssl_certificate=None


Failed to crawl: https://www.lycoming.edu/brilliant-corners/issues/25-2.aspx
Result: url='https://www.lycoming.edu/brilliant-corners/issues/25-2.aspx' html='' success=False cleaned_html=None media={} links={} downloaded_files=None screenshot=None pdf=None markdown=None markdown_v2=None fit_markdown=None fit_html=None extracted_content=None metadata=None error_message='Unexpected error in _crawl_web at line 1205 in _crawl_web (../../.pyenv/versions/3.12.6/lib/python3.12/site-packages/crawl4ai/async_crawler_strategy.py):\nError: Failed on navigating ACS-GOTO:\nPage.goto: Timeout 10000ms exceeded.\nCall log:\n  - navigating to "https://www.lycoming.edu/brilliant-corners/issues/25-2.aspx", waiting until "domcontentloaded"\n\n\nCode context:\n1200   \n1201                       response = await page.goto(\n1202                           url, wait_until=config.wait_until, timeout=config.page_timeout\n1203                       )\n1204                   except Error as e:\n1205 →                     raise RuntimeError(f"Failed on navigating ACS-GOTO:\\n{str(e)}")\n1206   \n1207                   await self.execute_hook("after_goto", page, context=context, url=url, response=response)\n1208   \n1209                   if response is None:\n1210                       status_code = 200' session_id=None response_headers=None status_code=None ssl_certificate=None


Failed to crawl: https://www.lycoming.edu/engineering/
Result: url='https://www.lycoming.edu/engineering/' html='' success=False cleaned_html=None media={} links={} downloaded_files=None screenshot=None pdf=None markdown=None markdown_v2=None fit_markdown=None fit_html=None extracted_content=None metadata=None error_message='Unexpected error in _crawl_web at line 1205 in _crawl_web (../../.pyenv/versions/3.12.6/lib/python3.12/site-packages/crawl4ai/async_crawler_strategy.py):\nError: Failed on navigating ACS-GOTO:\nPage.goto: Timeout 10000ms exceeded.\nCall log:\n  - navigating to "https://www.lycoming.edu/engineering/", waiting until "domcontentloaded"\n\n\nCode context:\n1200   \n1201                       response = await page.goto(\n1202                           url, wait_until=config.wait_until, timeout=config.page_timeout\n1203                       )\n1204                   except Error as e:\n1205 →                     raise RuntimeError(f"Failed on navigating ACS-GOTO:\\n{str(e)}")\n1206   \n1207                   await self.execute_hook("after_goto", page, context=context, url=url, response=response)\n1208   \n1209                   if response is None:\n1210                       status_code = 200' session_id=None response_headers=None status_code=None ssl_certificate=None


Failed to crawl: https://www.lycoming.edu/engineering/faculty.aspx
Result: url='https://www.lycoming.edu/engineering/faculty.aspx' html='' success=False cleaned_html=None media={} links={} downloaded_files=None screenshot=None pdf=None markdown=None markdown_v2=None fit_markdown=None fit_html=None extracted_content=None metadata=None error_message='Unexpected error in _crawl_web at line 1205 in _crawl_web (../../.pyenv/versions/3.12.6/lib/python3.12/site-packages/crawl4ai/async_crawler_strategy.py):\nError: Failed on navigating ACS-GOTO:\nPage.goto: Timeout 10000ms exceeded.\nCall log:\n  - navigating to "https://www.lycoming.edu/engineering/faculty.aspx", waiting until "domcontentloaded"\n\n\nCode context:\n1200   \n1201                       response = await page.goto(\n1202                           url, wait_until=config.wait_until, timeout=config.page_timeout\n1203                       )\n1204                   except Error as e:\n1205 →                     raise RuntimeError(f"Failed on navigating ACS-GOTO:\\n{str(e)}")\n1206   \n1207                   await self.execute_hook("after_goto", page, context=context, url=url, response=response)\n1208   \n1209                   if response is None:\n1210                       status_code = 200' session_id=None response_headers=None status_code=None ssl_certificate=None


Failed to crawl: https://www.lycoming.edu/engineering/graduate-outcomes.aspx
Result: url='https://www.lycoming.edu/engineering/graduate-outcomes.aspx' html='' success=False cleaned_html=None media={} links={} downloaded_files=None screenshot=None pdf=None markdown=None markdown_v2=None fit_markdown=None fit_html=None extracted_content=None metadata=None error_message='Unexpected error in _crawl_web at line 1205 in _crawl_web (../../.pyenv/versions/3.12.6/lib/python3.12/site-packages/crawl4ai/async_crawler_strategy.py):\nError: Failed on navigating ACS-GOTO:\nPage.goto: Timeout 10000ms exceeded.\nCall log:\n  - navigating to "https://www.lycoming.edu/engineering/graduate-outcomes.aspx", waiting until "domcontentloaded"\n\n\nCode context:\n1200   \n1201                       response = await page.goto(\n1202                           url, wait_until=config.wait_until, timeout=config.page_timeout\n1203                       )\n1204                   except Error as e:\n1205 →                     raise RuntimeError(f"Failed on navigating ACS-GOTO:\\n{str(e)}")\n1206   \n1207                   await self.execute_hook("after_goto", page, context=context, url=url, response=response)\n1208   \n1209                   if response is None:\n1210                       status_code = 200' session_id=None response_headers=None status_code=None ssl_certificate=None


Failed to crawl: https://www.lycoming.edu/engineering-physics/
Result: url='https://www.lycoming.edu/engineering-physics/' html='' success=False cleaned_html=None media={} links={} downloaded_files=None screenshot=None pdf=None markdown=None markdown_v2=None fit_markdown=None fit_html=None extracted_content=None metadata=None error_message='Unexpected error in _crawl_web at line 1205 in _crawl_web (../../.pyenv/versions/3.12.6/lib/python3.12/site-packages/crawl4ai/async_crawler_strategy.py):\nError: Failed on navigating ACS-GOTO:\nPage.goto: Timeout 10000ms exceeded.\nCall log:\n  - navigating to "https://www.lycoming.edu/engineering-physics/", waiting until "domcontentloaded"\n\n\nCode context:\n1200   \n1201                       response = await page.goto(\n1202                           url, wait_until=config.wait_until, timeout=config.page_timeout\n1203                       )\n1204                   except Error as e:\n1205 →                     raise RuntimeError(f"Failed on navigating ACS-GOTO:\\n{str(e)}")\n1206   \n1207                   await self.execute_hook("after_goto", page, context=context, url=url, response=response)\n1208   \n1209                   if response is None:\n1210                       status_code = 200' session_id=None response_headers=None status_code=None ssl_certificate=None


Failed to crawl: https://www.lycoming.edu/english/alumni.aspx
Result: url='https://www.lycoming.edu/english/alumni.aspx' html='' success=False cleaned_html=None media={} links={} downloaded_files=None screenshot=None pdf=None markdown=None markdown_v2=None fit_markdown=None fit_html=None extracted_content=None metadata=None error_message='Unexpected error in _crawl_web at line 1205 in _crawl_web (../../.pyenv/versions/3.12.6/lib/python3.12/site-packages/crawl4ai/async_crawler_strategy.py):\nError: Failed on navigating ACS-GOTO:\nPage.goto: Timeout 10000ms exceeded.\nCall log:\n  - navigating to "https://www.lycoming.edu/english/alumni.aspx", waiting until "domcontentloaded"\n\n\nCode context:\n1200   \n1201                       response = await page.goto(\n1202                           url, wait_until=config.wait_until, timeout=config.page_timeout\n1203                       )\n1204                   except Error as e:\n1205 →                     raise RuntimeError(f"Failed on navigating ACS-GOTO:\\n{str(e)}")\n1206   \n1207                   await self.execute_hook("after_goto", page, context=context, url=url, response=response)\n1208   \n1209                   if response is None:\n1210                       status_code = 200' session_id=None response_headers=None status_code=None ssl_certificate=None


Failed to crawl: https://www.lycoming.edu/english/
Result: url='https://www.lycoming.edu/english/' html='' success=False cleaned_html=None media={} links={} downloaded_files=None screenshot=None pdf=None markdown=None markdown_v2=None fit_markdown=None fit_html=None extracted_content=None metadata=None error_message='Unexpected error in _crawl_web at line 1205 in _crawl_web (../../.pyenv/versions/3.12.6/lib/python3.12/site-packages/crawl4ai/async_crawler_strategy.py):\nError: Failed on navigating ACS-GOTO:\nPage.goto: Timeout 10000ms exceeded.\nCall log:\n  - navigating to "https://www.lycoming.edu/english/", waiting until "domcontentloaded"\n\n\nCode context:\n1200   \n1201                       response = await page.goto(\n1202                           url, wait_until=config.wait_until, timeout=config.page_timeout\n1203                       )\n1204                   except Error as e:\n1205 →                     raise RuntimeError(f"Failed on navigating ACS-GOTO:\\n{str(e)}")\n1206   \n1207                   await self.execute_hook("after_goto", page, context=context, url=url, response=response)\n1208   \n1209                   if response is None:\n1210                       status_code = 200' session_id=None response_headers=None status_code=None ssl_certificate=None


Failed to crawl: https://www.lycoming.edu/english/news.aspx
Result: url='https://www.lycoming.edu/english/news.aspx' html='' success=False cleaned_html=None media={} links={} downloaded_files=None screenshot=None pdf=None markdown=None markdown_v2=None fit_markdown=None fit_html=None extracted_content=None metadata=None error_message='Unexpected error in _crawl_web at line 1205 in _crawl_web (../../.pyenv/versions/3.12.6/lib/python3.12/site-packages/crawl4ai/async_crawler_strategy.py):\nError: Failed on navigating ACS-GOTO:\nPage.goto: Timeout 10000ms exceeded.\nCall log:\n  - navigating to "https://www.lycoming.edu/english/news.aspx", waiting until "domcontentloaded"\n\n\nCode context:\n1200   \n1201                       response = await page.goto(\n1202                           url, wait_until=config.wait_until, timeout=config.page_timeout\n1203                       )\n1204                   except Error as e:\n1205 →                     raise RuntimeError(f"Failed on navigating ACS-GOTO:\\n{str(e)}")\n1206   \n1207                   await self.execute_hook("after_goto", page, context=context, url=url, response=response)\n1208   \n1209                   if response is None:\n1210                       status_code = 200' session_id=None response_headers=None status_code=None ssl_certificate=None


Failed to crawl: https://www.lycoming.edu/english/series.aspx
Result: url='https://www.lycoming.edu/english/series.aspx' html='' success=False cleaned_html=None media={} links={} downloaded_files=None screenshot=None pdf=None markdown=None markdown_v2=None fit_markdown=None fit_html=None extracted_content=None metadata=None error_message='Unexpected error in _crawl_web at line 1205 in _crawl_web (../../.pyenv/versions/3.12.6/lib/python3.12/site-packages/crawl4ai/async_crawler_strategy.py):\nError: Failed on navigating ACS-GOTO:\nPage.goto: Timeout 10000ms exceeded.\nCall log:\n  - navigating to "https://www.lycoming.edu/english/series.aspx", waiting until "domcontentloaded"\n\n\nCode context:\n1200   \n1201                       response = await page.goto(\n1202                           url, wait_until=config.wait_until, timeout=config.page_timeout\n1203                       )\n1204                   except Error as e:\n1205 →                     raise RuntimeError(f"Failed on navigating ACS-GOTO:\\n{str(e)}")\n1206   \n1207                   await self.execute_hook("after_goto", page, context=context, url=url, response=response)\n1208   \n1209                   if response is None:\n1210                       status_code = 200' session_id=None response_headers=None status_code=None ssl_certificate=None


Failed to crawl: https://www.lycoming.edu/environmental/
Result: url='https://www.lycoming.edu/environmental/' html='' success=False cleaned_html=None media={} links={} downloaded_files=None screenshot=None pdf=None markdown=None markdown_v2=None fit_markdown=None fit_html=None extracted_content=None metadata=None error_message='Unexpected error in _crawl_web at line 1205 in _crawl_web (../../.pyenv/versions/3.12.6/lib/python3.12/site-packages/crawl4ai/async_crawler_strategy.py):\nError: Failed on navigating ACS-GOTO:\nPage.goto: Timeout 10000ms exceeded.\nCall log:\n  - navigating to "https://www.lycoming.edu/environmental/", waiting until "domcontentloaded"\n\n\nCode context:\n1200   \n1201                       response = await page.goto(\n1202                           url, wait_until=config.wait_until, timeout=config.page_timeout\n1203                       )\n1204                   except Error as e:\n1205 →                     raise RuntimeError(f"Failed on navigating ACS-GOTO:\\n{str(e)}")\n1206   \n1207                   await self.execute_hook("after_goto", page, context=context, url=url, response=response)\n1208   \n1209                   if response is None:\n1210                       status_code = 200' session_id=None response_headers=None status_code=None ssl_certificate=None


Failed to crawl: https://www.lycoming.edu/ims/speaker-series.aspx
Result: url='https://www.lycoming.edu/ims/speaker-series.aspx' html='' success=False cleaned_html=None media={} links={} downloaded_files=None screenshot=None pdf=None markdown=None markdown_v2=None fit_markdown=None fit_html=None extracted_content=None metadata=None error_message='Unexpected error in _crawl_web at line 1205 in _crawl_web (../../.pyenv/versions/3.12.6/lib/python3.12/site-packages/crawl4ai/async_crawler_strategy.py):\nError: Failed on navigating ACS-GOTO:\nPage.goto: Timeout 10000ms exceeded.\nCall log:\n  - navigating to "https://www.lycoming.edu/ims/speaker-series.aspx", waiting until "domcontentloaded"\n\n\nCode context:\n1200   \n1201                       response = await page.goto(\n1202                           url, wait_until=config.wait_until, timeout=config.page_timeout\n1203                       )\n1204                   except Error as e:\n1205 →                     raise RuntimeError(f"Failed on navigating ACS-GOTO:\\n{str(e)}")\n1206   \n1207                   await self.execute_hook("after_goto", page, context=context, url=url, response=response)\n1208   \n1209                   if response is None:\n1210                       status_code = 200' session_id=None response_headers=None status_code=None ssl_certificate=None


Failed to crawl: https://www.lycoming.edu/inclement-weather/individual-class-cancellation.aspx
Result: url='https://www.lycoming.edu/inclement-weather/individual-class-cancellation.aspx' html='' success=False cleaned_html=None media={} links={} downloaded_files=None screenshot=None pdf=None markdown=None markdown_v2=None fit_markdown=None fit_html=None extracted_content=None metadata=None error_message='Unexpected error in _crawl_web at line 1205 in _crawl_web (../../.pyenv/versions/3.12.6/lib/python3.12/site-packages/crawl4ai/async_crawler_strategy.py):\nError: Failed on navigating ACS-GOTO:\nPage.goto: Timeout 10000ms exceeded.\nCall log:\n  - navigating to "https://www.lycoming.edu/inclement-weather/individual-class-cancellation.aspx", waiting until "domcontentloaded"\n\n\nCode context:\n1200   \n1201                       response = await page.goto(\n1202                           url, wait_until=config.wait_until, timeout=config.page_timeout\n1203                       )\n1204                   except Error as e:\n1205 →                     raise RuntimeError(f"Failed on navigating ACS-GOTO:\\n{str(e)}")\n1206   \n1207                   await self.execute_hook("after_goto", page, context=context, url=url, response=response)\n1208   \n1209                   if response is None:\n1210                       status_code = 200' session_id=None response_headers=None status_code=None ssl_certificate=None


Failed to crawl: https://www.lycoming.edu/inclement-weather/policy.aspx
Result: url='https://www.lycoming.edu/inclement-weather/policy.aspx' html='' success=False cleaned_html=None media={} links={} downloaded_files=None screenshot=None pdf=None markdown=None markdown_v2=None fit_markdown=None fit_html=None extracted_content=None metadata=None error_message='Unexpected error in _crawl_web at line 1205 in _crawl_web (../../.pyenv/versions/3.12.6/lib/python3.12/site-packages/crawl4ai/async_crawler_strategy.py):\nError: Failed on navigating ACS-GOTO:\nPage.goto: Timeout 10000ms exceeded.\nCall log:\n  - navigating to "https://www.lycoming.edu/inclement-weather/policy.aspx", waiting until "domcontentloaded"\n\n\nCode context:\n1200   \n1201                       response = await page.goto(\n1202                           url, wait_until=config.wait_until, timeout=config.page_timeout\n1203                       )\n1204                   except Error as e:\n1205 →                     raise RuntimeError(f"Failed on navigating ACS-GOTO:\\n{str(e)}")\n1206   \n1207                   await self.execute_hook("after_goto", page, context=context, url=url, response=response)\n1208   \n1209                   if response is None:\n1210                       status_code = 200' session_id=None response_headers=None status_code=None ssl_certificate=None


Failed to crawl: https://www.lycoming.edu/its/information-commons/lyco-advisor.aspx
Result: url='https://www.lycoming.edu/its/information-commons/lyco-advisor.aspx' html='' success=False cleaned_html=None media={} links={} downloaded_files=None screenshot=None pdf=None markdown=None markdown_v2=None fit_markdown=None fit_html=None extracted_content=None metadata=None error_message='Unexpected error in _crawl_web at line 1205 in _crawl_web (../../.pyenv/versions/3.12.6/lib/python3.12/site-packages/crawl4ai/async_crawler_strategy.py):\nError: Failed on navigating ACS-GOTO:\nPage.goto: Timeout 10000ms exceeded.\nCall log:\n  - navigating to "https://www.lycoming.edu/its/information-commons/lyco-advisor.aspx", waiting until "domcontentloaded"\n\n\nCode context:\n1200   \n1201                       response = await page.goto(\n1202                           url, wait_until=config.wait_until, timeout=config.page_timeout\n1203                       )\n1204                   except Error as e:\n1205 →                     raise RuntimeError(f"Failed on navigating ACS-GOTO:\\n{str(e)}")\n1206   \n1207                   await self.execute_hook("after_goto", page, context=context, url=url, response=response)\n1208   \n1209                   if response is None:\n1210                       status_code = 200' session_id=None response_headers=None status_code=None ssl_certificate=None


Failed to crawl: https://www.lycoming.edu/its/information-commons/manage-spam.aspx
Result: url='https://www.lycoming.edu/its/information-commons/manage-spam.aspx' html='' success=False cleaned_html=None media={} links={} downloaded_files=None screenshot=None pdf=None markdown=None markdown_v2=None fit_markdown=None fit_html=None extracted_content=None metadata=None error_message='Unexpected error in _crawl_web at line 1205 in _crawl_web (../../.pyenv/versions/3.12.6/lib/python3.12/site-packages/crawl4ai/async_crawler_strategy.py):\nError: Failed on navigating ACS-GOTO:\nPage.goto: Timeout 10000ms exceeded.\nCall log:\n  - navigating to "https://www.lycoming.edu/its/information-commons/manage-spam.aspx", waiting until "domcontentloaded"\n\n\nCode context:\n1200   \n1201                       response = await page.goto(\n1202                           url, wait_until=config.wait_until, timeout=config.page_timeout\n1203                       )\n1204                   except Error as e:\n1205 →                     raise RuntimeError(f"Failed on navigating ACS-GOTO:\\n{str(e)}")\n1206   \n1207                   await self.execute_hook("after_goto", page, context=context, url=url, response=response)\n1208   \n1209                   if response is None:\n1210                       status_code = 200' session_id=None response_headers=None status_code=None ssl_certificate=None


Failed to crawl: https://www.lycoming.edu/its/information-commons/mylyco.aspx
Result: url='https://www.lycoming.edu/its/information-commons/mylyco.aspx' html='' success=False cleaned_html=None media={} links={} downloaded_files=None screenshot=None pdf=None markdown=None markdown_v2=None fit_markdown=None fit_html=None extracted_content=None metadata=None error_message='Unexpected error in _crawl_web at line 1205 in _crawl_web (../../.pyenv/versions/3.12.6/lib/python3.12/site-packages/crawl4ai/async_crawler_strategy.py):\nError: Failed on navigating ACS-GOTO:\nPage.goto: Timeout 10000ms exceeded.\nCall log:\n  - navigating to "https://www.lycoming.edu/its/information-commons/mylyco.aspx", waiting until "domcontentloaded"\n\n\nCode context:\n1200   \n1201                       response = await page.goto(\n1202                           url, wait_until=config.wait_until, timeout=config.page_timeout\n1203                       )\n1204                   except Error as e:\n1205 →                     raise RuntimeError(f"Failed on navigating ACS-GOTO:\\n{str(e)}")\n1206   \n1207                   await self.execute_hook("after_goto", page, context=context, url=url, response=response)\n1208   \n1209                   if response is None:\n1210                       status_code = 200' session_id=None response_headers=None status_code=None ssl_certificate=None


Failed to crawl: https://www.lycoming.edu/its/policies/software-policy.aspx
Result: url='https://www.lycoming.edu/its/policies/software-policy.aspx' html='' success=False cleaned_html=None media={} links={} downloaded_files=None screenshot=None pdf=None markdown=None markdown_v2=None fit_markdown=None fit_html=None extracted_content=None metadata=None error_message='Unexpected error in _crawl_web at line 1205 in _crawl_web (../../.pyenv/versions/3.12.6/lib/python3.12/site-packages/crawl4ai/async_crawler_strategy.py):\nError: Failed on navigating ACS-GOTO:\nPage.goto: Timeout 10000ms exceeded.\nCall log:\n  - navigating to "https://www.lycoming.edu/its/policies/software-policy.aspx", waiting until "domcontentloaded"\n\n\nCode context:\n1200   \n1201                       response = await page.goto(\n1202                           url, wait_until=config.wait_until, timeout=config.page_timeout\n1203                       )\n1204                   except Error as e:\n1205 →                     raise RuntimeError(f"Failed on navigating ACS-GOTO:\\n{str(e)}")\n1206   \n1207                   await self.execute_hook("after_goto", page, context=context, url=url, response=response)\n1208   \n1209                   if response is None:\n1210                       status_code = 200' session_id=None response_headers=None status_code=None ssl_certificate=None


Failed to crawl: https://www.lycoming.edu/its/policies/student-identity-verification-and-privacy-policy.aspx
Result: url='https://www.lycoming.edu/its/policies/student-identity-verification-and-privacy-policy.aspx' html='' success=False cleaned_html=None media={} links={} downloaded_files=None screenshot=None pdf=None markdown=None markdown_v2=None fit_markdown=None fit_html=None extracted_content=None metadata=None error_message='Unexpected error in _crawl_web at line 1205 in _crawl_web (../../.pyenv/versions/3.12.6/lib/python3.12/site-packages/crawl4ai/async_crawler_strategy.py):\nError: Failed on navigating ACS-GOTO:\nPage.goto: Timeout 10000ms exceeded.\nCall log:\n  - navigating to "https://www.lycoming.edu/its/policies/student-identity-verification-and-privacy-policy.aspx", waiting until "domcontentloaded"\n\n\nCode context:\n1200   \n1201                       response = await page.goto(\n1202                           url, wait_until=config.wait_until, timeout=config.page_timeout\n1203                       )\n1204                   except Error as e:\n1205 →                     raise RuntimeError(f"Failed on navigating ACS-GOTO:\\n{str(e)}")\n1206   \n1207                   await self.execute_hook("after_goto", page, context=context, url=url, response=response)\n1208   \n1209                   if response is None:\n1210                       status_code = 200' session_id=None response_headers=None status_code=None ssl_certificate=None


Failed to crawl: https://www.lycoming.edu/its/support.aspx
Result: url='https://www.lycoming.edu/its/support.aspx' html='' success=False cleaned_html=None media={} links={} downloaded_files=None screenshot=None pdf=None markdown=None markdown_v2=None fit_markdown=None fit_html=None extracted_content=None metadata=None error_message='Unexpected error in _crawl_web at line 1205 in _crawl_web (../../.pyenv/versions/3.12.6/lib/python3.12/site-packages/crawl4ai/async_crawler_strategy.py):\nError: Failed on navigating ACS-GOTO:\nPage.goto: Timeout 10000ms exceeded.\nCall log:\n  - navigating to "https://www.lycoming.edu/its/support.aspx", waiting until "domcontentloaded"\n\n\nCode context:\n1200   \n1201                       response = await page.goto(\n1202                           url, wait_until=config.wait_until, timeout=config.page_timeout\n1203                       )\n1204                   except Error as e:\n1205 →                     raise RuntimeError(f"Failed on navigating ACS-GOTO:\\n{str(e)}")\n1206   \n1207                   await self.execute_hook("after_goto", page, context=context, url=url, response=response)\n1208   \n1209                   if response is None:\n1210                       status_code = 200' session_id=None response_headers=None status_code=None ssl_certificate=None


Failed to crawl: https://www.lycoming.edu/learning-goals/accounting.aspx
Result: url='https://www.lycoming.edu/learning-goals/accounting.aspx' html='' success=False cleaned_html=None media={} links={} downloaded_files=None screenshot=None pdf=None markdown=None markdown_v2=None fit_markdown=None fit_html=None extracted_content=None metadata=None error_message='Unexpected error in _crawl_web at line 1205 in _crawl_web (../../.pyenv/versions/3.12.6/lib/python3.12/site-packages/crawl4ai/async_crawler_strategy.py):\nError: Failed on navigating ACS-GOTO:\nPage.goto: Timeout 10000ms exceeded.\nCall log:\n  - navigating to "https://www.lycoming.edu/learning-goals/accounting.aspx", waiting until "domcontentloaded"\n\n\nCode context:\n1200   \n1201                       response = await page.goto(\n1202                           url, wait_until=config.wait_until, timeout=config.page_timeout\n1203                       )\n1204                   except Error as e:\n1205 →                     raise RuntimeError(f"Failed on navigating ACS-GOTO:\\n{str(e)}")\n1206   \n1207                   await self.execute_hook("after_goto", page, context=context, url=url, response=response)\n1208   \n1209                   if response is None:\n1210                       status_code = 200' session_id=None response_headers=None status_code=None ssl_certificate=None


Failed to crawl: https://www.lycoming.edu/learning-goals/actuarial-science.aspx
Result: url='https://www.lycoming.edu/learning-goals/actuarial-science.aspx' html='' success=False cleaned_html=None media={} links={} downloaded_files=None screenshot=None pdf=None markdown=None markdown_v2=None fit_markdown=None fit_html=None extracted_content=None metadata=None error_message='Unexpected error in _crawl_web at line 1205 in _crawl_web (../../.pyenv/versions/3.12.6/lib/python3.12/site-packages/crawl4ai/async_crawler_strategy.py):\nError: Failed on navigating ACS-GOTO:\nPage.goto: Timeout 10000ms exceeded.\nCall log:\n  - navigating to "https://www.lycoming.edu/learning-goals/actuarial-science.aspx", waiting until "domcontentloaded"\n\n\nCode context:\n1200   \n1201                       response = await page.goto(\n1202                           url, wait_until=config.wait_until, timeout=config.page_timeout\n1203                       )\n1204                   except Error as e:\n1205 →                     raise RuntimeError(f"Failed on navigating ACS-GOTO:\\n{str(e)}")\n1206   \n1207                   await self.execute_hook("after_goto", page, context=context, url=url, response=response)\n1208   \n1209                   if response is None:\n1210                       status_code = 200' session_id=None response_headers=None status_code=None ssl_certificate=None


Failed to crawl: https://www.lycoming.edu/learning-goals/american-studies.aspx
Result: url='https://www.lycoming.edu/learning-goals/american-studies.aspx' html='' success=False cleaned_html=None media={} links={} downloaded_files=None screenshot=None pdf=None markdown=None markdown_v2=None fit_markdown=None fit_html=None extracted_content=None metadata=None error_message='Unexpected error in _crawl_web at line 1205 in _crawl_web (../../.pyenv/versions/3.12.6/lib/python3.12/site-packages/crawl4ai/async_crawler_strategy.py):\nError: Failed on navigating ACS-GOTO:\nPage.goto: Timeout 10000ms exceeded.\nCall log:\n  - navigating to "https://www.lycoming.edu/learning-goals/american-studies.aspx", waiting until "domcontentloaded"\n\n\nCode context:\n1200   \n1201                       response = await page.goto(\n1202                           url, wait_until=config.wait_until, timeout=config.page_timeout\n1203                       )\n1204                   except Error as e:\n1205 →                     raise RuntimeError(f"Failed on navigating ACS-GOTO:\\n{str(e)}")\n1206   \n1207                   await self.execute_hook("after_goto", page, context=context, url=url, response=response)\n1208   \n1209                   if response is None:\n1210                       status_code = 200' session_id=None response_headers=None status_code=None ssl_certificate=None


Failed to crawl: https://www.lycoming.edu/learning-goals/anthropology-sociology.aspx
Result: url='https://www.lycoming.edu/learning-goals/anthropology-sociology.aspx' html='' success=False cleaned_html=None media={} links={} downloaded_files=None screenshot=None pdf=None markdown=None markdown_v2=None fit_markdown=None fit_html=None extracted_content=None metadata=None error_message='Unexpected error in _crawl_web at line 1205 in _crawl_web (../../.pyenv/versions/3.12.6/lib/python3.12/site-packages/crawl4ai/async_crawler_strategy.py):\nError: Failed on navigating ACS-GOTO:\nPage.goto: Timeout 10000ms exceeded.\nCall log:\n  - navigating to "https://www.lycoming.edu/learning-goals/anthropology-sociology.aspx", waiting until "domcontentloaded"\n\n\nCode context:\n1200   \n1201                       response = await page.goto(\n1202                           url, wait_until=config.wait_until, timeout=config.page_timeout\n1203                       )\n1204                   except Error as e:\n1205 →                     raise RuntimeError(f"Failed on navigating ACS-GOTO:\\n{str(e)}")\n1206   \n1207                   await self.execute_hook("after_goto", page, context=context, url=url, response=response)\n1208   \n1209                   if response is None:\n1210                       status_code = 200' session_id=None response_headers=None status_code=None ssl_certificate=None


Failed to crawl: https://www.lycoming.edu/library/about/
Result: url='https://www.lycoming.edu/library/about/' html='' success=False cleaned_html=None media={} links={} downloaded_files=None screenshot=None pdf=None markdown=None markdown_v2=None fit_markdown=None fit_html=None extracted_content=None metadata=None error_message='Unexpected error in _crawl_web at line 1205 in _crawl_web (../../.pyenv/versions/3.12.6/lib/python3.12/site-packages/crawl4ai/async_crawler_strategy.py):\nError: Failed on navigating ACS-GOTO:\nPage.goto: Timeout 10000ms exceeded.\nCall log:\n  - navigating to "https://www.lycoming.edu/library/about/", waiting until "domcontentloaded"\n\n\nCode context:\n1200   \n1201                       response = await page.goto(\n1202                           url, wait_until=config.wait_until, timeout=config.page_timeout\n1203                       )\n1204                   except Error as e:\n1205 →                     raise RuntimeError(f"Failed on navigating ACS-GOTO:\\n{str(e)}")\n1206   \n1207                   await self.execute_hook("after_goto", page, context=context, url=url, response=response)\n1208   \n1209                   if response is None:\n1210                       status_code = 200' session_id=None response_headers=None status_code=None ssl_certificate=None


Failed to crawl: https://www.lycoming.edu/library/about/hours.aspx
Result: url='https://www.lycoming.edu/library/about/hours.aspx' html='' success=False cleaned_html=None media={} links={} downloaded_files=None screenshot=None pdf=None markdown=None markdown_v2=None fit_markdown=None fit_html=None extracted_content=None metadata=None error_message='Unexpected error in _crawl_web at line 1205 in _crawl_web (../../.pyenv/versions/3.12.6/lib/python3.12/site-packages/crawl4ai/async_crawler_strategy.py):\nError: Failed on navigating ACS-GOTO:\nPage.goto: Timeout 10000ms exceeded.\nCall log:\n  - navigating to "https://www.lycoming.edu/library/about/hours.aspx", waiting until "domcontentloaded"\n\n\nCode context:\n1200   \n1201                       response = await page.goto(\n1202                           url, wait_until=config.wait_until, timeout=config.page_timeout\n1203                       )\n1204                   except Error as e:\n1205 →                     raise RuntimeError(f"Failed on navigating ACS-GOTO:\\n{str(e)}")\n1206   \n1207                   await self.execute_hook("after_goto", page, context=context, url=url, response=response)\n1208   \n1209                   if response is None:\n1210                       status_code = 200' session_id=None response_headers=None status_code=None ssl_certificate=None


Failed to crawl: https://www.lycoming.edu/library/about/hours-community.aspx
Result: url='https://www.lycoming.edu/library/about/hours-community.aspx' html='' success=False cleaned_html=None media={} links={} downloaded_files=None screenshot=None pdf=None markdown=None markdown_v2=None fit_markdown=None fit_html=None extracted_content=None metadata=None error_message='Unexpected error in _crawl_web at line 1205 in _crawl_web (../../.pyenv/versions/3.12.6/lib/python3.12/site-packages/crawl4ai/async_crawler_strategy.py):\nError: Failed on navigating ACS-GOTO:\nPage.goto: Timeout 10000ms exceeded.\nCall log:\n  - navigating to "https://www.lycoming.edu/library/about/hours-community.aspx", waiting until "domcontentloaded"\n\n\nCode context:\n1200   \n1201                       response = await page.goto(\n1202                           url, wait_until=config.wait_until, timeout=config.page_timeout\n1203                       )\n1204                   except Error as e:\n1205 →                     raise RuntimeError(f"Failed on navigating ACS-GOTO:\\n{str(e)}")\n1206   \n1207                   await self.execute_hook("after_goto", page, context=context, url=url, response=response)\n1208   \n1209                   if response is None:\n1210                       status_code = 200' session_id=None response_headers=None status_code=None ssl_certificate=None


Failed to crawl: https://www.lycoming.edu/library/about/ill-lending.aspx
Result: url='https://www.lycoming.edu/library/about/ill-lending.aspx' html='' success=False cleaned_html=None media={} links={} downloaded_files=None screenshot=None pdf=None markdown=None markdown_v2=None fit_markdown=None fit_html=None extracted_content=None metadata=None error_message='Unexpected error in _crawl_web at line 1205 in _crawl_web (../../.pyenv/versions/3.12.6/lib/python3.12/site-packages/crawl4ai/async_crawler_strategy.py):\nError: Failed on navigating ACS-GOTO:\nPage.goto: Timeout 10000ms exceeded.\nCall log:\n  - navigating to "https://www.lycoming.edu/library/about/ill-lending.aspx", waiting until "domcontentloaded"\n\n\nCode context:\n1200   \n1201                       response = await page.goto(\n1202                           url, wait_until=config.wait_until, timeout=config.page_timeout\n1203                       )\n1204                   except Error as e:\n1205 →                     raise RuntimeError(f"Failed on navigating ACS-GOTO:\\n{str(e)}")\n1206   \n1207                   await self.execute_hook("after_goto", page, context=context, url=url, response=response)\n1208   \n1209                   if response is None:\n1210                       status_code = 200' session_id=None response_headers=None status_code=None ssl_certificate=None


Failed to crawl: https://www.lycoming.edu/library/about/instruction-program/collaboration.aspx
Result: url='https://www.lycoming.edu/library/about/instruction-program/collaboration.aspx' html='' success=False cleaned_html=None media={} links={} downloaded_files=None screenshot=None pdf=None markdown=None markdown_v2=None fit_markdown=None fit_html=None extracted_content=None metadata=None error_message='Unexpected error in _crawl_web at line 1205 in _crawl_web (../../.pyenv/versions/3.12.6/lib/python3.12/site-packages/crawl4ai/async_crawler_strategy.py):\nError: Failed on navigating ACS-GOTO:\nPage.goto: net::ERR_NETWORK_CHANGED at https://www.lycoming.edu/library/about/instruction-program/collaboration.aspx\nCall log:\n  - navigating to "https://www.lycoming.edu/library/about/instruction-program/collaboration.aspx", waiting until "domcontentloaded"\n\n\nCode context:\n1200   \n1201                       response = await page.goto(\n1202                           url, wait_until=config.wait_until, timeout=config.page_timeout\n1203                       )\n1204                   except Error as e:\n1205 →                     raise RuntimeError(f"Failed on navigating ACS-GOTO:\\n{str(e)}")\n1206   \n1207                   await self.execute_hook("after_goto", page, context=context, url=url, response=response)\n1208   \n1209                   if response is None:\n1210                       status_code = 200' session_id=None response_headers=None status_code=None ssl_certificate=None


Failed to crawl: https://www.lycoming.edu/library/about/jonathan-schoenfelder.aspx
Result: url='https://www.lycoming.edu/library/about/jonathan-schoenfelder.aspx' html='' success=False cleaned_html=None media={} links={} downloaded_files=None screenshot=None pdf=None markdown=None markdown_v2=None fit_markdown=None fit_html=None extracted_content=None metadata=None error_message='Unexpected error in _crawl_web at line 1205 in _crawl_web (../../.pyenv/versions/3.12.6/lib/python3.12/site-packages/crawl4ai/async_crawler_strategy.py):\nError: Failed on navigating ACS-GOTO:\nPage.goto: net::ERR_NETWORK_CHANGED at https://www.lycoming.edu/library/about/jonathan-schoenfelder.aspx\nCall log:\n  - navigating to "https://www.lycoming.edu/library/about/jonathan-schoenfelder.aspx", waiting until "domcontentloaded"\n\n\nCode context:\n1200   \n1201                       response = await page.goto(\n1202                           url, wait_until=config.wait_until, timeout=config.page_timeout\n1203                       )\n1204                   except Error as e:\n1205 →                     raise RuntimeError(f"Failed on navigating ACS-GOTO:\\n{str(e)}")\n1206   \n1207                   await self.execute_hook("after_goto", page, context=context, url=url, response=response)\n1208   \n1209                   if response is None:\n1210                       status_code = 200' session_id=None response_headers=None status_code=None ssl_certificate=None


Failed to crawl: https://www.lycoming.edu/library/about/multimedia-services.aspx
Result: url='https://www.lycoming.edu/library/about/multimedia-services.aspx' html='' success=False cleaned_html=None media={} links={} downloaded_files=None screenshot=None pdf=None markdown=None markdown_v2=None fit_markdown=None fit_html=None extracted_content=None metadata=None error_message='Unexpected error in _crawl_web at line 1205 in _crawl_web (../../.pyenv/versions/3.12.6/lib/python3.12/site-packages/crawl4ai/async_crawler_strategy.py):\nError: Failed on navigating ACS-GOTO:\nPage.goto: net::ERR_NETWORK_CHANGED at https://www.lycoming.edu/library/about/multimedia-services.aspx\nCall log:\n  - navigating to "https://www.lycoming.edu/library/about/multimedia-services.aspx", waiting until "domcontentloaded"\n\n\nCode context:\n1200   \n1201                       response = await page.goto(\n1202                           url, wait_until=config.wait_until, timeout=config.page_timeout\n1203                       )\n1204                   except Error as e:\n1205 →                     raise RuntimeError(f"Failed on navigating ACS-GOTO:\\n{str(e)}")\n1206   \n1207                   await self.execute_hook("after_goto", page, context=context, url=url, response=response)\n1208   \n1209                   if response is None:\n1210                       status_code = 200' session_id=None response_headers=None status_code=None ssl_certificate=None


Failed to crawl: https://www.lycoming.edu/library/about/new-books.aspx
Result: url='https://www.lycoming.edu/library/about/new-books.aspx' html='' success=False cleaned_html=None media={} links={} downloaded_files=None screenshot=None pdf=None markdown=None markdown_v2=None fit_markdown=None fit_html=None extracted_content=None metadata=None error_message='Unexpected error in _crawl_web at line 1205 in _crawl_web (../../.pyenv/versions/3.12.6/lib/python3.12/site-packages/crawl4ai/async_crawler_strategy.py):\nError: Failed on navigating ACS-GOTO:\nPage.goto: net::ERR_NETWORK_CHANGED at https://www.lycoming.edu/library/about/new-books.aspx\nCall log:\n  - navigating to "https://www.lycoming.edu/library/about/new-books.aspx", waiting until "domcontentloaded"\n\n\nCode context:\n1200   \n1201                       response = await page.goto(\n1202                           url, wait_until=config.wait_until, timeout=config.page_timeout\n1203                       )\n1204                   except Error as e:\n1205 →                     raise RuntimeError(f"Failed on navigating ACS-GOTO:\\n{str(e)}")\n1206   \n1207                   await self.execute_hook("after_goto", page, context=context, url=url, response=response)\n1208   \n1209                   if response is None:\n1210                       status_code = 200' session_id=None response_headers=None status_code=None ssl_certificate=None


Failed to crawl: https://www.lycoming.edu/library/about/new-materials.aspx
Result: url='https://www.lycoming.edu/library/about/new-materials.aspx' html='' success=False cleaned_html=None media={} links={} downloaded_files=None screenshot=None pdf=None markdown=None markdown_v2=None fit_markdown=None fit_html=None extracted_content=None metadata=None error_message='Unexpected error in _crawl_web at line 1205 in _crawl_web (../../.pyenv/versions/3.12.6/lib/python3.12/site-packages/crawl4ai/async_crawler_strategy.py):\nError: Failed on navigating ACS-GOTO:\nPage.goto: net::ERR_NETWORK_CHANGED at https://www.lycoming.edu/library/about/new-materials.aspx\nCall log:\n  - navigating to "https://www.lycoming.edu/library/about/new-materials.aspx", waiting until "domcontentloaded"\n\n\nCode context:\n1200   \n1201                       response = await page.goto(\n1202                           url, wait_until=config.wait_until, timeout=config.page_timeout\n1203                       )\n1204                   except Error as e:\n1205 →                     raise RuntimeError(f"Failed on navigating ACS-GOTO:\\n{str(e)}")\n1206   \n1207                   await self.execute_hook("after_goto", page, context=context, url=url, response=response)\n1208   \n1209                   if response is None:\n1210                       status_code = 200' session_id=None response_headers=None status_code=None ssl_certificate=None


Failed to crawl: https://www.lycoming.edu/library/archives/calendar.aspx
Result: url='https://www.lycoming.edu/library/archives/calendar.aspx' html='' success=False cleaned_html=None media={} links={} downloaded_files=None screenshot=None pdf=None markdown=None markdown_v2=None fit_markdown=None fit_html=None extracted_content=None metadata=None error_message='Unexpected error in _crawl_web at line 1205 in _crawl_web (../../.pyenv/versions/3.12.6/lib/python3.12/site-packages/crawl4ai/async_crawler_strategy.py):\nError: Failed on navigating ACS-GOTO:\nPage.goto: Timeout 10000ms exceeded.\nCall log:\n  - navigating to "https://www.lycoming.edu/library/archives/calendar.aspx", waiting until "domcontentloaded"\n\n\nCode context:\n1200   \n1201                       response = await page.goto(\n1202                           url, wait_until=config.wait_until, timeout=config.page_timeout\n1203                       )\n1204                   except Error as e:\n1205 →                     raise RuntimeError(f"Failed on navigating ACS-GOTO:\\n{str(e)}")\n1206   \n1207                   await self.execute_hook("after_goto", page, context=context, url=url, response=response)\n1208   \n1209                   if response is None:\n1210                       status_code = 200' session_id=None response_headers=None status_code=None ssl_certificate=None


Failed to crawl: https://www.lycoming.edu/library/mission-statement.aspx
Result: url='https://www.lycoming.edu/library/mission-statement.aspx' html='' success=False cleaned_html=None media={} links={} downloaded_files=None screenshot=None pdf=None markdown=None markdown_v2=None fit_markdown=None fit_html=None extracted_content=None metadata=None error_message='Unexpected error in _crawl_web at line 1205 in _crawl_web (../../.pyenv/versions/3.12.6/lib/python3.12/site-packages/crawl4ai/async_crawler_strategy.py):\nError: Failed on navigating ACS-GOTO:\nPage.goto: Timeout 10000ms exceeded.\nCall log:\n  - navigating to "https://www.lycoming.edu/library/mission-statement.aspx", waiting until "domcontentloaded"\n\n\nCode context:\n1200   \n1201                       response = await page.goto(\n1202                           url, wait_until=config.wait_until, timeout=config.page_timeout\n1203                       )\n1204                   except Error as e:\n1205 →                     raise RuntimeError(f"Failed on navigating ACS-GOTO:\\n{str(e)}")\n1206   \n1207                   await self.execute_hook("after_goto", page, context=context, url=url, response=response)\n1208   \n1209                   if response is None:\n1210                       status_code = 200' session_id=None response_headers=None status_code=None ssl_certificate=None


Failed to crawl: https://www.lycoming.edu/library/my-account.aspx
Result: url='https://www.lycoming.edu/library/my-account.aspx' html='' success=False cleaned_html=None media={} links={} downloaded_files=None screenshot=None pdf=None markdown=None markdown_v2=None fit_markdown=None fit_html=None extracted_content=None metadata=None error_message='Unexpected error in _crawl_web at line 1205 in _crawl_web (../../.pyenv/versions/3.12.6/lib/python3.12/site-packages/crawl4ai/async_crawler_strategy.py):\nError: Failed on navigating ACS-GOTO:\nPage.goto: Timeout 10000ms exceeded.\nCall log:\n  - navigating to "https://www.lycoming.edu/library/my-account.aspx", waiting until "domcontentloaded"\n\n\nCode context:\n1200   \n1201                       response = await page.goto(\n1202                           url, wait_until=config.wait_until, timeout=config.page_timeout\n1203                       )\n1204                   except Error as e:\n1205 →                     raise RuntimeError(f"Failed on navigating ACS-GOTO:\\n{str(e)}")\n1206   \n1207                   await self.execute_hook("after_goto", page, context=context, url=url, response=response)\n1208   \n1209                   if response is None:\n1210                       status_code = 200' session_id=None response_headers=None status_code=None ssl_certificate=None


Failed to crawl: https://www.lycoming.edu/library/quick-links/
Result: url='https://www.lycoming.edu/library/quick-links/' html='' success=False cleaned_html=None media={} links={} downloaded_files=None screenshot=None pdf=None markdown=None markdown_v2=None fit_markdown=None fit_html=None extracted_content=None metadata=None error_message='Unexpected error in _crawl_web at line 1205 in _crawl_web (../../.pyenv/versions/3.12.6/lib/python3.12/site-packages/crawl4ai/async_crawler_strategy.py):\nError: Failed on navigating ACS-GOTO:\nPage.goto: Timeout 10000ms exceeded.\nCall log:\n  - navigating to "https://www.lycoming.edu/library/quick-links/", waiting until "domcontentloaded"\n\n\nCode context:\n1200   \n1201                       response = await page.goto(\n1202                           url, wait_until=config.wait_until, timeout=config.page_timeout\n1203                       )\n1204                   except Error as e:\n1205 →                     raise RuntimeError(f"Failed on navigating ACS-GOTO:\\n{str(e)}")\n1206   \n1207                   await self.execute_hook("after_goto", page, context=context, url=url, response=response)\n1208   \n1209                   if response is None:\n1210                       status_code = 200' session_id=None response_headers=None status_code=None ssl_certificate=None


Failed to crawl: https://www.lycoming.edu/library/what-can-i-do-with-this-major.aspx
Result: url='https://www.lycoming.edu/library/what-can-i-do-with-this-major.aspx' html='' success=False cleaned_html=None media={} links={} downloaded_files=None screenshot=None pdf=None markdown=None markdown_v2=None fit_markdown=None fit_html=None extracted_content=None metadata=None error_message='Unexpected error in _crawl_web at line 1205 in _crawl_web (../../.pyenv/versions/3.12.6/lib/python3.12/site-packages/crawl4ai/async_crawler_strategy.py):\nError: Failed on navigating ACS-GOTO:\nPage.goto: Timeout 10000ms exceeded.\nCall log:\n  - navigating to "https://www.lycoming.edu/library/what-can-i-do-with-this-major.aspx", waiting until "domcontentloaded"\n\n\nCode context:\n1200   \n1201                       response = await page.goto(\n1202                           url, wait_until=config.wait_until, timeout=config.page_timeout\n1203                       )\n1204                   except Error as e:\n1205 →                     raise RuntimeError(f"Failed on navigating ACS-GOTO:\\n{str(e)}")\n1206   \n1207                   await self.execute_hook("after_goto", page, context=context, url=url, response=response)\n1208   \n1209                   if response is None:\n1210                       status_code = 200' session_id=None response_headers=None status_code=None ssl_certificate=None


Failed to crawl: https://www.lycoming.edu/litt/proposals.aspx
Result: url='https://www.lycoming.edu/litt/proposals.aspx' html='' success=False cleaned_html=None media={} links={} downloaded_files=None screenshot=None pdf=None markdown=None markdown_v2=None fit_markdown=None fit_html=None extracted_content=None metadata=None error_message='Unexpected error in _crawl_web at line 1205 in _crawl_web (../../.pyenv/versions/3.12.6/lib/python3.12/site-packages/crawl4ai/async_crawler_strategy.py):\nError: Failed on navigating ACS-GOTO:\nPage.goto: Timeout 10000ms exceeded.\nCall log:\n  - navigating to "https://www.lycoming.edu/litt/proposals.aspx", waiting until "domcontentloaded"\n\n\nCode context:\n1200   \n1201                       response = await page.goto(\n1202                           url, wait_until=config.wait_until, timeout=config.page_timeout\n1203                       )\n1204                   except Error as e:\n1205 →                     raise RuntimeError(f"Failed on navigating ACS-GOTO:\\n{str(e)}")\n1206   \n1207                   await self.execute_hook("after_goto", page, context=context, url=url, response=response)\n1208   \n1209                   if response is None:\n1210                       status_code = 200' session_id=None response_headers=None status_code=None ssl_certificate=None


Failed to crawl: https://www.lycoming.edu/marketing-communications/logos.aspx
Result: url='https://www.lycoming.edu/marketing-communications/logos.aspx' html='' success=False cleaned_html=None media={} links={} downloaded_files=None screenshot=None pdf=None markdown=None markdown_v2=None fit_markdown=None fit_html=None extracted_content=None metadata=None error_message='Unexpected error in _crawl_web at line 1205 in _crawl_web (../../.pyenv/versions/3.12.6/lib/python3.12/site-packages/crawl4ai/async_crawler_strategy.py):\nError: Failed on navigating ACS-GOTO:\nPage.goto: Timeout 10000ms exceeded.\nCall log:\n  - navigating to "https://www.lycoming.edu/marketing-communications/logos.aspx", waiting until "domcontentloaded"\n\n\nCode context:\n1200   \n1201                       response = await page.goto(\n1202                           url, wait_until=config.wait_until, timeout=config.page_timeout\n1203                       )\n1204                   except Error as e:\n1205 →                     raise RuntimeError(f"Failed on navigating ACS-GOTO:\\n{str(e)}")\n1206   \n1207                   await self.execute_hook("after_goto", page, context=context, url=url, response=response)\n1208   \n1209                   if response is None:\n1210                       status_code = 200' session_id=None response_headers=None status_code=None ssl_certificate=None


Failed to crawl: https://www.lycoming.edu/modern-language-studies/faculty.aspx
Result: url='https://www.lycoming.edu/modern-language-studies/faculty.aspx' html='' success=False cleaned_html=None media={} links={} downloaded_files=None screenshot=None pdf=None markdown=None markdown_v2=None fit_markdown=None fit_html=None extracted_content=None metadata=None error_message='Unexpected error in _crawl_web at line 1205 in _crawl_web (../../.pyenv/versions/3.12.6/lib/python3.12/site-packages/crawl4ai/async_crawler_strategy.py):\nError: Failed on navigating ACS-GOTO:\nPage.goto: Timeout 10000ms exceeded.\nCall log:\n  - navigating to "https://www.lycoming.edu/modern-language-studies/faculty.aspx", waiting until "domcontentloaded"\n\n\nCode context:\n1200   \n1201                       response = await page.goto(\n1202                           url, wait_until=config.wait_until, timeout=config.page_timeout\n1203                       )\n1204                   except Error as e:\n1205 →                     raise RuntimeError(f"Failed on navigating ACS-GOTO:\\n{str(e)}")\n1206   \n1207                   await self.execute_hook("after_goto", page, context=context, url=url, response=response)\n1208   \n1209                   if response is None:\n1210                       status_code = 200' session_id=None response_headers=None status_code=None ssl_certificate=None


Failed to crawl: https://www.lycoming.edu/modern-language-studies/graduate-outcomes.aspx
Result: url='https://www.lycoming.edu/modern-language-studies/graduate-outcomes.aspx' html='' success=False cleaned_html=None media={} links={} downloaded_files=None screenshot=None pdf=None markdown=None markdown_v2=None fit_markdown=None fit_html=None extracted_content=None metadata=None error_message='Unexpected error in _crawl_web at line 1205 in _crawl_web (../../.pyenv/versions/3.12.6/lib/python3.12/site-packages/crawl4ai/async_crawler_strategy.py):\nError: Failed on navigating ACS-GOTO:\nPage.goto: Timeout 10000ms exceeded.\nCall log:\n  - navigating to "https://www.lycoming.edu/modern-language-studies/graduate-outcomes.aspx", waiting until "domcontentloaded"\n\n\nCode context:\n1200   \n1201                       response = await page.goto(\n1202                           url, wait_until=config.wait_until, timeout=config.page_timeout\n1203                       )\n1204                   except Error as e:\n1205 →                     raise RuntimeError(f"Failed on navigating ACS-GOTO:\\n{str(e)}")\n1206   \n1207                   await self.execute_hook("after_goto", page, context=context, url=url, response=response)\n1208   \n1209                   if response is None:\n1210                       status_code = 200' session_id=None response_headers=None status_code=None ssl_certificate=None


Failed to crawl: https://www.lycoming.edu/music/ensembles.aspx
Result: url='https://www.lycoming.edu/music/ensembles.aspx' html='' success=False cleaned_html=None media={} links={} downloaded_files=None screenshot=None pdf=None markdown=None markdown_v2=None fit_markdown=None fit_html=None extracted_content=None metadata=None error_message='Unexpected error in _crawl_web at line 1205 in _crawl_web (../../.pyenv/versions/3.12.6/lib/python3.12/site-packages/crawl4ai/async_crawler_strategy.py):\nError: Failed on navigating ACS-GOTO:\nPage.goto: Timeout 10000ms exceeded.\nCall log:\n  - navigating to "https://www.lycoming.edu/music/ensembles.aspx", waiting until "domcontentloaded"\n\n\nCode context:\n1200   \n1201                       response = await page.goto(\n1202                           url, wait_until=config.wait_until, timeout=config.page_timeout\n1203                       )\n1204                   except Error as e:\n1205 →                     raise RuntimeError(f"Failed on navigating ACS-GOTO:\\n{str(e)}")\n1206   \n1207                   await self.execute_hook("after_goto", page, context=context, url=url, response=response)\n1208   \n1209                   if response is None:\n1210                       status_code = 200' session_id=None response_headers=None status_code=None ssl_certificate=None


Failed to crawl: https://www.lycoming.edu/music/faculty.aspx
Result: url='https://www.lycoming.edu/music/faculty.aspx' html='' success=False cleaned_html=None media={} links={} downloaded_files=None screenshot=None pdf=None markdown=None markdown_v2=None fit_markdown=None fit_html=None extracted_content=None metadata=None error_message='Unexpected error in _crawl_web at line 1205 in _crawl_web (../../.pyenv/versions/3.12.6/lib/python3.12/site-packages/crawl4ai/async_crawler_strategy.py):\nError: Failed on navigating ACS-GOTO:\nPage.goto: Timeout 10000ms exceeded.\nCall log:\n  - navigating to "https://www.lycoming.edu/music/faculty.aspx", waiting until "domcontentloaded"\n\n\nCode context:\n1200   \n1201                       response = await page.goto(\n1202                           url, wait_until=config.wait_until, timeout=config.page_timeout\n1203                       )\n1204                   except Error as e:\n1205 →                     raise RuntimeError(f"Failed on navigating ACS-GOTO:\\n{str(e)}")\n1206   \n1207                   await self.execute_hook("after_goto", page, context=context, url=url, response=response)\n1208   \n1209                   if response is None:\n1210                       status_code = 200' session_id=None response_headers=None status_code=None ssl_certificate=None


Failed to crawl: https://www.lycoming.edu/music/music-at-lycoming.aspx
Result: url='https://www.lycoming.edu/music/music-at-lycoming.aspx' html='' success=False cleaned_html=None media={} links={} downloaded_files=None screenshot=None pdf=None markdown=None markdown_v2=None fit_markdown=None fit_html=None extracted_content=None metadata=None error_message='Unexpected error in _crawl_web at line 1205 in _crawl_web (../../.pyenv/versions/3.12.6/lib/python3.12/site-packages/crawl4ai/async_crawler_strategy.py):\nError: Failed on navigating ACS-GOTO:\nPage.goto: Timeout 10000ms exceeded.\nCall log:\n  - navigating to "https://www.lycoming.edu/music/music-at-lycoming.aspx", waiting until "domcontentloaded"\n\n\nCode context:\n1200   \n1201                       response = await page.goto(\n1202                           url, wait_until=config.wait_until, timeout=config.page_timeout\n1203                       )\n1204                   except Error as e:\n1205 →                     raise RuntimeError(f"Failed on navigating ACS-GOTO:\\n{str(e)}")\n1206   \n1207                   await self.execute_hook("after_goto", page, context=context, url=url, response=response)\n1208   \n1209                   if response is None:\n1210                       status_code = 200' session_id=None response_headers=None status_code=None ssl_certificate=None


Failed to crawl: https://www.lycoming.edu/neuroscience/news.aspx
Result: url='https://www.lycoming.edu/neuroscience/news.aspx' html='' success=False cleaned_html=None media={} links={} downloaded_files=None screenshot=None pdf=None markdown=None markdown_v2=None fit_markdown=None fit_html=None extracted_content=None metadata=None error_message='Unexpected error in _crawl_web at line 1205 in _crawl_web (../../.pyenv/versions/3.12.6/lib/python3.12/site-packages/crawl4ai/async_crawler_strategy.py):\nError: Failed on navigating ACS-GOTO:\nPage.goto: Timeout 10000ms exceeded.\nCall log:\n  - navigating to "https://www.lycoming.edu/neuroscience/news.aspx", waiting until "domcontentloaded"\n\n\nCode context:\n1200   \n1201                       response = await page.goto(\n1202                           url, wait_until=config.wait_until, timeout=config.page_timeout\n1203                       )\n1204                   except Error as e:\n1205 →                     raise RuntimeError(f"Failed on navigating ACS-GOTO:\\n{str(e)}")\n1206   \n1207                   await self.execute_hook("after_goto", page, context=context, url=url, response=response)\n1208   \n1209                   if response is None:\n1210                       status_code = 200' session_id=None response_headers=None status_code=None ssl_certificate=None


Failed to crawl: https://www.lycoming.edu/news/stories/2020/01/diverse-issues-highered.aspx
Result: url='https://www.lycoming.edu/news/stories/2020/01/diverse-issues-highered.aspx' html='' success=False cleaned_html=None media={} links={} downloaded_files=None screenshot=None pdf=None markdown=None markdown_v2=None fit_markdown=None fit_html=None extracted_content=None metadata=None error_message='Unexpected error in _crawl_web at line 1205 in _crawl_web (../../.pyenv/versions/3.12.6/lib/python3.12/site-packages/crawl4ai/async_crawler_strategy.py):\nError: Failed on navigating ACS-GOTO:\nPage.goto: Timeout 10000ms exceeded.\nCall log:\n  - navigating to "https://www.lycoming.edu/news/stories/2020/01/diverse-issues-highered.aspx", waiting until "domcontentloaded"\n\n\nCode context:\n1200   \n1201                       response = await page.goto(\n1202                           url, wait_until=config.wait_until, timeout=config.page_timeout\n1203                       )\n1204                   except Error as e:\n1205 →                     raise RuntimeError(f"Failed on navigating ACS-GOTO:\\n{str(e)}")\n1206   \n1207                   await self.execute_hook("after_goto", page, context=context, url=url, response=response)\n1208   \n1209                   if response is None:\n1210                       status_code = 200' session_id=None response_headers=None status_code=None ssl_certificate=None


Failed to crawl: https://www.lycoming.edu/news/stories/2020/01/mlk-meal-packing.aspx
Result: url='https://www.lycoming.edu/news/stories/2020/01/mlk-meal-packing.aspx' html='' success=False cleaned_html=None media={} links={} downloaded_files=None screenshot=None pdf=None markdown=None markdown_v2=None fit_markdown=None fit_html=None extracted_content=None metadata=None error_message='Unexpected error in _crawl_web at line 1205 in _crawl_web (../../.pyenv/versions/3.12.6/lib/python3.12/site-packages/crawl4ai/async_crawler_strategy.py):\nError: Failed on navigating ACS-GOTO:\nPage.goto: Timeout 10000ms exceeded.\nCall log:\n  - navigating to "https://www.lycoming.edu/news/stories/2020/01/mlk-meal-packing.aspx", waiting until "domcontentloaded"\n\n\nCode context:\n1200   \n1201                       response = await page.goto(\n1202                           url, wait_until=config.wait_until, timeout=config.page_timeout\n1203                       )\n1204                   except Error as e:\n1205 →                     raise RuntimeError(f"Failed on navigating ACS-GOTO:\\n{str(e)}")\n1206   \n1207                   await self.execute_hook("after_goto", page, context=context, url=url, response=response)\n1208   \n1209                   if response is None:\n1210                       status_code = 200' session_id=None response_headers=None status_code=None ssl_certificate=None


Failed to crawl: https://www.lycoming.edu/news/stories/2020/01/scouts-visit-planetarium.aspx
Result: url='https://www.lycoming.edu/news/stories/2020/01/scouts-visit-planetarium.aspx' html='' success=False cleaned_html=None media={} links={} downloaded_files=None screenshot=None pdf=None markdown=None markdown_v2=None fit_markdown=None fit_html=None extracted_content=None metadata=None error_message='Unexpected error in _crawl_web at line 1205 in _crawl_web (../../.pyenv/versions/3.12.6/lib/python3.12/site-packages/crawl4ai/async_crawler_strategy.py):\nError: Failed on navigating ACS-GOTO:\nPage.goto: Timeout 10000ms exceeded.\nCall log:\n  - navigating to "https://www.lycoming.edu/news/stories/2020/01/scouts-visit-planetarium.aspx", waiting until "domcontentloaded"\n\n\nCode context:\n1200   \n1201                       response = await page.goto(\n1202                           url, wait_until=config.wait_until, timeout=config.page_timeout\n1203                       )\n1204                   except Error as e:\n1205 →                     raise RuntimeError(f"Failed on navigating ACS-GOTO:\\n{str(e)}")\n1206   \n1207                   await self.execute_hook("after_goto", page, context=context, url=url, response=response)\n1208   \n1209                   if response is None:\n1210                       status_code = 200' session_id=None response_headers=None status_code=None ssl_certificate=None


Failed to crawl: https://www.lycoming.edu/news/stories/2020/01/stabler-foundation-grant-jan-2020.aspx
Result: url='https://www.lycoming.edu/news/stories/2020/01/stabler-foundation-grant-jan-2020.aspx' html='' success=False cleaned_html=None media={} links={} downloaded_files=None screenshot=None pdf=None markdown=None markdown_v2=None fit_markdown=None fit_html=None extracted_content=None metadata=None error_message='Unexpected error in _crawl_web at line 1246 in _crawl_web (../../.pyenv/versions/3.12.6/lib/python3.12/site-packages/crawl4ai/async_crawler_strategy.py):\nError: \'AsyncPlaywrightCrawlerStrategy\' object has no attribute \'config\'\n\nCode context:\n1241                       raise Error(f"Body element is hidden: {visibility_info}")\n1242   \n1243               except Error as e:\n1244                   visibility_info = await self.check_visibility(page)\n1245   \n1246 →                 if self.config.verbose:\n1247                       self.logger.debug(\n1248                           message="Body visibility info: {info}",\n1249                           tag="DEBUG",\n1250                           params={"info": visibility_info},\n1251                       )' session_id=None response_headers=None status_code=None ssl_certificate=None


Failed to crawl: https://www.lycoming.edu/news/stories/2020/01/sungazette-economic-driver.aspx
Result: url='https://www.lycoming.edu/news/stories/2020/01/sungazette-economic-driver.aspx' html='' success=False cleaned_html=None media={} links={} downloaded_files=None screenshot=None pdf=None markdown=None markdown_v2=None fit_markdown=None fit_html=None extracted_content=None metadata=None error_message='Unexpected error in _crawl_web at line 1246 in _crawl_web (../../.pyenv/versions/3.12.6/lib/python3.12/site-packages/crawl4ai/async_crawler_strategy.py):\nError: \'AsyncPlaywrightCrawlerStrategy\' object has no attribute \'config\'\n\nCode context:\n1241                       raise Error(f"Body element is hidden: {visibility_info}")\n1242   \n1243               except Error as e:\n1244                   visibility_info = await self.check_visibility(page)\n1245   \n1246 →                 if self.config.verbose:\n1247                       self.logger.debug(\n1248                           message="Body visibility info: {info}",\n1249                           tag="DEBUG",\n1250                           params={"info": visibility_info},\n1251                       )' session_id=None response_headers=None status_code=None ssl_certificate=None


Failed to crawl: https://www.lycoming.edu/news/stories/2020/01/valentine-planetarium-show.aspx
Result: url='https://www.lycoming.edu/news/stories/2020/01/valentine-planetarium-show.aspx' html='' success=False cleaned_html=None media={} links={} downloaded_files=None screenshot=None pdf=None markdown=None markdown_v2=None fit_markdown=None fit_html=None extracted_content=None metadata=None error_message='Unexpected error in _crawl_web at line 1205 in _crawl_web (../../.pyenv/versions/3.12.6/lib/python3.12/site-packages/crawl4ai/async_crawler_strategy.py):\nError: Failed on navigating ACS-GOTO:\nPage.goto: Timeout 10000ms exceeded.\nCall log:\n  - navigating to "https://www.lycoming.edu/news/stories/2020/01/valentine-planetarium-show.aspx", waiting until "domcontentloaded"\n\n\nCode context:\n1200   \n1201                       response = await page.goto(\n1202                           url, wait_until=config.wait_until, timeout=config.page_timeout\n1203                       )\n1204                   except Error as e:\n1205 →                     raise RuntimeError(f"Failed on navigating ACS-GOTO:\\n{str(e)}")\n1206   \n1207                   await self.execute_hook("after_goto", page, context=context, url=url, response=response)\n1208   \n1209                   if response is None:\n1210                       status_code = 200' session_id=None response_headers=None status_code=None ssl_certificate=None


Failed to crawl: https://www.lycoming.edu/news/stories/2020/01/van-tran-nguyen.aspx
Result: url='https://www.lycoming.edu/news/stories/2020/01/van-tran-nguyen.aspx' html='' success=False cleaned_html=None media={} links={} downloaded_files=None screenshot=None pdf=None markdown=None markdown_v2=None fit_markdown=None fit_html=None extracted_content=None metadata=None error_message='Unexpected error in _crawl_web at line 1205 in _crawl_web (../../.pyenv/versions/3.12.6/lib/python3.12/site-packages/crawl4ai/async_crawler_strategy.py):\nError: Failed on navigating ACS-GOTO:\nPage.goto: Timeout 10000ms exceeded.\nCall log:\n  - navigating to "https://www.lycoming.edu/news/stories/2020/01/van-tran-nguyen.aspx", waiting until "domcontentloaded"\n\n\nCode context:\n1200   \n1201                       response = await page.goto(\n1202                           url, wait_until=config.wait_until, timeout=config.page_timeout\n1203                       )\n1204                   except Error as e:\n1205 →                     raise RuntimeError(f"Failed on navigating ACS-GOTO:\\n{str(e)}")\n1206   \n1207                   await self.execute_hook("after_goto", page, context=context, url=url, response=response)\n1208   \n1209                   if response is None:\n1210                       status_code = 200' session_id=None response_headers=None status_code=None ssl_certificate=None


Failed to crawl: https://www.lycoming.edu/news/stories/2020/02/anne-arden-mcdonald.aspx
Result: url='https://www.lycoming.edu/news/stories/2020/02/anne-arden-mcdonald.aspx' html='' success=False cleaned_html=None media={} links={} downloaded_files=None screenshot=None pdf=None markdown=None markdown_v2=None fit_markdown=None fit_html=None extracted_content=None metadata=None error_message='Unexpected error in _crawl_web at line 1246 in _crawl_web (../../.pyenv/versions/3.12.6/lib/python3.12/site-packages/crawl4ai/async_crawler_strategy.py):\nError: \'AsyncPlaywrightCrawlerStrategy\' object has no attribute \'config\'\n\nCode context:\n1241                       raise Error(f"Body element is hidden: {visibility_info}")\n1242   \n1243               except Error as e:\n1244                   visibility_info = await self.check_visibility(page)\n1245   \n1246 →                 if self.config.verbose:\n1247                       self.logger.debug(\n1248                           message="Body visibility info: {info}",\n1249                           tag="DEBUG",\n1250                           params={"info": visibility_info},\n1251                       )' session_id=None response_headers=None status_code=None ssl_certificate=None


Failed to crawl: https://www.lycoming.edu/news/stories/2020/02/chemistry-student-award.aspx
Result: url='https://www.lycoming.edu/news/stories/2020/02/chemistry-student-award.aspx' html='' success=False cleaned_html=None media={} links={} downloaded_files=None screenshot=None pdf=None markdown=None markdown_v2=None fit_markdown=None fit_html=None extracted_content=None metadata=None error_message='Unexpected error in _crawl_web at line 1205 in _crawl_web (../../.pyenv/versions/3.12.6/lib/python3.12/site-packages/crawl4ai/async_crawler_strategy.py):\nError: Failed on navigating ACS-GOTO:\nPage.goto: Timeout 10000ms exceeded.\nCall log:\n  - navigating to "https://www.lycoming.edu/news/stories/2020/02/chemistry-student-award.aspx", waiting until "domcontentloaded"\n\n\nCode context:\n1200   \n1201                       response = await page.goto(\n1202                           url, wait_until=config.wait_until, timeout=config.page_timeout\n1203                       )\n1204                   except Error as e:\n1205 →                     raise RuntimeError(f"Failed on navigating ACS-GOTO:\\n{str(e)}")\n1206   \n1207                   await self.execute_hook("after_goto", page, context=context, url=url, response=response)\n1208   \n1209                   if response is None:\n1210                       status_code = 200' session_id=None response_headers=None status_code=None ssl_certificate=None


Failed to crawl: https://www.lycoming.edu/news/stories/2020/02/harding-lecture-kachline.aspx
Result: url='https://www.lycoming.edu/news/stories/2020/02/harding-lecture-kachline.aspx' html='' success=False cleaned_html=None media={} links={} downloaded_files=None screenshot=None pdf=None markdown=None markdown_v2=None fit_markdown=None fit_html=None extracted_content=None metadata=None error_message='Unexpected error in _crawl_web at line 1246 in _crawl_web (../../.pyenv/versions/3.12.6/lib/python3.12/site-packages/crawl4ai/async_crawler_strategy.py):\nError: \'AsyncPlaywrightCrawlerStrategy\' object has no attribute \'config\'\n\nCode context:\n1241                       raise Error(f"Body element is hidden: {visibility_info}")\n1242   \n1243               except Error as e:\n1244                   visibility_info = await self.check_visibility(page)\n1245   \n1246 →                 if self.config.verbose:\n1247                       self.logger.debug(\n1248                           message="Body visibility info: {info}",\n1249                           tag="DEBUG",\n1250                           params={"info": visibility_info},\n1251                       )' session_id=None response_headers=None status_code=None ssl_certificate=None


Failed to crawl: https://www.lycoming.edu/news/stories/2020/02/kcactf.aspx
Result: url='https://www.lycoming.edu/news/stories/2020/02/kcactf.aspx' html='' success=False cleaned_html=None media={} links={} downloaded_files=None screenshot=None pdf=None markdown=None markdown_v2=None fit_markdown=None fit_html=None extracted_content=None metadata=None error_message='Unexpected error in _crawl_web at line 1205 in _crawl_web (../../.pyenv/versions/3.12.6/lib/python3.12/site-packages/crawl4ai/async_crawler_strategy.py):\nError: Failed on navigating ACS-GOTO:\nPage.goto: Timeout 10000ms exceeded.\nCall log:\n  - navigating to "https://www.lycoming.edu/news/stories/2020/02/kcactf.aspx", waiting until "domcontentloaded"\n\n\nCode context:\n1200   \n1201                       response = await page.goto(\n1202                           url, wait_until=config.wait_until, timeout=config.page_timeout\n1203                       )\n1204                   except Error as e:\n1205 →                     raise RuntimeError(f"Failed on navigating ACS-GOTO:\\n{str(e)}")\n1206   \n1207                   await self.execute_hook("after_goto", page, context=context, url=url, response=response)\n1208   \n1209                   if response is None:\n1210                       status_code = 200' session_id=None response_headers=None status_code=None ssl_certificate=None


Failed to crawl: https://www.lycoming.edu/news/stories/2020/02/littl-green-men-planetarium.aspx
Result: url='https://www.lycoming.edu/news/stories/2020/02/littl-green-men-planetarium.aspx' html='' success=False cleaned_html=None media={} links={} downloaded_files=None screenshot=None pdf=None markdown=None markdown_v2=None fit_markdown=None fit_html=None extracted_content=None metadata=None error_message='Unexpected error in _crawl_web at line 1205 in _crawl_web (../../.pyenv/versions/3.12.6/lib/python3.12/site-packages/crawl4ai/async_crawler_strategy.py):\nError: Failed on navigating ACS-GOTO:\nPage.goto: Timeout 10000ms exceeded.\nCall log:\n  - navigating to "https://www.lycoming.edu/news/stories/2020/02/littl-green-men-planetarium.aspx", waiting until "domcontentloaded"\n\n\nCode context:\n1200   \n1201                       response = await page.goto(\n1202                           url, wait_until=config.wait_until, timeout=config.page_timeout\n1203                       )\n1204                   except Error as e:\n1205 →                     raise RuntimeError(f"Failed on navigating ACS-GOTO:\\n{str(e)}")\n1206   \n1207                   await self.execute_hook("after_goto", page, context=context, url=url, response=response)\n1208   \n1209                   if response is None:\n1210                       status_code = 200' session_id=None response_headers=None status_code=None ssl_certificate=None


Failed to crawl: https://www.lycoming.edu/news/stories/2020/02/mass-spectrometer.aspx
Result: url='https://www.lycoming.edu/news/stories/2020/02/mass-spectrometer.aspx' html='' success=False cleaned_html=None media={} links={} downloaded_files=None screenshot=None pdf=None markdown=None markdown_v2=None fit_markdown=None fit_html=None extracted_content=None metadata=None error_message='Unexpected error in _crawl_web at line 1205 in _crawl_web (../../.pyenv/versions/3.12.6/lib/python3.12/site-packages/crawl4ai/async_crawler_strategy.py):\nError: Failed on navigating ACS-GOTO:\nPage.goto: Timeout 10000ms exceeded.\nCall log:\n  - navigating to "https://www.lycoming.edu/news/stories/2020/02/mass-spectrometer.aspx", waiting until "domcontentloaded"\n\n\nCode context:\n1200   \n1201                       response = await page.goto(\n1202                           url, wait_until=config.wait_until, timeout=config.page_timeout\n1203                       )\n1204                   except Error as e:\n1205 →                     raise RuntimeError(f"Failed on navigating ACS-GOTO:\\n{str(e)}")\n1206   \n1207                   await self.execute_hook("after_goto", page, context=context, url=url, response=response)\n1208   \n1209                   if response is None:\n1210                       status_code = 200' session_id=None response_headers=None status_code=None ssl_certificate=None


Failed to crawl: https://www.lycoming.edu/news/stories/2020/02/mlk-plaque-dedication.aspx
Result: url='https://www.lycoming.edu/news/stories/2020/02/mlk-plaque-dedication.aspx' html='' success=False cleaned_html=None media={} links={} downloaded_files=None screenshot=None pdf=None markdown=None markdown_v2=None fit_markdown=None fit_html=None extracted_content=None metadata=None error_message='Unexpected error in _crawl_web at line 1205 in _crawl_web (../../.pyenv/versions/3.12.6/lib/python3.12/site-packages/crawl4ai/async_crawler_strategy.py):\nError: Failed on navigating ACS-GOTO:\nPage.goto: Timeout 10000ms exceeded.\nCall log:\n  - navigating to "https://www.lycoming.edu/news/stories/2020/02/mlk-plaque-dedication.aspx", waiting until "domcontentloaded"\n\n\nCode context:\n1200   \n1201                       response = await page.goto(\n1202                           url, wait_until=config.wait_until, timeout=config.page_timeout\n1203                       )\n1204                   except Error as e:\n1205 →                     raise RuntimeError(f"Failed on navigating ACS-GOTO:\\n{str(e)}")\n1206   \n1207                   await self.execute_hook("after_goto", page, context=context, url=url, response=response)\n1208   \n1209                   if response is None:\n1210                       status_code = 200' session_id=None response_headers=None status_code=None ssl_certificate=None


Failed to crawl: https://www.lycoming.edu/news/stories/2020/02/remembering-king.aspx
Result: url='https://www.lycoming.edu/news/stories/2020/02/remembering-king.aspx' html='' success=False cleaned_html=None media={} links={} downloaded_files=None screenshot=None pdf=None markdown=None markdown_v2=None fit_markdown=None fit_html=None extracted_content=None metadata=None error_message='Unexpected error in _crawl_web at line 1205 in _crawl_web (../../.pyenv/versions/3.12.6/lib/python3.12/site-packages/crawl4ai/async_crawler_strategy.py):\nError: Failed on navigating ACS-GOTO:\nPage.goto: Timeout 10000ms exceeded.\nCall log:\n  - navigating to "https://www.lycoming.edu/news/stories/2020/02/remembering-king.aspx", waiting until "domcontentloaded"\n\n\nCode context:\n1200   \n1201                       response = await page.goto(\n1202                           url, wait_until=config.wait_until, timeout=config.page_timeout\n1203                       )\n1204                   except Error as e:\n1205 →                     raise RuntimeError(f"Failed on navigating ACS-GOTO:\\n{str(e)}")\n1206   \n1207                   await self.execute_hook("after_goto", page, context=context, url=url, response=response)\n1208   \n1209                   if response is None:\n1210                       status_code = 200' session_id=None response_headers=None status_code=None ssl_certificate=None


Failed to crawl: https://www.lycoming.edu/news/stories/2020/03/brilliiant-corners-summer-2020.aspx
Result: url='https://www.lycoming.edu/news/stories/2020/03/brilliiant-corners-summer-2020.aspx' html='' success=False cleaned_html=None media={} links={} downloaded_files=None screenshot=None pdf=None markdown=None markdown_v2=None fit_markdown=None fit_html=None extracted_content=None metadata=None error_message='Unexpected error in _crawl_web at line 1205 in _crawl_web (../../.pyenv/versions/3.12.6/lib/python3.12/site-packages/crawl4ai/async_crawler_strategy.py):\nError: Failed on navigating ACS-GOTO:\nPage.goto: Timeout 10000ms exceeded.\nCall log:\n  - navigating to "https://www.lycoming.edu/news/stories/2020/03/brilliiant-corners-summer-2020.aspx", waiting until "domcontentloaded"\n\n\nCode context:\n1200   \n1201                       response = await page.goto(\n1202                           url, wait_until=config.wait_until, timeout=config.page_timeout\n1203                       )\n1204                   except Error as e:\n1205 →                     raise RuntimeError(f"Failed on navigating ACS-GOTO:\\n{str(e)}")\n1206   \n1207                   await self.execute_hook("after_goto", page, context=context, url=url, response=response)\n1208   \n1209                   if response is None:\n1210                       status_code = 200' session_id=None response_headers=None status_code=None ssl_certificate=None


Failed to crawl: https://www.lycoming.edu/news/stories/2020/03/getting-wrecked.aspx
Result: url='https://www.lycoming.edu/news/stories/2020/03/getting-wrecked.aspx' html='' success=False cleaned_html=None media={} links={} downloaded_files=None screenshot=None pdf=None markdown=None markdown_v2=None fit_markdown=None fit_html=None extracted_content=None metadata=None error_message='Unexpected error in _crawl_web at line 1205 in _crawl_web (../../.pyenv/versions/3.12.6/lib/python3.12/site-packages/crawl4ai/async_crawler_strategy.py):\nError: Failed on navigating ACS-GOTO:\nPage.goto: Timeout 10000ms exceeded.\nCall log:\n  - navigating to "https://www.lycoming.edu/news/stories/2020/03/getting-wrecked.aspx", waiting until "domcontentloaded"\n\n\nCode context:\n1200   \n1201                       response = await page.goto(\n1202                           url, wait_until=config.wait_until, timeout=config.page_timeout\n1203                       )\n1204                   except Error as e:\n1205 →                     raise RuntimeError(f"Failed on navigating ACS-GOTO:\\n{str(e)}")\n1206   \n1207                   await self.execute_hook("after_goto", page, context=context, url=url, response=response)\n1208   \n1209                   if response is None:\n1210                       status_code = 200' session_id=None response_headers=None status_code=None ssl_certificate=None


Failed to crawl: https://www.lycoming.edu/news/stories/2020/03/heyes-monograph-st-margaret.aspx
Result: url='https://www.lycoming.edu/news/stories/2020/03/heyes-monograph-st-margaret.aspx' html='' success=False cleaned_html=None media={} links={} downloaded_files=None screenshot=None pdf=None markdown=None markdown_v2=None fit_markdown=None fit_html=None extracted_content=None metadata=None error_message='Unexpected error in _crawl_web at line 1205 in _crawl_web (../../.pyenv/versions/3.12.6/lib/python3.12/site-packages/crawl4ai/async_crawler_strategy.py):\nError: Failed on navigating ACS-GOTO:\nPage.goto: Timeout 10000ms exceeded.\nCall log:\n  - navigating to "https://www.lycoming.edu/news/stories/2020/03/heyes-monograph-st-margaret.aspx", waiting until "domcontentloaded"\n\n\nCode context:\n1200   \n1201                       response = await page.goto(\n1202                           url, wait_until=config.wait_until, timeout=config.page_timeout\n1203                       )\n1204                   except Error as e:\n1205 →                     raise RuntimeError(f"Failed on navigating ACS-GOTO:\\n{str(e)}")\n1206   \n1207                   await self.execute_hook("after_goto", page, context=context, url=url, response=response)\n1208   \n1209                   if response is None:\n1210                       status_code = 200' session_id=None response_headers=None status_code=None ssl_certificate=None


Failed to crawl: https://www.lycoming.edu/news/stories/2020/03/robert-higgins.aspx
Result: url='https://www.lycoming.edu/news/stories/2020/03/robert-higgins.aspx' html='' success=False cleaned_html=None media={} links={} downloaded_files=None screenshot=None pdf=None markdown=None markdown_v2=None fit_markdown=None fit_html=None extracted_content=None metadata=None error_message='Unexpected error in _crawl_web at line 1205 in _crawl_web (../../.pyenv/versions/3.12.6/lib/python3.12/site-packages/crawl4ai/async_crawler_strategy.py):\nError: Failed on navigating ACS-GOTO:\nPage.goto: Timeout 10000ms exceeded.\nCall log:\n  - navigating to "https://www.lycoming.edu/news/stories/2020/03/robert-higgins.aspx", waiting until "domcontentloaded"\n\n\nCode context:\n1200   \n1201                       response = await page.goto(\n1202                           url, wait_until=config.wait_until, timeout=config.page_timeout\n1203                       )\n1204                   except Error as e:\n1205 →                     raise RuntimeError(f"Failed on navigating ACS-GOTO:\\n{str(e)}")\n1206   \n1207                   await self.execute_hook("after_goto", page, context=context, url=url, response=response)\n1208   \n1209                   if response is None:\n1210                       status_code = 200' session_id=None response_headers=None status_code=None ssl_certificate=None


Failed to crawl: https://www.lycoming.edu/news/stories/2020/03/shangraw-athletic-complex-enhancement.aspx
Result: url='https://www.lycoming.edu/news/stories/2020/03/shangraw-athletic-complex-enhancement.aspx' html='' success=False cleaned_html=None media={} links={} downloaded_files=None screenshot=None pdf=None markdown=None markdown_v2=None fit_markdown=None fit_html=None extracted_content=None metadata=None error_message='Unexpected error in _crawl_web at line 1205 in _crawl_web (../../.pyenv/versions/3.12.6/lib/python3.12/site-packages/crawl4ai/async_crawler_strategy.py):\nError: Failed on navigating ACS-GOTO:\nPage.goto: Timeout 10000ms exceeded.\nCall log:\n  - navigating to "https://www.lycoming.edu/news/stories/2020/03/shangraw-athletic-complex-enhancement.aspx", waiting until "domcontentloaded"\n\n\nCode context:\n1200   \n1201                       response = await page.goto(\n1202                           url, wait_until=config.wait_until, timeout=config.page_timeout\n1203                       )\n1204                   except Error as e:\n1205 →                     raise RuntimeError(f"Failed on navigating ACS-GOTO:\\n{str(e)}")\n1206   \n1207                   await self.execute_hook("after_goto", page, context=context, url=url, response=response)\n1208   \n1209                   if response is None:\n1210                       status_code = 200' session_id=None response_headers=None status_code=None ssl_certificate=None


Failed to crawl: https://www.lycoming.edu/news/stories/2020/03/shrek-the-musical.aspx
Result: url='https://www.lycoming.edu/news/stories/2020/03/shrek-the-musical.aspx' html='' success=False cleaned_html=None media={} links={} downloaded_files=None screenshot=None pdf=None markdown=None markdown_v2=None fit_markdown=None fit_html=None extracted_content=None metadata=None error_message='Unexpected error in _crawl_web at line 1205 in _crawl_web (../../.pyenv/versions/3.12.6/lib/python3.12/site-packages/crawl4ai/async_crawler_strategy.py):\nError: Failed on navigating ACS-GOTO:\nPage.goto: Timeout 10000ms exceeded.\nCall log:\n  - navigating to "https://www.lycoming.edu/news/stories/2020/03/shrek-the-musical.aspx", waiting until "domcontentloaded"\n\n\nCode context:\n1200   \n1201                       response = await page.goto(\n1202                           url, wait_until=config.wait_until, timeout=config.page_timeout\n1203                       )\n1204                   except Error as e:\n1205 →                     raise RuntimeError(f"Failed on navigating ACS-GOTO:\\n{str(e)}")\n1206   \n1207                   await self.execute_hook("after_goto", page, context=context, url=url, response=response)\n1208   \n1209                   if response is None:\n1210                       status_code = 200' session_id=None response_headers=None status_code=None ssl_certificate=None


Failed to crawl: https://www.lycoming.edu/news/stories/2020/04/a-message-from-the-president.aspx
Result: url='https://www.lycoming.edu/news/stories/2020/04/a-message-from-the-president.aspx' html='' success=False cleaned_html=None media={} links={} downloaded_files=None screenshot=None pdf=None markdown=None markdown_v2=None fit_markdown=None fit_html=None extracted_content=None metadata=None error_message='Unexpected error in _crawl_web at line 1205 in _crawl_web (../../.pyenv/versions/3.12.6/lib/python3.12/site-packages/crawl4ai/async_crawler_strategy.py):\nError: Failed on navigating ACS-GOTO:\nPage.goto: Timeout 10000ms exceeded.\nCall log:\n  - navigating to "https://www.lycoming.edu/news/stories/2020/04/a-message-from-the-president.aspx", waiting until "domcontentloaded"\n\n\nCode context:\n1200   \n1201                       response = await page.goto(\n1202                           url, wait_until=config.wait_until, timeout=config.page_timeout\n1203                       )\n1204                   except Error as e:\n1205 →                     raise RuntimeError(f"Failed on navigating ACS-GOTO:\\n{str(e)}")\n1206   \n1207                   await self.execute_hook("after_goto", page, context=context, url=url, response=response)\n1208   \n1209                   if response is None:\n1210                       status_code = 200' session_id=None response_headers=None status_code=None ssl_certificate=None


Failed to crawl: https://www.lycoming.edu/news/stories/2020/04/day-of-giving-2020.aspx
Result: url='https://www.lycoming.edu/news/stories/2020/04/day-of-giving-2020.aspx' html='' success=False cleaned_html=None media={} links={} downloaded_files=None screenshot=None pdf=None markdown=None markdown_v2=None fit_markdown=None fit_html=None extracted_content=None metadata=None error_message='Unexpected error in _crawl_web at line 1205 in _crawl_web (../../.pyenv/versions/3.12.6/lib/python3.12/site-packages/crawl4ai/async_crawler_strategy.py):\nError: Failed on navigating ACS-GOTO:\nPage.goto: Timeout 10000ms exceeded.\nCall log:\n  - navigating to "https://www.lycoming.edu/news/stories/2020/04/day-of-giving-2020.aspx", waiting until "domcontentloaded"\n\n\nCode context:\n1200   \n1201                       response = await page.goto(\n1202                           url, wait_until=config.wait_until, timeout=config.page_timeout\n1203                       )\n1204                   except Error as e:\n1205 →                     raise RuntimeError(f"Failed on navigating ACS-GOTO:\\n{str(e)}")\n1206   \n1207                   await self.execute_hook("after_goto", page, context=context, url=url, response=response)\n1208   \n1209                   if response is None:\n1210                       status_code = 200' session_id=None response_headers=None status_code=None ssl_certificate=None


Failed to crawl: https://www.lycoming.edu/news/stories/2020/04/nick-russello-biochemistry.aspx
Result: url='https://www.lycoming.edu/news/stories/2020/04/nick-russello-biochemistry.aspx' html='' success=False cleaned_html=None media={} links={} downloaded_files=None screenshot=None pdf=None markdown=None markdown_v2=None fit_markdown=None fit_html=None extracted_content=None metadata=None error_message='Unexpected error in _crawl_web at line 1205 in _crawl_web (../../.pyenv/versions/3.12.6/lib/python3.12/site-packages/crawl4ai/async_crawler_strategy.py):\nError: Failed on navigating ACS-GOTO:\nPage.goto: Timeout 10000ms exceeded.\nCall log:\n  - navigating to "https://www.lycoming.edu/news/stories/2020/04/nick-russello-biochemistry.aspx", waiting until "domcontentloaded"\n\n\nCode context:\n1200   \n1201                       response = await page.goto(\n1202                           url, wait_until=config.wait_until, timeout=config.page_timeout\n1203                       )\n1204                   except Error as e:\n1205 →                     raise RuntimeError(f"Failed on navigating ACS-GOTO:\\n{str(e)}")\n1206   \n1207                   await self.execute_hook("after_goto", page, context=context, url=url, response=response)\n1208   \n1209                   if response is None:\n1210                       status_code = 200' session_id=None response_headers=None status_code=None ssl_certificate=None


Failed to crawl: https://www.lycoming.edu/news/stories/2020/04/nsf-archaeology-grant.aspx
Result: url='https://www.lycoming.edu/news/stories/2020/04/nsf-archaeology-grant.aspx' html='' success=False cleaned_html=None media={} links={} downloaded_files=None screenshot=None pdf=None markdown=None markdown_v2=None fit_markdown=None fit_html=None extracted_content=None metadata=None error_message='Unexpected error in _crawl_web at line 1205 in _crawl_web (../../.pyenv/versions/3.12.6/lib/python3.12/site-packages/crawl4ai/async_crawler_strategy.py):\nError: Failed on navigating ACS-GOTO:\nPage.goto: Timeout 10000ms exceeded.\nCall log:\n  - navigating to "https://www.lycoming.edu/news/stories/2020/04/nsf-archaeology-grant.aspx", waiting until "domcontentloaded"\n\n\nCode context:\n1200   \n1201                       response = await page.goto(\n1202                           url, wait_until=config.wait_until, timeout=config.page_timeout\n1203                       )\n1204                   except Error as e:\n1205 →                     raise RuntimeError(f"Failed on navigating ACS-GOTO:\\n{str(e)}")\n1206   \n1207                   await self.execute_hook("after_goto", page, context=context, url=url, response=response)\n1208   \n1209                   if response is None:\n1210                       status_code = 200' session_id=None response_headers=None status_code=None ssl_certificate=None


Failed to crawl: https://www.lycoming.edu/news/stories/2020/04/senior-film-screening.aspx
Result: url='https://www.lycoming.edu/news/stories/2020/04/senior-film-screening.aspx' html='' success=False cleaned_html=None media={} links={} downloaded_files=None screenshot=None pdf=None markdown=None markdown_v2=None fit_markdown=None fit_html=None extracted_content=None metadata=None error_message='Unexpected error in _crawl_web at line 1205 in _crawl_web (../../.pyenv/versions/3.12.6/lib/python3.12/site-packages/crawl4ai/async_crawler_strategy.py):\nError: Failed on navigating ACS-GOTO:\nPage.goto: Timeout 10000ms exceeded.\nCall log:\n  - navigating to "https://www.lycoming.edu/news/stories/2020/04/senior-film-screening.aspx", waiting until "domcontentloaded"\n\n\nCode context:\n1200   \n1201                       response = await page.goto(\n1202                           url, wait_until=config.wait_until, timeout=config.page_timeout\n1203                       )\n1204                   except Error as e:\n1205 →                     raise RuntimeError(f"Failed on navigating ACS-GOTO:\\n{str(e)}")\n1206   \n1207                   await self.execute_hook("after_goto", page, context=context, url=url, response=response)\n1208   \n1209                   if response is None:\n1210                       status_code = 200' session_id=None response_headers=None status_code=None ssl_certificate=None


Failed to crawl: https://www.lycoming.edu/news/stories/2020/04/spanish-class-translation.aspx
Result: url='https://www.lycoming.edu/news/stories/2020/04/spanish-class-translation.aspx' html='' success=False cleaned_html=None media={} links={} downloaded_files=None screenshot=None pdf=None markdown=None markdown_v2=None fit_markdown=None fit_html=None extracted_content=None metadata=None error_message='Unexpected error in _crawl_web at line 1205 in _crawl_web (../../.pyenv/versions/3.12.6/lib/python3.12/site-packages/crawl4ai/async_crawler_strategy.py):\nError: Failed on navigating ACS-GOTO:\nPage.goto: Timeout 10000ms exceeded.\nCall log:\n  - navigating to "https://www.lycoming.edu/news/stories/2020/04/spanish-class-translation.aspx", waiting until "domcontentloaded"\n\n\nCode context:\n1200   \n1201                       response = await page.goto(\n1202                           url, wait_until=config.wait_until, timeout=config.page_timeout\n1203                       )\n1204                   except Error as e:\n1205 →                     raise RuntimeError(f"Failed on navigating ACS-GOTO:\\n{str(e)}")\n1206   \n1207                   await self.execute_hook("after_goto", page, context=context, url=url, response=response)\n1208   \n1209                   if response is None:\n1210                       status_code = 200' session_id=None response_headers=None status_code=None ssl_certificate=None


Failed to crawl: https://www.lycoming.edu/news/stories/2020/04/tributary-2020.aspx
Result: url='https://www.lycoming.edu/news/stories/2020/04/tributary-2020.aspx' html='' success=False cleaned_html=None media={} links={} downloaded_files=None screenshot=None pdf=None markdown=None markdown_v2=None fit_markdown=None fit_html=None extracted_content=None metadata=None error_message='Unexpected error in _crawl_web at line 1205 in _crawl_web (../../.pyenv/versions/3.12.6/lib/python3.12/site-packages/crawl4ai/async_crawler_strategy.py):\nError: Failed on navigating ACS-GOTO:\nPage.goto: Timeout 10000ms exceeded.\nCall log:\n  - navigating to "https://www.lycoming.edu/news/stories/2020/04/tributary-2020.aspx", waiting until "domcontentloaded"\n\n\nCode context:\n1200   \n1201                       response = await page.goto(\n1202                           url, wait_until=config.wait_until, timeout=config.page_timeout\n1203                       )\n1204                   except Error as e:\n1205 →                     raise RuntimeError(f"Failed on navigating ACS-GOTO:\\n{str(e)}")\n1206   \n1207                   await self.execute_hook("after_goto", page, context=context, url=url, response=response)\n1208   \n1209                   if response is None:\n1210                       status_code = 200' session_id=None response_headers=None status_code=None ssl_certificate=None


Failed to crawl: https://www.lycoming.edu/news/stories/2020/05/brad-and-melissa-webb.aspx
Result: url='https://www.lycoming.edu/news/stories/2020/05/brad-and-melissa-webb.aspx' html='' success=False cleaned_html=None media={} links={} downloaded_files=None screenshot=None pdf=None markdown=None markdown_v2=None fit_markdown=None fit_html=None extracted_content=None metadata=None error_message='Unexpected error in _crawl_web at line 1205 in _crawl_web (../../.pyenv/versions/3.12.6/lib/python3.12/site-packages/crawl4ai/async_crawler_strategy.py):\nError: Failed on navigating ACS-GOTO:\nPage.goto: Timeout 10000ms exceeded.\nCall log:\n  - navigating to "https://www.lycoming.edu/news/stories/2020/05/brad-and-melissa-webb.aspx", waiting until "domcontentloaded"\n\n\nCode context:\n1200   \n1201                       response = await page.goto(\n1202                           url, wait_until=config.wait_until, timeout=config.page_timeout\n1203                       )\n1204                   except Error as e:\n1205 →                     raise RuntimeError(f"Failed on navigating ACS-GOTO:\\n{str(e)}")\n1206   \n1207                   await self.execute_hook("after_goto", page, context=context, url=url, response=response)\n1208   \n1209                   if response is None:\n1210                       status_code = 200' session_id=None response_headers=None status_code=None ssl_certificate=None


Failed to crawl: https://www.lycoming.edu/news/stories/2020/05/conferral-of-degrees.aspx
Result: url='https://www.lycoming.edu/news/stories/2020/05/conferral-of-degrees.aspx' html='' success=False cleaned_html=None media={} links={} downloaded_files=None screenshot=None pdf=None markdown=None markdown_v2=None fit_markdown=None fit_html=None extracted_content=None metadata=None error_message='Unexpected error in _crawl_web at line 1205 in _crawl_web (../../.pyenv/versions/3.12.6/lib/python3.12/site-packages/crawl4ai/async_crawler_strategy.py):\nError: Failed on navigating ACS-GOTO:\nPage.goto: Timeout 10000ms exceeded.\nCall log:\n  - navigating to "https://www.lycoming.edu/news/stories/2020/05/conferral-of-degrees.aspx", waiting until "domcontentloaded"\n\n\nCode context:\n1200   \n1201                       response = await page.goto(\n1202                           url, wait_until=config.wait_until, timeout=config.page_timeout\n1203                       )\n1204                   except Error as e:\n1205 →                     raise RuntimeError(f"Failed on navigating ACS-GOTO:\\n{str(e)}")\n1206   \n1207                   await self.execute_hook("after_goto", page, context=context, url=url, response=response)\n1208   \n1209                   if response is None:\n1210                       status_code = 200' session_id=None response_headers=None status_code=None ssl_certificate=None


Failed to crawl: https://www.lycoming.edu/news/stories/2020/05/departmental-honors.aspx
Result: url='https://www.lycoming.edu/news/stories/2020/05/departmental-honors.aspx' html='' success=False cleaned_html=None media={} links={} downloaded_files=None screenshot=None pdf=None markdown=None markdown_v2=None fit_markdown=None fit_html=None extracted_content=None metadata=None error_message='Unexpected error in _crawl_web at line 1205 in _crawl_web (../../.pyenv/versions/3.12.6/lib/python3.12/site-packages/crawl4ai/async_crawler_strategy.py):\nError: Failed on navigating ACS-GOTO:\nPage.goto: Timeout 10000ms exceeded.\nCall log:\n  - navigating to "https://www.lycoming.edu/news/stories/2020/05/departmental-honors.aspx", waiting until "domcontentloaded"\n\n\nCode context:\n1200   \n1201                       response = await page.goto(\n1202                           url, wait_until=config.wait_until, timeout=config.page_timeout\n1203                       )\n1204                   except Error as e:\n1205 →                     raise RuntimeError(f"Failed on navigating ACS-GOTO:\\n{str(e)}")\n1206   \n1207                   await self.execute_hook("after_goto", page, context=context, url=url, response=response)\n1208   \n1209                   if response is None:\n1210                       status_code = 200' session_id=None response_headers=None status_code=None ssl_certificate=None


Failed to crawl: https://www.lycoming.edu/news/stories/2020/05/leadership-service.aspx
Result: url='https://www.lycoming.edu/news/stories/2020/05/leadership-service.aspx' html='' success=False cleaned_html=None media={} links={} downloaded_files=None screenshot=None pdf=None markdown=None markdown_v2=None fit_markdown=None fit_html=None extracted_content=None metadata=None error_message='Unexpected error in _crawl_web at line 1205 in _crawl_web (../../.pyenv/versions/3.12.6/lib/python3.12/site-packages/crawl4ai/async_crawler_strategy.py):\nError: Failed on navigating ACS-GOTO:\nPage.goto: Timeout 10000ms exceeded.\nCall log:\n  - navigating to "https://www.lycoming.edu/news/stories/2020/05/leadership-service.aspx", waiting until "domcontentloaded"\n\n\nCode context:\n1200   \n1201                       response = await page.goto(\n1202                           url, wait_until=config.wait_until, timeout=config.page_timeout\n1203                       )\n1204                   except Error as e:\n1205 →                     raise RuntimeError(f"Failed on navigating ACS-GOTO:\\n{str(e)}")\n1206   \n1207                   await self.execute_hook("after_goto", page, context=context, url=url, response=response)\n1208   \n1209                   if response is None:\n1210                       status_code = 200' session_id=None response_headers=None status_code=None ssl_certificate=None


Failed to crawl: https://www.lycoming.edu/news/stories/2020/05/rotc-graduates.aspx
Result: url='https://www.lycoming.edu/news/stories/2020/05/rotc-graduates.aspx' html='' success=False cleaned_html=None media={} links={} downloaded_files=None screenshot=None pdf=None markdown=None markdown_v2=None fit_markdown=None fit_html=None extracted_content=None metadata=None error_message='Unexpected error in _crawl_web at line 1205 in _crawl_web (../../.pyenv/versions/3.12.6/lib/python3.12/site-packages/crawl4ai/async_crawler_strategy.py):\nError: Failed on navigating ACS-GOTO:\nPage.goto: Timeout 10000ms exceeded.\nCall log:\n  - navigating to "https://www.lycoming.edu/news/stories/2020/05/rotc-graduates.aspx", waiting until "domcontentloaded"\n\n\nCode context:\n1200   \n1201                       response = await page.goto(\n1202                           url, wait_until=config.wait_until, timeout=config.page_timeout\n1203                       )\n1204                   except Error as e:\n1205 →                     raise RuntimeError(f"Failed on navigating ACS-GOTO:\\n{str(e)}")\n1206   \n1207                   await self.execute_hook("after_goto", page, context=context, url=url, response=response)\n1208   \n1209                   if response is None:\n1210                       status_code = 200' session_id=None response_headers=None status_code=None ssl_certificate=None


Failed to crawl: https://www.lycoming.edu/news/stories/2020/05/silkey-washington-post.aspx
Result: url='https://www.lycoming.edu/news/stories/2020/05/silkey-washington-post.aspx' html='' success=False cleaned_html=None media={} links={} downloaded_files=None screenshot=None pdf=None markdown=None markdown_v2=None fit_markdown=None fit_html=None extracted_content=None metadata=None error_message='Unexpected error in _crawl_web at line 1205 in _crawl_web (../../.pyenv/versions/3.12.6/lib/python3.12/site-packages/crawl4ai/async_crawler_strategy.py):\nError: Failed on navigating ACS-GOTO:\nPage.goto: Timeout 10000ms exceeded.\nCall log:\n  - navigating to "https://www.lycoming.edu/news/stories/2020/05/silkey-washington-post.aspx", waiting until "domcontentloaded"\n\n\nCode context:\n1200   \n1201                       response = await page.goto(\n1202                           url, wait_until=config.wait_until, timeout=config.page_timeout\n1203                       )\n1204                   except Error as e:\n1205 →                     raise RuntimeError(f"Failed on navigating ACS-GOTO:\\n{str(e)}")\n1206   \n1207                   await self.execute_hook("after_goto", page, context=context, url=url, response=response)\n1208   \n1209                   if response is None:\n1210                       status_code = 200' session_id=None response_headers=None status_code=None ssl_certificate=None


Failed to crawl: https://www.lycoming.edu/news/stories/2020/08/pearl-monticello-fellowship.aspx
Result: url='https://www.lycoming.edu/news/stories/2020/08/pearl-monticello-fellowship.aspx' html='' success=False cleaned_html=None media={} links={} downloaded_files=None screenshot=None pdf=None markdown=None markdown_v2=None fit_markdown=None fit_html=None extracted_content=None metadata=None error_message='Unexpected error in _crawl_web at line 1205 in _crawl_web (../../.pyenv/versions/3.12.6/lib/python3.12/site-packages/crawl4ai/async_crawler_strategy.py):\nError: Failed on navigating ACS-GOTO:\nPage.goto: Timeout 10000ms exceeded.\nCall log:\n  - navigating to "https://www.lycoming.edu/news/stories/2020/08/pearl-monticello-fellowship.aspx", waiting until "domcontentloaded"\n\n\nCode context:\n1200   \n1201                       response = await page.goto(\n1202                           url, wait_until=config.wait_until, timeout=config.page_timeout\n1203                       )\n1204                   except Error as e:\n1205 →                     raise RuntimeError(f"Failed on navigating ACS-GOTO:\\n{str(e)}")\n1206   \n1207                   await self.execute_hook("after_goto", page, context=context, url=url, response=response)\n1208   \n1209                   if response is None:\n1210                       status_code = 200' session_id=None response_headers=None status_code=None ssl_certificate=None


Failed to crawl: https://www.lycoming.edu/news/stories/2020/08/theater-adaptation-on-the-pulse.aspx
Result: url='https://www.lycoming.edu/news/stories/2020/08/theater-adaptation-on-the-pulse.aspx' html='' success=False cleaned_html=None media={} links={} downloaded_files=None screenshot=None pdf=None markdown=None markdown_v2=None fit_markdown=None fit_html=None extracted_content=None metadata=None error_message='Unexpected error in _crawl_web at line 1205 in _crawl_web (../../.pyenv/versions/3.12.6/lib/python3.12/site-packages/crawl4ai/async_crawler_strategy.py):\nError: Failed on navigating ACS-GOTO:\nPage.goto: Timeout 10000ms exceeded.\nCall log:\n  - navigating to "https://www.lycoming.edu/news/stories/2020/08/theater-adaptation-on-the-pulse.aspx", waiting until "domcontentloaded"\n\n\nCode context:\n1200   \n1201                       response = await page.goto(\n1202                           url, wait_until=config.wait_until, timeout=config.page_timeout\n1203                       )\n1204                   except Error as e:\n1205 →                     raise RuntimeError(f"Failed on navigating ACS-GOTO:\\n{str(e)}")\n1206   \n1207                   await self.execute_hook("after_goto", page, context=context, url=url, response=response)\n1208   \n1209                   if response is None:\n1210                       status_code = 200' session_id=None response_headers=None status_code=None ssl_certificate=None


Failed to crawl: https://www.lycoming.edu/news/stories/2020/08/town-gown-relationships.aspx
Result: url='https://www.lycoming.edu/news/stories/2020/08/town-gown-relationships.aspx' html='' success=False cleaned_html=None media={} links={} downloaded_files=None screenshot=None pdf=None markdown=None markdown_v2=None fit_markdown=None fit_html=None extracted_content=None metadata=None error_message='Unexpected error in _crawl_web at line 1205 in _crawl_web (../../.pyenv/versions/3.12.6/lib/python3.12/site-packages/crawl4ai/async_crawler_strategy.py):\nError: Failed on navigating ACS-GOTO:\nPage.goto: Timeout 10000ms exceeded.\nCall log:\n  - navigating to "https://www.lycoming.edu/news/stories/2020/08/town-gown-relationships.aspx", waiting until "domcontentloaded"\n\n\nCode context:\n1200   \n1201                       response = await page.goto(\n1202                           url, wait_until=config.wait_until, timeout=config.page_timeout\n1203                       )\n1204                   except Error as e:\n1205 →                     raise RuntimeError(f"Failed on navigating ACS-GOTO:\\n{str(e)}")\n1206   \n1207                   await self.execute_hook("after_goto", page, context=context, url=url, response=response)\n1208   \n1209                   if response is None:\n1210                       status_code = 200' session_id=None response_headers=None status_code=None ssl_certificate=None


Failed to crawl: https://www.lycoming.edu/news/stories/2020/09/doj-grant.aspx
Result: url='https://www.lycoming.edu/news/stories/2020/09/doj-grant.aspx' html='' success=False cleaned_html=None media={} links={} downloaded_files=None screenshot=None pdf=None markdown=None markdown_v2=None fit_markdown=None fit_html=None extracted_content=None metadata=None error_message='Unexpected error in _crawl_web at line 1205 in _crawl_web (../../.pyenv/versions/3.12.6/lib/python3.12/site-packages/crawl4ai/async_crawler_strategy.py):\nError: Failed on navigating ACS-GOTO:\nPage.goto: Timeout 10000ms exceeded.\nCall log:\n  - navigating to "https://www.lycoming.edu/news/stories/2020/09/doj-grant.aspx", waiting until "domcontentloaded"\n\n\nCode context:\n1200   \n1201                       response = await page.goto(\n1202                           url, wait_until=config.wait_until, timeout=config.page_timeout\n1203                       )\n1204                   except Error as e:\n1205 →                     raise RuntimeError(f"Failed on navigating ACS-GOTO:\\n{str(e)}")\n1206   \n1207                   await self.execute_hook("after_goto", page, context=context, url=url, response=response)\n1208   \n1209                   if response is None:\n1210                       status_code = 200' session_id=None response_headers=None status_code=None ssl_certificate=None


Failed to crawl: https://www.lycoming.edu/news/stories/2020/09/faculty-art-show.aspx
Result: url='https://www.lycoming.edu/news/stories/2020/09/faculty-art-show.aspx' html='' success=False cleaned_html=None media={} links={} downloaded_files=None screenshot=None pdf=None markdown=None markdown_v2=None fit_markdown=None fit_html=None extracted_content=None metadata=None error_message='Unexpected error in _crawl_web at line 1205 in _crawl_web (../../.pyenv/versions/3.12.6/lib/python3.12/site-packages/crawl4ai/async_crawler_strategy.py):\nError: Failed on navigating ACS-GOTO:\nPage.goto: Timeout 10000ms exceeded.\nCall log:\n  - navigating to "https://www.lycoming.edu/news/stories/2020/09/faculty-art-show.aspx", waiting until "domcontentloaded"\n\n\nCode context:\n1200   \n1201                       response = await page.goto(\n1202                           url, wait_until=config.wait_until, timeout=config.page_timeout\n1203                       )\n1204                   except Error as e:\n1205 →                     raise RuntimeError(f"Failed on navigating ACS-GOTO:\\n{str(e)}")\n1206   \n1207                   await self.execute_hook("after_goto", page, context=context, url=url, response=response)\n1208   \n1209                   if response is None:\n1210                       status_code = 200' session_id=None response_headers=None status_code=None ssl_certificate=None


Failed to crawl: https://www.lycoming.edu/news/stories/2025/02/girl-in-the-red-corner.aspx
Result: url='https://www.lycoming.edu/news/stories/2025/02/girl-in-the-red-corner.aspx' html='' success=False cleaned_html=None media={} links={} downloaded_files=None screenshot=None pdf=None markdown=None markdown_v2=None fit_markdown=None fit_html=None extracted_content=None metadata=None error_message='Unexpected error in _crawl_web at line 1205 in _crawl_web (../../.pyenv/versions/3.12.6/lib/python3.12/site-packages/crawl4ai/async_crawler_strategy.py):\nError: Failed on navigating ACS-GOTO:\nPage.goto: Timeout 10000ms exceeded.\nCall log:\n  - navigating to "https://www.lycoming.edu/news/stories/2025/02/girl-in-the-red-corner.aspx", waiting until "domcontentloaded"\n\n\nCode context:\n1200   \n1201                       response = await page.goto(\n1202                           url, wait_until=config.wait_until, timeout=config.page_timeout\n1203                       )\n1204                   except Error as e:\n1205 →                     raise RuntimeError(f"Failed on navigating ACS-GOTO:\\n{str(e)}")\n1206   \n1207                   await self.execute_hook("after_goto", page, context=context, url=url, response=response)\n1208   \n1209                   if response is None:\n1210                       status_code = 200' session_id=None response_headers=None status_code=None ssl_certificate=None


Failed to crawl: https://www.lycoming.edu/nursing/
Result: url='https://www.lycoming.edu/nursing/' html='' success=False cleaned_html=None media={} links={} downloaded_files=None screenshot=None pdf=None markdown=None markdown_v2=None fit_markdown=None fit_html=None extracted_content=None metadata=None error_message='Unexpected error in _crawl_web at line 1205 in _crawl_web (../../.pyenv/versions/3.12.6/lib/python3.12/site-packages/crawl4ai/async_crawler_strategy.py):\nError: Failed on navigating ACS-GOTO:\nPage.goto: Timeout 10000ms exceeded.\nCall log:\n  - navigating to "https://www.lycoming.edu/nursing/", waiting until "domcontentloaded"\n\n\nCode context:\n1200   \n1201                       response = await page.goto(\n1202                           url, wait_until=config.wait_until, timeout=config.page_timeout\n1203                       )\n1204                   except Error as e:\n1205 →                     raise RuntimeError(f"Failed on navigating ACS-GOTO:\\n{str(e)}")\n1206   \n1207                   await self.execute_hook("after_goto", page, context=context, url=url, response=response)\n1208   \n1209                   if response is None:\n1210                       status_code = 200' session_id=None response_headers=None status_code=None ssl_certificate=None


Failed to crawl: https://www.lycoming.edu/nursing/faculty.aspx
Result: url='https://www.lycoming.edu/nursing/faculty.aspx' html='' success=False cleaned_html=None media={} links={} downloaded_files=None screenshot=None pdf=None markdown=None markdown_v2=None fit_markdown=None fit_html=None extracted_content=None metadata=None error_message='Unexpected error in _crawl_web at line 1205 in _crawl_web (../../.pyenv/versions/3.12.6/lib/python3.12/site-packages/crawl4ai/async_crawler_strategy.py):\nError: Failed on navigating ACS-GOTO:\nPage.goto: Timeout 10000ms exceeded.\nCall log:\n  - navigating to "https://www.lycoming.edu/nursing/faculty.aspx", waiting until "domcontentloaded"\n\n\nCode context:\n1200   \n1201                       response = await page.goto(\n1202                           url, wait_until=config.wait_until, timeout=config.page_timeout\n1203                       )\n1204                   except Error as e:\n1205 →                     raise RuntimeError(f"Failed on navigating ACS-GOTO:\\n{str(e)}")\n1206   \n1207                   await self.execute_hook("after_goto", page, context=context, url=url, response=response)\n1208   \n1209                   if response is None:\n1210                       status_code = 200' session_id=None response_headers=None status_code=None ssl_certificate=None


Failed to crawl: https://www.lycoming.edu/offices/
Result: url='https://www.lycoming.edu/offices/' html='' success=False cleaned_html=None media={} links={} downloaded_files=None screenshot=None pdf=None markdown=None markdown_v2=None fit_markdown=None fit_html=None extracted_content=None metadata=None error_message='Unexpected error in _crawl_web at line 1205 in _crawl_web (../../.pyenv/versions/3.12.6/lib/python3.12/site-packages/crawl4ai/async_crawler_strategy.py):\nError: Failed on navigating ACS-GOTO:\nPage.goto: Timeout 10000ms exceeded.\nCall log:\n  - navigating to "https://www.lycoming.edu/offices/", waiting until "domcontentloaded"\n\n\nCode context:\n1200   \n1201                       response = await page.goto(\n1202                           url, wait_until=config.wait_until, timeout=config.page_timeout\n1203                       )\n1204                   except Error as e:\n1205 →                     raise RuntimeError(f"Failed on navigating ACS-GOTO:\\n{str(e)}")\n1206   \n1207                   await self.execute_hook("after_goto", page, context=context, url=url, response=response)\n1208   \n1209                   if response is None:\n1210                       status_code = 200' session_id=None response_headers=None status_code=None ssl_certificate=None


Failed to crawl: https://www.lycoming.edu/outdoor/
Result: url='https://www.lycoming.edu/outdoor/' html='' success=False cleaned_html=None media={} links={} downloaded_files=None screenshot=None pdf=None markdown=None markdown_v2=None fit_markdown=None fit_html=None extracted_content=None metadata=None error_message='Unexpected error in _crawl_web at line 1205 in _crawl_web (../../.pyenv/versions/3.12.6/lib/python3.12/site-packages/crawl4ai/async_crawler_strategy.py):\nError: Failed on navigating ACS-GOTO:\nPage.goto: Timeout 10000ms exceeded.\nCall log:\n  - navigating to "https://www.lycoming.edu/outdoor/", waiting until "domcontentloaded"\n\n\nCode context:\n1200   \n1201                       response = await page.goto(\n1202                           url, wait_until=config.wait_until, timeout=config.page_timeout\n1203                       )\n1204                   except Error as e:\n1205 →                     raise RuntimeError(f"Failed on navigating ACS-GOTO:\\n{str(e)}")\n1206   \n1207                   await self.execute_hook("after_goto", page, context=context, url=url, response=response)\n1208   \n1209                   if response is None:\n1210                       status_code = 200' session_id=None response_headers=None status_code=None ssl_certificate=None


Failed to crawl: https://www.lycoming.edu/outdoor/first-year-outdoor-experience.aspx
Result: url='https://www.lycoming.edu/outdoor/first-year-outdoor-experience.aspx' html='' success=False cleaned_html=None media={} links={} downloaded_files=None screenshot=None pdf=None markdown=None markdown_v2=None fit_markdown=None fit_html=None extracted_content=None metadata=None error_message='Unexpected error in _crawl_web at line 1205 in _crawl_web (../../.pyenv/versions/3.12.6/lib/python3.12/site-packages/crawl4ai/async_crawler_strategy.py):\nError: Failed on navigating ACS-GOTO:\nPage.goto: Timeout 10000ms exceeded.\nCall log:\n  - navigating to "https://www.lycoming.edu/outdoor/first-year-outdoor-experience.aspx", waiting until "domcontentloaded"\n\n\nCode context:\n1200   \n1201                       response = await page.goto(\n1202                           url, wait_until=config.wait_until, timeout=config.page_timeout\n1203                       )\n1204                   except Error as e:\n1205 →                     raise RuntimeError(f"Failed on navigating ACS-GOTO:\\n{str(e)}")\n1206   \n1207                   await self.execute_hook("after_goto", page, context=context, url=url, response=response)\n1208   \n1209                   if response is None:\n1210                       status_code = 200' session_id=None response_headers=None status_code=None ssl_certificate=None


Failed to crawl: https://www.lycoming.edu/outdoor/instructor-training.aspx
Result: url='https://www.lycoming.edu/outdoor/instructor-training.aspx' html='' success=False cleaned_html=None media={} links={} downloaded_files=None screenshot=None pdf=None markdown=None markdown_v2=None fit_markdown=None fit_html=None extracted_content=None metadata=None error_message='Unexpected error in _crawl_web at line 1205 in _crawl_web (../../.pyenv/versions/3.12.6/lib/python3.12/site-packages/crawl4ai/async_crawler_strategy.py):\nError: Failed on navigating ACS-GOTO:\nPage.goto: Timeout 10000ms exceeded.\nCall log:\n  - navigating to "https://www.lycoming.edu/outdoor/instructor-training.aspx", waiting until "domcontentloaded"\n\n\nCode context:\n1200   \n1201                       response = await page.goto(\n1202                           url, wait_until=config.wait_until, timeout=config.page_timeout\n1203                       )\n1204                   except Error as e:\n1205 →                     raise RuntimeError(f"Failed on navigating ACS-GOTO:\\n{str(e)}")\n1206   \n1207                   await self.execute_hook("after_goto", page, context=context, url=url, response=response)\n1208   \n1209                   if response is None:\n1210                       status_code = 200' session_id=None response_headers=None status_code=None ssl_certificate=None


Failed to crawl: https://www.lycoming.edu/parents/
Result: url='https://www.lycoming.edu/parents/' html='' success=False cleaned_html=None media={} links={} downloaded_files=None screenshot=None pdf=None markdown=None markdown_v2=None fit_markdown=None fit_html=None extracted_content=None metadata=None error_message='Unexpected error in _crawl_web at line 1205 in _crawl_web (../../.pyenv/versions/3.12.6/lib/python3.12/site-packages/crawl4ai/async_crawler_strategy.py):\nError: Failed on navigating ACS-GOTO:\nPage.goto: Timeout 10000ms exceeded.\nCall log:\n  - navigating to "https://www.lycoming.edu/parents/", waiting until "domcontentloaded"\n\n\nCode context:\n1200   \n1201                       response = await page.goto(\n1202                           url, wait_until=config.wait_until, timeout=config.page_timeout\n1203                       )\n1204                   except Error as e:\n1205 →                     raise RuntimeError(f"Failed on navigating ACS-GOTO:\\n{str(e)}")\n1206   \n1207                   await self.execute_hook("after_goto", page, context=context, url=url, response=response)\n1208   \n1209                   if response is None:\n1210                       status_code = 200' session_id=None response_headers=None status_code=None ssl_certificate=None


Failed to crawl: https://www.lycoming.edu/performing-arts-management/
Result: url='https://www.lycoming.edu/performing-arts-management/' html='' success=False cleaned_html=None media={} links={} downloaded_files=None screenshot=None pdf=None markdown=None markdown_v2=None fit_markdown=None fit_html=None extracted_content=None metadata=None error_message='Unexpected error in _crawl_web at line 1205 in _crawl_web (../../.pyenv/versions/3.12.6/lib/python3.12/site-packages/crawl4ai/async_crawler_strategy.py):\nError: Failed on navigating ACS-GOTO:\nPage.goto: Timeout 10000ms exceeded.\nCall log:\n  - navigating to "https://www.lycoming.edu/performing-arts-management/", waiting until "domcontentloaded"\n\n\nCode context:\n1200   \n1201                       response = await page.goto(\n1202                           url, wait_until=config.wait_until, timeout=config.page_timeout\n1203                       )\n1204                   except Error as e:\n1205 →                     raise RuntimeError(f"Failed on navigating ACS-GOTO:\\n{str(e)}")\n1206   \n1207                   await self.execute_hook("after_goto", page, context=context, url=url, response=response)\n1208   \n1209                   if response is None:\n1210                       status_code = 200' session_id=None response_headers=None status_code=None ssl_certificate=None


Failed to crawl: https://www.lycoming.edu/student-handbook/leave-of-absence-policy.aspx
Result: url='https://www.lycoming.edu/student-handbook/leave-of-absence-policy.aspx' html='' success=False cleaned_html=None media={} links={} downloaded_files=None screenshot=None pdf=None markdown=None markdown_v2=None fit_markdown=None fit_html=None extracted_content=None metadata=None error_message='Unexpected error in _crawl_web at line 1205 in _crawl_web (../../.pyenv/versions/3.12.6/lib/python3.12/site-packages/crawl4ai/async_crawler_strategy.py):\nError: Failed on navigating ACS-GOTO:\nPage.goto: Timeout 10000ms exceeded.\nCall log:\n  - navigating to "https://www.lycoming.edu/student-handbook/leave-of-absence-policy.aspx", waiting until "domcontentloaded"\n\n\nCode context:\n1200   \n1201                       response = await page.goto(\n1202                           url, wait_until=config.wait_until, timeout=config.page_timeout\n1203                       )\n1204                   except Error as e:\n1205 →                     raise RuntimeError(f"Failed on navigating ACS-GOTO:\\n{str(e)}")\n1206   \n1207                   await self.execute_hook("after_goto", page, context=context, url=url, response=response)\n1208   \n1209                   if response is None:\n1210                       status_code = 200' session_id=None response_headers=None status_code=None ssl_certificate=None


Failed to crawl: https://www.lycoming.edu/student-handbook/library-code-of-conduct.aspx
Result: url='https://www.lycoming.edu/student-handbook/library-code-of-conduct.aspx' html='' success=False cleaned_html=None media={} links={} downloaded_files=None screenshot=None pdf=None markdown=None markdown_v2=None fit_markdown=None fit_html=None extracted_content=None metadata=None error_message='Unexpected error in _crawl_web at line 1205 in _crawl_web (../../.pyenv/versions/3.12.6/lib/python3.12/site-packages/crawl4ai/async_crawler_strategy.py):\nError: Failed on navigating ACS-GOTO:\nPage.goto: Timeout 10000ms exceeded.\nCall log:\n  - navigating to "https://www.lycoming.edu/student-handbook/library-code-of-conduct.aspx", waiting until "domcontentloaded"\n\n\nCode context:\n1200   \n1201                       response = await page.goto(\n1202                           url, wait_until=config.wait_until, timeout=config.page_timeout\n1203                       )\n1204                   except Error as e:\n1205 →                     raise RuntimeError(f"Failed on navigating ACS-GOTO:\\n{str(e)}")\n1206   \n1207                   await self.execute_hook("after_goto", page, context=context, url=url, response=response)\n1208   \n1209                   if response is None:\n1210                       status_code = 200' session_id=None response_headers=None status_code=None ssl_certificate=None


Failed to crawl: https://www.lycoming.edu/student-handbook/medical-marijuana.aspx
Result: url='https://www.lycoming.edu/student-handbook/medical-marijuana.aspx' html='' success=False cleaned_html=None media={} links={} downloaded_files=None screenshot=None pdf=None markdown=None markdown_v2=None fit_markdown=None fit_html=None extracted_content=None metadata=None error_message='Unexpected error in _crawl_web at line 1205 in _crawl_web (../../.pyenv/versions/3.12.6/lib/python3.12/site-packages/crawl4ai/async_crawler_strategy.py):\nError: Failed on navigating ACS-GOTO:\nPage.goto: Timeout 10000ms exceeded.\nCall log:\n  - navigating to "https://www.lycoming.edu/student-handbook/medical-marijuana.aspx", waiting until "domcontentloaded"\n\n\nCode context:\n1200   \n1201                       response = await page.goto(\n1202                           url, wait_until=config.wait_until, timeout=config.page_timeout\n1203                       )\n1204                   except Error as e:\n1205 →                     raise RuntimeError(f"Failed on navigating ACS-GOTO:\\n{str(e)}")\n1206   \n1207                   await self.execute_hook("after_goto", page, context=context, url=url, response=response)\n1208   \n1209                   if response is None:\n1210                       status_code = 200' session_id=None response_headers=None status_code=None ssl_certificate=None


Failed to crawl: https://www.lycoming.edu/student-handbook/minor-policy.aspx
Result: url='https://www.lycoming.edu/student-handbook/minor-policy.aspx' html='' success=False cleaned_html=None media={} links={} downloaded_files=None screenshot=None pdf=None markdown=None markdown_v2=None fit_markdown=None fit_html=None extracted_content=None metadata=None error_message='Unexpected error in _crawl_web at line 1205 in _crawl_web (../../.pyenv/versions/3.12.6/lib/python3.12/site-packages/crawl4ai/async_crawler_strategy.py):\nError: Failed on navigating ACS-GOTO:\nPage.goto: Timeout 10000ms exceeded.\nCall log:\n  - navigating to "https://www.lycoming.edu/student-handbook/minor-policy.aspx", waiting until "domcontentloaded"\n\n\nCode context:\n1200   \n1201                       response = await page.goto(\n1202                           url, wait_until=config.wait_until, timeout=config.page_timeout\n1203                       )\n1204                   except Error as e:\n1205 →                     raise RuntimeError(f"Failed on navigating ACS-GOTO:\\n{str(e)}")\n1206   \n1207                   await self.execute_hook("after_goto", page, context=context, url=url, response=response)\n1208   \n1209                   if response is None:\n1210                       status_code = 200' session_id=None response_headers=None status_code=None ssl_certificate=None


Failed to crawl: https://www.lycoming.edu/student-handbook/non-discrimination.aspx
Result: url='https://www.lycoming.edu/student-handbook/non-discrimination.aspx' html='' success=False cleaned_html=None media={} links={} downloaded_files=None screenshot=None pdf=None markdown=None markdown_v2=None fit_markdown=None fit_html=None extracted_content=None metadata=None error_message='Unexpected error in _crawl_web at line 1205 in _crawl_web (../../.pyenv/versions/3.12.6/lib/python3.12/site-packages/crawl4ai/async_crawler_strategy.py):\nError: Failed on navigating ACS-GOTO:\nPage.goto: Timeout 10000ms exceeded.\nCall log:\n  - navigating to "https://www.lycoming.edu/student-handbook/non-discrimination.aspx", waiting until "domcontentloaded"\n\n\nCode context:\n1200   \n1201                       response = await page.goto(\n1202                           url, wait_until=config.wait_until, timeout=config.page_timeout\n1203                       )\n1204                   except Error as e:\n1205 →                     raise RuntimeError(f"Failed on navigating ACS-GOTO:\\n{str(e)}")\n1206   \n1207                   await self.execute_hook("after_goto", page, context=context, url=url, response=response)\n1208   \n1209                   if response is None:\n1210                       status_code = 200' session_id=None response_headers=None status_code=None ssl_certificate=None


Failed to crawl: https://www.lycoming.edu/student-handbook/pet-policy.aspx
Result: url='https://www.lycoming.edu/student-handbook/pet-policy.aspx' html='' success=False cleaned_html=None media={} links={} downloaded_files=None screenshot=None pdf=None markdown=None markdown_v2=None fit_markdown=None fit_html=None extracted_content=None metadata=None error_message='Unexpected error in _crawl_web at line 1205 in _crawl_web (../../.pyenv/versions/3.12.6/lib/python3.12/site-packages/crawl4ai/async_crawler_strategy.py):\nError: Failed on navigating ACS-GOTO:\nPage.goto: Timeout 10000ms exceeded.\nCall log:\n  - navigating to "https://www.lycoming.edu/student-handbook/pet-policy.aspx", waiting until "domcontentloaded"\n\n\nCode context:\n1200   \n1201                       response = await page.goto(\n1202                           url, wait_until=config.wait_until, timeout=config.page_timeout\n1203                       )\n1204                   except Error as e:\n1205 →                     raise RuntimeError(f"Failed on navigating ACS-GOTO:\\n{str(e)}")\n1206   \n1207                   await self.execute_hook("after_goto", page, context=context, url=url, response=response)\n1208   \n1209                   if response is None:\n1210                       status_code = 200' session_id=None response_headers=None status_code=None ssl_certificate=None


Failed to crawl: https://www.lycoming.edu/student-handbook/photography-video-policy.aspx
Result: url='https://www.lycoming.edu/student-handbook/photography-video-policy.aspx' html='' success=False cleaned_html=None media={} links={} downloaded_files=None screenshot=None pdf=None markdown=None markdown_v2=None fit_markdown=None fit_html=None extracted_content=None metadata=None error_message='Unexpected error in _crawl_web at line 1205 in _crawl_web (../../.pyenv/versions/3.12.6/lib/python3.12/site-packages/crawl4ai/async_crawler_strategy.py):\nError: Failed on navigating ACS-GOTO:\nPage.goto: Timeout 10000ms exceeded.\nCall log:\n  - navigating to "https://www.lycoming.edu/student-handbook/photography-video-policy.aspx", waiting until "domcontentloaded"\n\n\nCode context:\n1200   \n1201                       response = await page.goto(\n1202                           url, wait_until=config.wait_until, timeout=config.page_timeout\n1203                       )\n1204                   except Error as e:\n1205 →                     raise RuntimeError(f"Failed on navigating ACS-GOTO:\\n{str(e)}")\n1206   \n1207                   await self.execute_hook("after_goto", page, context=context, url=url, response=response)\n1208   \n1209                   if response is None:\n1210                       status_code = 200' session_id=None response_headers=None status_code=None ssl_certificate=None


Failed to crawl: https://www.lycoming.edu/student-handbook/policies.aspx
Result: url='https://www.lycoming.edu/student-handbook/policies.aspx' html='' success=False cleaned_html=None media={} links={} downloaded_files=None screenshot=None pdf=None markdown=None markdown_v2=None fit_markdown=None fit_html=None extracted_content=None metadata=None error_message='Unexpected error in _crawl_web at line 1205 in _crawl_web (../../.pyenv/versions/3.12.6/lib/python3.12/site-packages/crawl4ai/async_crawler_strategy.py):\nError: Failed on navigating ACS-GOTO:\nPage.goto: Timeout 10000ms exceeded.\nCall log:\n  - navigating to "https://www.lycoming.edu/student-handbook/policies.aspx", waiting until "domcontentloaded"\n\n\nCode context:\n1200   \n1201                       response = await page.goto(\n1202                           url, wait_until=config.wait_until, timeout=config.page_timeout\n1203                       )\n1204                   except Error as e:\n1205 →                     raise RuntimeError(f"Failed on navigating ACS-GOTO:\\n{str(e)}")\n1206   \n1207                   await self.execute_hook("after_goto", page, context=context, url=url, response=response)\n1208   \n1209                   if response is None:\n1210                       status_code = 200' session_id=None response_headers=None status_code=None ssl_certificate=None


Failed to crawl: https://www.lycoming.edu/student-handbook/posting-and-distribution.aspx
Result: url='https://www.lycoming.edu/student-handbook/posting-and-distribution.aspx' html='' success=False cleaned_html=None media={} links={} downloaded_files=None screenshot=None pdf=None markdown=None markdown_v2=None fit_markdown=None fit_html=None extracted_content=None metadata=None error_message='Unexpected error in _crawl_web at line 1205 in _crawl_web (../../.pyenv/versions/3.12.6/lib/python3.12/site-packages/crawl4ai/async_crawler_strategy.py):\nError: Failed on navigating ACS-GOTO:\nPage.goto: Timeout 10000ms exceeded.\nCall log:\n  - navigating to "https://www.lycoming.edu/student-handbook/posting-and-distribution.aspx", waiting until "domcontentloaded"\n\n\nCode context:\n1200   \n1201                       response = await page.goto(\n1202                           url, wait_until=config.wait_until, timeout=config.page_timeout\n1203                       )\n1204                   except Error as e:\n1205 →                     raise RuntimeError(f"Failed on navigating ACS-GOTO:\\n{str(e)}")\n1206   \n1207                   await self.execute_hook("after_goto", page, context=context, url=url, response=response)\n1208   \n1209                   if response is None:\n1210                       status_code = 200' session_id=None response_headers=None status_code=None ssl_certificate=None


Failed to crawl: https://www.lycoming.edu/theatre/parking.aspx
Result: url='https://www.lycoming.edu/theatre/parking.aspx' html='' success=False cleaned_html=None media={} links={} downloaded_files=None screenshot=None pdf=None markdown=None markdown_v2=None fit_markdown=None fit_html=None extracted_content=None metadata=None error_message='Unexpected error in _crawl_web at line 1205 in _crawl_web (../../.pyenv/versions/3.12.6/lib/python3.12/site-packages/crawl4ai/async_crawler_strategy.py):\nError: Failed on navigating ACS-GOTO:\nPage.goto: Timeout 10000ms exceeded.\nCall log:\n  - navigating to "https://www.lycoming.edu/theatre/parking.aspx", waiting until "domcontentloaded"\n\n\nCode context:\n1200   \n1201                       response = await page.goto(\n1202                           url, wait_until=config.wait_until, timeout=config.page_timeout\n1203                       )\n1204                   except Error as e:\n1205 →                     raise RuntimeError(f"Failed on navigating ACS-GOTO:\\n{str(e)}")\n1206   \n1207                   await self.execute_hook("after_goto", page, context=context, url=url, response=response)\n1208   \n1209                   if response is None:\n1210                       status_code = 200' session_id=None response_headers=None status_code=None ssl_certificate=None


Failed to crawl: https://www.lycoming.edu/theatre/policies.aspx
Result: url='https://www.lycoming.edu/theatre/policies.aspx' html='' success=False cleaned_html=None media={} links={} downloaded_files=None screenshot=None pdf=None markdown=None markdown_v2=None fit_markdown=None fit_html=None extracted_content=None metadata=None error_message='Unexpected error in _crawl_web at line 1205 in _crawl_web (../../.pyenv/versions/3.12.6/lib/python3.12/site-packages/crawl4ai/async_crawler_strategy.py):\nError: Failed on navigating ACS-GOTO:\nPage.goto: Timeout 10000ms exceeded.\nCall log:\n  - navigating to "https://www.lycoming.edu/theatre/policies.aspx", waiting until "domcontentloaded"\n\n\nCode context:\n1200   \n1201                       response = await page.goto(\n1202                           url, wait_until=config.wait_until, timeout=config.page_timeout\n1203                       )\n1204                   except Error as e:\n1205 →                     raise RuntimeError(f"Failed on navigating ACS-GOTO:\\n{str(e)}")\n1206   \n1207                   await self.execute_hook("after_goto", page, context=context, url=url, response=response)\n1208   \n1209                   if response is None:\n1210                       status_code = 200' session_id=None response_headers=None status_code=None ssl_certificate=None


Failed to crawl: https://www.lycoming.edu/theatre/productions/
Result: url='https://www.lycoming.edu/theatre/productions/' html='' success=False cleaned_html=None media={} links={} downloaded_files=None screenshot=None pdf=None markdown=None markdown_v2=None fit_markdown=None fit_html=None extracted_content=None metadata=None error_message='Unexpected error in _crawl_web at line 1205 in _crawl_web (../../.pyenv/versions/3.12.6/lib/python3.12/site-packages/crawl4ai/async_crawler_strategy.py):\nError: Failed on navigating ACS-GOTO:\nPage.goto: Timeout 10000ms exceeded.\nCall log:\n  - navigating to "https://www.lycoming.edu/theatre/productions/", waiting until "domcontentloaded"\n\n\nCode context:\n1200   \n1201                       response = await page.goto(\n1202                           url, wait_until=config.wait_until, timeout=config.page_timeout\n1203                       )\n1204                   except Error as e:\n1205 →                     raise RuntimeError(f"Failed on navigating ACS-GOTO:\\n{str(e)}")\n1206   \n1207                   await self.execute_hook("after_goto", page, context=context, url=url, response=response)\n1208   \n1209                   if response is None:\n1210                       status_code = 200' session_id=None response_headers=None status_code=None ssl_certificate=None


Failed to crawl: https://www.lycoming.edu/theatre/productions/tickets.aspx
Result: url='https://www.lycoming.edu/theatre/productions/tickets.aspx' html='' success=False cleaned_html=None media={} links={} downloaded_files=None screenshot=None pdf=None markdown=None markdown_v2=None fit_markdown=None fit_html=None extracted_content=None metadata=None error_message='Unexpected error in _crawl_web at line 1205 in _crawl_web (../../.pyenv/versions/3.12.6/lib/python3.12/site-packages/crawl4ai/async_crawler_strategy.py):\nError: Failed on navigating ACS-GOTO:\nPage.goto: Timeout 10000ms exceeded.\nCall log:\n  - navigating to "https://www.lycoming.edu/theatre/productions/tickets.aspx", waiting until "domcontentloaded"\n\n\nCode context:\n1200   \n1201                       response = await page.goto(\n1202                           url, wait_until=config.wait_until, timeout=config.page_timeout\n1203                       )\n1204                   except Error as e:\n1205 →                     raise RuntimeError(f"Failed on navigating ACS-GOTO:\\n{str(e)}")\n1206   \n1207                   await self.execute_hook("after_goto", page, context=context, url=url, response=response)\n1208   \n1209                   if response is None:\n1210                       status_code = 200' session_id=None response_headers=None status_code=None ssl_certificate=None


Failed to crawl: https://www.lycoming.edu/theatre/schedule.aspx
Result: url='https://www.lycoming.edu/theatre/schedule.aspx' html='' success=False cleaned_html=None media={} links={} downloaded_files=None screenshot=None pdf=None markdown=None markdown_v2=None fit_markdown=None fit_html=None extracted_content=None metadata=None error_message='Unexpected error in _crawl_web at line 1205 in _crawl_web (../../.pyenv/versions/3.12.6/lib/python3.12/site-packages/crawl4ai/async_crawler_strategy.py):\nError: Failed on navigating ACS-GOTO:\nPage.goto: Timeout 10000ms exceeded.\nCall log:\n  - navigating to "https://www.lycoming.edu/theatre/schedule.aspx", waiting until "domcontentloaded"\n\n\nCode context:\n1200   \n1201                       response = await page.goto(\n1202                           url, wait_until=config.wait_until, timeout=config.page_timeout\n1203                       )\n1204                   except Error as e:\n1205 →                     raise RuntimeError(f"Failed on navigating ACS-GOTO:\\n{str(e)}")\n1206   \n1207                   await self.execute_hook("after_goto", page, context=context, url=url, response=response)\n1208   \n1209                   if response is None:\n1210                       status_code = 200' session_id=None response_headers=None status_code=None ssl_certificate=None


Failed to crawl: https://www.lycoming.edu/theatre/stage-management.aspx
Result: url='https://www.lycoming.edu/theatre/stage-management.aspx' html='' success=False cleaned_html=None media={} links={} downloaded_files=None screenshot=None pdf=None markdown=None markdown_v2=None fit_markdown=None fit_html=None extracted_content=None metadata=None error_message='Unexpected error in _crawl_web at line 1205 in _crawl_web (../../.pyenv/versions/3.12.6/lib/python3.12/site-packages/crawl4ai/async_crawler_strategy.py):\nError: Failed on navigating ACS-GOTO:\nPage.goto: Timeout 10000ms exceeded.\nCall log:\n  - navigating to "https://www.lycoming.edu/theatre/stage-management.aspx", waiting until "domcontentloaded"\n\n\nCode context:\n1200   \n1201                       response = await page.goto(\n1202                           url, wait_until=config.wait_until, timeout=config.page_timeout\n1203                       )\n1204                   except Error as e:\n1205 →                     raise RuntimeError(f"Failed on navigating ACS-GOTO:\\n{str(e)}")\n1206   \n1207                   await self.execute_hook("after_goto", page, context=context, url=url, response=response)\n1208   \n1209                   if response is None:\n1210                       status_code = 200' session_id=None response_headers=None status_code=None ssl_certificate=None


Failed to crawl: https://www.lycoming.edu/theatre/summer-stock.aspx
Result: url='https://www.lycoming.edu/theatre/summer-stock.aspx' html='' success=False cleaned_html=None media={} links={} downloaded_files=None screenshot=None pdf=None markdown=None markdown_v2=None fit_markdown=None fit_html=None extracted_content=None metadata=None error_message='Unexpected error in _crawl_web at line 1205 in _crawl_web (../../.pyenv/versions/3.12.6/lib/python3.12/site-packages/crawl4ai/async_crawler_strategy.py):\nError: Failed on navigating ACS-GOTO:\nPage.goto: Timeout 10000ms exceeded.\nCall log:\n  - navigating to "https://www.lycoming.edu/theatre/summer-stock.aspx", waiting until "domcontentloaded"\n\n\nCode context:\n1200   \n1201                       response = await page.goto(\n1202                           url, wait_until=config.wait_until, timeout=config.page_timeout\n1203                       )\n1204                   except Error as e:\n1205 →                     raise RuntimeError(f"Failed on navigating ACS-GOTO:\\n{str(e)}")\n1206   \n1207                   await self.execute_hook("after_goto", page, context=context, url=url, response=response)\n1208   \n1209                   if response is None:\n1210                       status_code = 200' session_id=None response_headers=None status_code=None ssl_certificate=None


Failed to crawl: https://www.lycoming.edu/theatre/travel.aspx
Result: url='https://www.lycoming.edu/theatre/travel.aspx' html='' success=False cleaned_html=None media={} links={} downloaded_files=None screenshot=None pdf=None markdown=None markdown_v2=None fit_markdown=None fit_html=None extracted_content=None metadata=None error_message='Unexpected error in _crawl_web at line 1205 in _crawl_web (../../.pyenv/versions/3.12.6/lib/python3.12/site-packages/crawl4ai/async_crawler_strategy.py):\nError: Failed on navigating ACS-GOTO:\nPage.goto: Timeout 10000ms exceeded.\nCall log:\n  - navigating to "https://www.lycoming.edu/theatre/travel.aspx", waiting until "domcontentloaded"\n\n\nCode context:\n1200   \n1201                       response = await page.goto(\n1202                           url, wait_until=config.wait_until, timeout=config.page_timeout\n1203                       )\n1204                   except Error as e:\n1205 →                     raise RuntimeError(f"Failed on navigating ACS-GOTO:\\n{str(e)}")\n1206   \n1207                   await self.execute_hook("after_goto", page, context=context, url=url, response=response)\n1208   \n1209                   if response is None:\n1210                       status_code = 200' session_id=None response_headers=None status_code=None ssl_certificate=None


Failed to crawl: https://www.lycoming.edu/trustees/
Result: url='https://www.lycoming.edu/trustees/' html='' success=False cleaned_html=None media={} links={} downloaded_files=None screenshot=None pdf=None markdown=None markdown_v2=None fit_markdown=None fit_html=None extracted_content=None metadata=None error_message='Unexpected error in _crawl_web at line 1205 in _crawl_web (../../.pyenv/versions/3.12.6/lib/python3.12/site-packages/crawl4ai/async_crawler_strategy.py):\nError: Failed on navigating ACS-GOTO:\nPage.goto: Timeout 10000ms exceeded.\nCall log:\n  - navigating to "https://www.lycoming.edu/trustees/", waiting until "domcontentloaded"\n\n\nCode context:\n1200   \n1201                       response = await page.goto(\n1202                           url, wait_until=config.wait_until, timeout=config.page_timeout\n1203                       )\n1204                   except Error as e:\n1205 →                     raise RuntimeError(f"Failed on navigating ACS-GOTO:\\n{str(e)}")\n1206   \n1207                   await self.execute_hook("after_goto", page, context=context, url=url, response=response)\n1208   \n1209                   if response is None:\n1210                       status_code = 200' session_id=None response_headers=None status_code=None ssl_certificate=None


Failed to crawl: https://www.lycoming.edu/tutoring/
Result: url='https://www.lycoming.edu/tutoring/' html='' success=False cleaned_html=None media={} links={} downloaded_files=None screenshot=None pdf=None markdown=None markdown_v2=None fit_markdown=None fit_html=None extracted_content=None metadata=None error_message='Unexpected error in _crawl_web at line 1205 in _crawl_web (../../.pyenv/versions/3.12.6/lib/python3.12/site-packages/crawl4ai/async_crawler_strategy.py):\nError: Failed on navigating ACS-GOTO:\nPage.goto: Timeout 10000ms exceeded.\nCall log:\n  - navigating to "https://www.lycoming.edu/tutoring/", waiting until "domcontentloaded"\n\n\nCode context:\n1200   \n1201                       response = await page.goto(\n1202                           url, wait_until=config.wait_until, timeout=config.page_timeout\n1203                       )\n1204                   except Error as e:\n1205 →                     raise RuntimeError(f"Failed on navigating ACS-GOTO:\\n{str(e)}")\n1206   \n1207                   await self.execute_hook("after_goto", page, context=context, url=url, response=response)\n1208   \n1209                   if response is None:\n1210                       status_code = 200' session_id=None response_headers=None status_code=None ssl_certificate=None


Failed to crawl: https://www.bolton.ac.uk/our-staff/richard-whitehead
Result: url='https://www.bolton.ac.uk/our-staff/richard-whitehead' html='' success=False cleaned_html=None media={} links={} downloaded_files=None screenshot=None pdf=None markdown=None markdown_v2=None fit_markdown=None fit_html=None extracted_content=None metadata=None error_message='Unexpected error in _crawl_web at line 1205 in _crawl_web (../../.pyenv/versions/3.12.6/lib/python3.12/site-packages/crawl4ai/async_crawler_strategy.py):\nError: Failed on navigating ACS-GOTO:\nPage.goto: Target page, context or browser has been closed\nCall log:\n  - navigating to "https://www.bolton.ac.uk/our-staff/richard-whitehead", waiting until "domcontentloaded"\n\n\nCode context:\n1200   \n1201                       response = await page.goto(\n1202                           url, wait_until=config.wait_until, timeout=config.page_timeout\n1203                       )\n1204                   except Error as e:\n1205 →                     raise RuntimeError(f"Failed on navigating ACS-GOTO:\\n{str(e)}")\n1206   \n1207                   await self.execute_hook("after_goto", page, context=context, url=url, response=response)\n1208   \n1209                   if response is None:\n1210                       status_code = 200' session_id=None response_headers=None status_code=None ssl_certificate=None


Failed to crawl: https://www.bolton.ac.uk/our-staff/joe-egan
Result: url='https://www.bolton.ac.uk/our-staff/joe-egan' html='' success=False cleaned_html=None media={} links={} downloaded_files=None screenshot=None pdf=None markdown=None markdown_v2=None fit_markdown=None fit_html=None extracted_content=None metadata=None error_message='Unexpected error in _crawl_web at line 1205 in _crawl_web (../../.pyenv/versions/3.12.6/lib/python3.12/site-packages/crawl4ai/async_crawler_strategy.py):\nError: Failed on navigating ACS-GOTO:\nPage.goto: Target page, context or browser has been closed\nCall log:\n  - navigating to "https://www.bolton.ac.uk/our-staff/joe-egan", waiting until "domcontentloaded"\n\n\nCode context:\n1200   \n1201                       response = await page.goto(\n1202                           url, wait_until=config.wait_until, timeout=config.page_timeout\n1203                       )\n1204                   except Error as e:\n1205 →                     raise RuntimeError(f"Failed on navigating ACS-GOTO:\\n{str(e)}")\n1206   \n1207                   await self.execute_hook("after_goto", page, context=context, url=url, response=response)\n1208   \n1209                   if response is None:\n1210                       status_code = 200' session_id=None response_headers=None status_code=None ssl_certificate=None


Failed to crawl: https://www.bolton.ac.uk/our-staff/professor-benedict-abrahamson-chigara
Result: url='https://www.bolton.ac.uk/our-staff/professor-benedict-abrahamson-chigara' html='' success=False cleaned_html=None media={} links={} downloaded_files=None screenshot=None pdf=None markdown=None markdown_v2=None fit_markdown=None fit_html=None extracted_content=None metadata=None error_message='Unexpected error in _crawl_web at line 1205 in _crawl_web (../../.pyenv/versions/3.12.6/lib/python3.12/site-packages/crawl4ai/async_crawler_strategy.py):\nError: Failed on navigating ACS-GOTO:\nPage.goto: Target page, context or browser has been closed\nCall log:\n  - navigating to "https://www.bolton.ac.uk/our-staff/professor-benedict-abrahamson-chigara", waiting until "domcontentloaded"\n\n\nCode context:\n1200   \n1201                       response = await page.goto(\n1202                           url, wait_until=config.wait_until, timeout=config.page_timeout\n1203                       )\n1204                   except Error as e:\n1205 →                     raise RuntimeError(f"Failed on navigating ACS-GOTO:\\n{str(e)}")\n1206   \n1207                   await self.execute_hook("after_goto", page, context=context, url=url, response=response)\n1208   \n1209                   if response is None:\n1210                       status_code = 200' session_id=None response_headers=None status_code=None ssl_certificate=None


Failed to crawl: https://www.bolton.ac.uk/subject-areas/mechanical-engineering/mechanical-engineering-news
Result: url='https://www.bolton.ac.uk/subject-areas/mechanical-engineering/mechanical-engineering-news' html='' success=False cleaned_html=None media={} links={} downloaded_files=None screenshot=None pdf=None markdown=None markdown_v2=None fit_markdown=None fit_html=None extracted_content=None metadata=None error_message='Unexpected error in _crawl_web at line 1205 in _crawl_web (../../.pyenv/versions/3.12.6/lib/python3.12/site-packages/crawl4ai/async_crawler_strategy.py):\nError: Failed on navigating ACS-GOTO:\nPage.goto: Target page, context or browser has been closed\nCall log:\n  - navigating to "https://www.bolton.ac.uk/subject-areas/mechanical-engineering/mechanical-engineering-news", waiting until "domcontentloaded"\n\n\nCode context:\n1200   \n1201                       response = await page.goto(\n1202                           url, wait_until=config.wait_until, timeout=config.page_timeout\n1203                       )\n1204                   except Error as e:\n1205 →                     raise RuntimeError(f"Failed on navigating ACS-GOTO:\\n{str(e)}")\n1206   \n1207                   await self.execute_hook("after_goto", page, context=context, url=url, response=response)\n1208   \n1209                   if response is None:\n1210                       status_code = 200' session_id=None response_headers=None status_code=None ssl_certificate=None


Failed to crawl: https://www.bolton.ac.uk/our-staff/dr-md-ismil-hossain
Result: url='https://www.bolton.ac.uk/our-staff/dr-md-ismil-hossain' html='' success=False cleaned_html=None media={} links={} downloaded_files=None screenshot=None pdf=None markdown=None markdown_v2=None fit_markdown=None fit_html=None extracted_content=None metadata=None error_message='Unexpected error in _crawl_web at line 1205 in _crawl_web (../../.pyenv/versions/3.12.6/lib/python3.12/site-packages/crawl4ai/async_crawler_strategy.py):\nError: Failed on navigating ACS-GOTO:\nPage.goto: Target page, context or browser has been closed\nCall log:\n  - navigating to "https://www.bolton.ac.uk/our-staff/dr-md-ismil-hossain", waiting until "domcontentloaded"\n\n\nCode context:\n1200   \n1201                       response = await page.goto(\n1202                           url, wait_until=config.wait_until, timeout=config.page_timeout\n1203                       )\n1204                   except Error as e:\n1205 →                     raise RuntimeError(f"Failed on navigating ACS-GOTO:\\n{str(e)}")\n1206   \n1207                   await self.execute_hook("after_goto", page, context=context, url=url, response=response)\n1208   \n1209                   if response is None:\n1210                       status_code = 200' session_id=None response_headers=None status_code=None ssl_certificate=None


Failed to crawl: https://www.bolton.ac.uk/our-staff/dr-ma-mohin
Result: url='https://www.bolton.ac.uk/our-staff/dr-ma-mohin' html='' success=False cleaned_html=None media={} links={} downloaded_files=None screenshot=None pdf=None markdown=None markdown_v2=None fit_markdown=None fit_html=None extracted_content=None metadata=None error_message='Unexpected error in _crawl_web at line 1205 in _crawl_web (../../.pyenv/versions/3.12.6/lib/python3.12/site-packages/crawl4ai/async_crawler_strategy.py):\nError: Failed on navigating ACS-GOTO:\nPage.goto: Target page, context or browser has been closed\nCall log:\n  - navigating to "https://www.bolton.ac.uk/our-staff/dr-ma-mohin", waiting until "domcontentloaded"\n\n\nCode context:\n1200   \n1201                       response = await page.goto(\n1202                           url, wait_until=config.wait_until, timeout=config.page_timeout\n1203                       )\n1204                   except Error as e:\n1205 →                     raise RuntimeError(f"Failed on navigating ACS-GOTO:\\n{str(e)}")\n1206   \n1207                   await self.execute_hook("after_goto", page, context=context, url=url, response=response)\n1208   \n1209                   if response is None:\n1210                       status_code = 200' session_id=None response_headers=None status_code=None ssl_certificate=None


Failed to crawl: https://www.bolton.ac.uk/subject-areas/media-and-photography/media-and-photography-news
Result: url='https://www.bolton.ac.uk/subject-areas/media-and-photography/media-and-photography-news' html='' success=False cleaned_html=None media={} links={} downloaded_files=None screenshot=None pdf=None markdown=None markdown_v2=None fit_markdown=None fit_html=None extracted_content=None metadata=None error_message='Unexpected error in _crawl_web at line 1205 in _crawl_web (../../.pyenv/versions/3.12.6/lib/python3.12/site-packages/crawl4ai/async_crawler_strategy.py):\nError: Failed on navigating ACS-GOTO:\nPage.goto: Target page, context or browser has been closed\nCall log:\n  - navigating to "https://www.bolton.ac.uk/subject-areas/media-and-photography/media-and-photography-news", waiting until "domcontentloaded"\n\n\nCode context:\n1200   \n1201                       response = await page.goto(\n1202                           url, wait_until=config.wait_until, timeout=config.page_timeout\n1203                       )\n1204                   except Error as e:\n1205 →                     raise RuntimeError(f"Failed on navigating ACS-GOTO:\\n{str(e)}")\n1206   \n1207                   await self.execute_hook("after_goto", page, context=context, url=url, response=response)\n1208   \n1209                   if response is None:\n1210                       status_code = 200' session_id=None response_headers=None status_code=None ssl_certificate=None


Failed to crawl: https://www.bolton.ac.uk/our-staff/anthony-sabanskis
Result: url='https://www.bolton.ac.uk/our-staff/anthony-sabanskis' html='' success=False cleaned_html=None media={} links={} downloaded_files=None screenshot=None pdf=None markdown=None markdown_v2=None fit_markdown=None fit_html=None extracted_content=None metadata=None error_message='Unexpected error in _crawl_web at line 1205 in _crawl_web (../../.pyenv/versions/3.12.6/lib/python3.12/site-packages/crawl4ai/async_crawler_strategy.py):\nError: Failed on navigating ACS-GOTO:\nPage.goto: Target page, context or browser has been closed\nCall log:\n  - navigating to "https://www.bolton.ac.uk/our-staff/anthony-sabanskis", waiting until "domcontentloaded"\n\n\nCode context:\n1200   \n1201                       response = await page.goto(\n1202                           url, wait_until=config.wait_until, timeout=config.page_timeout\n1203                       )\n1204                   except Error as e:\n1205 →                     raise RuntimeError(f"Failed on navigating ACS-GOTO:\\n{str(e)}")\n1206   \n1207                   await self.execute_hook("after_goto", page, context=context, url=url, response=response)\n1208   \n1209                   if response is None:\n1210                       status_code = 200' session_id=None response_headers=None status_code=None ssl_certificate=None


Failed to crawl: https://www.bolton.ac.uk/our-staff/dr-david-clark
Result: url='https://www.bolton.ac.uk/our-staff/dr-david-clark' html='' success=False cleaned_html=None media={} links={} downloaded_files=None screenshot=None pdf=None markdown=None markdown_v2=None fit_markdown=None fit_html=None extracted_content=None metadata=None error_message='Unexpected error in _crawl_web at line 1205 in _crawl_web (../../.pyenv/versions/3.12.6/lib/python3.12/site-packages/crawl4ai/async_crawler_strategy.py):\nError: Failed on navigating ACS-GOTO:\nPage.goto: Target page, context or browser has been closed\nCall log:\n  - navigating to "https://www.bolton.ac.uk/our-staff/dr-david-clark", waiting until "domcontentloaded"\n\n\nCode context:\n1200   \n1201                       response = await page.goto(\n1202                           url, wait_until=config.wait_until, timeout=config.page_timeout\n1203                       )\n1204                   except Error as e:\n1205 →                     raise RuntimeError(f"Failed on navigating ACS-GOTO:\\n{str(e)}")\n1206   \n1207                   await self.execute_hook("after_goto", page, context=context, url=url, response=response)\n1208   \n1209                   if response is None:\n1210                       status_code = 200' session_id=None response_headers=None status_code=None ssl_certificate=None


Failed to crawl: https://www.bolton.ac.uk/our-staff/rachel-mchaffie
Result: url='https://www.bolton.ac.uk/our-staff/rachel-mchaffie' html='' success=False cleaned_html=None media={} links={} downloaded_files=None screenshot=None pdf=None markdown=None markdown_v2=None fit_markdown=None fit_html=None extracted_content=None metadata=None error_message='Unexpected error in _crawl_web at line 1205 in _crawl_web (../../.pyenv/versions/3.12.6/lib/python3.12/site-packages/crawl4ai/async_crawler_strategy.py):\nError: Failed on navigating ACS-GOTO:\nPage.goto: Target page, context or browser has been closed\nCall log:\n  - navigating to "https://www.bolton.ac.uk/our-staff/rachel-mchaffie", waiting until "domcontentloaded"\n\n\nCode context:\n1200   \n1201                       response = await page.goto(\n1202                           url, wait_until=config.wait_until, timeout=config.page_timeout\n1203                       )\n1204                   except Error as e:\n1205 →                     raise RuntimeError(f"Failed on navigating ACS-GOTO:\\n{str(e)}")\n1206   \n1207                   await self.execute_hook("after_goto", page, context=context, url=url, response=response)\n1208   \n1209                   if response is None:\n1210                       status_code = 200' session_id=None response_headers=None status_code=None ssl_certificate=None


Failed to crawl: https://www.bolton.ac.uk/our-staff/ian-glover
Result: url='https://www.bolton.ac.uk/our-staff/ian-glover' html='' success=False cleaned_html=None media={} links={} downloaded_files=None screenshot=None pdf=None markdown=None markdown_v2=None fit_markdown=None fit_html=None extracted_content=None metadata=None error_message='Unexpected error in _crawl_web at line 528 in wrap_api_call (../../.pyenv/versions/3.12.6/lib/python3.12/site-packages/playwright/_impl/_connection.py):\nError: Browser.new_context: Target page, context or browser has been closed\n\nCode context:\n 523           parsed_st = _extract_stack_trace_information_from_stack(st, is_internal)\n 524           self._api_zone.set(parsed_st)\n 525           try:\n 526               return await cb()\n 527           except Exception as error:\n 528 →             raise rewrite_error(error, f"{parsed_st[\'apiName\']}: {error}") from None\n 529           finally:\n 530               self._api_zone.set(None)\n 531   \n 532       def wrap_api_call_sync(\n 533           self, cb: Callable[[], Any], is_internal: bool = False' session_id=None response_headers=None status_code=None ssl_certificate=None


Failed to crawl: https://www.bolton.ac.uk/our-staff/neil-dougan
Result: url='https://www.bolton.ac.uk/our-staff/neil-dougan' html='' success=False cleaned_html=None media={} links={} downloaded_files=None screenshot=None pdf=None markdown=None markdown_v2=None fit_markdown=None fit_html=None extracted_content=None metadata=None error_message='Unexpected error in _crawl_web at line 528 in wrap_api_call (../../.pyenv/versions/3.12.6/lib/python3.12/site-packages/playwright/_impl/_connection.py):\nError: Browser.new_context: Target page, context or browser has been closed\n\nCode context:\n 523           parsed_st = _extract_stack_trace_information_from_stack(st, is_internal)\n 524           self._api_zone.set(parsed_st)\n 525           try:\n 526               return await cb()\n 527           except Exception as error:\n 528 →             raise rewrite_error(error, f"{parsed_st[\'apiName\']}: {error}") from None\n 529           finally:\n 530               self._api_zone.set(None)\n 531   \n 532       def wrap_api_call_sync(\n 533           self, cb: Callable[[], Any], is_internal: bool = False' session_id=None response_headers=None status_code=None ssl_certificate=None


Failed to crawl: https://www.bolton.ac.uk/our-staff/sharron-lovell
Result: url='https://www.bolton.ac.uk/our-staff/sharron-lovell' html='' success=False cleaned_html=None media={} links={} downloaded_files=None screenshot=None pdf=None markdown=None markdown_v2=None fit_markdown=None fit_html=None extracted_content=None metadata=None error_message='Unexpected error in _crawl_web at line 528 in wrap_api_call (../../.pyenv/versions/3.12.6/lib/python3.12/site-packages/playwright/_impl/_connection.py):\nError: Browser.new_context: Target page, context or browser has been closed\n\nCode context:\n 523           parsed_st = _extract_stack_trace_information_from_stack(st, is_internal)\n 524           self._api_zone.set(parsed_st)\n 525           try:\n 526               return await cb()\n 527           except Exception as error:\n 528 →             raise rewrite_error(error, f"{parsed_st[\'apiName\']}: {error}") from None\n 529           finally:\n 530               self._api_zone.set(None)\n 531   \n 532       def wrap_api_call_sync(\n 533           self, cb: Callable[[], Any], is_internal: bool = False' session_id=None response_headers=None status_code=None ssl_certificate=None


Failed to crawl: https://www.bolton.ac.uk/subject-areas/medical-biology/medical-biology-news
Result: url='https://www.bolton.ac.uk/subject-areas/medical-biology/medical-biology-news' html='' success=False cleaned_html=None media={} links={} downloaded_files=None screenshot=None pdf=None markdown=None markdown_v2=None fit_markdown=None fit_html=None extracted_content=None metadata=None error_message='Unexpected error in _crawl_web at line 528 in wrap_api_call (../../.pyenv/versions/3.12.6/lib/python3.12/site-packages/playwright/_impl/_connection.py):\nError: Browser.new_context: Target page, context or browser has been closed\n\nCode context:\n 523           parsed_st = _extract_stack_trace_information_from_stack(st, is_internal)\n 524           self._api_zone.set(parsed_st)\n 525           try:\n 526               return await cb()\n 527           except Exception as error:\n 528 →             raise rewrite_error(error, f"{parsed_st[\'apiName\']}: {error}") from None\n 529           finally:\n 530               self._api_zone.set(None)\n 531   \n 532       def wrap_api_call_sync(\n 533           self, cb: Callable[[], Any], is_internal: bool = False' session_id=None response_headers=None status_code=None ssl_certificate=None


Failed to crawl: https://www.bolton.ac.uk/our-staff/tom-clegg
Result: url='https://www.bolton.ac.uk/our-staff/tom-clegg' html='' success=False cleaned_html=None media={} links={} downloaded_files=None screenshot=None pdf=None markdown=None markdown_v2=None fit_markdown=None fit_html=None extracted_content=None metadata=None error_message='Unexpected error in _crawl_web at line 528 in wrap_api_call (../../.pyenv/versions/3.12.6/lib/python3.12/site-packages/playwright/_impl/_connection.py):\nError: Browser.new_context: Target page, context or browser has been closed\n\nCode context:\n 523           parsed_st = _extract_stack_trace_information_from_stack(st, is_internal)\n 524           self._api_zone.set(parsed_st)\n 525           try:\n 526               return await cb()\n 527           except Exception as error:\n 528 →             raise rewrite_error(error, f"{parsed_st[\'apiName\']}: {error}") from None\n 529           finally:\n 530               self._api_zone.set(None)\n 531   \n 532       def wrap_api_call_sync(\n 533           self, cb: Callable[[], Any], is_internal: bool = False' session_id=None response_headers=None status_code=None ssl_certificate=None


Failed to crawl: https://www.bolton.ac.uk/our-staff/steve-rawes
Result: url='https://www.bolton.ac.uk/our-staff/steve-rawes' html='' success=False cleaned_html=None media={} links={} downloaded_files=None screenshot=None pdf=None markdown=None markdown_v2=None fit_markdown=None fit_html=None extracted_content=None metadata=None error_message='Unexpected error in _crawl_web at line 528 in wrap_api_call (../../.pyenv/versions/3.12.6/lib/python3.12/site-packages/playwright/_impl/_connection.py):\nError: Browser.new_context: Target page, context or browser has been closed\n\nCode context:\n 523           parsed_st = _extract_stack_trace_information_from_stack(st, is_internal)\n 524           self._api_zone.set(parsed_st)\n 525           try:\n 526               return await cb()\n 527           except Exception as error:\n 528 →             raise rewrite_error(error, f"{parsed_st[\'apiName\']}: {error}") from None\n 529           finally:\n 530               self._api_zone.set(None)\n 531   \n 532       def wrap_api_call_sync(\n 533           self, cb: Callable[[], Any], is_internal: bool = False' session_id=None response_headers=None status_code=None ssl_certificate=None


Failed to crawl: https://www.bolton.ac.uk/our-staff/dr-ann-kolodziejski
Result: url='https://www.bolton.ac.uk/our-staff/dr-ann-kolodziejski' html='' success=False cleaned_html=None media={} links={} downloaded_files=None screenshot=None pdf=None markdown=None markdown_v2=None fit_markdown=None fit_html=None extracted_content=None metadata=None error_message='Unexpected error in _crawl_web at line 528 in wrap_api_call (../../.pyenv/versions/3.12.6/lib/python3.12/site-packages/playwright/_impl/_connection.py):\nError: Browser.new_context: Target page, context or browser has been closed\n\nCode context:\n 523           parsed_st = _extract_stack_trace_information_from_stack(st, is_internal)\n 524           self._api_zone.set(parsed_st)\n 525           try:\n 526               return await cb()\n 527           except Exception as error:\n 528 →             raise rewrite_error(error, f"{parsed_st[\'apiName\']}: {error}") from None\n 529           finally:\n 530               self._api_zone.set(None)\n 531   \n 532       def wrap_api_call_sync(\n 533           self, cb: Callable[[], Any], is_internal: bool = False' session_id=None response_headers=None status_code=None ssl_certificate=None


Failed to crawl: https://www.bolton.ac.uk/our-staff/allison-gallacher
Result: url='https://www.bolton.ac.uk/our-staff/allison-gallacher' html='' success=False cleaned_html=None media={} links={} downloaded_files=None screenshot=None pdf=None markdown=None markdown_v2=None fit_markdown=None fit_html=None extracted_content=None metadata=None error_message='Unexpected error in _crawl_web at line 528 in wrap_api_call (../../.pyenv/versions/3.12.6/lib/python3.12/site-packages/playwright/_impl/_connection.py):\nError: Browser.new_context: Target page, context or browser has been closed\n\nCode context:\n 523           parsed_st = _extract_stack_trace_information_from_stack(st, is_internal)\n 524           self._api_zone.set(parsed_st)\n 525           try:\n 526               return await cb()\n 527           except Exception as error:\n 528 →             raise rewrite_error(error, f"{parsed_st[\'apiName\']}: {error}") from None\n 529           finally:\n 530               self._api_zone.set(None)\n 531   \n 532       def wrap_api_call_sync(\n 533           self, cb: Callable[[], Any], is_internal: bool = False' session_id=None response_headers=None status_code=None ssl_certificate=None


Failed to crawl: https://www.bolton.ac.uk/our-staff/dr-jon-cherry
Result: url='https://www.bolton.ac.uk/our-staff/dr-jon-cherry' html='' success=False cleaned_html=None media={} links={} downloaded_files=None screenshot=None pdf=None markdown=None markdown_v2=None fit_markdown=None fit_html=None extracted_content=None metadata=None error_message='Unexpected error in _crawl_web at line 528 in wrap_api_call (../../.pyenv/versions/3.12.6/lib/python3.12/site-packages/playwright/_impl/_connection.py):\nError: Browser.new_context: Target page, context or browser has been closed\n\nCode context:\n 523           parsed_st = _extract_stack_trace_information_from_stack(st, is_internal)\n 524           self._api_zone.set(parsed_st)\n 525           try:\n 526               return await cb()\n 527           except Exception as error:\n 528 →             raise rewrite_error(error, f"{parsed_st[\'apiName\']}: {error}") from None\n 529           finally:\n 530               self._api_zone.set(None)\n 531   \n 532       def wrap_api_call_sync(\n 533           self, cb: Callable[[], Any], is_internal: bool = False' session_id=None response_headers=None status_code=None ssl_certificate=None


Failed to crawl: https://www.bolton.ac.uk/subject-areas/motorsport-and-automotive-performance-engineering/motorsport-and-automotive-performance-engineering-news
Result: url='https://www.bolton.ac.uk/subject-areas/motorsport-and-automotive-performance-engineering/motorsport-and-automotive-performance-engineering-news' html='' success=False cleaned_html=None media={} links={} downloaded_files=None screenshot=None pdf=None markdown=None markdown_v2=None fit_markdown=None fit_html=None extracted_content=None metadata=None error_message='Unexpected error in _crawl_web at line 528 in wrap_api_call (../../.pyenv/versions/3.12.6/lib/python3.12/site-packages/playwright/_impl/_connection.py):\nError: Browser.new_context: Target page, context or browser has been closed\n\nCode context:\n 523           parsed_st = _extract_stack_trace_information_from_stack(st, is_internal)\n 524           self._api_zone.set(parsed_st)\n 525           try:\n 526               return await cb()\n 527           except Exception as error:\n 528 →             raise rewrite_error(error, f"{parsed_st[\'apiName\']}: {error}") from None\n 529           finally:\n 530               self._api_zone.set(None)\n 531   \n 532       def wrap_api_call_sync(\n 533           self, cb: Callable[[], Any], is_internal: bool = False' session_id=None response_headers=None status_code=None ssl_certificate=None


Failed to crawl: https://www.bolton.ac.uk/our-staff/james-kitson
Result: url='https://www.bolton.ac.uk/our-staff/james-kitson' html='' success=False cleaned_html=None media={} links={} downloaded_files=None screenshot=None pdf=None markdown=None markdown_v2=None fit_markdown=None fit_html=None extracted_content=None metadata=None error_message='Unexpected error in _crawl_web at line 528 in wrap_api_call (../../.pyenv/versions/3.12.6/lib/python3.12/site-packages/playwright/_impl/_connection.py):\nError: Browser.new_context: Target page, context or browser has been closed\n\nCode context:\n 523           parsed_st = _extract_stack_trace_information_from_stack(st, is_internal)\n 524           self._api_zone.set(parsed_st)\n 525           try:\n 526               return await cb()\n 527           except Exception as error:\n 528 →             raise rewrite_error(error, f"{parsed_st[\'apiName\']}: {error}") from None\n 529           finally:\n 530               self._api_zone.set(None)\n 531   \n 532       def wrap_api_call_sync(\n 533           self, cb: Callable[[], Any], is_internal: bool = False' session_id=None response_headers=None status_code=None ssl_certificate=None


Failed to crawl: https://www.bolton.ac.uk/our-staff/dr-mark-busfield
Result: url='https://www.bolton.ac.uk/our-staff/dr-mark-busfield' html='' success=False cleaned_html=None media={} links={} downloaded_files=None screenshot=None pdf=None markdown=None markdown_v2=None fit_markdown=None fit_html=None extracted_content=None metadata=None error_message='Unexpected error in _crawl_web at line 528 in wrap_api_call (../../.pyenv/versions/3.12.6/lib/python3.12/site-packages/playwright/_impl/_connection.py):\nError: Browser.new_context: Target page, context or browser has been closed\n\nCode context:\n 523           parsed_st = _extract_stack_trace_information_from_stack(st, is_internal)\n 524           self._api_zone.set(parsed_st)\n 525           try:\n 526               return await cb()\n 527           except Exception as error:\n 528 →             raise rewrite_error(error, f"{parsed_st[\'apiName\']}: {error}") from None\n 529           finally:\n 530               self._api_zone.set(None)\n 531   \n 532       def wrap_api_call_sync(\n 533           self, cb: Callable[[], Any], is_internal: bool = False' session_id=None response_headers=None status_code=None ssl_certificate=None


Failed to crawl: https://www.bolton.ac.uk/our-staff/robert-higham
Result: url='https://www.bolton.ac.uk/our-staff/robert-higham' html='' success=False cleaned_html=None media={} links={} downloaded_files=None screenshot=None pdf=None markdown=None markdown_v2=None fit_markdown=None fit_html=None extracted_content=None metadata=None error_message='Unexpected error in _crawl_web at line 528 in wrap_api_call (../../.pyenv/versions/3.12.6/lib/python3.12/site-packages/playwright/_impl/_connection.py):\nError: Browser.new_context: Target page, context or browser has been closed\n\nCode context:\n 523           parsed_st = _extract_stack_trace_information_from_stack(st, is_internal)\n 524           self._api_zone.set(parsed_st)\n 525           try:\n 526               return await cb()\n 527           except Exception as error:\n 528 →             raise rewrite_error(error, f"{parsed_st[\'apiName\']}: {error}") from None\n 529           finally:\n 530               self._api_zone.set(None)\n 531   \n 532       def wrap_api_call_sync(\n 533           self, cb: Callable[[], Any], is_internal: bool = False' session_id=None response_headers=None status_code=None ssl_certificate=None


Failed to crawl: https://www.bolton.ac.uk/our-staff/dr-john-calderbank
Result: url='https://www.bolton.ac.uk/our-staff/dr-john-calderbank' html='' success=False cleaned_html=None media={} links={} downloaded_files=None screenshot=None pdf=None markdown=None markdown_v2=None fit_markdown=None fit_html=None extracted_content=None metadata=None error_message='Unexpected error in _crawl_web at line 528 in wrap_api_call (../../.pyenv/versions/3.12.6/lib/python3.12/site-packages/playwright/_impl/_connection.py):\nError: Browser.new_context: Target page, context or browser has been closed\n\nCode context:\n 523           parsed_st = _extract_stack_trace_information_from_stack(st, is_internal)\n 524           self._api_zone.set(parsed_st)\n 525           try:\n 526               return await cb()\n 527           except Exception as error:\n 528 →             raise rewrite_error(error, f"{parsed_st[\'apiName\']}: {error}") from None\n 529           finally:\n 530               self._api_zone.set(None)\n 531   \n 532       def wrap_api_call_sync(\n 533           self, cb: Callable[[], Any], is_internal: bool = False' session_id=None response_headers=None status_code=None ssl_certificate=None


Failed to crawl: https://www.bolton.ac.uk/our-staff/stuart-donohoe
Result: url='https://www.bolton.ac.uk/our-staff/stuart-donohoe' html='' success=False cleaned_html=None media={} links={} downloaded_files=None screenshot=None pdf=None markdown=None markdown_v2=None fit_markdown=None fit_html=None extracted_content=None metadata=None error_message='Unexpected error in _crawl_web at line 528 in wrap_api_call (../../.pyenv/versions/3.12.6/lib/python3.12/site-packages/playwright/_impl/_connection.py):\nError: Browser.new_context: Target page, context or browser has been closed\n\nCode context:\n 523           parsed_st = _extract_stack_trace_information_from_stack(st, is_internal)\n 524           self._api_zone.set(parsed_st)\n 525           try:\n 526               return await cb()\n 527           except Exception as error:\n 528 →             raise rewrite_error(error, f"{parsed_st[\'apiName\']}: {error}") from None\n 529           finally:\n 530               self._api_zone.set(None)\n 531   \n 532       def wrap_api_call_sync(\n 533           self, cb: Callable[[], Any], is_internal: bool = False' session_id=None response_headers=None status_code=None ssl_certificate=None


Failed to crawl: https://www.bolton.ac.uk/subject-areas/nursing-and-midwifery/nursing-and-midwifery-news
Result: url='https://www.bolton.ac.uk/subject-areas/nursing-and-midwifery/nursing-and-midwifery-news' html='' success=False cleaned_html=None media={} links={} downloaded_files=None screenshot=None pdf=None markdown=None markdown_v2=None fit_markdown=None fit_html=None extracted_content=None metadata=None error_message='Unexpected error in _crawl_web at line 528 in wrap_api_call (../../.pyenv/versions/3.12.6/lib/python3.12/site-packages/playwright/_impl/_connection.py):\nError: Browser.new_context: Target page, context or browser has been closed\n\nCode context:\n 523           parsed_st = _extract_stack_trace_information_from_stack(st, is_internal)\n 524           self._api_zone.set(parsed_st)\n 525           try:\n 526               return await cb()\n 527           except Exception as error:\n 528 →             raise rewrite_error(error, f"{parsed_st[\'apiName\']}: {error}") from None\n 529           finally:\n 530               self._api_zone.set(None)\n 531   \n 532       def wrap_api_call_sync(\n 533           self, cb: Callable[[], Any], is_internal: bool = False' session_id=None response_headers=None status_code=None ssl_certificate=None


Failed to crawl: https://www.bolton.ac.uk/our-staff/lucy-doherty
Result: url='https://www.bolton.ac.uk/our-staff/lucy-doherty' html='' success=False cleaned_html=None media={} links={} downloaded_files=None screenshot=None pdf=None markdown=None markdown_v2=None fit_markdown=None fit_html=None extracted_content=None metadata=None error_message='Unexpected error in _crawl_web at line 528 in wrap_api_call (../../.pyenv/versions/3.12.6/lib/python3.12/site-packages/playwright/_impl/_connection.py):\nError: Browser.new_context: Target page, context or browser has been closed\n\nCode context:\n 523           parsed_st = _extract_stack_trace_information_from_stack(st, is_internal)\n 524           self._api_zone.set(parsed_st)\n 525           try:\n 526               return await cb()\n 527           except Exception as error:\n 528 →             raise rewrite_error(error, f"{parsed_st[\'apiName\']}: {error}") from None\n 529           finally:\n 530               self._api_zone.set(None)\n 531   \n 532       def wrap_api_call_sync(\n 533           self, cb: Callable[[], Any], is_internal: bool = False' session_id=None response_headers=None status_code=None ssl_certificate=None


Failed to crawl: https://www.bolton.ac.uk/our-staff/hayley-carr
Result: url='https://www.bolton.ac.uk/our-staff/hayley-carr' html='' success=False cleaned_html=None media={} links={} downloaded_files=None screenshot=None pdf=None markdown=None markdown_v2=None fit_markdown=None fit_html=None extracted_content=None metadata=None error_message='Unexpected error in _crawl_web at line 528 in wrap_api_call (../../.pyenv/versions/3.12.6/lib/python3.12/site-packages/playwright/_impl/_connection.py):\nError: Browser.new_context: Target page, context or browser has been closed\n\nCode context:\n 523           parsed_st = _extract_stack_trace_information_from_stack(st, is_internal)\n 524           self._api_zone.set(parsed_st)\n 525           try:\n 526               return await cb()\n 527           except Exception as error:\n 528 →             raise rewrite_error(error, f"{parsed_st[\'apiName\']}: {error}") from None\n 529           finally:\n 530               self._api_zone.set(None)\n 531   \n 532       def wrap_api_call_sync(\n 533           self, cb: Callable[[], Any], is_internal: bool = False' session_id=None response_headers=None status_code=None ssl_certificate=None


Failed to crawl: https://www.bolton.ac.uk/our-staff/martin-samangaya
Result: url='https://www.bolton.ac.uk/our-staff/martin-samangaya' html='' success=False cleaned_html=None media={} links={} downloaded_files=None screenshot=None pdf=None markdown=None markdown_v2=None fit_markdown=None fit_html=None extracted_content=None metadata=None error_message='Unexpected error in _crawl_web at line 528 in wrap_api_call (../../.pyenv/versions/3.12.6/lib/python3.12/site-packages/playwright/_impl/_connection.py):\nError: Browser.new_context: Target page, context or browser has been closed\n\nCode context:\n 523           parsed_st = _extract_stack_trace_information_from_stack(st, is_internal)\n 524           self._api_zone.set(parsed_st)\n 525           try:\n 526               return await cb()\n 527           except Exception as error:\n 528 →             raise rewrite_error(error, f"{parsed_st[\'apiName\']}: {error}") from None\n 529           finally:\n 530               self._api_zone.set(None)\n 531   \n 532       def wrap_api_call_sync(\n 533           self, cb: Callable[[], Any], is_internal: bool = False' session_id=None response_headers=None status_code=None ssl_certificate=None


Failed to crawl: https://www.bolton.ac.uk/our-staff/siobhan-doolan
Result: url='https://www.bolton.ac.uk/our-staff/siobhan-doolan' html='' success=False cleaned_html=None media={} links={} downloaded_files=None screenshot=None pdf=None markdown=None markdown_v2=None fit_markdown=None fit_html=None extracted_content=None metadata=None error_message='Unexpected error in _crawl_web at line 528 in wrap_api_call (../../.pyenv/versions/3.12.6/lib/python3.12/site-packages/playwright/_impl/_connection.py):\nError: Browser.new_context: Target page, context or browser has been closed\n\nCode context:\n 523           parsed_st = _extract_stack_trace_information_from_stack(st, is_internal)\n 524           self._api_zone.set(parsed_st)\n 525           try:\n 526               return await cb()\n 527           except Exception as error:\n 528 →             raise rewrite_error(error, f"{parsed_st[\'apiName\']}: {error}") from None\n 529           finally:\n 530               self._api_zone.set(None)\n 531   \n 532       def wrap_api_call_sync(\n 533           self, cb: Callable[[], Any], is_internal: bool = False' session_id=None response_headers=None status_code=None ssl_certificate=None


Failed to crawl: https://www.bolton.ac.uk/our-staff/bimpe-kuti
Result: url='https://www.bolton.ac.uk/our-staff/bimpe-kuti' html='' success=False cleaned_html=None media={} links={} downloaded_files=None screenshot=None pdf=None markdown=None markdown_v2=None fit_markdown=None fit_html=None extracted_content=None metadata=None error_message='Unexpected error in _crawl_web at line 1205 in _crawl_web (../../.pyenv/versions/3.12.6/lib/python3.12/site-packages/crawl4ai/async_crawler_strategy.py):\nError: Failed on navigating ACS-GOTO:\nPage.goto: Target page, context or browser has been closed\nCall log:\n  - navigating to "https://www.bolton.ac.uk/our-staff/bimpe-kuti", waiting until "domcontentloaded"\n\n\nCode context:\n1200   \n1201                       response = await page.goto(\n1202                           url, wait_until=config.wait_until, timeout=config.page_timeout\n1203                       )\n1204                   except Error as e:\n1205 →                     raise RuntimeError(f"Failed on navigating ACS-GOTO:\\n{str(e)}")\n1206   \n1207                   await self.execute_hook("after_goto", page, context=context, url=url, response=response)\n1208   \n1209                   if response is None:\n1210                       status_code = 200' session_id=None response_headers=None status_code=None ssl_certificate=None


Failed to crawl: https://www.bolton.ac.uk/our-staff/andy-morris
Result: url='https://www.bolton.ac.uk/our-staff/andy-morris' html='' success=False cleaned_html=None media={} links={} downloaded_files=None screenshot=None pdf=None markdown=None markdown_v2=None fit_markdown=None fit_html=None extracted_content=None metadata=None error_message='Unexpected error in _crawl_web at line 1205 in _crawl_web (../../.pyenv/versions/3.12.6/lib/python3.12/site-packages/crawl4ai/async_crawler_strategy.py):\nError: Failed on navigating ACS-GOTO:\nPage.goto: Target page, context or browser has been closed\nCall log:\n  - navigating to "https://www.bolton.ac.uk/our-staff/andy-morris", waiting until "domcontentloaded"\n\n\nCode context:\n1200   \n1201                       response = await page.goto(\n1202                           url, wait_until=config.wait_until, timeout=config.page_timeout\n1203                       )\n1204                   except Error as e:\n1205 →                     raise RuntimeError(f"Failed on navigating ACS-GOTO:\\n{str(e)}")\n1206   \n1207                   await self.execute_hook("after_goto", page, context=context, url=url, response=response)\n1208   \n1209                   if response is None:\n1210                       status_code = 200' session_id=None response_headers=None status_code=None ssl_certificate=None


Failed to crawl: https://www.bolton.ac.uk/our-staff/dr-hassan-osman
Result: url='https://www.bolton.ac.uk/our-staff/dr-hassan-osman' html='' success=False cleaned_html=None media={} links={} downloaded_files=None screenshot=None pdf=None markdown=None markdown_v2=None fit_markdown=None fit_html=None extracted_content=None metadata=None error_message='Unexpected error in _crawl_web at line 528 in wrap_api_call (../../.pyenv/versions/3.12.6/lib/python3.12/site-packages/playwright/_impl/_connection.py):\nError: Page.content: Target page, context or browser has been closed\n\nCode context:\n 523           parsed_st = _extract_stack_trace_information_from_stack(st, is_internal)\n 524           self._api_zone.set(parsed_st)\n 525           try:\n 526               return await cb()\n 527           except Exception as error:\n 528 →             raise rewrite_error(error, f"{parsed_st[\'apiName\']}: {error}") from None\n 529           finally:\n 530               self._api_zone.set(None)\n 531   \n 532       def wrap_api_call_sync(\n 533           self, cb: Callable[[], Any], is_internal: bool = False' session_id=None response_headers=None status_code=None ssl_certificate=None


Failed to crawl: https://www.bolton.ac.uk/our-staff/angela-woods
Result: url='https://www.bolton.ac.uk/our-staff/angela-woods' html='' success=False cleaned_html=None media={} links={} downloaded_files=None screenshot=None pdf=None markdown=None markdown_v2=None fit_markdown=None fit_html=None extracted_content=None metadata=None error_message='Unexpected error in _crawl_web at line 1205 in _crawl_web (../../.pyenv/versions/3.12.6/lib/python3.12/site-packages/crawl4ai/async_crawler_strategy.py):\nError: Failed on navigating ACS-GOTO:\nPage.goto: Target page, context or browser has been closed\nCall log:\n  - navigating to "https://www.bolton.ac.uk/our-staff/angela-woods", waiting until "domcontentloaded"\n\n\nCode context:\n1200   \n1201                       response = await page.goto(\n1202                           url, wait_until=config.wait_until, timeout=config.page_timeout\n1203                       )\n1204                   except Error as e:\n1205 →                     raise RuntimeError(f"Failed on navigating ACS-GOTO:\\n{str(e)}")\n1206   \n1207                   await self.execute_hook("after_goto", page, context=context, url=url, response=response)\n1208   \n1209                   if response is None:\n1210                       status_code = 200' session_id=None response_headers=None status_code=None ssl_certificate=None


Failed to crawl: https://www.bolton.ac.uk/our-staff/dr-jana-rozehnalova
Result: url='https://www.bolton.ac.uk/our-staff/dr-jana-rozehnalova' html='' success=False cleaned_html=None media={} links={} downloaded_files=None screenshot=None pdf=None markdown=None markdown_v2=None fit_markdown=None fit_html=None extracted_content=None metadata=None error_message='Unexpected error in _crawl_web at line 1205 in _crawl_web (../../.pyenv/versions/3.12.6/lib/python3.12/site-packages/crawl4ai/async_crawler_strategy.py):\nError: Failed on navigating ACS-GOTO:\nPage.goto: Target page, context or browser has been closed\nCall log:\n  - navigating to "https://www.bolton.ac.uk/our-staff/dr-jana-rozehnalova", waiting until "domcontentloaded"\n\n\nCode context:\n1200   \n1201                       response = await page.goto(\n1202                           url, wait_until=config.wait_until, timeout=config.page_timeout\n1203                       )\n1204                   except Error as e:\n1205 →                     raise RuntimeError(f"Failed on navigating ACS-GOTO:\\n{str(e)}")\n1206   \n1207                   await self.execute_hook("after_goto", page, context=context, url=url, response=response)\n1208   \n1209                   if response is None:\n1210                       status_code = 200' session_id=None response_headers=None status_code=None ssl_certificate=None


Failed to crawl: https://www.bolton.ac.uk/our-staff/tracy-corbett
Result: url='https://www.bolton.ac.uk/our-staff/tracy-corbett' html='' success=False cleaned_html=None media={} links={} downloaded_files=None screenshot=None pdf=None markdown=None markdown_v2=None fit_markdown=None fit_html=None extracted_content=None metadata=None error_message='Unexpected error in _crawl_web at line 1205 in _crawl_web (../../.pyenv/versions/3.12.6/lib/python3.12/site-packages/crawl4ai/async_crawler_strategy.py):\nError: Failed on navigating ACS-GOTO:\nPage.goto: Target page, context or browser has been closed\nCall log:\n  - navigating to "https://www.bolton.ac.uk/our-staff/tracy-corbett", waiting until "domcontentloaded"\n\n\nCode context:\n1200   \n1201                       response = await page.goto(\n1202                           url, wait_until=config.wait_until, timeout=config.page_timeout\n1203                       )\n1204                   except Error as e:\n1205 →                     raise RuntimeError(f"Failed on navigating ACS-GOTO:\\n{str(e)}")\n1206   \n1207                   await self.execute_hook("after_goto", page, context=context, url=url, response=response)\n1208   \n1209                   if response is None:\n1210                       status_code = 200' session_id=None response_headers=None status_code=None ssl_certificate=None


Failed to crawl: https://www.bolton.ac.uk/our-staff/michelle-frater
Result: url='https://www.bolton.ac.uk/our-staff/michelle-frater' html='' success=False cleaned_html=None media={} links={} downloaded_files=None screenshot=None pdf=None markdown=None markdown_v2=None fit_markdown=None fit_html=None extracted_content=None metadata=None error_message='Unexpected error in _crawl_web at line 1205 in _crawl_web (../../.pyenv/versions/3.12.6/lib/python3.12/site-packages/crawl4ai/async_crawler_strategy.py):\nError: Failed on navigating ACS-GOTO:\nPage.goto: Target page, context or browser has been closed\nCall log:\n  - navigating to "https://www.bolton.ac.uk/our-staff/michelle-frater", waiting until "domcontentloaded"\n\n\nCode context:\n1200   \n1201                       response = await page.goto(\n1202                           url, wait_until=config.wait_until, timeout=config.page_timeout\n1203                       )\n1204                   except Error as e:\n1205 →                     raise RuntimeError(f"Failed on navigating ACS-GOTO:\\n{str(e)}")\n1206   \n1207                   await self.execute_hook("after_goto", page, context=context, url=url, response=response)\n1208   \n1209                   if response is None:\n1210                       status_code = 200' session_id=None response_headers=None status_code=None ssl_certificate=None


Failed to crawl: https://www.bolton.ac.uk/our-staff/prof-russell-gurbutt
Result: url='https://www.bolton.ac.uk/our-staff/prof-russell-gurbutt' html='' success=False cleaned_html=None media={} links={} downloaded_files=None screenshot=None pdf=None markdown=None markdown_v2=None fit_markdown=None fit_html=None extracted_content=None metadata=None error_message='Unexpected error in _crawl_web at line 528 in wrap_api_call (../../.pyenv/versions/3.12.6/lib/python3.12/site-packages/playwright/_impl/_connection.py):\nError: Page.content: Target page, context or browser has been closed\n\nCode context:\n 523           parsed_st = _extract_stack_trace_information_from_stack(st, is_internal)\n 524           self._api_zone.set(parsed_st)\n 525           try:\n 526               return await cb()\n 527           except Exception as error:\n 528 →             raise rewrite_error(error, f"{parsed_st[\'apiName\']}: {error}") from None\n 529           finally:\n 530               self._api_zone.set(None)\n 531   \n 532       def wrap_api_call_sync(\n 533           self, cb: Callable[[], Any], is_internal: bool = False' session_id=None response_headers=None status_code=None ssl_certificate=None


Failed to crawl: https://www.bolton.ac.uk/our-staff/helen-higginson
Result: url='https://www.bolton.ac.uk/our-staff/helen-higginson' html='' success=False cleaned_html=None media={} links={} downloaded_files=None screenshot=None pdf=None markdown=None markdown_v2=None fit_markdown=None fit_html=None extracted_content=None metadata=None error_message='Unexpected error in _crawl_web at line 1205 in _crawl_web (../../.pyenv/versions/3.12.6/lib/python3.12/site-packages/crawl4ai/async_crawler_strategy.py):\nError: Failed on navigating ACS-GOTO:\nPage.goto: Target page, context or browser has been closed\nCall log:\n  - navigating to "https://www.bolton.ac.uk/our-staff/helen-higginson", waiting until "domcontentloaded"\n\n\nCode context:\n1200   \n1201                       response = await page.goto(\n1202                           url, wait_until=config.wait_until, timeout=config.page_timeout\n1203                       )\n1204                   except Error as e:\n1205 →                     raise RuntimeError(f"Failed on navigating ACS-GOTO:\\n{str(e)}")\n1206   \n1207                   await self.execute_hook("after_goto", page, context=context, url=url, response=response)\n1208   \n1209                   if response is None:\n1210                       status_code = 200' session_id=None response_headers=None status_code=None ssl_certificate=None


Failed to crawl: https://www.bolton.ac.uk/our-staff/ben-hughes
Result: url='https://www.bolton.ac.uk/our-staff/ben-hughes' html='' success=False cleaned_html=None media={} links={} downloaded_files=None screenshot=None pdf=None markdown=None markdown_v2=None fit_markdown=None fit_html=None extracted_content=None metadata=None error_message='Unexpected error in _crawl_web at line 1205 in _crawl_web (../../.pyenv/versions/3.12.6/lib/python3.12/site-packages/crawl4ai/async_crawler_strategy.py):\nError: Failed on navigating ACS-GOTO:\nPage.goto: Target page, context or browser has been closed\nCall log:\n  - navigating to "https://www.bolton.ac.uk/our-staff/ben-hughes", waiting until "domcontentloaded"\n\n\nCode context:\n1200   \n1201                       response = await page.goto(\n1202                           url, wait_until=config.wait_until, timeout=config.page_timeout\n1203                       )\n1204                   except Error as e:\n1205 →                     raise RuntimeError(f"Failed on navigating ACS-GOTO:\\n{str(e)}")\n1206   \n1207                   await self.execute_hook("after_goto", page, context=context, url=url, response=response)\n1208   \n1209                   if response is None:\n1210                       status_code = 200' session_id=None response_headers=None status_code=None ssl_certificate=None


Failed to crawl: https://www.bolton.ac.uk/our-staff/liba-whittaker
Result: url='https://www.bolton.ac.uk/our-staff/liba-whittaker' html='' success=False cleaned_html=None media={} links={} downloaded_files=None screenshot=None pdf=None markdown=None markdown_v2=None fit_markdown=None fit_html=None extracted_content=None metadata=None error_message='Unexpected error in _crawl_web at line 528 in wrap_api_call (../../.pyenv/versions/3.12.6/lib/python3.12/site-packages/playwright/_impl/_connection.py):\nError: BrowserContext.route: Target page, context or browser has been closed\n\nCode context:\n 523           parsed_st = _extract_stack_trace_information_from_stack(st, is_internal)\n 524           self._api_zone.set(parsed_st)\n 525           try:\n 526               return await cb()\n 527           except Exception as error:\n 528 →             raise rewrite_error(error, f"{parsed_st[\'apiName\']}: {error}") from None\n 529           finally:\n 530               self._api_zone.set(None)\n 531   \n 532       def wrap_api_call_sync(\n 533           self, cb: Callable[[], Any], is_internal: bool = False' session_id=None response_headers=None status_code=None ssl_certificate=None


Failed to crawl: https://www.bolton.ac.uk/our-staff/gina-lewis
Result: url='https://www.bolton.ac.uk/our-staff/gina-lewis' html='' success=False cleaned_html=None media={} links={} downloaded_files=None screenshot=None pdf=None markdown=None markdown_v2=None fit_markdown=None fit_html=None extracted_content=None metadata=None error_message='Unexpected error in _crawl_web at line 528 in wrap_api_call (../../.pyenv/versions/3.12.6/lib/python3.12/site-packages/playwright/_impl/_connection.py):\nError: BrowserContext.route: Target page, context or browser has been closed\n\nCode context:\n 523           parsed_st = _extract_stack_trace_information_from_stack(st, is_internal)\n 524           self._api_zone.set(parsed_st)\n 525           try:\n 526               return await cb()\n 527           except Exception as error:\n 528 →             raise rewrite_error(error, f"{parsed_st[\'apiName\']}: {error}") from None\n 529           finally:\n 530               self._api_zone.set(None)\n 531   \n 532       def wrap_api_call_sync(\n 533           self, cb: Callable[[], Any], is_internal: bool = False' session_id=None response_headers=None status_code=None ssl_certificate=None


Failed to crawl: https://www.bolton.ac.uk/our-staff/dr-rob-noonan
Result: url='https://www.bolton.ac.uk/our-staff/dr-rob-noonan' html='' success=False cleaned_html=None media={} links={} downloaded_files=None screenshot=None pdf=None markdown=None markdown_v2=None fit_markdown=None fit_html=None extracted_content=None metadata=None error_message='Unexpected error in _crawl_web at line 528 in wrap_api_call (../../.pyenv/versions/3.12.6/lib/python3.12/site-packages/playwright/_impl/_connection.py):\nError: BrowserContext.route: Target page, context or browser has been closed\n\nCode context:\n 523           parsed_st = _extract_stack_trace_information_from_stack(st, is_internal)\n 524           self._api_zone.set(parsed_st)\n 525           try:\n 526               return await cb()\n 527           except Exception as error:\n 528 →             raise rewrite_error(error, f"{parsed_st[\'apiName\']}: {error}") from None\n 529           finally:\n 530               self._api_zone.set(None)\n 531   \n 532       def wrap_api_call_sync(\n 533           self, cb: Callable[[], Any], is_internal: bool = False' session_id=None response_headers=None status_code=None ssl_certificate=None


Failed to crawl: https://www.bolton.ac.uk/subject-areas/law/law-news
Result: url='https://www.bolton.ac.uk/subject-areas/law/law-news' html='' success=False cleaned_html=None media={} links={} downloaded_files=None screenshot=None pdf=None markdown=None markdown_v2=None fit_markdown=None fit_html=None extracted_content=None metadata=None error_message='Unexpected error in _crawl_web at line 528 in wrap_api_call (../../.pyenv/versions/3.12.6/lib/python3.12/site-packages/playwright/_impl/_connection.py):\nError: BrowserContext.route: Target page, context or browser has been closed\n\nCode context:\n 523           parsed_st = _extract_stack_trace_information_from_stack(st, is_internal)\n 524           self._api_zone.set(parsed_st)\n 525           try:\n 526               return await cb()\n 527           except Exception as error:\n 528 →             raise rewrite_error(error, f"{parsed_st[\'apiName\']}: {error}") from None\n 529           finally:\n 530               self._api_zone.set(None)\n 531   \n 532       def wrap_api_call_sync(\n 533           self, cb: Callable[[], Any], is_internal: bool = False' session_id=None response_headers=None status_code=None ssl_certificate=None


Failed to crawl: https://www.bolton.ac.uk/our-staff/beverley-caddick
Result: url='https://www.bolton.ac.uk/our-staff/beverley-caddick' html='' success=False cleaned_html=None media={} links={} downloaded_files=None screenshot=None pdf=None markdown=None markdown_v2=None fit_markdown=None fit_html=None extracted_content=None metadata=None error_message='Unexpected error in _crawl_web at line 528 in wrap_api_call (../../.pyenv/versions/3.12.6/lib/python3.12/site-packages/playwright/_impl/_connection.py):\nError: BrowserContext.route: Target page, context or browser has been closed\n\nCode context:\n 523           parsed_st = _extract_stack_trace_information_from_stack(st, is_internal)\n 524           self._api_zone.set(parsed_st)\n 525           try:\n 526               return await cb()\n 527           except Exception as error:\n 528 →             raise rewrite_error(error, f"{parsed_st[\'apiName\']}: {error}") from None\n 529           finally:\n 530               self._api_zone.set(None)\n 531   \n 532       def wrap_api_call_sync(\n 533           self, cb: Callable[[], Any], is_internal: bool = False' session_id=None response_headers=None status_code=None ssl_certificate=None


Failed to crawl: https://www.bolton.ac.uk/our-staff/alicia-danielsson
Result: url='https://www.bolton.ac.uk/our-staff/alicia-danielsson' html='' success=False cleaned_html=None media={} links={} downloaded_files=None screenshot=None pdf=None markdown=None markdown_v2=None fit_markdown=None fit_html=None extracted_content=None metadata=None error_message='Unexpected error in _crawl_web at line 528 in wrap_api_call (../../.pyenv/versions/3.12.6/lib/python3.12/site-packages/playwright/_impl/_connection.py):\nError: BrowserContext.route: Target page, context or browser has been closed\n\nCode context:\n 523           parsed_st = _extract_stack_trace_information_from_stack(st, is_internal)\n 524           self._api_zone.set(parsed_st)\n 525           try:\n 526               return await cb()\n 527           except Exception as error:\n 528 →             raise rewrite_error(error, f"{parsed_st[\'apiName\']}: {error}") from None\n 529           finally:\n 530               self._api_zone.set(None)\n 531   \n 532       def wrap_api_call_sync(\n 533           self, cb: Callable[[], Any], is_internal: bool = False' session_id=None response_headers=None status_code=None ssl_certificate=None


Failed to crawl: https://www.bolton.ac.uk/our-staff/ian-bowden
Result: url='https://www.bolton.ac.uk/our-staff/ian-bowden' html='' success=False cleaned_html=None media={} links={} downloaded_files=None screenshot=None pdf=None markdown=None markdown_v2=None fit_markdown=None fit_html=None extracted_content=None metadata=None error_message='Unexpected error in _crawl_web at line 528 in wrap_api_call (../../.pyenv/versions/3.12.6/lib/python3.12/site-packages/playwright/_impl/_connection.py):\nError: BrowserContext.route: Target page, context or browser has been closed\n\nCode context:\n 523           parsed_st = _extract_stack_trace_information_from_stack(st, is_internal)\n 524           self._api_zone.set(parsed_st)\n 525           try:\n 526               return await cb()\n 527           except Exception as error:\n 528 →             raise rewrite_error(error, f"{parsed_st[\'apiName\']}: {error}") from None\n 529           finally:\n 530               self._api_zone.set(None)\n 531   \n 532       def wrap_api_call_sync(\n 533           self, cb: Callable[[], Any], is_internal: bool = False' session_id=None response_headers=None status_code=None ssl_certificate=None


Failed to crawl: https://www.bolton.ac.uk/our-staff/dr-ikpenmosa-uhumuavbi
Result: url='https://www.bolton.ac.uk/our-staff/dr-ikpenmosa-uhumuavbi' html='' success=False cleaned_html=None media={} links={} downloaded_files=None screenshot=None pdf=None markdown=None markdown_v2=None fit_markdown=None fit_html=None extracted_content=None metadata=None error_message='Unexpected error in _crawl_web at line 528 in wrap_api_call (../../.pyenv/versions/3.12.6/lib/python3.12/site-packages/playwright/_impl/_connection.py):\nError: BrowserContext.route: Target page, context or browser has been closed\n\nCode context:\n 523           parsed_st = _extract_stack_trace_information_from_stack(st, is_internal)\n 524           self._api_zone.set(parsed_st)\n 525           try:\n 526               return await cb()\n 527           except Exception as error:\n 528 →             raise rewrite_error(error, f"{parsed_st[\'apiName\']}: {error}") from None\n 529           finally:\n 530               self._api_zone.set(None)\n 531   \n 532       def wrap_api_call_sync(\n 533           self, cb: Callable[[], Any], is_internal: bool = False' session_id=None response_headers=None status_code=None ssl_certificate=None


Failed to crawl: https://www.bolton.ac.uk/our-staff/amber-heaviside
Result: url='https://www.bolton.ac.uk/our-staff/amber-heaviside' html='' success=False cleaned_html=None media={} links={} downloaded_files=None screenshot=None pdf=None markdown=None markdown_v2=None fit_markdown=None fit_html=None extracted_content=None metadata=None error_message='Unexpected error in _crawl_web at line 528 in wrap_api_call (../../.pyenv/versions/3.12.6/lib/python3.12/site-packages/playwright/_impl/_connection.py):\nError: BrowserContext.route: Target page, context or browser has been closed\n\nCode context:\n 523           parsed_st = _extract_stack_trace_information_from_stack(st, is_internal)\n 524           self._api_zone.set(parsed_st)\n 525           try:\n 526               return await cb()\n 527           except Exception as error:\n 528 →             raise rewrite_error(error, f"{parsed_st[\'apiName\']}: {error}") from None\n 529           finally:\n 530               self._api_zone.set(None)\n 531   \n 532       def wrap_api_call_sync(\n 533           self, cb: Callable[[], Any], is_internal: bool = False' session_id=None response_headers=None status_code=None ssl_certificate=None


Failed to crawl: https://www.bolton.ac.uk/our-staff/sophina-rafique
Result: url='https://www.bolton.ac.uk/our-staff/sophina-rafique' html='' success=False cleaned_html=None media={} links={} downloaded_files=None screenshot=None pdf=None markdown=None markdown_v2=None fit_markdown=None fit_html=None extracted_content=None metadata=None error_message='Unexpected error in _crawl_web at line 528 in wrap_api_call (../../.pyenv/versions/3.12.6/lib/python3.12/site-packages/playwright/_impl/_connection.py):\nError: BrowserContext.route: Target page, context or browser has been closed\n\nCode context:\n 523           parsed_st = _extract_stack_trace_information_from_stack(st, is_internal)\n 524           self._api_zone.set(parsed_st)\n 525           try:\n 526               return await cb()\n 527           except Exception as error:\n 528 →             raise rewrite_error(error, f"{parsed_st[\'apiName\']}: {error}") from None\n 529           finally:\n 530               self._api_zone.set(None)\n 531   \n 532       def wrap_api_call_sync(\n 533           self, cb: Callable[[], Any], is_internal: bool = False' session_id=None response_headers=None status_code=None ssl_certificate=None


Failed to crawl: https://www.bolton.ac.uk/our-staff/richard-whitehead
Result: url='https://www.bolton.ac.uk/our-staff/richard-whitehead' html='' success=False cleaned_html=None media={} links={} downloaded_files=None screenshot=None pdf=None markdown=None markdown_v2=None fit_markdown=None fit_html=None extracted_content=None metadata=None error_message='Unexpected error in _crawl_web at line 528 in wrap_api_call (../../.pyenv/versions/3.12.6/lib/python3.12/site-packages/playwright/_impl/_connection.py):\nError: Browser.new_context: Target page, context or browser has been closed\n\nCode context:\n 523           parsed_st = _extract_stack_trace_information_from_stack(st, is_internal)\n 524           self._api_zone.set(parsed_st)\n 525           try:\n 526               return await cb()\n 527           except Exception as error:\n 528 →             raise rewrite_error(error, f"{parsed_st[\'apiName\']}: {error}") from None\n 529           finally:\n 530               self._api_zone.set(None)\n 531   \n 532       def wrap_api_call_sync(\n 533           self, cb: Callable[[], Any], is_internal: bool = False' session_id=None response_headers=None status_code=None ssl_certificate=None


Failed to crawl: https://www.bolton.ac.uk/our-staff/joe-egan
Result: url='https://www.bolton.ac.uk/our-staff/joe-egan' html='' success=False cleaned_html=None media={} links={} downloaded_files=None screenshot=None pdf=None markdown=None markdown_v2=None fit_markdown=None fit_html=None extracted_content=None metadata=None error_message='Unexpected error in _crawl_web at line 528 in wrap_api_call (../../.pyenv/versions/3.12.6/lib/python3.12/site-packages/playwright/_impl/_connection.py):\nError: Browser.new_context: Target page, context or browser has been closed\n\nCode context:\n 523           parsed_st = _extract_stack_trace_information_from_stack(st, is_internal)\n 524           self._api_zone.set(parsed_st)\n 525           try:\n 526               return await cb()\n 527           except Exception as error:\n 528 →             raise rewrite_error(error, f"{parsed_st[\'apiName\']}: {error}") from None\n 529           finally:\n 530               self._api_zone.set(None)\n 531   \n 532       def wrap_api_call_sync(\n 533           self, cb: Callable[[], Any], is_internal: bool = False' session_id=None response_headers=None status_code=None ssl_certificate=None


Failed to crawl: https://www.bolton.ac.uk/our-staff/professor-benedict-abrahamson-chigara
Result: url='https://www.bolton.ac.uk/our-staff/professor-benedict-abrahamson-chigara' html='' success=False cleaned_html=None media={} links={} downloaded_files=None screenshot=None pdf=None markdown=None markdown_v2=None fit_markdown=None fit_html=None extracted_content=None metadata=None error_message='Unexpected error in _crawl_web at line 528 in wrap_api_call (../../.pyenv/versions/3.12.6/lib/python3.12/site-packages/playwright/_impl/_connection.py):\nError: Browser.new_context: Target page, context or browser has been closed\n\nCode context:\n 523           parsed_st = _extract_stack_trace_information_from_stack(st, is_internal)\n 524           self._api_zone.set(parsed_st)\n 525           try:\n 526               return await cb()\n 527           except Exception as error:\n 528 →             raise rewrite_error(error, f"{parsed_st[\'apiName\']}: {error}") from None\n 529           finally:\n 530               self._api_zone.set(None)\n 531   \n 532       def wrap_api_call_sync(\n 533           self, cb: Callable[[], Any], is_internal: bool = False' session_id=None response_headers=None status_code=None ssl_certificate=None


Failed to crawl: https://www.bolton.ac.uk/subject-areas/mechanical-engineering/mechanical-engineering-news
Result: url='https://www.bolton.ac.uk/subject-areas/mechanical-engineering/mechanical-engineering-news' html='' success=False cleaned_html=None media={} links={} downloaded_files=None screenshot=None pdf=None markdown=None markdown_v2=None fit_markdown=None fit_html=None extracted_content=None metadata=None error_message='Unexpected error in _crawl_web at line 528 in wrap_api_call (../../.pyenv/versions/3.12.6/lib/python3.12/site-packages/playwright/_impl/_connection.py):\nError: Browser.new_context: Target page, context or browser has been closed\n\nCode context:\n 523           parsed_st = _extract_stack_trace_information_from_stack(st, is_internal)\n 524           self._api_zone.set(parsed_st)\n 525           try:\n 526               return await cb()\n 527           except Exception as error:\n 528 →             raise rewrite_error(error, f"{parsed_st[\'apiName\']}: {error}") from None\n 529           finally:\n 530               self._api_zone.set(None)\n 531   \n 532       def wrap_api_call_sync(\n 533           self, cb: Callable[[], Any], is_internal: bool = False' session_id=None response_headers=None status_code=None ssl_certificate=None


Failed to crawl: https://www.bolton.ac.uk/our-staff/dr-md-ismil-hossain
Result: url='https://www.bolton.ac.uk/our-staff/dr-md-ismil-hossain' html='' success=False cleaned_html=None media={} links={} downloaded_files=None screenshot=None pdf=None markdown=None markdown_v2=None fit_markdown=None fit_html=None extracted_content=None metadata=None error_message='Unexpected error in _crawl_web at line 528 in wrap_api_call (../../.pyenv/versions/3.12.6/lib/python3.12/site-packages/playwright/_impl/_connection.py):\nError: Browser.new_context: Target page, context or browser has been closed\n\nCode context:\n 523           parsed_st = _extract_stack_trace_information_from_stack(st, is_internal)\n 524           self._api_zone.set(parsed_st)\n 525           try:\n 526               return await cb()\n 527           except Exception as error:\n 528 →             raise rewrite_error(error, f"{parsed_st[\'apiName\']}: {error}") from None\n 529           finally:\n 530               self._api_zone.set(None)\n 531   \n 532       def wrap_api_call_sync(\n 533           self, cb: Callable[[], Any], is_internal: bool = False' session_id=None response_headers=None status_code=None ssl_certificate=None


Failed to crawl: https://www.bolton.ac.uk/our-staff/dr-ma-mohin
Result: url='https://www.bolton.ac.uk/our-staff/dr-ma-mohin' html='' success=False cleaned_html=None media={} links={} downloaded_files=None screenshot=None pdf=None markdown=None markdown_v2=None fit_markdown=None fit_html=None extracted_content=None metadata=None error_message='Unexpected error in _crawl_web at line 528 in wrap_api_call (../../.pyenv/versions/3.12.6/lib/python3.12/site-packages/playwright/_impl/_connection.py):\nError: Browser.new_context: Target page, context or browser has been closed\n\nCode context:\n 523           parsed_st = _extract_stack_trace_information_from_stack(st, is_internal)\n 524           self._api_zone.set(parsed_st)\n 525           try:\n 526               return await cb()\n 527           except Exception as error:\n 528 →             raise rewrite_error(error, f"{parsed_st[\'apiName\']}: {error}") from None\n 529           finally:\n 530               self._api_zone.set(None)\n 531   \n 532       def wrap_api_call_sync(\n 533           self, cb: Callable[[], Any], is_internal: bool = False' session_id=None response_headers=None status_code=None ssl_certificate=None


Failed to crawl: https://www.bolton.ac.uk/subject-areas/media-and-photography/media-and-photography-news
Result: url='https://www.bolton.ac.uk/subject-areas/media-and-photography/media-and-photography-news' html='' success=False cleaned_html=None media={} links={} downloaded_files=None screenshot=None pdf=None markdown=None markdown_v2=None fit_markdown=None fit_html=None extracted_content=None metadata=None error_message='Unexpected error in _crawl_web at line 528 in wrap_api_call (../../.pyenv/versions/3.12.6/lib/python3.12/site-packages/playwright/_impl/_connection.py):\nError: Browser.new_context: Target page, context or browser has been closed\n\nCode context:\n 523           parsed_st = _extract_stack_trace_information_from_stack(st, is_internal)\n 524           self._api_zone.set(parsed_st)\n 525           try:\n 526               return await cb()\n 527           except Exception as error:\n 528 →             raise rewrite_error(error, f"{parsed_st[\'apiName\']}: {error}") from None\n 529           finally:\n 530               self._api_zone.set(None)\n 531   \n 532       def wrap_api_call_sync(\n 533           self, cb: Callable[[], Any], is_internal: bool = False' session_id=None response_headers=None status_code=None ssl_certificate=None


Failed to crawl: https://www.bolton.ac.uk/our-staff/anthony-sabanskis
Result: url='https://www.bolton.ac.uk/our-staff/anthony-sabanskis' html='' success=False cleaned_html=None media={} links={} downloaded_files=None screenshot=None pdf=None markdown=None markdown_v2=None fit_markdown=None fit_html=None extracted_content=None metadata=None error_message='Unexpected error in _crawl_web at line 528 in wrap_api_call (../../.pyenv/versions/3.12.6/lib/python3.12/site-packages/playwright/_impl/_connection.py):\nError: Browser.new_context: Connection closed while reading from the driver\n\nCode context:\n 523           parsed_st = _extract_stack_trace_information_from_stack(st, is_internal)\n 524           self._api_zone.set(parsed_st)\n 525           try:\n 526               return await cb()\n 527           except Exception as error:\n 528 →             raise rewrite_error(error, f"{parsed_st[\'apiName\']}: {error}") from None\n 529           finally:\n 530               self._api_zone.set(None)\n 531   \n 532       def wrap_api_call_sync(\n 533           self, cb: Callable[[], Any], is_internal: bool = False' session_id=None response_headers=None status_code=None ssl_certificate=None


Failed to crawl: https://www.bolton.ac.uk/our-staff/dr-david-clark
Result: url='https://www.bolton.ac.uk/our-staff/dr-david-clark' html='' success=False cleaned_html=None media={} links={} downloaded_files=None screenshot=None pdf=None markdown=None markdown_v2=None fit_markdown=None fit_html=None extracted_content=None metadata=None error_message='Unexpected error in _crawl_web at line 528 in wrap_api_call (../../.pyenv/versions/3.12.6/lib/python3.12/site-packages/playwright/_impl/_connection.py):\nError: Browser.new_context: Connection closed while reading from the driver\n\nCode context:\n 523           parsed_st = _extract_stack_trace_information_from_stack(st, is_internal)\n 524           self._api_zone.set(parsed_st)\n 525           try:\n 526               return await cb()\n 527           except Exception as error:\n 528 →             raise rewrite_error(error, f"{parsed_st[\'apiName\']}: {error}") from None\n 529           finally:\n 530               self._api_zone.set(None)\n 531   \n 532       def wrap_api_call_sync(\n 533           self, cb: Callable[[], Any], is_internal: bool = False' session_id=None response_headers=None status_code=None ssl_certificate=None


Failed to crawl: https://www.bolton.ac.uk/our-staff/rachel-mchaffie
Result: url='https://www.bolton.ac.uk/our-staff/rachel-mchaffie' html='' success=False cleaned_html=None media={} links={} downloaded_files=None screenshot=None pdf=None markdown=None markdown_v2=None fit_markdown=None fit_html=None extracted_content=None metadata=None error_message='Unexpected error in _crawl_web at line 528 in wrap_api_call (../../.pyenv/versions/3.12.6/lib/python3.12/site-packages/playwright/_impl/_connection.py):\nError: Browser.new_context: Connection closed while reading from the driver\n\nCode context:\n 523           parsed_st = _extract_stack_trace_information_from_stack(st, is_internal)\n 524           self._api_zone.set(parsed_st)\n 525           try:\n 526               return await cb()\n 527           except Exception as error:\n 528 →             raise rewrite_error(error, f"{parsed_st[\'apiName\']}: {error}") from None\n 529           finally:\n 530               self._api_zone.set(None)\n 531   \n 532       def wrap_api_call_sync(\n 533           self, cb: Callable[[], Any], is_internal: bool = False' session_id=None response_headers=None status_code=None ssl_certificate=None


Failed to crawl: https://www.bolton.ac.uk/our-staff/ian-glover
Result: url='https://www.bolton.ac.uk/our-staff/ian-glover' html='' success=False cleaned_html=None media={} links={} downloaded_files=None screenshot=None pdf=None markdown=None markdown_v2=None fit_markdown=None fit_html=None extracted_content=None metadata=None error_message='Unexpected error in _crawl_web at line 528 in wrap_api_call (../../.pyenv/versions/3.12.6/lib/python3.12/site-packages/playwright/_impl/_connection.py):\nError: Browser.new_context: Connection closed while reading from the driver\n\nCode context:\n 523           parsed_st = _extract_stack_trace_information_from_stack(st, is_internal)\n 524           self._api_zone.set(parsed_st)\n 525           try:\n 526               return await cb()\n 527           except Exception as error:\n 528 →             raise rewrite_error(error, f"{parsed_st[\'apiName\']}: {error}") from None\n 529           finally:\n 530               self._api_zone.set(None)\n 531   \n 532       def wrap_api_call_sync(\n 533           self, cb: Callable[[], Any], is_internal: bool = False' session_id=None response_headers=None status_code=None ssl_certificate=None


Failed to crawl: https://www.bolton.ac.uk/our-staff/neil-dougan
Result: url='https://www.bolton.ac.uk/our-staff/neil-dougan' html='' success=False cleaned_html=None media={} links={} downloaded_files=None screenshot=None pdf=None markdown=None markdown_v2=None fit_markdown=None fit_html=None extracted_content=None metadata=None error_message='Unexpected error in _crawl_web at line 528 in wrap_api_call (../../.pyenv/versions/3.12.6/lib/python3.12/site-packages/playwright/_impl/_connection.py):\nError: Browser.new_context: Connection closed while reading from the driver\n\nCode context:\n 523           parsed_st = _extract_stack_trace_information_from_stack(st, is_internal)\n 524           self._api_zone.set(parsed_st)\n 525           try:\n 526               return await cb()\n 527           except Exception as error:\n 528 →             raise rewrite_error(error, f"{parsed_st[\'apiName\']}: {error}") from None\n 529           finally:\n 530               self._api_zone.set(None)\n 531   \n 532       def wrap_api_call_sync(\n 533           self, cb: Callable[[], Any], is_internal: bool = False' session_id=None response_headers=None status_code=None ssl_certificate=None


Failed to crawl: https://www.bolton.ac.uk/our-staff/sharron-lovell
Result: url='https://www.bolton.ac.uk/our-staff/sharron-lovell' html='' success=False cleaned_html=None media={} links={} downloaded_files=None screenshot=None pdf=None markdown=None markdown_v2=None fit_markdown=None fit_html=None extracted_content=None metadata=None error_message='Unexpected error in _crawl_web at line 528 in wrap_api_call (../../.pyenv/versions/3.12.6/lib/python3.12/site-packages/playwright/_impl/_connection.py):\nError: Browser.new_context: Connection closed while reading from the driver\n\nCode context:\n 523           parsed_st = _extract_stack_trace_information_from_stack(st, is_internal)\n 524           self._api_zone.set(parsed_st)\n 525           try:\n 526               return await cb()\n 527           except Exception as error:\n 528 →             raise rewrite_error(error, f"{parsed_st[\'apiName\']}: {error}") from None\n 529           finally:\n 530               self._api_zone.set(None)\n 531   \n 532       def wrap_api_call_sync(\n 533           self, cb: Callable[[], Any], is_internal: bool = False' session_id=None response_headers=None status_code=None ssl_certificate=None


Failed to crawl: https://www.bolton.ac.uk/subject-areas/medical-biology/medical-biology-news
Result: url='https://www.bolton.ac.uk/subject-areas/medical-biology/medical-biology-news' html='' success=False cleaned_html=None media={} links={} downloaded_files=None screenshot=None pdf=None markdown=None markdown_v2=None fit_markdown=None fit_html=None extracted_content=None metadata=None error_message='Unexpected error in _crawl_web at line 528 in wrap_api_call (../../.pyenv/versions/3.12.6/lib/python3.12/site-packages/playwright/_impl/_connection.py):\nError: Browser.new_context: Connection closed while reading from the driver\n\nCode context:\n 523           parsed_st = _extract_stack_trace_information_from_stack(st, is_internal)\n 524           self._api_zone.set(parsed_st)\n 525           try:\n 526               return await cb()\n 527           except Exception as error:\n 528 →             raise rewrite_error(error, f"{parsed_st[\'apiName\']}: {error}") from None\n 529           finally:\n 530               self._api_zone.set(None)\n 531   \n 532       def wrap_api_call_sync(\n 533           self, cb: Callable[[], Any], is_internal: bool = False' session_id=None response_headers=None status_code=None ssl_certificate=None


Failed to crawl: https://www.bolton.ac.uk/our-staff/tom-clegg
Result: url='https://www.bolton.ac.uk/our-staff/tom-clegg' html='' success=False cleaned_html=None media={} links={} downloaded_files=None screenshot=None pdf=None markdown=None markdown_v2=None fit_markdown=None fit_html=None extracted_content=None metadata=None error_message='Unexpected error in _crawl_web at line 528 in wrap_api_call (../../.pyenv/versions/3.12.6/lib/python3.12/site-packages/playwright/_impl/_connection.py):\nError: Browser.new_context: Connection closed while reading from the driver\n\nCode context:\n 523           parsed_st = _extract_stack_trace_information_from_stack(st, is_internal)\n 524           self._api_zone.set(parsed_st)\n 525           try:\n 526               return await cb()\n 527           except Exception as error:\n 528 →             raise rewrite_error(error, f"{parsed_st[\'apiName\']}: {error}") from None\n 529           finally:\n 530               self._api_zone.set(None)\n 531   \n 532       def wrap_api_call_sync(\n 533           self, cb: Callable[[], Any], is_internal: bool = False' session_id=None response_headers=None status_code=None ssl_certificate=None


Failed to crawl: https://www.bolton.ac.uk/our-staff/steve-rawes
Result: url='https://www.bolton.ac.uk/our-staff/steve-rawes' html='' success=False cleaned_html=None media={} links={} downloaded_files=None screenshot=None pdf=None markdown=None markdown_v2=None fit_markdown=None fit_html=None extracted_content=None metadata=None error_message='Unexpected error in _crawl_web at line 528 in wrap_api_call (../../.pyenv/versions/3.12.6/lib/python3.12/site-packages/playwright/_impl/_connection.py):\nError: Browser.new_context: Connection closed while reading from the driver\n\nCode context:\n 523           parsed_st = _extract_stack_trace_information_from_stack(st, is_internal)\n 524           self._api_zone.set(parsed_st)\n 525           try:\n 526               return await cb()\n 527           except Exception as error:\n 528 →             raise rewrite_error(error, f"{parsed_st[\'apiName\']}: {error}") from None\n 529           finally:\n 530               self._api_zone.set(None)\n 531   \n 532       def wrap_api_call_sync(\n 533           self, cb: Callable[[], Any], is_internal: bool = False' session_id=None response_headers=None status_code=None ssl_certificate=None


Failed to crawl: https://www.bolton.ac.uk/our-staff/dr-ann-kolodziejski
Result: url='https://www.bolton.ac.uk/our-staff/dr-ann-kolodziejski' html='' success=False cleaned_html=None media={} links={} downloaded_files=None screenshot=None pdf=None markdown=None markdown_v2=None fit_markdown=None fit_html=None extracted_content=None metadata=None error_message='Unexpected error in _crawl_web at line 528 in wrap_api_call (../../.pyenv/versions/3.12.6/lib/python3.12/site-packages/playwright/_impl/_connection.py):\nError: Browser.new_context: Connection closed while reading from the driver\n\nCode context:\n 523           parsed_st = _extract_stack_trace_information_from_stack(st, is_internal)\n 524           self._api_zone.set(parsed_st)\n 525           try:\n 526               return await cb()\n 527           except Exception as error:\n 528 →             raise rewrite_error(error, f"{parsed_st[\'apiName\']}: {error}") from None\n 529           finally:\n 530               self._api_zone.set(None)\n 531   \n 532       def wrap_api_call_sync(\n 533           self, cb: Callable[[], Any], is_internal: bool = False' session_id=None response_headers=None status_code=None ssl_certificate=None


Failed to crawl: https://www.bolton.ac.uk/our-staff/allison-gallacher
Result: url='https://www.bolton.ac.uk/our-staff/allison-gallacher' html='' success=False cleaned_html=None media={} links={} downloaded_files=None screenshot=None pdf=None markdown=None markdown_v2=None fit_markdown=None fit_html=None extracted_content=None metadata=None error_message='Unexpected error in _crawl_web at line 528 in wrap_api_call (../../.pyenv/versions/3.12.6/lib/python3.12/site-packages/playwright/_impl/_connection.py):\nError: Browser.new_context: Connection closed while reading from the driver\n\nCode context:\n 523           parsed_st = _extract_stack_trace_information_from_stack(st, is_internal)\n 524           self._api_zone.set(parsed_st)\n 525           try:\n 526               return await cb()\n 527           except Exception as error:\n 528 →             raise rewrite_error(error, f"{parsed_st[\'apiName\']}: {error}") from None\n 529           finally:\n 530               self._api_zone.set(None)\n 531   \n 532       def wrap_api_call_sync(\n 533           self, cb: Callable[[], Any], is_internal: bool = False' session_id=None response_headers=None status_code=None ssl_certificate=None


Failed to crawl: https://www.bolton.ac.uk/our-staff/dr-jon-cherry
Result: url='https://www.bolton.ac.uk/our-staff/dr-jon-cherry' html='' success=False cleaned_html=None media={} links={} downloaded_files=None screenshot=None pdf=None markdown=None markdown_v2=None fit_markdown=None fit_html=None extracted_content=None metadata=None error_message='Unexpected error in _crawl_web at line 528 in wrap_api_call (../../.pyenv/versions/3.12.6/lib/python3.12/site-packages/playwright/_impl/_connection.py):\nError: Browser.new_context: Connection closed while reading from the driver\n\nCode context:\n 523           parsed_st = _extract_stack_trace_information_from_stack(st, is_internal)\n 524           self._api_zone.set(parsed_st)\n 525           try:\n 526               return await cb()\n 527           except Exception as error:\n 528 →             raise rewrite_error(error, f"{parsed_st[\'apiName\']}: {error}") from None\n 529           finally:\n 530               self._api_zone.set(None)\n 531   \n 532       def wrap_api_call_sync(\n 533           self, cb: Callable[[], Any], is_internal: bool = False' session_id=None response_headers=None status_code=None ssl_certificate=None


Failed to crawl: https://www.bolton.ac.uk/subject-areas/motorsport-and-automotive-performance-engineering/motorsport-and-automotive-performance-engineering-news
Result: url='https://www.bolton.ac.uk/subject-areas/motorsport-and-automotive-performance-engineering/motorsport-and-automotive-performance-engineering-news' html='' success=False cleaned_html=None media={} links={} downloaded_files=None screenshot=None pdf=None markdown=None markdown_v2=None fit_markdown=None fit_html=None extracted_content=None metadata=None error_message='Unexpected error in _crawl_web at line 528 in wrap_api_call (../../.pyenv/versions/3.12.6/lib/python3.12/site-packages/playwright/_impl/_connection.py):\nError: Browser.new_context: Connection closed while reading from the driver\n\nCode context:\n 523           parsed_st = _extract_stack_trace_information_from_stack(st, is_internal)\n 524           self._api_zone.set(parsed_st)\n 525           try:\n 526               return await cb()\n 527           except Exception as error:\n 528 →             raise rewrite_error(error, f"{parsed_st[\'apiName\']}: {error}") from None\n 529           finally:\n 530               self._api_zone.set(None)\n 531   \n 532       def wrap_api_call_sync(\n 533           self, cb: Callable[[], Any], is_internal: bool = False' session_id=None response_headers=None status_code=None ssl_certificate=None


Failed to crawl: https://www.bolton.ac.uk/our-staff/james-kitson
Result: url='https://www.bolton.ac.uk/our-staff/james-kitson' html='' success=False cleaned_html=None media={} links={} downloaded_files=None screenshot=None pdf=None markdown=None markdown_v2=None fit_markdown=None fit_html=None extracted_content=None metadata=None error_message='Unexpected error in _crawl_web at line 528 in wrap_api_call (../../.pyenv/versions/3.12.6/lib/python3.12/site-packages/playwright/_impl/_connection.py):\nError: Browser.new_context: Connection closed while reading from the driver\n\nCode context:\n 523           parsed_st = _extract_stack_trace_information_from_stack(st, is_internal)\n 524           self._api_zone.set(parsed_st)\n 525           try:\n 526               return await cb()\n 527           except Exception as error:\n 528 →             raise rewrite_error(error, f"{parsed_st[\'apiName\']}: {error}") from None\n 529           finally:\n 530               self._api_zone.set(None)\n 531   \n 532       def wrap_api_call_sync(\n 533           self, cb: Callable[[], Any], is_internal: bool = False' session_id=None response_headers=None status_code=None ssl_certificate=None


Failed to crawl: https://www.bolton.ac.uk/our-staff/dr-mark-busfield
Result: url='https://www.bolton.ac.uk/our-staff/dr-mark-busfield' html='' success=False cleaned_html=None media={} links={} downloaded_files=None screenshot=None pdf=None markdown=None markdown_v2=None fit_markdown=None fit_html=None extracted_content=None metadata=None error_message='Unexpected error in _crawl_web at line 528 in wrap_api_call (../../.pyenv/versions/3.12.6/lib/python3.12/site-packages/playwright/_impl/_connection.py):\nError: Browser.new_context: Connection closed while reading from the driver\n\nCode context:\n 523           parsed_st = _extract_stack_trace_information_from_stack(st, is_internal)\n 524           self._api_zone.set(parsed_st)\n 525           try:\n 526               return await cb()\n 527           except Exception as error:\n 528 →             raise rewrite_error(error, f"{parsed_st[\'apiName\']}: {error}") from None\n 529           finally:\n 530               self._api_zone.set(None)\n 531   \n 532       def wrap_api_call_sync(\n 533           self, cb: Callable[[], Any], is_internal: bool = False' session_id=None response_headers=None status_code=None ssl_certificate=None


Failed to crawl: https://www.bolton.ac.uk/our-staff/robert-higham
Result: url='https://www.bolton.ac.uk/our-staff/robert-higham' html='' success=False cleaned_html=None media={} links={} downloaded_files=None screenshot=None pdf=None markdown=None markdown_v2=None fit_markdown=None fit_html=None extracted_content=None metadata=None error_message='Unexpected error in _crawl_web at line 528 in wrap_api_call (../../.pyenv/versions/3.12.6/lib/python3.12/site-packages/playwright/_impl/_connection.py):\nError: Browser.new_context: Connection closed while reading from the driver\n\nCode context:\n 523           parsed_st = _extract_stack_trace_information_from_stack(st, is_internal)\n 524           self._api_zone.set(parsed_st)\n 525           try:\n 526               return await cb()\n 527           except Exception as error:\n 528 →             raise rewrite_error(error, f"{parsed_st[\'apiName\']}: {error}") from None\n 529           finally:\n 530               self._api_zone.set(None)\n 531   \n 532       def wrap_api_call_sync(\n 533           self, cb: Callable[[], Any], is_internal: bool = False' session_id=None response_headers=None status_code=None ssl_certificate=None


Failed to crawl: https://www.bolton.ac.uk/our-staff/dr-john-calderbank
Result: url='https://www.bolton.ac.uk/our-staff/dr-john-calderbank' html='' success=False cleaned_html=None media={} links={} downloaded_files=None screenshot=None pdf=None markdown=None markdown_v2=None fit_markdown=None fit_html=None extracted_content=None metadata=None error_message='Unexpected error in _crawl_web at line 528 in wrap_api_call (../../.pyenv/versions/3.12.6/lib/python3.12/site-packages/playwright/_impl/_connection.py):\nError: Browser.new_context: Connection closed while reading from the driver\n\nCode context:\n 523           parsed_st = _extract_stack_trace_information_from_stack(st, is_internal)\n 524           self._api_zone.set(parsed_st)\n 525           try:\n 526               return await cb()\n 527           except Exception as error:\n 528 →             raise rewrite_error(error, f"{parsed_st[\'apiName\']}: {error}") from None\n 529           finally:\n 530               self._api_zone.set(None)\n 531   \n 532       def wrap_api_call_sync(\n 533           self, cb: Callable[[], Any], is_internal: bool = False' session_id=None response_headers=None status_code=None ssl_certificate=None


Failed to crawl: https://www.bolton.ac.uk/our-staff/stuart-donohoe
Result: url='https://www.bolton.ac.uk/our-staff/stuart-donohoe' html='' success=False cleaned_html=None media={} links={} downloaded_files=None screenshot=None pdf=None markdown=None markdown_v2=None fit_markdown=None fit_html=None extracted_content=None metadata=None error_message='Unexpected error in _crawl_web at line 528 in wrap_api_call (../../.pyenv/versions/3.12.6/lib/python3.12/site-packages/playwright/_impl/_connection.py):\nError: Browser.new_context: Connection closed while reading from the driver\n\nCode context:\n 523           parsed_st = _extract_stack_trace_information_from_stack(st, is_internal)\n 524           self._api_zone.set(parsed_st)\n 525           try:\n 526               return await cb()\n 527           except Exception as error:\n 528 →             raise rewrite_error(error, f"{parsed_st[\'apiName\']}: {error}") from None\n 529           finally:\n 530               self._api_zone.set(None)\n 531   \n 532       def wrap_api_call_sync(\n 533           self, cb: Callable[[], Any], is_internal: bool = False' session_id=None response_headers=None status_code=None ssl_certificate=None


Failed to crawl: https://www.bolton.ac.uk/subject-areas/nursing-and-midwifery/nursing-and-midwifery-news
Result: url='https://www.bolton.ac.uk/subject-areas/nursing-and-midwifery/nursing-and-midwifery-news' html='' success=False cleaned_html=None media={} links={} downloaded_files=None screenshot=None pdf=None markdown=None markdown_v2=None fit_markdown=None fit_html=None extracted_content=None metadata=None error_message='Unexpected error in _crawl_web at line 528 in wrap_api_call (../../.pyenv/versions/3.12.6/lib/python3.12/site-packages/playwright/_impl/_connection.py):\nError: Browser.new_context: Connection closed while reading from the driver\n\nCode context:\n 523           parsed_st = _extract_stack_trace_information_from_stack(st, is_internal)\n 524           self._api_zone.set(parsed_st)\n 525           try:\n 526               return await cb()\n 527           except Exception as error:\n 528 →             raise rewrite_error(error, f"{parsed_st[\'apiName\']}: {error}") from None\n 529           finally:\n 530               self._api_zone.set(None)\n 531   \n 532       def wrap_api_call_sync(\n 533           self, cb: Callable[[], Any], is_internal: bool = False' session_id=None response_headers=None status_code=None ssl_certificate=None


Failed to crawl: https://www.bolton.ac.uk/our-staff/lucy-doherty
Result: url='https://www.bolton.ac.uk/our-staff/lucy-doherty' html='' success=False cleaned_html=None media={} links={} downloaded_files=None screenshot=None pdf=None markdown=None markdown_v2=None fit_markdown=None fit_html=None extracted_content=None metadata=None error_message='Unexpected error in _crawl_web at line 528 in wrap_api_call (../../.pyenv/versions/3.12.6/lib/python3.12/site-packages/playwright/_impl/_connection.py):\nError: Browser.new_context: Connection closed while reading from the driver\n\nCode context:\n 523           parsed_st = _extract_stack_trace_information_from_stack(st, is_internal)\n 524           self._api_zone.set(parsed_st)\n 525           try:\n 526               return await cb()\n 527           except Exception as error:\n 528 →             raise rewrite_error(error, f"{parsed_st[\'apiName\']}: {error}") from None\n 529           finally:\n 530               self._api_zone.set(None)\n 531   \n 532       def wrap_api_call_sync(\n 533           self, cb: Callable[[], Any], is_internal: bool = False' session_id=None response_headers=None status_code=None ssl_certificate=None


Failed to crawl: https://www.bolton.ac.uk/our-staff/hayley-carr
Result: url='https://www.bolton.ac.uk/our-staff/hayley-carr' html='' success=False cleaned_html=None media={} links={} downloaded_files=None screenshot=None pdf=None markdown=None markdown_v2=None fit_markdown=None fit_html=None extracted_content=None metadata=None error_message='Unexpected error in _crawl_web at line 528 in wrap_api_call (../../.pyenv/versions/3.12.6/lib/python3.12/site-packages/playwright/_impl/_connection.py):\nError: Browser.new_context: Connection closed while reading from the driver\n\nCode context:\n 523           parsed_st = _extract_stack_trace_information_from_stack(st, is_internal)\n 524           self._api_zone.set(parsed_st)\n 525           try:\n 526               return await cb()\n 527           except Exception as error:\n 528 →             raise rewrite_error(error, f"{parsed_st[\'apiName\']}: {error}") from None\n 529           finally:\n 530               self._api_zone.set(None)\n 531   \n 532       def wrap_api_call_sync(\n 533           self, cb: Callable[[], Any], is_internal: bool = False' session_id=None response_headers=None status_code=None ssl_certificate=None


Failed to crawl: https://www.bolton.ac.uk/our-staff/martin-samangaya
Result: url='https://www.bolton.ac.uk/our-staff/martin-samangaya' html='' success=False cleaned_html=None media={} links={} downloaded_files=None screenshot=None pdf=None markdown=None markdown_v2=None fit_markdown=None fit_html=None extracted_content=None metadata=None error_message='Unexpected error in _crawl_web at line 528 in wrap_api_call (../../.pyenv/versions/3.12.6/lib/python3.12/site-packages/playwright/_impl/_connection.py):\nError: Browser.new_context: Connection closed while reading from the driver\n\nCode context:\n 523           parsed_st = _extract_stack_trace_information_from_stack(st, is_internal)\n 524           self._api_zone.set(parsed_st)\n 525           try:\n 526               return await cb()\n 527           except Exception as error:\n 528 →             raise rewrite_error(error, f"{parsed_st[\'apiName\']}: {error}") from None\n 529           finally:\n 530               self._api_zone.set(None)\n 531   \n 532       def wrap_api_call_sync(\n 533           self, cb: Callable[[], Any], is_internal: bool = False' session_id=None response_headers=None status_code=None ssl_certificate=None


Failed to crawl: https://www.bolton.ac.uk/our-staff/siobhan-doolan
Result: url='https://www.bolton.ac.uk/our-staff/siobhan-doolan' html='' success=False cleaned_html=None media={} links={} downloaded_files=None screenshot=None pdf=None markdown=None markdown_v2=None fit_markdown=None fit_html=None extracted_content=None metadata=None error_message='Unexpected error in _crawl_web at line 528 in wrap_api_call (../../.pyenv/versions/3.12.6/lib/python3.12/site-packages/playwright/_impl/_connection.py):\nError: Browser.new_context: Connection closed while reading from the driver\n\nCode context:\n 523           parsed_st = _extract_stack_trace_information_from_stack(st, is_internal)\n 524           self._api_zone.set(parsed_st)\n 525           try:\n 526               return await cb()\n 527           except Exception as error:\n 528 →             raise rewrite_error(error, f"{parsed_st[\'apiName\']}: {error}") from None\n 529           finally:\n 530               self._api_zone.set(None)\n 531   \n 532       def wrap_api_call_sync(\n 533           self, cb: Callable[[], Any], is_internal: bool = False' session_id=None response_headers=None status_code=None ssl_certificate=None


Failed to crawl: https://www.bolton.ac.uk/our-staff/danielle-ellis
Result: url='https://www.bolton.ac.uk/our-staff/danielle-ellis' html='' success=False cleaned_html=None media={} links={} downloaded_files=None screenshot=None pdf=None markdown=None markdown_v2=None fit_markdown=None fit_html=None extracted_content=None metadata=None error_message='Unexpected error in _crawl_web at line 528 in wrap_api_call (../../.pyenv/versions/3.12.6/lib/python3.12/site-packages/playwright/_impl/_connection.py):\nError: Browser.new_context: Connection closed while reading from the driver\n\nCode context:\n 523           parsed_st = _extract_stack_trace_information_from_stack(st, is_internal)\n 524           self._api_zone.set(parsed_st)\n 525           try:\n 526               return await cb()\n 527           except Exception as error:\n 528 →             raise rewrite_error(error, f"{parsed_st[\'apiName\']}: {error}") from None\n 529           finally:\n 530               self._api_zone.set(None)\n 531   \n 532       def wrap_api_call_sync(\n 533           self, cb: Callable[[], Any], is_internal: bool = False' session_id=None response_headers=None status_code=None ssl_certificate=None


Failed to crawl: https://www.bolton.ac.uk/our-staff/julie-fletcher
Result: url='https://www.bolton.ac.uk/our-staff/julie-fletcher' html='' success=False cleaned_html=None media={} links={} downloaded_files=None screenshot=None pdf=None markdown=None markdown_v2=None fit_markdown=None fit_html=None extracted_content=None metadata=None error_message='Unexpected error in _crawl_web at line 528 in wrap_api_call (../../.pyenv/versions/3.12.6/lib/python3.12/site-packages/playwright/_impl/_connection.py):\nError: Browser.new_context: Connection closed while reading from the driver\n\nCode context:\n 523           parsed_st = _extract_stack_trace_information_from_stack(st, is_internal)\n 524           self._api_zone.set(parsed_st)\n 525           try:\n 526               return await cb()\n 527           except Exception as error:\n 528 →             raise rewrite_error(error, f"{parsed_st[\'apiName\']}: {error}") from None\n 529           finally:\n 530               self._api_zone.set(None)\n 531   \n 532       def wrap_api_call_sync(\n 533           self, cb: Callable[[], Any], is_internal: bool = False' session_id=None response_headers=None status_code=None ssl_certificate=None


Failed to crawl: https://www.bolton.ac.uk/our-staff/lynda-drummond
Result: url='https://www.bolton.ac.uk/our-staff/lynda-drummond' html='' success=False cleaned_html=None media={} links={} downloaded_files=None screenshot=None pdf=None markdown=None markdown_v2=None fit_markdown=None fit_html=None extracted_content=None metadata=None error_message='Unexpected error in _crawl_web at line 528 in wrap_api_call (../../.pyenv/versions/3.12.6/lib/python3.12/site-packages/playwright/_impl/_connection.py):\nError: Browser.new_context: Connection closed while reading from the driver\n\nCode context:\n 523           parsed_st = _extract_stack_trace_information_from_stack(st, is_internal)\n 524           self._api_zone.set(parsed_st)\n 525           try:\n 526               return await cb()\n 527           except Exception as error:\n 528 →             raise rewrite_error(error, f"{parsed_st[\'apiName\']}: {error}") from None\n 529           finally:\n 530               self._api_zone.set(None)\n 531   \n 532       def wrap_api_call_sync(\n 533           self, cb: Callable[[], Any], is_internal: bool = False' session_id=None response_headers=None status_code=None ssl_certificate=None


Failed to crawl: https://www.bolton.ac.uk/our-staff/barbara-dyer
Result: url='https://www.bolton.ac.uk/our-staff/barbara-dyer' html='' success=False cleaned_html=None media={} links={} downloaded_files=None screenshot=None pdf=None markdown=None markdown_v2=None fit_markdown=None fit_html=None extracted_content=None metadata=None error_message='Unexpected error in _crawl_web at line 528 in wrap_api_call (../../.pyenv/versions/3.12.6/lib/python3.12/site-packages/playwright/_impl/_connection.py):\nError: Browser.new_context: Connection closed while reading from the driver\n\nCode context:\n 523           parsed_st = _extract_stack_trace_information_from_stack(st, is_internal)\n 524           self._api_zone.set(parsed_st)\n 525           try:\n 526               return await cb()\n 527           except Exception as error:\n 528 →             raise rewrite_error(error, f"{parsed_st[\'apiName\']}: {error}") from None\n 529           finally:\n 530               self._api_zone.set(None)\n 531   \n 532       def wrap_api_call_sync(\n 533           self, cb: Callable[[], Any], is_internal: bool = False' session_id=None response_headers=None status_code=None ssl_certificate=None


Failed to crawl: https://www.bolton.ac.uk/our-staff/bhuvana-senthilvel
Result: url='https://www.bolton.ac.uk/our-staff/bhuvana-senthilvel' html='' success=False cleaned_html=None media={} links={} downloaded_files=None screenshot=None pdf=None markdown=None markdown_v2=None fit_markdown=None fit_html=None extracted_content=None metadata=None error_message='Unexpected error in _crawl_web at line 528 in wrap_api_call (../../.pyenv/versions/3.12.6/lib/python3.12/site-packages/playwright/_impl/_connection.py):\nError: Browser.new_context: Connection closed while reading from the driver\n\nCode context:\n 523           parsed_st = _extract_stack_trace_information_from_stack(st, is_internal)\n 524           self._api_zone.set(parsed_st)\n 525           try:\n 526               return await cb()\n 527           except Exception as error:\n 528 →             raise rewrite_error(error, f"{parsed_st[\'apiName\']}: {error}") from None\n 529           finally:\n 530               self._api_zone.set(None)\n 531   \n 532       def wrap_api_call_sync(\n 533           self, cb: Callable[[], Any], is_internal: bool = False' session_id=None response_headers=None status_code=None ssl_certificate=None


Failed to crawl: https://www.bolton.ac.uk/our-staff/kath-newlands
Result: url='https://www.bolton.ac.uk/our-staff/kath-newlands' html='' success=False cleaned_html=None media={} links={} downloaded_files=None screenshot=None pdf=None markdown=None markdown_v2=None fit_markdown=None fit_html=None extracted_content=None metadata=None error_message='Unexpected error in _crawl_web at line 528 in wrap_api_call (../../.pyenv/versions/3.12.6/lib/python3.12/site-packages/playwright/_impl/_connection.py):\nError: Browser.new_context: Connection closed while reading from the driver\n\nCode context:\n 523           parsed_st = _extract_stack_trace_information_from_stack(st, is_internal)\n 524           self._api_zone.set(parsed_st)\n 525           try:\n 526               return await cb()\n 527           except Exception as error:\n 528 →             raise rewrite_error(error, f"{parsed_st[\'apiName\']}: {error}") from None\n 529           finally:\n 530               self._api_zone.set(None)\n 531   \n 532       def wrap_api_call_sync(\n 533           self, cb: Callable[[], Any], is_internal: bool = False' session_id=None response_headers=None status_code=None ssl_certificate=None


Failed to crawl: https://www.bolton.ac.uk/our-staff/maya-nair
Result: url='https://www.bolton.ac.uk/our-staff/maya-nair' html='' success=False cleaned_html=None media={} links={} downloaded_files=None screenshot=None pdf=None markdown=None markdown_v2=None fit_markdown=None fit_html=None extracted_content=None metadata=None error_message='Unexpected error in _crawl_web at line 528 in wrap_api_call (../../.pyenv/versions/3.12.6/lib/python3.12/site-packages/playwright/_impl/_connection.py):\nError: Browser.new_context: Connection closed while reading from the driver\n\nCode context:\n 523           parsed_st = _extract_stack_trace_information_from_stack(st, is_internal)\n 524           self._api_zone.set(parsed_st)\n 525           try:\n 526               return await cb()\n 527           except Exception as error:\n 528 →             raise rewrite_error(error, f"{parsed_st[\'apiName\']}: {error}") from None\n 529           finally:\n 530               self._api_zone.set(None)\n 531   \n 532       def wrap_api_call_sync(\n 533           self, cb: Callable[[], Any], is_internal: bool = False' session_id=None response_headers=None status_code=None ssl_certificate=None


Failed to crawl: https://www.bolton.ac.uk/our-staff/phil-downing
Result: url='https://www.bolton.ac.uk/our-staff/phil-downing' html='' success=False cleaned_html=None media={} links={} downloaded_files=None screenshot=None pdf=None markdown=None markdown_v2=None fit_markdown=None fit_html=None extracted_content=None metadata=None error_message='Unexpected error in _crawl_web at line 528 in wrap_api_call (../../.pyenv/versions/3.12.6/lib/python3.12/site-packages/playwright/_impl/_connection.py):\nError: Browser.new_context: Connection closed while reading from the driver\n\nCode context:\n 523           parsed_st = _extract_stack_trace_information_from_stack(st, is_internal)\n 524           self._api_zone.set(parsed_st)\n 525           try:\n 526               return await cb()\n 527           except Exception as error:\n 528 →             raise rewrite_error(error, f"{parsed_st[\'apiName\']}: {error}") from None\n 529           finally:\n 530               self._api_zone.set(None)\n 531   \n 532       def wrap_api_call_sync(\n 533           self, cb: Callable[[], Any], is_internal: bool = False' session_id=None response_headers=None status_code=None ssl_certificate=None


Failed to crawl: https://www.bolton.ac.uk/our-staff/sheryl-halliday
Result: url='https://www.bolton.ac.uk/our-staff/sheryl-halliday' html='' success=False cleaned_html=None media={} links={} downloaded_files=None screenshot=None pdf=None markdown=None markdown_v2=None fit_markdown=None fit_html=None extracted_content=None metadata=None error_message='Unexpected error in _crawl_web at line 528 in wrap_api_call (../../.pyenv/versions/3.12.6/lib/python3.12/site-packages/playwright/_impl/_connection.py):\nError: Browser.new_context: Connection closed while reading from the driver\n\nCode context:\n 523           parsed_st = _extract_stack_trace_information_from_stack(st, is_internal)\n 524           self._api_zone.set(parsed_st)\n 525           try:\n 526               return await cb()\n 527           except Exception as error:\n 528 →             raise rewrite_error(error, f"{parsed_st[\'apiName\']}: {error}") from None\n 529           finally:\n 530               self._api_zone.set(None)\n 531   \n 532       def wrap_api_call_sync(\n 533           self, cb: Callable[[], Any], is_internal: bool = False' session_id=None response_headers=None status_code=None ssl_certificate=None


Failed to crawl: https://www.bolton.ac.uk/our-staff/tracey-williams
Result: url='https://www.bolton.ac.uk/our-staff/tracey-williams' html='' success=False cleaned_html=None media={} links={} downloaded_files=None screenshot=None pdf=None markdown=None markdown_v2=None fit_markdown=None fit_html=None extracted_content=None metadata=None error_message='Unexpected error in _crawl_web at line 528 in wrap_api_call (../../.pyenv/versions/3.12.6/lib/python3.12/site-packages/playwright/_impl/_connection.py):\nError: Browser.new_context: Connection closed while reading from the driver\n\nCode context:\n 523           parsed_st = _extract_stack_trace_information_from_stack(st, is_internal)\n 524           self._api_zone.set(parsed_st)\n 525           try:\n 526               return await cb()\n 527           except Exception as error:\n 528 →             raise rewrite_error(error, f"{parsed_st[\'apiName\']}: {error}") from None\n 529           finally:\n 530               self._api_zone.set(None)\n 531   \n 532       def wrap_api_call_sync(\n 533           self, cb: Callable[[], Any], is_internal: bool = False' session_id=None response_headers=None status_code=None ssl_certificate=None


Failed to crawl: https://www.bolton.ac.uk/our-staff/julie-martin
Result: url='https://www.bolton.ac.uk/our-staff/julie-martin' html='' success=False cleaned_html=None media={} links={} downloaded_files=None screenshot=None pdf=None markdown=None markdown_v2=None fit_markdown=None fit_html=None extracted_content=None metadata=None error_message='Unexpected error in _crawl_web at line 528 in wrap_api_call (../../.pyenv/versions/3.12.6/lib/python3.12/site-packages/playwright/_impl/_connection.py):\nError: Browser.new_context: Connection closed while reading from the driver\n\nCode context:\n 523           parsed_st = _extract_stack_trace_information_from_stack(st, is_internal)\n 524           self._api_zone.set(parsed_st)\n 525           try:\n 526               return await cb()\n 527           except Exception as error:\n 528 →             raise rewrite_error(error, f"{parsed_st[\'apiName\']}: {error}") from None\n 529           finally:\n 530               self._api_zone.set(None)\n 531   \n 532       def wrap_api_call_sync(\n 533           self, cb: Callable[[], Any], is_internal: bool = False' session_id=None response_headers=None status_code=None ssl_certificate=None


Failed to crawl: https://www.bolton.ac.uk/our-staff/katie-bannister
Result: url='https://www.bolton.ac.uk/our-staff/katie-bannister' html='' success=False cleaned_html=None media={} links={} downloaded_files=None screenshot=None pdf=None markdown=None markdown_v2=None fit_markdown=None fit_html=None extracted_content=None metadata=None error_message='Unexpected error in _crawl_web at line 528 in wrap_api_call (../../.pyenv/versions/3.12.6/lib/python3.12/site-packages/playwright/_impl/_connection.py):\nError: Browser.new_context: Connection closed while reading from the driver\n\nCode context:\n 523           parsed_st = _extract_stack_trace_information_from_stack(st, is_internal)\n 524           self._api_zone.set(parsed_st)\n 525           try:\n 526               return await cb()\n 527           except Exception as error:\n 528 →             raise rewrite_error(error, f"{parsed_st[\'apiName\']}: {error}") from None\n 529           finally:\n 530               self._api_zone.set(None)\n 531   \n 532       def wrap_api_call_sync(\n 533           self, cb: Callable[[], Any], is_internal: bool = False' session_id=None response_headers=None status_code=None ssl_certificate=None


Failed to crawl: https://www.bolton.ac.uk/our-staff/karen-bennett
Result: url='https://www.bolton.ac.uk/our-staff/karen-bennett' html='' success=False cleaned_html=None media={} links={} downloaded_files=None screenshot=None pdf=None markdown=None markdown_v2=None fit_markdown=None fit_html=None extracted_content=None metadata=None error_message='Unexpected error in _crawl_web at line 528 in wrap_api_call (../../.pyenv/versions/3.12.6/lib/python3.12/site-packages/playwright/_impl/_connection.py):\nError: Browser.new_context: Connection closed while reading from the driver\n\nCode context:\n 523           parsed_st = _extract_stack_trace_information_from_stack(st, is_internal)\n 524           self._api_zone.set(parsed_st)\n 525           try:\n 526               return await cb()\n 527           except Exception as error:\n 528 →             raise rewrite_error(error, f"{parsed_st[\'apiName\']}: {error}") from None\n 529           finally:\n 530               self._api_zone.set(None)\n 531   \n 532       def wrap_api_call_sync(\n 533           self, cb: Callable[[], Any], is_internal: bool = False' session_id=None response_headers=None status_code=None ssl_certificate=None


Failed to crawl: https://www.bolton.ac.uk/our-staff/helen-lord
Result: url='https://www.bolton.ac.uk/our-staff/helen-lord' html='' success=False cleaned_html=None media={} links={} downloaded_files=None screenshot=None pdf=None markdown=None markdown_v2=None fit_markdown=None fit_html=None extracted_content=None metadata=None error_message='Unexpected error in _crawl_web at line 528 in wrap_api_call (../../.pyenv/versions/3.12.6/lib/python3.12/site-packages/playwright/_impl/_connection.py):\nError: Browser.new_context: Connection closed while reading from the driver\n\nCode context:\n 523           parsed_st = _extract_stack_trace_information_from_stack(st, is_internal)\n 524           self._api_zone.set(parsed_st)\n 525           try:\n 526               return await cb()\n 527           except Exception as error:\n 528 →             raise rewrite_error(error, f"{parsed_st[\'apiName\']}: {error}") from None\n 529           finally:\n 530               self._api_zone.set(None)\n 531   \n 532       def wrap_api_call_sync(\n 533           self, cb: Callable[[], Any], is_internal: bool = False' session_id=None response_headers=None status_code=None ssl_certificate=None


Failed to crawl: https://www.bolton.ac.uk/our-staff/julia-marsden
Result: url='https://www.bolton.ac.uk/our-staff/julia-marsden' html='' success=False cleaned_html=None media={} links={} downloaded_files=None screenshot=None pdf=None markdown=None markdown_v2=None fit_markdown=None fit_html=None extracted_content=None metadata=None error_message='Unexpected error in _crawl_web at line 528 in wrap_api_call (../../.pyenv/versions/3.12.6/lib/python3.12/site-packages/playwright/_impl/_connection.py):\nError: Browser.new_context: Connection closed while reading from the driver\n\nCode context:\n 523           parsed_st = _extract_stack_trace_information_from_stack(st, is_internal)\n 524           self._api_zone.set(parsed_st)\n 525           try:\n 526               return await cb()\n 527           except Exception as error:\n 528 →             raise rewrite_error(error, f"{parsed_st[\'apiName\']}: {error}") from None\n 529           finally:\n 530               self._api_zone.set(None)\n 531   \n 532       def wrap_api_call_sync(\n 533           self, cb: Callable[[], Any], is_internal: bool = False' session_id=None response_headers=None status_code=None ssl_certificate=None


Failed to crawl: https://www.bolton.ac.uk/our-staff/stephanie-westall
Result: url='https://www.bolton.ac.uk/our-staff/stephanie-westall' html='' success=False cleaned_html=None media={} links={} downloaded_files=None screenshot=None pdf=None markdown=None markdown_v2=None fit_markdown=None fit_html=None extracted_content=None metadata=None error_message='Unexpected error in _crawl_web at line 528 in wrap_api_call (../../.pyenv/versions/3.12.6/lib/python3.12/site-packages/playwright/_impl/_connection.py):\nError: Browser.new_context: Connection closed while reading from the driver\n\nCode context:\n 523           parsed_st = _extract_stack_trace_information_from_stack(st, is_internal)\n 524           self._api_zone.set(parsed_st)\n 525           try:\n 526               return await cb()\n 527           except Exception as error:\n 528 →             raise rewrite_error(error, f"{parsed_st[\'apiName\']}: {error}") from None\n 529           finally:\n 530               self._api_zone.set(None)\n 531   \n 532       def wrap_api_call_sync(\n 533           self, cb: Callable[[], Any], is_internal: bool = False' session_id=None response_headers=None status_code=None ssl_certificate=None


Failed to crawl: https://www.bolton.ac.uk/our-staff/susan-coupland
Result: url='https://www.bolton.ac.uk/our-staff/susan-coupland' html='' success=False cleaned_html=None media={} links={} downloaded_files=None screenshot=None pdf=None markdown=None markdown_v2=None fit_markdown=None fit_html=None extracted_content=None metadata=None error_message='Unexpected error in _crawl_web at line 528 in wrap_api_call (../../.pyenv/versions/3.12.6/lib/python3.12/site-packages/playwright/_impl/_connection.py):\nError: Browser.new_context: Connection closed while reading from the driver\n\nCode context:\n 523           parsed_st = _extract_stack_trace_information_from_stack(st, is_internal)\n 524           self._api_zone.set(parsed_st)\n 525           try:\n 526               return await cb()\n 527           except Exception as error:\n 528 →             raise rewrite_error(error, f"{parsed_st[\'apiName\']}: {error}") from None\n 529           finally:\n 530               self._api_zone.set(None)\n 531   \n 532       def wrap_api_call_sync(\n 533           self, cb: Callable[[], Any], is_internal: bool = False' session_id=None response_headers=None status_code=None ssl_certificate=None


Failed to crawl: https://www.bolton.ac.uk/our-staff/matt-smith
Result: url='https://www.bolton.ac.uk/our-staff/matt-smith' html='' success=False cleaned_html=None media={} links={} downloaded_files=None screenshot=None pdf=None markdown=None markdown_v2=None fit_markdown=None fit_html=None extracted_content=None metadata=None error_message='Unexpected error in _crawl_web at line 528 in wrap_api_call (../../.pyenv/versions/3.12.6/lib/python3.12/site-packages/playwright/_impl/_connection.py):\nError: Browser.new_context: Connection closed while reading from the driver\n\nCode context:\n 523           parsed_st = _extract_stack_trace_information_from_stack(st, is_internal)\n 524           self._api_zone.set(parsed_st)\n 525           try:\n 526               return await cb()\n 527           except Exception as error:\n 528 →             raise rewrite_error(error, f"{parsed_st[\'apiName\']}: {error}") from None\n 529           finally:\n 530               self._api_zone.set(None)\n 531   \n 532       def wrap_api_call_sync(\n 533           self, cb: Callable[[], Any], is_internal: bool = False' session_id=None response_headers=None status_code=None ssl_certificate=None


Failed to crawl: https://www.bolton.ac.uk/our-staff/clare-hough
Result: url='https://www.bolton.ac.uk/our-staff/clare-hough' html='' success=False cleaned_html=None media={} links={} downloaded_files=None screenshot=None pdf=None markdown=None markdown_v2=None fit_markdown=None fit_html=None extracted_content=None metadata=None error_message='Unexpected error in _crawl_web at line 528 in wrap_api_call (../../.pyenv/versions/3.12.6/lib/python3.12/site-packages/playwright/_impl/_connection.py):\nError: Browser.new_context: Connection closed while reading from the driver\n\nCode context:\n 523           parsed_st = _extract_stack_trace_information_from_stack(st, is_internal)\n 524           self._api_zone.set(parsed_st)\n 525           try:\n 526               return await cb()\n 527           except Exception as error:\n 528 →             raise rewrite_error(error, f"{parsed_st[\'apiName\']}: {error}") from None\n 529           finally:\n 530               self._api_zone.set(None)\n 531   \n 532       def wrap_api_call_sync(\n 533           self, cb: Callable[[], Any], is_internal: bool = False' session_id=None response_headers=None status_code=None ssl_certificate=None


Failed to crawl: https://www.bolton.ac.uk/our-staff/aleeza-khan
Result: url='https://www.bolton.ac.uk/our-staff/aleeza-khan' html='' success=False cleaned_html=None media={} links={} downloaded_files=None screenshot=None pdf=None markdown=None markdown_v2=None fit_markdown=None fit_html=None extracted_content=None metadata=None error_message='Unexpected error in _crawl_web at line 528 in wrap_api_call (../../.pyenv/versions/3.12.6/lib/python3.12/site-packages/playwright/_impl/_connection.py):\nError: Browser.new_context: Connection closed while reading from the driver\n\nCode context:\n 523           parsed_st = _extract_stack_trace_information_from_stack(st, is_internal)\n 524           self._api_zone.set(parsed_st)\n 525           try:\n 526               return await cb()\n 527           except Exception as error:\n 528 →             raise rewrite_error(error, f"{parsed_st[\'apiName\']}: {error}") from None\n 529           finally:\n 530               self._api_zone.set(None)\n 531   \n 532       def wrap_api_call_sync(\n 533           self, cb: Callable[[], Any], is_internal: bool = False' session_id=None response_headers=None status_code=None ssl_certificate=None


Failed to crawl: https://www.bolton.ac.uk/our-staff/emma
Result: url='https://www.bolton.ac.uk/our-staff/emma' html='' success=False cleaned_html=None media={} links={} downloaded_files=None screenshot=None pdf=None markdown=None markdown_v2=None fit_markdown=None fit_html=None extracted_content=None metadata=None error_message='Unexpected error in _crawl_web at line 528 in wrap_api_call (../../.pyenv/versions/3.12.6/lib/python3.12/site-packages/playwright/_impl/_connection.py):\nError: Browser.new_context: Connection closed while reading from the driver\n\nCode context:\n 523           parsed_st = _extract_stack_trace_information_from_stack(st, is_internal)\n 524           self._api_zone.set(parsed_st)\n 525           try:\n 526               return await cb()\n 527           except Exception as error:\n 528 →             raise rewrite_error(error, f"{parsed_st[\'apiName\']}: {error}") from None\n 529           finally:\n 530               self._api_zone.set(None)\n 531   \n 532       def wrap_api_call_sync(\n 533           self, cb: Callable[[], Any], is_internal: bool = False' session_id=None response_headers=None status_code=None ssl_certificate=None


Failed to crawl: https://www.bolton.ac.uk/our-staff/shaun-kershaw
Result: url='https://www.bolton.ac.uk/our-staff/shaun-kershaw' html='' success=False cleaned_html=None media={} links={} downloaded_files=None screenshot=None pdf=None markdown=None markdown_v2=None fit_markdown=None fit_html=None extracted_content=None metadata=None error_message='Unexpected error in _crawl_web at line 528 in wrap_api_call (../../.pyenv/versions/3.12.6/lib/python3.12/site-packages/playwright/_impl/_connection.py):\nError: Browser.new_context: Connection closed while reading from the driver\n\nCode context:\n 523           parsed_st = _extract_stack_trace_information_from_stack(st, is_internal)\n 524           self._api_zone.set(parsed_st)\n 525           try:\n 526               return await cb()\n 527           except Exception as error:\n 528 →             raise rewrite_error(error, f"{parsed_st[\'apiName\']}: {error}") from None\n 529           finally:\n 530               self._api_zone.set(None)\n 531   \n 532       def wrap_api_call_sync(\n 533           self, cb: Callable[[], Any], is_internal: bool = False' session_id=None response_headers=None status_code=None ssl_certificate=None


Failed to crawl: https://www.bolton.ac.uk/our-staff/dr-trish-houghton-2
Result: url='https://www.bolton.ac.uk/our-staff/dr-trish-houghton-2' html='' success=False cleaned_html=None media={} links={} downloaded_files=None screenshot=None pdf=None markdown=None markdown_v2=None fit_markdown=None fit_html=None extracted_content=None metadata=None error_message='Unexpected error in _crawl_web at line 528 in wrap_api_call (../../.pyenv/versions/3.12.6/lib/python3.12/site-packages/playwright/_impl/_connection.py):\nError: Browser.new_context: Connection closed while reading from the driver\n\nCode context:\n 523           parsed_st = _extract_stack_trace_information_from_stack(st, is_internal)\n 524           self._api_zone.set(parsed_st)\n 525           try:\n 526               return await cb()\n 527           except Exception as error:\n 528 →             raise rewrite_error(error, f"{parsed_st[\'apiName\']}: {error}") from None\n 529           finally:\n 530               self._api_zone.set(None)\n 531   \n 532       def wrap_api_call_sync(\n 533           self, cb: Callable[[], Any], is_internal: bool = False' session_id=None response_headers=None status_code=None ssl_certificate=None


Failed to crawl: https://www.bolton.ac.uk/our-staff/donna-kelly
Result: url='https://www.bolton.ac.uk/our-staff/donna-kelly' html='' success=False cleaned_html=None media={} links={} downloaded_files=None screenshot=None pdf=None markdown=None markdown_v2=None fit_markdown=None fit_html=None extracted_content=None metadata=None error_message='Unexpected error in _crawl_web at line 528 in wrap_api_call (../../.pyenv/versions/3.12.6/lib/python3.12/site-packages/playwright/_impl/_connection.py):\nError: Browser.new_context: Connection closed while reading from the driver\n\nCode context:\n 523           parsed_st = _extract_stack_trace_information_from_stack(st, is_internal)\n 524           self._api_zone.set(parsed_st)\n 525           try:\n 526               return await cb()\n 527           except Exception as error:\n 528 →             raise rewrite_error(error, f"{parsed_st[\'apiName\']}: {error}") from None\n 529           finally:\n 530               self._api_zone.set(None)\n 531   \n 532       def wrap_api_call_sync(\n 533           self, cb: Callable[[], Any], is_internal: bool = False' session_id=None response_headers=None status_code=None ssl_certificate=None


Failed to crawl: https://www.bolton.ac.uk/our-staff/suzanne-masterman
Result: url='https://www.bolton.ac.uk/our-staff/suzanne-masterman' html='' success=False cleaned_html=None media={} links={} downloaded_files=None screenshot=None pdf=None markdown=None markdown_v2=None fit_markdown=None fit_html=None extracted_content=None metadata=None error_message='Unexpected error in _crawl_web at line 528 in wrap_api_call (../../.pyenv/versions/3.12.6/lib/python3.12/site-packages/playwright/_impl/_connection.py):\nError: Browser.new_context: Connection closed while reading from the driver\n\nCode context:\n 523           parsed_st = _extract_stack_trace_information_from_stack(st, is_internal)\n 524           self._api_zone.set(parsed_st)\n 525           try:\n 526               return await cb()\n 527           except Exception as error:\n 528 →             raise rewrite_error(error, f"{parsed_st[\'apiName\']}: {error}") from None\n 529           finally:\n 530               self._api_zone.set(None)\n 531   \n 532       def wrap_api_call_sync(\n 533           self, cb: Callable[[], Any], is_internal: bool = False' session_id=None response_headers=None status_code=None ssl_certificate=None


Failed to crawl: https://www.bolton.ac.uk/our-staff/zena-bleasdale
Result: url='https://www.bolton.ac.uk/our-staff/zena-bleasdale' html='' success=False cleaned_html=None media={} links={} downloaded_files=None screenshot=None pdf=None markdown=None markdown_v2=None fit_markdown=None fit_html=None extracted_content=None metadata=None error_message='Unexpected error in _crawl_web at line 528 in wrap_api_call (../../.pyenv/versions/3.12.6/lib/python3.12/site-packages/playwright/_impl/_connection.py):\nError: Browser.new_context: Connection closed while reading from the driver\n\nCode context:\n 523           parsed_st = _extract_stack_trace_information_from_stack(st, is_internal)\n 524           self._api_zone.set(parsed_st)\n 525           try:\n 526               return await cb()\n 527           except Exception as error:\n 528 →             raise rewrite_error(error, f"{parsed_st[\'apiName\']}: {error}") from None\n 529           finally:\n 530               self._api_zone.set(None)\n 531   \n 532       def wrap_api_call_sync(\n 533           self, cb: Callable[[], Any], is_internal: bool = False' session_id=None response_headers=None status_code=None ssl_certificate=None


Failed to crawl: https://www.bolton.ac.uk/our-staff/hannah-kerry
Result: url='https://www.bolton.ac.uk/our-staff/hannah-kerry' html='' success=False cleaned_html=None media={} links={} downloaded_files=None screenshot=None pdf=None markdown=None markdown_v2=None fit_markdown=None fit_html=None extracted_content=None metadata=None error_message='Unexpected error in _crawl_web at line 528 in wrap_api_call (../../.pyenv/versions/3.12.6/lib/python3.12/site-packages/playwright/_impl/_connection.py):\nError: Browser.new_context: Connection closed while reading from the driver\n\nCode context:\n 523           parsed_st = _extract_stack_trace_information_from_stack(st, is_internal)\n 524           self._api_zone.set(parsed_st)\n 525           try:\n 526               return await cb()\n 527           except Exception as error:\n 528 →             raise rewrite_error(error, f"{parsed_st[\'apiName\']}: {error}") from None\n 529           finally:\n 530               self._api_zone.set(None)\n 531   \n 532       def wrap_api_call_sync(\n 533           self, cb: Callable[[], Any], is_internal: bool = False' session_id=None response_headers=None status_code=None ssl_certificate=None


Failed to crawl: https://www.bolton.ac.uk/our-staff/hannah
Result: url='https://www.bolton.ac.uk/our-staff/hannah' html='' success=False cleaned_html=None media={} links={} downloaded_files=None screenshot=None pdf=None markdown=None markdown_v2=None fit_markdown=None fit_html=None extracted_content=None metadata=None error_message='Unexpected error in _crawl_web at line 528 in wrap_api_call (../../.pyenv/versions/3.12.6/lib/python3.12/site-packages/playwright/_impl/_connection.py):\nError: Browser.new_context: Connection closed while reading from the driver\n\nCode context:\n 523           parsed_st = _extract_stack_trace_information_from_stack(st, is_internal)\n 524           self._api_zone.set(parsed_st)\n 525           try:\n 526               return await cb()\n 527           except Exception as error:\n 528 →             raise rewrite_error(error, f"{parsed_st[\'apiName\']}: {error}") from None\n 529           finally:\n 530               self._api_zone.set(None)\n 531   \n 532       def wrap_api_call_sync(\n 533           self, cb: Callable[[], Any], is_internal: bool = False' session_id=None response_headers=None status_code=None ssl_certificate=None


Failed to crawl: https://www.bolton.ac.uk/our-staff/rhianne-gould
Result: url='https://www.bolton.ac.uk/our-staff/rhianne-gould' html='' success=False cleaned_html=None media={} links={} downloaded_files=None screenshot=None pdf=None markdown=None markdown_v2=None fit_markdown=None fit_html=None extracted_content=None metadata=None error_message='Unexpected error in _crawl_web at line 528 in wrap_api_call (../../.pyenv/versions/3.12.6/lib/python3.12/site-packages/playwright/_impl/_connection.py):\nError: Browser.new_context: Connection closed while reading from the driver\n\nCode context:\n 523           parsed_st = _extract_stack_trace_information_from_stack(st, is_internal)\n 524           self._api_zone.set(parsed_st)\n 525           try:\n 526               return await cb()\n 527           except Exception as error:\n 528 →             raise rewrite_error(error, f"{parsed_st[\'apiName\']}: {error}") from None\n 529           finally:\n 530               self._api_zone.set(None)\n 531   \n 532       def wrap_api_call_sync(\n 533           self, cb: Callable[[], Any], is_internal: bool = False' session_id=None response_headers=None status_code=None ssl_certificate=None


Failed to crawl: https://www.bolton.ac.uk/our-staff/kirstine-bowden
Result: url='https://www.bolton.ac.uk/our-staff/kirstine-bowden' html='' success=False cleaned_html=None media={} links={} downloaded_files=None screenshot=None pdf=None markdown=None markdown_v2=None fit_markdown=None fit_html=None extracted_content=None metadata=None error_message='Unexpected error in _crawl_web at line 528 in wrap_api_call (../../.pyenv/versions/3.12.6/lib/python3.12/site-packages/playwright/_impl/_connection.py):\nError: Browser.new_context: Connection closed while reading from the driver\n\nCode context:\n 523           parsed_st = _extract_stack_trace_information_from_stack(st, is_internal)\n 524           self._api_zone.set(parsed_st)\n 525           try:\n 526               return await cb()\n 527           except Exception as error:\n 528 →             raise rewrite_error(error, f"{parsed_st[\'apiName\']}: {error}") from None\n 529           finally:\n 530               self._api_zone.set(None)\n 531   \n 532       def wrap_api_call_sync(\n 533           self, cb: Callable[[], Any], is_internal: bool = False' session_id=None response_headers=None status_code=None ssl_certificate=None


Failed to crawl: https://www.bolton.ac.uk/our-staff/becky
Result: url='https://www.bolton.ac.uk/our-staff/becky' html='' success=False cleaned_html=None media={} links={} downloaded_files=None screenshot=None pdf=None markdown=None markdown_v2=None fit_markdown=None fit_html=None extracted_content=None metadata=None error_message='Unexpected error in _crawl_web at line 528 in wrap_api_call (../../.pyenv/versions/3.12.6/lib/python3.12/site-packages/playwright/_impl/_connection.py):\nError: Browser.new_context: Connection closed while reading from the driver\n\nCode context:\n 523           parsed_st = _extract_stack_trace_information_from_stack(st, is_internal)\n 524           self._api_zone.set(parsed_st)\n 525           try:\n 526               return await cb()\n 527           except Exception as error:\n 528 →             raise rewrite_error(error, f"{parsed_st[\'apiName\']}: {error}") from None\n 529           finally:\n 530               self._api_zone.set(None)\n 531   \n 532       def wrap_api_call_sync(\n 533           self, cb: Callable[[], Any], is_internal: bool = False' session_id=None response_headers=None status_code=None ssl_certificate=None


Failed to crawl: https://www.bolton.ac.uk/our-staff/rizwana-adia
Result: url='https://www.bolton.ac.uk/our-staff/rizwana-adia' html='' success=False cleaned_html=None media={} links={} downloaded_files=None screenshot=None pdf=None markdown=None markdown_v2=None fit_markdown=None fit_html=None extracted_content=None metadata=None error_message='Unexpected error in _crawl_web at line 528 in wrap_api_call (../../.pyenv/versions/3.12.6/lib/python3.12/site-packages/playwright/_impl/_connection.py):\nError: Browser.new_context: Connection closed while reading from the driver\n\nCode context:\n 523           parsed_st = _extract_stack_trace_information_from_stack(st, is_internal)\n 524           self._api_zone.set(parsed_st)\n 525           try:\n 526               return await cb()\n 527           except Exception as error:\n 528 →             raise rewrite_error(error, f"{parsed_st[\'apiName\']}: {error}") from None\n 529           finally:\n 530               self._api_zone.set(None)\n 531   \n 532       def wrap_api_call_sync(\n 533           self, cb: Callable[[], Any], is_internal: bool = False' session_id=None response_headers=None status_code=None ssl_certificate=None


Failed to crawl: https://www.bolton.ac.uk/our-staff/chrissie-barker
Result: url='https://www.bolton.ac.uk/our-staff/chrissie-barker' html='' success=False cleaned_html=None media={} links={} downloaded_files=None screenshot=None pdf=None markdown=None markdown_v2=None fit_markdown=None fit_html=None extracted_content=None metadata=None error_message='Unexpected error in _crawl_web at line 528 in wrap_api_call (../../.pyenv/versions/3.12.6/lib/python3.12/site-packages/playwright/_impl/_connection.py):\nError: Browser.new_context: Connection closed while reading from the driver\n\nCode context:\n 523           parsed_st = _extract_stack_trace_information_from_stack(st, is_internal)\n 524           self._api_zone.set(parsed_st)\n 525           try:\n 526               return await cb()\n 527           except Exception as error:\n 528 →             raise rewrite_error(error, f"{parsed_st[\'apiName\']}: {error}") from None\n 529           finally:\n 530               self._api_zone.set(None)\n 531   \n 532       def wrap_api_call_sync(\n 533           self, cb: Callable[[], Any], is_internal: bool = False' session_id=None response_headers=None status_code=None ssl_certificate=None


Failed to crawl: https://www.bolton.ac.uk/our-staff/nicola-greenlees
Result: url='https://www.bolton.ac.uk/our-staff/nicola-greenlees' html='' success=False cleaned_html=None media={} links={} downloaded_files=None screenshot=None pdf=None markdown=None markdown_v2=None fit_markdown=None fit_html=None extracted_content=None metadata=None error_message='Unexpected error in _crawl_web at line 528 in wrap_api_call (../../.pyenv/versions/3.12.6/lib/python3.12/site-packages/playwright/_impl/_connection.py):\nError: Browser.new_context: Connection closed while reading from the driver\n\nCode context:\n 523           parsed_st = _extract_stack_trace_information_from_stack(st, is_internal)\n 524           self._api_zone.set(parsed_st)\n 525           try:\n 526               return await cb()\n 527           except Exception as error:\n 528 →             raise rewrite_error(error, f"{parsed_st[\'apiName\']}: {error}") from None\n 529           finally:\n 530               self._api_zone.set(None)\n 531   \n 532       def wrap_api_call_sync(\n 533           self, cb: Callable[[], Any], is_internal: bool = False' session_id=None response_headers=None status_code=None ssl_certificate=None


Failed to crawl: https://www.bolton.ac.uk/our-staff/gemma-moss
Result: url='https://www.bolton.ac.uk/our-staff/gemma-moss' html='' success=False cleaned_html=None media={} links={} downloaded_files=None screenshot=None pdf=None markdown=None markdown_v2=None fit_markdown=None fit_html=None extracted_content=None metadata=None error_message='Unexpected error in _crawl_web at line 528 in wrap_api_call (../../.pyenv/versions/3.12.6/lib/python3.12/site-packages/playwright/_impl/_connection.py):\nError: Browser.new_context: Connection closed while reading from the driver\n\nCode context:\n 523           parsed_st = _extract_stack_trace_information_from_stack(st, is_internal)\n 524           self._api_zone.set(parsed_st)\n 525           try:\n 526               return await cb()\n 527           except Exception as error:\n 528 →             raise rewrite_error(error, f"{parsed_st[\'apiName\']}: {error}") from None\n 529           finally:\n 530               self._api_zone.set(None)\n 531   \n 532       def wrap_api_call_sync(\n 533           self, cb: Callable[[], Any], is_internal: bool = False' session_id=None response_headers=None status_code=None ssl_certificate=None


Failed to crawl: https://www.bolton.ac.uk/our-staff/hannah-sheldon
Result: url='https://www.bolton.ac.uk/our-staff/hannah-sheldon' html='' success=False cleaned_html=None media={} links={} downloaded_files=None screenshot=None pdf=None markdown=None markdown_v2=None fit_markdown=None fit_html=None extracted_content=None metadata=None error_message='Unexpected error in _crawl_web at line 528 in wrap_api_call (../../.pyenv/versions/3.12.6/lib/python3.12/site-packages/playwright/_impl/_connection.py):\nError: Browser.new_context: Connection closed while reading from the driver\n\nCode context:\n 523           parsed_st = _extract_stack_trace_information_from_stack(st, is_internal)\n 524           self._api_zone.set(parsed_st)\n 525           try:\n 526               return await cb()\n 527           except Exception as error:\n 528 →             raise rewrite_error(error, f"{parsed_st[\'apiName\']}: {error}") from None\n 529           finally:\n 530               self._api_zone.set(None)\n 531   \n 532       def wrap_api_call_sync(\n 533           self, cb: Callable[[], Any], is_internal: bool = False' session_id=None response_headers=None status_code=None ssl_certificate=None


Failed to crawl: https://www.bolton.ac.uk/our-staff/kim-kelly
Result: url='https://www.bolton.ac.uk/our-staff/kim-kelly' html='' success=False cleaned_html=None media={} links={} downloaded_files=None screenshot=None pdf=None markdown=None markdown_v2=None fit_markdown=None fit_html=None extracted_content=None metadata=None error_message='Unexpected error in _crawl_web at line 528 in wrap_api_call (../../.pyenv/versions/3.12.6/lib/python3.12/site-packages/playwright/_impl/_connection.py):\nError: Browser.new_context: Connection closed while reading from the driver\n\nCode context:\n 523           parsed_st = _extract_stack_trace_information_from_stack(st, is_internal)\n 524           self._api_zone.set(parsed_st)\n 525           try:\n 526               return await cb()\n 527           except Exception as error:\n 528 →             raise rewrite_error(error, f"{parsed_st[\'apiName\']}: {error}") from None\n 529           finally:\n 530               self._api_zone.set(None)\n 531   \n 532       def wrap_api_call_sync(\n 533           self, cb: Callable[[], Any], is_internal: bool = False' session_id=None response_headers=None status_code=None ssl_certificate=None


Failed to crawl: https://www.bolton.ac.uk/our-staff/jo-wroe
Result: url='https://www.bolton.ac.uk/our-staff/jo-wroe' html='' success=False cleaned_html=None media={} links={} downloaded_files=None screenshot=None pdf=None markdown=None markdown_v2=None fit_markdown=None fit_html=None extracted_content=None metadata=None error_message='Unexpected error in _crawl_web at line 528 in wrap_api_call (../../.pyenv/versions/3.12.6/lib/python3.12/site-packages/playwright/_impl/_connection.py):\nError: Browser.new_context: Connection closed while reading from the driver\n\nCode context:\n 523           parsed_st = _extract_stack_trace_information_from_stack(st, is_internal)\n 524           self._api_zone.set(parsed_st)\n 525           try:\n 526               return await cb()\n 527           except Exception as error:\n 528 →             raise rewrite_error(error, f"{parsed_st[\'apiName\']}: {error}") from None\n 529           finally:\n 530               self._api_zone.set(None)\n 531   \n 532       def wrap_api_call_sync(\n 533           self, cb: Callable[[], Any], is_internal: bool = False' session_id=None response_headers=None status_code=None ssl_certificate=None


Failed to crawl: https://www.bolton.ac.uk/subject-areas/psychology/psychology-news
Result: url='https://www.bolton.ac.uk/subject-areas/psychology/psychology-news' html='' success=False cleaned_html=None media={} links={} downloaded_files=None screenshot=None pdf=None markdown=None markdown_v2=None fit_markdown=None fit_html=None extracted_content=None metadata=None error_message='Unexpected error in _crawl_web at line 528 in wrap_api_call (../../.pyenv/versions/3.12.6/lib/python3.12/site-packages/playwright/_impl/_connection.py):\nError: Browser.new_context: Connection closed while reading from the driver\n\nCode context:\n 523           parsed_st = _extract_stack_trace_information_from_stack(st, is_internal)\n 524           self._api_zone.set(parsed_st)\n 525           try:\n 526               return await cb()\n 527           except Exception as error:\n 528 →             raise rewrite_error(error, f"{parsed_st[\'apiName\']}: {error}") from None\n 529           finally:\n 530               self._api_zone.set(None)\n 531   \n 532       def wrap_api_call_sync(\n 533           self, cb: Callable[[], Any], is_internal: bool = False' session_id=None response_headers=None status_code=None ssl_certificate=None


Failed to crawl: https://www.bolton.ac.uk/our-staff/mark-hill
Result: url='https://www.bolton.ac.uk/our-staff/mark-hill' html='' success=False cleaned_html=None media={} links={} downloaded_files=None screenshot=None pdf=None markdown=None markdown_v2=None fit_markdown=None fit_html=None extracted_content=None metadata=None error_message='Unexpected error in _crawl_web at line 528 in wrap_api_call (../../.pyenv/versions/3.12.6/lib/python3.12/site-packages/playwright/_impl/_connection.py):\nError: Browser.new_context: Connection closed while reading from the driver\n\nCode context:\n 523           parsed_st = _extract_stack_trace_information_from_stack(st, is_internal)\n 524           self._api_zone.set(parsed_st)\n 525           try:\n 526               return await cb()\n 527           except Exception as error:\n 528 →             raise rewrite_error(error, f"{parsed_st[\'apiName\']}: {error}") from None\n 529           finally:\n 530               self._api_zone.set(None)\n 531   \n 532       def wrap_api_call_sync(\n 533           self, cb: Callable[[], Any], is_internal: bool = False' session_id=None response_headers=None status_code=None ssl_certificate=None


Failed to crawl: https://www.bolton.ac.uk/our-staff/mel-greenhalgh
Result: url='https://www.bolton.ac.uk/our-staff/mel-greenhalgh' html='' success=False cleaned_html=None media={} links={} downloaded_files=None screenshot=None pdf=None markdown=None markdown_v2=None fit_markdown=None fit_html=None extracted_content=None metadata=None error_message='Unexpected error in _crawl_web at line 528 in wrap_api_call (../../.pyenv/versions/3.12.6/lib/python3.12/site-packages/playwright/_impl/_connection.py):\nError: Browser.new_context: Connection closed while reading from the driver\n\nCode context:\n 523           parsed_st = _extract_stack_trace_information_from_stack(st, is_internal)\n 524           self._api_zone.set(parsed_st)\n 525           try:\n 526               return await cb()\n 527           except Exception as error:\n 528 →             raise rewrite_error(error, f"{parsed_st[\'apiName\']}: {error}") from None\n 529           finally:\n 530               self._api_zone.set(None)\n 531   \n 532       def wrap_api_call_sync(\n 533           self, cb: Callable[[], Any], is_internal: bool = False' session_id=None response_headers=None status_code=None ssl_certificate=None


Failed to crawl: https://www.bolton.ac.uk/our-staff/prof-gill-brown
Result: url='https://www.bolton.ac.uk/our-staff/prof-gill-brown' html='' success=False cleaned_html=None media={} links={} downloaded_files=None screenshot=None pdf=None markdown=None markdown_v2=None fit_markdown=None fit_html=None extracted_content=None metadata=None error_message='Unexpected error in _crawl_web at line 528 in wrap_api_call (../../.pyenv/versions/3.12.6/lib/python3.12/site-packages/playwright/_impl/_connection.py):\nError: Browser.new_context: Connection closed while reading from the driver\n\nCode context:\n 523           parsed_st = _extract_stack_trace_information_from_stack(st, is_internal)\n 524           self._api_zone.set(parsed_st)\n 525           try:\n 526               return await cb()\n 527           except Exception as error:\n 528 →             raise rewrite_error(error, f"{parsed_st[\'apiName\']}: {error}") from None\n 529           finally:\n 530               self._api_zone.set(None)\n 531   \n 532       def wrap_api_call_sync(\n 533           self, cb: Callable[[], Any], is_internal: bool = False' session_id=None response_headers=None status_code=None ssl_certificate=None


Failed to crawl: https://www.bolton.ac.uk/our-staff/jo-luckhurst
Result: url='https://www.bolton.ac.uk/our-staff/jo-luckhurst' html='' success=False cleaned_html=None media={} links={} downloaded_files=None screenshot=None pdf=None markdown=None markdown_v2=None fit_markdown=None fit_html=None extracted_content=None metadata=None error_message='Unexpected error in _crawl_web at line 528 in wrap_api_call (../../.pyenv/versions/3.12.6/lib/python3.12/site-packages/playwright/_impl/_connection.py):\nError: Browser.new_context: Connection closed while reading from the driver\n\nCode context:\n 523           parsed_st = _extract_stack_trace_information_from_stack(st, is_internal)\n 524           self._api_zone.set(parsed_st)\n 525           try:\n 526               return await cb()\n 527           except Exception as error:\n 528 →             raise rewrite_error(error, f"{parsed_st[\'apiName\']}: {error}") from None\n 529           finally:\n 530               self._api_zone.set(None)\n 531   \n 532       def wrap_api_call_sync(\n 533           self, cb: Callable[[], Any], is_internal: bool = False' session_id=None response_headers=None status_code=None ssl_certificate=None


Failed to crawl: https://www.bolton.ac.uk/our-staff/dr-tara-chandler
Result: url='https://www.bolton.ac.uk/our-staff/dr-tara-chandler' html='' success=False cleaned_html=None media={} links={} downloaded_files=None screenshot=None pdf=None markdown=None markdown_v2=None fit_markdown=None fit_html=None extracted_content=None metadata=None error_message='Unexpected error in _crawl_web at line 528 in wrap_api_call (../../.pyenv/versions/3.12.6/lib/python3.12/site-packages/playwright/_impl/_connection.py):\nError: Browser.new_context: Connection closed while reading from the driver\n\nCode context:\n 523           parsed_st = _extract_stack_trace_information_from_stack(st, is_internal)\n 524           self._api_zone.set(parsed_st)\n 525           try:\n 526               return await cb()\n 527           except Exception as error:\n 528 →             raise rewrite_error(error, f"{parsed_st[\'apiName\']}: {error}") from None\n 529           finally:\n 530               self._api_zone.set(None)\n 531   \n 532       def wrap_api_call_sync(\n 533           self, cb: Callable[[], Any], is_internal: bool = False' session_id=None response_headers=None status_code=None ssl_certificate=None


Failed to crawl: https://www.bolton.ac.uk/our-staff/dr-jacqui-harrison
Result: url='https://www.bolton.ac.uk/our-staff/dr-jacqui-harrison' html='' success=False cleaned_html=None media={} links={} downloaded_files=None screenshot=None pdf=None markdown=None markdown_v2=None fit_markdown=None fit_html=None extracted_content=None metadata=None error_message='Unexpected error in _crawl_web at line 528 in wrap_api_call (../../.pyenv/versions/3.12.6/lib/python3.12/site-packages/playwright/_impl/_connection.py):\nError: Browser.new_context: Connection closed while reading from the driver\n\nCode context:\n 523           parsed_st = _extract_stack_trace_information_from_stack(st, is_internal)\n 524           self._api_zone.set(parsed_st)\n 525           try:\n 526               return await cb()\n 527           except Exception as error:\n 528 →             raise rewrite_error(error, f"{parsed_st[\'apiName\']}: {error}") from None\n 529           finally:\n 530               self._api_zone.set(None)\n 531   \n 532       def wrap_api_call_sync(\n 533           self, cb: Callable[[], Any], is_internal: bool = False' session_id=None response_headers=None status_code=None ssl_certificate=None


Failed to crawl: https://www.bolton.ac.uk/our-staff/dr-pedro-vital
Result: url='https://www.bolton.ac.uk/our-staff/dr-pedro-vital' html='' success=False cleaned_html=None media={} links={} downloaded_files=None screenshot=None pdf=None markdown=None markdown_v2=None fit_markdown=None fit_html=None extracted_content=None metadata=None error_message='Unexpected error in _crawl_web at line 528 in wrap_api_call (../../.pyenv/versions/3.12.6/lib/python3.12/site-packages/playwright/_impl/_connection.py):\nError: Browser.new_context: Connection closed while reading from the driver\n\nCode context:\n 523           parsed_st = _extract_stack_trace_information_from_stack(st, is_internal)\n 524           self._api_zone.set(parsed_st)\n 525           try:\n 526               return await cb()\n 527           except Exception as error:\n 528 →             raise rewrite_error(error, f"{parsed_st[\'apiName\']}: {error}") from None\n 529           finally:\n 530               self._api_zone.set(None)\n 531   \n 532       def wrap_api_call_sync(\n 533           self, cb: Callable[[], Any], is_internal: bool = False' session_id=None response_headers=None status_code=None ssl_certificate=None


Failed to crawl: https://www.bolton.ac.uk/our-staff/dr-richard-jagger
Result: url='https://www.bolton.ac.uk/our-staff/dr-richard-jagger' html='' success=False cleaned_html=None media={} links={} downloaded_files=None screenshot=None pdf=None markdown=None markdown_v2=None fit_markdown=None fit_html=None extracted_content=None metadata=None error_message='Unexpected error in _crawl_web at line 528 in wrap_api_call (../../.pyenv/versions/3.12.6/lib/python3.12/site-packages/playwright/_impl/_connection.py):\nError: Browser.new_context: Connection closed while reading from the driver\n\nCode context:\n 523           parsed_st = _extract_stack_trace_information_from_stack(st, is_internal)\n 524           self._api_zone.set(parsed_st)\n 525           try:\n 526               return await cb()\n 527           except Exception as error:\n 528 →             raise rewrite_error(error, f"{parsed_st[\'apiName\']}: {error}") from None\n 529           finally:\n 530               self._api_zone.set(None)\n 531   \n 532       def wrap_api_call_sync(\n 533           self, cb: Callable[[], Any], is_internal: bool = False' session_id=None response_headers=None status_code=None ssl_certificate=None


Failed to crawl: https://www.bolton.ac.uk/our-staff/prof-jerome-carson
Result: url='https://www.bolton.ac.uk/our-staff/prof-jerome-carson' html='' success=False cleaned_html=None media={} links={} downloaded_files=None screenshot=None pdf=None markdown=None markdown_v2=None fit_markdown=None fit_html=None extracted_content=None metadata=None error_message='Unexpected error in _crawl_web at line 528 in wrap_api_call (../../.pyenv/versions/3.12.6/lib/python3.12/site-packages/playwright/_impl/_connection.py):\nError: Browser.new_context: Connection closed while reading from the driver\n\nCode context:\n 523           parsed_st = _extract_stack_trace_information_from_stack(st, is_internal)\n 524           self._api_zone.set(parsed_st)\n 525           try:\n 526               return await cb()\n 527           except Exception as error:\n 528 →             raise rewrite_error(error, f"{parsed_st[\'apiName\']}: {error}") from None\n 529           finally:\n 530               self._api_zone.set(None)\n 531   \n 532       def wrap_api_call_sync(\n 533           self, cb: Callable[[], Any], is_internal: bool = False' session_id=None response_headers=None status_code=None ssl_certificate=None


Failed to crawl: https://www.bolton.ac.uk/our-staff/dr-chathurika-kannangara
Result: url='https://www.bolton.ac.uk/our-staff/dr-chathurika-kannangara' html='' success=False cleaned_html=None media={} links={} downloaded_files=None screenshot=None pdf=None markdown=None markdown_v2=None fit_markdown=None fit_html=None extracted_content=None metadata=None error_message='Unexpected error in _crawl_web at line 528 in wrap_api_call (../../.pyenv/versions/3.12.6/lib/python3.12/site-packages/playwright/_impl/_connection.py):\nError: Browser.new_context: Connection closed while reading from the driver\n\nCode context:\n 523           parsed_st = _extract_stack_trace_information_from_stack(st, is_internal)\n 524           self._api_zone.set(parsed_st)\n 525           try:\n 526               return await cb()\n 527           except Exception as error:\n 528 →             raise rewrite_error(error, f"{parsed_st[\'apiName\']}: {error}") from None\n 529           finally:\n 530               self._api_zone.set(None)\n 531   \n 532       def wrap_api_call_sync(\n 533           self, cb: Callable[[], Any], is_internal: bool = False' session_id=None response_headers=None status_code=None ssl_certificate=None


Failed to crawl: https://www.bolton.ac.uk/our-staff/aashiya-patel
Result: url='https://www.bolton.ac.uk/our-staff/aashiya-patel' html='' success=False cleaned_html=None media={} links={} downloaded_files=None screenshot=None pdf=None markdown=None markdown_v2=None fit_markdown=None fit_html=None extracted_content=None metadata=None error_message='Unexpected error in _crawl_web at line 528 in wrap_api_call (../../.pyenv/versions/3.12.6/lib/python3.12/site-packages/playwright/_impl/_connection.py):\nError: Browser.new_context: Connection closed while reading from the driver\n\nCode context:\n 523           parsed_st = _extract_stack_trace_information_from_stack(st, is_internal)\n 524           self._api_zone.set(parsed_st)\n 525           try:\n 526               return await cb()\n 527           except Exception as error:\n 528 →             raise rewrite_error(error, f"{parsed_st[\'apiName\']}: {error}") from None\n 529           finally:\n 530               self._api_zone.set(None)\n 531   \n 532       def wrap_api_call_sync(\n 533           self, cb: Callable[[], Any], is_internal: bool = False' session_id=None response_headers=None status_code=None ssl_certificate=None


Failed to crawl: https://www.bolton.ac.uk/our-staff/sue-prynn
Result: url='https://www.bolton.ac.uk/our-staff/sue-prynn' html='' success=False cleaned_html=None media={} links={} downloaded_files=None screenshot=None pdf=None markdown=None markdown_v2=None fit_markdown=None fit_html=None extracted_content=None metadata=None error_message='Unexpected error in _crawl_web at line 528 in wrap_api_call (../../.pyenv/versions/3.12.6/lib/python3.12/site-packages/playwright/_impl/_connection.py):\nError: Browser.new_context: Connection closed while reading from the driver\n\nCode context:\n 523           parsed_st = _extract_stack_trace_information_from_stack(st, is_internal)\n 524           self._api_zone.set(parsed_st)\n 525           try:\n 526               return await cb()\n 527           except Exception as error:\n 528 →             raise rewrite_error(error, f"{parsed_st[\'apiName\']}: {error}") from None\n 529           finally:\n 530               self._api_zone.set(None)\n 531   \n 532       def wrap_api_call_sync(\n 533           self, cb: Callable[[], Any], is_internal: bool = False' session_id=None response_headers=None status_code=None ssl_certificate=None


Failed to crawl: https://www.bolton.ac.uk/our-staff/heather-ransom
Result: url='https://www.bolton.ac.uk/our-staff/heather-ransom' html='' success=False cleaned_html=None media={} links={} downloaded_files=None screenshot=None pdf=None markdown=None markdown_v2=None fit_markdown=None fit_html=None extracted_content=None metadata=None error_message='Unexpected error in _crawl_web at line 528 in wrap_api_call (../../.pyenv/versions/3.12.6/lib/python3.12/site-packages/playwright/_impl/_connection.py):\nError: Browser.new_context: Connection closed while reading from the driver\n\nCode context:\n 523           parsed_st = _extract_stack_trace_information_from_stack(st, is_internal)\n 524           self._api_zone.set(parsed_st)\n 525           try:\n 526               return await cb()\n 527           except Exception as error:\n 528 →             raise rewrite_error(error, f"{parsed_st[\'apiName\']}: {error}") from None\n 529           finally:\n 530               self._api_zone.set(None)\n 531   \n 532       def wrap_api_call_sync(\n 533           self, cb: Callable[[], Any], is_internal: bool = False' session_id=None response_headers=None status_code=None ssl_certificate=None


Failed to crawl: https://www.bolton.ac.uk/our-staff/keith-kenyon
Result: url='https://www.bolton.ac.uk/our-staff/keith-kenyon' html='' success=False cleaned_html=None media={} links={} downloaded_files=None screenshot=None pdf=None markdown=None markdown_v2=None fit_markdown=None fit_html=None extracted_content=None metadata=None error_message='Unexpected error in _crawl_web at line 528 in wrap_api_call (../../.pyenv/versions/3.12.6/lib/python3.12/site-packages/playwright/_impl/_connection.py):\nError: Browser.new_context: Connection closed while reading from the driver\n\nCode context:\n 523           parsed_st = _extract_stack_trace_information_from_stack(st, is_internal)\n 524           self._api_zone.set(parsed_st)\n 525           try:\n 526               return await cb()\n 527           except Exception as error:\n 528 →             raise rewrite_error(error, f"{parsed_st[\'apiName\']}: {error}") from None\n 529           finally:\n 530               self._api_zone.set(None)\n 531   \n 532       def wrap_api_call_sync(\n 533           self, cb: Callable[[], Any], is_internal: bool = False' session_id=None response_headers=None status_code=None ssl_certificate=None


Failed to crawl: https://www.bolton.ac.uk/our-staff/charlotte-conn
Result: url='https://www.bolton.ac.uk/our-staff/charlotte-conn' html='' success=False cleaned_html=None media={} links={} downloaded_files=None screenshot=None pdf=None markdown=None markdown_v2=None fit_markdown=None fit_html=None extracted_content=None metadata=None error_message='Unexpected error in _crawl_web at line 528 in wrap_api_call (../../.pyenv/versions/3.12.6/lib/python3.12/site-packages/playwright/_impl/_connection.py):\nError: Browser.new_context: Connection closed while reading from the driver\n\nCode context:\n 523           parsed_st = _extract_stack_trace_information_from_stack(st, is_internal)\n 524           self._api_zone.set(parsed_st)\n 525           try:\n 526               return await cb()\n 527           except Exception as error:\n 528 →             raise rewrite_error(error, f"{parsed_st[\'apiName\']}: {error}") from None\n 529           finally:\n 530               self._api_zone.set(None)\n 531   \n 532       def wrap_api_call_sync(\n 533           self, cb: Callable[[], Any], is_internal: bool = False' session_id=None response_headers=None status_code=None ssl_certificate=None


Failed to crawl: https://www.bolton.ac.uk/our-staff/dean-watson
Result: url='https://www.bolton.ac.uk/our-staff/dean-watson' html='' success=False cleaned_html=None media={} links={} downloaded_files=None screenshot=None pdf=None markdown=None markdown_v2=None fit_markdown=None fit_html=None extracted_content=None metadata=None error_message='Unexpected error in _crawl_web at line 528 in wrap_api_call (../../.pyenv/versions/3.12.6/lib/python3.12/site-packages/playwright/_impl/_connection.py):\nError: Browser.new_context: Connection closed while reading from the driver\n\nCode context:\n 523           parsed_st = _extract_stack_trace_information_from_stack(st, is_internal)\n 524           self._api_zone.set(parsed_st)\n 525           try:\n 526               return await cb()\n 527           except Exception as error:\n 528 →             raise rewrite_error(error, f"{parsed_st[\'apiName\']}: {error}") from None\n 529           finally:\n 530               self._api_zone.set(None)\n 531   \n 532       def wrap_api_call_sync(\n 533           self, cb: Callable[[], Any], is_internal: bool = False' session_id=None response_headers=None status_code=None ssl_certificate=None


Failed to crawl: https://www.bolton.ac.uk/our-staff/robert-hurst
Result: url='https://www.bolton.ac.uk/our-staff/robert-hurst' html='' success=False cleaned_html=None media={} links={} downloaded_files=None screenshot=None pdf=None markdown=None markdown_v2=None fit_markdown=None fit_html=None extracted_content=None metadata=None error_message='Unexpected error in _crawl_web at line 528 in wrap_api_call (../../.pyenv/versions/3.12.6/lib/python3.12/site-packages/playwright/_impl/_connection.py):\nError: Browser.new_context: Connection closed while reading from the driver\n\nCode context:\n 523           parsed_st = _extract_stack_trace_information_from_stack(st, is_internal)\n 524           self._api_zone.set(parsed_st)\n 525           try:\n 526               return await cb()\n 527           except Exception as error:\n 528 →             raise rewrite_error(error, f"{parsed_st[\'apiName\']}: {error}") from None\n 529           finally:\n 530               self._api_zone.set(None)\n 531   \n 532       def wrap_api_call_sync(\n 533           self, cb: Callable[[], Any], is_internal: bool = False' session_id=None response_headers=None status_code=None ssl_certificate=None


Failed to crawl: https://www.bolton.ac.uk/our-staff/dr-jack-brimmell
Result: url='https://www.bolton.ac.uk/our-staff/dr-jack-brimmell' html='' success=False cleaned_html=None media={} links={} downloaded_files=None screenshot=None pdf=None markdown=None markdown_v2=None fit_markdown=None fit_html=None extracted_content=None metadata=None error_message='Unexpected error in _crawl_web at line 528 in wrap_api_call (../../.pyenv/versions/3.12.6/lib/python3.12/site-packages/playwright/_impl/_connection.py):\nError: Browser.new_context: Connection closed while reading from the driver\n\nCode context:\n 523           parsed_st = _extract_stack_trace_information_from_stack(st, is_internal)\n 524           self._api_zone.set(parsed_st)\n 525           try:\n 526               return await cb()\n 527           except Exception as error:\n 528 →             raise rewrite_error(error, f"{parsed_st[\'apiName\']}: {error}") from None\n 529           finally:\n 530               self._api_zone.set(None)\n 531   \n 532       def wrap_api_call_sync(\n 533           self, cb: Callable[[], Any], is_internal: bool = False' session_id=None response_headers=None status_code=None ssl_certificate=None


Failed to crawl: https://www.bolton.ac.uk/our-staff/megan-robinson
Result: url='https://www.bolton.ac.uk/our-staff/megan-robinson' html='' success=False cleaned_html=None media={} links={} downloaded_files=None screenshot=None pdf=None markdown=None markdown_v2=None fit_markdown=None fit_html=None extracted_content=None metadata=None error_message='Unexpected error in _crawl_web at line 528 in wrap_api_call (../../.pyenv/versions/3.12.6/lib/python3.12/site-packages/playwright/_impl/_connection.py):\nError: Browser.new_context: Connection closed while reading from the driver\n\nCode context:\n 523           parsed_st = _extract_stack_trace_information_from_stack(st, is_internal)\n 524           self._api_zone.set(parsed_st)\n 525           try:\n 526               return await cb()\n 527           except Exception as error:\n 528 →             raise rewrite_error(error, f"{parsed_st[\'apiName\']}: {error}") from None\n 529           finally:\n 530               self._api_zone.set(None)\n 531   \n 532       def wrap_api_call_sync(\n 533           self, cb: Callable[[], Any], is_internal: bool = False' session_id=None response_headers=None status_code=None ssl_certificate=None


Failed to crawl: https://www.bolton.ac.uk/our-staff/scott-whitfield
Result: url='https://www.bolton.ac.uk/our-staff/scott-whitfield' html='' success=False cleaned_html=None media={} links={} downloaded_files=None screenshot=None pdf=None markdown=None markdown_v2=None fit_markdown=None fit_html=None extracted_content=None metadata=None error_message='Unexpected error in _crawl_web at line 528 in wrap_api_call (../../.pyenv/versions/3.12.6/lib/python3.12/site-packages/playwright/_impl/_connection.py):\nError: Browser.new_context: Connection closed while reading from the driver\n\nCode context:\n 523           parsed_st = _extract_stack_trace_information_from_stack(st, is_internal)\n 524           self._api_zone.set(parsed_st)\n 525           try:\n 526               return await cb()\n 527           except Exception as error:\n 528 →             raise rewrite_error(error, f"{parsed_st[\'apiName\']}: {error}") from None\n 529           finally:\n 530               self._api_zone.set(None)\n 531   \n 532       def wrap_api_call_sync(\n 533           self, cb: Callable[[], Any], is_internal: bool = False' session_id=None response_headers=None status_code=None ssl_certificate=None


Failed to crawl: https://www.bolton.ac.uk/more/social-work-centre
Result: url='https://www.bolton.ac.uk/more/social-work-centre' html='' success=False cleaned_html=None media={} links={} downloaded_files=None screenshot=None pdf=None markdown=None markdown_v2=None fit_markdown=None fit_html=None extracted_content=None metadata=None error_message='Unexpected error in _crawl_web at line 528 in wrap_api_call (../../.pyenv/versions/3.12.6/lib/python3.12/site-packages/playwright/_impl/_connection.py):\nError: Browser.new_context: Connection closed while reading from the driver\n\nCode context:\n 523           parsed_st = _extract_stack_trace_information_from_stack(st, is_internal)\n 524           self._api_zone.set(parsed_st)\n 525           try:\n 526               return await cb()\n 527           except Exception as error:\n 528 →             raise rewrite_error(error, f"{parsed_st[\'apiName\']}: {error}") from None\n 529           finally:\n 530               self._api_zone.set(None)\n 531   \n 532       def wrap_api_call_sync(\n 533           self, cb: Callable[[], Any], is_internal: bool = False' session_id=None response_headers=None status_code=None ssl_certificate=None


Failed to crawl: https://www.bolton.ac.uk/subject-areas/social-work/social-work-news
Result: url='https://www.bolton.ac.uk/subject-areas/social-work/social-work-news' html='' success=False cleaned_html=None media={} links={} downloaded_files=None screenshot=None pdf=None markdown=None markdown_v2=None fit_markdown=None fit_html=None extracted_content=None metadata=None error_message='Unexpected error in _crawl_web at line 528 in wrap_api_call (../../.pyenv/versions/3.12.6/lib/python3.12/site-packages/playwright/_impl/_connection.py):\nError: Browser.new_context: Connection closed while reading from the driver\n\nCode context:\n 523           parsed_st = _extract_stack_trace_information_from_stack(st, is_internal)\n 524           self._api_zone.set(parsed_st)\n 525           try:\n 526               return await cb()\n 527           except Exception as error:\n 528 →             raise rewrite_error(error, f"{parsed_st[\'apiName\']}: {error}") from None\n 529           finally:\n 530               self._api_zone.set(None)\n 531   \n 532       def wrap_api_call_sync(\n 533           self, cb: Callable[[], Any], is_internal: bool = False' session_id=None response_headers=None status_code=None ssl_certificate=None


Failed to crawl: https://www.bolton.ac.uk/our-staff/dr-martina-kirlew
Result: url='https://www.bolton.ac.uk/our-staff/dr-martina-kirlew' html='' success=False cleaned_html=None media={} links={} downloaded_files=None screenshot=None pdf=None markdown=None markdown_v2=None fit_markdown=None fit_html=None extracted_content=None metadata=None error_message='Unexpected error in _crawl_web at line 528 in wrap_api_call (../../.pyenv/versions/3.12.6/lib/python3.12/site-packages/playwright/_impl/_connection.py):\nError: Browser.new_context: Connection closed while reading from the driver\n\nCode context:\n 523           parsed_st = _extract_stack_trace_information_from_stack(st, is_internal)\n 524           self._api_zone.set(parsed_st)\n 525           try:\n 526               return await cb()\n 527           except Exception as error:\n 528 →             raise rewrite_error(error, f"{parsed_st[\'apiName\']}: {error}") from None\n 529           finally:\n 530               self._api_zone.set(None)\n 531   \n 532       def wrap_api_call_sync(\n 533           self, cb: Callable[[], Any], is_internal: bool = False' session_id=None response_headers=None status_code=None ssl_certificate=None


Failed to crawl: https://www.bolton.ac.uk/our-staff/natasha-hassan
Result: url='https://www.bolton.ac.uk/our-staff/natasha-hassan' html='' success=False cleaned_html=None media={} links={} downloaded_files=None screenshot=None pdf=None markdown=None markdown_v2=None fit_markdown=None fit_html=None extracted_content=None metadata=None error_message='Unexpected error in _crawl_web at line 528 in wrap_api_call (../../.pyenv/versions/3.12.6/lib/python3.12/site-packages/playwright/_impl/_connection.py):\nError: Browser.new_context: Connection closed while reading from the driver\n\nCode context:\n 523           parsed_st = _extract_stack_trace_information_from_stack(st, is_internal)\n 524           self._api_zone.set(parsed_st)\n 525           try:\n 526               return await cb()\n 527           except Exception as error:\n 528 →             raise rewrite_error(error, f"{parsed_st[\'apiName\']}: {error}") from None\n 529           finally:\n 530               self._api_zone.set(None)\n 531   \n 532       def wrap_api_call_sync(\n 533           self, cb: Callable[[], Any], is_internal: bool = False' session_id=None response_headers=None status_code=None ssl_certificate=None


Failed to crawl: https://www.bolton.ac.uk/our-staff/carolyn-deacon
Result: url='https://www.bolton.ac.uk/our-staff/carolyn-deacon' html='' success=False cleaned_html=None media={} links={} downloaded_files=None screenshot=None pdf=None markdown=None markdown_v2=None fit_markdown=None fit_html=None extracted_content=None metadata=None error_message='Unexpected error in _crawl_web at line 528 in wrap_api_call (../../.pyenv/versions/3.12.6/lib/python3.12/site-packages/playwright/_impl/_connection.py):\nError: Browser.new_context: Connection closed while reading from the driver\n\nCode context:\n 523           parsed_st = _extract_stack_trace_information_from_stack(st, is_internal)\n 524           self._api_zone.set(parsed_st)\n 525           try:\n 526               return await cb()\n 527           except Exception as error:\n 528 →             raise rewrite_error(error, f"{parsed_st[\'apiName\']}: {error}") from None\n 529           finally:\n 530               self._api_zone.set(None)\n 531   \n 532       def wrap_api_call_sync(\n 533           self, cb: Callable[[], Any], is_internal: bool = False' session_id=None response_headers=None status_code=None ssl_certificate=None


Failed to crawl: https://www.bolton.ac.uk/subject-areas/sport-sport-rehabilitation-and-physiotherapy/sport-sport-rehabilitation-and-physiotherapy-news
Result: url='https://www.bolton.ac.uk/subject-areas/sport-sport-rehabilitation-and-physiotherapy/sport-sport-rehabilitation-and-physiotherapy-news' html='' success=False cleaned_html=None media={} links={} downloaded_files=None screenshot=None pdf=None markdown=None markdown_v2=None fit_markdown=None fit_html=None extracted_content=None metadata=None error_message='Unexpected error in _crawl_web at line 528 in wrap_api_call (../../.pyenv/versions/3.12.6/lib/python3.12/site-packages/playwright/_impl/_connection.py):\nError: Browser.new_context: Connection closed while reading from the driver\n\nCode context:\n 523           parsed_st = _extract_stack_trace_information_from_stack(st, is_internal)\n 524           self._api_zone.set(parsed_st)\n 525           try:\n 526               return await cb()\n 527           except Exception as error:\n 528 →             raise rewrite_error(error, f"{parsed_st[\'apiName\']}: {error}") from None\n 529           finally:\n 530               self._api_zone.set(None)\n 531   \n 532       def wrap_api_call_sync(\n 533           self, cb: Callable[[], Any], is_internal: bool = False' session_id=None response_headers=None status_code=None ssl_certificate=None


Failed to crawl: https://www.bolton.ac.uk/our-staff/jenny-devlin
Result: url='https://www.bolton.ac.uk/our-staff/jenny-devlin' html='' success=False cleaned_html=None media={} links={} downloaded_files=None screenshot=None pdf=None markdown=None markdown_v2=None fit_markdown=None fit_html=None extracted_content=None metadata=None error_message='Unexpected error in _crawl_web at line 528 in wrap_api_call (../../.pyenv/versions/3.12.6/lib/python3.12/site-packages/playwright/_impl/_connection.py):\nError: Browser.new_context: Connection closed while reading from the driver\n\nCode context:\n 523           parsed_st = _extract_stack_trace_information_from_stack(st, is_internal)\n 524           self._api_zone.set(parsed_st)\n 525           try:\n 526               return await cb()\n 527           except Exception as error:\n 528 →             raise rewrite_error(error, f"{parsed_st[\'apiName\']}: {error}") from None\n 529           finally:\n 530               self._api_zone.set(None)\n 531   \n 532       def wrap_api_call_sync(\n 533           self, cb: Callable[[], Any], is_internal: bool = False' session_id=None response_headers=None status_code=None ssl_certificate=None


Failed to crawl: https://www.bolton.ac.uk/our-staff/mark-moran
Result: url='https://www.bolton.ac.uk/our-staff/mark-moran' html='' success=False cleaned_html=None media={} links={} downloaded_files=None screenshot=None pdf=None markdown=None markdown_v2=None fit_markdown=None fit_html=None extracted_content=None metadata=None error_message='Unexpected error in _crawl_web at line 528 in wrap_api_call (../../.pyenv/versions/3.12.6/lib/python3.12/site-packages/playwright/_impl/_connection.py):\nError: Browser.new_context: Connection closed while reading from the driver\n\nCode context:\n 523           parsed_st = _extract_stack_trace_information_from_stack(st, is_internal)\n 524           self._api_zone.set(parsed_st)\n 525           try:\n 526               return await cb()\n 527           except Exception as error:\n 528 →             raise rewrite_error(error, f"{parsed_st[\'apiName\']}: {error}") from None\n 529           finally:\n 530               self._api_zone.set(None)\n 531   \n 532       def wrap_api_call_sync(\n 533           self, cb: Callable[[], Any], is_internal: bool = False' session_id=None response_headers=None status_code=None ssl_certificate=None


Failed to crawl: https://www.bolton.ac.uk/our-staff/jon-guy
Result: url='https://www.bolton.ac.uk/our-staff/jon-guy' html='' success=False cleaned_html=None media={} links={} downloaded_files=None screenshot=None pdf=None markdown=None markdown_v2=None fit_markdown=None fit_html=None extracted_content=None metadata=None error_message='Unexpected error in _crawl_web at line 528 in wrap_api_call (../../.pyenv/versions/3.12.6/lib/python3.12/site-packages/playwright/_impl/_connection.py):\nError: Browser.new_context: Connection closed while reading from the driver\n\nCode context:\n 523           parsed_st = _extract_stack_trace_information_from_stack(st, is_internal)\n 524           self._api_zone.set(parsed_st)\n 525           try:\n 526               return await cb()\n 527           except Exception as error:\n 528 →             raise rewrite_error(error, f"{parsed_st[\'apiName\']}: {error}") from None\n 529           finally:\n 530               self._api_zone.set(None)\n 531   \n 532       def wrap_api_call_sync(\n 533           self, cb: Callable[[], Any], is_internal: bool = False' session_id=None response_headers=None status_code=None ssl_certificate=None


Failed to crawl: https://www.bolton.ac.uk/our-staff/catherine-mistry
Result: url='https://www.bolton.ac.uk/our-staff/catherine-mistry' html='' success=False cleaned_html=None media={} links={} downloaded_files=None screenshot=None pdf=None markdown=None markdown_v2=None fit_markdown=None fit_html=None extracted_content=None metadata=None error_message='Unexpected error in _crawl_web at line 528 in wrap_api_call (../../.pyenv/versions/3.12.6/lib/python3.12/site-packages/playwright/_impl/_connection.py):\nError: Browser.new_context: Connection closed while reading from the driver\n\nCode context:\n 523           parsed_st = _extract_stack_trace_information_from_stack(st, is_internal)\n 524           self._api_zone.set(parsed_st)\n 525           try:\n 526               return await cb()\n 527           except Exception as error:\n 528 →             raise rewrite_error(error, f"{parsed_st[\'apiName\']}: {error}") from None\n 529           finally:\n 530               self._api_zone.set(None)\n 531   \n 532       def wrap_api_call_sync(\n 533           self, cb: Callable[[], Any], is_internal: bool = False' session_id=None response_headers=None status_code=None ssl_certificate=None


Failed to crawl: https://www.bolton.ac.uk/our-staff/craig-hobbs
Result: url='https://www.bolton.ac.uk/our-staff/craig-hobbs' html='' success=False cleaned_html=None media={} links={} downloaded_files=None screenshot=None pdf=None markdown=None markdown_v2=None fit_markdown=None fit_html=None extracted_content=None metadata=None error_message='Unexpected error in _crawl_web at line 528 in wrap_api_call (../../.pyenv/versions/3.12.6/lib/python3.12/site-packages/playwright/_impl/_connection.py):\nError: Browser.new_context: Connection closed while reading from the driver\n\nCode context:\n 523           parsed_st = _extract_stack_trace_information_from_stack(st, is_internal)\n 524           self._api_zone.set(parsed_st)\n 525           try:\n 526               return await cb()\n 527           except Exception as error:\n 528 →             raise rewrite_error(error, f"{parsed_st[\'apiName\']}: {error}") from None\n 529           finally:\n 530               self._api_zone.set(None)\n 531   \n 532       def wrap_api_call_sync(\n 533           self, cb: Callable[[], Any], is_internal: bool = False' session_id=None response_headers=None status_code=None ssl_certificate=None


Failed to crawl: https://www.bolton.ac.uk/our-staff/mark-gallamore
Result: url='https://www.bolton.ac.uk/our-staff/mark-gallamore' html='' success=False cleaned_html=None media={} links={} downloaded_files=None screenshot=None pdf=None markdown=None markdown_v2=None fit_markdown=None fit_html=None extracted_content=None metadata=None error_message='Unexpected error in _crawl_web at line 528 in wrap_api_call (../../.pyenv/versions/3.12.6/lib/python3.12/site-packages/playwright/_impl/_connection.py):\nError: Browser.new_context: Connection closed while reading from the driver\n\nCode context:\n 523           parsed_st = _extract_stack_trace_information_from_stack(st, is_internal)\n 524           self._api_zone.set(parsed_st)\n 525           try:\n 526               return await cb()\n 527           except Exception as error:\n 528 →             raise rewrite_error(error, f"{parsed_st[\'apiName\']}: {error}") from None\n 529           finally:\n 530               self._api_zone.set(None)\n 531   \n 532       def wrap_api_call_sync(\n 533           self, cb: Callable[[], Any], is_internal: bool = False' session_id=None response_headers=None status_code=None ssl_certificate=None


Failed to crawl: https://www.bolton.ac.uk/our-staff/susan-booth
Result: url='https://www.bolton.ac.uk/our-staff/susan-booth' html='' success=False cleaned_html=None media={} links={} downloaded_files=None screenshot=None pdf=None markdown=None markdown_v2=None fit_markdown=None fit_html=None extracted_content=None metadata=None error_message='Unexpected error in _crawl_web at line 528 in wrap_api_call (../../.pyenv/versions/3.12.6/lib/python3.12/site-packages/playwright/_impl/_connection.py):\nError: Browser.new_context: Connection closed while reading from the driver\n\nCode context:\n 523           parsed_st = _extract_stack_trace_information_from_stack(st, is_internal)\n 524           self._api_zone.set(parsed_st)\n 525           try:\n 526               return await cb()\n 527           except Exception as error:\n 528 →             raise rewrite_error(error, f"{parsed_st[\'apiName\']}: {error}") from None\n 529           finally:\n 530               self._api_zone.set(None)\n 531   \n 532       def wrap_api_call_sync(\n 533           self, cb: Callable[[], Any], is_internal: bool = False' session_id=None response_headers=None status_code=None ssl_certificate=None


Failed to crawl: https://www.bolton.ac.uk/our-staff/anna-ziemer
Result: url='https://www.bolton.ac.uk/our-staff/anna-ziemer' html='' success=False cleaned_html=None media={} links={} downloaded_files=None screenshot=None pdf=None markdown=None markdown_v2=None fit_markdown=None fit_html=None extracted_content=None metadata=None error_message='Unexpected error in _crawl_web at line 528 in wrap_api_call (../../.pyenv/versions/3.12.6/lib/python3.12/site-packages/playwright/_impl/_connection.py):\nError: Browser.new_context: Connection closed while reading from the driver\n\nCode context:\n 523           parsed_st = _extract_stack_trace_information_from_stack(st, is_internal)\n 524           self._api_zone.set(parsed_st)\n 525           try:\n 526               return await cb()\n 527           except Exception as error:\n 528 →             raise rewrite_error(error, f"{parsed_st[\'apiName\']}: {error}") from None\n 529           finally:\n 530               self._api_zone.set(None)\n 531   \n 532       def wrap_api_call_sync(\n 533           self, cb: Callable[[], Any], is_internal: bool = False' session_id=None response_headers=None status_code=None ssl_certificate=None


Failed to crawl: https://www.bolton.ac.uk/our-staff/pol-nomikos
Result: url='https://www.bolton.ac.uk/our-staff/pol-nomikos' html='' success=False cleaned_html=None media={} links={} downloaded_files=None screenshot=None pdf=None markdown=None markdown_v2=None fit_markdown=None fit_html=None extracted_content=None metadata=None error_message='Unexpected error in _crawl_web at line 528 in wrap_api_call (../../.pyenv/versions/3.12.6/lib/python3.12/site-packages/playwright/_impl/_connection.py):\nError: Browser.new_context: Connection closed while reading from the driver\n\nCode context:\n 523           parsed_st = _extract_stack_trace_information_from_stack(st, is_internal)\n 524           self._api_zone.set(parsed_st)\n 525           try:\n 526               return await cb()\n 527           except Exception as error:\n 528 →             raise rewrite_error(error, f"{parsed_st[\'apiName\']}: {error}") from None\n 529           finally:\n 530               self._api_zone.set(None)\n 531   \n 532       def wrap_api_call_sync(\n 533           self, cb: Callable[[], Any], is_internal: bool = False' session_id=None response_headers=None status_code=None ssl_certificate=None


Failed to crawl: https://www.bolton.ac.uk/our-staff/andy-jones
Result: url='https://www.bolton.ac.uk/our-staff/andy-jones' html='' success=False cleaned_html=None media={} links={} downloaded_files=None screenshot=None pdf=None markdown=None markdown_v2=None fit_markdown=None fit_html=None extracted_content=None metadata=None error_message='Unexpected error in _crawl_web at line 528 in wrap_api_call (../../.pyenv/versions/3.12.6/lib/python3.12/site-packages/playwright/_impl/_connection.py):\nError: Browser.new_context: Connection closed while reading from the driver\n\nCode context:\n 523           parsed_st = _extract_stack_trace_information_from_stack(st, is_internal)\n 524           self._api_zone.set(parsed_st)\n 525           try:\n 526               return await cb()\n 527           except Exception as error:\n 528 →             raise rewrite_error(error, f"{parsed_st[\'apiName\']}: {error}") from None\n 529           finally:\n 530               self._api_zone.set(None)\n 531   \n 532       def wrap_api_call_sync(\n 533           self, cb: Callable[[], Any], is_internal: bool = False' session_id=None response_headers=None status_code=None ssl_certificate=None


Failed to crawl: https://www.bolton.ac.uk/subject-areas/theatre-and-performance/theatre-and-performance-news
Result: url='https://www.bolton.ac.uk/subject-areas/theatre-and-performance/theatre-and-performance-news' html='' success=False cleaned_html=None media={} links={} downloaded_files=None screenshot=None pdf=None markdown=None markdown_v2=None fit_markdown=None fit_html=None extracted_content=None metadata=None error_message='Unexpected error in _crawl_web at line 528 in wrap_api_call (../../.pyenv/versions/3.12.6/lib/python3.12/site-packages/playwright/_impl/_connection.py):\nError: Browser.new_context: Connection closed while reading from the driver\n\nCode context:\n 523           parsed_st = _extract_stack_trace_information_from_stack(st, is_internal)\n 524           self._api_zone.set(parsed_st)\n 525           try:\n 526               return await cb()\n 527           except Exception as error:\n 528 →             raise rewrite_error(error, f"{parsed_st[\'apiName\']}: {error}") from None\n 529           finally:\n 530               self._api_zone.set(None)\n 531   \n 532       def wrap_api_call_sync(\n 533           self, cb: Callable[[], Any], is_internal: bool = False' session_id=None response_headers=None status_code=None ssl_certificate=None


Failed to crawl: https://www.bolton.ac.uk/our-staff/beccy-barnes
Result: url='https://www.bolton.ac.uk/our-staff/beccy-barnes' html='' success=False cleaned_html=None media={} links={} downloaded_files=None screenshot=None pdf=None markdown=None markdown_v2=None fit_markdown=None fit_html=None extracted_content=None metadata=None error_message='Unexpected error in _crawl_web at line 528 in wrap_api_call (../../.pyenv/versions/3.12.6/lib/python3.12/site-packages/playwright/_impl/_connection.py):\nError: Browser.new_context: Connection closed while reading from the driver\n\nCode context:\n 523           parsed_st = _extract_stack_trace_information_from_stack(st, is_internal)\n 524           self._api_zone.set(parsed_st)\n 525           try:\n 526               return await cb()\n 527           except Exception as error:\n 528 →             raise rewrite_error(error, f"{parsed_st[\'apiName\']}: {error}") from None\n 529           finally:\n 530               self._api_zone.set(None)\n 531   \n 532       def wrap_api_call_sync(\n 533           self, cb: Callable[[], Any], is_internal: bool = False' session_id=None response_headers=None status_code=None ssl_certificate=None


Failed to crawl: https://www.bolton.ac.uk/our-staff/lindsey-brocklebank
Result: url='https://www.bolton.ac.uk/our-staff/lindsey-brocklebank' html='' success=False cleaned_html=None media={} links={} downloaded_files=None screenshot=None pdf=None markdown=None markdown_v2=None fit_markdown=None fit_html=None extracted_content=None metadata=None error_message='Unexpected error in _crawl_web at line 528 in wrap_api_call (../../.pyenv/versions/3.12.6/lib/python3.12/site-packages/playwright/_impl/_connection.py):\nError: Browser.new_context: Connection closed while reading from the driver\n\nCode context:\n 523           parsed_st = _extract_stack_trace_information_from_stack(st, is_internal)\n 524           self._api_zone.set(parsed_st)\n 525           try:\n 526               return await cb()\n 527           except Exception as error:\n 528 →             raise rewrite_error(error, f"{parsed_st[\'apiName\']}: {error}") from None\n 529           finally:\n 530               self._api_zone.set(None)\n 531   \n 532       def wrap_api_call_sync(\n 533           self, cb: Callable[[], Any], is_internal: bool = False' session_id=None response_headers=None status_code=None ssl_certificate=None


Failed to crawl: https://www.bolton.ac.uk/student-policy-zone/student-policy-zone-2021-2022
Result: url='https://www.bolton.ac.uk/student-policy-zone/student-policy-zone-2021-2022' html='' success=False cleaned_html=None media={} links={} downloaded_files=None screenshot=None pdf=None markdown=None markdown_v2=None fit_markdown=None fit_html=None extracted_content=None metadata=None error_message='Unexpected error in _crawl_web at line 528 in wrap_api_call (../../.pyenv/versions/3.12.6/lib/python3.12/site-packages/playwright/_impl/_connection.py):\nError: Browser.new_context: Connection closed while reading from the driver\n\nCode context:\n 523           parsed_st = _extract_stack_trace_information_from_stack(st, is_internal)\n 524           self._api_zone.set(parsed_st)\n 525           try:\n 526               return await cb()\n 527           except Exception as error:\n 528 →             raise rewrite_error(error, f"{parsed_st[\'apiName\']}: {error}") from None\n 529           finally:\n 530               self._api_zone.set(None)\n 531   \n 532       def wrap_api_call_sync(\n 533           self, cb: Callable[[], Any], is_internal: bool = False' session_id=None response_headers=None status_code=None ssl_certificate=None


Failed to crawl: https://www.bolton.ac.uk/assets/Hosted/CoP-REF-2021-Aug-2020-revised-clean.pdf
Result: url='https://www.bolton.ac.uk/assets/Hosted/CoP-REF-2021-Aug-2020-revised-clean.pdf' html='' success=False cleaned_html=None media={} links={} downloaded_files=None screenshot=None pdf=None markdown=None markdown_v2=None fit_markdown=None fit_html=None extracted_content=None metadata=None error_message='Unexpected error in _crawl_web at line 528 in wrap_api_call (../../.pyenv/versions/3.12.6/lib/python3.12/site-packages/playwright/_impl/_connection.py):\nError: Browser.new_context: Connection closed while reading from the driver\n\nCode context:\n 523           parsed_st = _extract_stack_trace_information_from_stack(st, is_internal)\n 524           self._api_zone.set(parsed_st)\n 525           try:\n 526               return await cb()\n 527           except Exception as error:\n 528 →             raise rewrite_error(error, f"{parsed_st[\'apiName\']}: {error}") from None\n 529           finally:\n 530               self._api_zone.set(None)\n 531   \n 532       def wrap_api_call_sync(\n 533           self, cb: Callable[[], Any], is_internal: bool = False' session_id=None response_headers=None status_code=None ssl_certificate=None


Failed to crawl: https://www.bolton.ac.uk/assets/ref-2019-01-guidance-on-submissions-compressed.pdf
Result: url='https://www.bolton.ac.uk/assets/ref-2019-01-guidance-on-submissions-compressed.pdf' html='' success=False cleaned_html=None media={} links={} downloaded_files=None screenshot=None pdf=None markdown=None markdown_v2=None fit_markdown=None fit_html=None extracted_content=None metadata=None error_message='Unexpected error in _crawl_web at line 528 in wrap_api_call (../../.pyenv/versions/3.12.6/lib/python3.12/site-packages/playwright/_impl/_connection.py):\nError: Browser.new_context: Connection closed while reading from the driver\n\nCode context:\n 523           parsed_st = _extract_stack_trace_information_from_stack(st, is_internal)\n 524           self._api_zone.set(parsed_st)\n 525           try:\n 526               return await cb()\n 527           except Exception as error:\n 528 →             raise rewrite_error(error, f"{parsed_st[\'apiName\']}: {error}") from None\n 529           finally:\n 530               self._api_zone.set(None)\n 531   \n 532       def wrap_api_call_sync(\n 533           self, cb: Callable[[], Any], is_internal: bool = False' session_id=None response_headers=None status_code=None ssl_certificate=None


Failed to crawl: https://www.bolton.ac.uk/blogs/what-can-you-do-with-an-adult-nursing-degree
Result: url='https://www.bolton.ac.uk/blogs/what-can-you-do-with-an-adult-nursing-degree' html='' success=False cleaned_html=None media={} links={} downloaded_files=None screenshot=None pdf=None markdown=None markdown_v2=None fit_markdown=None fit_html=None extracted_content=None metadata=None error_message='Unexpected error in _crawl_web at line 528 in wrap_api_call (../../.pyenv/versions/3.12.6/lib/python3.12/site-packages/playwright/_impl/_connection.py):\nError: Browser.new_context: Connection closed while reading from the driver\n\nCode context:\n 523           parsed_st = _extract_stack_trace_information_from_stack(st, is_internal)\n 524           self._api_zone.set(parsed_st)\n 525           try:\n 526               return await cb()\n 527           except Exception as error:\n 528 →             raise rewrite_error(error, f"{parsed_st[\'apiName\']}: {error}") from None\n 529           finally:\n 530               self._api_zone.set(None)\n 531   \n 532       def wrap_api_call_sync(\n 533           self, cb: Callable[[], Any], is_internal: bool = False' session_id=None response_headers=None status_code=None ssl_certificate=None


Failed to crawl: https://www.bolton.ac.uk/blogs/5-amazing-facts-about-the-gaming-industry
Result: url='https://www.bolton.ac.uk/blogs/5-amazing-facts-about-the-gaming-industry' html='' success=False cleaned_html=None media={} links={} downloaded_files=None screenshot=None pdf=None markdown=None markdown_v2=None fit_markdown=None fit_html=None extracted_content=None metadata=None error_message='Unexpected error in _crawl_web at line 528 in wrap_api_call (../../.pyenv/versions/3.12.6/lib/python3.12/site-packages/playwright/_impl/_connection.py):\nError: Browser.new_context: Connection closed while reading from the driver\n\nCode context:\n 523           parsed_st = _extract_stack_trace_information_from_stack(st, is_internal)\n 524           self._api_zone.set(parsed_st)\n 525           try:\n 526               return await cb()\n 527           except Exception as error:\n 528 →             raise rewrite_error(error, f"{parsed_st[\'apiName\']}: {error}") from None\n 529           finally:\n 530               self._api_zone.set(None)\n 531   \n 532       def wrap_api_call_sync(\n 533           self, cb: Callable[[], Any], is_internal: bool = False' session_id=None response_headers=None status_code=None ssl_certificate=None


Failed to crawl: https://www.bolton.ac.uk/blogs/day-in-the-life-of-a-mechanical-engineer
Result: url='https://www.bolton.ac.uk/blogs/day-in-the-life-of-a-mechanical-engineer' html='' success=False cleaned_html=None media={} links={} downloaded_files=None screenshot=None pdf=None markdown=None markdown_v2=None fit_markdown=None fit_html=None extracted_content=None metadata=None error_message='Unexpected error in _crawl_web at line 528 in wrap_api_call (../../.pyenv/versions/3.12.6/lib/python3.12/site-packages/playwright/_impl/_connection.py):\nError: Browser.new_context: Connection closed while reading from the driver\n\nCode context:\n 523           parsed_st = _extract_stack_trace_information_from_stack(st, is_internal)\n 524           self._api_zone.set(parsed_st)\n 525           try:\n 526               return await cb()\n 527           except Exception as error:\n 528 →             raise rewrite_error(error, f"{parsed_st[\'apiName\']}: {error}") from None\n 529           finally:\n 530               self._api_zone.set(None)\n 531   \n 532       def wrap_api_call_sync(\n 533           self, cb: Callable[[], Any], is_internal: bool = False' session_id=None response_headers=None status_code=None ssl_certificate=None


Failed to crawl: https://www.bolton.ac.uk/blogs/film-production-degree-potential-career-paths
Result: url='https://www.bolton.ac.uk/blogs/film-production-degree-potential-career-paths' html='' success=False cleaned_html=None media={} links={} downloaded_files=None screenshot=None pdf=None markdown=None markdown_v2=None fit_markdown=None fit_html=None extracted_content=None metadata=None error_message='Unexpected error in _crawl_web at line 528 in wrap_api_call (../../.pyenv/versions/3.12.6/lib/python3.12/site-packages/playwright/_impl/_connection.py):\nError: Browser.new_context: Connection closed while reading from the driver\n\nCode context:\n 523           parsed_st = _extract_stack_trace_information_from_stack(st, is_internal)\n 524           self._api_zone.set(parsed_st)\n 525           try:\n 526               return await cb()\n 527           except Exception as error:\n 528 →             raise rewrite_error(error, f"{parsed_st[\'apiName\']}: {error}") from None\n 529           finally:\n 530               self._api_zone.set(None)\n 531   \n 532       def wrap_api_call_sync(\n 533           self, cb: Callable[[], Any], is_internal: bool = False' session_id=None response_headers=None status_code=None ssl_certificate=None


Failed to crawl: https://www.bolton.ac.uk/blogs/why-the-world-needs-more-great-teachers
Result: url='https://www.bolton.ac.uk/blogs/why-the-world-needs-more-great-teachers' html='' success=False cleaned_html=None media={} links={} downloaded_files=None screenshot=None pdf=None markdown=None markdown_v2=None fit_markdown=None fit_html=None extracted_content=None metadata=None error_message='Unexpected error in _crawl_web at line 528 in wrap_api_call (../../.pyenv/versions/3.12.6/lib/python3.12/site-packages/playwright/_impl/_connection.py):\nError: Browser.new_context: Connection closed while reading from the driver\n\nCode context:\n 523           parsed_st = _extract_stack_trace_information_from_stack(st, is_internal)\n 524           self._api_zone.set(parsed_st)\n 525           try:\n 526               return await cb()\n 527           except Exception as error:\n 528 →             raise rewrite_error(error, f"{parsed_st[\'apiName\']}: {error}") from None\n 529           finally:\n 530               self._api_zone.set(None)\n 531   \n 532       def wrap_api_call_sync(\n 533           self, cb: Callable[[], Any], is_internal: bool = False' session_id=None response_headers=None status_code=None ssl_certificate=None


Failed to crawl: https://www.bolton.ac.uk/blogs/perks-of-construction-management-jobs-including-early-retirement
Result: url='https://www.bolton.ac.uk/blogs/perks-of-construction-management-jobs-including-early-retirement' html='' success=False cleaned_html=None media={} links={} downloaded_files=None screenshot=None pdf=None markdown=None markdown_v2=None fit_markdown=None fit_html=None extracted_content=None metadata=None error_message='Unexpected error in _crawl_web at line 528 in wrap_api_call (../../.pyenv/versions/3.12.6/lib/python3.12/site-packages/playwright/_impl/_connection.py):\nError: Browser.new_context: Connection closed while reading from the driver\n\nCode context:\n 523           parsed_st = _extract_stack_trace_information_from_stack(st, is_internal)\n 524           self._api_zone.set(parsed_st)\n 525           try:\n 526               return await cb()\n 527           except Exception as error:\n 528 →             raise rewrite_error(error, f"{parsed_st[\'apiName\']}: {error}") from None\n 529           finally:\n 530               self._api_zone.set(None)\n 531   \n 532       def wrap_api_call_sync(\n 533           self, cb: Callable[[], Any], is_internal: bool = False' session_id=None response_headers=None status_code=None ssl_certificate=None


Failed to crawl: https://www.bolton.ac.uk/news/bolton-students-praised-for-covid-19-support
Result: url='https://www.bolton.ac.uk/news/bolton-students-praised-for-covid-19-support' html='' success=False cleaned_html=None media={} links={} downloaded_files=None screenshot=None pdf=None markdown=None markdown_v2=None fit_markdown=None fit_html=None extracted_content=None metadata=None error_message='Unexpected error in _crawl_web at line 528 in wrap_api_call (../../.pyenv/versions/3.12.6/lib/python3.12/site-packages/playwright/_impl/_connection.py):\nError: Browser.new_context: Connection closed while reading from the driver\n\nCode context:\n 523           parsed_st = _extract_stack_trace_information_from_stack(st, is_internal)\n 524           self._api_zone.set(parsed_st)\n 525           try:\n 526               return await cb()\n 527           except Exception as error:\n 528 →             raise rewrite_error(error, f"{parsed_st[\'apiName\']}: {error}") from None\n 529           finally:\n 530               self._api_zone.set(None)\n 531   \n 532       def wrap_api_call_sync(\n 533           self, cb: Callable[[], Any], is_internal: bool = False' session_id=None response_headers=None status_code=None ssl_certificate=None


Failed to crawl: https://www.bolton.ac.uk/news/games-why-online-gaming-is-a-great-way-to-stay-connected-and-busy-during-isolation
Result: url='https://www.bolton.ac.uk/news/games-why-online-gaming-is-a-great-way-to-stay-connected-and-busy-during-isolation' html='' success=False cleaned_html=None media={} links={} downloaded_files=None screenshot=None pdf=None markdown=None markdown_v2=None fit_markdown=None fit_html=None extracted_content=None metadata=None error_message='Unexpected error in _crawl_web at line 528 in wrap_api_call (../../.pyenv/versions/3.12.6/lib/python3.12/site-packages/playwright/_impl/_connection.py):\nError: Browser.new_context: Connection closed while reading from the driver\n\nCode context:\n 523           parsed_st = _extract_stack_trace_information_from_stack(st, is_internal)\n 524           self._api_zone.set(parsed_st)\n 525           try:\n 526               return await cb()\n 527           except Exception as error:\n 528 →             raise rewrite_error(error, f"{parsed_st[\'apiName\']}: {error}") from None\n 529           finally:\n 530               self._api_zone.set(None)\n 531   \n 532       def wrap_api_call_sync(\n 533           self, cb: Callable[[], Any], is_internal: bool = False' session_id=None response_headers=None status_code=None ssl_certificate=None


Failed to crawl: https://www.bolton.ac.uk/our-staff/dr-lynn-clark-wright
Result: url='https://www.bolton.ac.uk/our-staff/dr-lynn-clark-wright' html='' success=False cleaned_html=None media={} links={} downloaded_files=None screenshot=None pdf=None markdown=None markdown_v2=None fit_markdown=None fit_html=None extracted_content=None metadata=None error_message='Unexpected error in _crawl_web at line 528 in wrap_api_call (../../.pyenv/versions/3.12.6/lib/python3.12/site-packages/playwright/_impl/_connection.py):\nError: Browser.new_context: Connection closed while reading from the driver\n\nCode context:\n 523           parsed_st = _extract_stack_trace_information_from_stack(st, is_internal)\n 524           self._api_zone.set(parsed_st)\n 525           try:\n 526               return await cb()\n 527           except Exception as error:\n 528 →             raise rewrite_error(error, f"{parsed_st[\'apiName\']}: {error}") from None\n 529           finally:\n 530               self._api_zone.set(None)\n 531   \n 532       def wrap_api_call_sync(\n 533           self, cb: Callable[[], Any], is_internal: bool = False' session_id=None response_headers=None status_code=None ssl_certificate=None


Failed to crawl: https://www.bolton.ac.uk/our-staff/dr-mathew-shafaghi
Result: url='https://www.bolton.ac.uk/our-staff/dr-mathew-shafaghi' html='' success=False cleaned_html=None media={} links={} downloaded_files=None screenshot=None pdf=None markdown=None markdown_v2=None fit_markdown=None fit_html=None extracted_content=None metadata=None error_message='Unexpected error in _crawl_web at line 528 in wrap_api_call (../../.pyenv/versions/3.12.6/lib/python3.12/site-packages/playwright/_impl/_connection.py):\nError: Browser.new_context: Connection closed while reading from the driver\n\nCode context:\n 523           parsed_st = _extract_stack_trace_information_from_stack(st, is_internal)\n 524           self._api_zone.set(parsed_st)\n 525           try:\n 526               return await cb()\n 527           except Exception as error:\n 528 →             raise rewrite_error(error, f"{parsed_st[\'apiName\']}: {error}") from None\n 529           finally:\n 530               self._api_zone.set(None)\n 531   \n 532       def wrap_api_call_sync(\n 533           self, cb: Callable[[], Any], is_internal: bool = False' session_id=None response_headers=None status_code=None ssl_certificate=None


Failed to crawl: https://www.bolton.ac.uk/our-staff/dr-david-ratcliffe
Result: url='https://www.bolton.ac.uk/our-staff/dr-david-ratcliffe' html='' success=False cleaned_html=None media={} links={} downloaded_files=None screenshot=None pdf=None markdown=None markdown_v2=None fit_markdown=None fit_html=None extracted_content=None metadata=None error_message='Unexpected error in _crawl_web at line 528 in wrap_api_call (../../.pyenv/versions/3.12.6/lib/python3.12/site-packages/playwright/_impl/_connection.py):\nError: Browser.new_context: Connection closed while reading from the driver\n\nCode context:\n 523           parsed_st = _extract_stack_trace_information_from_stack(st, is_internal)\n 524           self._api_zone.set(parsed_st)\n 525           try:\n 526               return await cb()\n 527           except Exception as error:\n 528 →             raise rewrite_error(error, f"{parsed_st[\'apiName\']}: {error}") from None\n 529           finally:\n 530               self._api_zone.set(None)\n 531   \n 532       def wrap_api_call_sync(\n 533           self, cb: Callable[[], Any], is_internal: bool = False' session_id=None response_headers=None status_code=None ssl_certificate=None


Failed to crawl: https://www.bolton.ac.uk/our-staff/fozia-uddin
Result: url='https://www.bolton.ac.uk/our-staff/fozia-uddin' html='' success=False cleaned_html=None media={} links={} downloaded_files=None screenshot=None pdf=None markdown=None markdown_v2=None fit_markdown=None fit_html=None extracted_content=None metadata=None error_message='Unexpected error in _crawl_web at line 528 in wrap_api_call (../../.pyenv/versions/3.12.6/lib/python3.12/site-packages/playwright/_impl/_connection.py):\nError: Browser.new_context: Connection closed while reading from the driver\n\nCode context:\n 523           parsed_st = _extract_stack_trace_information_from_stack(st, is_internal)\n 524           self._api_zone.set(parsed_st)\n 525           try:\n 526               return await cb()\n 527           except Exception as error:\n 528 →             raise rewrite_error(error, f"{parsed_st[\'apiName\']}: {error}") from None\n 529           finally:\n 530               self._api_zone.set(None)\n 531   \n 532       def wrap_api_call_sync(\n 533           self, cb: Callable[[], Any], is_internal: bool = False' session_id=None response_headers=None status_code=None ssl_certificate=None


Failed to crawl: https://www.bolton.ac.uk/our-staff/dr-zahra-salimi
Result: url='https://www.bolton.ac.uk/our-staff/dr-zahra-salimi' html='' success=False cleaned_html=None media={} links={} downloaded_files=None screenshot=None pdf=None markdown=None markdown_v2=None fit_markdown=None fit_html=None extracted_content=None metadata=None error_message='Unexpected error in _crawl_web at line 528 in wrap_api_call (../../.pyenv/versions/3.12.6/lib/python3.12/site-packages/playwright/_impl/_connection.py):\nError: Browser.new_context: Connection closed while reading from the driver\n\nCode context:\n 523           parsed_st = _extract_stack_trace_information_from_stack(st, is_internal)\n 524           self._api_zone.set(parsed_st)\n 525           try:\n 526               return await cb()\n 527           except Exception as error:\n 528 →             raise rewrite_error(error, f"{parsed_st[\'apiName\']}: {error}") from None\n 529           finally:\n 530               self._api_zone.set(None)\n 531   \n 532       def wrap_api_call_sync(\n 533           self, cb: Callable[[], Any], is_internal: bool = False' session_id=None response_headers=None status_code=None ssl_certificate=None


Failed to crawl: https://www.bolton.ac.uk/our-staff/chris-grant
Result: url='https://www.bolton.ac.uk/our-staff/chris-grant' html='' success=False cleaned_html=None media={} links={} downloaded_files=None screenshot=None pdf=None markdown=None markdown_v2=None fit_markdown=None fit_html=None extracted_content=None metadata=None error_message='Unexpected error in _crawl_web at line 528 in wrap_api_call (../../.pyenv/versions/3.12.6/lib/python3.12/site-packages/playwright/_impl/_connection.py):\nError: Browser.new_context: Connection closed while reading from the driver\n\nCode context:\n 523           parsed_st = _extract_stack_trace_information_from_stack(st, is_internal)\n 524           self._api_zone.set(parsed_st)\n 525           try:\n 526               return await cb()\n 527           except Exception as error:\n 528 →             raise rewrite_error(error, f"{parsed_st[\'apiName\']}: {error}") from None\n 529           finally:\n 530               self._api_zone.set(None)\n 531   \n 532       def wrap_api_call_sync(\n 533           self, cb: Callable[[], Any], is_internal: bool = False' session_id=None response_headers=None status_code=None ssl_certificate=None


Failed to crawl: https://www.bolton.ac.uk/our-staff/claire-aindow
Result: url='https://www.bolton.ac.uk/our-staff/claire-aindow' html='' success=False cleaned_html=None media={} links={} downloaded_files=None screenshot=None pdf=None markdown=None markdown_v2=None fit_markdown=None fit_html=None extracted_content=None metadata=None error_message='Unexpected error in _crawl_web at line 528 in wrap_api_call (../../.pyenv/versions/3.12.6/lib/python3.12/site-packages/playwright/_impl/_connection.py):\nError: Browser.new_context: Connection closed while reading from the driver\n\nCode context:\n 523           parsed_st = _extract_stack_trace_information_from_stack(st, is_internal)\n 524           self._api_zone.set(parsed_st)\n 525           try:\n 526               return await cb()\n 527           except Exception as error:\n 528 →             raise rewrite_error(error, f"{parsed_st[\'apiName\']}: {error}") from None\n 529           finally:\n 530               self._api_zone.set(None)\n 531   \n 532       def wrap_api_call_sync(\n 533           self, cb: Callable[[], Any], is_internal: bool = False' session_id=None response_headers=None status_code=None ssl_certificate=None


Failed to crawl: https://www.bolton.ac.uk/our-staff/dr-easton-simenti-phiri
Result: url='https://www.bolton.ac.uk/our-staff/dr-easton-simenti-phiri' html='' success=False cleaned_html=None media={} links={} downloaded_files=None screenshot=None pdf=None markdown=None markdown_v2=None fit_markdown=None fit_html=None extracted_content=None metadata=None error_message='Unexpected error in _crawl_web at line 528 in wrap_api_call (../../.pyenv/versions/3.12.6/lib/python3.12/site-packages/playwright/_impl/_connection.py):\nError: Browser.new_context: Connection closed while reading from the driver\n\nCode context:\n 523           parsed_st = _extract_stack_trace_information_from_stack(st, is_internal)\n 524           self._api_zone.set(parsed_st)\n 525           try:\n 526               return await cb()\n 527           except Exception as error:\n 528 →             raise rewrite_error(error, f"{parsed_st[\'apiName\']}: {error}") from None\n 529           finally:\n 530               self._api_zone.set(None)\n 531   \n 532       def wrap_api_call_sync(\n 533           self, cb: Callable[[], Any], is_internal: bool = False' session_id=None response_headers=None status_code=None ssl_certificate=None


Failed to crawl: https://www.bolton.ac.uk/our-staff/yusuf-giga
Result: url='https://www.bolton.ac.uk/our-staff/yusuf-giga' html='' success=False cleaned_html=None media={} links={} downloaded_files=None screenshot=None pdf=None markdown=None markdown_v2=None fit_markdown=None fit_html=None extracted_content=None metadata=None error_message='Unexpected error in _crawl_web at line 528 in wrap_api_call (../../.pyenv/versions/3.12.6/lib/python3.12/site-packages/playwright/_impl/_connection.py):\nError: Browser.new_context: Connection closed while reading from the driver\n\nCode context:\n 523           parsed_st = _extract_stack_trace_information_from_stack(st, is_internal)\n 524           self._api_zone.set(parsed_st)\n 525           try:\n 526               return await cb()\n 527           except Exception as error:\n 528 →             raise rewrite_error(error, f"{parsed_st[\'apiName\']}: {error}") from None\n 529           finally:\n 530               self._api_zone.set(None)\n 531   \n 532       def wrap_api_call_sync(\n 533           self, cb: Callable[[], Any], is_internal: bool = False' session_id=None response_headers=None status_code=None ssl_certificate=None


Failed to crawl: https://www.bolton.ac.uk/our-staff/dr-julian-coleman
Result: url='https://www.bolton.ac.uk/our-staff/dr-julian-coleman' html='' success=False cleaned_html=None media={} links={} downloaded_files=None screenshot=None pdf=None markdown=None markdown_v2=None fit_markdown=None fit_html=None extracted_content=None metadata=None error_message='Unexpected error in _crawl_web at line 528 in wrap_api_call (../../.pyenv/versions/3.12.6/lib/python3.12/site-packages/playwright/_impl/_connection.py):\nError: Browser.new_context: Connection closed while reading from the driver\n\nCode context:\n 523           parsed_st = _extract_stack_trace_information_from_stack(st, is_internal)\n 524           self._api_zone.set(parsed_st)\n 525           try:\n 526               return await cb()\n 527           except Exception as error:\n 528 →             raise rewrite_error(error, f"{parsed_st[\'apiName\']}: {error}") from None\n 529           finally:\n 530               self._api_zone.set(None)\n 531   \n 532       def wrap_api_call_sync(\n 533           self, cb: Callable[[], Any], is_internal: bool = False' session_id=None response_headers=None status_code=None ssl_certificate=None


Failed to crawl: https://www.bolton.ac.uk/our-staff/professor-danny-morton
Result: url='https://www.bolton.ac.uk/our-staff/professor-danny-morton' html='' success=False cleaned_html=None media={} links={} downloaded_files=None screenshot=None pdf=None markdown=None markdown_v2=None fit_markdown=None fit_html=None extracted_content=None metadata=None error_message='Unexpected error in _crawl_web at line 528 in wrap_api_call (../../.pyenv/versions/3.12.6/lib/python3.12/site-packages/playwright/_impl/_connection.py):\nError: Browser.new_context: Connection closed while reading from the driver\n\nCode context:\n 523           parsed_st = _extract_stack_trace_information_from_stack(st, is_internal)\n 524           self._api_zone.set(parsed_st)\n 525           try:\n 526               return await cb()\n 527           except Exception as error:\n 528 →             raise rewrite_error(error, f"{parsed_st[\'apiName\']}: {error}") from None\n 529           finally:\n 530               self._api_zone.set(None)\n 531   \n 532       def wrap_api_call_sync(\n 533           self, cb: Callable[[], Any], is_internal: bool = False' session_id=None response_headers=None status_code=None ssl_certificate=None


Failed to crawl: https://www.bolton.ac.uk/join-us/download-a-brochure/prospectus-2024-25-enquiry-form
Result: url='https://www.bolton.ac.uk/join-us/download-a-brochure/prospectus-2024-25-enquiry-form' html='' success=False cleaned_html=None media={} links={} downloaded_files=None screenshot=None pdf=None markdown=None markdown_v2=None fit_markdown=None fit_html=None extracted_content=None metadata=None error_message='Unexpected error in _crawl_web at line 528 in wrap_api_call (../../.pyenv/versions/3.12.6/lib/python3.12/site-packages/playwright/_impl/_connection.py):\nError: Browser.new_context: Connection closed while reading from the driver\n\nCode context:\n 523           parsed_st = _extract_stack_trace_information_from_stack(st, is_internal)\n 524           self._api_zone.set(parsed_st)\n 525           try:\n 526               return await cb()\n 527           except Exception as error:\n 528 →             raise rewrite_error(error, f"{parsed_st[\'apiName\']}: {error}") from None\n 529           finally:\n 530               self._api_zone.set(None)\n 531   \n 532       def wrap_api_call_sync(\n 533           self, cb: Callable[[], Any], is_internal: bool = False' session_id=None response_headers=None status_code=None ssl_certificate=None


Failed to crawl: https://www.bolton.ac.uk/join-us/download-a-brochure/prospectus-2023-24-enquiry-form
Result: url='https://www.bolton.ac.uk/join-us/download-a-brochure/prospectus-2023-24-enquiry-form' html='' success=False cleaned_html=None media={} links={} downloaded_files=None screenshot=None pdf=None markdown=None markdown_v2=None fit_markdown=None fit_html=None extracted_content=None metadata=None error_message='Unexpected error in _crawl_web at line 528 in wrap_api_call (../../.pyenv/versions/3.12.6/lib/python3.12/site-packages/playwright/_impl/_connection.py):\nError: Browser.new_context: Connection closed while reading from the driver\n\nCode context:\n 523           parsed_st = _extract_stack_trace_information_from_stack(st, is_internal)\n 524           self._api_zone.set(parsed_st)\n 525           try:\n 526               return await cb()\n 527           except Exception as error:\n 528 →             raise rewrite_error(error, f"{parsed_st[\'apiName\']}: {error}") from None\n 529           finally:\n 530               self._api_zone.set(None)\n 531   \n 532       def wrap_api_call_sync(\n 533           self, cb: Callable[[], Any], is_internal: bool = False' session_id=None response_headers=None status_code=None ssl_certificate=None


Failed to crawl: https://www.bolton.ac.uk/join-us/download-a-brochure/postgraduate-guide-2023-24
Result: url='https://www.bolton.ac.uk/join-us/download-a-brochure/postgraduate-guide-2023-24' html='' success=False cleaned_html=None media={} links={} downloaded_files=None screenshot=None pdf=None markdown=None markdown_v2=None fit_markdown=None fit_html=None extracted_content=None metadata=None error_message='Unexpected error in _crawl_web at line 528 in wrap_api_call (../../.pyenv/versions/3.12.6/lib/python3.12/site-packages/playwright/_impl/_connection.py):\nError: Browser.new_context: Connection closed while reading from the driver\n\nCode context:\n 523           parsed_st = _extract_stack_trace_information_from_stack(st, is_internal)\n 524           self._api_zone.set(parsed_st)\n 525           try:\n 526               return await cb()\n 527           except Exception as error:\n 528 →             raise rewrite_error(error, f"{parsed_st[\'apiName\']}: {error}") from None\n 529           finally:\n 530               self._api_zone.set(None)\n 531   \n 532       def wrap_api_call_sync(\n 533           self, cb: Callable[[], Any], is_internal: bool = False' session_id=None response_headers=None status_code=None ssl_certificate=None


Failed to crawl: https://www.bolton.ac.uk/student-life/student-support/services-for-disabled-students
Result: url='https://www.bolton.ac.uk/student-life/student-support/services-for-disabled-students' html='' success=False cleaned_html=None media={} links={} downloaded_files=None screenshot=None pdf=None markdown=None markdown_v2=None fit_markdown=None fit_html=None extracted_content=None metadata=None error_message='Unexpected error in _crawl_web at line 528 in wrap_api_call (../../.pyenv/versions/3.12.6/lib/python3.12/site-packages/playwright/_impl/_connection.py):\nError: Browser.new_context: Connection closed while reading from the driver\n\nCode context:\n 523           parsed_st = _extract_stack_trace_information_from_stack(st, is_internal)\n 524           self._api_zone.set(parsed_st)\n 525           try:\n 526               return await cb()\n 527           except Exception as error:\n 528 →             raise rewrite_error(error, f"{parsed_st[\'apiName\']}: {error}") from None\n 529           finally:\n 530               self._api_zone.set(None)\n 531   \n 532       def wrap_api_call_sync(\n 533           self, cb: Callable[[], Any], is_internal: bool = False' session_id=None response_headers=None status_code=None ssl_certificate=None


Failed to crawl: https://www.bolton.ac.uk/student-life/fees-and-funding/government-funding-full-time-students
Result: url='https://www.bolton.ac.uk/student-life/fees-and-funding/government-funding-full-time-students' html='' success=False cleaned_html=None media={} links={} downloaded_files=None screenshot=None pdf=None markdown=None markdown_v2=None fit_markdown=None fit_html=None extracted_content=None metadata=None error_message='Unexpected error in _crawl_web at line 528 in wrap_api_call (../../.pyenv/versions/3.12.6/lib/python3.12/site-packages/playwright/_impl/_connection.py):\nError: Browser.new_context: Connection closed while reading from the driver\n\nCode context:\n 523           parsed_st = _extract_stack_trace_information_from_stack(st, is_internal)\n 524           self._api_zone.set(parsed_st)\n 525           try:\n 526               return await cb()\n 527           except Exception as error:\n 528 →             raise rewrite_error(error, f"{parsed_st[\'apiName\']}: {error}") from None\n 529           finally:\n 530               self._api_zone.set(None)\n 531   \n 532       def wrap_api_call_sync(\n 533           self, cb: Callable[[], Any], is_internal: bool = False' session_id=None response_headers=None status_code=None ssl_certificate=None


Failed to crawl: https://www.bolton.ac.uk/student-life/fees-and-funding/government-funding-part-time-students
Result: url='https://www.bolton.ac.uk/student-life/fees-and-funding/government-funding-part-time-students' html='' success=False cleaned_html=None media={} links={} downloaded_files=None screenshot=None pdf=None markdown=None markdown_v2=None fit_markdown=None fit_html=None extracted_content=None metadata=None error_message='Unexpected error in _crawl_web at line 528 in wrap_api_call (../../.pyenv/versions/3.12.6/lib/python3.12/site-packages/playwright/_impl/_connection.py):\nError: Browser.new_context: Connection closed while reading from the driver\n\nCode context:\n 523           parsed_st = _extract_stack_trace_information_from_stack(st, is_internal)\n 524           self._api_zone.set(parsed_st)\n 525           try:\n 526               return await cb()\n 527           except Exception as error:\n 528 →             raise rewrite_error(error, f"{parsed_st[\'apiName\']}: {error}") from None\n 529           finally:\n 530               self._api_zone.set(None)\n 531   \n 532       def wrap_api_call_sync(\n 533           self, cb: Callable[[], Any], is_internal: bool = False' session_id=None response_headers=None status_code=None ssl_certificate=None


Failed to crawl: https://www.bolton.ac.uk/assets/Further_education_FE_initial_teacher_education_ITE_bursaries_funding_manual.pdf
Result: url='https://www.bolton.ac.uk/assets/Further_education_FE_initial_teacher_education_ITE_bursaries_funding_manual.pdf' html='' success=False cleaned_html=None media={} links={} downloaded_files=None screenshot=None pdf=None markdown=None markdown_v2=None fit_markdown=None fit_html=None extracted_content=None metadata=None error_message='Unexpected error in _crawl_web at line 528 in wrap_api_call (../../.pyenv/versions/3.12.6/lib/python3.12/site-packages/playwright/_impl/_connection.py):\nError: Browser.new_context: Connection closed while reading from the driver\n\nCode context:\n 523           parsed_st = _extract_stack_trace_information_from_stack(st, is_internal)\n 524           self._api_zone.set(parsed_st)\n 525           try:\n 526               return await cb()\n 527           except Exception as error:\n 528 →             raise rewrite_error(error, f"{parsed_st[\'apiName\']}: {error}") from None\n 529           finally:\n 530               self._api_zone.set(None)\n 531   \n 532       def wrap_api_call_sync(\n 533           self, cb: Callable[[], Any], is_internal: bool = False' session_id=None response_headers=None status_code=None ssl_certificate=None


Failed to crawl: https://www.bolton.ac.uk/student-life/accommodation/private-accommodation
Result: url='https://www.bolton.ac.uk/student-life/accommodation/private-accommodation' html='' success=False cleaned_html=None media={} links={} downloaded_files=None screenshot=None pdf=None markdown=None markdown_v2=None fit_markdown=None fit_html=None extracted_content=None metadata=None error_message='Unexpected error in _crawl_web at line 528 in wrap_api_call (../../.pyenv/versions/3.12.6/lib/python3.12/site-packages/playwright/_impl/_connection.py):\nError: Browser.new_context: Connection closed while reading from the driver\n\nCode context:\n 523           parsed_st = _extract_stack_trace_information_from_stack(st, is_internal)\n 524           self._api_zone.set(parsed_st)\n 525           try:\n 526               return await cb()\n 527           except Exception as error:\n 528 →             raise rewrite_error(error, f"{parsed_st[\'apiName\']}: {error}") from None\n 529           finally:\n 530               self._api_zone.set(None)\n 531   \n 532       def wrap_api_call_sync(\n 533           self, cb: Callable[[], Any], is_internal: bool = False' session_id=None response_headers=None status_code=None ssl_certificate=None


Failed to crawl: https://www.bolton.ac.uk/student-life/sport-and-wellness/sports-centre-activity-bookings
Result: url='https://www.bolton.ac.uk/student-life/sport-and-wellness/sports-centre-activity-bookings' html='' success=False cleaned_html=None media={} links={} downloaded_files=None screenshot=None pdf=None markdown=None markdown_v2=None fit_markdown=None fit_html=None extracted_content=None metadata=None error_message='Unexpected error in _crawl_web at line 528 in wrap_api_call (../../.pyenv/versions/3.12.6/lib/python3.12/site-packages/playwright/_impl/_connection.py):\nError: Browser.new_context: Connection closed while reading from the driver\n\nCode context:\n 523           parsed_st = _extract_stack_trace_information_from_stack(st, is_internal)\n 524           self._api_zone.set(parsed_st)\n 525           try:\n 526               return await cb()\n 527           except Exception as error:\n 528 →             raise rewrite_error(error, f"{parsed_st[\'apiName\']}: {error}") from None\n 529           finally:\n 530               self._api_zone.set(None)\n 531   \n 532       def wrap_api_call_sync(\n 533           self, cb: Callable[[], Any], is_internal: bool = False' session_id=None response_headers=None status_code=None ssl_certificate=None


Failed to crawl: https://www.bolton.ac.uk/student-life/sport-and-wellness/suggest-an-activity-start-a-club
Result: url='https://www.bolton.ac.uk/student-life/sport-and-wellness/suggest-an-activity-start-a-club' html='' success=False cleaned_html=None media={} links={} downloaded_files=None screenshot=None pdf=None markdown=None markdown_v2=None fit_markdown=None fit_html=None extracted_content=None metadata=None error_message='Unexpected error in _crawl_web at line 528 in wrap_api_call (../../.pyenv/versions/3.12.6/lib/python3.12/site-packages/playwright/_impl/_connection.py):\nError: Browser.new_context: Connection closed while reading from the driver\n\nCode context:\n 523           parsed_st = _extract_stack_trace_information_from_stack(st, is_internal)\n 524           self._api_zone.set(parsed_st)\n 525           try:\n 526               return await cb()\n 527           except Exception as error:\n 528 →             raise rewrite_error(error, f"{parsed_st[\'apiName\']}: {error}") from None\n 529           finally:\n 530               self._api_zone.set(None)\n 531   \n 532       def wrap_api_call_sync(\n 533           self, cb: Callable[[], Any], is_internal: bool = False' session_id=None response_headers=None status_code=None ssl_certificate=None


Failed to crawl: https://www.bolton.ac.uk/student-life/sport-and-wellness/local-sporting-attractions
Result: url='https://www.bolton.ac.uk/student-life/sport-and-wellness/local-sporting-attractions' html='' success=False cleaned_html=None media={} links={} downloaded_files=None screenshot=None pdf=None markdown=None markdown_v2=None fit_markdown=None fit_html=None extracted_content=None metadata=None error_message='Unexpected error in _crawl_web at line 528 in wrap_api_call (../../.pyenv/versions/3.12.6/lib/python3.12/site-packages/playwright/_impl/_connection.py):\nError: Browser.new_context: Connection closed while reading from the driver\n\nCode context:\n 523           parsed_st = _extract_stack_trace_information_from_stack(st, is_internal)\n 524           self._api_zone.set(parsed_st)\n 525           try:\n 526               return await cb()\n 527           except Exception as error:\n 528 →             raise rewrite_error(error, f"{parsed_st[\'apiName\']}: {error}") from None\n 529           finally:\n 530               self._api_zone.set(None)\n 531   \n 532       def wrap_api_call_sync(\n 533           self, cb: Callable[[], Any], is_internal: bool = False' session_id=None response_headers=None status_code=None ssl_certificate=None


Failed to crawl: https://www.bolton.ac.uk/student-life/sport-and-wellness/sportactivity-initiatives
Result: url='https://www.bolton.ac.uk/student-life/sport-and-wellness/sportactivity-initiatives' html='' success=False cleaned_html=None media={} links={} downloaded_files=None screenshot=None pdf=None markdown=None markdown_v2=None fit_markdown=None fit_html=None extracted_content=None metadata=None error_message='Unexpected error in _crawl_web at line 528 in wrap_api_call (../../.pyenv/versions/3.12.6/lib/python3.12/site-packages/playwright/_impl/_connection.py):\nError: Browser.new_context: Connection closed while reading from the driver\n\nCode context:\n 523           parsed_st = _extract_stack_trace_information_from_stack(st, is_internal)\n 524           self._api_zone.set(parsed_st)\n 525           try:\n 526               return await cb()\n 527           except Exception as error:\n 528 →             raise rewrite_error(error, f"{parsed_st[\'apiName\']}: {error}") from None\n 529           finally:\n 530               self._api_zone.set(None)\n 531   \n 532       def wrap_api_call_sync(\n 533           self, cb: Callable[[], Any], is_internal: bool = False' session_id=None response_headers=None status_code=None ssl_certificate=None


Failed to crawl: https://www.bolton.ac.uk/student-life/sport-and-wellness/sports-centre-resources
Result: url='https://www.bolton.ac.uk/student-life/sport-and-wellness/sports-centre-resources' html='' success=False cleaned_html=None media={} links={} downloaded_files=None screenshot=None pdf=None markdown=None markdown_v2=None fit_markdown=None fit_html=None extracted_content=None metadata=None error_message='Unexpected error in _crawl_web at line 528 in wrap_api_call (../../.pyenv/versions/3.12.6/lib/python3.12/site-packages/playwright/_impl/_connection.py):\nError: Browser.new_context: Connection closed while reading from the driver\n\nCode context:\n 523           parsed_st = _extract_stack_trace_information_from_stack(st, is_internal)\n 524           self._api_zone.set(parsed_st)\n 525           try:\n 526               return await cb()\n 527           except Exception as error:\n 528 →             raise rewrite_error(error, f"{parsed_st[\'apiName\']}: {error}") from None\n 529           finally:\n 530               self._api_zone.set(None)\n 531   \n 532       def wrap_api_call_sync(\n 533           self, cb: Callable[[], Any], is_internal: bool = False' session_id=None response_headers=None status_code=None ssl_certificate=None


Failed to crawl: https://www.bolton.ac.uk/student-life/sport-and-wellness/meet-the-team
Result: url='https://www.bolton.ac.uk/student-life/sport-and-wellness/meet-the-team' html='' success=False cleaned_html=None media={} links={} downloaded_files=None screenshot=None pdf=None markdown=None markdown_v2=None fit_markdown=None fit_html=None extracted_content=None metadata=None error_message='Unexpected error in _crawl_web at line 528 in wrap_api_call (../../.pyenv/versions/3.12.6/lib/python3.12/site-packages/playwright/_impl/_connection.py):\nError: Browser.new_context: Connection closed while reading from the driver\n\nCode context:\n 523           parsed_st = _extract_stack_trace_information_from_stack(st, is_internal)\n 524           self._api_zone.set(parsed_st)\n 525           try:\n 526               return await cb()\n 527           except Exception as error:\n 528 →             raise rewrite_error(error, f"{parsed_st[\'apiName\']}: {error}") from None\n 529           finally:\n 530               self._api_zone.set(None)\n 531   \n 532       def wrap_api_call_sync(\n 533           self, cb: Callable[[], Any], is_internal: bool = False' session_id=None response_headers=None status_code=None ssl_certificate=None


Failed to crawl: https://www.bolton.ac.uk/explore-our-schools/national-centre-for-motorsport-engineering
Result: url='https://www.bolton.ac.uk/explore-our-schools/national-centre-for-motorsport-engineering' html='' success=False cleaned_html=None media={} links={} downloaded_files=None screenshot=None pdf=None markdown=None markdown_v2=None fit_markdown=None fit_html=None extracted_content=None metadata=None error_message='Unexpected error in _crawl_web at line 528 in wrap_api_call (../../.pyenv/versions/3.12.6/lib/python3.12/site-packages/playwright/_impl/_connection.py):\nError: Browser.new_context: Connection closed while reading from the driver\n\nCode context:\n 523           parsed_st = _extract_stack_trace_information_from_stack(st, is_internal)\n 524           self._api_zone.set(parsed_st)\n 525           try:\n 526               return await cb()\n 527           except Exception as error:\n 528 →             raise rewrite_error(error, f"{parsed_st[\'apiName\']}: {error}") from None\n 529           finally:\n 530               self._api_zone.set(None)\n 531   \n 532       def wrap_api_call_sync(\n 533           self, cb: Callable[[], Any], is_internal: bool = False' session_id=None response_headers=None status_code=None ssl_certificate=None


Failed to crawl: https://www.bolton.ac.uk/explore-our-schools/greater-manchester-business-school
Result: url='https://www.bolton.ac.uk/explore-our-schools/greater-manchester-business-school' html='' success=False cleaned_html=None media={} links={} downloaded_files=None screenshot=None pdf=None markdown=None markdown_v2=None fit_markdown=None fit_html=None extracted_content=None metadata=None error_message='Unexpected error in _crawl_web at line 528 in wrap_api_call (../../.pyenv/versions/3.12.6/lib/python3.12/site-packages/playwright/_impl/_connection.py):\nError: Browser.new_context: Connection closed while reading from the driver\n\nCode context:\n 523           parsed_st = _extract_stack_trace_information_from_stack(st, is_internal)\n 524           self._api_zone.set(parsed_st)\n 525           try:\n 526               return await cb()\n 527           except Exception as error:\n 528 →             raise rewrite_error(error, f"{parsed_st[\'apiName\']}: {error}") from None\n 529           finally:\n 530               self._api_zone.set(None)\n 531   \n 532       def wrap_api_call_sync(\n 533           self, cb: Callable[[], Any], is_internal: bool = False' session_id=None response_headers=None status_code=None ssl_certificate=None


Failed to crawl: https://www.bolton.ac.uk/explore-our-schools/bolton-school-of-the-arts
Result: url='https://www.bolton.ac.uk/explore-our-schools/bolton-school-of-the-arts' html='' success=False cleaned_html=None media={} links={} downloaded_files=None screenshot=None pdf=None markdown=None markdown_v2=None fit_markdown=None fit_html=None extracted_content=None metadata=None error_message='Unexpected error in _crawl_web at line 528 in wrap_api_call (../../.pyenv/versions/3.12.6/lib/python3.12/site-packages/playwright/_impl/_connection.py):\nError: Browser.new_context: Connection closed while reading from the driver\n\nCode context:\n 523           parsed_st = _extract_stack_trace_information_from_stack(st, is_internal)\n 524           self._api_zone.set(parsed_st)\n 525           try:\n 526               return await cb()\n 527           except Exception as error:\n 528 →             raise rewrite_error(error, f"{parsed_st[\'apiName\']}: {error}") from None\n 529           finally:\n 530               self._api_zone.set(None)\n 531   \n 532       def wrap_api_call_sync(\n 533           self, cb: Callable[[], Any], is_internal: bool = False' session_id=None response_headers=None status_code=None ssl_certificate=None


Failed to crawl: https://www.bolton.ac.uk/explore-our-schools/faculty-of-health-and-wellbeing
Result: url='https://www.bolton.ac.uk/explore-our-schools/faculty-of-health-and-wellbeing' html='' success=False cleaned_html=None media={} links={} downloaded_files=None screenshot=None pdf=None markdown=None markdown_v2=None fit_markdown=None fit_html=None extracted_content=None metadata=None error_message='Unexpected error in _crawl_web at line 528 in wrap_api_call (../../.pyenv/versions/3.12.6/lib/python3.12/site-packages/playwright/_impl/_connection.py):\nError: Browser.new_context: Connection closed while reading from the driver\n\nCode context:\n 523           parsed_st = _extract_stack_trace_information_from_stack(st, is_internal)\n 524           self._api_zone.set(parsed_st)\n 525           try:\n 526               return await cb()\n 527           except Exception as error:\n 528 →             raise rewrite_error(error, f"{parsed_st[\'apiName\']}: {error}") from None\n 529           finally:\n 530               self._api_zone.set(None)\n 531   \n 532       def wrap_api_call_sync(\n 533           self, cb: Callable[[], Any], is_internal: bool = False' session_id=None response_headers=None status_code=None ssl_certificate=None


Failed to crawl: https://www.bolton.ac.uk/explore-our-schools/school-of-creative-technologies
Result: url='https://www.bolton.ac.uk/explore-our-schools/school-of-creative-technologies' html='' success=False cleaned_html=None media={} links={} downloaded_files=None screenshot=None pdf=None markdown=None markdown_v2=None fit_markdown=None fit_html=None extracted_content=None metadata=None error_message='Unexpected error in _crawl_web at line 528 in wrap_api_call (../../.pyenv/versions/3.12.6/lib/python3.12/site-packages/playwright/_impl/_connection.py):\nError: Browser.new_context: Connection closed while reading from the driver\n\nCode context:\n 523           parsed_st = _extract_stack_trace_information_from_stack(st, is_internal)\n 524           self._api_zone.set(parsed_st)\n 525           try:\n 526               return await cb()\n 527           except Exception as error:\n 528 →             raise rewrite_error(error, f"{parsed_st[\'apiName\']}: {error}") from None\n 529           finally:\n 530               self._api_zone.set(None)\n 531   \n 532       def wrap_api_call_sync(\n 533           self, cb: Callable[[], Any], is_internal: bool = False' session_id=None response_headers=None status_code=None ssl_certificate=None


Failed to crawl: https://www.bolton.ac.uk/explore-our-schools/school-of-education-and-psychology
Result: url='https://www.bolton.ac.uk/explore-our-schools/school-of-education-and-psychology' html='' success=False cleaned_html=None media={} links={} downloaded_files=None screenshot=None pdf=None markdown=None markdown_v2=None fit_markdown=None fit_html=None extracted_content=None metadata=None error_message='Unexpected error in _crawl_web at line 528 in wrap_api_call (../../.pyenv/versions/3.12.6/lib/python3.12/site-packages/playwright/_impl/_connection.py):\nError: Browser.new_context: Connection closed while reading from the driver\n\nCode context:\n 523           parsed_st = _extract_stack_trace_information_from_stack(st, is_internal)\n 524           self._api_zone.set(parsed_st)\n 525           try:\n 526               return await cb()\n 527           except Exception as error:\n 528 →             raise rewrite_error(error, f"{parsed_st[\'apiName\']}: {error}") from None\n 529           finally:\n 530               self._api_zone.set(None)\n 531   \n 532       def wrap_api_call_sync(\n 533           self, cb: Callable[[], Any], is_internal: bool = False' session_id=None response_headers=None status_code=None ssl_certificate=None


Failed to crawl: https://www.bolton.ac.uk/explore-our-schools/school-of-engineering
Result: url='https://www.bolton.ac.uk/explore-our-schools/school-of-engineering' html='' success=False cleaned_html=None media={} links={} downloaded_files=None screenshot=None pdf=None markdown=None markdown_v2=None fit_markdown=None fit_html=None extracted_content=None metadata=None error_message='Unexpected error in _crawl_web at line 528 in wrap_api_call (../../.pyenv/versions/3.12.6/lib/python3.12/site-packages/playwright/_impl/_connection.py):\nError: Browser.new_context: Connection closed while reading from the driver\n\nCode context:\n 523           parsed_st = _extract_stack_trace_information_from_stack(st, is_internal)\n 524           self._api_zone.set(parsed_st)\n 525           try:\n 526               return await cb()\n 527           except Exception as error:\n 528 →             raise rewrite_error(error, f"{parsed_st[\'apiName\']}: {error}") from None\n 529           finally:\n 530               self._api_zone.set(None)\n 531   \n 532       def wrap_api_call_sync(\n 533           self, cb: Callable[[], Any], is_internal: bool = False' session_id=None response_headers=None status_code=None ssl_certificate=None


Failed to crawl: https://www.bolton.ac.uk/explore-our-schools/school-of-law
Result: url='https://www.bolton.ac.uk/explore-our-schools/school-of-law' html='' success=False cleaned_html=None media={} links={} downloaded_files=None screenshot=None pdf=None markdown=None markdown_v2=None fit_markdown=None fit_html=None extracted_content=None metadata=None error_message='Unexpected error in _crawl_web at line 528 in wrap_api_call (../../.pyenv/versions/3.12.6/lib/python3.12/site-packages/playwright/_impl/_connection.py):\nError: Browser.new_context: Connection closed while reading from the driver\n\nCode context:\n 523           parsed_st = _extract_stack_trace_information_from_stack(st, is_internal)\n 524           self._api_zone.set(parsed_st)\n 525           try:\n 526               return await cb()\n 527           except Exception as error:\n 528 →             raise rewrite_error(error, f"{parsed_st[\'apiName\']}: {error}") from None\n 529           finally:\n 530               self._api_zone.set(None)\n 531   \n 532       def wrap_api_call_sync(\n 533           self, cb: Callable[[], Any], is_internal: bool = False' session_id=None response_headers=None status_code=None ssl_certificate=None


Failed to crawl: https://www.bolton.ac.uk/student-life/life-at-bolton/the-bolton-experience
Result: url='https://www.bolton.ac.uk/student-life/life-at-bolton/the-bolton-experience' html='' success=False cleaned_html=None media={} links={} downloaded_files=None screenshot=None pdf=None markdown=None markdown_v2=None fit_markdown=None fit_html=None extracted_content=None metadata=None error_message='Unexpected error in _crawl_web at line 528 in wrap_api_call (../../.pyenv/versions/3.12.6/lib/python3.12/site-packages/playwright/_impl/_connection.py):\nError: Browser.new_context: Connection closed while reading from the driver\n\nCode context:\n 523           parsed_st = _extract_stack_trace_information_from_stack(st, is_internal)\n 524           self._api_zone.set(parsed_st)\n 525           try:\n 526               return await cb()\n 527           except Exception as error:\n 528 →             raise rewrite_error(error, f"{parsed_st[\'apiName\']}: {error}") from None\n 529           finally:\n 530               self._api_zone.set(None)\n 531   \n 532       def wrap_api_call_sync(\n 533           self, cb: Callable[[], Any], is_internal: bool = False' session_id=None response_headers=None status_code=None ssl_certificate=None


Failed to crawl: https://www.bolton.ac.uk/student-life/careers-and-employability/students
Result: url='https://www.bolton.ac.uk/student-life/careers-and-employability/students' html='' success=False cleaned_html=None media={} links={} downloaded_files=None screenshot=None pdf=None markdown=None markdown_v2=None fit_markdown=None fit_html=None extracted_content=None metadata=None error_message='Unexpected error in _crawl_web at line 528 in wrap_api_call (../../.pyenv/versions/3.12.6/lib/python3.12/site-packages/playwright/_impl/_connection.py):\nError: Browser.new_context: Connection closed while reading from the driver\n\nCode context:\n 523           parsed_st = _extract_stack_trace_information_from_stack(st, is_internal)\n 524           self._api_zone.set(parsed_st)\n 525           try:\n 526               return await cb()\n 527           except Exception as error:\n 528 →             raise rewrite_error(error, f"{parsed_st[\'apiName\']}: {error}") from None\n 529           finally:\n 530               self._api_zone.set(None)\n 531   \n 532       def wrap_api_call_sync(\n 533           self, cb: Callable[[], Any], is_internal: bool = False' session_id=None response_headers=None status_code=None ssl_certificate=None


Failed to crawl: https://www.bolton.ac.uk/student-life/careers-and-employability/graduates
Result: url='https://www.bolton.ac.uk/student-life/careers-and-employability/graduates' html='' success=False cleaned_html=None media={} links={} downloaded_files=None screenshot=None pdf=None markdown=None markdown_v2=None fit_markdown=None fit_html=None extracted_content=None metadata=None error_message='Unexpected error in _crawl_web at line 528 in wrap_api_call (../../.pyenv/versions/3.12.6/lib/python3.12/site-packages/playwright/_impl/_connection.py):\nError: Browser.new_context: Connection closed while reading from the driver\n\nCode context:\n 523           parsed_st = _extract_stack_trace_information_from_stack(st, is_internal)\n 524           self._api_zone.set(parsed_st)\n 525           try:\n 526               return await cb()\n 527           except Exception as error:\n 528 →             raise rewrite_error(error, f"{parsed_st[\'apiName\']}: {error}") from None\n 529           finally:\n 530               self._api_zone.set(None)\n 531   \n 532       def wrap_api_call_sync(\n 533           self, cb: Callable[[], Any], is_internal: bool = False' session_id=None response_headers=None status_code=None ssl_certificate=None


Failed to crawl: https://www.bolton.ac.uk/student-life/careers-and-employability/employers
Result: url='https://www.bolton.ac.uk/student-life/careers-and-employability/employers' html='' success=False cleaned_html=None media={} links={} downloaded_files=None screenshot=None pdf=None markdown=None markdown_v2=None fit_markdown=None fit_html=None extracted_content=None metadata=None error_message='Unexpected error in _crawl_web at line 528 in wrap_api_call (../../.pyenv/versions/3.12.6/lib/python3.12/site-packages/playwright/_impl/_connection.py):\nError: Browser.new_context: Connection closed while reading from the driver\n\nCode context:\n 523           parsed_st = _extract_stack_trace_information_from_stack(st, is_internal)\n 524           self._api_zone.set(parsed_st)\n 525           try:\n 526               return await cb()\n 527           except Exception as error:\n 528 →             raise rewrite_error(error, f"{parsed_st[\'apiName\']}: {error}") from None\n 529           finally:\n 530               self._api_zone.set(None)\n 531   \n 532       def wrap_api_call_sync(\n 533           self, cb: Callable[[], Any], is_internal: bool = False' session_id=None response_headers=None status_code=None ssl_certificate=None


Failed to crawl: https://www.bolton.ac.uk/student-life/careers-and-employability/bolton-award
Result: url='https://www.bolton.ac.uk/student-life/careers-and-employability/bolton-award' html='' success=False cleaned_html=None media={} links={} downloaded_files=None screenshot=None pdf=None markdown=None markdown_v2=None fit_markdown=None fit_html=None extracted_content=None metadata=None error_message='Unexpected error in _crawl_web at line 528 in wrap_api_call (../../.pyenv/versions/3.12.6/lib/python3.12/site-packages/playwright/_impl/_connection.py):\nError: Browser.new_context: Connection closed while reading from the driver\n\nCode context:\n 523           parsed_st = _extract_stack_trace_information_from_stack(st, is_internal)\n 524           self._api_zone.set(parsed_st)\n 525           try:\n 526               return await cb()\n 527           except Exception as error:\n 528 →             raise rewrite_error(error, f"{parsed_st[\'apiName\']}: {error}") from None\n 529           finally:\n 530               self._api_zone.set(None)\n 531   \n 532       def wrap_api_call_sync(\n 533           self, cb: Callable[[], Any], is_internal: bool = False' session_id=None response_headers=None status_code=None ssl_certificate=None


Failed to crawl: https://www.bolton.ac.uk/assets/Hosted/Bicycle-Scheme-Application-Notes-FINAL.pdf
Result: url='https://www.bolton.ac.uk/assets/Hosted/Bicycle-Scheme-Application-Notes-FINAL.pdf' html='' success=False cleaned_html=None media={} links={} downloaded_files=None screenshot=None pdf=None markdown=None markdown_v2=None fit_markdown=None fit_html=None extracted_content=None metadata=None error_message='Unexpected error in _crawl_web at line 528 in wrap_api_call (../../.pyenv/versions/3.12.6/lib/python3.12/site-packages/playwright/_impl/_connection.py):\nError: Browser.new_context: Connection closed while reading from the driver\n\nCode context:\n 523           parsed_st = _extract_stack_trace_information_from_stack(st, is_internal)\n 524           self._api_zone.set(parsed_st)\n 525           try:\n 526               return await cb()\n 527           except Exception as error:\n 528 →             raise rewrite_error(error, f"{parsed_st[\'apiName\']}: {error}") from None\n 529           finally:\n 530               self._api_zone.set(None)\n 531   \n 532       def wrap_api_call_sync(\n 533           self, cb: Callable[[], Any], is_internal: bool = False' session_id=None response_headers=None status_code=None ssl_certificate=None


Failed to crawl: https://www.bolton.ac.uk/student-life/fees-and-funding/student-finance-information
Result: url='https://www.bolton.ac.uk/student-life/fees-and-funding/student-finance-information' html='' success=False cleaned_html=None media={} links={} downloaded_files=None screenshot=None pdf=None markdown=None markdown_v2=None fit_markdown=None fit_html=None extracted_content=None metadata=None error_message='Unexpected error in _crawl_web at line 528 in wrap_api_call (../../.pyenv/versions/3.12.6/lib/python3.12/site-packages/playwright/_impl/_connection.py):\nError: Browser.new_context: Connection closed while reading from the driver\n\nCode context:\n 523           parsed_st = _extract_stack_trace_information_from_stack(st, is_internal)\n 524           self._api_zone.set(parsed_st)\n 525           try:\n 526               return await cb()\n 527           except Exception as error:\n 528 →             raise rewrite_error(error, f"{parsed_st[\'apiName\']}: {error}") from None\n 529           finally:\n 530               self._api_zone.set(None)\n 531   \n 532       def wrap_api_call_sync(\n 533           self, cb: Callable[[], Any], is_internal: bool = False' session_id=None response_headers=None status_code=None ssl_certificate=None


Failed to crawl: https://www.bolton.ac.uk/student-life/student-support/student-services/careers-service
Result: url='https://www.bolton.ac.uk/student-life/student-support/student-services/careers-service' html='' success=False cleaned_html=None media={} links={} downloaded_files=None screenshot=None pdf=None markdown=None markdown_v2=None fit_markdown=None fit_html=None extracted_content=None metadata=None error_message='Unexpected error in _crawl_web at line 528 in wrap_api_call (../../.pyenv/versions/3.12.6/lib/python3.12/site-packages/playwright/_impl/_connection.py):\nError: Browser.new_context: Connection closed while reading from the driver\n\nCode context:\n 523           parsed_st = _extract_stack_trace_information_from_stack(st, is_internal)\n 524           self._api_zone.set(parsed_st)\n 525           try:\n 526               return await cb()\n 527           except Exception as error:\n 528 →             raise rewrite_error(error, f"{parsed_st[\'apiName\']}: {error}") from None\n 529           finally:\n 530               self._api_zone.set(None)\n 531   \n 532       def wrap_api_call_sync(\n 533           self, cb: Callable[[], Any], is_internal: bool = False' session_id=None response_headers=None status_code=None ssl_certificate=None


Failed to crawl: https://www.felsted.org/ofs/felsted-network/hong-kong
Result: url='https://www.felsted.org/ofs/felsted-network/hong-kong' html='' success=False cleaned_html=None media={} links={} downloaded_files=None screenshot=None pdf=None markdown=None markdown_v2=None fit_markdown=None fit_html=None extracted_content=None metadata=None error_message='Unexpected error in _crawl_web at line 1205 in _crawl_web (../../.pyenv/versions/3.12.6/lib/python3.12/site-packages/crawl4ai/async_crawler_strategy.py):\nError: Failed on navigating ACS-GOTO:\nPage.goto: Timeout 10000ms exceeded.\nCall log:\n  - navigating to "https://www.felsted.org/ofs/felsted-network/hong-kong", waiting until "domcontentloaded"\n\n\nCode context:\n1200   \n1201                       response = await page.goto(\n1202                           url, wait_until=config.wait_until, timeout=config.page_timeout\n1203                       )\n1204                   except Error as e:\n1205 →                     raise RuntimeError(f"Failed on navigating ACS-GOTO:\\n{str(e)}")\n1206   \n1207                   await self.execute_hook("after_goto", page, context=context, url=url, response=response)\n1208   \n1209                   if response is None:\n1210                       status_code = 200' session_id=None response_headers=None status_code=None ssl_certificate=None


Failed to crawl: https://www.felsted.org/tik-tok
Result: url='https://www.felsted.org/tik-tok' html='' success=False cleaned_html=None media={} links={} downloaded_files=None screenshot=None pdf=None markdown=None markdown_v2=None fit_markdown=None fit_html=None extracted_content=None metadata=None error_message='Unexpected error in _crawl_web at line 1205 in _crawl_web (../../.pyenv/versions/3.12.6/lib/python3.12/site-packages/crawl4ai/async_crawler_strategy.py):\nError: Failed on navigating ACS-GOTO:\nPage.goto: Timeout 10000ms exceeded.\nCall log:\n  - navigating to "https://www.felsted.org/tik-tok", waiting until "domcontentloaded"\n\n\nCode context:\n1200   \n1201                       response = await page.goto(\n1202                           url, wait_until=config.wait_until, timeout=config.page_timeout\n1203                       )\n1204                   except Error as e:\n1205 →                     raise RuntimeError(f"Failed on navigating ACS-GOTO:\\n{str(e)}")\n1206   \n1207                   await self.execute_hook("after_goto", page, context=context, url=url, response=response)\n1208   \n1209                   if response is None:\n1210                       status_code = 200' session_id=None response_headers=None status_code=None ssl_certificate=None


Failed to crawl: https://www.bolton.ac.uk/assets/00000-Final-Degree-Outcomes-Statement-Post-EC-061021.pdf
Result: url='https://www.bolton.ac.uk/assets/00000-Final-Degree-Outcomes-Statement-Post-EC-061021.pdf' html='' success=False cleaned_html=None media={} links={} downloaded_files=None screenshot=None pdf=None markdown=None markdown_v2=None fit_markdown=None fit_html=None extracted_content=None metadata=None error_message='Unexpected error in _crawl_web at line 1205 in _crawl_web (../../.pyenv/versions/3.12.6/lib/python3.12/site-packages/crawl4ai/async_crawler_strategy.py):\nError: Failed on navigating ACS-GOTO:\nPage.goto: net::ERR_FAILED at https://www.bolton.ac.uk/assets/00000-Final-Degree-Outcomes-Statement-Post-EC-061021.pdf\nCall log:\n  - navigating to "https://www.bolton.ac.uk/assets/00000-Final-Degree-Outcomes-Statement-Post-EC-061021.pdf", waiting until "domcontentloaded"\n\n\nCode context:\n1200   \n1201                       response = await page.goto(\n1202                           url, wait_until=config.wait_until, timeout=config.page_timeout\n1203                       )\n1204                   except Error as e:\n1205 →                     raise RuntimeError(f"Failed on navigating ACS-GOTO:\\n{str(e)}")\n1206   \n1207                   await self.execute_hook("after_goto", page, context=context, url=url, response=response)\n1208   \n1209                   if response is None:\n1210                       status_code = 200' session_id=None response_headers=None status_code=None ssl_certificate=None


Failed to crawl: https://www.bolton.ac.uk/assets/Modern-Slavery-and-Human-Trafficking-Statement-2020-Final.pdf
Result: url='https://www.bolton.ac.uk/assets/Modern-Slavery-and-Human-Trafficking-Statement-2020-Final.pdf' html='' success=False cleaned_html=None media={} links={} downloaded_files=None screenshot=None pdf=None markdown=None markdown_v2=None fit_markdown=None fit_html=None extracted_content=None metadata=None error_message='Unexpected error in _crawl_web at line 1205 in _crawl_web (../../.pyenv/versions/3.12.6/lib/python3.12/site-packages/crawl4ai/async_crawler_strategy.py):\nError: Failed on navigating ACS-GOTO:\nPage.goto: net::ERR_FAILED at https://www.bolton.ac.uk/assets/Modern-Slavery-and-Human-Trafficking-Statement-2020-Final.pdf\nCall log:\n  - navigating to "https://www.bolton.ac.uk/assets/Modern-Slavery-and-Human-Trafficking-Statement-2020-Final.pdf", waiting until "domcontentloaded"\n\n\nCode context:\n1200   \n1201                       response = await page.goto(\n1202                           url, wait_until=config.wait_until, timeout=config.page_timeout\n1203                       )\n1204                   except Error as e:\n1205 →                     raise RuntimeError(f"Failed on navigating ACS-GOTO:\\n{str(e)}")\n1206   \n1207                   await self.execute_hook("after_goto", page, context=context, url=url, response=response)\n1208   \n1209                   if response is None:\n1210                       status_code = 200' session_id=None response_headers=None status_code=None ssl_certificate=None


Failed to crawl: https://www.bolton.ac.uk/course/BAM002-F-UOB-SS
Result: url='https://www.bolton.ac.uk/course/BAM002-F-UOB-SS' html='' success=False cleaned_html=None media={} links={} downloaded_files=None screenshot=None pdf=None markdown=None markdown_v2=None fit_markdown=None fit_html=None extracted_content=None metadata=None error_message='Unexpected error in _crawl_web at line 1205 in _crawl_web (../../.pyenv/versions/3.12.6/lib/python3.12/site-packages/crawl4ai/async_crawler_strategy.py):\nError: Failed on navigating ACS-GOTO:\nPage.goto: Timeout 10000ms exceeded.\nCall log:\n  - navigating to "https://www.bolton.ac.uk/course/BAM002-F-UOB-SS", waiting until "domcontentloaded"\n\n\nCode context:\n1200   \n1201                       response = await page.goto(\n1202                           url, wait_until=config.wait_until, timeout=config.page_timeout\n1203                       )\n1204                   except Error as e:\n1205 →                     raise RuntimeError(f"Failed on navigating ACS-GOTO:\\n{str(e)}")\n1206   \n1207                   await self.execute_hook("after_goto", page, context=context, url=url, response=response)\n1208   \n1209                   if response is None:\n1210                       status_code = 200' session_id=None response_headers=None status_code=None ssl_certificate=None


Failed to crawl: https://www.bolton.ac.uk/course/COM009-F-UOB-FP
Result: url='https://www.bolton.ac.uk/course/COM009-F-UOB-FP' html='' success=False cleaned_html=None media={} links={} downloaded_files=None screenshot=None pdf=None markdown=None markdown_v2=None fit_markdown=None fit_html=None extracted_content=None metadata=None error_message='Unexpected error in _crawl_web at line 1205 in _crawl_web (../../.pyenv/versions/3.12.6/lib/python3.12/site-packages/crawl4ai/async_crawler_strategy.py):\nError: Failed on navigating ACS-GOTO:\nPage.goto: Timeout 10000ms exceeded.\nCall log:\n  - navigating to "https://www.bolton.ac.uk/course/COM009-F-UOB-FP", waiting until "domcontentloaded"\n\n\nCode context:\n1200   \n1201                       response = await page.goto(\n1202                           url, wait_until=config.wait_until, timeout=config.page_timeout\n1203                       )\n1204                   except Error as e:\n1205 →                     raise RuntimeError(f"Failed on navigating ACS-GOTO:\\n{str(e)}")\n1206   \n1207                   await self.execute_hook("after_goto", page, context=context, url=url, response=response)\n1208   \n1209                   if response is None:\n1210                       status_code = 200' session_id=None response_headers=None status_code=None ssl_certificate=None


Failed to crawl: https://www.bolton.ac.uk/course/COM009-F-UOB-SP
Result: url='https://www.bolton.ac.uk/course/COM009-F-UOB-SP' html='' success=False cleaned_html=None media={} links={} downloaded_files=None screenshot=None pdf=None markdown=None markdown_v2=None fit_markdown=None fit_html=None extracted_content=None metadata=None error_message='Unexpected error in _crawl_web at line 1205 in _crawl_web (../../.pyenv/versions/3.12.6/lib/python3.12/site-packages/crawl4ai/async_crawler_strategy.py):\nError: Failed on navigating ACS-GOTO:\nPage.goto: Timeout 10000ms exceeded.\nCall log:\n  - navigating to "https://www.bolton.ac.uk/course/COM009-F-UOB-SP", waiting until "domcontentloaded"\n\n\nCode context:\n1200   \n1201                       response = await page.goto(\n1202                           url, wait_until=config.wait_until, timeout=config.page_timeout\n1203                       )\n1204                   except Error as e:\n1205 →                     raise RuntimeError(f"Failed on navigating ACS-GOTO:\\n{str(e)}")\n1206   \n1207                   await self.execute_hook("after_goto", page, context=context, url=url, response=response)\n1208   \n1209                   if response is None:\n1210                       status_code = 200' session_id=None response_headers=None status_code=None ssl_certificate=None


Failed to crawl: https://www.bolton.ac.uk/course/ENG040-F-UOB-SP
Result: url='https://www.bolton.ac.uk/course/ENG040-F-UOB-SP' html='' success=False cleaned_html=None media={} links={} downloaded_files=None screenshot=None pdf=None markdown=None markdown_v2=None fit_markdown=None fit_html=None extracted_content=None metadata=None error_message='Unexpected error in _crawl_web at line 1205 in _crawl_web (../../.pyenv/versions/3.12.6/lib/python3.12/site-packages/crawl4ai/async_crawler_strategy.py):\nError: Failed on navigating ACS-GOTO:\nPage.goto: Timeout 10000ms exceeded.\nCall log:\n  - navigating to "https://www.bolton.ac.uk/course/ENG040-F-UOB-SP", waiting until "domcontentloaded"\n\n\nCode context:\n1200   \n1201                       response = await page.goto(\n1202                           url, wait_until=config.wait_until, timeout=config.page_timeout\n1203                       )\n1204                   except Error as e:\n1205 →                     raise RuntimeError(f"Failed on navigating ACS-GOTO:\\n{str(e)}")\n1206   \n1207                   await self.execute_hook("after_goto", page, context=context, url=url, response=response)\n1208   \n1209                   if response is None:\n1210                       status_code = 200' session_id=None response_headers=None status_code=None ssl_certificate=None


Failed to crawl: https://www.bolton.ac.uk/course/HLT003-F-UOB-AX
Result: url='https://www.bolton.ac.uk/course/HLT003-F-UOB-AX' html='' success=False cleaned_html=None media={} links={} downloaded_files=None screenshot=None pdf=None markdown=None markdown_v2=None fit_markdown=None fit_html=None extracted_content=None metadata=None error_message='Unexpected error in _crawl_web at line 1205 in _crawl_web (../../.pyenv/versions/3.12.6/lib/python3.12/site-packages/crawl4ai/async_crawler_strategy.py):\nError: Failed on navigating ACS-GOTO:\nPage.goto: Timeout 10000ms exceeded.\nCall log:\n  - navigating to "https://www.bolton.ac.uk/course/HLT003-F-UOB-AX", waiting until "domcontentloaded"\n\n\nCode context:\n1200   \n1201                       response = await page.goto(\n1202                           url, wait_until=config.wait_until, timeout=config.page_timeout\n1203                       )\n1204                   except Error as e:\n1205 →                     raise RuntimeError(f"Failed on navigating ACS-GOTO:\\n{str(e)}")\n1206   \n1207                   await self.execute_hook("after_goto", page, context=context, url=url, response=response)\n1208   \n1209                   if response is None:\n1210                       status_code = 200' session_id=None response_headers=None status_code=None ssl_certificate=None


Failed to crawl: https://www.bolton.ac.uk/course/PUT017-F-UOB-BX
Result: url='https://www.bolton.ac.uk/course/PUT017-F-UOB-BX' html='' success=False cleaned_html=None media={} links={} downloaded_files=None screenshot=None pdf=None markdown=None markdown_v2=None fit_markdown=None fit_html=None extracted_content=None metadata=None error_message='Unexpected error in _crawl_web at line 1205 in _crawl_web (../../.pyenv/versions/3.12.6/lib/python3.12/site-packages/crawl4ai/async_crawler_strategy.py):\nError: Failed on navigating ACS-GOTO:\nPage.goto: Timeout 10000ms exceeded.\nCall log:\n  - navigating to "https://www.bolton.ac.uk/course/PUT017-F-UOB-BX", waiting until "domcontentloaded"\n\n\nCode context:\n1200   \n1201                       response = await page.goto(\n1202                           url, wait_until=config.wait_until, timeout=config.page_timeout\n1203                       )\n1204                   except Error as e:\n1205 →                     raise RuntimeError(f"Failed on navigating ACS-GOTO:\\n{str(e)}")\n1206   \n1207                   await self.execute_hook("after_goto", page, context=context, url=url, response=response)\n1208   \n1209                   if response is None:\n1210                       status_code = 200' session_id=None response_headers=None status_code=None ssl_certificate=None


Failed to crawl: https://www.bolton.ac.uk/course/PUT018-F-UOB-BX
Result: url='https://www.bolton.ac.uk/course/PUT018-F-UOB-BX' html='' success=False cleaned_html=None media={} links={} downloaded_files=None screenshot=None pdf=None markdown=None markdown_v2=None fit_markdown=None fit_html=None extracted_content=None metadata=None error_message='Unexpected error in _crawl_web at line 1205 in _crawl_web (../../.pyenv/versions/3.12.6/lib/python3.12/site-packages/crawl4ai/async_crawler_strategy.py):\nError: Failed on navigating ACS-GOTO:\nPage.goto: Timeout 10000ms exceeded.\nCall log:\n  - navigating to "https://www.bolton.ac.uk/course/PUT018-F-UOB-BX", waiting until "domcontentloaded"\n\n\nCode context:\n1200   \n1201                       response = await page.goto(\n1202                           url, wait_until=config.wait_until, timeout=config.page_timeout\n1203                       )\n1204                   except Error as e:\n1205 →                     raise RuntimeError(f"Failed on navigating ACS-GOTO:\\n{str(e)}")\n1206   \n1207                   await self.execute_hook("after_goto", page, context=context, url=url, response=response)\n1208   \n1209                   if response is None:\n1210                       status_code = 200' session_id=None response_headers=None status_code=None ssl_certificate=None


Failed to crawl: https://www.bolton.ac.uk/course/EDU003-F-UOB-EX
Result: url='https://www.bolton.ac.uk/course/EDU003-F-UOB-EX' html='' success=False cleaned_html=None media={} links={} downloaded_files=None screenshot=None pdf=None markdown=None markdown_v2=None fit_markdown=None fit_html=None extracted_content=None metadata=None error_message='Unexpected error in _crawl_web at line 1205 in _crawl_web (../../.pyenv/versions/3.12.6/lib/python3.12/site-packages/crawl4ai/async_crawler_strategy.py):\nError: Failed on navigating ACS-GOTO:\nPage.goto: Timeout 10000ms exceeded.\nCall log:\n  - navigating to "https://www.bolton.ac.uk/course/EDU003-F-UOB-EX", waiting until "domcontentloaded"\n\n\nCode context:\n1200   \n1201                       response = await page.goto(\n1202                           url, wait_until=config.wait_until, timeout=config.page_timeout\n1203                       )\n1204                   except Error as e:\n1205 →                     raise RuntimeError(f"Failed on navigating ACS-GOTO:\\n{str(e)}")\n1206   \n1207                   await self.execute_hook("after_goto", page, context=context, url=url, response=response)\n1208   \n1209                   if response is None:\n1210                       status_code = 200' session_id=None response_headers=None status_code=None ssl_certificate=None


Failed to crawl: https://www.bolton.ac.uk/course/EDU004-F-UOB-EX
Result: url='https://www.bolton.ac.uk/course/EDU004-F-UOB-EX' html='' success=False cleaned_html=None media={} links={} downloaded_files=None screenshot=None pdf=None markdown=None markdown_v2=None fit_markdown=None fit_html=None extracted_content=None metadata=None error_message='Unexpected error in _crawl_web at line 1205 in _crawl_web (../../.pyenv/versions/3.12.6/lib/python3.12/site-packages/crawl4ai/async_crawler_strategy.py):\nError: Failed on navigating ACS-GOTO:\nPage.goto: Timeout 10000ms exceeded.\nCall log:\n  - navigating to "https://www.bolton.ac.uk/course/EDU004-F-UOB-EX", waiting until "domcontentloaded"\n\n\nCode context:\n1200   \n1201                       response = await page.goto(\n1202                           url, wait_until=config.wait_until, timeout=config.page_timeout\n1203                       )\n1204                   except Error as e:\n1205 →                     raise RuntimeError(f"Failed on navigating ACS-GOTO:\\n{str(e)}")\n1206   \n1207                   await self.execute_hook("after_goto", page, context=context, url=url, response=response)\n1208   \n1209                   if response is None:\n1210                       status_code = 200' session_id=None response_headers=None status_code=None ssl_certificate=None


Failed to crawl: https://www.bolton.ac.uk/course/EDU010-F-UOB-EX
Result: url='https://www.bolton.ac.uk/course/EDU010-F-UOB-EX' html='' success=False cleaned_html=None media={} links={} downloaded_files=None screenshot=None pdf=None markdown=None markdown_v2=None fit_markdown=None fit_html=None extracted_content=None metadata=None error_message='Unexpected error in _crawl_web at line 1205 in _crawl_web (../../.pyenv/versions/3.12.6/lib/python3.12/site-packages/crawl4ai/async_crawler_strategy.py):\nError: Failed on navigating ACS-GOTO:\nPage.goto: Timeout 10000ms exceeded.\nCall log:\n  - navigating to "https://www.bolton.ac.uk/course/EDU010-F-UOB-EX", waiting until "domcontentloaded"\n\n\nCode context:\n1200   \n1201                       response = await page.goto(\n1202                           url, wait_until=config.wait_until, timeout=config.page_timeout\n1203                       )\n1204                   except Error as e:\n1205 →                     raise RuntimeError(f"Failed on navigating ACS-GOTO:\\n{str(e)}")\n1206   \n1207                   await self.execute_hook("after_goto", page, context=context, url=url, response=response)\n1208   \n1209                   if response is None:\n1210                       status_code = 200' session_id=None response_headers=None status_code=None ssl_certificate=None


Failed to crawl: https://www.bolton.ac.uk/course/EDU017-F-UOB-EX
Result: url='https://www.bolton.ac.uk/course/EDU017-F-UOB-EX' html='' success=False cleaned_html=None media={} links={} downloaded_files=None screenshot=None pdf=None markdown=None markdown_v2=None fit_markdown=None fit_html=None extracted_content=None metadata=None error_message='Unexpected error in _crawl_web at line 1205 in _crawl_web (../../.pyenv/versions/3.12.6/lib/python3.12/site-packages/crawl4ai/async_crawler_strategy.py):\nError: Failed on navigating ACS-GOTO:\nPage.goto: Timeout 10000ms exceeded.\nCall log:\n  - navigating to "https://www.bolton.ac.uk/course/EDU017-F-UOB-EX", waiting until "domcontentloaded"\n\n\nCode context:\n1200   \n1201                       response = await page.goto(\n1202                           url, wait_until=config.wait_until, timeout=config.page_timeout\n1203                       )\n1204                   except Error as e:\n1205 →                     raise RuntimeError(f"Failed on navigating ACS-GOTO:\\n{str(e)}")\n1206   \n1207                   await self.execute_hook("after_goto", page, context=context, url=url, response=response)\n1208   \n1209                   if response is None:\n1210                       status_code = 200' session_id=None response_headers=None status_code=None ssl_certificate=None


Failed to crawl: https://www.bolton.ac.uk/course/EDU043-F-UOB-EX
Result: url='https://www.bolton.ac.uk/course/EDU043-F-UOB-EX' html='' success=False cleaned_html=None media={} links={} downloaded_files=None screenshot=None pdf=None markdown=None markdown_v2=None fit_markdown=None fit_html=None extracted_content=None metadata=None error_message='Unexpected error in _crawl_web at line 1205 in _crawl_web (../../.pyenv/versions/3.12.6/lib/python3.12/site-packages/crawl4ai/async_crawler_strategy.py):\nError: Failed on navigating ACS-GOTO:\nPage.goto: Timeout 10000ms exceeded.\nCall log:\n  - navigating to "https://www.bolton.ac.uk/course/EDU043-F-UOB-EX", waiting until "domcontentloaded"\n\n\nCode context:\n1200   \n1201                       response = await page.goto(\n1202                           url, wait_until=config.wait_until, timeout=config.page_timeout\n1203                       )\n1204                   except Error as e:\n1205 →                     raise RuntimeError(f"Failed on navigating ACS-GOTO:\\n{str(e)}")\n1206   \n1207                   await self.execute_hook("after_goto", page, context=context, url=url, response=response)\n1208   \n1209                   if response is None:\n1210                       status_code = 200' session_id=None response_headers=None status_code=None ssl_certificate=None


Failed to crawl: https://www.bolton.ac.uk/course/EDU042-F-UOB-EX
Result: url='https://www.bolton.ac.uk/course/EDU042-F-UOB-EX' html='' success=False cleaned_html=None media={} links={} downloaded_files=None screenshot=None pdf=None markdown=None markdown_v2=None fit_markdown=None fit_html=None extracted_content=None metadata=None error_message='Unexpected error in _crawl_web at line 1205 in _crawl_web (../../.pyenv/versions/3.12.6/lib/python3.12/site-packages/crawl4ai/async_crawler_strategy.py):\nError: Failed on navigating ACS-GOTO:\nPage.goto: Timeout 10000ms exceeded.\nCall log:\n  - navigating to "https://www.bolton.ac.uk/course/EDU042-F-UOB-EX", waiting until "domcontentloaded"\n\n\nCode context:\n1200   \n1201                       response = await page.goto(\n1202                           url, wait_until=config.wait_until, timeout=config.page_timeout\n1203                       )\n1204                   except Error as e:\n1205 →                     raise RuntimeError(f"Failed on navigating ACS-GOTO:\\n{str(e)}")\n1206   \n1207                   await self.execute_hook("after_goto", page, context=context, url=url, response=response)\n1208   \n1209                   if response is None:\n1210                       status_code = 200' session_id=None response_headers=None status_code=None ssl_certificate=None


Failed to crawl: https://www.bolton.ac.uk/course/EDU044-F-UOB-EX
Result: url='https://www.bolton.ac.uk/course/EDU044-F-UOB-EX' html='' success=False cleaned_html=None media={} links={} downloaded_files=None screenshot=None pdf=None markdown=None markdown_v2=None fit_markdown=None fit_html=None extracted_content=None metadata=None error_message='Unexpected error in _crawl_web at line 1205 in _crawl_web (../../.pyenv/versions/3.12.6/lib/python3.12/site-packages/crawl4ai/async_crawler_strategy.py):\nError: Failed on navigating ACS-GOTO:\nPage.goto: Timeout 10000ms exceeded.\nCall log:\n  - navigating to "https://www.bolton.ac.uk/course/EDU044-F-UOB-EX", waiting until "domcontentloaded"\n\n\nCode context:\n1200   \n1201                       response = await page.goto(\n1202                           url, wait_until=config.wait_until, timeout=config.page_timeout\n1203                       )\n1204                   except Error as e:\n1205 →                     raise RuntimeError(f"Failed on navigating ACS-GOTO:\\n{str(e)}")\n1206   \n1207                   await self.execute_hook("after_goto", page, context=context, url=url, response=response)\n1208   \n1209                   if response is None:\n1210                       status_code = 200' session_id=None response_headers=None status_code=None ssl_certificate=None


Failed to crawl: https://www.bolton.ac.uk/course/EDU048-F-UOB-EX
Result: url='https://www.bolton.ac.uk/course/EDU048-F-UOB-EX' html='' success=False cleaned_html=None media={} links={} downloaded_files=None screenshot=None pdf=None markdown=None markdown_v2=None fit_markdown=None fit_html=None extracted_content=None metadata=None error_message='Unexpected error in _crawl_web at line 1205 in _crawl_web (../../.pyenv/versions/3.12.6/lib/python3.12/site-packages/crawl4ai/async_crawler_strategy.py):\nError: Failed on navigating ACS-GOTO:\nPage.goto: Timeout 10000ms exceeded.\nCall log:\n  - navigating to "https://www.bolton.ac.uk/course/EDU048-F-UOB-EX", waiting until "domcontentloaded"\n\n\nCode context:\n1200   \n1201                       response = await page.goto(\n1202                           url, wait_until=config.wait_until, timeout=config.page_timeout\n1203                       )\n1204                   except Error as e:\n1205 →                     raise RuntimeError(f"Failed on navigating ACS-GOTO:\\n{str(e)}")\n1206   \n1207                   await self.execute_hook("after_goto", page, context=context, url=url, response=response)\n1208   \n1209                   if response is None:\n1210                       status_code = 200' session_id=None response_headers=None status_code=None ssl_certificate=None


Failed to crawl: https://www.bolton.ac.uk/course/EDU049-F-UOB-EX
Result: url='https://www.bolton.ac.uk/course/EDU049-F-UOB-EX' html='' success=False cleaned_html=None media={} links={} downloaded_files=None screenshot=None pdf=None markdown=None markdown_v2=None fit_markdown=None fit_html=None extracted_content=None metadata=None error_message='Unexpected error in _crawl_web at line 1205 in _crawl_web (../../.pyenv/versions/3.12.6/lib/python3.12/site-packages/crawl4ai/async_crawler_strategy.py):\nError: Failed on navigating ACS-GOTO:\nPage.goto: Timeout 10000ms exceeded.\nCall log:\n  - navigating to "https://www.bolton.ac.uk/course/EDU049-F-UOB-EX", waiting until "domcontentloaded"\n\n\nCode context:\n1200   \n1201                       response = await page.goto(\n1202                           url, wait_until=config.wait_until, timeout=config.page_timeout\n1203                       )\n1204                   except Error as e:\n1205 →                     raise RuntimeError(f"Failed on navigating ACS-GOTO:\\n{str(e)}")\n1206   \n1207                   await self.execute_hook("after_goto", page, context=context, url=url, response=response)\n1208   \n1209                   if response is None:\n1210                       status_code = 200' session_id=None response_headers=None status_code=None ssl_certificate=None


Failed to crawl: https://www.bolton.ac.uk/course/AAL007-F-UOB-MX
Result: url='https://www.bolton.ac.uk/course/AAL007-F-UOB-MX' html='' success=False cleaned_html=None media={} links={} downloaded_files=None screenshot=None pdf=None markdown=None markdown_v2=None fit_markdown=None fit_html=None extracted_content=None metadata=None error_message='Unexpected error in _crawl_web at line 1205 in _crawl_web (../../.pyenv/versions/3.12.6/lib/python3.12/site-packages/crawl4ai/async_crawler_strategy.py):\nError: Failed on navigating ACS-GOTO:\nPage.goto: Timeout 10000ms exceeded.\nCall log:\n  - navigating to "https://www.bolton.ac.uk/course/AAL007-F-UOB-MX", waiting until "domcontentloaded"\n\n\nCode context:\n1200   \n1201                       response = await page.goto(\n1202                           url, wait_until=config.wait_until, timeout=config.page_timeout\n1203                       )\n1204                   except Error as e:\n1205 →                     raise RuntimeError(f"Failed on navigating ACS-GOTO:\\n{str(e)}")\n1206   \n1207                   await self.execute_hook("after_goto", page, context=context, url=url, response=response)\n1208   \n1209                   if response is None:\n1210                       status_code = 200' session_id=None response_headers=None status_code=None ssl_certificate=None


Failed to crawl: https://www.bolton.ac.uk/course/BAM094-F-UOB-MX
Result: url='https://www.bolton.ac.uk/course/BAM094-F-UOB-MX' html='' success=False cleaned_html=None media={} links={} downloaded_files=None screenshot=None pdf=None markdown=None markdown_v2=None fit_markdown=None fit_html=None extracted_content=None metadata=None error_message='Unexpected error in _crawl_web at line 1205 in _crawl_web (../../.pyenv/versions/3.12.6/lib/python3.12/site-packages/crawl4ai/async_crawler_strategy.py):\nError: Failed on navigating ACS-GOTO:\nPage.goto: Timeout 10000ms exceeded.\nCall log:\n  - navigating to "https://www.bolton.ac.uk/course/BAM094-F-UOB-MX", waiting until "domcontentloaded"\n\n\nCode context:\n1200   \n1201                       response = await page.goto(\n1202                           url, wait_until=config.wait_until, timeout=config.page_timeout\n1203                       )\n1204                   except Error as e:\n1205 →                     raise RuntimeError(f"Failed on navigating ACS-GOTO:\\n{str(e)}")\n1206   \n1207                   await self.execute_hook("after_goto", page, context=context, url=url, response=response)\n1208   \n1209                   if response is None:\n1210                       status_code = 200' session_id=None response_headers=None status_code=None ssl_certificate=None


Failed to crawl: https://www.bolton.ac.uk/assets/University-of-Bolton-Transparency-Information-2021.pdf
Result: url='https://www.bolton.ac.uk/assets/University-of-Bolton-Transparency-Information-2021.pdf' html='' success=False cleaned_html=None media={} links={} downloaded_files=None screenshot=None pdf=None markdown=None markdown_v2=None fit_markdown=None fit_html=None extracted_content=None metadata=None error_message='Unexpected error in _crawl_web at line 1205 in _crawl_web (../../.pyenv/versions/3.12.6/lib/python3.12/site-packages/crawl4ai/async_crawler_strategy.py):\nError: Failed on navigating ACS-GOTO:\nPage.goto: net::ERR_FAILED at https://www.bolton.ac.uk/assets/University-of-Bolton-Transparency-Information-2021.pdf\nCall log:\n  - navigating to "https://www.bolton.ac.uk/assets/University-of-Bolton-Transparency-Information-2021.pdf", waiting until "domcontentloaded"\n\n\nCode context:\n1200   \n1201                       response = await page.goto(\n1202                           url, wait_until=config.wait_until, timeout=config.page_timeout\n1203                       )\n1204                   except Error as e:\n1205 →                     raise RuntimeError(f"Failed on navigating ACS-GOTO:\\n{str(e)}")\n1206   \n1207                   await self.execute_hook("after_goto", page, context=context, url=url, response=response)\n1208   \n1209                   if response is None:\n1210                       status_code = 200' session_id=None response_headers=None status_code=None ssl_certificate=None


Failed to crawl: https://www.bolton.ac.uk/assets/Example-work2.pdf
Result: url='https://www.bolton.ac.uk/assets/Example-work2.pdf' html='' success=False cleaned_html=None media={} links={} downloaded_files=None screenshot=None pdf=None markdown=None markdown_v2=None fit_markdown=None fit_html=None extracted_content=None metadata=None error_message='Unexpected error in _crawl_web at line 1205 in _crawl_web (../../.pyenv/versions/3.12.6/lib/python3.12/site-packages/crawl4ai/async_crawler_strategy.py):\nError: Failed on navigating ACS-GOTO:\nPage.goto: net::ERR_FAILED at https://www.bolton.ac.uk/assets/Example-work2.pdf\nCall log:\n  - navigating to "https://www.bolton.ac.uk/assets/Example-work2.pdf", waiting until "domcontentloaded"\n\n\nCode context:\n1200   \n1201                       response = await page.goto(\n1202                           url, wait_until=config.wait_until, timeout=config.page_timeout\n1203                       )\n1204                   except Error as e:\n1205 →                     raise RuntimeError(f"Failed on navigating ACS-GOTO:\\n{str(e)}")\n1206   \n1207                   await self.execute_hook("after_goto", page, context=context, url=url, response=response)\n1208   \n1209                   if response is None:\n1210                       status_code = 200' session_id=None response_headers=None status_code=None ssl_certificate=None


Failed to crawl: https://www.bolton.ac.uk/assets/Avas-Autism-Student-Work-Example.pdf
Result: url='https://www.bolton.ac.uk/assets/Avas-Autism-Student-Work-Example.pdf' html='' success=False cleaned_html=None media={} links={} downloaded_files=None screenshot=None pdf=None markdown=None markdown_v2=None fit_markdown=None fit_html=None extracted_content=None metadata=None error_message='Unexpected error in _crawl_web at line 1205 in _crawl_web (../../.pyenv/versions/3.12.6/lib/python3.12/site-packages/crawl4ai/async_crawler_strategy.py):\nError: Failed on navigating ACS-GOTO:\nPage.goto: net::ERR_FAILED at https://www.bolton.ac.uk/assets/Avas-Autism-Student-Work-Example.pdf\nCall log:\n  - navigating to "https://www.bolton.ac.uk/assets/Avas-Autism-Student-Work-Example.pdf", waiting until "domcontentloaded"\n\n\nCode context:\n1200   \n1201                       response = await page.goto(\n1202                           url, wait_until=config.wait_until, timeout=config.page_timeout\n1203                       )\n1204                   except Error as e:\n1205 →                     raise RuntimeError(f"Failed on navigating ACS-GOTO:\\n{str(e)}")\n1206   \n1207                   await self.execute_hook("after_goto", page, context=context, url=url, response=response)\n1208   \n1209                   if response is None:\n1210                       status_code = 200' session_id=None response_headers=None status_code=None ssl_certificate=None


Failed to crawl: https://www.bolton.ac.uk/assets/Contemporary-Issues-in-Marketing-Assignment-1.pdf
Result: url='https://www.bolton.ac.uk/assets/Contemporary-Issues-in-Marketing-Assignment-1.pdf' html='' success=False cleaned_html=None media={} links={} downloaded_files=None screenshot=None pdf=None markdown=None markdown_v2=None fit_markdown=None fit_html=None extracted_content=None metadata=None error_message='Unexpected error in _crawl_web at line 1205 in _crawl_web (../../.pyenv/versions/3.12.6/lib/python3.12/site-packages/crawl4ai/async_crawler_strategy.py):\nError: Failed on navigating ACS-GOTO:\nPage.goto: net::ERR_FAILED at https://www.bolton.ac.uk/assets/Contemporary-Issues-in-Marketing-Assignment-1.pdf\nCall log:\n  - navigating to "https://www.bolton.ac.uk/assets/Contemporary-Issues-in-Marketing-Assignment-1.pdf", waiting until "domcontentloaded"\n\n\nCode context:\n1200   \n1201                       response = await page.goto(\n1202                           url, wait_until=config.wait_until, timeout=config.page_timeout\n1203                       )\n1204                   except Error as e:\n1205 →                     raise RuntimeError(f"Failed on navigating ACS-GOTO:\\n{str(e)}")\n1206   \n1207                   await self.execute_hook("after_goto", page, context=context, url=url, response=response)\n1208   \n1209                   if response is None:\n1210                       status_code = 200' session_id=None response_headers=None status_code=None ssl_certificate=None


Failed to crawl: https://www.bolton.ac.uk/assets/Contemporary-Issues-in-Marketing-Reflective-Summary-1.pdf
Result: url='https://www.bolton.ac.uk/assets/Contemporary-Issues-in-Marketing-Reflective-Summary-1.pdf' html='' success=False cleaned_html=None media={} links={} downloaded_files=None screenshot=None pdf=None markdown=None markdown_v2=None fit_markdown=None fit_html=None extracted_content=None metadata=None error_message='Unexpected error in _crawl_web at line 1205 in _crawl_web (../../.pyenv/versions/3.12.6/lib/python3.12/site-packages/crawl4ai/async_crawler_strategy.py):\nError: Failed on navigating ACS-GOTO:\nPage.goto: net::ERR_FAILED at https://www.bolton.ac.uk/assets/Contemporary-Issues-in-Marketing-Reflective-Summary-1.pdf\nCall log:\n  - navigating to "https://www.bolton.ac.uk/assets/Contemporary-Issues-in-Marketing-Reflective-Summary-1.pdf", waiting until "domcontentloaded"\n\n\nCode context:\n1200   \n1201                       response = await page.goto(\n1202                           url, wait_until=config.wait_until, timeout=config.page_timeout\n1203                       )\n1204                   except Error as e:\n1205 →                     raise RuntimeError(f"Failed on navigating ACS-GOTO:\\n{str(e)}")\n1206   \n1207                   await self.execute_hook("after_goto", page, context=context, url=url, response=response)\n1208   \n1209                   if response is None:\n1210                       status_code = 200' session_id=None response_headers=None status_code=None ssl_certificate=None


Failed to crawl: https://www.bolton.ac.uk/assets/Digital-Marketing-Portfolio-Assignment-1.pdf
Result: url='https://www.bolton.ac.uk/assets/Digital-Marketing-Portfolio-Assignment-1.pdf' html='' success=False cleaned_html=None media={} links={} downloaded_files=None screenshot=None pdf=None markdown=None markdown_v2=None fit_markdown=None fit_html=None extracted_content=None metadata=None error_message='Unexpected error in _crawl_web at line 1205 in _crawl_web (../../.pyenv/versions/3.12.6/lib/python3.12/site-packages/crawl4ai/async_crawler_strategy.py):\nError: Failed on navigating ACS-GOTO:\nPage.goto: net::ERR_FAILED at https://www.bolton.ac.uk/assets/Digital-Marketing-Portfolio-Assignment-1.pdf\nCall log:\n  - navigating to "https://www.bolton.ac.uk/assets/Digital-Marketing-Portfolio-Assignment-1.pdf", waiting until "domcontentloaded"\n\n\nCode context:\n1200   \n1201                       response = await page.goto(\n1202                           url, wait_until=config.wait_until, timeout=config.page_timeout\n1203                       )\n1204                   except Error as e:\n1205 →                     raise RuntimeError(f"Failed on navigating ACS-GOTO:\\n{str(e)}")\n1206   \n1207                   await self.execute_hook("after_goto", page, context=context, url=url, response=response)\n1208   \n1209                   if response is None:\n1210                       status_code = 200' session_id=None response_headers=None status_code=None ssl_certificate=None


Failed to crawl: https://www.bolton.ac.uk/assets/E-Commerce-and-Contemporary-Marketing-Assignment-1.pdf
Result: url='https://www.bolton.ac.uk/assets/E-Commerce-and-Contemporary-Marketing-Assignment-1.pdf' html='' success=False cleaned_html=None media={} links={} downloaded_files=None screenshot=None pdf=None markdown=None markdown_v2=None fit_markdown=None fit_html=None extracted_content=None metadata=None error_message='Unexpected error in _crawl_web at line 1205 in _crawl_web (../../.pyenv/versions/3.12.6/lib/python3.12/site-packages/crawl4ai/async_crawler_strategy.py):\nError: Failed on navigating ACS-GOTO:\nPage.goto: net::ERR_FAILED at https://www.bolton.ac.uk/assets/E-Commerce-and-Contemporary-Marketing-Assignment-1.pdf\nCall log:\n  - navigating to "https://www.bolton.ac.uk/assets/E-Commerce-and-Contemporary-Marketing-Assignment-1.pdf", waiting until "domcontentloaded"\n\n\nCode context:\n1200   \n1201                       response = await page.goto(\n1202                           url, wait_until=config.wait_until, timeout=config.page_timeout\n1203                       )\n1204                   except Error as e:\n1205 →                     raise RuntimeError(f"Failed on navigating ACS-GOTO:\\n{str(e)}")\n1206   \n1207                   await self.execute_hook("after_goto", page, context=context, url=url, response=response)\n1208   \n1209                   if response is None:\n1210                       status_code = 200' session_id=None response_headers=None status_code=None ssl_certificate=None


Failed to crawl: https://www.bolton.ac.uk/assets/HoldingPage/CIE6010-0604463-Poster-2019.pdf
Result: url='https://www.bolton.ac.uk/assets/HoldingPage/CIE6010-0604463-Poster-2019.pdf' html='' success=False cleaned_html=None media={} links={} downloaded_files=None screenshot=None pdf=None markdown=None markdown_v2=None fit_markdown=None fit_html=None extracted_content=None metadata=None error_message='Unexpected error in _crawl_web at line 1205 in _crawl_web (../../.pyenv/versions/3.12.6/lib/python3.12/site-packages/crawl4ai/async_crawler_strategy.py):\nError: Failed on navigating ACS-GOTO:\nPage.goto: net::ERR_FAILED at https://www.bolton.ac.uk/assets/HoldingPage/CIE6010-0604463-Poster-2019.pdf\nCall log:\n  - navigating to "https://www.bolton.ac.uk/assets/HoldingPage/CIE6010-0604463-Poster-2019.pdf", waiting until "domcontentloaded"\n\n\nCode context:\n1200   \n1201                       response = await page.goto(\n1202                           url, wait_until=config.wait_until, timeout=config.page_timeout\n1203                       )\n1204                   except Error as e:\n1205 →                     raise RuntimeError(f"Failed on navigating ACS-GOTO:\\n{str(e)}")\n1206   \n1207                   await self.execute_hook("after_goto", page, context=context, url=url, response=response)\n1208   \n1209                   if response is None:\n1210                       status_code = 200' session_id=None response_headers=None status_code=None ssl_certificate=None


Failed to crawl: https://www.bolton.ac.uk/assets/CIE6010-1610002-Poster-2019.pdf
Result: url='https://www.bolton.ac.uk/assets/CIE6010-1610002-Poster-2019.pdf' html='' success=False cleaned_html=None media={} links={} downloaded_files=None screenshot=None pdf=None markdown=None markdown_v2=None fit_markdown=None fit_html=None extracted_content=None metadata=None error_message='Unexpected error in _crawl_web at line 1205 in _crawl_web (../../.pyenv/versions/3.12.6/lib/python3.12/site-packages/crawl4ai/async_crawler_strategy.py):\nError: Failed on navigating ACS-GOTO:\nPage.goto: net::ERR_FAILED at https://www.bolton.ac.uk/assets/CIE6010-1610002-Poster-2019.pdf\nCall log:\n  - navigating to "https://www.bolton.ac.uk/assets/CIE6010-1610002-Poster-2019.pdf", waiting until "domcontentloaded"\n\n\nCode context:\n1200   \n1201                       response = await page.goto(\n1202                           url, wait_until=config.wait_until, timeout=config.page_timeout\n1203                       )\n1204                   except Error as e:\n1205 →                     raise RuntimeError(f"Failed on navigating ACS-GOTO:\\n{str(e)}")\n1206   \n1207                   await self.execute_hook("after_goto", page, context=context, url=url, response=response)\n1208   \n1209                   if response is None:\n1210                       status_code = 200' session_id=None response_headers=None status_code=None ssl_certificate=None


Failed to crawl: https://www.bolton.ac.uk/assets/HoldingPage/CCJ-Applicant-Day.pdf
Result: url='https://www.bolton.ac.uk/assets/HoldingPage/CCJ-Applicant-Day.pdf' html='' success=False cleaned_html=None media={} links={} downloaded_files=None screenshot=None pdf=None markdown=None markdown_v2=None fit_markdown=None fit_html=None extracted_content=None metadata=None error_message='Unexpected error in _crawl_web at line 1205 in _crawl_web (../../.pyenv/versions/3.12.6/lib/python3.12/site-packages/crawl4ai/async_crawler_strategy.py):\nError: Failed on navigating ACS-GOTO:\nPage.goto: net::ERR_FAILED at https://www.bolton.ac.uk/assets/HoldingPage/CCJ-Applicant-Day.pdf\nCall log:\n  - navigating to "https://www.bolton.ac.uk/assets/HoldingPage/CCJ-Applicant-Day.pdf", waiting until "domcontentloaded"\n\n\nCode context:\n1200   \n1201                       response = await page.goto(\n1202                           url, wait_until=config.wait_until, timeout=config.page_timeout\n1203                       )\n1204                   except Error as e:\n1205 →                     raise RuntimeError(f"Failed on navigating ACS-GOTO:\\n{str(e)}")\n1206   \n1207                   await self.execute_hook("after_goto", page, context=context, url=url, response=response)\n1208   \n1209                   if response is None:\n1210                       status_code = 200' session_id=None response_headers=None status_code=None ssl_certificate=None


Failed to crawl: https://www.bolton.ac.uk/assets/HoldingPage/CCJ4001-History-Assignment-1-Guidelines-.pdf
Result: url='https://www.bolton.ac.uk/assets/HoldingPage/CCJ4001-History-Assignment-1-Guidelines-.pdf' html='' success=False cleaned_html=None media={} links={} downloaded_files=None screenshot=None pdf=None markdown=None markdown_v2=None fit_markdown=None fit_html=None extracted_content=None metadata=None error_message='Unexpected error in _crawl_web at line 1205 in _crawl_web (../../.pyenv/versions/3.12.6/lib/python3.12/site-packages/crawl4ai/async_crawler_strategy.py):\nError: Failed on navigating ACS-GOTO:\nPage.goto: net::ERR_FAILED at https://www.bolton.ac.uk/assets/HoldingPage/CCJ4001-History-Assignment-1-Guidelines-.pdf\nCall log:\n  - navigating to "https://www.bolton.ac.uk/assets/HoldingPage/CCJ4001-History-Assignment-1-Guidelines-.pdf", waiting until "domcontentloaded"\n\n\nCode context:\n1200   \n1201                       response = await page.goto(\n1202                           url, wait_until=config.wait_until, timeout=config.page_timeout\n1203                       )\n1204                   except Error as e:\n1205 →                     raise RuntimeError(f"Failed on navigating ACS-GOTO:\\n{str(e)}")\n1206   \n1207                   await self.execute_hook("after_goto", page, context=context, url=url, response=response)\n1208   \n1209                   if response is None:\n1210                       status_code = 200' session_id=None response_headers=None status_code=None ssl_certificate=None


Failed to crawl: https://www.bolton.ac.uk/assets/Murder-Mystery-Exercise-1.pdf
Result: url='https://www.bolton.ac.uk/assets/Murder-Mystery-Exercise-1.pdf' html='' success=False cleaned_html=None media={} links={} downloaded_files=None screenshot=None pdf=None markdown=None markdown_v2=None fit_markdown=None fit_html=None extracted_content=None metadata=None error_message='Unexpected error in _crawl_web at line 1205 in _crawl_web (../../.pyenv/versions/3.12.6/lib/python3.12/site-packages/crawl4ai/async_crawler_strategy.py):\nError: Failed on navigating ACS-GOTO:\nPage.goto: net::ERR_FAILED at https://www.bolton.ac.uk/assets/Murder-Mystery-Exercise-1.pdf\nCall log:\n  - navigating to "https://www.bolton.ac.uk/assets/Murder-Mystery-Exercise-1.pdf", waiting until "domcontentloaded"\n\n\nCode context:\n1200   \n1201                       response = await page.goto(\n1202                           url, wait_until=config.wait_until, timeout=config.page_timeout\n1203                       )\n1204                   except Error as e:\n1205 →                     raise RuntimeError(f"Failed on navigating ACS-GOTO:\\n{str(e)}")\n1206   \n1207                   await self.execute_hook("after_goto", page, context=context, url=url, response=response)\n1208   \n1209                   if response is None:\n1210                       status_code = 200' session_id=None response_headers=None status_code=None ssl_certificate=None


Failed to crawl: https://www.bolton.ac.uk/assets/Course-Overview-by-Tim-Woodward.pdf
Result: url='https://www.bolton.ac.uk/assets/Course-Overview-by-Tim-Woodward.pdf' html='' success=False cleaned_html=None media={} links={} downloaded_files=None screenshot=None pdf=None markdown=None markdown_v2=None fit_markdown=None fit_html=None extracted_content=None metadata=None error_message='Unexpected error in _crawl_web at line 1205 in _crawl_web (../../.pyenv/versions/3.12.6/lib/python3.12/site-packages/crawl4ai/async_crawler_strategy.py):\nError: Failed on navigating ACS-GOTO:\nPage.goto: net::ERR_FAILED at https://www.bolton.ac.uk/assets/Course-Overview-by-Tim-Woodward.pdf\nCall log:\n  - navigating to "https://www.bolton.ac.uk/assets/Course-Overview-by-Tim-Woodward.pdf", waiting until "domcontentloaded"\n\n\nCode context:\n1200   \n1201                       response = await page.goto(\n1202                           url, wait_until=config.wait_until, timeout=config.page_timeout\n1203                       )\n1204                   except Error as e:\n1205 →                     raise RuntimeError(f"Failed on navigating ACS-GOTO:\\n{str(e)}")\n1206   \n1207                   await self.execute_hook("after_goto", page, context=context, url=url, response=response)\n1208   \n1209                   if response is None:\n1210                       status_code = 200' session_id=None response_headers=None status_code=None ssl_certificate=None


Failed to crawl: https://www.bolton.ac.uk/assets/HoldingPage/occlusalcompassconcept.pdf
Result: url='https://www.bolton.ac.uk/assets/HoldingPage/occlusalcompassconcept.pdf' html='' success=False cleaned_html=None media={} links={} downloaded_files=None screenshot=None pdf=None markdown=None markdown_v2=None fit_markdown=None fit_html=None extracted_content=None metadata=None error_message='Unexpected error in _crawl_web at line 1205 in _crawl_web (../../.pyenv/versions/3.12.6/lib/python3.12/site-packages/crawl4ai/async_crawler_strategy.py):\nError: Failed on navigating ACS-GOTO:\nPage.goto: net::ERR_FAILED at https://www.bolton.ac.uk/assets/HoldingPage/occlusalcompassconcept.pdf\nCall log:\n  - navigating to "https://www.bolton.ac.uk/assets/HoldingPage/occlusalcompassconcept.pdf", waiting until "domcontentloaded"\n\n\nCode context:\n1200   \n1201                       response = await page.goto(\n1202                           url, wait_until=config.wait_until, timeout=config.page_timeout\n1203                       )\n1204                   except Error as e:\n1205 →                     raise RuntimeError(f"Failed on navigating ACS-GOTO:\\n{str(e)}")\n1206   \n1207                   await self.execute_hook("after_goto", page, context=context, url=url, response=response)\n1208   \n1209                   if response is None:\n1210                       status_code = 200' session_id=None response_headers=None status_code=None ssl_certificate=None


Failed to crawl: https://www.bolton.ac.uk/assets/HoldingPage/Welcome-to-Dental-Technology.pptx.pdf
Result: url='https://www.bolton.ac.uk/assets/HoldingPage/Welcome-to-Dental-Technology.pptx.pdf' html='' success=False cleaned_html=None media={} links={} downloaded_files=None screenshot=None pdf=None markdown=None markdown_v2=None fit_markdown=None fit_html=None extracted_content=None metadata=None error_message='Unexpected error in _crawl_web at line 1205 in _crawl_web (../../.pyenv/versions/3.12.6/lib/python3.12/site-packages/crawl4ai/async_crawler_strategy.py):\nError: Failed on navigating ACS-GOTO:\nPage.goto: net::ERR_FAILED at https://www.bolton.ac.uk/assets/HoldingPage/Welcome-to-Dental-Technology.pptx.pdf\nCall log:\n  - navigating to "https://www.bolton.ac.uk/assets/HoldingPage/Welcome-to-Dental-Technology.pptx.pdf", waiting until "domcontentloaded"\n\n\nCode context:\n1200   \n1201                       response = await page.goto(\n1202                           url, wait_until=config.wait_until, timeout=config.page_timeout\n1203                       )\n1204                   except Error as e:\n1205 →                     raise RuntimeError(f"Failed on navigating ACS-GOTO:\\n{str(e)}")\n1206   \n1207                   await self.execute_hook("after_goto", page, context=context, url=url, response=response)\n1208   \n1209                   if response is None:\n1210                       status_code = 200' session_id=None response_headers=None status_code=None ssl_certificate=None


Failed to crawl: https://www.bolton.ac.uk/assets/HoldingPage/Giroform-model-construction-CASE-A-silicone-key-2.pdf
Result: url='https://www.bolton.ac.uk/assets/HoldingPage/Giroform-model-construction-CASE-A-silicone-key-2.pdf' html='' success=False cleaned_html=None media={} links={} downloaded_files=None screenshot=None pdf=None markdown=None markdown_v2=None fit_markdown=None fit_html=None extracted_content=None metadata=None error_message='Unexpected error in _crawl_web at line 1205 in _crawl_web (../../.pyenv/versions/3.12.6/lib/python3.12/site-packages/crawl4ai/async_crawler_strategy.py):\nError: Failed on navigating ACS-GOTO:\nPage.goto: net::ERR_FAILED at https://www.bolton.ac.uk/assets/HoldingPage/Giroform-model-construction-CASE-A-silicone-key-2.pdf\nCall log:\n  - navigating to "https://www.bolton.ac.uk/assets/HoldingPage/Giroform-model-construction-CASE-A-silicone-key-2.pdf", waiting until "domcontentloaded"\n\n\nCode context:\n1200   \n1201                       response = await page.goto(\n1202                           url, wait_until=config.wait_until, timeout=config.page_timeout\n1203                       )\n1204                   except Error as e:\n1205 →                     raise RuntimeError(f"Failed on navigating ACS-GOTO:\\n{str(e)}")\n1206   \n1207                   await self.execute_hook("after_goto", page, context=context, url=url, response=response)\n1208   \n1209                   if response is None:\n1210                       status_code = 200' session_id=None response_headers=None status_code=None ssl_certificate=None


Failed to crawl: https://www.bolton.ac.uk/assets/Basic-Simulation-Requirements.pdf
Result: url='https://www.bolton.ac.uk/assets/Basic-Simulation-Requirements.pdf' html='' success=False cleaned_html=None media={} links={} downloaded_files=None screenshot=None pdf=None markdown=None markdown_v2=None fit_markdown=None fit_html=None extracted_content=None metadata=None error_message='Unexpected error in _crawl_web at line 1205 in _crawl_web (../../.pyenv/versions/3.12.6/lib/python3.12/site-packages/crawl4ai/async_crawler_strategy.py):\nError: Failed on navigating ACS-GOTO:\nPage.goto: net::ERR_FAILED at https://www.bolton.ac.uk/assets/Basic-Simulation-Requirements.pdf\nCall log:\n  - navigating to "https://www.bolton.ac.uk/assets/Basic-Simulation-Requirements.pdf", waiting until "domcontentloaded"\n\n\nCode context:\n1200   \n1201                       response = await page.goto(\n1202                           url, wait_until=config.wait_until, timeout=config.page_timeout\n1203                       )\n1204                   except Error as e:\n1205 →                     raise RuntimeError(f"Failed on navigating ACS-GOTO:\\n{str(e)}")\n1206   \n1207                   await self.execute_hook("after_goto", page, context=context, url=url, response=response)\n1208   \n1209                   if response is None:\n1210                       status_code = 200' session_id=None response_headers=None status_code=None ssl_certificate=None


Failed to crawl: https://www.bolton.ac.uk/assets/Presentation-Aesthetics.pdf
Result: url='https://www.bolton.ac.uk/assets/Presentation-Aesthetics.pdf' html='' success=False cleaned_html=None media={} links={} downloaded_files=None screenshot=None pdf=None markdown=None markdown_v2=None fit_markdown=None fit_html=None extracted_content=None metadata=None error_message='Unexpected error in _crawl_web at line 1205 in _crawl_web (../../.pyenv/versions/3.12.6/lib/python3.12/site-packages/crawl4ai/async_crawler_strategy.py):\nError: Failed on navigating ACS-GOTO:\nPage.goto: net::ERR_FAILED at https://www.bolton.ac.uk/assets/Presentation-Aesthetics.pdf\nCall log:\n  - navigating to "https://www.bolton.ac.uk/assets/Presentation-Aesthetics.pdf", waiting until "domcontentloaded"\n\n\nCode context:\n1200   \n1201                       response = await page.goto(\n1202                           url, wait_until=config.wait_until, timeout=config.page_timeout\n1203                       )\n1204                   except Error as e:\n1205 →                     raise RuntimeError(f"Failed on navigating ACS-GOTO:\\n{str(e)}")\n1206   \n1207                   await self.execute_hook("after_goto", page, context=context, url=url, response=response)\n1208   \n1209                   if response is None:\n1210                       status_code = 200' session_id=None response_headers=None status_code=None ssl_certificate=None


Failed to crawl: https://www.bolton.ac.uk/assets/Presentation-Gingival-Recession.pdf
Result: url='https://www.bolton.ac.uk/assets/Presentation-Gingival-Recession.pdf' html='' success=False cleaned_html=None media={} links={} downloaded_files=None screenshot=None pdf=None markdown=None markdown_v2=None fit_markdown=None fit_html=None extracted_content=None metadata=None error_message='Unexpected error in _crawl_web at line 1205 in _crawl_web (../../.pyenv/versions/3.12.6/lib/python3.12/site-packages/crawl4ai/async_crawler_strategy.py):\nError: Failed on navigating ACS-GOTO:\nPage.goto: net::ERR_FAILED at https://www.bolton.ac.uk/assets/Presentation-Gingival-Recession.pdf\nCall log:\n  - navigating to "https://www.bolton.ac.uk/assets/Presentation-Gingival-Recession.pdf", waiting until "domcontentloaded"\n\n\nCode context:\n1200   \n1201                       response = await page.goto(\n1202                           url, wait_until=config.wait_until, timeout=config.page_timeout\n1203                       )\n1204                   except Error as e:\n1205 →                     raise RuntimeError(f"Failed on navigating ACS-GOTO:\\n{str(e)}")\n1206   \n1207                   await self.execute_hook("after_goto", page, context=context, url=url, response=response)\n1208   \n1209                   if response is None:\n1210                       status_code = 200' session_id=None response_headers=None status_code=None ssl_certificate=None


Failed to crawl: https://www.bolton.ac.uk/assets/Presentation-Implant-Retained-Dentures.pdf
Result: url='https://www.bolton.ac.uk/assets/Presentation-Implant-Retained-Dentures.pdf' html='' success=False cleaned_html=None media={} links={} downloaded_files=None screenshot=None pdf=None markdown=None markdown_v2=None fit_markdown=None fit_html=None extracted_content=None metadata=None error_message='Unexpected error in _crawl_web at line 1205 in _crawl_web (../../.pyenv/versions/3.12.6/lib/python3.12/site-packages/crawl4ai/async_crawler_strategy.py):\nError: Failed on navigating ACS-GOTO:\nPage.goto: net::ERR_FAILED at https://www.bolton.ac.uk/assets/Presentation-Implant-Retained-Dentures.pdf\nCall log:\n  - navigating to "https://www.bolton.ac.uk/assets/Presentation-Implant-Retained-Dentures.pdf", waiting until "domcontentloaded"\n\n\nCode context:\n1200   \n1201                       response = await page.goto(\n1202                           url, wait_until=config.wait_until, timeout=config.page_timeout\n1203                       )\n1204                   except Error as e:\n1205 →                     raise RuntimeError(f"Failed on navigating ACS-GOTO:\\n{str(e)}")\n1206   \n1207                   await self.execute_hook("after_goto", page, context=context, url=url, response=response)\n1208   \n1209                   if response is None:\n1210                       status_code = 200' session_id=None response_headers=None status_code=None ssl_certificate=None


Failed to crawl: https://www.bolton.ac.uk/assets/Presentation-Oral-Health-and-the-Impact-on-Appliance-Provision.pdf
Result: url='https://www.bolton.ac.uk/assets/Presentation-Oral-Health-and-the-Impact-on-Appliance-Provision.pdf' html='' success=False cleaned_html=None media={} links={} downloaded_files=None screenshot=None pdf=None markdown=None markdown_v2=None fit_markdown=None fit_html=None extracted_content=None metadata=None error_message='Unexpected error in _crawl_web at line 1205 in _crawl_web (../../.pyenv/versions/3.12.6/lib/python3.12/site-packages/crawl4ai/async_crawler_strategy.py):\nError: Failed on navigating ACS-GOTO:\nPage.goto: net::ERR_FAILED at https://www.bolton.ac.uk/assets/Presentation-Oral-Health-and-the-Impact-on-Appliance-Provision.pdf\nCall log:\n  - navigating to "https://www.bolton.ac.uk/assets/Presentation-Oral-Health-and-the-Impact-on-Appliance-Provision.pdf", waiting until "domcontentloaded"\n\n\nCode context:\n1200   \n1201                       response = await page.goto(\n1202                           url, wait_until=config.wait_until, timeout=config.page_timeout\n1203                       )\n1204                   except Error as e:\n1205 →                     raise RuntimeError(f"Failed on navigating ACS-GOTO:\\n{str(e)}")\n1206   \n1207                   await self.execute_hook("after_goto", page, context=context, url=url, response=response)\n1208   \n1209                   if response is None:\n1210                       status_code = 200' session_id=None response_headers=None status_code=None ssl_certificate=None


Failed to crawl: https://www.bolton.ac.uk/assets/HoldingPage/Solar-Energy-1.pdf
Result: url='https://www.bolton.ac.uk/assets/HoldingPage/Solar-Energy-1.pdf' html='' success=False cleaned_html=None media={} links={} downloaded_files=None screenshot=None pdf=None markdown=None markdown_v2=None fit_markdown=None fit_html=None extracted_content=None metadata=None error_message='Unexpected error in _crawl_web at line 1205 in _crawl_web (../../.pyenv/versions/3.12.6/lib/python3.12/site-packages/crawl4ai/async_crawler_strategy.py):\nError: Failed on navigating ACS-GOTO:\nPage.goto: net::ERR_FAILED at https://www.bolton.ac.uk/assets/HoldingPage/Solar-Energy-1.pdf\nCall log:\n  - navigating to "https://www.bolton.ac.uk/assets/HoldingPage/Solar-Energy-1.pdf", waiting until "domcontentloaded"\n\n\nCode context:\n1200   \n1201                       response = await page.goto(\n1202                           url, wait_until=config.wait_until, timeout=config.page_timeout\n1203                       )\n1204                   except Error as e:\n1205 →                     raise RuntimeError(f"Failed on navigating ACS-GOTO:\\n{str(e)}")\n1206   \n1207                   await self.execute_hook("after_goto", page, context=context, url=url, response=response)\n1208   \n1209                   if response is None:\n1210                       status_code = 200' session_id=None response_headers=None status_code=None ssl_certificate=None


Failed to crawl: https://www.bolton.ac.uk/assets/Student-Example-1-Poster.pdf
Result: url='https://www.bolton.ac.uk/assets/Student-Example-1-Poster.pdf' html='' success=False cleaned_html=None media={} links={} downloaded_files=None screenshot=None pdf=None markdown=None markdown_v2=None fit_markdown=None fit_html=None extracted_content=None metadata=None error_message='Unexpected error in _crawl_web at line 1205 in _crawl_web (../../.pyenv/versions/3.12.6/lib/python3.12/site-packages/crawl4ai/async_crawler_strategy.py):\nError: Failed on navigating ACS-GOTO:\nPage.goto: net::ERR_FAILED at https://www.bolton.ac.uk/assets/Student-Example-1-Poster.pdf\nCall log:\n  - navigating to "https://www.bolton.ac.uk/assets/Student-Example-1-Poster.pdf", waiting until "domcontentloaded"\n\n\nCode context:\n1200   \n1201                       response = await page.goto(\n1202                           url, wait_until=config.wait_until, timeout=config.page_timeout\n1203                       )\n1204                   except Error as e:\n1205 →                     raise RuntimeError(f"Failed on navigating ACS-GOTO:\\n{str(e)}")\n1206   \n1207                   await self.execute_hook("after_goto", page, context=context, url=url, response=response)\n1208   \n1209                   if response is None:\n1210                       status_code = 200' session_id=None response_headers=None status_code=None ssl_certificate=None


Failed to crawl: https://www.bolton.ac.uk/assets/Student-Example-3-Poster-v2.pdf
Result: url='https://www.bolton.ac.uk/assets/Student-Example-3-Poster-v2.pdf' html='' success=False cleaned_html=None media={} links={} downloaded_files=None screenshot=None pdf=None markdown=None markdown_v2=None fit_markdown=None fit_html=None extracted_content=None metadata=None error_message='Unexpected error in _crawl_web at line 1205 in _crawl_web (../../.pyenv/versions/3.12.6/lib/python3.12/site-packages/crawl4ai/async_crawler_strategy.py):\nError: Failed on navigating ACS-GOTO:\nPage.goto: net::ERR_FAILED at https://www.bolton.ac.uk/assets/Student-Example-3-Poster-v2.pdf\nCall log:\n  - navigating to "https://www.bolton.ac.uk/assets/Student-Example-3-Poster-v2.pdf", waiting until "domcontentloaded"\n\n\nCode context:\n1200   \n1201                       response = await page.goto(\n1202                           url, wait_until=config.wait_until, timeout=config.page_timeout\n1203                       )\n1204                   except Error as e:\n1205 →                     raise RuntimeError(f"Failed on navigating ACS-GOTO:\\n{str(e)}")\n1206   \n1207                   await self.execute_hook("after_goto", page, context=context, url=url, response=response)\n1208   \n1209                   if response is None:\n1210                       status_code = 200' session_id=None response_headers=None status_code=None ssl_certificate=None


Failed to crawl: https://www.bolton.ac.uk/assets/Student-Example-2-Poster-v2.pdf
Result: url='https://www.bolton.ac.uk/assets/Student-Example-2-Poster-v2.pdf' html='' success=False cleaned_html=None media={} links={} downloaded_files=None screenshot=None pdf=None markdown=None markdown_v2=None fit_markdown=None fit_html=None extracted_content=None metadata=None error_message='Unexpected error in _crawl_web at line 1205 in _crawl_web (../../.pyenv/versions/3.12.6/lib/python3.12/site-packages/crawl4ai/async_crawler_strategy.py):\nError: Failed on navigating ACS-GOTO:\nPage.goto: net::ERR_FAILED at https://www.bolton.ac.uk/assets/Student-Example-2-Poster-v2.pdf\nCall log:\n  - navigating to "https://www.bolton.ac.uk/assets/Student-Example-2-Poster-v2.pdf", waiting until "domcontentloaded"\n\n\nCode context:\n1200   \n1201                       response = await page.goto(\n1202                           url, wait_until=config.wait_until, timeout=config.page_timeout\n1203                       )\n1204                   except Error as e:\n1205 →                     raise RuntimeError(f"Failed on navigating ACS-GOTO:\\n{str(e)}")\n1206   \n1207                   await self.execute_hook("after_goto", page, context=context, url=url, response=response)\n1208   \n1209                   if response is None:\n1210                       status_code = 200' session_id=None response_headers=None status_code=None ssl_certificate=None


Failed to crawl: https://www.bolton.ac.uk/assets/Contract-Law-Introductory-Lecture-v2.pdf
Result: url='https://www.bolton.ac.uk/assets/Contract-Law-Introductory-Lecture-v2.pdf' html='' success=False cleaned_html=None media={} links={} downloaded_files=None screenshot=None pdf=None markdown=None markdown_v2=None fit_markdown=None fit_html=None extracted_content=None metadata=None error_message='Unexpected error in _crawl_web at line 1205 in _crawl_web (../../.pyenv/versions/3.12.6/lib/python3.12/site-packages/crawl4ai/async_crawler_strategy.py):\nError: Failed on navigating ACS-GOTO:\nPage.goto: net::ERR_FAILED at https://www.bolton.ac.uk/assets/Contract-Law-Introductory-Lecture-v2.pdf\nCall log:\n  - navigating to "https://www.bolton.ac.uk/assets/Contract-Law-Introductory-Lecture-v2.pdf", waiting until "domcontentloaded"\n\n\nCode context:\n1200   \n1201                       response = await page.goto(\n1202                           url, wait_until=config.wait_until, timeout=config.page_timeout\n1203                       )\n1204                   except Error as e:\n1205 →                     raise RuntimeError(f"Failed on navigating ACS-GOTO:\\n{str(e)}")\n1206   \n1207                   await self.execute_hook("after_goto", page, context=context, url=url, response=response)\n1208   \n1209                   if response is None:\n1210                       status_code = 200' session_id=None response_headers=None status_code=None ssl_certificate=None


Failed to crawl: https://www.bolton.ac.uk/assets/Links-to-professional-body-regulations.pdf
Result: url='https://www.bolton.ac.uk/assets/Links-to-professional-body-regulations.pdf' html='' success=False cleaned_html=None media={} links={} downloaded_files=None screenshot=None pdf=None markdown=None markdown_v2=None fit_markdown=None fit_html=None extracted_content=None metadata=None error_message='Unexpected error in _crawl_web at line 1205 in _crawl_web (../../.pyenv/versions/3.12.6/lib/python3.12/site-packages/crawl4ai/async_crawler_strategy.py):\nError: Failed on navigating ACS-GOTO:\nPage.goto: net::ERR_FAILED at https://www.bolton.ac.uk/assets/Links-to-professional-body-regulations.pdf\nCall log:\n  - navigating to "https://www.bolton.ac.uk/assets/Links-to-professional-body-regulations.pdf", waiting until "domcontentloaded"\n\n\nCode context:\n1200   \n1201                       response = await page.goto(\n1202                           url, wait_until=config.wait_until, timeout=config.page_timeout\n1203                       )\n1204                   except Error as e:\n1205 →                     raise RuntimeError(f"Failed on navigating ACS-GOTO:\\n{str(e)}")\n1206   \n1207                   await self.execute_hook("after_goto", page, context=context, url=url, response=response)\n1208   \n1209                   if response is None:\n1210                       status_code = 200' session_id=None response_headers=None status_code=None ssl_certificate=None


Failed to crawl: https://www.bolton.ac.uk/assets/Sports-Rehabilitation-Overview.pdf
Result: url='https://www.bolton.ac.uk/assets/Sports-Rehabilitation-Overview.pdf' html='' success=False cleaned_html=None media={} links={} downloaded_files=None screenshot=None pdf=None markdown=None markdown_v2=None fit_markdown=None fit_html=None extracted_content=None metadata=None error_message='Unexpected error in _crawl_web at line 1205 in _crawl_web (../../.pyenv/versions/3.12.6/lib/python3.12/site-packages/crawl4ai/async_crawler_strategy.py):\nError: Failed on navigating ACS-GOTO:\nPage.goto: net::ERR_FAILED at https://www.bolton.ac.uk/assets/Sports-Rehabilitation-Overview.pdf\nCall log:\n  - navigating to "https://www.bolton.ac.uk/assets/Sports-Rehabilitation-Overview.pdf", waiting until "domcontentloaded"\n\n\nCode context:\n1200   \n1201                       response = await page.goto(\n1202                           url, wait_until=config.wait_until, timeout=config.page_timeout\n1203                       )\n1204                   except Error as e:\n1205 →                     raise RuntimeError(f"Failed on navigating ACS-GOTO:\\n{str(e)}")\n1206   \n1207                   await self.execute_hook("after_goto", page, context=context, url=url, response=response)\n1208   \n1209                   if response is None:\n1210                       status_code = 200' session_id=None response_headers=None status_code=None ssl_certificate=None


Failed to crawl: https://www.bolton.ac.uk/assets/Psychology-as-a-degree-part-1.pdf
Result: url='https://www.bolton.ac.uk/assets/Psychology-as-a-degree-part-1.pdf' html='' success=False cleaned_html=None media={} links={} downloaded_files=None screenshot=None pdf=None markdown=None markdown_v2=None fit_markdown=None fit_html=None extracted_content=None metadata=None error_message='Unexpected error in _crawl_web at line 1205 in _crawl_web (../../.pyenv/versions/3.12.6/lib/python3.12/site-packages/crawl4ai/async_crawler_strategy.py):\nError: Failed on navigating ACS-GOTO:\nPage.goto: net::ERR_FAILED at https://www.bolton.ac.uk/assets/Psychology-as-a-degree-part-1.pdf\nCall log:\n  - navigating to "https://www.bolton.ac.uk/assets/Psychology-as-a-degree-part-1.pdf", waiting until "domcontentloaded"\n\n\nCode context:\n1200   \n1201                       response = await page.goto(\n1202                           url, wait_until=config.wait_until, timeout=config.page_timeout\n1203                       )\n1204                   except Error as e:\n1205 →                     raise RuntimeError(f"Failed on navigating ACS-GOTO:\\n{str(e)}")\n1206   \n1207                   await self.execute_hook("after_goto", page, context=context, url=url, response=response)\n1208   \n1209                   if response is None:\n1210                       status_code = 200' session_id=None response_headers=None status_code=None ssl_certificate=None


Failed to crawl: https://www.bolton.ac.uk/assets/University-Life-Part-2-Gill-Brown.pdf
Result: url='https://www.bolton.ac.uk/assets/University-Life-Part-2-Gill-Brown.pdf' html='' success=False cleaned_html=None media={} links={} downloaded_files=None screenshot=None pdf=None markdown=None markdown_v2=None fit_markdown=None fit_html=None extracted_content=None metadata=None error_message='Unexpected error in _crawl_web at line 1205 in _crawl_web (../../.pyenv/versions/3.12.6/lib/python3.12/site-packages/crawl4ai/async_crawler_strategy.py):\nError: Failed on navigating ACS-GOTO:\nPage.goto: net::ERR_FAILED at https://www.bolton.ac.uk/assets/University-Life-Part-2-Gill-Brown.pdf\nCall log:\n  - navigating to "https://www.bolton.ac.uk/assets/University-Life-Part-2-Gill-Brown.pdf", waiting until "domcontentloaded"\n\n\nCode context:\n1200   \n1201                       response = await page.goto(\n1202                           url, wait_until=config.wait_until, timeout=config.page_timeout\n1203                       )\n1204                   except Error as e:\n1205 →                     raise RuntimeError(f"Failed on navigating ACS-GOTO:\\n{str(e)}")\n1206   \n1207                   await self.execute_hook("after_goto", page, context=context, url=url, response=response)\n1208   \n1209                   if response is None:\n1210                       status_code = 200' session_id=None response_headers=None status_code=None ssl_certificate=None


Failed to crawl: https://www.bolton.ac.uk/assets/Social-Work-Presentation.pdf
Result: url='https://www.bolton.ac.uk/assets/Social-Work-Presentation.pdf' html='' success=False cleaned_html=None media={} links={} downloaded_files=None screenshot=None pdf=None markdown=None markdown_v2=None fit_markdown=None fit_html=None extracted_content=None metadata=None error_message='Unexpected error in _crawl_web at line 1205 in _crawl_web (../../.pyenv/versions/3.12.6/lib/python3.12/site-packages/crawl4ai/async_crawler_strategy.py):\nError: Failed on navigating ACS-GOTO:\nPage.goto: net::ERR_FAILED at https://www.bolton.ac.uk/assets/Social-Work-Presentation.pdf\nCall log:\n  - navigating to "https://www.bolton.ac.uk/assets/Social-Work-Presentation.pdf", waiting until "domcontentloaded"\n\n\nCode context:\n1200   \n1201                       response = await page.goto(\n1202                           url, wait_until=config.wait_until, timeout=config.page_timeout\n1203                       )\n1204                   except Error as e:\n1205 →                     raise RuntimeError(f"Failed on navigating ACS-GOTO:\\n{str(e)}")\n1206   \n1207                   await self.execute_hook("after_goto", page, context=context, url=url, response=response)\n1208   \n1209                   if response is None:\n1210                       status_code = 200' session_id=None response_headers=None status_code=None ssl_certificate=None


Failed to crawl: https://www.bolton.ac.uk/assets/Uploads/Student-Attendance-Monitoring-Policy-2017-18.pdf
Result: url='https://www.bolton.ac.uk/assets/Uploads/Student-Attendance-Monitoring-Policy-2017-18.pdf' html='' success=False cleaned_html=None media={} links={} downloaded_files=None screenshot=None pdf=None markdown=None markdown_v2=None fit_markdown=None fit_html=None extracted_content=None metadata=None error_message='Unexpected error in _crawl_web at line 1205 in _crawl_web (../../.pyenv/versions/3.12.6/lib/python3.12/site-packages/crawl4ai/async_crawler_strategy.py):\nError: Failed on navigating ACS-GOTO:\nPage.goto: net::ERR_FAILED at https://www.bolton.ac.uk/assets/Uploads/Student-Attendance-Monitoring-Policy-2017-18.pdf\nCall log:\n  - navigating to "https://www.bolton.ac.uk/assets/Uploads/Student-Attendance-Monitoring-Policy-2017-18.pdf", waiting until "domcontentloaded"\n\n\nCode context:\n1200   \n1201                       response = await page.goto(\n1202                           url, wait_until=config.wait_until, timeout=config.page_timeout\n1203                       )\n1204                   except Error as e:\n1205 →                     raise RuntimeError(f"Failed on navigating ACS-GOTO:\\n{str(e)}")\n1206   \n1207                   await self.execute_hook("after_goto", page, context=context, url=url, response=response)\n1208   \n1209                   if response is None:\n1210                       status_code = 200' session_id=None response_headers=None status_code=None ssl_certificate=None


Failed to crawl: https://www.bolton.ac.uk/our-staff
Result: url='https://www.bolton.ac.uk/our-staff' html='' success=False cleaned_html=None media={} links={} downloaded_files=None screenshot=None pdf=None markdown=None markdown_v2=None fit_markdown=None fit_html=None extracted_content=None metadata=None error_message='Unexpected error in _crawl_web at line 1205 in _crawl_web (../../.pyenv/versions/3.12.6/lib/python3.12/site-packages/crawl4ai/async_crawler_strategy.py):\nError: Failed on navigating ACS-GOTO:\nPage.goto: Timeout 10000ms exceeded.\nCall log:\n  - navigating to "https://www.bolton.ac.uk/our-staff", waiting until "domcontentloaded"\n\n\nCode context:\n1200   \n1201                       response = await page.goto(\n1202                           url, wait_until=config.wait_until, timeout=config.page_timeout\n1203                       )\n1204                   except Error as e:\n1205 →                     raise RuntimeError(f"Failed on navigating ACS-GOTO:\\n{str(e)}")\n1206   \n1207                   await self.execute_hook("after_goto", page, context=context, url=url, response=response)\n1208   \n1209                   if response is None:\n1210                       status_code = 200' session_id=None response_headers=None status_code=None ssl_certificate=None


Failed to crawl: https://www.bolton.ac.uk/our-staff/dr-andy-baldwin
Result: url='https://www.bolton.ac.uk/our-staff/dr-andy-baldwin' html='' success=False cleaned_html=None media={} links={} downloaded_files=None screenshot=None pdf=None markdown=None markdown_v2=None fit_markdown=None fit_html=None extracted_content=None metadata=None error_message='Unexpected error in _crawl_web at line 1205 in _crawl_web (../../.pyenv/versions/3.12.6/lib/python3.12/site-packages/crawl4ai/async_crawler_strategy.py):\nError: Failed on navigating ACS-GOTO:\nPage.goto: Timeout 10000ms exceeded.\nCall log:\n  - navigating to "https://www.bolton.ac.uk/our-staff/dr-andy-baldwin", waiting until "domcontentloaded"\n\n\nCode context:\n1200   \n1201                       response = await page.goto(\n1202                           url, wait_until=config.wait_until, timeout=config.page_timeout\n1203                       )\n1204                   except Error as e:\n1205 →                     raise RuntimeError(f"Failed on navigating ACS-GOTO:\\n{str(e)}")\n1206   \n1207                   await self.execute_hook("after_goto", page, context=context, url=url, response=response)\n1208   \n1209                   if response is None:\n1210                       status_code = 200' session_id=None response_headers=None status_code=None ssl_certificate=None


Failed to crawl: https://www.bolton.ac.uk/our-staff/dr-mo-sanami
Result: url='https://www.bolton.ac.uk/our-staff/dr-mo-sanami' html='' success=False cleaned_html=None media={} links={} downloaded_files=None screenshot=None pdf=None markdown=None markdown_v2=None fit_markdown=None fit_html=None extracted_content=None metadata=None error_message='Unexpected error in _crawl_web at line 1205 in _crawl_web (../../.pyenv/versions/3.12.6/lib/python3.12/site-packages/crawl4ai/async_crawler_strategy.py):\nError: Failed on navigating ACS-GOTO:\nPage.goto: Timeout 10000ms exceeded.\nCall log:\n  - navigating to "https://www.bolton.ac.uk/our-staff/dr-mo-sanami", waiting until "domcontentloaded"\n\n\nCode context:\n1200   \n1201                       response = await page.goto(\n1202                           url, wait_until=config.wait_until, timeout=config.page_timeout\n1203                       )\n1204                   except Error as e:\n1205 →                     raise RuntimeError(f"Failed on navigating ACS-GOTO:\\n{str(e)}")\n1206   \n1207                   await self.execute_hook("after_goto", page, context=context, url=url, response=response)\n1208   \n1209                   if response is None:\n1210                       status_code = 200' session_id=None response_headers=None status_code=None ssl_certificate=None


Failed to crawl: https://www.bolton.ac.uk/our-staff/adam-hargreaves
Result: url='https://www.bolton.ac.uk/our-staff/adam-hargreaves' html='' success=False cleaned_html=None media={} links={} downloaded_files=None screenshot=None pdf=None markdown=None markdown_v2=None fit_markdown=None fit_html=None extracted_content=None metadata=None error_message='Unexpected error in _crawl_web at line 1205 in _crawl_web (../../.pyenv/versions/3.12.6/lib/python3.12/site-packages/crawl4ai/async_crawler_strategy.py):\nError: Failed on navigating ACS-GOTO:\nPage.goto: Timeout 10000ms exceeded.\nCall log:\n  - navigating to "https://www.bolton.ac.uk/our-staff/adam-hargreaves", waiting until "domcontentloaded"\n\n\nCode context:\n1200   \n1201                       response = await page.goto(\n1202                           url, wait_until=config.wait_until, timeout=config.page_timeout\n1203                       )\n1204                   except Error as e:\n1205 →                     raise RuntimeError(f"Failed on navigating ACS-GOTO:\\n{str(e)}")\n1206   \n1207                   await self.execute_hook("after_goto", page, context=context, url=url, response=response)\n1208   \n1209                   if response is None:\n1210                       status_code = 200' session_id=None response_headers=None status_code=None ssl_certificate=None


Failed to crawl: https://www.bolton.ac.uk/our-staff/dr-sean-sankey
Result: url='https://www.bolton.ac.uk/our-staff/dr-sean-sankey' html='' success=False cleaned_html=None media={} links={} downloaded_files=None screenshot=None pdf=None markdown=None markdown_v2=None fit_markdown=None fit_html=None extracted_content=None metadata=None error_message='Unexpected error in _crawl_web at line 1205 in _crawl_web (../../.pyenv/versions/3.12.6/lib/python3.12/site-packages/crawl4ai/async_crawler_strategy.py):\nError: Failed on navigating ACS-GOTO:\nPage.goto: Timeout 10000ms exceeded.\nCall log:\n  - navigating to "https://www.bolton.ac.uk/our-staff/dr-sean-sankey", waiting until "domcontentloaded"\n\n\nCode context:\n1200   \n1201                       response = await page.goto(\n1202                           url, wait_until=config.wait_until, timeout=config.page_timeout\n1203                       )\n1204                   except Error as e:\n1205 →                     raise RuntimeError(f"Failed on navigating ACS-GOTO:\\n{str(e)}")\n1206   \n1207                   await self.execute_hook("after_goto", page, context=context, url=url, response=response)\n1208   \n1209                   if response is None:\n1210                       status_code = 200' session_id=None response_headers=None status_code=None ssl_certificate=None


Failed to crawl: https://www.bolton.ac.uk/our-staff/dr-erping-zhou
Result: url='https://www.bolton.ac.uk/our-staff/dr-erping-zhou' html='' success=False cleaned_html=None media={} links={} downloaded_files=None screenshot=None pdf=None markdown=None markdown_v2=None fit_markdown=None fit_html=None extracted_content=None metadata=None error_message='Unexpected error in _crawl_web at line 1205 in _crawl_web (../../.pyenv/versions/3.12.6/lib/python3.12/site-packages/crawl4ai/async_crawler_strategy.py):\nError: Failed on navigating ACS-GOTO:\nPage.goto: Timeout 10000ms exceeded.\nCall log:\n  - navigating to "https://www.bolton.ac.uk/our-staff/dr-erping-zhou", waiting until "domcontentloaded"\n\n\nCode context:\n1200   \n1201                       response = await page.goto(\n1202                           url, wait_until=config.wait_until, timeout=config.page_timeout\n1203                       )\n1204                   except Error as e:\n1205 →                     raise RuntimeError(f"Failed on navigating ACS-GOTO:\\n{str(e)}")\n1206   \n1207                   await self.execute_hook("after_goto", page, context=context, url=url, response=response)\n1208   \n1209                   if response is None:\n1210                       status_code = 200' session_id=None response_headers=None status_code=None ssl_certificate=None


Failed to crawl: https://www.bolton.ac.uk/subject-areas/business-management-retail-logistics-and-supply-chain-management/business-management-retail-logistics-and-supply-chain-management-news
Result: url='https://www.bolton.ac.uk/subject-areas/business-management-retail-logistics-and-supply-chain-management/business-management-retail-logistics-and-supply-chain-management-news' html='' success=False cleaned_html=None media={} links={} downloaded_files=None screenshot=None pdf=None markdown=None markdown_v2=None fit_markdown=None fit_html=None extracted_content=None metadata=None error_message='Unexpected error in _crawl_web at line 1205 in _crawl_web (../../.pyenv/versions/3.12.6/lib/python3.12/site-packages/crawl4ai/async_crawler_strategy.py):\nError: Failed on navigating ACS-GOTO:\nPage.goto: Timeout 10000ms exceeded.\nCall log:\n  - navigating to "https://www.bolton.ac.uk/subject-areas/business-management-retail-logistics-and-supply-chain-management/business-management-retail-logistics-and-supply-chain-management-news", waiting until "domcontentloaded"\n\n\nCode context:\n1200   \n1201                       response = await page.goto(\n1202                           url, wait_until=config.wait_until, timeout=config.page_timeout\n1203                       )\n1204                   except Error as e:\n1205 →                     raise RuntimeError(f"Failed on navigating ACS-GOTO:\\n{str(e)}")\n1206   \n1207                   await self.execute_hook("after_goto", page, context=context, url=url, response=response)\n1208   \n1209                   if response is None:\n1210                       status_code = 200' session_id=None response_headers=None status_code=None ssl_certificate=None


Failed to crawl: https://www.bolton.ac.uk/our-staff/ged-clarke
Result: url='https://www.bolton.ac.uk/our-staff/ged-clarke' html='' success=False cleaned_html=None media={} links={} downloaded_files=None screenshot=None pdf=None markdown=None markdown_v2=None fit_markdown=None fit_html=None extracted_content=None metadata=None error_message='Unexpected error in _crawl_web at line 1205 in _crawl_web (../../.pyenv/versions/3.12.6/lib/python3.12/site-packages/crawl4ai/async_crawler_strategy.py):\nError: Failed on navigating ACS-GOTO:\nPage.goto: Timeout 10000ms exceeded.\nCall log:\n  - navigating to "https://www.bolton.ac.uk/our-staff/ged-clarke", waiting until "domcontentloaded"\n\n\nCode context:\n1200   \n1201                       response = await page.goto(\n1202                           url, wait_until=config.wait_until, timeout=config.page_timeout\n1203                       )\n1204                   except Error as e:\n1205 →                     raise RuntimeError(f"Failed on navigating ACS-GOTO:\\n{str(e)}")\n1206   \n1207                   await self.execute_hook("after_goto", page, context=context, url=url, response=response)\n1208   \n1209                   if response is None:\n1210                       status_code = 200' session_id=None response_headers=None status_code=None ssl_certificate=None


Failed to crawl: https://www.bolton.ac.uk/our-staff/sa-thin-wetsandornphong
Result: url='https://www.bolton.ac.uk/our-staff/sa-thin-wetsandornphong' html='' success=False cleaned_html=None media={} links={} downloaded_files=None screenshot=None pdf=None markdown=None markdown_v2=None fit_markdown=None fit_html=None extracted_content=None metadata=None error_message='Unexpected error in _crawl_web at line 1205 in _crawl_web (../../.pyenv/versions/3.12.6/lib/python3.12/site-packages/crawl4ai/async_crawler_strategy.py):\nError: Failed on navigating ACS-GOTO:\nPage.goto: Timeout 10000ms exceeded.\nCall log:\n  - navigating to "https://www.bolton.ac.uk/our-staff/sa-thin-wetsandornphong", waiting until "domcontentloaded"\n\n\nCode context:\n1200   \n1201                       response = await page.goto(\n1202                           url, wait_until=config.wait_until, timeout=config.page_timeout\n1203                       )\n1204                   except Error as e:\n1205 →                     raise RuntimeError(f"Failed on navigating ACS-GOTO:\\n{str(e)}")\n1206   \n1207                   await self.execute_hook("after_goto", page, context=context, url=url, response=response)\n1208   \n1209                   if response is None:\n1210                       status_code = 200' session_id=None response_headers=None status_code=None ssl_certificate=None


Failed to crawl: https://www.bolton.ac.uk/our-staff/ian-mcdonald
Result: url='https://www.bolton.ac.uk/our-staff/ian-mcdonald' html='' success=False cleaned_html=None media={} links={} downloaded_files=None screenshot=None pdf=None markdown=None markdown_v2=None fit_markdown=None fit_html=None extracted_content=None metadata=None error_message='Unexpected error in _crawl_web at line 1205 in _crawl_web (../../.pyenv/versions/3.12.6/lib/python3.12/site-packages/crawl4ai/async_crawler_strategy.py):\nError: Failed on navigating ACS-GOTO:\nPage.goto: Timeout 10000ms exceeded.\nCall log:\n  - navigating to "https://www.bolton.ac.uk/our-staff/ian-mcdonald", waiting until "domcontentloaded"\n\n\nCode context:\n1200   \n1201                       response = await page.goto(\n1202                           url, wait_until=config.wait_until, timeout=config.page_timeout\n1203                       )\n1204                   except Error as e:\n1205 →                     raise RuntimeError(f"Failed on navigating ACS-GOTO:\\n{str(e)}")\n1206   \n1207                   await self.execute_hook("after_goto", page, context=context, url=url, response=response)\n1208   \n1209                   if response is None:\n1210                       status_code = 200' session_id=None response_headers=None status_code=None ssl_certificate=None


Failed to crawl: https://www.bolton.ac.uk/our-staff/martin-mcareavey
Result: url='https://www.bolton.ac.uk/our-staff/martin-mcareavey' html='' success=False cleaned_html=None media={} links={} downloaded_files=None screenshot=None pdf=None markdown=None markdown_v2=None fit_markdown=None fit_html=None extracted_content=None metadata=None error_message='Unexpected error in _crawl_web at line 1205 in _crawl_web (../../.pyenv/versions/3.12.6/lib/python3.12/site-packages/crawl4ai/async_crawler_strategy.py):\nError: Failed on navigating ACS-GOTO:\nPage.goto: Timeout 10000ms exceeded.\nCall log:\n  - navigating to "https://www.bolton.ac.uk/our-staff/martin-mcareavey", waiting until "domcontentloaded"\n\n\nCode context:\n1200   \n1201                       response = await page.goto(\n1202                           url, wait_until=config.wait_until, timeout=config.page_timeout\n1203                       )\n1204                   except Error as e:\n1205 →                     raise RuntimeError(f"Failed on navigating ACS-GOTO:\\n{str(e)}")\n1206   \n1207                   await self.execute_hook("after_goto", page, context=context, url=url, response=response)\n1208   \n1209                   if response is None:\n1210                       status_code = 200' session_id=None response_headers=None status_code=None ssl_certificate=None


Failed to crawl: https://www.bolton.ac.uk/our-staff/dr-denis-hyams-ssekasi
Result: url='https://www.bolton.ac.uk/our-staff/dr-denis-hyams-ssekasi' html='' success=False cleaned_html=None media={} links={} downloaded_files=None screenshot=None pdf=None markdown=None markdown_v2=None fit_markdown=None fit_html=None extracted_content=None metadata=None error_message='Unexpected error in _crawl_web at line 1205 in _crawl_web (../../.pyenv/versions/3.12.6/lib/python3.12/site-packages/crawl4ai/async_crawler_strategy.py):\nError: Failed on navigating ACS-GOTO:\nPage.goto: Timeout 10000ms exceeded.\nCall log:\n  - navigating to "https://www.bolton.ac.uk/our-staff/dr-denis-hyams-ssekasi", waiting until "domcontentloaded"\n\n\nCode context:\n1200   \n1201                       response = await page.goto(\n1202                           url, wait_until=config.wait_until, timeout=config.page_timeout\n1203                       )\n1204                   except Error as e:\n1205 →                     raise RuntimeError(f"Failed on navigating ACS-GOTO:\\n{str(e)}")\n1206   \n1207                   await self.execute_hook("after_goto", page, context=context, url=url, response=response)\n1208   \n1209                   if response is None:\n1210                       status_code = 200' session_id=None response_headers=None status_code=None ssl_certificate=None


Failed to crawl: https://www.bolton.ac.uk/our-staff/paul-cowley
Result: url='https://www.bolton.ac.uk/our-staff/paul-cowley' html='' success=False cleaned_html=None media={} links={} downloaded_files=None screenshot=None pdf=None markdown=None markdown_v2=None fit_markdown=None fit_html=None extracted_content=None metadata=None error_message='Unexpected error in _crawl_web at line 1205 in _crawl_web (../../.pyenv/versions/3.12.6/lib/python3.12/site-packages/crawl4ai/async_crawler_strategy.py):\nError: Failed on navigating ACS-GOTO:\nPage.goto: Timeout 10000ms exceeded.\nCall log:\n  - navigating to "https://www.bolton.ac.uk/our-staff/paul-cowley", waiting until "domcontentloaded"\n\n\nCode context:\n1200   \n1201                       response = await page.goto(\n1202                           url, wait_until=config.wait_until, timeout=config.page_timeout\n1203                       )\n1204                   except Error as e:\n1205 →                     raise RuntimeError(f"Failed on navigating ACS-GOTO:\\n{str(e)}")\n1206   \n1207                   await self.execute_hook("after_goto", page, context=context, url=url, response=response)\n1208   \n1209                   if response is None:\n1210                       status_code = 200' session_id=None response_headers=None status_code=None ssl_certificate=None


Failed to crawl: https://www.bolton.ac.uk/our-staff/ian-chapman
Result: url='https://www.bolton.ac.uk/our-staff/ian-chapman' html='' success=False cleaned_html=None media={} links={} downloaded_files=None screenshot=None pdf=None markdown=None markdown_v2=None fit_markdown=None fit_html=None extracted_content=None metadata=None error_message='Unexpected error in _crawl_web at line 1205 in _crawl_web (../../.pyenv/versions/3.12.6/lib/python3.12/site-packages/crawl4ai/async_crawler_strategy.py):\nError: Failed on navigating ACS-GOTO:\nPage.goto: Timeout 10000ms exceeded.\nCall log:\n  - navigating to "https://www.bolton.ac.uk/our-staff/ian-chapman", waiting until "domcontentloaded"\n\n\nCode context:\n1200   \n1201                       response = await page.goto(\n1202                           url, wait_until=config.wait_until, timeout=config.page_timeout\n1203                       )\n1204                   except Error as e:\n1205 →                     raise RuntimeError(f"Failed on navigating ACS-GOTO:\\n{str(e)}")\n1206   \n1207                   await self.execute_hook("after_goto", page, context=context, url=url, response=response)\n1208   \n1209                   if response is None:\n1210                       status_code = 200' session_id=None response_headers=None status_code=None ssl_certificate=None


Failed to crawl: https://www.bolton.ac.uk/our-staff/matthew-france
Result: url='https://www.bolton.ac.uk/our-staff/matthew-france' html='' success=False cleaned_html=None media={} links={} downloaded_files=None screenshot=None pdf=None markdown=None markdown_v2=None fit_markdown=None fit_html=None extracted_content=None metadata=None error_message='Unexpected error in _crawl_web at line 1205 in _crawl_web (../../.pyenv/versions/3.12.6/lib/python3.12/site-packages/crawl4ai/async_crawler_strategy.py):\nError: Failed on navigating ACS-GOTO:\nPage.goto: Timeout 10000ms exceeded.\nCall log:\n  - navigating to "https://www.bolton.ac.uk/our-staff/matthew-france", waiting until "domcontentloaded"\n\n\nCode context:\n1200   \n1201                       response = await page.goto(\n1202                           url, wait_until=config.wait_until, timeout=config.page_timeout\n1203                       )\n1204                   except Error as e:\n1205 →                     raise RuntimeError(f"Failed on navigating ACS-GOTO:\\n{str(e)}")\n1206   \n1207                   await self.execute_hook("after_goto", page, context=context, url=url, response=response)\n1208   \n1209                   if response is None:\n1210                       status_code = 200' session_id=None response_headers=None status_code=None ssl_certificate=None


Failed to crawl: https://www.bolton.ac.uk/our-staff/lisa-rees-odonnell
Result: url='https://www.bolton.ac.uk/our-staff/lisa-rees-odonnell' html='' success=False cleaned_html=None media={} links={} downloaded_files=None screenshot=None pdf=None markdown=None markdown_v2=None fit_markdown=None fit_html=None extracted_content=None metadata=None error_message='Unexpected error in _crawl_web at line 1205 in _crawl_web (../../.pyenv/versions/3.12.6/lib/python3.12/site-packages/crawl4ai/async_crawler_strategy.py):\nError: Failed on navigating ACS-GOTO:\nPage.goto: Timeout 10000ms exceeded.\nCall log:\n  - navigating to "https://www.bolton.ac.uk/our-staff/lisa-rees-odonnell", waiting until "domcontentloaded"\n\n\nCode context:\n1200   \n1201                       response = await page.goto(\n1202                           url, wait_until=config.wait_until, timeout=config.page_timeout\n1203                       )\n1204                   except Error as e:\n1205 →                     raise RuntimeError(f"Failed on navigating ACS-GOTO:\\n{str(e)}")\n1206   \n1207                   await self.execute_hook("after_goto", page, context=context, url=url, response=response)\n1208   \n1209                   if response is None:\n1210                       status_code = 200' session_id=None response_headers=None status_code=None ssl_certificate=None


Failed to crawl: https://www.bolton.ac.uk/our-staff/prof-robert-wood
Result: url='https://www.bolton.ac.uk/our-staff/prof-robert-wood' html='' success=False cleaned_html=None media={} links={} downloaded_files=None screenshot=None pdf=None markdown=None markdown_v2=None fit_markdown=None fit_html=None extracted_content=None metadata=None error_message='Unexpected error in _crawl_web at line 1205 in _crawl_web (../../.pyenv/versions/3.12.6/lib/python3.12/site-packages/crawl4ai/async_crawler_strategy.py):\nError: Failed on navigating ACS-GOTO:\nPage.goto: Timeout 10000ms exceeded.\nCall log:\n  - navigating to "https://www.bolton.ac.uk/our-staff/prof-robert-wood", waiting until "domcontentloaded"\n\n\nCode context:\n1200   \n1201                       response = await page.goto(\n1202                           url, wait_until=config.wait_until, timeout=config.page_timeout\n1203                       )\n1204                   except Error as e:\n1205 →                     raise RuntimeError(f"Failed on navigating ACS-GOTO:\\n{str(e)}")\n1206   \n1207                   await self.execute_hook("after_goto", page, context=context, url=url, response=response)\n1208   \n1209                   if response is None:\n1210                       status_code = 200' session_id=None response_headers=None status_code=None ssl_certificate=None


Failed to crawl: https://www.bolton.ac.uk/our-staff/irfan-chhadat
Result: url='https://www.bolton.ac.uk/our-staff/irfan-chhadat' html='' success=False cleaned_html=None media={} links={} downloaded_files=None screenshot=None pdf=None markdown=None markdown_v2=None fit_markdown=None fit_html=None extracted_content=None metadata=None error_message='Unexpected error in _crawl_web at line 1205 in _crawl_web (../../.pyenv/versions/3.12.6/lib/python3.12/site-packages/crawl4ai/async_crawler_strategy.py):\nError: Failed on navigating ACS-GOTO:\nPage.goto: Timeout 10000ms exceeded.\nCall log:\n  - navigating to "https://www.bolton.ac.uk/our-staff/irfan-chhadat", waiting until "domcontentloaded"\n\n\nCode context:\n1200   \n1201                       response = await page.goto(\n1202                           url, wait_until=config.wait_until, timeout=config.page_timeout\n1203                       )\n1204                   except Error as e:\n1205 →                     raise RuntimeError(f"Failed on navigating ACS-GOTO:\\n{str(e)}")\n1206   \n1207                   await self.execute_hook("after_goto", page, context=context, url=url, response=response)\n1208   \n1209                   if response is None:\n1210                       status_code = 200' session_id=None response_headers=None status_code=None ssl_certificate=None


Failed to crawl: https://www.bolton.ac.uk/our-staff/ged-ryan
Result: url='https://www.bolton.ac.uk/our-staff/ged-ryan' html='' success=False cleaned_html=None media={} links={} downloaded_files=None screenshot=None pdf=None markdown=None markdown_v2=None fit_markdown=None fit_html=None extracted_content=None metadata=None error_message='Unexpected error in _crawl_web at line 1205 in _crawl_web (../../.pyenv/versions/3.12.6/lib/python3.12/site-packages/crawl4ai/async_crawler_strategy.py):\nError: Failed on navigating ACS-GOTO:\nPage.goto: Timeout 10000ms exceeded.\nCall log:\n  - navigating to "https://www.bolton.ac.uk/our-staff/ged-ryan", waiting until "domcontentloaded"\n\n\nCode context:\n1200   \n1201                       response = await page.goto(\n1202                           url, wait_until=config.wait_until, timeout=config.page_timeout\n1203                       )\n1204                   except Error as e:\n1205 →                     raise RuntimeError(f"Failed on navigating ACS-GOTO:\\n{str(e)}")\n1206   \n1207                   await self.execute_hook("after_goto", page, context=context, url=url, response=response)\n1208   \n1209                   if response is None:\n1210                       status_code = 200' session_id=None response_headers=None status_code=None ssl_certificate=None


Failed to crawl: https://www.bolton.ac.uk/our-staff/imran-akhtar
Result: url='https://www.bolton.ac.uk/our-staff/imran-akhtar' html='' success=False cleaned_html=None media={} links={} downloaded_files=None screenshot=None pdf=None markdown=None markdown_v2=None fit_markdown=None fit_html=None extracted_content=None metadata=None error_message='Unexpected error in _crawl_web at line 1205 in _crawl_web (../../.pyenv/versions/3.12.6/lib/python3.12/site-packages/crawl4ai/async_crawler_strategy.py):\nError: Failed on navigating ACS-GOTO:\nPage.goto: Timeout 10000ms exceeded.\nCall log:\n  - navigating to "https://www.bolton.ac.uk/our-staff/imran-akhtar", waiting until "domcontentloaded"\n\n\nCode context:\n1200   \n1201                       response = await page.goto(\n1202                           url, wait_until=config.wait_until, timeout=config.page_timeout\n1203                       )\n1204                   except Error as e:\n1205 →                     raise RuntimeError(f"Failed on navigating ACS-GOTO:\\n{str(e)}")\n1206   \n1207                   await self.execute_hook("after_goto", page, context=context, url=url, response=response)\n1208   \n1209                   if response is None:\n1210                       status_code = 200' session_id=None response_headers=None status_code=None ssl_certificate=None


Failed to crawl: https://www.bolton.ac.uk/subject-areas/civil-engineering/civil-engineering-news
Result: url='https://www.bolton.ac.uk/subject-areas/civil-engineering/civil-engineering-news' html='' success=False cleaned_html=None media={} links={} downloaded_files=None screenshot=None pdf=None markdown=None markdown_v2=None fit_markdown=None fit_html=None extracted_content=None metadata=None error_message='Unexpected error in _crawl_web at line 1205 in _crawl_web (../../.pyenv/versions/3.12.6/lib/python3.12/site-packages/crawl4ai/async_crawler_strategy.py):\nError: Failed on navigating ACS-GOTO:\nPage.goto: Timeout 10000ms exceeded.\nCall log:\n  - navigating to "https://www.bolton.ac.uk/subject-areas/civil-engineering/civil-engineering-news", waiting until "domcontentloaded"\n\n\nCode context:\n1200   \n1201                       response = await page.goto(\n1202                           url, wait_until=config.wait_until, timeout=config.page_timeout\n1203                       )\n1204                   except Error as e:\n1205 →                     raise RuntimeError(f"Failed on navigating ACS-GOTO:\\n{str(e)}")\n1206   \n1207                   await self.execute_hook("after_goto", page, context=context, url=url, response=response)\n1208   \n1209                   if response is None:\n1210                       status_code = 200' session_id=None response_headers=None status_code=None ssl_certificate=None


Failed to crawl: https://www.bolton.ac.uk/our-staff/dr-abbes-berrais
Result: url='https://www.bolton.ac.uk/our-staff/dr-abbes-berrais' html='' success=False cleaned_html=None media={} links={} downloaded_files=None screenshot=None pdf=None markdown=None markdown_v2=None fit_markdown=None fit_html=None extracted_content=None metadata=None error_message='Unexpected error in _crawl_web at line 1205 in _crawl_web (../../.pyenv/versions/3.12.6/lib/python3.12/site-packages/crawl4ai/async_crawler_strategy.py):\nError: Failed on navigating ACS-GOTO:\nPage.goto: Timeout 10000ms exceeded.\nCall log:\n  - navigating to "https://www.bolton.ac.uk/our-staff/dr-abbes-berrais", waiting until "domcontentloaded"\n\n\nCode context:\n1200   \n1201                       response = await page.goto(\n1202                           url, wait_until=config.wait_until, timeout=config.page_timeout\n1203                       )\n1204                   except Error as e:\n1205 →                     raise RuntimeError(f"Failed on navigating ACS-GOTO:\\n{str(e)}")\n1206   \n1207                   await self.execute_hook("after_goto", page, context=context, url=url, response=response)\n1208   \n1209                   if response is None:\n1210                       status_code = 200' session_id=None response_headers=None status_code=None ssl_certificate=None


Failed to crawl: https://www.bolton.ac.uk/our-staff/prof-peter-farrell
Result: url='https://www.bolton.ac.uk/our-staff/prof-peter-farrell' html='' success=False cleaned_html=None media={} links={} downloaded_files=None screenshot=None pdf=None markdown=None markdown_v2=None fit_markdown=None fit_html=None extracted_content=None metadata=None error_message='Unexpected error in _crawl_web at line 1205 in _crawl_web (../../.pyenv/versions/3.12.6/lib/python3.12/site-packages/crawl4ai/async_crawler_strategy.py):\nError: Failed on navigating ACS-GOTO:\nPage.goto: Timeout 10000ms exceeded.\nCall log:\n  - navigating to "https://www.bolton.ac.uk/our-staff/prof-peter-farrell", waiting until "domcontentloaded"\n\n\nCode context:\n1200   \n1201                       response = await page.goto(\n1202                           url, wait_until=config.wait_until, timeout=config.page_timeout\n1203                       )\n1204                   except Error as e:\n1205 →                     raise RuntimeError(f"Failed on navigating ACS-GOTO:\\n{str(e)}")\n1206   \n1207                   await self.execute_hook("after_goto", page, context=context, url=url, response=response)\n1208   \n1209                   if response is None:\n1210                       status_code = 200' session_id=None response_headers=None status_code=None ssl_certificate=None


Failed to crawl: https://www.bolton.ac.uk/our-staff/dr-henry-oti
Result: url='https://www.bolton.ac.uk/our-staff/dr-henry-oti' html='' success=False cleaned_html=None media={} links={} downloaded_files=None screenshot=None pdf=None markdown=None markdown_v2=None fit_markdown=None fit_html=None extracted_content=None metadata=None error_message='Unexpected error in _crawl_web at line 1205 in _crawl_web (../../.pyenv/versions/3.12.6/lib/python3.12/site-packages/crawl4ai/async_crawler_strategy.py):\nError: Failed on navigating ACS-GOTO:\nPage.goto: Timeout 10000ms exceeded.\nCall log:\n  - navigating to "https://www.bolton.ac.uk/our-staff/dr-henry-oti", waiting until "domcontentloaded"\n\n\nCode context:\n1200   \n1201                       response = await page.goto(\n1202                           url, wait_until=config.wait_until, timeout=config.page_timeout\n1203                       )\n1204                   except Error as e:\n1205 →                     raise RuntimeError(f"Failed on navigating ACS-GOTO:\\n{str(e)}")\n1206   \n1207                   await self.execute_hook("after_goto", page, context=context, url=url, response=response)\n1208   \n1209                   if response is None:\n1210                       status_code = 200' session_id=None response_headers=None status_code=None ssl_certificate=None


Failed to crawl: https://www.bolton.ac.uk/our-staff/dr-furat-al-faraj
Result: url='https://www.bolton.ac.uk/our-staff/dr-furat-al-faraj' html='' success=False cleaned_html=None media={} links={} downloaded_files=None screenshot=None pdf=None markdown=None markdown_v2=None fit_markdown=None fit_html=None extracted_content=None metadata=None error_message='Unexpected error in _crawl_web at line 1205 in _crawl_web (../../.pyenv/versions/3.12.6/lib/python3.12/site-packages/crawl4ai/async_crawler_strategy.py):\nError: Failed on navigating ACS-GOTO:\nPage.goto: Timeout 10000ms exceeded.\nCall log:\n  - navigating to "https://www.bolton.ac.uk/our-staff/dr-furat-al-faraj", waiting until "domcontentloaded"\n\n\nCode context:\n1200   \n1201                       response = await page.goto(\n1202                           url, wait_until=config.wait_until, timeout=config.page_timeout\n1203                       )\n1204                   except Error as e:\n1205 →                     raise RuntimeError(f"Failed on navigating ACS-GOTO:\\n{str(e)}")\n1206   \n1207                   await self.execute_hook("after_goto", page, context=context, url=url, response=response)\n1208   \n1209                   if response is None:\n1210                       status_code = 200' session_id=None response_headers=None status_code=None ssl_certificate=None


Failed to crawl: https://www.bolton.ac.uk/our-staff/dr-yassin-osman
Result: url='https://www.bolton.ac.uk/our-staff/dr-yassin-osman' html='' success=False cleaned_html=None media={} links={} downloaded_files=None screenshot=None pdf=None markdown=None markdown_v2=None fit_markdown=None fit_html=None extracted_content=None metadata=None error_message='Unexpected error in _crawl_web at line 1205 in _crawl_web (../../.pyenv/versions/3.12.6/lib/python3.12/site-packages/crawl4ai/async_crawler_strategy.py):\nError: Failed on navigating ACS-GOTO:\nPage.goto: Timeout 10000ms exceeded.\nCall log:\n  - navigating to "https://www.bolton.ac.uk/our-staff/dr-yassin-osman", waiting until "domcontentloaded"\n\n\nCode context:\n1200   \n1201                       response = await page.goto(\n1202                           url, wait_until=config.wait_until, timeout=config.page_timeout\n1203                       )\n1204                   except Error as e:\n1205 →                     raise RuntimeError(f"Failed on navigating ACS-GOTO:\\n{str(e)}")\n1206   \n1207                   await self.execute_hook("after_goto", page, context=context, url=url, response=response)\n1208   \n1209                   if response is None:\n1210                       status_code = 200' session_id=None response_headers=None status_code=None ssl_certificate=None


Failed to crawl: https://www.bolton.ac.uk/our-staff/dr-abdul-salam-darwish
Result: url='https://www.bolton.ac.uk/our-staff/dr-abdul-salam-darwish' html='' success=False cleaned_html=None media={} links={} downloaded_files=None screenshot=None pdf=None markdown=None markdown_v2=None fit_markdown=None fit_html=None extracted_content=None metadata=None error_message='Unexpected error in _crawl_web at line 1205 in _crawl_web (../../.pyenv/versions/3.12.6/lib/python3.12/site-packages/crawl4ai/async_crawler_strategy.py):\nError: Failed on navigating ACS-GOTO:\nPage.goto: Timeout 10000ms exceeded.\nCall log:\n  - navigating to "https://www.bolton.ac.uk/our-staff/dr-abdul-salam-darwish", waiting until "domcontentloaded"\n\n\nCode context:\n1200   \n1201                       response = await page.goto(\n1202                           url, wait_until=config.wait_until, timeout=config.page_timeout\n1203                       )\n1204                   except Error as e:\n1205 →                     raise RuntimeError(f"Failed on navigating ACS-GOTO:\\n{str(e)}")\n1206   \n1207                   await self.execute_hook("after_goto", page, context=context, url=url, response=response)\n1208   \n1209                   if response is None:\n1210                       status_code = 200' session_id=None response_headers=None status_code=None ssl_certificate=None


Failed to crawl: https://www.bolton.ac.uk/subject-areas/clinical-and-biomedical-sciences/clinical-and-biomedical-sciences-news
Result: url='https://www.bolton.ac.uk/subject-areas/clinical-and-biomedical-sciences/clinical-and-biomedical-sciences-news' html='' success=False cleaned_html=None media={} links={} downloaded_files=None screenshot=None pdf=None markdown=None markdown_v2=None fit_markdown=None fit_html=None extracted_content=None metadata=None error_message='Unexpected error in _crawl_web at line 1205 in _crawl_web (../../.pyenv/versions/3.12.6/lib/python3.12/site-packages/crawl4ai/async_crawler_strategy.py):\nError: Failed on navigating ACS-GOTO:\nPage.goto: Timeout 10000ms exceeded.\nCall log:\n  - navigating to "https://www.bolton.ac.uk/subject-areas/clinical-and-biomedical-sciences/clinical-and-biomedical-sciences-news", waiting until "domcontentloaded"\n\n\nCode context:\n1200   \n1201                       response = await page.goto(\n1202                           url, wait_until=config.wait_until, timeout=config.page_timeout\n1203                       )\n1204                   except Error as e:\n1205 →                     raise RuntimeError(f"Failed on navigating ACS-GOTO:\\n{str(e)}")\n1206   \n1207                   await self.execute_hook("after_goto", page, context=context, url=url, response=response)\n1208   \n1209                   if response is None:\n1210                       status_code = 200' session_id=None response_headers=None status_code=None ssl_certificate=None


Failed to crawl: https://www.bolton.ac.uk/our-staff/ambar-basu
Result: url='https://www.bolton.ac.uk/our-staff/ambar-basu' html='' success=False cleaned_html=None media={} links={} downloaded_files=None screenshot=None pdf=None markdown=None markdown_v2=None fit_markdown=None fit_html=None extracted_content=None metadata=None error_message='Unexpected error in _crawl_web at line 1205 in _crawl_web (../../.pyenv/versions/3.12.6/lib/python3.12/site-packages/crawl4ai/async_crawler_strategy.py):\nError: Failed on navigating ACS-GOTO:\nPage.goto: Timeout 10000ms exceeded.\nCall log:\n  - navigating to "https://www.bolton.ac.uk/our-staff/ambar-basu", waiting until "domcontentloaded"\n\n\nCode context:\n1200   \n1201                       response = await page.goto(\n1202                           url, wait_until=config.wait_until, timeout=config.page_timeout\n1203                       )\n1204                   except Error as e:\n1205 →                     raise RuntimeError(f"Failed on navigating ACS-GOTO:\\n{str(e)}")\n1206   \n1207                   await self.execute_hook("after_goto", page, context=context, url=url, response=response)\n1208   \n1209                   if response is None:\n1210                       status_code = 200' session_id=None response_headers=None status_code=None ssl_certificate=None


Failed to crawl: https://www.bolton.ac.uk/our-staff/dr-carole-farrell
Result: url='https://www.bolton.ac.uk/our-staff/dr-carole-farrell' html='' success=False cleaned_html=None media={} links={} downloaded_files=None screenshot=None pdf=None markdown=None markdown_v2=None fit_markdown=None fit_html=None extracted_content=None metadata=None error_message='Unexpected error in _crawl_web at line 1205 in _crawl_web (../../.pyenv/versions/3.12.6/lib/python3.12/site-packages/crawl4ai/async_crawler_strategy.py):\nError: Failed on navigating ACS-GOTO:\nPage.goto: Timeout 10000ms exceeded.\nCall log:\n  - navigating to "https://www.bolton.ac.uk/our-staff/dr-carole-farrell", waiting until "domcontentloaded"\n\n\nCode context:\n1200   \n1201                       response = await page.goto(\n1202                           url, wait_until=config.wait_until, timeout=config.page_timeout\n1203                       )\n1204                   except Error as e:\n1205 →                     raise RuntimeError(f"Failed on navigating ACS-GOTO:\\n{str(e)}")\n1206   \n1207                   await self.execute_hook("after_goto", page, context=context, url=url, response=response)\n1208   \n1209                   if response is None:\n1210                       status_code = 200' session_id=None response_headers=None status_code=None ssl_certificate=None


Failed to crawl: https://www.bolton.ac.uk/our-staff/r-tariq
Result: url='https://www.bolton.ac.uk/our-staff/r-tariq' html='' success=False cleaned_html=None media={} links={} downloaded_files=None screenshot=None pdf=None markdown=None markdown_v2=None fit_markdown=None fit_html=None extracted_content=None metadata=None error_message='Unexpected error in _crawl_web at line 1205 in _crawl_web (../../.pyenv/versions/3.12.6/lib/python3.12/site-packages/crawl4ai/async_crawler_strategy.py):\nError: Failed on navigating ACS-GOTO:\nPage.goto: Timeout 10000ms exceeded.\nCall log:\n  - navigating to "https://www.bolton.ac.uk/our-staff/r-tariq", waiting until "domcontentloaded"\n\n\nCode context:\n1200   \n1201                       response = await page.goto(\n1202                           url, wait_until=config.wait_until, timeout=config.page_timeout\n1203                       )\n1204                   except Error as e:\n1205 →                     raise RuntimeError(f"Failed on navigating ACS-GOTO:\\n{str(e)}")\n1206   \n1207                   await self.execute_hook("after_goto", page, context=context, url=url, response=response)\n1208   \n1209                   if response is None:\n1210                       status_code = 200' session_id=None response_headers=None status_code=None ssl_certificate=None


Failed to crawl: https://www.bolton.ac.uk/our-staff/mark-holland
Result: url='https://www.bolton.ac.uk/our-staff/mark-holland' html='' success=False cleaned_html=None media={} links={} downloaded_files=None screenshot=None pdf=None markdown=None markdown_v2=None fit_markdown=None fit_html=None extracted_content=None metadata=None error_message='Unexpected error in _crawl_web at line 1205 in _crawl_web (../../.pyenv/versions/3.12.6/lib/python3.12/site-packages/crawl4ai/async_crawler_strategy.py):\nError: Failed on navigating ACS-GOTO:\nPage.goto: Timeout 10000ms exceeded.\nCall log:\n  - navigating to "https://www.bolton.ac.uk/our-staff/mark-holland", waiting until "domcontentloaded"\n\n\nCode context:\n1200   \n1201                       response = await page.goto(\n1202                           url, wait_until=config.wait_until, timeout=config.page_timeout\n1203                       )\n1204                   except Error as e:\n1205 →                     raise RuntimeError(f"Failed on navigating ACS-GOTO:\\n{str(e)}")\n1206   \n1207                   await self.execute_hook("after_goto", page, context=context, url=url, response=response)\n1208   \n1209                   if response is None:\n1210                       status_code = 200' session_id=None response_headers=None status_code=None ssl_certificate=None


Failed to crawl: https://www.bolton.ac.uk/our-staff/michelle-powell
Result: url='https://www.bolton.ac.uk/our-staff/michelle-powell' html='' success=False cleaned_html=None media={} links={} downloaded_files=None screenshot=None pdf=None markdown=None markdown_v2=None fit_markdown=None fit_html=None extracted_content=None metadata=None error_message='Unexpected error in _crawl_web at line 1205 in _crawl_web (../../.pyenv/versions/3.12.6/lib/python3.12/site-packages/crawl4ai/async_crawler_strategy.py):\nError: Failed on navigating ACS-GOTO:\nPage.goto: Timeout 10000ms exceeded.\nCall log:\n  - navigating to "https://www.bolton.ac.uk/our-staff/michelle-powell", waiting until "domcontentloaded"\n\n\nCode context:\n1200   \n1201                       response = await page.goto(\n1202                           url, wait_until=config.wait_until, timeout=config.page_timeout\n1203                       )\n1204                   except Error as e:\n1205 →                     raise RuntimeError(f"Failed on navigating ACS-GOTO:\\n{str(e)}")\n1206   \n1207                   await self.execute_hook("after_goto", page, context=context, url=url, response=response)\n1208   \n1209                   if response is None:\n1210                       status_code = 200' session_id=None response_headers=None status_code=None ssl_certificate=None


Failed to crawl: https://www.bolton.ac.uk/our-staff/shyam-muthiah-jayachandran
Result: url='https://www.bolton.ac.uk/our-staff/shyam-muthiah-jayachandran' html='' success=False cleaned_html=None media={} links={} downloaded_files=None screenshot=None pdf=None markdown=None markdown_v2=None fit_markdown=None fit_html=None extracted_content=None metadata=None error_message='Unexpected error in _crawl_web at line 1205 in _crawl_web (../../.pyenv/versions/3.12.6/lib/python3.12/site-packages/crawl4ai/async_crawler_strategy.py):\nError: Failed on navigating ACS-GOTO:\nPage.goto: Timeout 10000ms exceeded.\nCall log:\n  - navigating to "https://www.bolton.ac.uk/our-staff/shyam-muthiah-jayachandran", waiting until "domcontentloaded"\n\n\nCode context:\n1200   \n1201                       response = await page.goto(\n1202                           url, wait_until=config.wait_until, timeout=config.page_timeout\n1203                       )\n1204                   except Error as e:\n1205 →                     raise RuntimeError(f"Failed on navigating ACS-GOTO:\\n{str(e)}")\n1206   \n1207                   await self.execute_hook("after_goto", page, context=context, url=url, response=response)\n1208   \n1209                   if response is None:\n1210                       status_code = 200' session_id=None response_headers=None status_code=None ssl_certificate=None


Failed to crawl: https://www.bolton.ac.uk/our-staff/uthayaganeshan-ganeshathurai
Result: url='https://www.bolton.ac.uk/our-staff/uthayaganeshan-ganeshathurai' html='' success=False cleaned_html=None media={} links={} downloaded_files=None screenshot=None pdf=None markdown=None markdown_v2=None fit_markdown=None fit_html=None extracted_content=None metadata=None error_message='Unexpected error in _crawl_web at line 1205 in _crawl_web (../../.pyenv/versions/3.12.6/lib/python3.12/site-packages/crawl4ai/async_crawler_strategy.py):\nError: Failed on navigating ACS-GOTO:\nPage.goto: Timeout 10000ms exceeded.\nCall log:\n  - navigating to "https://www.bolton.ac.uk/our-staff/uthayaganeshan-ganeshathurai", waiting until "domcontentloaded"\n\n\nCode context:\n1200   \n1201                       response = await page.goto(\n1202                           url, wait_until=config.wait_until, timeout=config.page_timeout\n1203                       )\n1204                   except Error as e:\n1205 →                     raise RuntimeError(f"Failed on navigating ACS-GOTO:\\n{str(e)}")\n1206   \n1207                   await self.execute_hook("after_goto", page, context=context, url=url, response=response)\n1208   \n1209                   if response is None:\n1210                       status_code = 200' session_id=None response_headers=None status_code=None ssl_certificate=None


Failed to crawl: https://www.bolton.ac.uk/our-staff/gareth-hughes
Result: url='https://www.bolton.ac.uk/our-staff/gareth-hughes' html='' success=False cleaned_html=None media={} links={} downloaded_files=None screenshot=None pdf=None markdown=None markdown_v2=None fit_markdown=None fit_html=None extracted_content=None metadata=None error_message='Unexpected error in _crawl_web at line 1205 in _crawl_web (../../.pyenv/versions/3.12.6/lib/python3.12/site-packages/crawl4ai/async_crawler_strategy.py):\nError: Failed on navigating ACS-GOTO:\nPage.goto: Timeout 10000ms exceeded.\nCall log:\n  - navigating to "https://www.bolton.ac.uk/our-staff/gareth-hughes", waiting until "domcontentloaded"\n\n\nCode context:\n1200   \n1201                       response = await page.goto(\n1202                           url, wait_until=config.wait_until, timeout=config.page_timeout\n1203                       )\n1204                   except Error as e:\n1205 →                     raise RuntimeError(f"Failed on navigating ACS-GOTO:\\n{str(e)}")\n1206   \n1207                   await self.execute_hook("after_goto", page, context=context, url=url, response=response)\n1208   \n1209                   if response is None:\n1210                       status_code = 200' session_id=None response_headers=None status_code=None ssl_certificate=None


Failed to crawl: https://www.bolton.ac.uk/our-staff/payal-wilson
Result: url='https://www.bolton.ac.uk/our-staff/payal-wilson' html='' success=False cleaned_html=None media={} links={} downloaded_files=None screenshot=None pdf=None markdown=None markdown_v2=None fit_markdown=None fit_html=None extracted_content=None metadata=None error_message='Unexpected error in _crawl_web at line 1205 in _crawl_web (../../.pyenv/versions/3.12.6/lib/python3.12/site-packages/crawl4ai/async_crawler_strategy.py):\nError: Failed on navigating ACS-GOTO:\nPage.goto: Timeout 10000ms exceeded.\nCall log:\n  - navigating to "https://www.bolton.ac.uk/our-staff/payal-wilson", waiting until "domcontentloaded"\n\n\nCode context:\n1200   \n1201                       response = await page.goto(\n1202                           url, wait_until=config.wait_until, timeout=config.page_timeout\n1203                       )\n1204                   except Error as e:\n1205 →                     raise RuntimeError(f"Failed on navigating ACS-GOTO:\\n{str(e)}")\n1206   \n1207                   await self.execute_hook("after_goto", page, context=context, url=url, response=response)\n1208   \n1209                   if response is None:\n1210                       status_code = 200' session_id=None response_headers=None status_code=None ssl_certificate=None


Failed to crawl: https://www.bolton.ac.uk/our-staff/alecea-white
Result: url='https://www.bolton.ac.uk/our-staff/alecea-white' html='' success=False cleaned_html=None media={} links={} downloaded_files=None screenshot=None pdf=None markdown=None markdown_v2=None fit_markdown=None fit_html=None extracted_content=None metadata=None error_message='Unexpected error in _crawl_web at line 1205 in _crawl_web (../../.pyenv/versions/3.12.6/lib/python3.12/site-packages/crawl4ai/async_crawler_strategy.py):\nError: Failed on navigating ACS-GOTO:\nPage.goto: Timeout 10000ms exceeded.\nCall log:\n  - navigating to "https://www.bolton.ac.uk/our-staff/alecea-white", waiting until "domcontentloaded"\n\n\nCode context:\n1200   \n1201                       response = await page.goto(\n1202                           url, wait_until=config.wait_until, timeout=config.page_timeout\n1203                       )\n1204                   except Error as e:\n1205 →                     raise RuntimeError(f"Failed on navigating ACS-GOTO:\\n{str(e)}")\n1206   \n1207                   await self.execute_hook("after_goto", page, context=context, url=url, response=response)\n1208   \n1209                   if response is None:\n1210                       status_code = 200' session_id=None response_headers=None status_code=None ssl_certificate=None


Failed to crawl: https://www.bolton.ac.uk/our-staff/pip-page
Result: url='https://www.bolton.ac.uk/our-staff/pip-page' html='' success=False cleaned_html=None media={} links={} downloaded_files=None screenshot=None pdf=None markdown=None markdown_v2=None fit_markdown=None fit_html=None extracted_content=None metadata=None error_message='Unexpected error in _crawl_web at line 1205 in _crawl_web (../../.pyenv/versions/3.12.6/lib/python3.12/site-packages/crawl4ai/async_crawler_strategy.py):\nError: Failed on navigating ACS-GOTO:\nPage.goto: Timeout 10000ms exceeded.\nCall log:\n  - navigating to "https://www.bolton.ac.uk/our-staff/pip-page", waiting until "domcontentloaded"\n\n\nCode context:\n1200   \n1201                       response = await page.goto(\n1202                           url, wait_until=config.wait_until, timeout=config.page_timeout\n1203                       )\n1204                   except Error as e:\n1205 →                     raise RuntimeError(f"Failed on navigating ACS-GOTO:\\n{str(e)}")\n1206   \n1207                   await self.execute_hook("after_goto", page, context=context, url=url, response=response)\n1208   \n1209                   if response is None:\n1210                       status_code = 200' session_id=None response_headers=None status_code=None ssl_certificate=None


Failed to crawl: https://www.bolton.ac.uk/our-staff/aindrias-ryan
Result: url='https://www.bolton.ac.uk/our-staff/aindrias-ryan' html='' success=False cleaned_html=None media={} links={} downloaded_files=None screenshot=None pdf=None markdown=None markdown_v2=None fit_markdown=None fit_html=None extracted_content=None metadata=None error_message='Unexpected error in _crawl_web at line 1205 in _crawl_web (../../.pyenv/versions/3.12.6/lib/python3.12/site-packages/crawl4ai/async_crawler_strategy.py):\nError: Failed on navigating ACS-GOTO:\nPage.goto: Timeout 10000ms exceeded.\nCall log:\n  - navigating to "https://www.bolton.ac.uk/our-staff/aindrias-ryan", waiting until "domcontentloaded"\n\n\nCode context:\n1200   \n1201                       response = await page.goto(\n1202                           url, wait_until=config.wait_until, timeout=config.page_timeout\n1203                       )\n1204                   except Error as e:\n1205 →                     raise RuntimeError(f"Failed on navigating ACS-GOTO:\\n{str(e)}")\n1206   \n1207                   await self.execute_hook("after_goto", page, context=context, url=url, response=response)\n1208   \n1209                   if response is None:\n1210                       status_code = 200' session_id=None response_headers=None status_code=None ssl_certificate=None


Failed to crawl: https://www.bolton.ac.uk/subject-areas/community-development-and-youth/community-development-and-youth-news
Result: url='https://www.bolton.ac.uk/subject-areas/community-development-and-youth/community-development-and-youth-news' html='' success=False cleaned_html=None media={} links={} downloaded_files=None screenshot=None pdf=None markdown=None markdown_v2=None fit_markdown=None fit_html=None extracted_content=None metadata=None error_message='Unexpected error in _crawl_web at line 1205 in _crawl_web (../../.pyenv/versions/3.12.6/lib/python3.12/site-packages/crawl4ai/async_crawler_strategy.py):\nError: Failed on navigating ACS-GOTO:\nPage.goto: Timeout 10000ms exceeded.\nCall log:\n  - navigating to "https://www.bolton.ac.uk/subject-areas/community-development-and-youth/community-development-and-youth-news", waiting until "domcontentloaded"\n\n\nCode context:\n1200   \n1201                       response = await page.goto(\n1202                           url, wait_until=config.wait_until, timeout=config.page_timeout\n1203                       )\n1204                   except Error as e:\n1205 →                     raise RuntimeError(f"Failed on navigating ACS-GOTO:\\n{str(e)}")\n1206   \n1207                   await self.execute_hook("after_goto", page, context=context, url=url, response=response)\n1208   \n1209                   if response is None:\n1210                       status_code = 200' session_id=None response_headers=None status_code=None ssl_certificate=None


Failed to crawl: https://www.bolton.ac.uk/our-staff/andrea-walker
Result: url='https://www.bolton.ac.uk/our-staff/andrea-walker' html='' success=False cleaned_html=None media={} links={} downloaded_files=None screenshot=None pdf=None markdown=None markdown_v2=None fit_markdown=None fit_html=None extracted_content=None metadata=None error_message='Unexpected error in _crawl_web at line 1205 in _crawl_web (../../.pyenv/versions/3.12.6/lib/python3.12/site-packages/crawl4ai/async_crawler_strategy.py):\nError: Failed on navigating ACS-GOTO:\nPage.goto: Timeout 10000ms exceeded.\nCall log:\n  - navigating to "https://www.bolton.ac.uk/our-staff/andrea-walker", waiting until "domcontentloaded"\n\n\nCode context:\n1200   \n1201                       response = await page.goto(\n1202                           url, wait_until=config.wait_until, timeout=config.page_timeout\n1203                       )\n1204                   except Error as e:\n1205 →                     raise RuntimeError(f"Failed on navigating ACS-GOTO:\\n{str(e)}")\n1206   \n1207                   await self.execute_hook("after_goto", page, context=context, url=url, response=response)\n1208   \n1209                   if response is None:\n1210                       status_code = 200' session_id=None response_headers=None status_code=None ssl_certificate=None


Failed to crawl: https://www.bolton.ac.uk/our-staff/dr-joanne-smith
Result: url='https://www.bolton.ac.uk/our-staff/dr-joanne-smith' html='' success=False cleaned_html=None media={} links={} downloaded_files=None screenshot=None pdf=None markdown=None markdown_v2=None fit_markdown=None fit_html=None extracted_content=None metadata=None error_message='Unexpected error in _crawl_web at line 1205 in _crawl_web (../../.pyenv/versions/3.12.6/lib/python3.12/site-packages/crawl4ai/async_crawler_strategy.py):\nError: Failed on navigating ACS-GOTO:\nPage.goto: Timeout 10000ms exceeded.\nCall log:\n  - navigating to "https://www.bolton.ac.uk/our-staff/dr-joanne-smith", waiting until "domcontentloaded"\n\n\nCode context:\n1200   \n1201                       response = await page.goto(\n1202                           url, wait_until=config.wait_until, timeout=config.page_timeout\n1203                       )\n1204                   except Error as e:\n1205 →                     raise RuntimeError(f"Failed on navigating ACS-GOTO:\\n{str(e)}")\n1206   \n1207                   await self.execute_hook("after_goto", page, context=context, url=url, response=response)\n1208   \n1209                   if response is None:\n1210                       status_code = 200' session_id=None response_headers=None status_code=None ssl_certificate=None


Failed to crawl: https://www.bolton.ac.uk/our-staff/kevin-burke
Result: url='https://www.bolton.ac.uk/our-staff/kevin-burke' html='' success=False cleaned_html=None media={} links={} downloaded_files=None screenshot=None pdf=None markdown=None markdown_v2=None fit_markdown=None fit_html=None extracted_content=None metadata=None error_message='Unexpected error in _crawl_web at line 1205 in _crawl_web (../../.pyenv/versions/3.12.6/lib/python3.12/site-packages/crawl4ai/async_crawler_strategy.py):\nError: Failed on navigating ACS-GOTO:\nPage.goto: Timeout 10000ms exceeded.\nCall log:\n  - navigating to "https://www.bolton.ac.uk/our-staff/kevin-burke", waiting until "domcontentloaded"\n\n\nCode context:\n1200   \n1201                       response = await page.goto(\n1202                           url, wait_until=config.wait_until, timeout=config.page_timeout\n1203                       )\n1204                   except Error as e:\n1205 →                     raise RuntimeError(f"Failed on navigating ACS-GOTO:\\n{str(e)}")\n1206   \n1207                   await self.execute_hook("after_goto", page, context=context, url=url, response=response)\n1208   \n1209                   if response is None:\n1210                       status_code = 200' session_id=None response_headers=None status_code=None ssl_certificate=None


Failed to crawl: https://www.bolton.ac.uk/our-staff/paula-connaughton
Result: url='https://www.bolton.ac.uk/our-staff/paula-connaughton' html='' success=False cleaned_html=None media={} links={} downloaded_files=None screenshot=None pdf=None markdown=None markdown_v2=None fit_markdown=None fit_html=None extracted_content=None metadata=None error_message='Unexpected error in _crawl_web at line 1205 in _crawl_web (../../.pyenv/versions/3.12.6/lib/python3.12/site-packages/crawl4ai/async_crawler_strategy.py):\nError: Failed on navigating ACS-GOTO:\nPage.goto: Timeout 10000ms exceeded.\nCall log:\n  - navigating to "https://www.bolton.ac.uk/our-staff/paula-connaughton", waiting until "domcontentloaded"\n\n\nCode context:\n1200   \n1201                       response = await page.goto(\n1202                           url, wait_until=config.wait_until, timeout=config.page_timeout\n1203                       )\n1204                   except Error as e:\n1205 →                     raise RuntimeError(f"Failed on navigating ACS-GOTO:\\n{str(e)}")\n1206   \n1207                   await self.execute_hook("after_goto", page, context=context, url=url, response=response)\n1208   \n1209                   if response is None:\n1210                       status_code = 200' session_id=None response_headers=None status_code=None ssl_certificate=None


Failed to crawl: https://www.bolton.ac.uk/our-staff/andrew-parker
Result: url='https://www.bolton.ac.uk/our-staff/andrew-parker' html='' success=False cleaned_html=None media={} links={} downloaded_files=None screenshot=None pdf=None markdown=None markdown_v2=None fit_markdown=None fit_html=None extracted_content=None metadata=None error_message='Unexpected error in _crawl_web at line 1205 in _crawl_web (../../.pyenv/versions/3.12.6/lib/python3.12/site-packages/crawl4ai/async_crawler_strategy.py):\nError: Failed on navigating ACS-GOTO:\nPage.goto: Timeout 10000ms exceeded.\nCall log:\n  - navigating to "https://www.bolton.ac.uk/our-staff/andrew-parker", waiting until "domcontentloaded"\n\n\nCode context:\n1200   \n1201                       response = await page.goto(\n1202                           url, wait_until=config.wait_until, timeout=config.page_timeout\n1203                       )\n1204                   except Error as e:\n1205 →                     raise RuntimeError(f"Failed on navigating ACS-GOTO:\\n{str(e)}")\n1206   \n1207                   await self.execute_hook("after_goto", page, context=context, url=url, response=response)\n1208   \n1209                   if response is None:\n1210                       status_code = 200' session_id=None response_headers=None status_code=None ssl_certificate=None


Failed to crawl: https://www.bolton.ac.uk/our-staff/abdul-razak
Result: url='https://www.bolton.ac.uk/our-staff/abdul-razak' html='' success=False cleaned_html=None media={} links={} downloaded_files=None screenshot=None pdf=None markdown=None markdown_v2=None fit_markdown=None fit_html=None extracted_content=None metadata=None error_message='Unexpected error in _crawl_web at line 1205 in _crawl_web (../../.pyenv/versions/3.12.6/lib/python3.12/site-packages/crawl4ai/async_crawler_strategy.py):\nError: Failed on navigating ACS-GOTO:\nPage.goto: Timeout 10000ms exceeded.\nCall log:\n  - navigating to "https://www.bolton.ac.uk/our-staff/abdul-razak", waiting until "domcontentloaded"\n\n\nCode context:\n1200   \n1201                       response = await page.goto(\n1202                           url, wait_until=config.wait_until, timeout=config.page_timeout\n1203                       )\n1204                   except Error as e:\n1205 →                     raise RuntimeError(f"Failed on navigating ACS-GOTO:\\n{str(e)}")\n1206   \n1207                   await self.execute_hook("after_goto", page, context=context, url=url, response=response)\n1208   \n1209                   if response is None:\n1210                       status_code = 200' session_id=None response_headers=None status_code=None ssl_certificate=None


Failed to crawl: https://www.bolton.ac.uk/our-staff/andrew-holland
Result: url='https://www.bolton.ac.uk/our-staff/andrew-holland' html='' success=False cleaned_html=None media={} links={} downloaded_files=None screenshot=None pdf=None markdown=None markdown_v2=None fit_markdown=None fit_html=None extracted_content=None metadata=None error_message='Unexpected error in _crawl_web at line 1205 in _crawl_web (../../.pyenv/versions/3.12.6/lib/python3.12/site-packages/crawl4ai/async_crawler_strategy.py):\nError: Failed on navigating ACS-GOTO:\nPage.goto: Timeout 10000ms exceeded.\nCall log:\n  - navigating to "https://www.bolton.ac.uk/our-staff/andrew-holland", waiting until "domcontentloaded"\n\n\nCode context:\n1200   \n1201                       response = await page.goto(\n1202                           url, wait_until=config.wait_until, timeout=config.page_timeout\n1203                       )\n1204                   except Error as e:\n1205 →                     raise RuntimeError(f"Failed on navigating ACS-GOTO:\\n{str(e)}")\n1206   \n1207                   await self.execute_hook("after_goto", page, context=context, url=url, response=response)\n1208   \n1209                   if response is None:\n1210                       status_code = 200' session_id=None response_headers=None status_code=None ssl_certificate=None


Failed to crawl: https://www.bolton.ac.uk/our-staff/adam-isherwood
Result: url='https://www.bolton.ac.uk/our-staff/adam-isherwood' html='' success=False cleaned_html=None media={} links={} downloaded_files=None screenshot=None pdf=None markdown=None markdown_v2=None fit_markdown=None fit_html=None extracted_content=None metadata=None error_message='Unexpected error in _crawl_web at line 1205 in _crawl_web (../../.pyenv/versions/3.12.6/lib/python3.12/site-packages/crawl4ai/async_crawler_strategy.py):\nError: Failed on navigating ACS-GOTO:\nPage.goto: Timeout 10000ms exceeded.\nCall log:\n  - navigating to "https://www.bolton.ac.uk/our-staff/adam-isherwood", waiting until "domcontentloaded"\n\n\nCode context:\n1200   \n1201                       response = await page.goto(\n1202                           url, wait_until=config.wait_until, timeout=config.page_timeout\n1203                       )\n1204                   except Error as e:\n1205 →                     raise RuntimeError(f"Failed on navigating ACS-GOTO:\\n{str(e)}")\n1206   \n1207                   await self.execute_hook("after_goto", page, context=context, url=url, response=response)\n1208   \n1209                   if response is None:\n1210                       status_code = 200' session_id=None response_headers=None status_code=None ssl_certificate=None


Failed to crawl: https://www.bolton.ac.uk/our-staff/brennan-tighe
Result: url='https://www.bolton.ac.uk/our-staff/brennan-tighe' html='' success=False cleaned_html=None media={} links={} downloaded_files=None screenshot=None pdf=None markdown=None markdown_v2=None fit_markdown=None fit_html=None extracted_content=None metadata=None error_message='Unexpected error in _crawl_web at line 1205 in _crawl_web (../../.pyenv/versions/3.12.6/lib/python3.12/site-packages/crawl4ai/async_crawler_strategy.py):\nError: Failed on navigating ACS-GOTO:\nPage.goto: Timeout 10000ms exceeded.\nCall log:\n  - navigating to "https://www.bolton.ac.uk/our-staff/brennan-tighe", waiting until "domcontentloaded"\n\n\nCode context:\n1200   \n1201                       response = await page.goto(\n1202                           url, wait_until=config.wait_until, timeout=config.page_timeout\n1203                       )\n1204                   except Error as e:\n1205 →                     raise RuntimeError(f"Failed on navigating ACS-GOTO:\\n{str(e)}")\n1206   \n1207                   await self.execute_hook("after_goto", page, context=context, url=url, response=response)\n1208   \n1209                   if response is None:\n1210                       status_code = 200' session_id=None response_headers=None status_code=None ssl_certificate=None


Failed to crawl: https://www.bolton.ac.uk/our-staff/dr-thaier-hamid
Result: url='https://www.bolton.ac.uk/our-staff/dr-thaier-hamid' html='' success=False cleaned_html=None media={} links={} downloaded_files=None screenshot=None pdf=None markdown=None markdown_v2=None fit_markdown=None fit_html=None extracted_content=None metadata=None error_message='Unexpected error in _crawl_web at line 1205 in _crawl_web (../../.pyenv/versions/3.12.6/lib/python3.12/site-packages/crawl4ai/async_crawler_strategy.py):\nError: Failed on navigating ACS-GOTO:\nPage.goto: Timeout 10000ms exceeded.\nCall log:\n  - navigating to "https://www.bolton.ac.uk/our-staff/dr-thaier-hamid", waiting until "domcontentloaded"\n\n\nCode context:\n1200   \n1201                       response = await page.goto(\n1202                           url, wait_until=config.wait_until, timeout=config.page_timeout\n1203                       )\n1204                   except Error as e:\n1205 →                     raise RuntimeError(f"Failed on navigating ACS-GOTO:\\n{str(e)}")\n1206   \n1207                   await self.execute_hook("after_goto", page, context=context, url=url, response=response)\n1208   \n1209                   if response is None:\n1210                       status_code = 200' session_id=None response_headers=None status_code=None ssl_certificate=None


Failed to crawl: https://www.bolton.ac.uk/our-staff/louise-ashby
Result: url='https://www.bolton.ac.uk/our-staff/louise-ashby' html='' success=False cleaned_html=None media={} links={} downloaded_files=None screenshot=None pdf=None markdown=None markdown_v2=None fit_markdown=None fit_html=None extracted_content=None metadata=None error_message='Unexpected error in _crawl_web at line 1205 in _crawl_web (../../.pyenv/versions/3.12.6/lib/python3.12/site-packages/crawl4ai/async_crawler_strategy.py):\nError: Failed on navigating ACS-GOTO:\nPage.goto: Timeout 10000ms exceeded.\nCall log:\n  - navigating to "https://www.bolton.ac.uk/our-staff/louise-ashby", waiting until "domcontentloaded"\n\n\nCode context:\n1200   \n1201                       response = await page.goto(\n1202                           url, wait_until=config.wait_until, timeout=config.page_timeout\n1203                       )\n1204                   except Error as e:\n1205 →                     raise RuntimeError(f"Failed on navigating ACS-GOTO:\\n{str(e)}")\n1206   \n1207                   await self.execute_hook("after_goto", page, context=context, url=url, response=response)\n1208   \n1209                   if response is None:\n1210                       status_code = 200' session_id=None response_headers=None status_code=None ssl_certificate=None


Failed to crawl: https://www.bolton.ac.uk/our-staff/william-haddock
Result: url='https://www.bolton.ac.uk/our-staff/william-haddock' html='' success=False cleaned_html=None media={} links={} downloaded_files=None screenshot=None pdf=None markdown=None markdown_v2=None fit_markdown=None fit_html=None extracted_content=None metadata=None error_message='Unexpected error in _crawl_web at line 1205 in _crawl_web (../../.pyenv/versions/3.12.6/lib/python3.12/site-packages/crawl4ai/async_crawler_strategy.py):\nError: Failed on navigating ACS-GOTO:\nPage.goto: Timeout 10000ms exceeded.\nCall log:\n  - navigating to "https://www.bolton.ac.uk/our-staff/william-haddock", waiting until "domcontentloaded"\n\n\nCode context:\n1200   \n1201                       response = await page.goto(\n1202                           url, wait_until=config.wait_until, timeout=config.page_timeout\n1203                       )\n1204                   except Error as e:\n1205 →                     raise RuntimeError(f"Failed on navigating ACS-GOTO:\\n{str(e)}")\n1206   \n1207                   await self.execute_hook("after_goto", page, context=context, url=url, response=response)\n1208   \n1209                   if response is None:\n1210                       status_code = 200' session_id=None response_headers=None status_code=None ssl_certificate=None


Failed to crawl: https://www.bolton.ac.uk/our-staff/celestine-iwendi
Result: url='https://www.bolton.ac.uk/our-staff/celestine-iwendi' html='' success=False cleaned_html=None media={} links={} downloaded_files=None screenshot=None pdf=None markdown=None markdown_v2=None fit_markdown=None fit_html=None extracted_content=None metadata=None error_message='Unexpected error in _crawl_web at line 1205 in _crawl_web (../../.pyenv/versions/3.12.6/lib/python3.12/site-packages/crawl4ai/async_crawler_strategy.py):\nError: Failed on navigating ACS-GOTO:\nPage.goto: Timeout 10000ms exceeded.\nCall log:\n  - navigating to "https://www.bolton.ac.uk/our-staff/celestine-iwendi", waiting until "domcontentloaded"\n\n\nCode context:\n1200   \n1201                       response = await page.goto(\n1202                           url, wait_until=config.wait_until, timeout=config.page_timeout\n1203                       )\n1204                   except Error as e:\n1205 →                     raise RuntimeError(f"Failed on navigating ACS-GOTO:\\n{str(e)}")\n1206   \n1207                   await self.execute_hook("after_goto", page, context=context, url=url, response=response)\n1208   \n1209                   if response is None:\n1210                       status_code = 200' session_id=None response_headers=None status_code=None ssl_certificate=None


Failed to crawl: https://www.bolton.ac.uk/our-staff/helen-martin
Result: url='https://www.bolton.ac.uk/our-staff/helen-martin' html='' success=False cleaned_html=None media={} links={} downloaded_files=None screenshot=None pdf=None markdown=None markdown_v2=None fit_markdown=None fit_html=None extracted_content=None metadata=None error_message='Unexpected error in _crawl_web at line 1205 in _crawl_web (../../.pyenv/versions/3.12.6/lib/python3.12/site-packages/crawl4ai/async_crawler_strategy.py):\nError: Failed on navigating ACS-GOTO:\nPage.goto: Timeout 10000ms exceeded.\nCall log:\n  - navigating to "https://www.bolton.ac.uk/our-staff/helen-martin", waiting until "domcontentloaded"\n\n\nCode context:\n1200   \n1201                       response = await page.goto(\n1202                           url, wait_until=config.wait_until, timeout=config.page_timeout\n1203                       )\n1204                   except Error as e:\n1205 →                     raise RuntimeError(f"Failed on navigating ACS-GOTO:\\n{str(e)}")\n1206   \n1207                   await self.execute_hook("after_goto", page, context=context, url=url, response=response)\n1208   \n1209                   if response is None:\n1210                       status_code = 200' session_id=None response_headers=None status_code=None ssl_certificate=None


Failed to crawl: https://www.bolton.ac.uk/our-staff/anchal-garg
Result: url='https://www.bolton.ac.uk/our-staff/anchal-garg' html='' success=False cleaned_html=None media={} links={} downloaded_files=None screenshot=None pdf=None markdown=None markdown_v2=None fit_markdown=None fit_html=None extracted_content=None metadata=None error_message='Unexpected error in _crawl_web at line 1205 in _crawl_web (../../.pyenv/versions/3.12.6/lib/python3.12/site-packages/crawl4ai/async_crawler_strategy.py):\nError: Failed on navigating ACS-GOTO:\nPage.goto: Timeout 10000ms exceeded.\nCall log:\n  - navigating to "https://www.bolton.ac.uk/our-staff/anchal-garg", waiting until "domcontentloaded"\n\n\nCode context:\n1200   \n1201                       response = await page.goto(\n1202                           url, wait_until=config.wait_until, timeout=config.page_timeout\n1203                       )\n1204                   except Error as e:\n1205 →                     raise RuntimeError(f"Failed on navigating ACS-GOTO:\\n{str(e)}")\n1206   \n1207                   await self.execute_hook("after_goto", page, context=context, url=url, response=response)\n1208   \n1209                   if response is None:\n1210                       status_code = 200' session_id=None response_headers=None status_code=None ssl_certificate=None


Failed to crawl: https://www.bolton.ac.uk/our-staff/eugen-harinda
Result: url='https://www.bolton.ac.uk/our-staff/eugen-harinda' html='' success=False cleaned_html=None media={} links={} downloaded_files=None screenshot=None pdf=None markdown=None markdown_v2=None fit_markdown=None fit_html=None extracted_content=None metadata=None error_message='Unexpected error in _crawl_web at line 1205 in _crawl_web (../../.pyenv/versions/3.12.6/lib/python3.12/site-packages/crawl4ai/async_crawler_strategy.py):\nError: Failed on navigating ACS-GOTO:\nPage.goto: Timeout 10000ms exceeded.\nCall log:\n  - navigating to "https://www.bolton.ac.uk/our-staff/eugen-harinda", waiting until "domcontentloaded"\n\n\nCode context:\n1200   \n1201                       response = await page.goto(\n1202                           url, wait_until=config.wait_until, timeout=config.page_timeout\n1203                       )\n1204                   except Error as e:\n1205 →                     raise RuntimeError(f"Failed on navigating ACS-GOTO:\\n{str(e)}")\n1206   \n1207                   await self.execute_hook("after_goto", page, context=context, url=url, response=response)\n1208   \n1209                   if response is None:\n1210                       status_code = 200' session_id=None response_headers=None status_code=None ssl_certificate=None


Failed to crawl: https://www.bolton.ac.uk/our-staff/dr-mansoor-ihsan
Result: url='https://www.bolton.ac.uk/our-staff/dr-mansoor-ihsan' html='' success=False cleaned_html=None media={} links={} downloaded_files=None screenshot=None pdf=None markdown=None markdown_v2=None fit_markdown=None fit_html=None extracted_content=None metadata=None error_message='Unexpected error in _crawl_web at line 1205 in _crawl_web (../../.pyenv/versions/3.12.6/lib/python3.12/site-packages/crawl4ai/async_crawler_strategy.py):\nError: Failed on navigating ACS-GOTO:\nPage.goto: Timeout 10000ms exceeded.\nCall log:\n  - navigating to "https://www.bolton.ac.uk/our-staff/dr-mansoor-ihsan", waiting until "domcontentloaded"\n\n\nCode context:\n1200   \n1201                       response = await page.goto(\n1202                           url, wait_until=config.wait_until, timeout=config.page_timeout\n1203                       )\n1204                   except Error as e:\n1205 →                     raise RuntimeError(f"Failed on navigating ACS-GOTO:\\n{str(e)}")\n1206   \n1207                   await self.execute_hook("after_goto", page, context=context, url=url, response=response)\n1208   \n1209                   if response is None:\n1210                       status_code = 200' session_id=None response_headers=None status_code=None ssl_certificate=None


Failed to crawl: https://www.bolton.ac.uk/subject-areas/construction/construction-news
Result: url='https://www.bolton.ac.uk/subject-areas/construction/construction-news' html='' success=False cleaned_html=None media={} links={} downloaded_files=None screenshot=None pdf=None markdown=None markdown_v2=None fit_markdown=None fit_html=None extracted_content=None metadata=None error_message='Unexpected error in _crawl_web at line 1205 in _crawl_web (../../.pyenv/versions/3.12.6/lib/python3.12/site-packages/crawl4ai/async_crawler_strategy.py):\nError: Failed on navigating ACS-GOTO:\nPage.goto: Timeout 10000ms exceeded.\nCall log:\n  - navigating to "https://www.bolton.ac.uk/subject-areas/construction/construction-news", waiting until "domcontentloaded"\n\n\nCode context:\n1200   \n1201                       response = await page.goto(\n1202                           url, wait_until=config.wait_until, timeout=config.page_timeout\n1203                       )\n1204                   except Error as e:\n1205 →                     raise RuntimeError(f"Failed on navigating ACS-GOTO:\\n{str(e)}")\n1206   \n1207                   await self.execute_hook("after_goto", page, context=context, url=url, response=response)\n1208   \n1209                   if response is None:\n1210                       status_code = 200' session_id=None response_headers=None status_code=None ssl_certificate=None


Failed to crawl: https://www.bolton.ac.uk/subject-areas/crime-and-criminal-justice/crime-and-criminal-justice-news
Result: url='https://www.bolton.ac.uk/subject-areas/crime-and-criminal-justice/crime-and-criminal-justice-news' html='' success=False cleaned_html=None media={} links={} downloaded_files=None screenshot=None pdf=None markdown=None markdown_v2=None fit_markdown=None fit_html=None extracted_content=None metadata=None error_message='Unexpected error in _crawl_web at line 1205 in _crawl_web (../../.pyenv/versions/3.12.6/lib/python3.12/site-packages/crawl4ai/async_crawler_strategy.py):\nError: Failed on navigating ACS-GOTO:\nPage.goto: Timeout 10000ms exceeded.\nCall log:\n  - navigating to "https://www.bolton.ac.uk/subject-areas/crime-and-criminal-justice/crime-and-criminal-justice-news", waiting until "domcontentloaded"\n\n\nCode context:\n1200   \n1201                       response = await page.goto(\n1202                           url, wait_until=config.wait_until, timeout=config.page_timeout\n1203                       )\n1204                   except Error as e:\n1205 →                     raise RuntimeError(f"Failed on navigating ACS-GOTO:\\n{str(e)}")\n1206   \n1207                   await self.execute_hook("after_goto", page, context=context, url=url, response=response)\n1208   \n1209                   if response is None:\n1210                       status_code = 200' session_id=None response_headers=None status_code=None ssl_certificate=None


Failed to crawl: https://www.bolton.ac.uk/our-staff/wendy-bateman
Result: url='https://www.bolton.ac.uk/our-staff/wendy-bateman' html='' success=False cleaned_html=None media={} links={} downloaded_files=None screenshot=None pdf=None markdown=None markdown_v2=None fit_markdown=None fit_html=None extracted_content=None metadata=None error_message='Unexpected error in _crawl_web at line 1205 in _crawl_web (../../.pyenv/versions/3.12.6/lib/python3.12/site-packages/crawl4ai/async_crawler_strategy.py):\nError: Failed on navigating ACS-GOTO:\nPage.goto: Timeout 10000ms exceeded.\nCall log:\n  - navigating to "https://www.bolton.ac.uk/our-staff/wendy-bateman", waiting until "domcontentloaded"\n\n\nCode context:\n1200   \n1201                       response = await page.goto(\n1202                           url, wait_until=config.wait_until, timeout=config.page_timeout\n1203                       )\n1204                   except Error as e:\n1205 →                     raise RuntimeError(f"Failed on navigating ACS-GOTO:\\n{str(e)}")\n1206   \n1207                   await self.execute_hook("after_goto", page, context=context, url=url, response=response)\n1208   \n1209                   if response is None:\n1210                       status_code = 200' session_id=None response_headers=None status_code=None ssl_certificate=None


Failed to crawl: https://www.bolton.ac.uk/our-staff/tony-greenhalgh
Result: url='https://www.bolton.ac.uk/our-staff/tony-greenhalgh' html='' success=False cleaned_html=None media={} links={} downloaded_files=None screenshot=None pdf=None markdown=None markdown_v2=None fit_markdown=None fit_html=None extracted_content=None metadata=None error_message='Unexpected error in _crawl_web at line 1205 in _crawl_web (../../.pyenv/versions/3.12.6/lib/python3.12/site-packages/crawl4ai/async_crawler_strategy.py):\nError: Failed on navigating ACS-GOTO:\nPage.goto: Timeout 10000ms exceeded.\nCall log:\n  - navigating to "https://www.bolton.ac.uk/our-staff/tony-greenhalgh", waiting until "domcontentloaded"\n\n\nCode context:\n1200   \n1201                       response = await page.goto(\n1202                           url, wait_until=config.wait_until, timeout=config.page_timeout\n1203                       )\n1204                   except Error as e:\n1205 →                     raise RuntimeError(f"Failed on navigating ACS-GOTO:\\n{str(e)}")\n1206   \n1207                   await self.execute_hook("after_goto", page, context=context, url=url, response=response)\n1208   \n1209                   if response is None:\n1210                       status_code = 200' session_id=None response_headers=None status_code=None ssl_certificate=None


Failed to crawl: https://www.bolton.ac.uk/our-staff/dr-brian-williamson
Result: url='https://www.bolton.ac.uk/our-staff/dr-brian-williamson' html='' success=False cleaned_html=None media={} links={} downloaded_files=None screenshot=None pdf=None markdown=None markdown_v2=None fit_markdown=None fit_html=None extracted_content=None metadata=None error_message='Unexpected error in _crawl_web at line 1205 in _crawl_web (../../.pyenv/versions/3.12.6/lib/python3.12/site-packages/crawl4ai/async_crawler_strategy.py):\nError: Failed on navigating ACS-GOTO:\nPage.goto: Timeout 10000ms exceeded.\nCall log:\n  - navigating to "https://www.bolton.ac.uk/our-staff/dr-brian-williamson", waiting until "domcontentloaded"\n\n\nCode context:\n1200   \n1201                       response = await page.goto(\n1202                           url, wait_until=config.wait_until, timeout=config.page_timeout\n1203                       )\n1204                   except Error as e:\n1205 →                     raise RuntimeError(f"Failed on navigating ACS-GOTO:\\n{str(e)}")\n1206   \n1207                   await self.execute_hook("after_goto", page, context=context, url=url, response=response)\n1208   \n1209                   if response is None:\n1210                       status_code = 200' session_id=None response_headers=None status_code=None ssl_certificate=None


Failed to crawl: https://www.bolton.ac.uk/our-staff/debra-charnock
Result: url='https://www.bolton.ac.uk/our-staff/debra-charnock' html='' success=False cleaned_html=None media={} links={} downloaded_files=None screenshot=None pdf=None markdown=None markdown_v2=None fit_markdown=None fit_html=None extracted_content=None metadata=None error_message='Unexpected error in _crawl_web at line 1205 in _crawl_web (../../.pyenv/versions/3.12.6/lib/python3.12/site-packages/crawl4ai/async_crawler_strategy.py):\nError: Failed on navigating ACS-GOTO:\nPage.goto: Timeout 10000ms exceeded.\nCall log:\n  - navigating to "https://www.bolton.ac.uk/our-staff/debra-charnock", waiting until "domcontentloaded"\n\n\nCode context:\n1200   \n1201                       response = await page.goto(\n1202                           url, wait_until=config.wait_until, timeout=config.page_timeout\n1203                       )\n1204                   except Error as e:\n1205 →                     raise RuntimeError(f"Failed on navigating ACS-GOTO:\\n{str(e)}")\n1206   \n1207                   await self.execute_hook("after_goto", page, context=context, url=url, response=response)\n1208   \n1209                   if response is None:\n1210                       status_code = 200' session_id=None response_headers=None status_code=None ssl_certificate=None


Failed to crawl: https://www.bolton.ac.uk/our-staff/frances-oldroyd
Result: url='https://www.bolton.ac.uk/our-staff/frances-oldroyd' html='' success=False cleaned_html=None media={} links={} downloaded_files=None screenshot=None pdf=None markdown=None markdown_v2=None fit_markdown=None fit_html=None extracted_content=None metadata=None error_message='Unexpected error in _crawl_web at line 1246 in _crawl_web (../../.pyenv/versions/3.12.6/lib/python3.12/site-packages/crawl4ai/async_crawler_strategy.py):\nError: \'AsyncPlaywrightCrawlerStrategy\' object has no attribute \'config\'\n\nCode context:\n1241                       raise Error(f"Body element is hidden: {visibility_info}")\n1242   \n1243               except Error as e:\n1244                   visibility_info = await self.check_visibility(page)\n1245   \n1246 →                 if self.config.verbose:\n1247                       self.logger.debug(\n1248                           message="Body visibility info: {info}",\n1249                           tag="DEBUG",\n1250                           params={"info": visibility_info},\n1251                       )' session_id=None response_headers=None status_code=None ssl_certificate=None


Failed to crawl: https://www.bolton.ac.uk/our-staff/robert-biggs
Result: url='https://www.bolton.ac.uk/our-staff/robert-biggs' html='' success=False cleaned_html=None media={} links={} downloaded_files=None screenshot=None pdf=None markdown=None markdown_v2=None fit_markdown=None fit_html=None extracted_content=None metadata=None error_message='Unexpected error in _crawl_web at line 1246 in _crawl_web (../../.pyenv/versions/3.12.6/lib/python3.12/site-packages/crawl4ai/async_crawler_strategy.py):\nError: \'AsyncPlaywrightCrawlerStrategy\' object has no attribute \'config\'\n\nCode context:\n1241                       raise Error(f"Body element is hidden: {visibility_info}")\n1242   \n1243               except Error as e:\n1244                   visibility_info = await self.check_visibility(page)\n1245   \n1246 →                 if self.config.verbose:\n1247                       self.logger.debug(\n1248                           message="Body visibility info: {info}",\n1249                           tag="DEBUG",\n1250                           params={"info": visibility_info},\n1251                       )' session_id=None response_headers=None status_code=None ssl_certificate=None


Failed to crawl: https://www.bolton.ac.uk/our-staff/katie-noctor
Result: url='https://www.bolton.ac.uk/our-staff/katie-noctor' html='' success=False cleaned_html=None media={} links={} downloaded_files=None screenshot=None pdf=None markdown=None markdown_v2=None fit_markdown=None fit_html=None extracted_content=None metadata=None error_message='Unexpected error in _crawl_web at line 1246 in _crawl_web (../../.pyenv/versions/3.12.6/lib/python3.12/site-packages/crawl4ai/async_crawler_strategy.py):\nError: \'AsyncPlaywrightCrawlerStrategy\' object has no attribute \'config\'\n\nCode context:\n1241                       raise Error(f"Body element is hidden: {visibility_info}")\n1242   \n1243               except Error as e:\n1244                   visibility_info = await self.check_visibility(page)\n1245   \n1246 →                 if self.config.verbose:\n1247                       self.logger.debug(\n1248                           message="Body visibility info: {info}",\n1249                           tag="DEBUG",\n1250                           params={"info": visibility_info},\n1251                       )' session_id=None response_headers=None status_code=None ssl_certificate=None


Failed to crawl: https://www.bolton.ac.uk/our-staff/mark-chapman
Result: url='https://www.bolton.ac.uk/our-staff/mark-chapman' html='' success=False cleaned_html=None media={} links={} downloaded_files=None screenshot=None pdf=None markdown=None markdown_v2=None fit_markdown=None fit_html=None extracted_content=None metadata=None error_message='Unexpected error in _crawl_web at line 1246 in _crawl_web (../../.pyenv/versions/3.12.6/lib/python3.12/site-packages/crawl4ai/async_crawler_strategy.py):\nError: \'AsyncPlaywrightCrawlerStrategy\' object has no attribute \'config\'\n\nCode context:\n1241                       raise Error(f"Body element is hidden: {visibility_info}")\n1242   \n1243               except Error as e:\n1244                   visibility_info = await self.check_visibility(page)\n1245   \n1246 →                 if self.config.verbose:\n1247                       self.logger.debug(\n1248                           message="Body visibility info: {info}",\n1249                           tag="DEBUG",\n1250                           params={"info": visibility_info},\n1251                       )' session_id=None response_headers=None status_code=None ssl_certificate=None


Failed to crawl: https://www.bolton.ac.uk/our-staff/dr-junfeng-geng
Result: url='https://www.bolton.ac.uk/our-staff/dr-junfeng-geng' html='' success=False cleaned_html=None media={} links={} downloaded_files=None screenshot=None pdf=None markdown=None markdown_v2=None fit_markdown=None fit_html=None extracted_content=None metadata=None error_message='Unexpected error in _crawl_web at line 1246 in _crawl_web (../../.pyenv/versions/3.12.6/lib/python3.12/site-packages/crawl4ai/async_crawler_strategy.py):\nError: \'AsyncPlaywrightCrawlerStrategy\' object has no attribute \'config\'\n\nCode context:\n1241                       raise Error(f"Body element is hidden: {visibility_info}")\n1242   \n1243               except Error as e:\n1244                   visibility_info = await self.check_visibility(page)\n1245   \n1246 →                 if self.config.verbose:\n1247                       self.logger.debug(\n1248                           message="Body visibility info: {info}",\n1249                           tag="DEBUG",\n1250                           params={"info": visibility_info},\n1251                       )' session_id=None response_headers=None status_code=None ssl_certificate=None


Failed to crawl: https://www.bolton.ac.uk/our-staff/dave-kennedy
Result: url='https://www.bolton.ac.uk/our-staff/dave-kennedy' html='' success=False cleaned_html=None media={} links={} downloaded_files=None screenshot=None pdf=None markdown=None markdown_v2=None fit_markdown=None fit_html=None extracted_content=None metadata=None error_message='Unexpected error in _crawl_web at line 1246 in _crawl_web (../../.pyenv/versions/3.12.6/lib/python3.12/site-packages/crawl4ai/async_crawler_strategy.py):\nError: \'AsyncPlaywrightCrawlerStrategy\' object has no attribute \'config\'\n\nCode context:\n1241                       raise Error(f"Body element is hidden: {visibility_info}")\n1242   \n1243               except Error as e:\n1244                   visibility_info = await self.check_visibility(page)\n1245   \n1246 →                 if self.config.verbose:\n1247                       self.logger.debug(\n1248                           message="Body visibility info: {info}",\n1249                           tag="DEBUG",\n1250                           params={"info": visibility_info},\n1251                       )' session_id=None response_headers=None status_code=None ssl_certificate=None


Failed to crawl: https://www.bolton.ac.uk/subject-areas/early-years-and-childhood-studies/early-years-and-childhood-studies-news
Result: url='https://www.bolton.ac.uk/subject-areas/early-years-and-childhood-studies/early-years-and-childhood-studies-news' html='' success=False cleaned_html=None media={} links={} downloaded_files=None screenshot=None pdf=None markdown=None markdown_v2=None fit_markdown=None fit_html=None extracted_content=None metadata=None error_message='Unexpected error in _crawl_web at line 1246 in _crawl_web (../../.pyenv/versions/3.12.6/lib/python3.12/site-packages/crawl4ai/async_crawler_strategy.py):\nError: \'AsyncPlaywrightCrawlerStrategy\' object has no attribute \'config\'\n\nCode context:\n1241                       raise Error(f"Body element is hidden: {visibility_info}")\n1242   \n1243               except Error as e:\n1244                   visibility_info = await self.check_visibility(page)\n1245   \n1246 →                 if self.config.verbose:\n1247                       self.logger.debug(\n1248                           message="Body visibility info: {info}",\n1249                           tag="DEBUG",\n1250                           params={"info": visibility_info},\n1251                       )' session_id=None response_headers=None status_code=None ssl_certificate=None


Failed to crawl: https://www.bolton.ac.uk/our-staff/alison-farrell
Result: url='https://www.bolton.ac.uk/our-staff/alison-farrell' html='' success=False cleaned_html=None media={} links={} downloaded_files=None screenshot=None pdf=None markdown=None markdown_v2=None fit_markdown=None fit_html=None extracted_content=None metadata=None error_message='Unexpected error in _crawl_web at line 1246 in _crawl_web (../../.pyenv/versions/3.12.6/lib/python3.12/site-packages/crawl4ai/async_crawler_strategy.py):\nError: \'AsyncPlaywrightCrawlerStrategy\' object has no attribute \'config\'\n\nCode context:\n1241                       raise Error(f"Body element is hidden: {visibility_info}")\n1242   \n1243               except Error as e:\n1244                   visibility_info = await self.check_visibility(page)\n1245   \n1246 →                 if self.config.verbose:\n1247                       self.logger.debug(\n1248                           message="Body visibility info: {info}",\n1249                           tag="DEBUG",\n1250                           params={"info": visibility_info},\n1251                       )' session_id=None response_headers=None status_code=None ssl_certificate=None


Failed to crawl: https://www.bolton.ac.uk/our-staff/paula-walsh
Result: url='https://www.bolton.ac.uk/our-staff/paula-walsh' html='' success=False cleaned_html=None media={} links={} downloaded_files=None screenshot=None pdf=None markdown=None markdown_v2=None fit_markdown=None fit_html=None extracted_content=None metadata=None error_message='Unexpected error in _crawl_web at line 1246 in _crawl_web (../../.pyenv/versions/3.12.6/lib/python3.12/site-packages/crawl4ai/async_crawler_strategy.py):\nError: \'AsyncPlaywrightCrawlerStrategy\' object has no attribute \'config\'\n\nCode context:\n1241                       raise Error(f"Body element is hidden: {visibility_info}")\n1242   \n1243               except Error as e:\n1244                   visibility_info = await self.check_visibility(page)\n1245   \n1246 →                 if self.config.verbose:\n1247                       self.logger.debug(\n1248                           message="Body visibility info: {info}",\n1249                           tag="DEBUG",\n1250                           params={"info": visibility_info},\n1251                       )' session_id=None response_headers=None status_code=None ssl_certificate=None


Failed to crawl: https://www.bolton.ac.uk/our-staff/dr-linda-withey
Result: url='https://www.bolton.ac.uk/our-staff/dr-linda-withey' html='' success=False cleaned_html=None media={} links={} downloaded_files=None screenshot=None pdf=None markdown=None markdown_v2=None fit_markdown=None fit_html=None extracted_content=None metadata=None error_message='Unexpected error in _crawl_web at line 1246 in _crawl_web (../../.pyenv/versions/3.12.6/lib/python3.12/site-packages/crawl4ai/async_crawler_strategy.py):\nError: \'AsyncPlaywrightCrawlerStrategy\' object has no attribute \'config\'\n\nCode context:\n1241                       raise Error(f"Body element is hidden: {visibility_info}")\n1242   \n1243               except Error as e:\n1244                   visibility_info = await self.check_visibility(page)\n1245   \n1246 →                 if self.config.verbose:\n1247                       self.logger.debug(\n1248                           message="Body visibility info: {info}",\n1249                           tag="DEBUG",\n1250                           params={"info": visibility_info},\n1251                       )' session_id=None response_headers=None status_code=None ssl_certificate=None


Failed to crawl: https://www.bolton.ac.uk/our-staff/sandra-shaffi
Result: url='https://www.bolton.ac.uk/our-staff/sandra-shaffi' html='' success=False cleaned_html=None media={} links={} downloaded_files=None screenshot=None pdf=None markdown=None markdown_v2=None fit_markdown=None fit_html=None extracted_content=None metadata=None error_message='Unexpected error in _crawl_web at line 1205 in _crawl_web (../../.pyenv/versions/3.12.6/lib/python3.12/site-packages/crawl4ai/async_crawler_strategy.py):\nError: Failed on navigating ACS-GOTO:\nPage.goto: Timeout 10000ms exceeded.\nCall log:\n  - navigating to "https://www.bolton.ac.uk/our-staff/sandra-shaffi", waiting until "domcontentloaded"\n\n\nCode context:\n1200   \n1201                       response = await page.goto(\n1202                           url, wait_until=config.wait_until, timeout=config.page_timeout\n1203                       )\n1204                   except Error as e:\n1205 →                     raise RuntimeError(f"Failed on navigating ACS-GOTO:\\n{str(e)}")\n1206   \n1207                   await self.execute_hook("after_goto", page, context=context, url=url, response=response)\n1208   \n1209                   if response is None:\n1210                       status_code = 200' session_id=None response_headers=None status_code=None ssl_certificate=None


Failed to crawl: https://www.bolton.ac.uk/our-staff/anne-shaw
Result: url='https://www.bolton.ac.uk/our-staff/anne-shaw' html='' success=False cleaned_html=None media={} links={} downloaded_files=None screenshot=None pdf=None markdown=None markdown_v2=None fit_markdown=None fit_html=None extracted_content=None metadata=None error_message='Unexpected error in _crawl_web at line 1205 in _crawl_web (../../.pyenv/versions/3.12.6/lib/python3.12/site-packages/crawl4ai/async_crawler_strategy.py):\nError: Failed on navigating ACS-GOTO:\nPage.goto: Timeout 10000ms exceeded.\nCall log:\n  - navigating to "https://www.bolton.ac.uk/our-staff/anne-shaw", waiting until "domcontentloaded"\n\n\nCode context:\n1200   \n1201                       response = await page.goto(\n1202                           url, wait_until=config.wait_until, timeout=config.page_timeout\n1203                       )\n1204                   except Error as e:\n1205 →                     raise RuntimeError(f"Failed on navigating ACS-GOTO:\\n{str(e)}")\n1206   \n1207                   await self.execute_hook("after_goto", page, context=context, url=url, response=response)\n1208   \n1209                   if response is None:\n1210                       status_code = 200' session_id=None response_headers=None status_code=None ssl_certificate=None


Failed to crawl: https://www.bolton.ac.uk/student-life/fees-and-funding/bursaries-for-further-education-initial-teacher-education-programmes
Result: url='https://www.bolton.ac.uk/student-life/fees-and-funding/bursaries-for-further-education-initial-teacher-education-programmes' html='' success=False cleaned_html=None media={} links={} downloaded_files=None screenshot=None pdf=None markdown=None markdown_v2=None fit_markdown=None fit_html=None extracted_content=None metadata=None error_message='Unexpected error in _crawl_web at line 1205 in _crawl_web (../../.pyenv/versions/3.12.6/lib/python3.12/site-packages/crawl4ai/async_crawler_strategy.py):\nError: Failed on navigating ACS-GOTO:\nPage.goto: Timeout 10000ms exceeded.\nCall log:\n  - navigating to "https://www.bolton.ac.uk/student-life/fees-and-funding/bursaries-for-further-education-initial-teacher-education-programmes", waiting until "domcontentloaded"\n\n\nCode context:\n1200   \n1201                       response = await page.goto(\n1202                           url, wait_until=config.wait_until, timeout=config.page_timeout\n1203                       )\n1204                   except Error as e:\n1205 →                     raise RuntimeError(f"Failed on navigating ACS-GOTO:\\n{str(e)}")\n1206   \n1207                   await self.execute_hook("after_goto", page, context=context, url=url, response=response)\n1208   \n1209                   if response is None:\n1210                       status_code = 200' session_id=None response_headers=None status_code=None ssl_certificate=None


Failed to crawl: https://www.bolton.ac.uk/subject-areas/education-and-teacher-training/teacher-training-courses-ofsted-report
Result: url='https://www.bolton.ac.uk/subject-areas/education-and-teacher-training/teacher-training-courses-ofsted-report' html='' success=False cleaned_html=None media={} links={} downloaded_files=None screenshot=None pdf=None markdown=None markdown_v2=None fit_markdown=None fit_html=None extracted_content=None metadata=None error_message='Unexpected error in _crawl_web at line 1205 in _crawl_web (../../.pyenv/versions/3.12.6/lib/python3.12/site-packages/crawl4ai/async_crawler_strategy.py):\nError: Failed on navigating ACS-GOTO:\nPage.goto: Timeout 10000ms exceeded.\nCall log:\n  - navigating to "https://www.bolton.ac.uk/subject-areas/education-and-teacher-training/teacher-training-courses-ofsted-report", waiting until "domcontentloaded"\n\n\nCode context:\n1200   \n1201                       response = await page.goto(\n1202                           url, wait_until=config.wait_until, timeout=config.page_timeout\n1203                       )\n1204                   except Error as e:\n1205 →                     raise RuntimeError(f"Failed on navigating ACS-GOTO:\\n{str(e)}")\n1206   \n1207                   await self.execute_hook("after_goto", page, context=context, url=url, response=response)\n1208   \n1209                   if response is None:\n1210                       status_code = 200' session_id=None response_headers=None status_code=None ssl_certificate=None


Failed to crawl: https://www.bolton.ac.uk/student-life/fees-and-funding/ite-part-time-programmes
Result: url='https://www.bolton.ac.uk/student-life/fees-and-funding/ite-part-time-programmes' html='' success=False cleaned_html=None media={} links={} downloaded_files=None screenshot=None pdf=None markdown=None markdown_v2=None fit_markdown=None fit_html=None extracted_content=None metadata=None error_message='Unexpected error in _crawl_web at line 1205 in _crawl_web (../../.pyenv/versions/3.12.6/lib/python3.12/site-packages/crawl4ai/async_crawler_strategy.py):\nError: Failed on navigating ACS-GOTO:\nPage.goto: Timeout 10000ms exceeded.\nCall log:\n  - navigating to "https://www.bolton.ac.uk/student-life/fees-and-funding/ite-part-time-programmes", waiting until "domcontentloaded"\n\n\nCode context:\n1200   \n1201                       response = await page.goto(\n1202                           url, wait_until=config.wait_until, timeout=config.page_timeout\n1203                       )\n1204                   except Error as e:\n1205 →                     raise RuntimeError(f"Failed on navigating ACS-GOTO:\\n{str(e)}")\n1206   \n1207                   await self.execute_hook("after_goto", page, context=context, url=url, response=response)\n1208   \n1209                   if response is None:\n1210                       status_code = 200' session_id=None response_headers=None status_code=None ssl_certificate=None


Failed to crawl: https://www.bolton.ac.uk/student-life/fees-and-funding/bursaries-for-secondary-itt-programmes
Result: url='https://www.bolton.ac.uk/student-life/fees-and-funding/bursaries-for-secondary-itt-programmes' html='' success=False cleaned_html=None media={} links={} downloaded_files=None screenshot=None pdf=None markdown=None markdown_v2=None fit_markdown=None fit_html=None extracted_content=None metadata=None error_message='Unexpected error in _crawl_web at line 1205 in _crawl_web (../../.pyenv/versions/3.12.6/lib/python3.12/site-packages/crawl4ai/async_crawler_strategy.py):\nError: Failed on navigating ACS-GOTO:\nPage.goto: Timeout 10000ms exceeded.\nCall log:\n  - navigating to "https://www.bolton.ac.uk/student-life/fees-and-funding/bursaries-for-secondary-itt-programmes", waiting until "domcontentloaded"\n\n\nCode context:\n1200   \n1201                       response = await page.goto(\n1202                           url, wait_until=config.wait_until, timeout=config.page_timeout\n1203                       )\n1204                   except Error as e:\n1205 →                     raise RuntimeError(f"Failed on navigating ACS-GOTO:\\n{str(e)}")\n1206   \n1207                   await self.execute_hook("after_goto", page, context=context, url=url, response=response)\n1208   \n1209                   if response is None:\n1210                       status_code = 200' session_id=None response_headers=None status_code=None ssl_certificate=None


Failed to crawl: https://www.bolton.ac.uk/subject-areas/education-and-teacher-training/education-and-teacher-training-news
Result: url='https://www.bolton.ac.uk/subject-areas/education-and-teacher-training/education-and-teacher-training-news' html='' success=False cleaned_html=None media={} links={} downloaded_files=None screenshot=None pdf=None markdown=None markdown_v2=None fit_markdown=None fit_html=None extracted_content=None metadata=None error_message='Unexpected error in _crawl_web at line 1205 in _crawl_web (../../.pyenv/versions/3.12.6/lib/python3.12/site-packages/crawl4ai/async_crawler_strategy.py):\nError: Failed on navigating ACS-GOTO:\nPage.goto: Timeout 10000ms exceeded.\nCall log:\n  - navigating to "https://www.bolton.ac.uk/subject-areas/education-and-teacher-training/education-and-teacher-training-news", waiting until "domcontentloaded"\n\n\nCode context:\n1200   \n1201                       response = await page.goto(\n1202                           url, wait_until=config.wait_until, timeout=config.page_timeout\n1203                       )\n1204                   except Error as e:\n1205 →                     raise RuntimeError(f"Failed on navigating ACS-GOTO:\\n{str(e)}")\n1206   \n1207                   await self.execute_hook("after_goto", page, context=context, url=url, response=response)\n1208   \n1209                   if response is None:\n1210                       status_code = 200' session_id=None response_headers=None status_code=None ssl_certificate=None


Failed to crawl: https://www.bolton.ac.uk/our-staff/ella-eboumbou
Result: url='https://www.bolton.ac.uk/our-staff/ella-eboumbou' html='' success=False cleaned_html=None media={} links={} downloaded_files=None screenshot=None pdf=None markdown=None markdown_v2=None fit_markdown=None fit_html=None extracted_content=None metadata=None error_message='Unexpected error in _crawl_web at line 1205 in _crawl_web (../../.pyenv/versions/3.12.6/lib/python3.12/site-packages/crawl4ai/async_crawler_strategy.py):\nError: Failed on navigating ACS-GOTO:\nPage.goto: Timeout 10000ms exceeded.\nCall log:\n  - navigating to "https://www.bolton.ac.uk/our-staff/ella-eboumbou", waiting until "domcontentloaded"\n\n\nCode context:\n1200   \n1201                       response = await page.goto(\n1202                           url, wait_until=config.wait_until, timeout=config.page_timeout\n1203                       )\n1204                   except Error as e:\n1205 →                     raise RuntimeError(f"Failed on navigating ACS-GOTO:\\n{str(e)}")\n1206   \n1207                   await self.execute_hook("after_goto", page, context=context, url=url, response=response)\n1208   \n1209                   if response is None:\n1210                       status_code = 200' session_id=None response_headers=None status_code=None ssl_certificate=None


Failed to crawl: https://www.bolton.ac.uk/our-staff/sally-preece
Result: url='https://www.bolton.ac.uk/our-staff/sally-preece' html='' success=False cleaned_html=None media={} links={} downloaded_files=None screenshot=None pdf=None markdown=None markdown_v2=None fit_markdown=None fit_html=None extracted_content=None metadata=None error_message='Unexpected error in _crawl_web at line 1205 in _crawl_web (../../.pyenv/versions/3.12.6/lib/python3.12/site-packages/crawl4ai/async_crawler_strategy.py):\nError: Failed on navigating ACS-GOTO:\nPage.goto: Timeout 10000ms exceeded.\nCall log:\n  - navigating to "https://www.bolton.ac.uk/our-staff/sally-preece", waiting until "domcontentloaded"\n\n\nCode context:\n1200   \n1201                       response = await page.goto(\n1202                           url, wait_until=config.wait_until, timeout=config.page_timeout\n1203                       )\n1204                   except Error as e:\n1205 →                     raise RuntimeError(f"Failed on navigating ACS-GOTO:\\n{str(e)}")\n1206   \n1207                   await self.execute_hook("after_goto", page, context=context, url=url, response=response)\n1208   \n1209                   if response is None:\n1210                       status_code = 200' session_id=None response_headers=None status_code=None ssl_certificate=None


Failed to crawl: https://www.bolton.ac.uk/our-staff/prof-david-hopkins
Result: url='https://www.bolton.ac.uk/our-staff/prof-david-hopkins' html='' success=False cleaned_html=None media={} links={} downloaded_files=None screenshot=None pdf=None markdown=None markdown_v2=None fit_markdown=None fit_html=None extracted_content=None metadata=None error_message='Unexpected error in _crawl_web at line 1205 in _crawl_web (../../.pyenv/versions/3.12.6/lib/python3.12/site-packages/crawl4ai/async_crawler_strategy.py):\nError: Failed on navigating ACS-GOTO:\nPage.goto: Timeout 10000ms exceeded.\nCall log:\n  - navigating to "https://www.bolton.ac.uk/our-staff/prof-david-hopkins", waiting until "domcontentloaded"\n\n\nCode context:\n1200   \n1201                       response = await page.goto(\n1202                           url, wait_until=config.wait_until, timeout=config.page_timeout\n1203                       )\n1204                   except Error as e:\n1205 →                     raise RuntimeError(f"Failed on navigating ACS-GOTO:\\n{str(e)}")\n1206   \n1207                   await self.execute_hook("after_goto", page, context=context, url=url, response=response)\n1208   \n1209                   if response is None:\n1210                       status_code = 200' session_id=None response_headers=None status_code=None ssl_certificate=None


Failed to crawl: https://www.bolton.ac.uk/our-staff/rebecca-woolley
Result: url='https://www.bolton.ac.uk/our-staff/rebecca-woolley' html='' success=False cleaned_html=None media={} links={} downloaded_files=None screenshot=None pdf=None markdown=None markdown_v2=None fit_markdown=None fit_html=None extracted_content=None metadata=None error_message='Unexpected error in _crawl_web at line 1205 in _crawl_web (../../.pyenv/versions/3.12.6/lib/python3.12/site-packages/crawl4ai/async_crawler_strategy.py):\nError: Failed on navigating ACS-GOTO:\nPage.goto: Timeout 10000ms exceeded.\nCall log:\n  - navigating to "https://www.bolton.ac.uk/our-staff/rebecca-woolley", waiting until "domcontentloaded"\n\n\nCode context:\n1200   \n1201                       response = await page.goto(\n1202                           url, wait_until=config.wait_until, timeout=config.page_timeout\n1203                       )\n1204                   except Error as e:\n1205 →                     raise RuntimeError(f"Failed on navigating ACS-GOTO:\\n{str(e)}")\n1206   \n1207                   await self.execute_hook("after_goto", page, context=context, url=url, response=response)\n1208   \n1209                   if response is None:\n1210                       status_code = 200' session_id=None response_headers=None status_code=None ssl_certificate=None


Failed to crawl: https://www.bolton.ac.uk/our-staff/daryl-wright
Result: url='https://www.bolton.ac.uk/our-staff/daryl-wright' html='' success=False cleaned_html=None media={} links={} downloaded_files=None screenshot=None pdf=None markdown=None markdown_v2=None fit_markdown=None fit_html=None extracted_content=None metadata=None error_message='Unexpected error in _crawl_web at line 1205 in _crawl_web (../../.pyenv/versions/3.12.6/lib/python3.12/site-packages/crawl4ai/async_crawler_strategy.py):\nError: Failed on navigating ACS-GOTO:\nPage.goto: Timeout 10000ms exceeded.\nCall log:\n  - navigating to "https://www.bolton.ac.uk/our-staff/daryl-wright", waiting until "domcontentloaded"\n\n\nCode context:\n1200   \n1201                       response = await page.goto(\n1202                           url, wait_until=config.wait_until, timeout=config.page_timeout\n1203                       )\n1204                   except Error as e:\n1205 →                     raise RuntimeError(f"Failed on navigating ACS-GOTO:\\n{str(e)}")\n1206   \n1207                   await self.execute_hook("after_goto", page, context=context, url=url, response=response)\n1208   \n1209                   if response is None:\n1210                       status_code = 200' session_id=None response_headers=None status_code=None ssl_certificate=None


Failed to crawl: https://www.bolton.ac.uk/our-staff/dr-daniela-bacova
Result: url='https://www.bolton.ac.uk/our-staff/dr-daniela-bacova' html='' success=False cleaned_html=None media={} links={} downloaded_files=None screenshot=None pdf=None markdown=None markdown_v2=None fit_markdown=None fit_html=None extracted_content=None metadata=None error_message='Unexpected error in _crawl_web at line 1205 in _crawl_web (../../.pyenv/versions/3.12.6/lib/python3.12/site-packages/crawl4ai/async_crawler_strategy.py):\nError: Failed on navigating ACS-GOTO:\nPage.goto: Timeout 10000ms exceeded.\nCall log:\n  - navigating to "https://www.bolton.ac.uk/our-staff/dr-daniela-bacova", waiting until "domcontentloaded"\n\n\nCode context:\n1200   \n1201                       response = await page.goto(\n1202                           url, wait_until=config.wait_until, timeout=config.page_timeout\n1203                       )\n1204                   except Error as e:\n1205 →                     raise RuntimeError(f"Failed on navigating ACS-GOTO:\\n{str(e)}")\n1206   \n1207                   await self.execute_hook("after_goto", page, context=context, url=url, response=response)\n1208   \n1209                   if response is None:\n1210                       status_code = 200' session_id=None response_headers=None status_code=None ssl_certificate=None


Failed to crawl: https://www.bolton.ac.uk/our-staff/susan-rabbitt
Result: url='https://www.bolton.ac.uk/our-staff/susan-rabbitt' html='' success=False cleaned_html=None media={} links={} downloaded_files=None screenshot=None pdf=None markdown=None markdown_v2=None fit_markdown=None fit_html=None extracted_content=None metadata=None error_message='Unexpected error in _crawl_web at line 1205 in _crawl_web (../../.pyenv/versions/3.12.6/lib/python3.12/site-packages/crawl4ai/async_crawler_strategy.py):\nError: Failed on navigating ACS-GOTO:\nPage.goto: Timeout 10000ms exceeded.\nCall log:\n  - navigating to "https://www.bolton.ac.uk/our-staff/susan-rabbitt", waiting until "domcontentloaded"\n\n\nCode context:\n1200   \n1201                       response = await page.goto(\n1202                           url, wait_until=config.wait_until, timeout=config.page_timeout\n1203                       )\n1204                   except Error as e:\n1205 →                     raise RuntimeError(f"Failed on navigating ACS-GOTO:\\n{str(e)}")\n1206   \n1207                   await self.execute_hook("after_goto", page, context=context, url=url, response=response)\n1208   \n1209                   if response is None:\n1210                       status_code = 200' session_id=None response_headers=None status_code=None ssl_certificate=None


Failed to crawl: https://www.bolton.ac.uk/our-staff/jo-hornby
Result: url='https://www.bolton.ac.uk/our-staff/jo-hornby' html='' success=False cleaned_html=None media={} links={} downloaded_files=None screenshot=None pdf=None markdown=None markdown_v2=None fit_markdown=None fit_html=None extracted_content=None metadata=None error_message='Unexpected error in _crawl_web at line 1205 in _crawl_web (../../.pyenv/versions/3.12.6/lib/python3.12/site-packages/crawl4ai/async_crawler_strategy.py):\nError: Failed on navigating ACS-GOTO:\nPage.goto: Timeout 10000ms exceeded.\nCall log:\n  - navigating to "https://www.bolton.ac.uk/our-staff/jo-hornby", waiting until "domcontentloaded"\n\n\nCode context:\n1200   \n1201                       response = await page.goto(\n1202                           url, wait_until=config.wait_until, timeout=config.page_timeout\n1203                       )\n1204                   except Error as e:\n1205 →                     raise RuntimeError(f"Failed on navigating ACS-GOTO:\\n{str(e)}")\n1206   \n1207                   await self.execute_hook("after_goto", page, context=context, url=url, response=response)\n1208   \n1209                   if response is None:\n1210                       status_code = 200' session_id=None response_headers=None status_code=None ssl_certificate=None


Failed to crawl: https://www.bolton.ac.uk/our-staff/dr-sarah-telfer
Result: url='https://www.bolton.ac.uk/our-staff/dr-sarah-telfer' html='' success=False cleaned_html=None media={} links={} downloaded_files=None screenshot=None pdf=None markdown=None markdown_v2=None fit_markdown=None fit_html=None extracted_content=None metadata=None error_message='Unexpected error in _crawl_web at line 1205 in _crawl_web (../../.pyenv/versions/3.12.6/lib/python3.12/site-packages/crawl4ai/async_crawler_strategy.py):\nError: Failed on navigating ACS-GOTO:\nPage.goto: Timeout 10000ms exceeded.\nCall log:\n  - navigating to "https://www.bolton.ac.uk/our-staff/dr-sarah-telfer", waiting until "domcontentloaded"\n\n\nCode context:\n1200   \n1201                       response = await page.goto(\n1202                           url, wait_until=config.wait_until, timeout=config.page_timeout\n1203                       )\n1204                   except Error as e:\n1205 →                     raise RuntimeError(f"Failed on navigating ACS-GOTO:\\n{str(e)}")\n1206   \n1207                   await self.execute_hook("after_goto", page, context=context, url=url, response=response)\n1208   \n1209                   if response is None:\n1210                       status_code = 200' session_id=None response_headers=None status_code=None ssl_certificate=None


Failed to crawl: https://www.bolton.ac.uk/our-staff/dr-clare-higgins
Result: url='https://www.bolton.ac.uk/our-staff/dr-clare-higgins' html='' success=False cleaned_html=None media={} links={} downloaded_files=None screenshot=None pdf=None markdown=None markdown_v2=None fit_markdown=None fit_html=None extracted_content=None metadata=None error_message='Unexpected error in _crawl_web at line 1205 in _crawl_web (../../.pyenv/versions/3.12.6/lib/python3.12/site-packages/crawl4ai/async_crawler_strategy.py):\nError: Failed on navigating ACS-GOTO:\nPage.goto: Timeout 10000ms exceeded.\nCall log:\n  - navigating to "https://www.bolton.ac.uk/our-staff/dr-clare-higgins", waiting until "domcontentloaded"\n\n\nCode context:\n1200   \n1201                       response = await page.goto(\n1202                           url, wait_until=config.wait_until, timeout=config.page_timeout\n1203                       )\n1204                   except Error as e:\n1205 →                     raise RuntimeError(f"Failed on navigating ACS-GOTO:\\n{str(e)}")\n1206   \n1207                   await self.execute_hook("after_goto", page, context=context, url=url, response=response)\n1208   \n1209                   if response is None:\n1210                       status_code = 200' session_id=None response_headers=None status_code=None ssl_certificate=None


Failed to crawl: https://www.bolton.ac.uk/our-staff/laura-obrien
Result: url='https://www.bolton.ac.uk/our-staff/laura-obrien' html='' success=False cleaned_html=None media={} links={} downloaded_files=None screenshot=None pdf=None markdown=None markdown_v2=None fit_markdown=None fit_html=None extracted_content=None metadata=None error_message='Unexpected error in _crawl_web at line 1205 in _crawl_web (../../.pyenv/versions/3.12.6/lib/python3.12/site-packages/crawl4ai/async_crawler_strategy.py):\nError: Failed on navigating ACS-GOTO:\nPage.goto: Timeout 10000ms exceeded.\nCall log:\n  - navigating to "https://www.bolton.ac.uk/our-staff/laura-obrien", waiting until "domcontentloaded"\n\n\nCode context:\n1200   \n1201                       response = await page.goto(\n1202                           url, wait_until=config.wait_until, timeout=config.page_timeout\n1203                       )\n1204                   except Error as e:\n1205 →                     raise RuntimeError(f"Failed on navigating ACS-GOTO:\\n{str(e)}")\n1206   \n1207                   await self.execute_hook("after_goto", page, context=context, url=url, response=response)\n1208   \n1209                   if response is None:\n1210                       status_code = 200' session_id=None response_headers=None status_code=None ssl_certificate=None


Failed to crawl: https://www.bolton.ac.uk/our-staff/kathryn-cridland
Result: url='https://www.bolton.ac.uk/our-staff/kathryn-cridland' html='' success=False cleaned_html=None media={} links={} downloaded_files=None screenshot=None pdf=None markdown=None markdown_v2=None fit_markdown=None fit_html=None extracted_content=None metadata=None error_message='Unexpected error in _crawl_web at line 1205 in _crawl_web (../../.pyenv/versions/3.12.6/lib/python3.12/site-packages/crawl4ai/async_crawler_strategy.py):\nError: Failed on navigating ACS-GOTO:\nPage.goto: Timeout 10000ms exceeded.\nCall log:\n  - navigating to "https://www.bolton.ac.uk/our-staff/kathryn-cridland", waiting until "domcontentloaded"\n\n\nCode context:\n1200   \n1201                       response = await page.goto(\n1202                           url, wait_until=config.wait_until, timeout=config.page_timeout\n1203                       )\n1204                   except Error as e:\n1205 →                     raise RuntimeError(f"Failed on navigating ACS-GOTO:\\n{str(e)}")\n1206   \n1207                   await self.execute_hook("after_goto", page, context=context, url=url, response=response)\n1208   \n1209                   if response is None:\n1210                       status_code = 200' session_id=None response_headers=None status_code=None ssl_certificate=None


Failed to crawl: https://www.bolton.ac.uk/our-staff/rose-bauk
Result: url='https://www.bolton.ac.uk/our-staff/rose-bauk' html='' success=False cleaned_html=None media={} links={} downloaded_files=None screenshot=None pdf=None markdown=None markdown_v2=None fit_markdown=None fit_html=None extracted_content=None metadata=None error_message='Unexpected error in _crawl_web at line 1205 in _crawl_web (../../.pyenv/versions/3.12.6/lib/python3.12/site-packages/crawl4ai/async_crawler_strategy.py):\nError: Failed on navigating ACS-GOTO:\nPage.goto: Timeout 10000ms exceeded.\nCall log:\n  - navigating to "https://www.bolton.ac.uk/our-staff/rose-bauk", waiting until "domcontentloaded"\n\n\nCode context:\n1200   \n1201                       response = await page.goto(\n1202                           url, wait_until=config.wait_until, timeout=config.page_timeout\n1203                       )\n1204                   except Error as e:\n1205 →                     raise RuntimeError(f"Failed on navigating ACS-GOTO:\\n{str(e)}")\n1206   \n1207                   await self.execute_hook("after_goto", page, context=context, url=url, response=response)\n1208   \n1209                   if response is None:\n1210                       status_code = 200' session_id=None response_headers=None status_code=None ssl_certificate=None


Failed to crawl: https://www.bolton.ac.uk/assets/Hosted/CoP-REF-2021-Aug-2020-revised-clean.pdf
Result: url='https://www.bolton.ac.uk/assets/Hosted/CoP-REF-2021-Aug-2020-revised-clean.pdf' html='' success=False cleaned_html=None media={} links={} downloaded_files=None screenshot=None pdf=None markdown=None markdown_v2=None fit_markdown=None fit_html=None extracted_content=None metadata=None error_message='Unexpected error in _crawl_web at line 1205 in _crawl_web (../../.pyenv/versions/3.12.6/lib/python3.12/site-packages/crawl4ai/async_crawler_strategy.py):\nError: Failed on navigating ACS-GOTO:\nPage.goto: net::ERR_FAILED at https://www.bolton.ac.uk/assets/Hosted/CoP-REF-2021-Aug-2020-revised-clean.pdf\nCall log:\n  - navigating to "https://www.bolton.ac.uk/assets/Hosted/CoP-REF-2021-Aug-2020-revised-clean.pdf", waiting until "domcontentloaded"\n\n\nCode context:\n1200   \n1201                       response = await page.goto(\n1202                           url, wait_until=config.wait_until, timeout=config.page_timeout\n1203                       )\n1204                   except Error as e:\n1205 →                     raise RuntimeError(f"Failed on navigating ACS-GOTO:\\n{str(e)}")\n1206   \n1207                   await self.execute_hook("after_goto", page, context=context, url=url, response=response)\n1208   \n1209                   if response is None:\n1210                       status_code = 200' session_id=None response_headers=None status_code=None ssl_certificate=None


Failed to crawl: https://www.bolton.ac.uk/assets/ref-2019-01-guidance-on-submissions-compressed.pdf
Result: url='https://www.bolton.ac.uk/assets/ref-2019-01-guidance-on-submissions-compressed.pdf' html='' success=False cleaned_html=None media={} links={} downloaded_files=None screenshot=None pdf=None markdown=None markdown_v2=None fit_markdown=None fit_html=None extracted_content=None metadata=None error_message='Unexpected error in _crawl_web at line 1205 in _crawl_web (../../.pyenv/versions/3.12.6/lib/python3.12/site-packages/crawl4ai/async_crawler_strategy.py):\nError: Failed on navigating ACS-GOTO:\nPage.goto: net::ERR_FAILED at https://www.bolton.ac.uk/assets/ref-2019-01-guidance-on-submissions-compressed.pdf\nCall log:\n  - navigating to "https://www.bolton.ac.uk/assets/ref-2019-01-guidance-on-submissions-compressed.pdf", waiting until "domcontentloaded"\n\n\nCode context:\n1200   \n1201                       response = await page.goto(\n1202                           url, wait_until=config.wait_until, timeout=config.page_timeout\n1203                       )\n1204                   except Error as e:\n1205 →                     raise RuntimeError(f"Failed on navigating ACS-GOTO:\\n{str(e)}")\n1206   \n1207                   await self.execute_hook("after_goto", page, context=context, url=url, response=response)\n1208   \n1209                   if response is None:\n1210                       status_code = 200' session_id=None response_headers=None status_code=None ssl_certificate=None


Failed to crawl: https://www.bolton.ac.uk/assets/Further_education_FE_initial_teacher_education_ITE_bursaries_funding_manual.pdf
Result: url='https://www.bolton.ac.uk/assets/Further_education_FE_initial_teacher_education_ITE_bursaries_funding_manual.pdf' html='' success=False cleaned_html=None media={} links={} downloaded_files=None screenshot=None pdf=None markdown=None markdown_v2=None fit_markdown=None fit_html=None extracted_content=None metadata=None error_message='Unexpected error in _crawl_web at line 1205 in _crawl_web (../../.pyenv/versions/3.12.6/lib/python3.12/site-packages/crawl4ai/async_crawler_strategy.py):\nError: Failed on navigating ACS-GOTO:\nPage.goto: net::ERR_FAILED at https://www.bolton.ac.uk/assets/Further_education_FE_initial_teacher_education_ITE_bursaries_funding_manual.pdf\nCall log:\n  - navigating to "https://www.bolton.ac.uk/assets/Further_education_FE_initial_teacher_education_ITE_bursaries_funding_manual.pdf", waiting until "domcontentloaded"\n\n\nCode context:\n1200   \n1201                       response = await page.goto(\n1202                           url, wait_until=config.wait_until, timeout=config.page_timeout\n1203                       )\n1204                   except Error as e:\n1205 →                     raise RuntimeError(f"Failed on navigating ACS-GOTO:\\n{str(e)}")\n1206   \n1207                   await self.execute_hook("after_goto", page, context=context, url=url, response=response)\n1208   \n1209                   if response is None:\n1210                       status_code = 200' session_id=None response_headers=None status_code=None ssl_certificate=None


Failed to crawl: https://www.bolton.ac.uk/explore-our-schools/bolton-school-of-the-arts
Result: url='https://www.bolton.ac.uk/explore-our-schools/bolton-school-of-the-arts' html='' success=False cleaned_html=None media={} links={} downloaded_files=None screenshot=None pdf=None markdown=None markdown_v2=None fit_markdown=None fit_html=None extracted_content=None metadata=None error_message='Unexpected error in _crawl_web at line 1205 in _crawl_web (../../.pyenv/versions/3.12.6/lib/python3.12/site-packages/crawl4ai/async_crawler_strategy.py):\nError: Failed on navigating ACS-GOTO:\nPage.goto: Timeout 10000ms exceeded.\nCall log:\n  - navigating to "https://www.bolton.ac.uk/explore-our-schools/bolton-school-of-the-arts", waiting until "domcontentloaded"\n\n\nCode context:\n1200   \n1201                       response = await page.goto(\n1202                           url, wait_until=config.wait_until, timeout=config.page_timeout\n1203                       )\n1204                   except Error as e:\n1205 →                     raise RuntimeError(f"Failed on navigating ACS-GOTO:\\n{str(e)}")\n1206   \n1207                   await self.execute_hook("after_goto", page, context=context, url=url, response=response)\n1208   \n1209                   if response is None:\n1210                       status_code = 200' session_id=None response_headers=None status_code=None ssl_certificate=None


Failed to crawl: https://www.bolton.ac.uk/explore-our-schools/faculty-of-health-and-wellbeing
Result: url='https://www.bolton.ac.uk/explore-our-schools/faculty-of-health-and-wellbeing' html='' success=False cleaned_html=None media={} links={} downloaded_files=None screenshot=None pdf=None markdown=None markdown_v2=None fit_markdown=None fit_html=None extracted_content=None metadata=None error_message='Unexpected error in _crawl_web at line 1205 in _crawl_web (../../.pyenv/versions/3.12.6/lib/python3.12/site-packages/crawl4ai/async_crawler_strategy.py):\nError: Failed on navigating ACS-GOTO:\nPage.goto: Timeout 10000ms exceeded.\nCall log:\n  - navigating to "https://www.bolton.ac.uk/explore-our-schools/faculty-of-health-and-wellbeing", waiting until "domcontentloaded"\n\n\nCode context:\n1200   \n1201                       response = await page.goto(\n1202                           url, wait_until=config.wait_until, timeout=config.page_timeout\n1203                       )\n1204                   except Error as e:\n1205 →                     raise RuntimeError(f"Failed on navigating ACS-GOTO:\\n{str(e)}")\n1206   \n1207                   await self.execute_hook("after_goto", page, context=context, url=url, response=response)\n1208   \n1209                   if response is None:\n1210                       status_code = 200' session_id=None response_headers=None status_code=None ssl_certificate=None


Failed to crawl: https://www.bolton.ac.uk/explore-our-schools/school-of-creative-technologies
Result: url='https://www.bolton.ac.uk/explore-our-schools/school-of-creative-technologies' html='' success=False cleaned_html=None media={} links={} downloaded_files=None screenshot=None pdf=None markdown=None markdown_v2=None fit_markdown=None fit_html=None extracted_content=None metadata=None error_message='Unexpected error in _crawl_web at line 1205 in _crawl_web (../../.pyenv/versions/3.12.6/lib/python3.12/site-packages/crawl4ai/async_crawler_strategy.py):\nError: Failed on navigating ACS-GOTO:\nPage.goto: Timeout 10000ms exceeded.\nCall log:\n  - navigating to "https://www.bolton.ac.uk/explore-our-schools/school-of-creative-technologies", waiting until "domcontentloaded"\n\n\nCode context:\n1200   \n1201                       response = await page.goto(\n1202                           url, wait_until=config.wait_until, timeout=config.page_timeout\n1203                       )\n1204                   except Error as e:\n1205 →                     raise RuntimeError(f"Failed on navigating ACS-GOTO:\\n{str(e)}")\n1206   \n1207                   await self.execute_hook("after_goto", page, context=context, url=url, response=response)\n1208   \n1209                   if response is None:\n1210                       status_code = 200' session_id=None response_headers=None status_code=None ssl_certificate=None


Failed to crawl: https://www.bolton.ac.uk/explore-our-schools/school-of-engineering
Result: url='https://www.bolton.ac.uk/explore-our-schools/school-of-engineering' html='' success=False cleaned_html=None media={} links={} downloaded_files=None screenshot=None pdf=None markdown=None markdown_v2=None fit_markdown=None fit_html=None extracted_content=None metadata=None error_message='Unexpected error in _crawl_web at line 1205 in _crawl_web (../../.pyenv/versions/3.12.6/lib/python3.12/site-packages/crawl4ai/async_crawler_strategy.py):\nError: Failed on navigating ACS-GOTO:\nPage.goto: Timeout 10000ms exceeded.\nCall log:\n  - navigating to "https://www.bolton.ac.uk/explore-our-schools/school-of-engineering", waiting until "domcontentloaded"\n\n\nCode context:\n1200   \n1201                       response = await page.goto(\n1202                           url, wait_until=config.wait_until, timeout=config.page_timeout\n1203                       )\n1204                   except Error as e:\n1205 →                     raise RuntimeError(f"Failed on navigating ACS-GOTO:\\n{str(e)}")\n1206   \n1207                   await self.execute_hook("after_goto", page, context=context, url=url, response=response)\n1208   \n1209                   if response is None:\n1210                       status_code = 200' session_id=None response_headers=None status_code=None ssl_certificate=None


Failed to crawl: https://www.bolton.ac.uk/assets/Hosted/Bicycle-Scheme-Application-Notes-FINAL.pdf
Result: url='https://www.bolton.ac.uk/assets/Hosted/Bicycle-Scheme-Application-Notes-FINAL.pdf' html='' success=False cleaned_html=None media={} links={} downloaded_files=None screenshot=None pdf=None markdown=None markdown_v2=None fit_markdown=None fit_html=None extracted_content=None metadata=None error_message='Unexpected error in _crawl_web at line 1205 in _crawl_web (../../.pyenv/versions/3.12.6/lib/python3.12/site-packages/crawl4ai/async_crawler_strategy.py):\nError: Failed on navigating ACS-GOTO:\nPage.goto: net::ERR_FAILED at https://www.bolton.ac.uk/assets/Hosted/Bicycle-Scheme-Application-Notes-FINAL.pdf\nCall log:\n  - navigating to "https://www.bolton.ac.uk/assets/Hosted/Bicycle-Scheme-Application-Notes-FINAL.pdf", waiting until "domcontentloaded"\n\n\nCode context:\n1200   \n1201                       response = await page.goto(\n1202                           url, wait_until=config.wait_until, timeout=config.page_timeout\n1203                       )\n1204                   except Error as e:\n1205 →                     raise RuntimeError(f"Failed on navigating ACS-GOTO:\\n{str(e)}")\n1206   \n1207                   await self.execute_hook("after_goto", page, context=context, url=url, response=response)\n1208   \n1209                   if response is None:\n1210                       status_code = 200' session_id=None response_headers=None status_code=None ssl_certificate=None


Failed to crawl: https://www.bolton.ac.uk/explore-our-schools/centre-for-dental-sciences
Result: url='https://www.bolton.ac.uk/explore-our-schools/centre-for-dental-sciences' html='' success=False cleaned_html=None media={} links={} downloaded_files=None screenshot=None pdf=None markdown=None markdown_v2=None fit_markdown=None fit_html=None extracted_content=None metadata=None error_message='Unexpected error in _crawl_web at line 1205 in _crawl_web (../../.pyenv/versions/3.12.6/lib/python3.12/site-packages/crawl4ai/async_crawler_strategy.py):\nError: Failed on navigating ACS-GOTO:\nPage.goto: Timeout 10000ms exceeded.\nCall log:\n  - navigating to "https://www.bolton.ac.uk/explore-our-schools/centre-for-dental-sciences", waiting until "domcontentloaded"\n\n\nCode context:\n1200   \n1201                       response = await page.goto(\n1202                           url, wait_until=config.wait_until, timeout=config.page_timeout\n1203                       )\n1204                   except Error as e:\n1205 →                     raise RuntimeError(f"Failed on navigating ACS-GOTO:\\n{str(e)}")\n1206   \n1207                   await self.execute_hook("after_goto", page, context=context, url=url, response=response)\n1208   \n1209                   if response is None:\n1210                       status_code = 200' session_id=None response_headers=None status_code=None ssl_certificate=None


Failed to crawl: https://www.bolton.ac.uk/explore-our-schools/sport-and-biological-sciences-research-centre
Result: url='https://www.bolton.ac.uk/explore-our-schools/sport-and-biological-sciences-research-centre' html='' success=False cleaned_html=None media={} links={} downloaded_files=None screenshot=None pdf=None markdown=None markdown_v2=None fit_markdown=None fit_html=None extracted_content=None metadata=None error_message='Unexpected error in _crawl_web at line 1205 in _crawl_web (../../.pyenv/versions/3.12.6/lib/python3.12/site-packages/crawl4ai/async_crawler_strategy.py):\nError: Failed on navigating ACS-GOTO:\nPage.goto: Timeout 10000ms exceeded.\nCall log:\n  - navigating to "https://www.bolton.ac.uk/explore-our-schools/sport-and-biological-sciences-research-centre", waiting until "domcontentloaded"\n\n\nCode context:\n1200   \n1201                       response = await page.goto(\n1202                           url, wait_until=config.wait_until, timeout=config.page_timeout\n1203                       )\n1204                   except Error as e:\n1205 →                     raise RuntimeError(f"Failed on navigating ACS-GOTO:\\n{str(e)}")\n1206   \n1207                   await self.execute_hook("after_goto", page, context=context, url=url, response=response)\n1208   \n1209                   if response is None:\n1210                       status_code = 200' session_id=None response_headers=None status_code=None ssl_certificate=None


Failed to crawl: https://www.bolton.ac.uk/explore-our-schools/centre-for-worktown-studies
Result: url='https://www.bolton.ac.uk/explore-our-schools/centre-for-worktown-studies' html='' success=False cleaned_html=None media={} links={} downloaded_files=None screenshot=None pdf=None markdown=None markdown_v2=None fit_markdown=None fit_html=None extracted_content=None metadata=None error_message='Unexpected error in _crawl_web at line 1205 in _crawl_web (../../.pyenv/versions/3.12.6/lib/python3.12/site-packages/crawl4ai/async_crawler_strategy.py):\nError: Failed on navigating ACS-GOTO:\nPage.goto: Timeout 10000ms exceeded.\nCall log:\n  - navigating to "https://www.bolton.ac.uk/explore-our-schools/centre-for-worktown-studies", waiting until "domcontentloaded"\n\n\nCode context:\n1200   \n1201                       response = await page.goto(\n1202                           url, wait_until=config.wait_until, timeout=config.page_timeout\n1203                       )\n1204                   except Error as e:\n1205 →                     raise RuntimeError(f"Failed on navigating ACS-GOTO:\\n{str(e)}")\n1206   \n1207                   await self.execute_hook("after_goto", page, context=context, url=url, response=response)\n1208   \n1209                   if response is None:\n1210                       status_code = 200' session_id=None response_headers=None status_code=None ssl_certificate=None


Failed to crawl: https://www.bolton.ac.uk/explore-our-schools/institute-for-materials-research-and-innovation
Result: url='https://www.bolton.ac.uk/explore-our-schools/institute-for-materials-research-and-innovation' html='' success=False cleaned_html=None media={} links={} downloaded_files=None screenshot=None pdf=None markdown=None markdown_v2=None fit_markdown=None fit_html=None extracted_content=None metadata=None error_message='Unexpected error in _crawl_web at line 1205 in _crawl_web (../../.pyenv/versions/3.12.6/lib/python3.12/site-packages/crawl4ai/async_crawler_strategy.py):\nError: Failed on navigating ACS-GOTO:\nPage.goto: Timeout 10000ms exceeded.\nCall log:\n  - navigating to "https://www.bolton.ac.uk/explore-our-schools/institute-for-materials-research-and-innovation", waiting until "domcontentloaded"\n\n\nCode context:\n1200   \n1201                       response = await page.goto(\n1202                           url, wait_until=config.wait_until, timeout=config.page_timeout\n1203                       )\n1204                   except Error as e:\n1205 →                     raise RuntimeError(f"Failed on navigating ACS-GOTO:\\n{str(e)}")\n1206   \n1207                   await self.execute_hook("after_goto", page, context=context, url=url, response=response)\n1208   \n1209                   if response is None:\n1210                       status_code = 200' session_id=None response_headers=None status_code=None ssl_certificate=None


Failed to crawl: https://www.bolton.ac.uk/assets/Uploads/UNIVERSITY-GROUP-SIGNIFICANT-RISK-INCIDENT-NOTIFICATION-PROTOCOL-Approved-2-June-2020.pdf.pdf
Result: url='https://www.bolton.ac.uk/assets/Uploads/UNIVERSITY-GROUP-SIGNIFICANT-RISK-INCIDENT-NOTIFICATION-PROTOCOL-Approved-2-June-2020.pdf.pdf' html='' success=False cleaned_html=None media={} links={} downloaded_files=None screenshot=None pdf=None markdown=None markdown_v2=None fit_markdown=None fit_html=None extracted_content=None metadata=None error_message='Unexpected error in _crawl_web at line 1205 in _crawl_web (../../.pyenv/versions/3.12.6/lib/python3.12/site-packages/crawl4ai/async_crawler_strategy.py):\nError: Failed on navigating ACS-GOTO:\nPage.goto: net::ERR_FAILED at https://www.bolton.ac.uk/assets/Uploads/UNIVERSITY-GROUP-SIGNIFICANT-RISK-INCIDENT-NOTIFICATION-PROTOCOL-Approved-2-June-2020.pdf.pdf\nCall log:\n  - navigating to "https://www.bolton.ac.uk/assets/Uploads/UNIVERSITY-GROUP-SIGNIFICANT-RISK-INCIDENT-NOTIFICATION-PROTOCOL-Approved-2-June-2020.pdf.pdf", waiting until "domcontentloaded"\n\n\nCode context:\n1200   \n1201                       response = await page.goto(\n1202                           url, wait_until=config.wait_until, timeout=config.page_timeout\n1203                       )\n1204                   except Error as e:\n1205 →                     raise RuntimeError(f"Failed on navigating ACS-GOTO:\\n{str(e)}")\n1206   \n1207                   await self.execute_hook("after_goto", page, context=context, url=url, response=response)\n1208   \n1209                   if response is None:\n1210                       status_code = 200' session_id=None response_headers=None status_code=None ssl_certificate=None


Failed to crawl: https://www.bolton.ac.uk/assets/Uploads/Environmental-Sustainability-Summary-brochure.pdf
Result: url='https://www.bolton.ac.uk/assets/Uploads/Environmental-Sustainability-Summary-brochure.pdf' html='' success=False cleaned_html=None media={} links={} downloaded_files=None screenshot=None pdf=None markdown=None markdown_v2=None fit_markdown=None fit_html=None extracted_content=None metadata=None error_message='Unexpected error in _crawl_web at line 1205 in _crawl_web (../../.pyenv/versions/3.12.6/lib/python3.12/site-packages/crawl4ai/async_crawler_strategy.py):\nError: Failed on navigating ACS-GOTO:\nPage.goto: net::ERR_FAILED at https://www.bolton.ac.uk/assets/Uploads/Environmental-Sustainability-Summary-brochure.pdf\nCall log:\n  - navigating to "https://www.bolton.ac.uk/assets/Uploads/Environmental-Sustainability-Summary-brochure.pdf", waiting until "domcontentloaded"\n\n\nCode context:\n1200   \n1201                       response = await page.goto(\n1202                           url, wait_until=config.wait_until, timeout=config.page_timeout\n1203                       )\n1204                   except Error as e:\n1205 →                     raise RuntimeError(f"Failed on navigating ACS-GOTO:\\n{str(e)}")\n1206   \n1207                   await self.execute_hook("after_goto", page, context=context, url=url, response=response)\n1208   \n1209                   if response is None:\n1210                       status_code = 200' session_id=None response_headers=None status_code=None ssl_certificate=None


Failed to crawl: https://www.bolton.ac.uk/assets/Uploads/Environmental-Sustainability-Policy-Ratified.pdf
Result: url='https://www.bolton.ac.uk/assets/Uploads/Environmental-Sustainability-Policy-Ratified.pdf' html='' success=False cleaned_html=None media={} links={} downloaded_files=None screenshot=None pdf=None markdown=None markdown_v2=None fit_markdown=None fit_html=None extracted_content=None metadata=None error_message='Unexpected error in _crawl_web at line 1205 in _crawl_web (../../.pyenv/versions/3.12.6/lib/python3.12/site-packages/crawl4ai/async_crawler_strategy.py):\nError: Failed on navigating ACS-GOTO:\nPage.goto: net::ERR_FAILED at https://www.bolton.ac.uk/assets/Uploads/Environmental-Sustainability-Policy-Ratified.pdf\nCall log:\n  - navigating to "https://www.bolton.ac.uk/assets/Uploads/Environmental-Sustainability-Policy-Ratified.pdf", waiting until "domcontentloaded"\n\n\nCode context:\n1200   \n1201                       response = await page.goto(\n1202                           url, wait_until=config.wait_until, timeout=config.page_timeout\n1203                       )\n1204                   except Error as e:\n1205 →                     raise RuntimeError(f"Failed on navigating ACS-GOTO:\\n{str(e)}")\n1206   \n1207                   await self.execute_hook("after_goto", page, context=context, url=url, response=response)\n1208   \n1209                   if response is None:\n1210                       status_code = 200' session_id=None response_headers=None status_code=None ssl_certificate=None


Failed to crawl: https://www.bolton.ac.uk/assets/Uploads/108228-Library-for-Life-appl-form-DIGI4.pdf
Result: url='https://www.bolton.ac.uk/assets/Uploads/108228-Library-for-Life-appl-form-DIGI4.pdf' html='' success=False cleaned_html=None media={} links={} downloaded_files=None screenshot=None pdf=None markdown=None markdown_v2=None fit_markdown=None fit_html=None extracted_content=None metadata=None error_message='Unexpected error in _crawl_web at line 1205 in _crawl_web (../../.pyenv/versions/3.12.6/lib/python3.12/site-packages/crawl4ai/async_crawler_strategy.py):\nError: Failed on navigating ACS-GOTO:\nPage.goto: net::ERR_FAILED at https://www.bolton.ac.uk/assets/Uploads/108228-Library-for-Life-appl-form-DIGI4.pdf\nCall log:\n  - navigating to "https://www.bolton.ac.uk/assets/Uploads/108228-Library-for-Life-appl-form-DIGI4.pdf", waiting until "domcontentloaded"\n\n\nCode context:\n1200   \n1201                       response = await page.goto(\n1202                           url, wait_until=config.wait_until, timeout=config.page_timeout\n1203                       )\n1204                   except Error as e:\n1205 →                     raise RuntimeError(f"Failed on navigating ACS-GOTO:\\n{str(e)}")\n1206   \n1207                   await self.execute_hook("after_goto", page, context=context, url=url, response=response)\n1208   \n1209                   if response is None:\n1210                       status_code = 200' session_id=None response_headers=None status_code=None ssl_certificate=None


Failed to crawl: https://www.bolton.ac.uk/assets/Duplicate-Cert-email-V4-UOB.pdf
Result: url='https://www.bolton.ac.uk/assets/Duplicate-Cert-email-V4-UOB.pdf' html='' success=False cleaned_html=None media={} links={} downloaded_files=None screenshot=None pdf=None markdown=None markdown_v2=None fit_markdown=None fit_html=None extracted_content=None metadata=None error_message='Unexpected error in _crawl_web at line 1205 in _crawl_web (../../.pyenv/versions/3.12.6/lib/python3.12/site-packages/crawl4ai/async_crawler_strategy.py):\nError: Failed on navigating ACS-GOTO:\nPage.goto: net::ERR_FAILED at https://www.bolton.ac.uk/assets/Duplicate-Cert-email-V4-UOB.pdf\nCall log:\n  - navigating to "https://www.bolton.ac.uk/assets/Duplicate-Cert-email-V4-UOB.pdf", waiting until "domcontentloaded"\n\n\nCode context:\n1200   \n1201                       response = await page.goto(\n1202                           url, wait_until=config.wait_until, timeout=config.page_timeout\n1203                       )\n1204                   except Error as e:\n1205 →                     raise RuntimeError(f"Failed on navigating ACS-GOTO:\\n{str(e)}")\n1206   \n1207                   await self.execute_hook("after_goto", page, context=context, url=url, response=response)\n1208   \n1209                   if response is None:\n1210                       status_code = 200' session_id=None response_headers=None status_code=None ssl_certificate=None


Failed to crawl: https://www.bolton.ac.uk/assets/UoBHowToFindUsMainReception.pdf
Result: url='https://www.bolton.ac.uk/assets/UoBHowToFindUsMainReception.pdf' html='' success=False cleaned_html=None media={} links={} downloaded_files=None screenshot=None pdf=None markdown=None markdown_v2=None fit_markdown=None fit_html=None extracted_content=None metadata=None error_message='Unexpected error in _crawl_web at line 1205 in _crawl_web (../../.pyenv/versions/3.12.6/lib/python3.12/site-packages/crawl4ai/async_crawler_strategy.py):\nError: Failed on navigating ACS-GOTO:\nPage.goto: net::ERR_FAILED at https://www.bolton.ac.uk/assets/UoBHowToFindUsMainReception.pdf\nCall log:\n  - navigating to "https://www.bolton.ac.uk/assets/UoBHowToFindUsMainReception.pdf", waiting until "domcontentloaded"\n\n\nCode context:\n1200   \n1201                       response = await page.goto(\n1202                           url, wait_until=config.wait_until, timeout=config.page_timeout\n1203                       )\n1204                   except Error as e:\n1205 →                     raise RuntimeError(f"Failed on navigating ACS-GOTO:\\n{str(e)}")\n1206   \n1207                   await self.execute_hook("after_goto", page, context=context, url=url, response=response)\n1208   \n1209                   if response is None:\n1210                       status_code = 200' session_id=None response_headers=None status_code=None ssl_certificate=None


Failed to crawl: https://www.bolton.ac.uk/assets/UoBCampusMap.pdf
Result: url='https://www.bolton.ac.uk/assets/UoBCampusMap.pdf' html='' success=False cleaned_html=None media={} links={} downloaded_files=None screenshot=None pdf=None markdown=None markdown_v2=None fit_markdown=None fit_html=None extracted_content=None metadata=None error_message='Unexpected error in _crawl_web at line 1205 in _crawl_web (../../.pyenv/versions/3.12.6/lib/python3.12/site-packages/crawl4ai/async_crawler_strategy.py):\nError: Failed on navigating ACS-GOTO:\nPage.goto: net::ERR_FAILED at https://www.bolton.ac.uk/assets/UoBCampusMap.pdf\nCall log:\n  - navigating to "https://www.bolton.ac.uk/assets/UoBCampusMap.pdf", waiting until "domcontentloaded"\n\n\nCode context:\n1200   \n1201                       response = await page.goto(\n1202                           url, wait_until=config.wait_until, timeout=config.page_timeout\n1203                       )\n1204                   except Error as e:\n1205 →                     raise RuntimeError(f"Failed on navigating ACS-GOTO:\\n{str(e)}")\n1206   \n1207                   await self.execute_hook("after_goto", page, context=context, url=url, response=response)\n1208   \n1209                   if response is None:\n1210                       status_code = 200' session_id=None response_headers=None status_code=None ssl_certificate=None


Failed to crawl: https://www.bolton.ac.uk/blogs/seven-top-tips-to-make-the-most-of-clearing
Result: url='https://www.bolton.ac.uk/blogs/seven-top-tips-to-make-the-most-of-clearing' html='' success=False cleaned_html=None media={} links={} downloaded_files=None screenshot=None pdf=None markdown=None markdown_v2=None fit_markdown=None fit_html=None extracted_content=None metadata=None error_message='Unexpected error in _crawl_web at line 1205 in _crawl_web (../../.pyenv/versions/3.12.6/lib/python3.12/site-packages/crawl4ai/async_crawler_strategy.py):\nError: Failed on navigating ACS-GOTO:\nPage.goto: Timeout 10000ms exceeded.\nCall log:\n  - navigating to "https://www.bolton.ac.uk/blogs/seven-top-tips-to-make-the-most-of-clearing", waiting until "domcontentloaded"\n\n\nCode context:\n1200   \n1201                       response = await page.goto(\n1202                           url, wait_until=config.wait_until, timeout=config.page_timeout\n1203                       )\n1204                   except Error as e:\n1205 →                     raise RuntimeError(f"Failed on navigating ACS-GOTO:\\n{str(e)}")\n1206   \n1207                   await self.execute_hook("after_goto", page, context=context, url=url, response=response)\n1208   \n1209                   if response is None:\n1210                       status_code = 200' session_id=None response_headers=None status_code=None ssl_certificate=None


Failed to crawl: https://www.bolton.ac.uk/blogs/why-you-should-see-clearing-2023-as-an-opportunity-for-you
Result: url='https://www.bolton.ac.uk/blogs/why-you-should-see-clearing-2023-as-an-opportunity-for-you' html='' success=False cleaned_html=None media={} links={} downloaded_files=None screenshot=None pdf=None markdown=None markdown_v2=None fit_markdown=None fit_html=None extracted_content=None metadata=None error_message='Unexpected error in _crawl_web at line 1205 in _crawl_web (../../.pyenv/versions/3.12.6/lib/python3.12/site-packages/crawl4ai/async_crawler_strategy.py):\nError: Failed on navigating ACS-GOTO:\nPage.goto: Timeout 10000ms exceeded.\nCall log:\n  - navigating to "https://www.bolton.ac.uk/blogs/why-you-should-see-clearing-2023-as-an-opportunity-for-you", waiting until "domcontentloaded"\n\n\nCode context:\n1200   \n1201                       response = await page.goto(\n1202                           url, wait_until=config.wait_until, timeout=config.page_timeout\n1203                       )\n1204                   except Error as e:\n1205 →                     raise RuntimeError(f"Failed on navigating ACS-GOTO:\\n{str(e)}")\n1206   \n1207                   await self.execute_hook("after_goto", page, context=context, url=url, response=response)\n1208   \n1209                   if response is None:\n1210                       status_code = 200' session_id=None response_headers=None status_code=None ssl_certificate=None


Failed to crawl: https://www.bolton.ac.uk/blogs/why-the-university-of-bolton-believes-in-supportive-learning
Result: url='https://www.bolton.ac.uk/blogs/why-the-university-of-bolton-believes-in-supportive-learning' html='' success=False cleaned_html=None media={} links={} downloaded_files=None screenshot=None pdf=None markdown=None markdown_v2=None fit_markdown=None fit_html=None extracted_content=None metadata=None error_message='Unexpected error in _crawl_web at line 1205 in _crawl_web (../../.pyenv/versions/3.12.6/lib/python3.12/site-packages/crawl4ai/async_crawler_strategy.py):\nError: Failed on navigating ACS-GOTO:\nPage.goto: Timeout 10000ms exceeded.\nCall log:\n  - navigating to "https://www.bolton.ac.uk/blogs/why-the-university-of-bolton-believes-in-supportive-learning", waiting until "domcontentloaded"\n\n\nCode context:\n1200   \n1201                       response = await page.goto(\n1202                           url, wait_until=config.wait_until, timeout=config.page_timeout\n1203                       )\n1204                   except Error as e:\n1205 →                     raise RuntimeError(f"Failed on navigating ACS-GOTO:\\n{str(e)}")\n1206   \n1207                   await self.execute_hook("after_goto", page, context=context, url=url, response=response)\n1208   \n1209                   if response is None:\n1210                       status_code = 200' session_id=None response_headers=None status_code=None ssl_certificate=None


Failed to crawl: https://www.bolton.ac.uk/blogs/how-to-deal-with-exam-results-day
Result: url='https://www.bolton.ac.uk/blogs/how-to-deal-with-exam-results-day' html='' success=False cleaned_html=None media={} links={} downloaded_files=None screenshot=None pdf=None markdown=None markdown_v2=None fit_markdown=None fit_html=None extracted_content=None metadata=None error_message='Unexpected error in _crawl_web at line 1205 in _crawl_web (../../.pyenv/versions/3.12.6/lib/python3.12/site-packages/crawl4ai/async_crawler_strategy.py):\nError: Failed on navigating ACS-GOTO:\nPage.goto: Timeout 10000ms exceeded.\nCall log:\n  - navigating to "https://www.bolton.ac.uk/blogs/how-to-deal-with-exam-results-day", waiting until "domcontentloaded"\n\n\nCode context:\n1200   \n1201                       response = await page.goto(\n1202                           url, wait_until=config.wait_until, timeout=config.page_timeout\n1203                       )\n1204                   except Error as e:\n1205 →                     raise RuntimeError(f"Failed on navigating ACS-GOTO:\\n{str(e)}")\n1206   \n1207                   await self.execute_hook("after_goto", page, context=context, url=url, response=response)\n1208   \n1209                   if response is None:\n1210                       status_code = 200' session_id=None response_headers=None status_code=None ssl_certificate=None


Failed to crawl: https://www.bolton.ac.uk/blogs/reasons-to-study-in-bolton
Result: url='https://www.bolton.ac.uk/blogs/reasons-to-study-in-bolton' html='' success=False cleaned_html=None media={} links={} downloaded_files=None screenshot=None pdf=None markdown=None markdown_v2=None fit_markdown=None fit_html=None extracted_content=None metadata=None error_message='Unexpected error in _crawl_web at line 1205 in _crawl_web (../../.pyenv/versions/3.12.6/lib/python3.12/site-packages/crawl4ai/async_crawler_strategy.py):\nError: Failed on navigating ACS-GOTO:\nPage.goto: Timeout 10000ms exceeded.\nCall log:\n  - navigating to "https://www.bolton.ac.uk/blogs/reasons-to-study-in-bolton", waiting until "domcontentloaded"\n\n\nCode context:\n1200   \n1201                       response = await page.goto(\n1202                           url, wait_until=config.wait_until, timeout=config.page_timeout\n1203                       )\n1204                   except Error as e:\n1205 →                     raise RuntimeError(f"Failed on navigating ACS-GOTO:\\n{str(e)}")\n1206   \n1207                   await self.execute_hook("after_goto", page, context=context, url=url, response=response)\n1208   \n1209                   if response is None:\n1210                       status_code = 200' session_id=None response_headers=None status_code=None ssl_certificate=None


Failed to crawl: https://www.bolton.ac.uk/blogs/answering-your-questions-about-clearing
Result: url='https://www.bolton.ac.uk/blogs/answering-your-questions-about-clearing' html='' success=False cleaned_html=None media={} links={} downloaded_files=None screenshot=None pdf=None markdown=None markdown_v2=None fit_markdown=None fit_html=None extracted_content=None metadata=None error_message='Unexpected error in _crawl_web at line 1205 in _crawl_web (../../.pyenv/versions/3.12.6/lib/python3.12/site-packages/crawl4ai/async_crawler_strategy.py):\nError: Failed on navigating ACS-GOTO:\nPage.goto: Timeout 10000ms exceeded.\nCall log:\n  - navigating to "https://www.bolton.ac.uk/blogs/answering-your-questions-about-clearing", waiting until "domcontentloaded"\n\n\nCode context:\n1200   \n1201                       response = await page.goto(\n1202                           url, wait_until=config.wait_until, timeout=config.page_timeout\n1203                       )\n1204                   except Error as e:\n1205 →                     raise RuntimeError(f"Failed on navigating ACS-GOTO:\\n{str(e)}")\n1206   \n1207                   await self.execute_hook("after_goto", page, context=context, url=url, response=response)\n1208   \n1209                   if response is None:\n1210                       status_code = 200' session_id=None response_headers=None status_code=None ssl_certificate=None


Failed to crawl: https://www.bolton.ac.uk/blogs/what-can-you-do-with-a-degree-in-computer-science
Result: url='https://www.bolton.ac.uk/blogs/what-can-you-do-with-a-degree-in-computer-science' html='' success=False cleaned_html=None media={} links={} downloaded_files=None screenshot=None pdf=None markdown=None markdown_v2=None fit_markdown=None fit_html=None extracted_content=None metadata=None error_message='Unexpected error in _crawl_web at line 1205 in _crawl_web (../../.pyenv/versions/3.12.6/lib/python3.12/site-packages/crawl4ai/async_crawler_strategy.py):\nError: Failed on navigating ACS-GOTO:\nPage.goto: Timeout 10000ms exceeded.\nCall log:\n  - navigating to "https://www.bolton.ac.uk/blogs/what-can-you-do-with-a-degree-in-computer-science", waiting until "domcontentloaded"\n\n\nCode context:\n1200   \n1201                       response = await page.goto(\n1202                           url, wait_until=config.wait_until, timeout=config.page_timeout\n1203                       )\n1204                   except Error as e:\n1205 →                     raise RuntimeError(f"Failed on navigating ACS-GOTO:\\n{str(e)}")\n1206   \n1207                   await self.execute_hook("after_goto", page, context=context, url=url, response=response)\n1208   \n1209                   if response is None:\n1210                       status_code = 200' session_id=None response_headers=None status_code=None ssl_certificate=None


Failed to crawl: https://www.bolton.ac.uk/blogs/university-of-bolton-vc-pays-tribute-to-former-f1-director-and-honorary-doctor
Result: url='https://www.bolton.ac.uk/blogs/university-of-bolton-vc-pays-tribute-to-former-f1-director-and-honorary-doctor' html='' success=False cleaned_html=None media={} links={} downloaded_files=None screenshot=None pdf=None markdown=None markdown_v2=None fit_markdown=None fit_html=None extracted_content=None metadata=None error_message='Unexpected error in _crawl_web at line 1205 in _crawl_web (../../.pyenv/versions/3.12.6/lib/python3.12/site-packages/crawl4ai/async_crawler_strategy.py):\nError: Failed on navigating ACS-GOTO:\nPage.goto: Timeout 10000ms exceeded.\nCall log:\n  - navigating to "https://www.bolton.ac.uk/blogs/university-of-bolton-vc-pays-tribute-to-former-f1-director-and-honorary-doctor", waiting until "domcontentloaded"\n\n\nCode context:\n1200   \n1201                       response = await page.goto(\n1202                           url, wait_until=config.wait_until, timeout=config.page_timeout\n1203                       )\n1204                   except Error as e:\n1205 →                     raise RuntimeError(f"Failed on navigating ACS-GOTO:\\n{str(e)}")\n1206   \n1207                   await self.execute_hook("after_goto", page, context=context, url=url, response=response)\n1208   \n1209                   if response is None:\n1210                       status_code = 200' session_id=None response_headers=None status_code=None ssl_certificate=None


Failed to crawl: https://www.bolton.ac.uk/blogs/clearing-is-not-the-end-of-the-world
Result: url='https://www.bolton.ac.uk/blogs/clearing-is-not-the-end-of-the-world' html='' success=False cleaned_html=None media={} links={} downloaded_files=None screenshot=None pdf=None markdown=None markdown_v2=None fit_markdown=None fit_html=None extracted_content=None metadata=None error_message='Unexpected error in _crawl_web at line 1205 in _crawl_web (../../.pyenv/versions/3.12.6/lib/python3.12/site-packages/crawl4ai/async_crawler_strategy.py):\nError: Failed on navigating ACS-GOTO:\nPage.goto: Timeout 10000ms exceeded.\nCall log:\n  - navigating to "https://www.bolton.ac.uk/blogs/clearing-is-not-the-end-of-the-world", waiting until "domcontentloaded"\n\n\nCode context:\n1200   \n1201                       response = await page.goto(\n1202                           url, wait_until=config.wait_until, timeout=config.page_timeout\n1203                       )\n1204                   except Error as e:\n1205 →                     raise RuntimeError(f"Failed on navigating ACS-GOTO:\\n{str(e)}")\n1206   \n1207                   await self.execute_hook("after_goto", page, context=context, url=url, response=response)\n1208   \n1209                   if response is None:\n1210                       status_code = 200' session_id=None response_headers=None status_code=None ssl_certificate=None


Failed to crawl: https://www.bolton.ac.uk/blogs/the-current-cost-of-living-crisis-why-clearing-may-be-an-option-for-you
Result: url='https://www.bolton.ac.uk/blogs/the-current-cost-of-living-crisis-why-clearing-may-be-an-option-for-you' html='' success=False cleaned_html=None media={} links={} downloaded_files=None screenshot=None pdf=None markdown=None markdown_v2=None fit_markdown=None fit_html=None extracted_content=None metadata=None error_message='Unexpected error in _crawl_web at line 1205 in _crawl_web (../../.pyenv/versions/3.12.6/lib/python3.12/site-packages/crawl4ai/async_crawler_strategy.py):\nError: Failed on navigating ACS-GOTO:\nPage.goto: Timeout 10000ms exceeded.\nCall log:\n  - navigating to "https://www.bolton.ac.uk/blogs/the-current-cost-of-living-crisis-why-clearing-may-be-an-option-for-you", waiting until "domcontentloaded"\n\n\nCode context:\n1200   \n1201                       response = await page.goto(\n1202                           url, wait_until=config.wait_until, timeout=config.page_timeout\n1203                       )\n1204                   except Error as e:\n1205 →                     raise RuntimeError(f"Failed on navigating ACS-GOTO:\\n{str(e)}")\n1206   \n1207                   await self.execute_hook("after_goto", page, context=context, url=url, response=response)\n1208   \n1209                   if response is None:\n1210                       status_code = 200' session_id=None response_headers=None status_code=None ssl_certificate=None


Failed to crawl: https://www.bolton.ac.uk/blogs/where-does-your-future-lie
Result: url='https://www.bolton.ac.uk/blogs/where-does-your-future-lie' html='' success=False cleaned_html=None media={} links={} downloaded_files=None screenshot=None pdf=None markdown=None markdown_v2=None fit_markdown=None fit_html=None extracted_content=None metadata=None error_message='Unexpected error in _crawl_web at line 1205 in _crawl_web (../../.pyenv/versions/3.12.6/lib/python3.12/site-packages/crawl4ai/async_crawler_strategy.py):\nError: Failed on navigating ACS-GOTO:\nPage.goto: Timeout 10000ms exceeded.\nCall log:\n  - navigating to "https://www.bolton.ac.uk/blogs/where-does-your-future-lie", waiting until "domcontentloaded"\n\n\nCode context:\n1200   \n1201                       response = await page.goto(\n1202                           url, wait_until=config.wait_until, timeout=config.page_timeout\n1203                       )\n1204                   except Error as e:\n1205 →                     raise RuntimeError(f"Failed on navigating ACS-GOTO:\\n{str(e)}")\n1206   \n1207                   await self.execute_hook("after_goto", page, context=context, url=url, response=response)\n1208   \n1209                   if response is None:\n1210                       status_code = 200' session_id=None response_headers=None status_code=None ssl_certificate=None


Failed to crawl: https://www.bolton.ac.uk/blogs/not-sure-what-university-to-go-to-clearing-2023
Result: url='https://www.bolton.ac.uk/blogs/not-sure-what-university-to-go-to-clearing-2023' html='' success=False cleaned_html=None media={} links={} downloaded_files=None screenshot=None pdf=None markdown=None markdown_v2=None fit_markdown=None fit_html=None extracted_content=None metadata=None error_message='Unexpected error in _crawl_web at line 1205 in _crawl_web (../../.pyenv/versions/3.12.6/lib/python3.12/site-packages/crawl4ai/async_crawler_strategy.py):\nError: Failed on navigating ACS-GOTO:\nPage.goto: Timeout 10000ms exceeded.\nCall log:\n  - navigating to "https://www.bolton.ac.uk/blogs/not-sure-what-university-to-go-to-clearing-2023", waiting until "domcontentloaded"\n\n\nCode context:\n1200   \n1201                       response = await page.goto(\n1202                           url, wait_until=config.wait_until, timeout=config.page_timeout\n1203                       )\n1204                   except Error as e:\n1205 →                     raise RuntimeError(f"Failed on navigating ACS-GOTO:\\n{str(e)}")\n1206   \n1207                   await self.execute_hook("after_goto", page, context=context, url=url, response=response)\n1208   \n1209                   if response is None:\n1210                       status_code = 200' session_id=None response_headers=None status_code=None ssl_certificate=None


Failed to crawl: https://www.bolton.ac.uk/blogs/what-is-content-creation-in-digital-marketing
Result: url='https://www.bolton.ac.uk/blogs/what-is-content-creation-in-digital-marketing' html='' success=False cleaned_html=None media={} links={} downloaded_files=None screenshot=None pdf=None markdown=None markdown_v2=None fit_markdown=None fit_html=None extracted_content=None metadata=None error_message='Unexpected error in _crawl_web at line 1205 in _crawl_web (../../.pyenv/versions/3.12.6/lib/python3.12/site-packages/crawl4ai/async_crawler_strategy.py):\nError: Failed on navigating ACS-GOTO:\nPage.goto: Timeout 10000ms exceeded.\nCall log:\n  - navigating to "https://www.bolton.ac.uk/blogs/what-is-content-creation-in-digital-marketing", waiting until "domcontentloaded"\n\n\nCode context:\n1200   \n1201                       response = await page.goto(\n1202                           url, wait_until=config.wait_until, timeout=config.page_timeout\n1203                       )\n1204                   except Error as e:\n1205 →                     raise RuntimeError(f"Failed on navigating ACS-GOTO:\\n{str(e)}")\n1206   \n1207                   await self.execute_hook("after_goto", page, context=context, url=url, response=response)\n1208   \n1209                   if response is None:\n1210                       status_code = 200' session_id=None response_headers=None status_code=None ssl_certificate=None


Failed to crawl: https://www.bolton.ac.uk/blogs/psychologist-vs-counsellor-differences-in-skills
Result: url='https://www.bolton.ac.uk/blogs/psychologist-vs-counsellor-differences-in-skills' html='' success=False cleaned_html=None media={} links={} downloaded_files=None screenshot=None pdf=None markdown=None markdown_v2=None fit_markdown=None fit_html=None extracted_content=None metadata=None error_message='Unexpected error in _crawl_web at line 1205 in _crawl_web (../../.pyenv/versions/3.12.6/lib/python3.12/site-packages/crawl4ai/async_crawler_strategy.py):\nError: Failed on navigating ACS-GOTO:\nPage.goto: Timeout 10000ms exceeded.\nCall log:\n  - navigating to "https://www.bolton.ac.uk/blogs/psychologist-vs-counsellor-differences-in-skills", waiting until "domcontentloaded"\n\n\nCode context:\n1200   \n1201                       response = await page.goto(\n1202                           url, wait_until=config.wait_until, timeout=config.page_timeout\n1203                       )\n1204                   except Error as e:\n1205 →                     raise RuntimeError(f"Failed on navigating ACS-GOTO:\\n{str(e)}")\n1206   \n1207                   await self.execute_hook("after_goto", page, context=context, url=url, response=response)\n1208   \n1209                   if response is None:\n1210                       status_code = 200' session_id=None response_headers=None status_code=None ssl_certificate=None


Failed to crawl: https://www.bolton.ac.uk/blogs/skills-needed-to-be-a-game-developer
Result: url='https://www.bolton.ac.uk/blogs/skills-needed-to-be-a-game-developer' html='' success=False cleaned_html=None media={} links={} downloaded_files=None screenshot=None pdf=None markdown=None markdown_v2=None fit_markdown=None fit_html=None extracted_content=None metadata=None error_message='Unexpected error in _crawl_web at line 1205 in _crawl_web (../../.pyenv/versions/3.12.6/lib/python3.12/site-packages/crawl4ai/async_crawler_strategy.py):\nError: Failed on navigating ACS-GOTO:\nPage.goto: Timeout 10000ms exceeded.\nCall log:\n  - navigating to "https://www.bolton.ac.uk/blogs/skills-needed-to-be-a-game-developer", waiting until "domcontentloaded"\n\n\nCode context:\n1200   \n1201                       response = await page.goto(\n1202                           url, wait_until=config.wait_until, timeout=config.page_timeout\n1203                       )\n1204                   except Error as e:\n1205 →                     raise RuntimeError(f"Failed on navigating ACS-GOTO:\\n{str(e)}")\n1206   \n1207                   await self.execute_hook("after_goto", page, context=context, url=url, response=response)\n1208   \n1209                   if response is None:\n1210                       status_code = 200' session_id=None response_headers=None status_code=None ssl_certificate=None


Failed to crawl: https://www.bolton.ac.uk/blogs/how-to-tackle-the-student-cost-of-living-crisis
Result: url='https://www.bolton.ac.uk/blogs/how-to-tackle-the-student-cost-of-living-crisis' html='' success=False cleaned_html=None media={} links={} downloaded_files=None screenshot=None pdf=None markdown=None markdown_v2=None fit_markdown=None fit_html=None extracted_content=None metadata=None error_message='Unexpected error in _crawl_web at line 1205 in _crawl_web (../../.pyenv/versions/3.12.6/lib/python3.12/site-packages/crawl4ai/async_crawler_strategy.py):\nError: Failed on navigating ACS-GOTO:\nPage.goto: Timeout 10000ms exceeded.\nCall log:\n  - navigating to "https://www.bolton.ac.uk/blogs/how-to-tackle-the-student-cost-of-living-crisis", waiting until "domcontentloaded"\n\n\nCode context:\n1200   \n1201                       response = await page.goto(\n1202                           url, wait_until=config.wait_until, timeout=config.page_timeout\n1203                       )\n1204                   except Error as e:\n1205 →                     raise RuntimeError(f"Failed on navigating ACS-GOTO:\\n{str(e)}")\n1206   \n1207                   await self.execute_hook("after_goto", page, context=context, url=url, response=response)\n1208   \n1209                   if response is None:\n1210                       status_code = 200' session_id=None response_headers=None status_code=None ssl_certificate=None


Failed to crawl: https://www.bolton.ac.uk/blogs/staff-footballers-victorious-in-match-against-students-at-home-of-bolton-wanderers
Result: url='https://www.bolton.ac.uk/blogs/staff-footballers-victorious-in-match-against-students-at-home-of-bolton-wanderers' html='' success=False cleaned_html=None media={} links={} downloaded_files=None screenshot=None pdf=None markdown=None markdown_v2=None fit_markdown=None fit_html=None extracted_content=None metadata=None error_message='Unexpected error in _crawl_web at line 1205 in _crawl_web (../../.pyenv/versions/3.12.6/lib/python3.12/site-packages/crawl4ai/async_crawler_strategy.py):\nError: Failed on navigating ACS-GOTO:\nPage.goto: Timeout 10000ms exceeded.\nCall log:\n  - navigating to "https://www.bolton.ac.uk/blogs/staff-footballers-victorious-in-match-against-students-at-home-of-bolton-wanderers", waiting until "domcontentloaded"\n\n\nCode context:\n1200   \n1201                       response = await page.goto(\n1202                           url, wait_until=config.wait_until, timeout=config.page_timeout\n1203                       )\n1204                   except Error as e:\n1205 →                     raise RuntimeError(f"Failed on navigating ACS-GOTO:\\n{str(e)}")\n1206   \n1207                   await self.execute_hook("after_goto", page, context=context, url=url, response=response)\n1208   \n1209                   if response is None:\n1210                       status_code = 200' session_id=None response_headers=None status_code=None ssl_certificate=None


Failed to crawl: https://www.bolton.ac.uk/blogs/university-of-bolton-vc-addresses-international-conference-on-safety-of-older-people-and-wellbeing-of-healthcare-staff
Result: url='https://www.bolton.ac.uk/blogs/university-of-bolton-vc-addresses-international-conference-on-safety-of-older-people-and-wellbeing-of-healthcare-staff' html='' success=False cleaned_html=None media={} links={} downloaded_files=None screenshot=None pdf=None markdown=None markdown_v2=None fit_markdown=None fit_html=None extracted_content=None metadata=None error_message='Unexpected error in _crawl_web at line 1205 in _crawl_web (../../.pyenv/versions/3.12.6/lib/python3.12/site-packages/crawl4ai/async_crawler_strategy.py):\nError: Failed on navigating ACS-GOTO:\nPage.goto: Timeout 10000ms exceeded.\nCall log:\n  - navigating to "https://www.bolton.ac.uk/blogs/university-of-bolton-vc-addresses-international-conference-on-safety-of-older-people-and-wellbeing-of-healthcare-staff", waiting until "domcontentloaded"\n\n\nCode context:\n1200   \n1201                       response = await page.goto(\n1202                           url, wait_until=config.wait_until, timeout=config.page_timeout\n1203                       )\n1204                   except Error as e:\n1205 →                     raise RuntimeError(f"Failed on navigating ACS-GOTO:\\n{str(e)}")\n1206   \n1207                   await self.execute_hook("after_goto", page, context=context, url=url, response=response)\n1208   \n1209                   if response is None:\n1210                       status_code = 200' session_id=None response_headers=None status_code=None ssl_certificate=None


Failed to crawl: https://www.bolton.ac.uk/blogs/is-a-fine-art-degree-worth-it
Result: url='https://www.bolton.ac.uk/blogs/is-a-fine-art-degree-worth-it' html='' success=False cleaned_html=None media={} links={} downloaded_files=None screenshot=None pdf=None markdown=None markdown_v2=None fit_markdown=None fit_html=None extracted_content=None metadata=None error_message='Unexpected error in _crawl_web at line 1205 in _crawl_web (../../.pyenv/versions/3.12.6/lib/python3.12/site-packages/crawl4ai/async_crawler_strategy.py):\nError: Failed on navigating ACS-GOTO:\nPage.goto: Timeout 10000ms exceeded.\nCall log:\n  - navigating to "https://www.bolton.ac.uk/blogs/is-a-fine-art-degree-worth-it", waiting until "domcontentloaded"\n\n\nCode context:\n1200   \n1201                       response = await page.goto(\n1202                           url, wait_until=config.wait_until, timeout=config.page_timeout\n1203                       )\n1204                   except Error as e:\n1205 →                     raise RuntimeError(f"Failed on navigating ACS-GOTO:\\n{str(e)}")\n1206   \n1207                   await self.execute_hook("after_goto", page, context=context, url=url, response=response)\n1208   \n1209                   if response is None:\n1210                       status_code = 200' session_id=None response_headers=None status_code=None ssl_certificate=None


Failed to crawl: https://www.bolton.ac.uk/blogs/what-can-you-do-with-a-child-nursing-degree
Result: url='https://www.bolton.ac.uk/blogs/what-can-you-do-with-a-child-nursing-degree' html='' success=False cleaned_html=None media={} links={} downloaded_files=None screenshot=None pdf=None markdown=None markdown_v2=None fit_markdown=None fit_html=None extracted_content=None metadata=None error_message='Unexpected error in _crawl_web at line 1205 in _crawl_web (../../.pyenv/versions/3.12.6/lib/python3.12/site-packages/crawl4ai/async_crawler_strategy.py):\nError: Failed on navigating ACS-GOTO:\nPage.goto: Timeout 10000ms exceeded.\nCall log:\n  - navigating to "https://www.bolton.ac.uk/blogs/what-can-you-do-with-a-child-nursing-degree", waiting until "domcontentloaded"\n\n\nCode context:\n1200   \n1201                       response = await page.goto(\n1202                           url, wait_until=config.wait_until, timeout=config.page_timeout\n1203                       )\n1204                   except Error as e:\n1205 →                     raise RuntimeError(f"Failed on navigating ACS-GOTO:\\n{str(e)}")\n1206   \n1207                   await self.execute_hook("after_goto", page, context=context, url=url, response=response)\n1208   \n1209                   if response is None:\n1210                       status_code = 200' session_id=None response_headers=None status_code=None ssl_certificate=None


Failed to crawl: https://www.bolton.ac.uk/blogs/what-can-you-do-with-a-biomedical-science-degree
Result: url='https://www.bolton.ac.uk/blogs/what-can-you-do-with-a-biomedical-science-degree' html='' success=False cleaned_html=None media={} links={} downloaded_files=None screenshot=None pdf=None markdown=None markdown_v2=None fit_markdown=None fit_html=None extracted_content=None metadata=None error_message='Unexpected error in _crawl_web at line 1205 in _crawl_web (../../.pyenv/versions/3.12.6/lib/python3.12/site-packages/crawl4ai/async_crawler_strategy.py):\nError: Failed on navigating ACS-GOTO:\nPage.goto: Timeout 10000ms exceeded.\nCall log:\n  - navigating to "https://www.bolton.ac.uk/blogs/what-can-you-do-with-a-biomedical-science-degree", waiting until "domcontentloaded"\n\n\nCode context:\n1200   \n1201                       response = await page.goto(\n1202                           url, wait_until=config.wait_until, timeout=config.page_timeout\n1203                       )\n1204                   except Error as e:\n1205 →                     raise RuntimeError(f"Failed on navigating ACS-GOTO:\\n{str(e)}")\n1206   \n1207                   await self.execute_hook("after_goto", page, context=context, url=url, response=response)\n1208   \n1209                   if response is None:\n1210                       status_code = 200' session_id=None response_headers=None status_code=None ssl_certificate=None


Failed to crawl: https://www.bolton.ac.uk/welcome/enrolment-instructions
Result: url='https://www.bolton.ac.uk/welcome/enrolment-instructions' html='' success=False cleaned_html=None media={} links={} downloaded_files=None screenshot=None pdf=None markdown=None markdown_v2=None fit_markdown=None fit_html=None extracted_content=None metadata=None error_message='Unexpected error in _crawl_web at line 1205 in _crawl_web (../../.pyenv/versions/3.12.6/lib/python3.12/site-packages/crawl4ai/async_crawler_strategy.py):\nError: Failed on navigating ACS-GOTO:\nPage.goto: Timeout 10000ms exceeded.\nCall log:\n  - navigating to "https://www.bolton.ac.uk/welcome/enrolment-instructions", waiting until "domcontentloaded"\n\n\nCode context:\n1200   \n1201                       response = await page.goto(\n1202                           url, wait_until=config.wait_until, timeout=config.page_timeout\n1203                       )\n1204                   except Error as e:\n1205 →                     raise RuntimeError(f"Failed on navigating ACS-GOTO:\\n{str(e)}")\n1206   \n1207                   await self.execute_hook("after_goto", page, context=context, url=url, response=response)\n1208   \n1209                   if response is None:\n1210                       status_code = 200' session_id=None response_headers=None status_code=None ssl_certificate=None


Failed to crawl: https://www.bolton.ac.uk/assets/Uploads/Welcome-Activities.pdf
Result: url='https://www.bolton.ac.uk/assets/Uploads/Welcome-Activities.pdf' html='' success=False cleaned_html=None media={} links={} downloaded_files=None screenshot=None pdf=None markdown=None markdown_v2=None fit_markdown=None fit_html=None extracted_content=None metadata=None error_message='Unexpected error in _crawl_web at line 1205 in _crawl_web (../../.pyenv/versions/3.12.6/lib/python3.12/site-packages/crawl4ai/async_crawler_strategy.py):\nError: Failed on navigating ACS-GOTO:\nPage.goto: net::ERR_FAILED at https://www.bolton.ac.uk/assets/Uploads/Welcome-Activities.pdf\nCall log:\n  - navigating to "https://www.bolton.ac.uk/assets/Uploads/Welcome-Activities.pdf", waiting until "domcontentloaded"\n\n\nCode context:\n1200   \n1201                       response = await page.goto(\n1202                           url, wait_until=config.wait_until, timeout=config.page_timeout\n1203                       )\n1204                   except Error as e:\n1205 →                     raise RuntimeError(f"Failed on navigating ACS-GOTO:\\n{str(e)}")\n1206   \n1207                   await self.execute_hook("after_goto", page, context=context, url=url, response=response)\n1208   \n1209                   if response is None:\n1210                       status_code = 200' session_id=None response_headers=None status_code=None ssl_certificate=None


Failed to crawl: https://www.bolton.ac.uk/welcome/university-of-bolton-student-handbook-2022
Result: url='https://www.bolton.ac.uk/welcome/university-of-bolton-student-handbook-2022' html='' success=False cleaned_html=None media={} links={} downloaded_files=None screenshot=None pdf=None markdown=None markdown_v2=None fit_markdown=None fit_html=None extracted_content=None metadata=None error_message='Unexpected error in _crawl_web at line 1205 in _crawl_web (../../.pyenv/versions/3.12.6/lib/python3.12/site-packages/crawl4ai/async_crawler_strategy.py):\nError: Failed on navigating ACS-GOTO:\nPage.goto: Timeout 10000ms exceeded.\nCall log:\n  - navigating to "https://www.bolton.ac.uk/welcome/university-of-bolton-student-handbook-2022", waiting until "domcontentloaded"\n\n\nCode context:\n1200   \n1201                       response = await page.goto(\n1202                           url, wait_until=config.wait_until, timeout=config.page_timeout\n1203                       )\n1204                   except Error as e:\n1205 →                     raise RuntimeError(f"Failed on navigating ACS-GOTO:\\n{str(e)}")\n1206   \n1207                   await self.execute_hook("after_goto", page, context=context, url=url, response=response)\n1208   \n1209                   if response is None:\n1210                       status_code = 200' session_id=None response_headers=None status_code=None ssl_certificate=None


Failed to crawl: https://www.bolton.ac.uk/assets/Uploads/International-students-guide-2023-24.pdf
Result: url='https://www.bolton.ac.uk/assets/Uploads/International-students-guide-2023-24.pdf' html='' success=False cleaned_html=None media={} links={} downloaded_files=None screenshot=None pdf=None markdown=None markdown_v2=None fit_markdown=None fit_html=None extracted_content=None metadata=None error_message='Unexpected error in _crawl_web at line 1205 in _crawl_web (../../.pyenv/versions/3.12.6/lib/python3.12/site-packages/crawl4ai/async_crawler_strategy.py):\nError: Failed on navigating ACS-GOTO:\nPage.goto: net::ERR_FAILED at https://www.bolton.ac.uk/assets/Uploads/International-students-guide-2023-24.pdf\nCall log:\n  - navigating to "https://www.bolton.ac.uk/assets/Uploads/International-students-guide-2023-24.pdf", waiting until "domcontentloaded"\n\n\nCode context:\n1200   \n1201                       response = await page.goto(\n1202                           url, wait_until=config.wait_until, timeout=config.page_timeout\n1203                       )\n1204                   except Error as e:\n1205 →                     raise RuntimeError(f"Failed on navigating ACS-GOTO:\\n{str(e)}")\n1206   \n1207                   await self.execute_hook("after_goto", page, context=context, url=url, response=response)\n1208   \n1209                   if response is None:\n1210                       status_code = 200' session_id=None response_headers=None status_code=None ssl_certificate=None


Failed to crawl: https://www.bolton.ac.uk/assets/Uploads/accommodation-guide.pdf
Result: url='https://www.bolton.ac.uk/assets/Uploads/accommodation-guide.pdf' html='' success=False cleaned_html=None media={} links={} downloaded_files=None screenshot=None pdf=None markdown=None markdown_v2=None fit_markdown=None fit_html=None extracted_content=None metadata=None error_message='Unexpected error in _crawl_web at line 1205 in _crawl_web (../../.pyenv/versions/3.12.6/lib/python3.12/site-packages/crawl4ai/async_crawler_strategy.py):\nError: Failed on navigating ACS-GOTO:\nPage.goto: net::ERR_FAILED at https://www.bolton.ac.uk/assets/Uploads/accommodation-guide.pdf\nCall log:\n  - navigating to "https://www.bolton.ac.uk/assets/Uploads/accommodation-guide.pdf", waiting until "domcontentloaded"\n\n\nCode context:\n1200   \n1201                       response = await page.goto(\n1202                           url, wait_until=config.wait_until, timeout=config.page_timeout\n1203                       )\n1204                   except Error as e:\n1205 →                     raise RuntimeError(f"Failed on navigating ACS-GOTO:\\n{str(e)}")\n1206   \n1207                   await self.execute_hook("after_goto", page, context=context, url=url, response=response)\n1208   \n1209                   if response is None:\n1210                       status_code = 200' session_id=None response_headers=None status_code=None ssl_certificate=None


Failed to crawl: https://www.bolton.ac.uk/general-enquiry/course-enquiry
Result: url='https://www.bolton.ac.uk/general-enquiry/course-enquiry' html='' success=False cleaned_html=None media={} links={} downloaded_files=None screenshot=None pdf=None markdown=None markdown_v2=None fit_markdown=None fit_html=None extracted_content=None metadata=None error_message='Unexpected error in _crawl_web at line 1205 in _crawl_web (../../.pyenv/versions/3.12.6/lib/python3.12/site-packages/crawl4ai/async_crawler_strategy.py):\nError: Failed on navigating ACS-GOTO:\nPage.goto: Timeout 10000ms exceeded.\nCall log:\n  - navigating to "https://www.bolton.ac.uk/general-enquiry/course-enquiry", waiting until "domcontentloaded"\n\n\nCode context:\n1200   \n1201                       response = await page.goto(\n1202                           url, wait_until=config.wait_until, timeout=config.page_timeout\n1203                       )\n1204                   except Error as e:\n1205 →                     raise RuntimeError(f"Failed on navigating ACS-GOTO:\\n{str(e)}")\n1206   \n1207                   await self.execute_hook("after_goto", page, context=context, url=url, response=response)\n1208   \n1209                   if response is None:\n1210                       status_code = 200' session_id=None response_headers=None status_code=None ssl_certificate=None


Failed to crawl: https://www.bolton.ac.uk/assets/Student-Policy-Zone-2023-24/Fitness-to-Practise-Procedure-2023-24.pdf
Result: url='https://www.bolton.ac.uk/assets/Student-Policy-Zone-2023-24/Fitness-to-Practise-Procedure-2023-24.pdf' html='' success=False cleaned_html=None media={} links={} downloaded_files=None screenshot=None pdf=None markdown=None markdown_v2=None fit_markdown=None fit_html=None extracted_content=None metadata=None error_message='Unexpected error in _crawl_web at line 1205 in _crawl_web (../../.pyenv/versions/3.12.6/lib/python3.12/site-packages/crawl4ai/async_crawler_strategy.py):\nError: Failed on navigating ACS-GOTO:\nPage.goto: net::ERR_FAILED at https://www.bolton.ac.uk/assets/Student-Policy-Zone-2023-24/Fitness-to-Practise-Procedure-2023-24.pdf\nCall log:\n  - navigating to "https://www.bolton.ac.uk/assets/Student-Policy-Zone-2023-24/Fitness-to-Practise-Procedure-2023-24.pdf", waiting until "domcontentloaded"\n\n\nCode context:\n1200   \n1201                       response = await page.goto(\n1202                           url, wait_until=config.wait_until, timeout=config.page_timeout\n1203                       )\n1204                   except Error as e:\n1205 →                     raise RuntimeError(f"Failed on navigating ACS-GOTO:\\n{str(e)}")\n1206   \n1207                   await self.execute_hook("after_goto", page, context=context, url=url, response=response)\n1208   \n1209                   if response is None:\n1210                       status_code = 200' session_id=None response_headers=None status_code=None ssl_certificate=None


Failed to crawl: https://www.bolton.ac.uk/student-life/fees-and-funding/scholarships-and-bursaries/university-of-bolton-group-progression-scholarship-2023-24
Result: url='https://www.bolton.ac.uk/student-life/fees-and-funding/scholarships-and-bursaries/university-of-bolton-group-progression-scholarship-2023-24' html='' success=False cleaned_html=None media={} links={} downloaded_files=None screenshot=None pdf=None markdown=None markdown_v2=None fit_markdown=None fit_html=None extracted_content=None metadata=None error_message='Unexpected error in _crawl_web at line 1205 in _crawl_web (../../.pyenv/versions/3.12.6/lib/python3.12/site-packages/crawl4ai/async_crawler_strategy.py):\nError: Failed on navigating ACS-GOTO:\nPage.goto: Timeout 10000ms exceeded.\nCall log:\n  - navigating to "https://www.bolton.ac.uk/student-life/fees-and-funding/scholarships-and-bursaries/university-of-bolton-group-progression-scholarship-2023-24", waiting until "domcontentloaded"\n\n\nCode context:\n1200   \n1201                       response = await page.goto(\n1202                           url, wait_until=config.wait_until, timeout=config.page_timeout\n1203                       )\n1204                   except Error as e:\n1205 →                     raise RuntimeError(f"Failed on navigating ACS-GOTO:\\n{str(e)}")\n1206   \n1207                   await self.execute_hook("after_goto", page, context=context, url=url, response=response)\n1208   \n1209                   if response is None:\n1210                       status_code = 200' session_id=None response_headers=None status_code=None ssl_certificate=None


Failed to crawl: https://www.bolton.ac.uk/assets/Uploads/The-University-Of-Bolton-Employability-Bursary-Guidance.pdf
Result: url='https://www.bolton.ac.uk/assets/Uploads/The-University-Of-Bolton-Employability-Bursary-Guidance.pdf' html='' success=False cleaned_html=None media={} links={} downloaded_files=None screenshot=None pdf=None markdown=None markdown_v2=None fit_markdown=None fit_html=None extracted_content=None metadata=None error_message='Unexpected error in _crawl_web at line 1205 in _crawl_web (../../.pyenv/versions/3.12.6/lib/python3.12/site-packages/crawl4ai/async_crawler_strategy.py):\nError: Failed on navigating ACS-GOTO:\nPage.goto: net::ERR_FAILED at https://www.bolton.ac.uk/assets/Uploads/The-University-Of-Bolton-Employability-Bursary-Guidance.pdf\nCall log:\n  - navigating to "https://www.bolton.ac.uk/assets/Uploads/The-University-Of-Bolton-Employability-Bursary-Guidance.pdf", waiting until "domcontentloaded"\n\n\nCode context:\n1200   \n1201                       response = await page.goto(\n1202                           url, wait_until=config.wait_until, timeout=config.page_timeout\n1203                       )\n1204                   except Error as e:\n1205 →                     raise RuntimeError(f"Failed on navigating ACS-GOTO:\\n{str(e)}")\n1206   \n1207                   await self.execute_hook("after_goto", page, context=context, url=url, response=response)\n1208   \n1209                   if response is None:\n1210                       status_code = 200' session_id=None response_headers=None status_code=None ssl_certificate=None


Failed to crawl: https://www.bolton.ac.uk/assets/Uploads/Cost-of-Living-Support-Fund-22-23.pdf
Result: url='https://www.bolton.ac.uk/assets/Uploads/Cost-of-Living-Support-Fund-22-23.pdf' html='' success=False cleaned_html=None media={} links={} downloaded_files=None screenshot=None pdf=None markdown=None markdown_v2=None fit_markdown=None fit_html=None extracted_content=None metadata=None error_message='Unexpected error in _crawl_web at line 1205 in _crawl_web (../../.pyenv/versions/3.12.6/lib/python3.12/site-packages/crawl4ai/async_crawler_strategy.py):\nError: Failed on navigating ACS-GOTO:\nPage.goto: net::ERR_FAILED at https://www.bolton.ac.uk/assets/Uploads/Cost-of-Living-Support-Fund-22-23.pdf\nCall log:\n  - navigating to "https://www.bolton.ac.uk/assets/Uploads/Cost-of-Living-Support-Fund-22-23.pdf", waiting until "domcontentloaded"\n\n\nCode context:\n1200   \n1201                       response = await page.goto(\n1202                           url, wait_until=config.wait_until, timeout=config.page_timeout\n1203                       )\n1204                   except Error as e:\n1205 →                     raise RuntimeError(f"Failed on navigating ACS-GOTO:\\n{str(e)}")\n1206   \n1207                   await self.execute_hook("after_goto", page, context=context, url=url, response=response)\n1208   \n1209                   if response is None:\n1210                       status_code = 200' session_id=None response_headers=None status_code=None ssl_certificate=None


Failed to crawl: https://www.bolton.ac.uk/student-life/fees-and-funding/scholarships-and-bursaries/northern-powerhouse-scholarships/northern-powerhouse-kingfisher-stem-scholarship-npkss
Result: url='https://www.bolton.ac.uk/student-life/fees-and-funding/scholarships-and-bursaries/northern-powerhouse-scholarships/northern-powerhouse-kingfisher-stem-scholarship-npkss' html='' success=False cleaned_html=None media={} links={} downloaded_files=None screenshot=None pdf=None markdown=None markdown_v2=None fit_markdown=None fit_html=None extracted_content=None metadata=None error_message='Unexpected error in _crawl_web at line 1205 in _crawl_web (../../.pyenv/versions/3.12.6/lib/python3.12/site-packages/crawl4ai/async_crawler_strategy.py):\nError: Failed on navigating ACS-GOTO:\nPage.goto: Timeout 10000ms exceeded.\nCall log:\n  - navigating to "https://www.bolton.ac.uk/student-life/fees-and-funding/scholarships-and-bursaries/northern-powerhouse-scholarships/northern-powerhouse-kingfisher-stem-scholarship-npkss", waiting until "domcontentloaded"\n\n\nCode context:\n1200   \n1201                       response = await page.goto(\n1202                           url, wait_until=config.wait_until, timeout=config.page_timeout\n1203                       )\n1204                   except Error as e:\n1205 →                     raise RuntimeError(f"Failed on navigating ACS-GOTO:\\n{str(e)}")\n1206   \n1207                   await self.execute_hook("after_goto", page, context=context, url=url, response=response)\n1208   \n1209                   if response is None:\n1210                       status_code = 200' session_id=None response_headers=None status_code=None ssl_certificate=None


Failed to crawl: https://www.bolton.ac.uk/student-life/fees-and-funding/scholarships-and-bursaries/northern-powerhouse-scholarships/northern-powerhouse-rokit-scholarship-nprokitss
Result: url='https://www.bolton.ac.uk/student-life/fees-and-funding/scholarships-and-bursaries/northern-powerhouse-scholarships/northern-powerhouse-rokit-scholarship-nprokitss' html='' success=False cleaned_html=None media={} links={} downloaded_files=None screenshot=None pdf=None markdown=None markdown_v2=None fit_markdown=None fit_html=None extracted_content=None metadata=None error_message='Unexpected error in _crawl_web at line 1205 in _crawl_web (../../.pyenv/versions/3.12.6/lib/python3.12/site-packages/crawl4ai/async_crawler_strategy.py):\nError: Failed on navigating ACS-GOTO:\nPage.goto: Timeout 10000ms exceeded.\nCall log:\n  - navigating to "https://www.bolton.ac.uk/student-life/fees-and-funding/scholarships-and-bursaries/northern-powerhouse-scholarships/northern-powerhouse-rokit-scholarship-nprokitss", waiting until "domcontentloaded"\n\n\nCode context:\n1200   \n1201                       response = await page.goto(\n1202                           url, wait_until=config.wait_until, timeout=config.page_timeout\n1203                       )\n1204                   except Error as e:\n1205 →                     raise RuntimeError(f"Failed on navigating ACS-GOTO:\\n{str(e)}")\n1206   \n1207                   await self.execute_hook("after_goto", page, context=context, url=url, response=response)\n1208   \n1209                   if response is None:\n1210                       status_code = 200' session_id=None response_headers=None status_code=None ssl_certificate=None


Failed to crawl: https://www.bolton.ac.uk/student-life/fees-and-funding/scholarships-and-bursaries/military-service-award
Result: url='https://www.bolton.ac.uk/student-life/fees-and-funding/scholarships-and-bursaries/military-service-award' html='' success=False cleaned_html=None media={} links={} downloaded_files=None screenshot=None pdf=None markdown=None markdown_v2=None fit_markdown=None fit_html=None extracted_content=None metadata=None error_message='Unexpected error in _crawl_web at line 1205 in _crawl_web (../../.pyenv/versions/3.12.6/lib/python3.12/site-packages/crawl4ai/async_crawler_strategy.py):\nError: Failed on navigating ACS-GOTO:\nPage.goto: Timeout 10000ms exceeded.\nCall log:\n  - navigating to "https://www.bolton.ac.uk/student-life/fees-and-funding/scholarships-and-bursaries/military-service-award", waiting until "domcontentloaded"\n\n\nCode context:\n1200   \n1201                       response = await page.goto(\n1202                           url, wait_until=config.wait_until, timeout=config.page_timeout\n1203                       )\n1204                   except Error as e:\n1205 →                     raise RuntimeError(f"Failed on navigating ACS-GOTO:\\n{str(e)}")\n1206   \n1207                   await self.execute_hook("after_goto", page, context=context, url=url, response=response)\n1208   \n1209                   if response is None:\n1210                       status_code = 200' session_id=None response_headers=None status_code=None ssl_certificate=None


Failed to crawl: https://www.bolton.ac.uk/student-life/fees-and-funding/scholarships-and-bursaries/care-experienced-bursary-21-22
Result: url='https://www.bolton.ac.uk/student-life/fees-and-funding/scholarships-and-bursaries/care-experienced-bursary-21-22' html='' success=False cleaned_html=None media={} links={} downloaded_files=None screenshot=None pdf=None markdown=None markdown_v2=None fit_markdown=None fit_html=None extracted_content=None metadata=None error_message='Unexpected error in _crawl_web at line 1205 in _crawl_web (../../.pyenv/versions/3.12.6/lib/python3.12/site-packages/crawl4ai/async_crawler_strategy.py):\nError: Failed on navigating ACS-GOTO:\nPage.goto: Timeout 10000ms exceeded.\nCall log:\n  - navigating to "https://www.bolton.ac.uk/student-life/fees-and-funding/scholarships-and-bursaries/care-experienced-bursary-21-22", waiting until "domcontentloaded"\n\n\nCode context:\n1200   \n1201                       response = await page.goto(\n1202                           url, wait_until=config.wait_until, timeout=config.page_timeout\n1203                       )\n1204                   except Error as e:\n1205 →                     raise RuntimeError(f"Failed on navigating ACS-GOTO:\\n{str(e)}")\n1206   \n1207                   await self.execute_hook("after_goto", page, context=context, url=url, response=response)\n1208   \n1209                   if response is None:\n1210                       status_code = 200' session_id=None response_headers=None status_code=None ssl_certificate=None


Failed to crawl: https://www.bolton.ac.uk/student-life/fees-and-funding/scholarships-and-bursaries/the-university-of-bolton-group-progression-scholarship-2021-22
Result: url='https://www.bolton.ac.uk/student-life/fees-and-funding/scholarships-and-bursaries/the-university-of-bolton-group-progression-scholarship-2021-22' html='' success=False cleaned_html=None media={} links={} downloaded_files=None screenshot=None pdf=None markdown=None markdown_v2=None fit_markdown=None fit_html=None extracted_content=None metadata=None error_message='Unexpected error in _crawl_web at line 1205 in _crawl_web (../../.pyenv/versions/3.12.6/lib/python3.12/site-packages/crawl4ai/async_crawler_strategy.py):\nError: Failed on navigating ACS-GOTO:\nPage.goto: Timeout 10000ms exceeded.\nCall log:\n  - navigating to "https://www.bolton.ac.uk/student-life/fees-and-funding/scholarships-and-bursaries/the-university-of-bolton-group-progression-scholarship-2021-22", waiting until "domcontentloaded"\n\n\nCode context:\n1200   \n1201                       response = await page.goto(\n1202                           url, wait_until=config.wait_until, timeout=config.page_timeout\n1203                       )\n1204                   except Error as e:\n1205 →                     raise RuntimeError(f"Failed on navigating ACS-GOTO:\\n{str(e)}")\n1206   \n1207                   await self.execute_hook("after_goto", page, context=context, url=url, response=response)\n1208   \n1209                   if response is None:\n1210                       status_code = 200' session_id=None response_headers=None status_code=None ssl_certificate=None


Failed to crawl: https://www.bolton.ac.uk/student-life/fees-and-funding/scholarships-and-bursaries/bolton-masters-bursary-2021
Result: url='https://www.bolton.ac.uk/student-life/fees-and-funding/scholarships-and-bursaries/bolton-masters-bursary-2021' html='' success=False cleaned_html=None media={} links={} downloaded_files=None screenshot=None pdf=None markdown=None markdown_v2=None fit_markdown=None fit_html=None extracted_content=None metadata=None error_message='Unexpected error in _crawl_web at line 1205 in _crawl_web (../../.pyenv/versions/3.12.6/lib/python3.12/site-packages/crawl4ai/async_crawler_strategy.py):\nError: Failed on navigating ACS-GOTO:\nPage.goto: Timeout 10000ms exceeded.\nCall log:\n  - navigating to "https://www.bolton.ac.uk/student-life/fees-and-funding/scholarships-and-bursaries/bolton-masters-bursary-2021", waiting until "domcontentloaded"\n\n\nCode context:\n1200   \n1201                       response = await page.goto(\n1202                           url, wait_until=config.wait_until, timeout=config.page_timeout\n1203                       )\n1204                   except Error as e:\n1205 →                     raise RuntimeError(f"Failed on navigating ACS-GOTO:\\n{str(e)}")\n1206   \n1207                   await self.execute_hook("after_goto", page, context=context, url=url, response=response)\n1208   \n1209                   if response is None:\n1210                       status_code = 200' session_id=None response_headers=None status_code=None ssl_certificate=None


Failed to crawl: https://www.bolton.ac.uk/student-life/fees-and-funding/scholarships-and-bursaries/the-postgraduate-high-achievement-award-202122
Result: url='https://www.bolton.ac.uk/student-life/fees-and-funding/scholarships-and-bursaries/the-postgraduate-high-achievement-award-202122' html='' success=False cleaned_html=None media={} links={} downloaded_files=None screenshot=None pdf=None markdown=None markdown_v2=None fit_markdown=None fit_html=None extracted_content=None metadata=None error_message='Unexpected error in _crawl_web at line 1205 in _crawl_web (../../.pyenv/versions/3.12.6/lib/python3.12/site-packages/crawl4ai/async_crawler_strategy.py):\nError: Failed on navigating ACS-GOTO:\nPage.goto: Timeout 10000ms exceeded.\nCall log:\n  - navigating to "https://www.bolton.ac.uk/student-life/fees-and-funding/scholarships-and-bursaries/the-postgraduate-high-achievement-award-202122", waiting until "domcontentloaded"\n\n\nCode context:\n1200   \n1201                       response = await page.goto(\n1202                           url, wait_until=config.wait_until, timeout=config.page_timeout\n1203                       )\n1204                   except Error as e:\n1205 →                     raise RuntimeError(f"Failed on navigating ACS-GOTO:\\n{str(e)}")\n1206   \n1207                   await self.execute_hook("after_goto", page, context=context, url=url, response=response)\n1208   \n1209                   if response is None:\n1210                       status_code = 200' session_id=None response_headers=None status_code=None ssl_certificate=None


Failed to crawl: https://www.bolton.ac.uk/student-life/fees-and-funding/scholarships-and-bursaries/100-year-anniversary-of-the-great-war-award-202021
Result: url='https://www.bolton.ac.uk/student-life/fees-and-funding/scholarships-and-bursaries/100-year-anniversary-of-the-great-war-award-202021' html='' success=False cleaned_html=None media={} links={} downloaded_files=None screenshot=None pdf=None markdown=None markdown_v2=None fit_markdown=None fit_html=None extracted_content=None metadata=None error_message='Unexpected error in _crawl_web at line 1205 in _crawl_web (../../.pyenv/versions/3.12.6/lib/python3.12/site-packages/crawl4ai/async_crawler_strategy.py):\nError: Failed on navigating ACS-GOTO:\nPage.goto: Timeout 10000ms exceeded.\nCall log:\n  - navigating to "https://www.bolton.ac.uk/student-life/fees-and-funding/scholarships-and-bursaries/100-year-anniversary-of-the-great-war-award-202021", waiting until "domcontentloaded"\n\n\nCode context:\n1200   \n1201                       response = await page.goto(\n1202                           url, wait_until=config.wait_until, timeout=config.page_timeout\n1203                       )\n1204                   except Error as e:\n1205 →                     raise RuntimeError(f"Failed on navigating ACS-GOTO:\\n{str(e)}")\n1206   \n1207                   await self.execute_hook("after_goto", page, context=context, url=url, response=response)\n1208   \n1209                   if response is None:\n1210                       status_code = 200' session_id=None response_headers=None status_code=None ssl_certificate=None


Failed to crawl: https://www.bolton.ac.uk/student-life/fees-and-funding/scholarships-and-bursaries/bolton-sports-bursary-202021
Result: url='https://www.bolton.ac.uk/student-life/fees-and-funding/scholarships-and-bursaries/bolton-sports-bursary-202021' html='' success=False cleaned_html=None media={} links={} downloaded_files=None screenshot=None pdf=None markdown=None markdown_v2=None fit_markdown=None fit_html=None extracted_content=None metadata=None error_message='Unexpected error in _crawl_web at line 1205 in _crawl_web (../../.pyenv/versions/3.12.6/lib/python3.12/site-packages/crawl4ai/async_crawler_strategy.py):\nError: Failed on navigating ACS-GOTO:\nPage.goto: Timeout 10000ms exceeded.\nCall log:\n  - navigating to "https://www.bolton.ac.uk/student-life/fees-and-funding/scholarships-and-bursaries/bolton-sports-bursary-202021", waiting until "domcontentloaded"\n\n\nCode context:\n1200   \n1201                       response = await page.goto(\n1202                           url, wait_until=config.wait_until, timeout=config.page_timeout\n1203                       )\n1204                   except Error as e:\n1205 →                     raise RuntimeError(f"Failed on navigating ACS-GOTO:\\n{str(e)}")\n1206   \n1207                   await self.execute_hook("after_goto", page, context=context, url=url, response=response)\n1208   \n1209                   if response is None:\n1210                       status_code = 200' session_id=None response_headers=None status_code=None ssl_certificate=None


Failed to crawl: https://www.bolton.ac.uk/student-life/fees-and-funding/scholarships-and-bursaries/care-leavers-bursary-20202021
Result: url='https://www.bolton.ac.uk/student-life/fees-and-funding/scholarships-and-bursaries/care-leavers-bursary-20202021' html='' success=False cleaned_html=None media={} links={} downloaded_files=None screenshot=None pdf=None markdown=None markdown_v2=None fit_markdown=None fit_html=None extracted_content=None metadata=None error_message='Unexpected error in _crawl_web at line 1205 in _crawl_web (../../.pyenv/versions/3.12.6/lib/python3.12/site-packages/crawl4ai/async_crawler_strategy.py):\nError: Failed on navigating ACS-GOTO:\nPage.goto: Timeout 10000ms exceeded.\nCall log:\n  - navigating to "https://www.bolton.ac.uk/student-life/fees-and-funding/scholarships-and-bursaries/care-leavers-bursary-20202021", waiting until "domcontentloaded"\n\n\nCode context:\n1200   \n1201                       response = await page.goto(\n1202                           url, wait_until=config.wait_until, timeout=config.page_timeout\n1203                       )\n1204                   except Error as e:\n1205 →                     raise RuntimeError(f"Failed on navigating ACS-GOTO:\\n{str(e)}")\n1206   \n1207                   await self.execute_hook("after_goto", page, context=context, url=url, response=response)\n1208   \n1209                   if response is None:\n1210                       status_code = 200' session_id=None response_headers=None status_code=None ssl_certificate=None


Failed to crawl: https://www.bolton.ac.uk/student-life/fees-and-funding/scholarships-and-bursaries/university-of-bolton-group-progression-scholarship
Result: url='https://www.bolton.ac.uk/student-life/fees-and-funding/scholarships-and-bursaries/university-of-bolton-group-progression-scholarship' html='' success=False cleaned_html=None media={} links={} downloaded_files=None screenshot=None pdf=None markdown=None markdown_v2=None fit_markdown=None fit_html=None extracted_content=None metadata=None error_message='Unexpected error in _crawl_web at line 1205 in _crawl_web (../../.pyenv/versions/3.12.6/lib/python3.12/site-packages/crawl4ai/async_crawler_strategy.py):\nError: Failed on navigating ACS-GOTO:\nPage.goto: Timeout 10000ms exceeded.\nCall log:\n  - navigating to "https://www.bolton.ac.uk/student-life/fees-and-funding/scholarships-and-bursaries/university-of-bolton-group-progression-scholarship", waiting until "domcontentloaded"\n\n\nCode context:\n1200   \n1201                       response = await page.goto(\n1202                           url, wait_until=config.wait_until, timeout=config.page_timeout\n1203                       )\n1204                   except Error as e:\n1205 →                     raise RuntimeError(f"Failed on navigating ACS-GOTO:\\n{str(e)}")\n1206   \n1207                   await self.execute_hook("after_goto", page, context=context, url=url, response=response)\n1208   \n1209                   if response is None:\n1210                       status_code = 200' session_id=None response_headers=None status_code=None ssl_certificate=None


Failed to crawl: https://www.bolton.ac.uk/assets/Uploads/Bolton-Masters-Bursary-TCs-18.6.20.pdf
Result: url='https://www.bolton.ac.uk/assets/Uploads/Bolton-Masters-Bursary-TCs-18.6.20.pdf' html='' success=False cleaned_html=None media={} links={} downloaded_files=None screenshot=None pdf=None markdown=None markdown_v2=None fit_markdown=None fit_html=None extracted_content=None metadata=None error_message='Unexpected error in _crawl_web at line 1205 in _crawl_web (../../.pyenv/versions/3.12.6/lib/python3.12/site-packages/crawl4ai/async_crawler_strategy.py):\nError: Failed on navigating ACS-GOTO:\nPage.goto: net::ERR_FAILED at https://www.bolton.ac.uk/assets/Uploads/Bolton-Masters-Bursary-TCs-18.6.20.pdf\nCall log:\n  - navigating to "https://www.bolton.ac.uk/assets/Uploads/Bolton-Masters-Bursary-TCs-18.6.20.pdf", waiting until "domcontentloaded"\n\n\nCode context:\n1200   \n1201                       response = await page.goto(\n1202                           url, wait_until=config.wait_until, timeout=config.page_timeout\n1203                       )\n1204                   except Error as e:\n1205 →                     raise RuntimeError(f"Failed on navigating ACS-GOTO:\\n{str(e)}")\n1206   \n1207                   await self.execute_hook("after_goto", page, context=context, url=url, response=response)\n1208   \n1209                   if response is None:\n1210                       status_code = 200' session_id=None response_headers=None status_code=None ssl_certificate=None


Failed to crawl: https://www.bolton.ac.uk/assets/Uploads/Alumni-Postgraduate-Bursary-TCs-18.6.20.pdf
Result: url='https://www.bolton.ac.uk/assets/Uploads/Alumni-Postgraduate-Bursary-TCs-18.6.20.pdf' html='' success=False cleaned_html=None media={} links={} downloaded_files=None screenshot=None pdf=None markdown=None markdown_v2=None fit_markdown=None fit_html=None extracted_content=None metadata=None error_message='Unexpected error in _crawl_web at line 1205 in _crawl_web (../../.pyenv/versions/3.12.6/lib/python3.12/site-packages/crawl4ai/async_crawler_strategy.py):\nError: Failed on navigating ACS-GOTO:\nPage.goto: net::ERR_FAILED at https://www.bolton.ac.uk/assets/Uploads/Alumni-Postgraduate-Bursary-TCs-18.6.20.pdf\nCall log:\n  - navigating to "https://www.bolton.ac.uk/assets/Uploads/Alumni-Postgraduate-Bursary-TCs-18.6.20.pdf", waiting until "domcontentloaded"\n\n\nCode context:\n1200   \n1201                       response = await page.goto(\n1202                           url, wait_until=config.wait_until, timeout=config.page_timeout\n1203                       )\n1204                   except Error as e:\n1205 →                     raise RuntimeError(f"Failed on navigating ACS-GOTO:\\n{str(e)}")\n1206   \n1207                   await self.execute_hook("after_goto", page, context=context, url=url, response=response)\n1208   \n1209                   if response is None:\n1210                       status_code = 200' session_id=None response_headers=None status_code=None ssl_certificate=None


Failed to crawl: https://www.bolton.ac.uk/assets/Uploads/GAME-Changer-Career-Development-Masters-Bursary-19.6.20.pdf
Result: url='https://www.bolton.ac.uk/assets/Uploads/GAME-Changer-Career-Development-Masters-Bursary-19.6.20.pdf' html='' success=False cleaned_html=None media={} links={} downloaded_files=None screenshot=None pdf=None markdown=None markdown_v2=None fit_markdown=None fit_html=None extracted_content=None metadata=None error_message='Unexpected error in _crawl_web at line 1205 in _crawl_web (../../.pyenv/versions/3.12.6/lib/python3.12/site-packages/crawl4ai/async_crawler_strategy.py):\nError: Failed on navigating ACS-GOTO:\nPage.goto: net::ERR_FAILED at https://www.bolton.ac.uk/assets/Uploads/GAME-Changer-Career-Development-Masters-Bursary-19.6.20.pdf\nCall log:\n  - navigating to "https://www.bolton.ac.uk/assets/Uploads/GAME-Changer-Career-Development-Masters-Bursary-19.6.20.pdf", waiting until "domcontentloaded"\n\n\nCode context:\n1200   \n1201                       response = await page.goto(\n1202                           url, wait_until=config.wait_until, timeout=config.page_timeout\n1203                       )\n1204                   except Error as e:\n1205 →                     raise RuntimeError(f"Failed on navigating ACS-GOTO:\\n{str(e)}")\n1206   \n1207                   await self.execute_hook("after_goto", page, context=context, url=url, response=response)\n1208   \n1209                   if response is None:\n1210                       status_code = 200' session_id=None response_headers=None status_code=None ssl_certificate=None


Failed to crawl: https://www.bolton.ac.uk/student-life/fees-and-funding/scholarships-and-bursaries/bolton-sports-bursary-2019-20
Result: url='https://www.bolton.ac.uk/student-life/fees-and-funding/scholarships-and-bursaries/bolton-sports-bursary-2019-20' html='' success=False cleaned_html=None media={} links={} downloaded_files=None screenshot=None pdf=None markdown=None markdown_v2=None fit_markdown=None fit_html=None extracted_content=None metadata=None error_message='Unexpected error in _crawl_web at line 1205 in _crawl_web (../../.pyenv/versions/3.12.6/lib/python3.12/site-packages/crawl4ai/async_crawler_strategy.py):\nError: Failed on navigating ACS-GOTO:\nPage.goto: Timeout 10000ms exceeded.\nCall log:\n  - navigating to "https://www.bolton.ac.uk/student-life/fees-and-funding/scholarships-and-bursaries/bolton-sports-bursary-2019-20", waiting until "domcontentloaded"\n\n\nCode context:\n1200   \n1201                       response = await page.goto(\n1202                           url, wait_until=config.wait_until, timeout=config.page_timeout\n1203                       )\n1204                   except Error as e:\n1205 →                     raise RuntimeError(f"Failed on navigating ACS-GOTO:\\n{str(e)}")\n1206   \n1207                   await self.execute_hook("after_goto", page, context=context, url=url, response=response)\n1208   \n1209                   if response is None:\n1210                       status_code = 200' session_id=None response_headers=None status_code=None ssl_certificate=None


Failed to crawl: https://www.bolton.ac.uk/student-life/fees-and-funding/scholarships-and-bursaries/100-year-anniversary-of-the-great-war-award-2019-20
Result: url='https://www.bolton.ac.uk/student-life/fees-and-funding/scholarships-and-bursaries/100-year-anniversary-of-the-great-war-award-2019-20' html='' success=False cleaned_html=None media={} links={} downloaded_files=None screenshot=None pdf=None markdown=None markdown_v2=None fit_markdown=None fit_html=None extracted_content=None metadata=None error_message='Unexpected error in _crawl_web at line 1205 in _crawl_web (../../.pyenv/versions/3.12.6/lib/python3.12/site-packages/crawl4ai/async_crawler_strategy.py):\nError: Failed on navigating ACS-GOTO:\nPage.goto: Timeout 10000ms exceeded.\nCall log:\n  - navigating to "https://www.bolton.ac.uk/student-life/fees-and-funding/scholarships-and-bursaries/100-year-anniversary-of-the-great-war-award-2019-20", waiting until "domcontentloaded"\n\n\nCode context:\n1200   \n1201                       response = await page.goto(\n1202                           url, wait_until=config.wait_until, timeout=config.page_timeout\n1203                       )\n1204                   except Error as e:\n1205 →                     raise RuntimeError(f"Failed on navigating ACS-GOTO:\\n{str(e)}")\n1206   \n1207                   await self.execute_hook("after_goto", page, context=context, url=url, response=response)\n1208   \n1209                   if response is None:\n1210                       status_code = 200' session_id=None response_headers=None status_code=None ssl_certificate=None


Failed to crawl: https://www.bolton.ac.uk/student-life/fees-and-funding/scholarships-and-bursaries/the-masters-taught-excellence-scholarship-2019-2020
Result: url='https://www.bolton.ac.uk/student-life/fees-and-funding/scholarships-and-bursaries/the-masters-taught-excellence-scholarship-2019-2020' html='' success=False cleaned_html=None media={} links={} downloaded_files=None screenshot=None pdf=None markdown=None markdown_v2=None fit_markdown=None fit_html=None extracted_content=None metadata=None error_message='Unexpected error in _crawl_web at line 1205 in _crawl_web (../../.pyenv/versions/3.12.6/lib/python3.12/site-packages/crawl4ai/async_crawler_strategy.py):\nError: Failed on navigating ACS-GOTO:\nPage.goto: Timeout 10000ms exceeded.\nCall log:\n  - navigating to "https://www.bolton.ac.uk/student-life/fees-and-funding/scholarships-and-bursaries/the-masters-taught-excellence-scholarship-2019-2020", waiting until "domcontentloaded"\n\n\nCode context:\n1200   \n1201                       response = await page.goto(\n1202                           url, wait_until=config.wait_until, timeout=config.page_timeout\n1203                       )\n1204                   except Error as e:\n1205 →                     raise RuntimeError(f"Failed on navigating ACS-GOTO:\\n{str(e)}")\n1206   \n1207                   await self.execute_hook("after_goto", page, context=context, url=url, response=response)\n1208   \n1209                   if response is None:\n1210                       status_code = 200' session_id=None response_headers=None status_code=None ssl_certificate=None


Failed to crawl: https://www.bolton.ac.uk/student-life/fees-and-funding/scholarships-and-bursaries/alumni-loyalty-discount-2019-2020
Result: url='https://www.bolton.ac.uk/student-life/fees-and-funding/scholarships-and-bursaries/alumni-loyalty-discount-2019-2020' html='' success=False cleaned_html=None media={} links={} downloaded_files=None screenshot=None pdf=None markdown=None markdown_v2=None fit_markdown=None fit_html=None extracted_content=None metadata=None error_message='Unexpected error in _crawl_web at line 1205 in _crawl_web (../../.pyenv/versions/3.12.6/lib/python3.12/site-packages/crawl4ai/async_crawler_strategy.py):\nError: Failed on navigating ACS-GOTO:\nPage.goto: Timeout 10000ms exceeded.\nCall log:\n  - navigating to "https://www.bolton.ac.uk/student-life/fees-and-funding/scholarships-and-bursaries/alumni-loyalty-discount-2019-2020", waiting until "domcontentloaded"\n\n\nCode context:\n1200   \n1201                       response = await page.goto(\n1202                           url, wait_until=config.wait_until, timeout=config.page_timeout\n1203                       )\n1204                   except Error as e:\n1205 →                     raise RuntimeError(f"Failed on navigating ACS-GOTO:\\n{str(e)}")\n1206   \n1207                   await self.execute_hook("after_goto", page, context=context, url=url, response=response)\n1208   \n1209                   if response is None:\n1210                       status_code = 200' session_id=None response_headers=None status_code=None ssl_certificate=None


Failed to crawl: https://www.bolton.ac.uk/student-life/fees-and-funding/scholarships-and-bursaries/bolton-sports-bursary-2018-19
Result: url='https://www.bolton.ac.uk/student-life/fees-and-funding/scholarships-and-bursaries/bolton-sports-bursary-2018-19' html='' success=False cleaned_html=None media={} links={} downloaded_files=None screenshot=None pdf=None markdown=None markdown_v2=None fit_markdown=None fit_html=None extracted_content=None metadata=None error_message='Unexpected error in _crawl_web at line 1205 in _crawl_web (../../.pyenv/versions/3.12.6/lib/python3.12/site-packages/crawl4ai/async_crawler_strategy.py):\nError: Failed on navigating ACS-GOTO:\nPage.goto: Timeout 10000ms exceeded.\nCall log:\n  - navigating to "https://www.bolton.ac.uk/student-life/fees-and-funding/scholarships-and-bursaries/bolton-sports-bursary-2018-19", waiting until "domcontentloaded"\n\n\nCode context:\n1200   \n1201                       response = await page.goto(\n1202                           url, wait_until=config.wait_until, timeout=config.page_timeout\n1203                       )\n1204                   except Error as e:\n1205 →                     raise RuntimeError(f"Failed on navigating ACS-GOTO:\\n{str(e)}")\n1206   \n1207                   await self.execute_hook("after_goto", page, context=context, url=url, response=response)\n1208   \n1209                   if response is None:\n1210                       status_code = 200' session_id=None response_headers=None status_code=None ssl_certificate=None


Failed to crawl: https://www.bolton.ac.uk/student-life/fees-and-funding/scholarships-and-bursaries/care-leavers-bursary-20182019
Result: url='https://www.bolton.ac.uk/student-life/fees-and-funding/scholarships-and-bursaries/care-leavers-bursary-20182019' html='' success=False cleaned_html=None media={} links={} downloaded_files=None screenshot=None pdf=None markdown=None markdown_v2=None fit_markdown=None fit_html=None extracted_content=None metadata=None error_message='Unexpected error in _crawl_web at line 1205 in _crawl_web (../../.pyenv/versions/3.12.6/lib/python3.12/site-packages/crawl4ai/async_crawler_strategy.py):\nError: Failed on navigating ACS-GOTO:\nPage.goto: Timeout 10000ms exceeded.\nCall log:\n  - navigating to "https://www.bolton.ac.uk/student-life/fees-and-funding/scholarships-and-bursaries/care-leavers-bursary-20182019", waiting until "domcontentloaded"\n\n\nCode context:\n1200   \n1201                       response = await page.goto(\n1202                           url, wait_until=config.wait_until, timeout=config.page_timeout\n1203                       )\n1204                   except Error as e:\n1205 →                     raise RuntimeError(f"Failed on navigating ACS-GOTO:\\n{str(e)}")\n1206   \n1207                   await self.execute_hook("after_goto", page, context=context, url=url, response=response)\n1208   \n1209                   if response is None:\n1210                       status_code = 200' session_id=None response_headers=None status_code=None ssl_certificate=None


Failed to crawl: https://www.bolton.ac.uk/student-life/fees-and-funding/scholarships-and-bursaries/100-year-anniversary-of-the-great-war-award-2018-19
Result: url='https://www.bolton.ac.uk/student-life/fees-and-funding/scholarships-and-bursaries/100-year-anniversary-of-the-great-war-award-2018-19' html='' success=False cleaned_html=None media={} links={} downloaded_files=None screenshot=None pdf=None markdown=None markdown_v2=None fit_markdown=None fit_html=None extracted_content=None metadata=None error_message='Unexpected error in _crawl_web at line 1205 in _crawl_web (../../.pyenv/versions/3.12.6/lib/python3.12/site-packages/crawl4ai/async_crawler_strategy.py):\nError: Failed on navigating ACS-GOTO:\nPage.goto: Timeout 10000ms exceeded.\nCall log:\n  - navigating to "https://www.bolton.ac.uk/student-life/fees-and-funding/scholarships-and-bursaries/100-year-anniversary-of-the-great-war-award-2018-19", waiting until "domcontentloaded"\n\n\nCode context:\n1200   \n1201                       response = await page.goto(\n1202                           url, wait_until=config.wait_until, timeout=config.page_timeout\n1203                       )\n1204                   except Error as e:\n1205 →                     raise RuntimeError(f"Failed on navigating ACS-GOTO:\\n{str(e)}")\n1206   \n1207                   await self.execute_hook("after_goto", page, context=context, url=url, response=response)\n1208   \n1209                   if response is None:\n1210                       status_code = 200' session_id=None response_headers=None status_code=None ssl_certificate=None


Failed to crawl: https://www.bolton.ac.uk/student-life/fees-and-funding/scholarships-and-bursaries/alumni-loyalty-discount-2018-2019
Result: url='https://www.bolton.ac.uk/student-life/fees-and-funding/scholarships-and-bursaries/alumni-loyalty-discount-2018-2019' html='' success=False cleaned_html=None media={} links={} downloaded_files=None screenshot=None pdf=None markdown=None markdown_v2=None fit_markdown=None fit_html=None extracted_content=None metadata=None error_message='Unexpected error in _crawl_web at line 1205 in _crawl_web (../../.pyenv/versions/3.12.6/lib/python3.12/site-packages/crawl4ai/async_crawler_strategy.py):\nError: Failed on navigating ACS-GOTO:\nPage.goto: Timeout 10000ms exceeded.\nCall log:\n  - navigating to "https://www.bolton.ac.uk/student-life/fees-and-funding/scholarships-and-bursaries/alumni-loyalty-discount-2018-2019", waiting until "domcontentloaded"\n\n\nCode context:\n1200   \n1201                       response = await page.goto(\n1202                           url, wait_until=config.wait_until, timeout=config.page_timeout\n1203                       )\n1204                   except Error as e:\n1205 →                     raise RuntimeError(f"Failed on navigating ACS-GOTO:\\n{str(e)}")\n1206   \n1207                   await self.execute_hook("after_goto", page, context=context, url=url, response=response)\n1208   \n1209                   if response is None:\n1210                       status_code = 200' session_id=None response_headers=None status_code=None ssl_certificate=None


Failed to crawl: https://www.bolton.ac.uk/student-life/fees-and-funding/scholarships-and-bursaries/the-masters-taught-excellence-scholarship-2018-2019
Result: url='https://www.bolton.ac.uk/student-life/fees-and-funding/scholarships-and-bursaries/the-masters-taught-excellence-scholarship-2018-2019' html='' success=False cleaned_html=None media={} links={} downloaded_files=None screenshot=None pdf=None markdown=None markdown_v2=None fit_markdown=None fit_html=None extracted_content=None metadata=None error_message='Unexpected error in _crawl_web at line 1205 in _crawl_web (../../.pyenv/versions/3.12.6/lib/python3.12/site-packages/crawl4ai/async_crawler_strategy.py):\nError: Failed on navigating ACS-GOTO:\nPage.goto: Timeout 10000ms exceeded.\nCall log:\n  - navigating to "https://www.bolton.ac.uk/student-life/fees-and-funding/scholarships-and-bursaries/the-masters-taught-excellence-scholarship-2018-2019", waiting until "domcontentloaded"\n\n\nCode context:\n1200   \n1201                       response = await page.goto(\n1202                           url, wait_until=config.wait_until, timeout=config.page_timeout\n1203                       )\n1204                   except Error as e:\n1205 →                     raise RuntimeError(f"Failed on navigating ACS-GOTO:\\n{str(e)}")\n1206   \n1207                   await self.execute_hook("after_goto", page, context=context, url=url, response=response)\n1208   \n1209                   if response is None:\n1210                       status_code = 200' session_id=None response_headers=None status_code=None ssl_certificate=None


Failed to crawl: https://www.bolton.ac.uk/student-life/fees-and-funding/scholarships-and-bursaries/bolton-brilliance-bursary
Result: url='https://www.bolton.ac.uk/student-life/fees-and-funding/scholarships-and-bursaries/bolton-brilliance-bursary' html='' success=False cleaned_html=None media={} links={} downloaded_files=None screenshot=None pdf=None markdown=None markdown_v2=None fit_markdown=None fit_html=None extracted_content=None metadata=None error_message='Unexpected error in _crawl_web at line 1205 in _crawl_web (../../.pyenv/versions/3.12.6/lib/python3.12/site-packages/crawl4ai/async_crawler_strategy.py):\nError: Failed on navigating ACS-GOTO:\nPage.goto: Timeout 10000ms exceeded.\nCall log:\n  - navigating to "https://www.bolton.ac.uk/student-life/fees-and-funding/scholarships-and-bursaries/bolton-brilliance-bursary", waiting until "domcontentloaded"\n\n\nCode context:\n1200   \n1201                       response = await page.goto(\n1202                           url, wait_until=config.wait_until, timeout=config.page_timeout\n1203                       )\n1204                   except Error as e:\n1205 →                     raise RuntimeError(f"Failed on navigating ACS-GOTO:\\n{str(e)}")\n1206   \n1207                   await self.execute_hook("after_goto", page, context=context, url=url, response=response)\n1208   \n1209                   if response is None:\n1210                       status_code = 200' session_id=None response_headers=None status_code=None ssl_certificate=None


Failed to crawl: https://www.bolton.ac.uk/student-life/fees-and-funding/scholarships-and-bursaries/bolton-sports-bursary-2018-2
Result: url='https://www.bolton.ac.uk/student-life/fees-and-funding/scholarships-and-bursaries/bolton-sports-bursary-2018-2' html='' success=False cleaned_html=None media={} links={} downloaded_files=None screenshot=None pdf=None markdown=None markdown_v2=None fit_markdown=None fit_html=None extracted_content=None metadata=None error_message='Unexpected error in _crawl_web at line 1205 in _crawl_web (../../.pyenv/versions/3.12.6/lib/python3.12/site-packages/crawl4ai/async_crawler_strategy.py):\nError: Failed on navigating ACS-GOTO:\nPage.goto: Timeout 10000ms exceeded.\nCall log:\n  - navigating to "https://www.bolton.ac.uk/student-life/fees-and-funding/scholarships-and-bursaries/bolton-sports-bursary-2018-2", waiting until "domcontentloaded"\n\n\nCode context:\n1200   \n1201                       response = await page.goto(\n1202                           url, wait_until=config.wait_until, timeout=config.page_timeout\n1203                       )\n1204                   except Error as e:\n1205 →                     raise RuntimeError(f"Failed on navigating ACS-GOTO:\\n{str(e)}")\n1206   \n1207                   await self.execute_hook("after_goto", page, context=context, url=url, response=response)\n1208   \n1209                   if response is None:\n1210                       status_code = 200' session_id=None response_headers=None status_code=None ssl_certificate=None


Failed to crawl: https://www.bolton.ac.uk/student-life/fees-and-funding/scholarships-and-bursaries/care-leavers-bursary-20172018
Result: url='https://www.bolton.ac.uk/student-life/fees-and-funding/scholarships-and-bursaries/care-leavers-bursary-20172018' html='' success=False cleaned_html=None media={} links={} downloaded_files=None screenshot=None pdf=None markdown=None markdown_v2=None fit_markdown=None fit_html=None extracted_content=None metadata=None error_message='Unexpected error in _crawl_web at line 1205 in _crawl_web (../../.pyenv/versions/3.12.6/lib/python3.12/site-packages/crawl4ai/async_crawler_strategy.py):\nError: Failed on navigating ACS-GOTO:\nPage.goto: Timeout 10000ms exceeded.\nCall log:\n  - navigating to "https://www.bolton.ac.uk/student-life/fees-and-funding/scholarships-and-bursaries/care-leavers-bursary-20172018", waiting until "domcontentloaded"\n\n\nCode context:\n1200   \n1201                       response = await page.goto(\n1202                           url, wait_until=config.wait_until, timeout=config.page_timeout\n1203                       )\n1204                   except Error as e:\n1205 →                     raise RuntimeError(f"Failed on navigating ACS-GOTO:\\n{str(e)}")\n1206   \n1207                   await self.execute_hook("after_goto", page, context=context, url=url, response=response)\n1208   \n1209                   if response is None:\n1210                       status_code = 200' session_id=None response_headers=None status_code=None ssl_certificate=None


Failed to crawl: https://www.bolton.ac.uk/blogs/is-a-masters-degree-worth-it
Result: url='https://www.bolton.ac.uk/blogs/is-a-masters-degree-worth-it' html='' success=False cleaned_html=None media={} links={} downloaded_files=None screenshot=None pdf=None markdown=None markdown_v2=None fit_markdown=None fit_html=None extracted_content=None metadata=None error_message='Unexpected error in _crawl_web at line 1205 in _crawl_web (../../.pyenv/versions/3.12.6/lib/python3.12/site-packages/crawl4ai/async_crawler_strategy.py):\nError: Failed on navigating ACS-GOTO:\nPage.goto: Timeout 10000ms exceeded.\nCall log:\n  - navigating to "https://www.bolton.ac.uk/blogs/is-a-masters-degree-worth-it", waiting until "domcontentloaded"\n\n\nCode context:\n1200   \n1201                       response = await page.goto(\n1202                           url, wait_until=config.wait_until, timeout=config.page_timeout\n1203                       )\n1204                   except Error as e:\n1205 →                     raise RuntimeError(f"Failed on navigating ACS-GOTO:\\n{str(e)}")\n1206   \n1207                   await self.execute_hook("after_goto", page, context=context, url=url, response=response)\n1208   \n1209                   if response is None:\n1210                       status_code = 200' session_id=None response_headers=None status_code=None ssl_certificate=None


Failed to crawl: https://www.bolton.ac.uk/blogs/stand-out-in-a-creative-field-with-a-postgraduate-arts-degree
Result: url='https://www.bolton.ac.uk/blogs/stand-out-in-a-creative-field-with-a-postgraduate-arts-degree' html='' success=False cleaned_html=None media={} links={} downloaded_files=None screenshot=None pdf=None markdown=None markdown_v2=None fit_markdown=None fit_html=None extracted_content=None metadata=None error_message='Unexpected error in _crawl_web at line 1205 in _crawl_web (../../.pyenv/versions/3.12.6/lib/python3.12/site-packages/crawl4ai/async_crawler_strategy.py):\nError: Failed on navigating ACS-GOTO:\nPage.goto: Timeout 10000ms exceeded.\nCall log:\n  - navigating to "https://www.bolton.ac.uk/blogs/stand-out-in-a-creative-field-with-a-postgraduate-arts-degree", waiting until "domcontentloaded"\n\n\nCode context:\n1200   \n1201                       response = await page.goto(\n1202                           url, wait_until=config.wait_until, timeout=config.page_timeout\n1203                       )\n1204                   except Error as e:\n1205 →                     raise RuntimeError(f"Failed on navigating ACS-GOTO:\\n{str(e)}")\n1206   \n1207                   await self.execute_hook("after_goto", page, context=context, url=url, response=response)\n1208   \n1209                   if response is None:\n1210                       status_code = 200' session_id=None response_headers=None status_code=None ssl_certificate=None


Failed to crawl: https://www.bolton.ac.uk/blogs/make-2022-your-year-of-transformation
Result: url='https://www.bolton.ac.uk/blogs/make-2022-your-year-of-transformation' html='' success=False cleaned_html=None media={} links={} downloaded_files=None screenshot=None pdf=None markdown=None markdown_v2=None fit_markdown=None fit_html=None extracted_content=None metadata=None error_message='Unexpected error in _crawl_web at line 1205 in _crawl_web (../../.pyenv/versions/3.12.6/lib/python3.12/site-packages/crawl4ai/async_crawler_strategy.py):\nError: Failed on navigating ACS-GOTO:\nPage.goto: Timeout 10000ms exceeded.\nCall log:\n  - navigating to "https://www.bolton.ac.uk/blogs/make-2022-your-year-of-transformation", waiting until "domcontentloaded"\n\n\nCode context:\n1200   \n1201                       response = await page.goto(\n1202                           url, wait_until=config.wait_until, timeout=config.page_timeout\n1203                       )\n1204                   except Error as e:\n1205 →                     raise RuntimeError(f"Failed on navigating ACS-GOTO:\\n{str(e)}")\n1206   \n1207                   await self.execute_hook("after_goto", page, context=context, url=url, response=response)\n1208   \n1209                   if response is None:\n1210                       status_code = 200' session_id=None response_headers=None status_code=None ssl_certificate=None


Failed to crawl: https://www.bolton.ac.uk/blogs/the-most-famous-female-mathematicians-to-inspire-students
Result: url='https://www.bolton.ac.uk/blogs/the-most-famous-female-mathematicians-to-inspire-students' html='' success=False cleaned_html=None media={} links={} downloaded_files=None screenshot=None pdf=None markdown=None markdown_v2=None fit_markdown=None fit_html=None extracted_content=None metadata=None error_message='Unexpected error in _crawl_web at line 1205 in _crawl_web (../../.pyenv/versions/3.12.6/lib/python3.12/site-packages/crawl4ai/async_crawler_strategy.py):\nError: Failed on navigating ACS-GOTO:\nPage.goto: Timeout 10000ms exceeded.\nCall log:\n  - navigating to "https://www.bolton.ac.uk/blogs/the-most-famous-female-mathematicians-to-inspire-students", waiting until "domcontentloaded"\n\n\nCode context:\n1200   \n1201                       response = await page.goto(\n1202                           url, wait_until=config.wait_until, timeout=config.page_timeout\n1203                       )\n1204                   except Error as e:\n1205 →                     raise RuntimeError(f"Failed on navigating ACS-GOTO:\\n{str(e)}")\n1206   \n1207                   await self.execute_hook("after_goto", page, context=context, url=url, response=response)\n1208   \n1209                   if response is None:\n1210                       status_code = 200' session_id=None response_headers=None status_code=None ssl_certificate=None


Failed to crawl: https://www.bolton.ac.uk/blogs/new-dental-implant-crowns-made-of-cellulose-based-nanocomposites
Result: url='https://www.bolton.ac.uk/blogs/new-dental-implant-crowns-made-of-cellulose-based-nanocomposites' html='' success=False cleaned_html=None media={} links={} downloaded_files=None screenshot=None pdf=None markdown=None markdown_v2=None fit_markdown=None fit_html=None extracted_content=None metadata=None error_message='Unexpected error in _crawl_web at line 1205 in _crawl_web (../../.pyenv/versions/3.12.6/lib/python3.12/site-packages/crawl4ai/async_crawler_strategy.py):\nError: Failed on navigating ACS-GOTO:\nPage.goto: Timeout 10000ms exceeded.\nCall log:\n  - navigating to "https://www.bolton.ac.uk/blogs/new-dental-implant-crowns-made-of-cellulose-based-nanocomposites", waiting until "domcontentloaded"\n\n\nCode context:\n1200   \n1201                       response = await page.goto(\n1202                           url, wait_until=config.wait_until, timeout=config.page_timeout\n1203                       )\n1204                   except Error as e:\n1205 →                     raise RuntimeError(f"Failed on navigating ACS-GOTO:\\n{str(e)}")\n1206   \n1207                   await self.execute_hook("after_goto", page, context=context, url=url, response=response)\n1208   \n1209                   if response is None:\n1210                       status_code = 200' session_id=None response_headers=None status_code=None ssl_certificate=None


Failed to crawl: https://www.bolton.ac.uk/blogs/the-future-of-dentistry
Result: url='https://www.bolton.ac.uk/blogs/the-future-of-dentistry' html='' success=False cleaned_html=None media={} links={} downloaded_files=None screenshot=None pdf=None markdown=None markdown_v2=None fit_markdown=None fit_html=None extracted_content=None metadata=None error_message='Unexpected error in _crawl_web at line 1205 in _crawl_web (../../.pyenv/versions/3.12.6/lib/python3.12/site-packages/crawl4ai/async_crawler_strategy.py):\nError: Failed on navigating ACS-GOTO:\nPage.goto: Timeout 10000ms exceeded.\nCall log:\n  - navigating to "https://www.bolton.ac.uk/blogs/the-future-of-dentistry", waiting until "domcontentloaded"\n\n\nCode context:\n1200   \n1201                       response = await page.goto(\n1202                           url, wait_until=config.wait_until, timeout=config.page_timeout\n1203                       )\n1204                   except Error as e:\n1205 →                     raise RuntimeError(f"Failed on navigating ACS-GOTO:\\n{str(e)}")\n1206   \n1207                   await self.execute_hook("after_goto", page, context=context, url=url, response=response)\n1208   \n1209                   if response is None:\n1210                       status_code = 200' session_id=None response_headers=None status_code=None ssl_certificate=None


Failed to crawl: https://www.bolton.ac.uk/blogs/new-advances-in-regenerative-medicine-for-dentistry
Result: url='https://www.bolton.ac.uk/blogs/new-advances-in-regenerative-medicine-for-dentistry' html='' success=False cleaned_html=None media={} links={} downloaded_files=None screenshot=None pdf=None markdown=None markdown_v2=None fit_markdown=None fit_html=None extracted_content=None metadata=None error_message='Unexpected error in _crawl_web at line 1205 in _crawl_web (../../.pyenv/versions/3.12.6/lib/python3.12/site-packages/crawl4ai/async_crawler_strategy.py):\nError: Failed on navigating ACS-GOTO:\nPage.goto: Timeout 10000ms exceeded.\nCall log:\n  - navigating to "https://www.bolton.ac.uk/blogs/new-advances-in-regenerative-medicine-for-dentistry", waiting until "domcontentloaded"\n\n\nCode context:\n1200   \n1201                       response = await page.goto(\n1202                           url, wait_until=config.wait_until, timeout=config.page_timeout\n1203                       )\n1204                   except Error as e:\n1205 →                     raise RuntimeError(f"Failed on navigating ACS-GOTO:\\n{str(e)}")\n1206   \n1207                   await self.execute_hook("after_goto", page, context=context, url=url, response=response)\n1208   \n1209                   if response is None:\n1210                       status_code = 200' session_id=None response_headers=None status_code=None ssl_certificate=None


Failed to crawl: https://www.bolton.ac.uk/student-policy-zone/student-policy-zone-2022-23
Result: url='https://www.bolton.ac.uk/student-policy-zone/student-policy-zone-2022-23' html='' success=False cleaned_html=None media={} links={} downloaded_files=None screenshot=None pdf=None markdown=None markdown_v2=None fit_markdown=None fit_html=None extracted_content=None metadata=None error_message='Unexpected error in _crawl_web at line 1205 in _crawl_web (../../.pyenv/versions/3.12.6/lib/python3.12/site-packages/crawl4ai/async_crawler_strategy.py):\nError: Failed on navigating ACS-GOTO:\nPage.goto: Timeout 10000ms exceeded.\nCall log:\n  - navigating to "https://www.bolton.ac.uk/student-policy-zone/student-policy-zone-2022-23", waiting until "domcontentloaded"\n\n\nCode context:\n1200   \n1201                       response = await page.goto(\n1202                           url, wait_until=config.wait_until, timeout=config.page_timeout\n1203                       )\n1204                   except Error as e:\n1205 →                     raise RuntimeError(f"Failed on navigating ACS-GOTO:\\n{str(e)}")\n1206   \n1207                   await self.execute_hook("after_goto", page, context=context, url=url, response=response)\n1208   \n1209                   if response is None:\n1210                       status_code = 200' session_id=None response_headers=None status_code=None ssl_certificate=None


Failed to crawl: https://www.bolton.ac.uk/assets/Freedom-of-Information/FOI-Act-a-guide-to-charging-fees.pdf
Result: url='https://www.bolton.ac.uk/assets/Freedom-of-Information/FOI-Act-a-guide-to-charging-fees.pdf' html='' success=False cleaned_html=None media={} links={} downloaded_files=None screenshot=None pdf=None markdown=None markdown_v2=None fit_markdown=None fit_html=None extracted_content=None metadata=None error_message='Unexpected error in _crawl_web at line 1205 in _crawl_web (../../.pyenv/versions/3.12.6/lib/python3.12/site-packages/crawl4ai/async_crawler_strategy.py):\nError: Failed on navigating ACS-GOTO:\nPage.goto: net::ERR_FAILED at https://www.bolton.ac.uk/assets/Freedom-of-Information/FOI-Act-a-guide-to-charging-fees.pdf\nCall log:\n  - navigating to "https://www.bolton.ac.uk/assets/Freedom-of-Information/FOI-Act-a-guide-to-charging-fees.pdf", waiting until "domcontentloaded"\n\n\nCode context:\n1200   \n1201                       response = await page.goto(\n1202                           url, wait_until=config.wait_until, timeout=config.page_timeout\n1203                       )\n1204                   except Error as e:\n1205 →                     raise RuntimeError(f"Failed on navigating ACS-GOTO:\\n{str(e)}")\n1206   \n1207                   await self.execute_hook("after_goto", page, context=context, url=url, response=response)\n1208   \n1209                   if response is None:\n1210                       status_code = 200' session_id=None response_headers=None status_code=None ssl_certificate=None


Failed to crawl: https://www.bolton.ac.uk/assets/Freedom-of-Information/FOI-Act-Handling-Requests-a-Management-Guide.pdf
Result: url='https://www.bolton.ac.uk/assets/Freedom-of-Information/FOI-Act-Handling-Requests-a-Management-Guide.pdf' html='' success=False cleaned_html=None media={} links={} downloaded_files=None screenshot=None pdf=None markdown=None markdown_v2=None fit_markdown=None fit_html=None extracted_content=None metadata=None error_message='Unexpected error in _crawl_web at line 1205 in _crawl_web (../../.pyenv/versions/3.12.6/lib/python3.12/site-packages/crawl4ai/async_crawler_strategy.py):\nError: Failed on navigating ACS-GOTO:\nPage.goto: net::ERR_FAILED at https://www.bolton.ac.uk/assets/Freedom-of-Information/FOI-Act-Handling-Requests-a-Management-Guide.pdf\nCall log:\n  - navigating to "https://www.bolton.ac.uk/assets/Freedom-of-Information/FOI-Act-Handling-Requests-a-Management-Guide.pdf", waiting until "domcontentloaded"\n\n\nCode context:\n1200   \n1201                       response = await page.goto(\n1202                           url, wait_until=config.wait_until, timeout=config.page_timeout\n1203                       )\n1204                   except Error as e:\n1205 →                     raise RuntimeError(f"Failed on navigating ACS-GOTO:\\n{str(e)}")\n1206   \n1207                   await self.execute_hook("after_goto", page, context=context, url=url, response=response)\n1208   \n1209                   if response is None:\n1210                       status_code = 200' session_id=None response_headers=None status_code=None ssl_certificate=None


Failed to crawl: https://www.bolton.ac.uk/assets/Freedom-of-Information/FOI-Act-Handling-Requests-Guide-for-Staff.pdf
Result: url='https://www.bolton.ac.uk/assets/Freedom-of-Information/FOI-Act-Handling-Requests-Guide-for-Staff.pdf' html='' success=False cleaned_html=None media={} links={} downloaded_files=None screenshot=None pdf=None markdown=None markdown_v2=None fit_markdown=None fit_html=None extracted_content=None metadata=None error_message='Unexpected error in _crawl_web at line 1205 in _crawl_web (../../.pyenv/versions/3.12.6/lib/python3.12/site-packages/crawl4ai/async_crawler_strategy.py):\nError: Failed on navigating ACS-GOTO:\nPage.goto: net::ERR_FAILED at https://www.bolton.ac.uk/assets/Freedom-of-Information/FOI-Act-Handling-Requests-Guide-for-Staff.pdf\nCall log:\n  - navigating to "https://www.bolton.ac.uk/assets/Freedom-of-Information/FOI-Act-Handling-Requests-Guide-for-Staff.pdf", waiting until "domcontentloaded"\n\n\nCode context:\n1200   \n1201                       response = await page.goto(\n1202                           url, wait_until=config.wait_until, timeout=config.page_timeout\n1203                       )\n1204                   except Error as e:\n1205 →                     raise RuntimeError(f"Failed on navigating ACS-GOTO:\\n{str(e)}")\n1206   \n1207                   await self.execute_hook("after_goto", page, context=context, url=url, response=response)\n1208   \n1209                   if response is None:\n1210                       status_code = 200' session_id=None response_headers=None status_code=None ssl_certificate=None


Failed to crawl: https://www.bolton.ac.uk/assets/Freedom-of-Information/FOI-enquiry-log-form.pdf
Result: url='https://www.bolton.ac.uk/assets/Freedom-of-Information/FOI-enquiry-log-form.pdf' html='' success=False cleaned_html=None media={} links={} downloaded_files=None screenshot=None pdf=None markdown=None markdown_v2=None fit_markdown=None fit_html=None extracted_content=None metadata=None error_message='Unexpected error in _crawl_web at line 1205 in _crawl_web (../../.pyenv/versions/3.12.6/lib/python3.12/site-packages/crawl4ai/async_crawler_strategy.py):\nError: Failed on navigating ACS-GOTO:\nPage.goto: net::ERR_FAILED at https://www.bolton.ac.uk/assets/Freedom-of-Information/FOI-enquiry-log-form.pdf\nCall log:\n  - navigating to "https://www.bolton.ac.uk/assets/Freedom-of-Information/FOI-enquiry-log-form.pdf", waiting until "domcontentloaded"\n\n\nCode context:\n1200   \n1201                       response = await page.goto(\n1202                           url, wait_until=config.wait_until, timeout=config.page_timeout\n1203                       )\n1204                   except Error as e:\n1205 →                     raise RuntimeError(f"Failed on navigating ACS-GOTO:\\n{str(e)}")\n1206   \n1207                   await self.execute_hook("after_goto", page, context=context, url=url, response=response)\n1208   \n1209                   if response is None:\n1210                       status_code = 200' session_id=None response_headers=None status_code=None ssl_certificate=None


Failed to crawl: https://www.bolton.ac.uk/assets/Freedom-of-Information/FOI-A-Guide-for-Applicants.pdf
Result: url='https://www.bolton.ac.uk/assets/Freedom-of-Information/FOI-A-Guide-for-Applicants.pdf' html='' success=False cleaned_html=None media={} links={} downloaded_files=None screenshot=None pdf=None markdown=None markdown_v2=None fit_markdown=None fit_html=None extracted_content=None metadata=None error_message='Unexpected error in _crawl_web at line 1205 in _crawl_web (../../.pyenv/versions/3.12.6/lib/python3.12/site-packages/crawl4ai/async_crawler_strategy.py):\nError: Failed on navigating ACS-GOTO:\nPage.goto: net::ERR_FAILED at https://www.bolton.ac.uk/assets/Freedom-of-Information/FOI-A-Guide-for-Applicants.pdf\nCall log:\n  - navigating to "https://www.bolton.ac.uk/assets/Freedom-of-Information/FOI-A-Guide-for-Applicants.pdf", waiting until "domcontentloaded"\n\n\nCode context:\n1200   \n1201                       response = await page.goto(\n1202                           url, wait_until=config.wait_until, timeout=config.page_timeout\n1203                       )\n1204                   except Error as e:\n1205 →                     raise RuntimeError(f"Failed on navigating ACS-GOTO:\\n{str(e)}")\n1206   \n1207                   await self.execute_hook("after_goto", page, context=context, url=url, response=response)\n1208   \n1209                   if response is None:\n1210                       status_code = 200' session_id=None response_headers=None status_code=None ssl_certificate=None


Failed to crawl: https://www.bolton.ac.uk/assets/Uploads/Updated-Access-Participation.pdf
Result: url='https://www.bolton.ac.uk/assets/Uploads/Updated-Access-Participation.pdf' html='' success=False cleaned_html=None media={} links={} downloaded_files=None screenshot=None pdf=None markdown=None markdown_v2=None fit_markdown=None fit_html=None extracted_content=None metadata=None error_message='Unexpected error in _crawl_web at line 1205 in _crawl_web (../../.pyenv/versions/3.12.6/lib/python3.12/site-packages/crawl4ai/async_crawler_strategy.py):\nError: Failed on navigating ACS-GOTO:\nPage.goto: net::ERR_FAILED at https://www.bolton.ac.uk/assets/Uploads/Updated-Access-Participation.pdf\nCall log:\n  - navigating to "https://www.bolton.ac.uk/assets/Uploads/Updated-Access-Participation.pdf", waiting until "domcontentloaded"\n\n\nCode context:\n1200   \n1201                       response = await page.goto(\n1202                           url, wait_until=config.wait_until, timeout=config.page_timeout\n1203                       )\n1204                   except Error as e:\n1205 →                     raise RuntimeError(f"Failed on navigating ACS-GOTO:\\n{str(e)}")\n1206   \n1207                   await self.execute_hook("after_goto", page, context=context, url=url, response=response)\n1208   \n1209                   if response is None:\n1210                       status_code = 200' session_id=None response_headers=None status_code=None ssl_certificate=None


Failed to crawl: https://www.bolton.ac.uk/assets/Uploads/StatutoryInstruments.pdf
Result: url='https://www.bolton.ac.uk/assets/Uploads/StatutoryInstruments.pdf' html='' success=False cleaned_html=None media={} links={} downloaded_files=None screenshot=None pdf=None markdown=None markdown_v2=None fit_markdown=None fit_html=None extracted_content=None metadata=None error_message='Unexpected error in _crawl_web at line 1205 in _crawl_web (../../.pyenv/versions/3.12.6/lib/python3.12/site-packages/crawl4ai/async_crawler_strategy.py):\nError: Failed on navigating ACS-GOTO:\nPage.goto: net::ERR_FAILED at https://www.bolton.ac.uk/assets/Uploads/StatutoryInstruments.pdf\nCall log:\n  - navigating to "https://www.bolton.ac.uk/assets/Uploads/StatutoryInstruments.pdf", waiting until "domcontentloaded"\n\n\nCode context:\n1200   \n1201                       response = await page.goto(\n1202                           url, wait_until=config.wait_until, timeout=config.page_timeout\n1203                       )\n1204                   except Error as e:\n1205 →                     raise RuntimeError(f"Failed on navigating ACS-GOTO:\\n{str(e)}")\n1206   \n1207                   await self.execute_hook("after_goto", page, context=context, url=url, response=response)\n1208   \n1209                   if response is None:\n1210                       status_code = 200' session_id=None response_headers=None status_code=None ssl_certificate=None


Failed to crawl: https://www.bolton.ac.uk/assets/Uploads/ArticlesOfGovernment.pdf
Result: url='https://www.bolton.ac.uk/assets/Uploads/ArticlesOfGovernment.pdf' html='' success=False cleaned_html=None media={} links={} downloaded_files=None screenshot=None pdf=None markdown=None markdown_v2=None fit_markdown=None fit_html=None extracted_content=None metadata=None error_message='Unexpected error in _crawl_web at line 1205 in _crawl_web (../../.pyenv/versions/3.12.6/lib/python3.12/site-packages/crawl4ai/async_crawler_strategy.py):\nError: Failed on navigating ACS-GOTO:\nPage.goto: net::ERR_FAILED at https://www.bolton.ac.uk/assets/Uploads/ArticlesOfGovernment.pdf\nCall log:\n  - navigating to "https://www.bolton.ac.uk/assets/Uploads/ArticlesOfGovernment.pdf", waiting until "domcontentloaded"\n\n\nCode context:\n1200   \n1201                       response = await page.goto(\n1202                           url, wait_until=config.wait_until, timeout=config.page_timeout\n1203                       )\n1204                   except Error as e:\n1205 →                     raise RuntimeError(f"Failed on navigating ACS-GOTO:\\n{str(e)}")\n1206   \n1207                   await self.execute_hook("after_goto", page, context=context, url=url, response=response)\n1208   \n1209                   if response is None:\n1210                       status_code = 200' session_id=None response_headers=None status_code=None ssl_certificate=None


Failed to crawl: https://www.bolton.ac.uk/assets/Uploads/StrategicPlan-1.pdf
Result: url='https://www.bolton.ac.uk/assets/Uploads/StrategicPlan-1.pdf' html='' success=False cleaned_html=None media={} links={} downloaded_files=None screenshot=None pdf=None markdown=None markdown_v2=None fit_markdown=None fit_html=None extracted_content=None metadata=None error_message='Unexpected error in _crawl_web at line 1205 in _crawl_web (../../.pyenv/versions/3.12.6/lib/python3.12/site-packages/crawl4ai/async_crawler_strategy.py):\nError: Failed on navigating ACS-GOTO:\nPage.goto: net::ERR_FAILED at https://www.bolton.ac.uk/assets/Uploads/StrategicPlan-1.pdf\nCall log:\n  - navigating to "https://www.bolton.ac.uk/assets/Uploads/StrategicPlan-1.pdf", waiting until "domcontentloaded"\n\n\nCode context:\n1200   \n1201                       response = await page.goto(\n1202                           url, wait_until=config.wait_until, timeout=config.page_timeout\n1203                       )\n1204                   except Error as e:\n1205 →                     raise RuntimeError(f"Failed on navigating ACS-GOTO:\\n{str(e)}")\n1206   \n1207                   await self.execute_hook("after_goto", page, context=context, url=url, response=response)\n1208   \n1209                   if response is None:\n1210                       status_code = 200' session_id=None response_headers=None status_code=None ssl_certificate=None


Failed to crawl: https://www.bolton.ac.uk/assets/Uploads/StatutoryInstruments2.pdf
Result: url='https://www.bolton.ac.uk/assets/Uploads/StatutoryInstruments2.pdf' html='' success=False cleaned_html=None media={} links={} downloaded_files=None screenshot=None pdf=None markdown=None markdown_v2=None fit_markdown=None fit_html=None extracted_content=None metadata=None error_message='Unexpected error in _crawl_web at line 1205 in _crawl_web (../../.pyenv/versions/3.12.6/lib/python3.12/site-packages/crawl4ai/async_crawler_strategy.py):\nError: Failed on navigating ACS-GOTO:\nPage.goto: net::ERR_FAILED at https://www.bolton.ac.uk/assets/Uploads/StatutoryInstruments2.pdf\nCall log:\n  - navigating to "https://www.bolton.ac.uk/assets/Uploads/StatutoryInstruments2.pdf", waiting until "domcontentloaded"\n\n\nCode context:\n1200   \n1201                       response = await page.goto(\n1202                           url, wait_until=config.wait_until, timeout=config.page_timeout\n1203                       )\n1204                   except Error as e:\n1205 →                     raise RuntimeError(f"Failed on navigating ACS-GOTO:\\n{str(e)}")\n1206   \n1207                   await self.execute_hook("after_goto", page, context=context, url=url, response=response)\n1208   \n1209                   if response is None:\n1210                       status_code = 200' session_id=None response_headers=None status_code=None ssl_certificate=None


Failed to crawl: https://www.bolton.ac.uk/assets/Uploads/ArticlesOfGovernment2.pdf
Result: url='https://www.bolton.ac.uk/assets/Uploads/ArticlesOfGovernment2.pdf' html='' success=False cleaned_html=None media={} links={} downloaded_files=None screenshot=None pdf=None markdown=None markdown_v2=None fit_markdown=None fit_html=None extracted_content=None metadata=None error_message='Unexpected error in _crawl_web at line 1205 in _crawl_web (../../.pyenv/versions/3.12.6/lib/python3.12/site-packages/crawl4ai/async_crawler_strategy.py):\nError: Failed on navigating ACS-GOTO:\nPage.goto: net::ERR_FAILED at https://www.bolton.ac.uk/assets/Uploads/ArticlesOfGovernment2.pdf\nCall log:\n  - navigating to "https://www.bolton.ac.uk/assets/Uploads/ArticlesOfGovernment2.pdf", waiting until "domcontentloaded"\n\n\nCode context:\n1200   \n1201                       response = await page.goto(\n1202                           url, wait_until=config.wait_until, timeout=config.page_timeout\n1203                       )\n1204                   except Error as e:\n1205 →                     raise RuntimeError(f"Failed on navigating ACS-GOTO:\\n{str(e)}")\n1206   \n1207                   await self.execute_hook("after_goto", page, context=context, url=url, response=response)\n1208   \n1209                   if response is None:\n1210                       status_code = 200' session_id=None response_headers=None status_code=None ssl_certificate=None


Failed to crawl: https://www.bolton.ac.uk/assets/Uploads/Chancellor-ToR.pdf
Result: url='https://www.bolton.ac.uk/assets/Uploads/Chancellor-ToR.pdf' html='' success=False cleaned_html=None media={} links={} downloaded_files=None screenshot=None pdf=None markdown=None markdown_v2=None fit_markdown=None fit_html=None extracted_content=None metadata=None error_message='Unexpected error in _crawl_web at line 1205 in _crawl_web (../../.pyenv/versions/3.12.6/lib/python3.12/site-packages/crawl4ai/async_crawler_strategy.py):\nError: Failed on navigating ACS-GOTO:\nPage.goto: net::ERR_FAILED at https://www.bolton.ac.uk/assets/Uploads/Chancellor-ToR.pdf\nCall log:\n  - navigating to "https://www.bolton.ac.uk/assets/Uploads/Chancellor-ToR.pdf", waiting until "domcontentloaded"\n\n\nCode context:\n1200   \n1201                       response = await page.goto(\n1202                           url, wait_until=config.wait_until, timeout=config.page_timeout\n1203                       )\n1204                   except Error as e:\n1205 →                     raise RuntimeError(f"Failed on navigating ACS-GOTO:\\n{str(e)}")\n1206   \n1207                   await self.execute_hook("after_goto", page, context=context, url=url, response=response)\n1208   \n1209                   if response is None:\n1210                       status_code = 200' session_id=None response_headers=None status_code=None ssl_certificate=None


Failed to crawl: https://www.bolton.ac.uk/assets/Uploads/TOR-Pro-Chancellor-approved-06.12.19.pdf
Result: url='https://www.bolton.ac.uk/assets/Uploads/TOR-Pro-Chancellor-approved-06.12.19.pdf' html='' success=False cleaned_html=None media={} links={} downloaded_files=None screenshot=None pdf=None markdown=None markdown_v2=None fit_markdown=None fit_html=None extracted_content=None metadata=None error_message='Unexpected error in _crawl_web at line 1205 in _crawl_web (../../.pyenv/versions/3.12.6/lib/python3.12/site-packages/crawl4ai/async_crawler_strategy.py):\nError: Failed on navigating ACS-GOTO:\nPage.goto: net::ERR_FAILED at https://www.bolton.ac.uk/assets/Uploads/TOR-Pro-Chancellor-approved-06.12.19.pdf\nCall log:\n  - navigating to "https://www.bolton.ac.uk/assets/Uploads/TOR-Pro-Chancellor-approved-06.12.19.pdf", waiting until "domcontentloaded"\n\n\nCode context:\n1200   \n1201                       response = await page.goto(\n1202                           url, wait_until=config.wait_until, timeout=config.page_timeout\n1203                       )\n1204                   except Error as e:\n1205 →                     raise RuntimeError(f"Failed on navigating ACS-GOTO:\\n{str(e)}")\n1206   \n1207                   await self.execute_hook("after_goto", page, context=context, url=url, response=response)\n1208   \n1209                   if response is None:\n1210                       status_code = 200' session_id=None response_headers=None status_code=None ssl_certificate=None


Failed to crawl: https://www.bolton.ac.uk/assets/Uploads/Terms-of-Reference-Ad-Hoc-Committee-approved-15-November-2022.pdf
Result: url='https://www.bolton.ac.uk/assets/Uploads/Terms-of-Reference-Ad-Hoc-Committee-approved-15-November-2022.pdf' html='' success=False cleaned_html=None media={} links={} downloaded_files=None screenshot=None pdf=None markdown=None markdown_v2=None fit_markdown=None fit_html=None extracted_content=None metadata=None error_message='Unexpected error in _crawl_web at line 1205 in _crawl_web (../../.pyenv/versions/3.12.6/lib/python3.12/site-packages/crawl4ai/async_crawler_strategy.py):\nError: Failed on navigating ACS-GOTO:\nPage.goto: net::ERR_FAILED at https://www.bolton.ac.uk/assets/Uploads/Terms-of-Reference-Ad-Hoc-Committee-approved-15-November-2022.pdf\nCall log:\n  - navigating to "https://www.bolton.ac.uk/assets/Uploads/Terms-of-Reference-Ad-Hoc-Committee-approved-15-November-2022.pdf", waiting until "domcontentloaded"\n\n\nCode context:\n1200   \n1201                       response = await page.goto(\n1202                           url, wait_until=config.wait_until, timeout=config.page_timeout\n1203                       )\n1204                   except Error as e:\n1205 →                     raise RuntimeError(f"Failed on navigating ACS-GOTO:\\n{str(e)}")\n1206   \n1207                   await self.execute_hook("after_goto", page, context=context, url=url, response=response)\n1208   \n1209                   if response is None:\n1210                       status_code = 200' session_id=None response_headers=None status_code=None ssl_certificate=None


Failed to crawl: https://www.bolton.ac.uk/assets/Uploads/Audit-Terms-of-Reference-approved-15-November-2022.pdf
Result: url='https://www.bolton.ac.uk/assets/Uploads/Audit-Terms-of-Reference-approved-15-November-2022.pdf' html='' success=False cleaned_html=None media={} links={} downloaded_files=None screenshot=None pdf=None markdown=None markdown_v2=None fit_markdown=None fit_html=None extracted_content=None metadata=None error_message='Unexpected error in _crawl_web at line 1205 in _crawl_web (../../.pyenv/versions/3.12.6/lib/python3.12/site-packages/crawl4ai/async_crawler_strategy.py):\nError: Failed on navigating ACS-GOTO:\nPage.goto: net::ERR_FAILED at https://www.bolton.ac.uk/assets/Uploads/Audit-Terms-of-Reference-approved-15-November-2022.pdf\nCall log:\n  - navigating to "https://www.bolton.ac.uk/assets/Uploads/Audit-Terms-of-Reference-approved-15-November-2022.pdf", waiting until "domcontentloaded"\n\n\nCode context:\n1200   \n1201                       response = await page.goto(\n1202                           url, wait_until=config.wait_until, timeout=config.page_timeout\n1203                       )\n1204                   except Error as e:\n1205 →                     raise RuntimeError(f"Failed on navigating ACS-GOTO:\\n{str(e)}")\n1206   \n1207                   await self.execute_hook("after_goto", page, context=context, url=url, response=response)\n1208   \n1209                   if response is None:\n1210                       status_code = 200' session_id=None response_headers=None status_code=None ssl_certificate=None


Failed to crawl: https://www.bolton.ac.uk/assets/Uploads/Board-Terms-of-Reference-approved-15-November-2022.pdf
Result: url='https://www.bolton.ac.uk/assets/Uploads/Board-Terms-of-Reference-approved-15-November-2022.pdf' html='' success=False cleaned_html=None media={} links={} downloaded_files=None screenshot=None pdf=None markdown=None markdown_v2=None fit_markdown=None fit_html=None extracted_content=None metadata=None error_message='Unexpected error in _crawl_web at line 1205 in _crawl_web (../../.pyenv/versions/3.12.6/lib/python3.12/site-packages/crawl4ai/async_crawler_strategy.py):\nError: Failed on navigating ACS-GOTO:\nPage.goto: net::ERR_FAILED at https://www.bolton.ac.uk/assets/Uploads/Board-Terms-of-Reference-approved-15-November-2022.pdf\nCall log:\n  - navigating to "https://www.bolton.ac.uk/assets/Uploads/Board-Terms-of-Reference-approved-15-November-2022.pdf", waiting until "domcontentloaded"\n\n\nCode context:\n1200   \n1201                       response = await page.goto(\n1202                           url, wait_until=config.wait_until, timeout=config.page_timeout\n1203                       )\n1204                   except Error as e:\n1205 →                     raise RuntimeError(f"Failed on navigating ACS-GOTO:\\n{str(e)}")\n1206   \n1207                   await self.execute_hook("after_goto", page, context=context, url=url, response=response)\n1208   \n1209                   if response is None:\n1210                       status_code = 200' session_id=None response_headers=None status_code=None ssl_certificate=None


Failed to crawl: https://www.bolton.ac.uk/assets/Uploads/Terms-of-Reference-Nominations-Committee-approved-15-November-2022.pdf
Result: url='https://www.bolton.ac.uk/assets/Uploads/Terms-of-Reference-Nominations-Committee-approved-15-November-2022.pdf' html='' success=False cleaned_html=None media={} links={} downloaded_files=None screenshot=None pdf=None markdown=None markdown_v2=None fit_markdown=None fit_html=None extracted_content=None metadata=None error_message='Unexpected error in _crawl_web at line 1205 in _crawl_web (../../.pyenv/versions/3.12.6/lib/python3.12/site-packages/crawl4ai/async_crawler_strategy.py):\nError: Failed on navigating ACS-GOTO:\nPage.goto: net::ERR_FAILED at https://www.bolton.ac.uk/assets/Uploads/Terms-of-Reference-Nominations-Committee-approved-15-November-2022.pdf\nCall log:\n  - navigating to "https://www.bolton.ac.uk/assets/Uploads/Terms-of-Reference-Nominations-Committee-approved-15-November-2022.pdf", waiting until "domcontentloaded"\n\n\nCode context:\n1200   \n1201                       response = await page.goto(\n1202                           url, wait_until=config.wait_until, timeout=config.page_timeout\n1203                       )\n1204                   except Error as e:\n1205 →                     raise RuntimeError(f"Failed on navigating ACS-GOTO:\\n{str(e)}")\n1206   \n1207                   await self.execute_hook("after_goto", page, context=context, url=url, response=response)\n1208   \n1209                   if response is None:\n1210                       status_code = 200' session_id=None response_headers=None status_code=None ssl_certificate=None


Failed to crawl: https://www.bolton.ac.uk/assets/Uploads/Terms-of-Reference-Remuneration-Committee-approved-15-November-2022.pdf
Result: url='https://www.bolton.ac.uk/assets/Uploads/Terms-of-Reference-Remuneration-Committee-approved-15-November-2022.pdf' html='' success=False cleaned_html=None media={} links={} downloaded_files=None screenshot=None pdf=None markdown=None markdown_v2=None fit_markdown=None fit_html=None extracted_content=None metadata=None error_message='Unexpected error in _crawl_web at line 1205 in _crawl_web (../../.pyenv/versions/3.12.6/lib/python3.12/site-packages/crawl4ai/async_crawler_strategy.py):\nError: Failed on navigating ACS-GOTO:\nPage.goto: net::ERR_FAILED at https://www.bolton.ac.uk/assets/Uploads/Terms-of-Reference-Remuneration-Committee-approved-15-November-2022.pdf\nCall log:\n  - navigating to "https://www.bolton.ac.uk/assets/Uploads/Terms-of-Reference-Remuneration-Committee-approved-15-November-2022.pdf", waiting until "domcontentloaded"\n\n\nCode context:\n1200   \n1201                       response = await page.goto(\n1202                           url, wait_until=config.wait_until, timeout=config.page_timeout\n1203                       )\n1204                   except Error as e:\n1205 →                     raise RuntimeError(f"Failed on navigating ACS-GOTO:\\n{str(e)}")\n1206   \n1207                   await self.execute_hook("after_goto", page, context=context, url=url, response=response)\n1208   \n1209                   if response is None:\n1210                       status_code = 200' session_id=None response_headers=None status_code=None ssl_certificate=None


Failed to crawl: https://www.bolton.ac.uk/assets/Uploads/Terms-of-Reference-Resources-Committee-approved-15-November-2022.pdf
Result: url='https://www.bolton.ac.uk/assets/Uploads/Terms-of-Reference-Resources-Committee-approved-15-November-2022.pdf' html='' success=False cleaned_html=None media={} links={} downloaded_files=None screenshot=None pdf=None markdown=None markdown_v2=None fit_markdown=None fit_html=None extracted_content=None metadata=None error_message='Unexpected error in _crawl_web at line 1205 in _crawl_web (../../.pyenv/versions/3.12.6/lib/python3.12/site-packages/crawl4ai/async_crawler_strategy.py):\nError: Failed on navigating ACS-GOTO:\nPage.goto: net::ERR_FAILED at https://www.bolton.ac.uk/assets/Uploads/Terms-of-Reference-Resources-Committee-approved-15-November-2022.pdf\nCall log:\n  - navigating to "https://www.bolton.ac.uk/assets/Uploads/Terms-of-Reference-Resources-Committee-approved-15-November-2022.pdf", waiting until "domcontentloaded"\n\n\nCode context:\n1200   \n1201                       response = await page.goto(\n1202                           url, wait_until=config.wait_until, timeout=config.page_timeout\n1203                       )\n1204                   except Error as e:\n1205 →                     raise RuntimeError(f"Failed on navigating ACS-GOTO:\\n{str(e)}")\n1206   \n1207                   await self.execute_hook("after_goto", page, context=context, url=url, response=response)\n1208   \n1209                   if response is None:\n1210                       status_code = 200' session_id=None response_headers=None status_code=None ssl_certificate=None


Failed to crawl: https://www.bolton.ac.uk/assets/Uploads/Terms-of-Reference-Resourcess-Comm-approved-06.12.19.pdf
Result: url='https://www.bolton.ac.uk/assets/Uploads/Terms-of-Reference-Resourcess-Comm-approved-06.12.19.pdf' html='' success=False cleaned_html=None media={} links={} downloaded_files=None screenshot=None pdf=None markdown=None markdown_v2=None fit_markdown=None fit_html=None extracted_content=None metadata=None error_message='Unexpected error in _crawl_web at line 1205 in _crawl_web (../../.pyenv/versions/3.12.6/lib/python3.12/site-packages/crawl4ai/async_crawler_strategy.py):\nError: Failed on navigating ACS-GOTO:\nPage.goto: net::ERR_FAILED at https://www.bolton.ac.uk/assets/Uploads/Terms-of-Reference-Resourcess-Comm-approved-06.12.19.pdf\nCall log:\n  - navigating to "https://www.bolton.ac.uk/assets/Uploads/Terms-of-Reference-Resourcess-Comm-approved-06.12.19.pdf", waiting until "domcontentloaded"\n\n\nCode context:\n1200   \n1201                       response = await page.goto(\n1202                           url, wait_until=config.wait_until, timeout=config.page_timeout\n1203                       )\n1204                   except Error as e:\n1205 →                     raise RuntimeError(f"Failed on navigating ACS-GOTO:\\n{str(e)}")\n1206   \n1207                   await self.execute_hook("after_goto", page, context=context, url=url, response=response)\n1208   \n1209                   if response is None:\n1210                       status_code = 200' session_id=None response_headers=None status_code=None ssl_certificate=None


Failed to crawl: https://www.bolton.ac.uk/assets/Uploads/BOGGoodPracticeGuide-Documents21.pdf
Result: url='https://www.bolton.ac.uk/assets/Uploads/BOGGoodPracticeGuide-Documents21.pdf' html='' success=False cleaned_html=None media={} links={} downloaded_files=None screenshot=None pdf=None markdown=None markdown_v2=None fit_markdown=None fit_html=None extracted_content=None metadata=None error_message='Unexpected error in _crawl_web at line 1205 in _crawl_web (../../.pyenv/versions/3.12.6/lib/python3.12/site-packages/crawl4ai/async_crawler_strategy.py):\nError: Failed on navigating ACS-GOTO:\nPage.goto: net::ERR_FAILED at https://www.bolton.ac.uk/assets/Uploads/BOGGoodPracticeGuide-Documents21.pdf\nCall log:\n  - navigating to "https://www.bolton.ac.uk/assets/Uploads/BOGGoodPracticeGuide-Documents21.pdf", waiting until "domcontentloaded"\n\n\nCode context:\n1200   \n1201                       response = await page.goto(\n1202                           url, wait_until=config.wait_until, timeout=config.page_timeout\n1203                       )\n1204                   except Error as e:\n1205 →                     raise RuntimeError(f"Failed on navigating ACS-GOTO:\\n{str(e)}")\n1206   \n1207                   await self.execute_hook("after_goto", page, context=context, url=url, response=response)\n1208   \n1209                   if response is None:\n1210                       status_code = 200' session_id=None response_headers=None status_code=None ssl_certificate=None


Failed to crawl: https://www.bolton.ac.uk/assets/Uploads/University-Calendar-of-Meetings-January-2023-Dec-2024.pdf
Result: url='https://www.bolton.ac.uk/assets/Uploads/University-Calendar-of-Meetings-January-2023-Dec-2024.pdf' html='' success=False cleaned_html=None media={} links={} downloaded_files=None screenshot=None pdf=None markdown=None markdown_v2=None fit_markdown=None fit_html=None extracted_content=None metadata=None error_message='Unexpected error in _crawl_web at line 1205 in _crawl_web (../../.pyenv/versions/3.12.6/lib/python3.12/site-packages/crawl4ai/async_crawler_strategy.py):\nError: Failed on navigating ACS-GOTO:\nPage.goto: net::ERR_FAILED at https://www.bolton.ac.uk/assets/Uploads/University-Calendar-of-Meetings-January-2023-Dec-2024.pdf\nCall log:\n  - navigating to "https://www.bolton.ac.uk/assets/Uploads/University-Calendar-of-Meetings-January-2023-Dec-2024.pdf", waiting until "domcontentloaded"\n\n\nCode context:\n1200   \n1201                       response = await page.goto(\n1202                           url, wait_until=config.wait_until, timeout=config.page_timeout\n1203                       )\n1204                   except Error as e:\n1205 →                     raise RuntimeError(f"Failed on navigating ACS-GOTO:\\n{str(e)}")\n1206   \n1207                   await self.execute_hook("after_goto", page, context=context, url=url, response=response)\n1208   \n1209                   if response is None:\n1210                       status_code = 200' session_id=None response_headers=None status_code=None ssl_certificate=None


Failed to crawl: https://www.bolton.ac.uk/assets/Uploads/Committees-and-Chairs-list-May-2022.pdf
Result: url='https://www.bolton.ac.uk/assets/Uploads/Committees-and-Chairs-list-May-2022.pdf' html='' success=False cleaned_html=None media={} links={} downloaded_files=None screenshot=None pdf=None markdown=None markdown_v2=None fit_markdown=None fit_html=None extracted_content=None metadata=None error_message='Unexpected error in _crawl_web at line 1205 in _crawl_web (../../.pyenv/versions/3.12.6/lib/python3.12/site-packages/crawl4ai/async_crawler_strategy.py):\nError: Failed on navigating ACS-GOTO:\nPage.goto: net::ERR_FAILED at https://www.bolton.ac.uk/assets/Uploads/Committees-and-Chairs-list-May-2022.pdf\nCall log:\n  - navigating to "https://www.bolton.ac.uk/assets/Uploads/Committees-and-Chairs-list-May-2022.pdf", waiting until "domcontentloaded"\n\n\nCode context:\n1200   \n1201                       response = await page.goto(\n1202                           url, wait_until=config.wait_until, timeout=config.page_timeout\n1203                       )\n1204                   except Error as e:\n1205 →                     raise RuntimeError(f"Failed on navigating ACS-GOTO:\\n{str(e)}")\n1206   \n1207                   await self.execute_hook("after_goto", page, context=context, url=url, response=response)\n1208   \n1209                   if response is None:\n1210                       status_code = 200' session_id=None response_headers=None status_code=None ssl_certificate=None


Failed to crawl: https://www.bolton.ac.uk/assets/Uploads/Membership-list-15-November-2022.pdf
Result: url='https://www.bolton.ac.uk/assets/Uploads/Membership-list-15-November-2022.pdf' html='' success=False cleaned_html=None media={} links={} downloaded_files=None screenshot=None pdf=None markdown=None markdown_v2=None fit_markdown=None fit_html=None extracted_content=None metadata=None error_message='Unexpected error in _crawl_web at line 1205 in _crawl_web (../../.pyenv/versions/3.12.6/lib/python3.12/site-packages/crawl4ai/async_crawler_strategy.py):\nError: Failed on navigating ACS-GOTO:\nPage.goto: net::ERR_FAILED at https://www.bolton.ac.uk/assets/Uploads/Membership-list-15-November-2022.pdf\nCall log:\n  - navigating to "https://www.bolton.ac.uk/assets/Uploads/Membership-list-15-November-2022.pdf", waiting until "domcontentloaded"\n\n\nCode context:\n1200   \n1201                       response = await page.goto(\n1202                           url, wait_until=config.wait_until, timeout=config.page_timeout\n1203                       )\n1204                   except Error as e:\n1205 →                     raise RuntimeError(f"Failed on navigating ACS-GOTO:\\n{str(e)}")\n1206   \n1207                   await self.execute_hook("after_goto", page, context=context, url=url, response=response)\n1208   \n1209                   if response is None:\n1210                       status_code = 200' session_id=None response_headers=None status_code=None ssl_certificate=None


Failed to crawl: https://www.bolton.ac.uk/assets/Uploads/RBL1-Approved-12-2-19.pdf
Result: url='https://www.bolton.ac.uk/assets/Uploads/RBL1-Approved-12-2-19.pdf' html='' success=False cleaned_html=None media={} links={} downloaded_files=None screenshot=None pdf=None markdown=None markdown_v2=None fit_markdown=None fit_html=None extracted_content=None metadata=None error_message='Unexpected error in _crawl_web at line 1205 in _crawl_web (../../.pyenv/versions/3.12.6/lib/python3.12/site-packages/crawl4ai/async_crawler_strategy.py):\nError: Failed on navigating ACS-GOTO:\nPage.goto: net::ERR_FAILED at https://www.bolton.ac.uk/assets/Uploads/RBL1-Approved-12-2-19.pdf\nCall log:\n  - navigating to "https://www.bolton.ac.uk/assets/Uploads/RBL1-Approved-12-2-19.pdf", waiting until "domcontentloaded"\n\n\nCode context:\n1200   \n1201                       response = await page.goto(\n1202                           url, wait_until=config.wait_until, timeout=config.page_timeout\n1203                       )\n1204                   except Error as e:\n1205 →                     raise RuntimeError(f"Failed on navigating ACS-GOTO:\\n{str(e)}")\n1206   \n1207                   await self.execute_hook("after_goto", page, context=context, url=url, response=response)\n1208   \n1209                   if response is None:\n1210                       status_code = 200' session_id=None response_headers=None status_code=None ssl_certificate=None


Failed to crawl: https://www.bolton.ac.uk/assets/Uploads/AntiBriberyPolicy.pdf
Result: url='https://www.bolton.ac.uk/assets/Uploads/AntiBriberyPolicy.pdf' html='' success=False cleaned_html=None media={} links={} downloaded_files=None screenshot=None pdf=None markdown=None markdown_v2=None fit_markdown=None fit_html=None extracted_content=None metadata=None error_message='Unexpected error in _crawl_web at line 1205 in _crawl_web (../../.pyenv/versions/3.12.6/lib/python3.12/site-packages/crawl4ai/async_crawler_strategy.py):\nError: Failed on navigating ACS-GOTO:\nPage.goto: net::ERR_FAILED at https://www.bolton.ac.uk/assets/Uploads/AntiBriberyPolicy.pdf\nCall log:\n  - navigating to "https://www.bolton.ac.uk/assets/Uploads/AntiBriberyPolicy.pdf", waiting until "domcontentloaded"\n\n\nCode context:\n1200   \n1201                       response = await page.goto(\n1202                           url, wait_until=config.wait_until, timeout=config.page_timeout\n1203                       )\n1204                   except Error as e:\n1205 →                     raise RuntimeError(f"Failed on navigating ACS-GOTO:\\n{str(e)}")\n1206   \n1207                   await self.execute_hook("after_goto", page, context=context, url=url, response=response)\n1208   \n1209                   if response is None:\n1210                       status_code = 200' session_id=None response_headers=None status_code=None ssl_certificate=None


Failed to crawl: https://www.bolton.ac.uk/assets/Modern-Slavery-and-Human-Trafficking-Statement-2021.pdf
Result: url='https://www.bolton.ac.uk/assets/Modern-Slavery-and-Human-Trafficking-Statement-2021.pdf' html='' success=False cleaned_html=None media={} links={} downloaded_files=None screenshot=None pdf=None markdown=None markdown_v2=None fit_markdown=None fit_html=None extracted_content=None metadata=None error_message='Unexpected error in _crawl_web at line 1205 in _crawl_web (../../.pyenv/versions/3.12.6/lib/python3.12/site-packages/crawl4ai/async_crawler_strategy.py):\nError: Failed on navigating ACS-GOTO:\nPage.goto: net::ERR_FAILED at https://www.bolton.ac.uk/assets/Modern-Slavery-and-Human-Trafficking-Statement-2021.pdf\nCall log:\n  - navigating to "https://www.bolton.ac.uk/assets/Modern-Slavery-and-Human-Trafficking-Statement-2021.pdf", waiting until "domcontentloaded"\n\n\nCode context:\n1200   \n1201                       response = await page.goto(\n1202                           url, wait_until=config.wait_until, timeout=config.page_timeout\n1203                       )\n1204                   except Error as e:\n1205 →                     raise RuntimeError(f"Failed on navigating ACS-GOTO:\\n{str(e)}")\n1206   \n1207                   await self.execute_hook("after_goto", page, context=context, url=url, response=response)\n1208   \n1209                   if response is None:\n1210                       status_code = 200' session_id=None response_headers=None status_code=None ssl_certificate=None


Failed to crawl: https://www.bolton.ac.uk/assets/Uploads/Prevent-Policy-v3.pdf
Result: url='https://www.bolton.ac.uk/assets/Uploads/Prevent-Policy-v3.pdf' html='' success=False cleaned_html=None media={} links={} downloaded_files=None screenshot=None pdf=None markdown=None markdown_v2=None fit_markdown=None fit_html=None extracted_content=None metadata=None error_message='Unexpected error in _crawl_web at line 1205 in _crawl_web (../../.pyenv/versions/3.12.6/lib/python3.12/site-packages/crawl4ai/async_crawler_strategy.py):\nError: Failed on navigating ACS-GOTO:\nPage.goto: net::ERR_FAILED at https://www.bolton.ac.uk/assets/Uploads/Prevent-Policy-v3.pdf\nCall log:\n  - navigating to "https://www.bolton.ac.uk/assets/Uploads/Prevent-Policy-v3.pdf", waiting until "domcontentloaded"\n\n\nCode context:\n1200   \n1201                       response = await page.goto(\n1202                           url, wait_until=config.wait_until, timeout=config.page_timeout\n1203                       )\n1204                   except Error as e:\n1205 →                     raise RuntimeError(f"Failed on navigating ACS-GOTO:\\n{str(e)}")\n1206   \n1207                   await self.execute_hook("after_goto", page, context=context, url=url, response=response)\n1208   \n1209                   if response is None:\n1210                       status_code = 200' session_id=None response_headers=None status_code=None ssl_certificate=None


Failed to crawl: https://www.bolton.ac.uk/assets/Uploads/Freedom-of-Speech-and-Meetings-on-University-Premises.pdf
Result: url='https://www.bolton.ac.uk/assets/Uploads/Freedom-of-Speech-and-Meetings-on-University-Premises.pdf' html='' success=False cleaned_html=None media={} links={} downloaded_files=None screenshot=None pdf=None markdown=None markdown_v2=None fit_markdown=None fit_html=None extracted_content=None metadata=None error_message='Unexpected error in _crawl_web at line 1205 in _crawl_web (../../.pyenv/versions/3.12.6/lib/python3.12/site-packages/crawl4ai/async_crawler_strategy.py):\nError: Failed on navigating ACS-GOTO:\nPage.goto: net::ERR_FAILED at https://www.bolton.ac.uk/assets/Uploads/Freedom-of-Speech-and-Meetings-on-University-Premises.pdf\nCall log:\n  - navigating to "https://www.bolton.ac.uk/assets/Uploads/Freedom-of-Speech-and-Meetings-on-University-Premises.pdf", waiting until "domcontentloaded"\n\n\nCode context:\n1200   \n1201                       response = await page.goto(\n1202                           url, wait_until=config.wait_until, timeout=config.page_timeout\n1203                       )\n1204                   except Error as e:\n1205 →                     raise RuntimeError(f"Failed on navigating ACS-GOTO:\\n{str(e)}")\n1206   \n1207                   await self.execute_hook("after_goto", page, context=context, url=url, response=response)\n1208   \n1209                   if response is None:\n1210                       status_code = 200' session_id=None response_headers=None status_code=None ssl_certificate=None


Failed to crawl: https://www.bolton.ac.uk/assets/Uploads/Freedom-of-Speech-Events-Off-Campus.pdf
Result: url='https://www.bolton.ac.uk/assets/Uploads/Freedom-of-Speech-Events-Off-Campus.pdf' html='' success=False cleaned_html=None media={} links={} downloaded_files=None screenshot=None pdf=None markdown=None markdown_v2=None fit_markdown=None fit_html=None extracted_content=None metadata=None error_message='Unexpected error in _crawl_web at line 1205 in _crawl_web (../../.pyenv/versions/3.12.6/lib/python3.12/site-packages/crawl4ai/async_crawler_strategy.py):\nError: Failed on navigating ACS-GOTO:\nPage.goto: net::ERR_FAILED at https://www.bolton.ac.uk/assets/Uploads/Freedom-of-Speech-Events-Off-Campus.pdf\nCall log:\n  - navigating to "https://www.bolton.ac.uk/assets/Uploads/Freedom-of-Speech-Events-Off-Campus.pdf", waiting until "domcontentloaded"\n\n\nCode context:\n1200   \n1201                       response = await page.goto(\n1202                           url, wait_until=config.wait_until, timeout=config.page_timeout\n1203                       )\n1204                   except Error as e:\n1205 →                     raise RuntimeError(f"Failed on navigating ACS-GOTO:\\n{str(e)}")\n1206   \n1207                   await self.execute_hook("after_goto", page, context=context, url=url, response=response)\n1208   \n1209                   if response is None:\n1210                       status_code = 200' session_id=None response_headers=None status_code=None ssl_certificate=None


Failed to crawl: https://www.bolton.ac.uk/assets/Uploads/INTERNET-SECURITY-POLICY..pdf
Result: url='https://www.bolton.ac.uk/assets/Uploads/INTERNET-SECURITY-POLICY..pdf' html='' success=False cleaned_html=None media={} links={} downloaded_files=None screenshot=None pdf=None markdown=None markdown_v2=None fit_markdown=None fit_html=None extracted_content=None metadata=None error_message='Unexpected error in _crawl_web at line 1205 in _crawl_web (../../.pyenv/versions/3.12.6/lib/python3.12/site-packages/crawl4ai/async_crawler_strategy.py):\nError: Failed on navigating ACS-GOTO:\nPage.goto: net::ERR_FAILED at https://www.bolton.ac.uk/assets/Uploads/INTERNET-SECURITY-POLICY..pdf\nCall log:\n  - navigating to "https://www.bolton.ac.uk/assets/Uploads/INTERNET-SECURITY-POLICY..pdf", waiting until "domcontentloaded"\n\n\nCode context:\n1200   \n1201                       response = await page.goto(\n1202                           url, wait_until=config.wait_until, timeout=config.page_timeout\n1203                       )\n1204                   except Error as e:\n1205 →                     raise RuntimeError(f"Failed on navigating ACS-GOTO:\\n{str(e)}")\n1206   \n1207                   await self.execute_hook("after_goto", page, context=context, url=url, response=response)\n1208   \n1209                   if response is None:\n1210                       status_code = 200' session_id=None response_headers=None status_code=None ssl_certificate=None


Failed to crawl: https://www.bolton.ac.uk/assets/Uploads/PolicyOnReligionOrBelief.pdf
Result: url='https://www.bolton.ac.uk/assets/Uploads/PolicyOnReligionOrBelief.pdf' html='' success=False cleaned_html=None media={} links={} downloaded_files=None screenshot=None pdf=None markdown=None markdown_v2=None fit_markdown=None fit_html=None extracted_content=None metadata=None error_message='Unexpected error in _crawl_web at line 1205 in _crawl_web (../../.pyenv/versions/3.12.6/lib/python3.12/site-packages/crawl4ai/async_crawler_strategy.py):\nError: Failed on navigating ACS-GOTO:\nPage.goto: net::ERR_FAILED at https://www.bolton.ac.uk/assets/Uploads/PolicyOnReligionOrBelief.pdf\nCall log:\n  - navigating to "https://www.bolton.ac.uk/assets/Uploads/PolicyOnReligionOrBelief.pdf", waiting until "domcontentloaded"\n\n\nCode context:\n1200   \n1201                       response = await page.goto(\n1202                           url, wait_until=config.wait_until, timeout=config.page_timeout\n1203                       )\n1204                   except Error as e:\n1205 →                     raise RuntimeError(f"Failed on navigating ACS-GOTO:\\n{str(e)}")\n1206   \n1207                   await self.execute_hook("after_goto", page, context=context, url=url, response=response)\n1208   \n1209                   if response is None:\n1210                       status_code = 200' session_id=None response_headers=None status_code=None ssl_certificate=None


Failed to crawl: https://www.bolton.ac.uk/assets/Uploads/Public-Interest-Disclosure-Policy-Approved-14-Feb-2023.pdf
Result: url='https://www.bolton.ac.uk/assets/Uploads/Public-Interest-Disclosure-Policy-Approved-14-Feb-2023.pdf' html='' success=False cleaned_html=None media={} links={} downloaded_files=None screenshot=None pdf=None markdown=None markdown_v2=None fit_markdown=None fit_html=None extracted_content=None metadata=None error_message='Unexpected error in _crawl_web at line 1205 in _crawl_web (../../.pyenv/versions/3.12.6/lib/python3.12/site-packages/crawl4ai/async_crawler_strategy.py):\nError: Failed on navigating ACS-GOTO:\nPage.goto: net::ERR_FAILED at https://www.bolton.ac.uk/assets/Uploads/Public-Interest-Disclosure-Policy-Approved-14-Feb-2023.pdf\nCall log:\n  - navigating to "https://www.bolton.ac.uk/assets/Uploads/Public-Interest-Disclosure-Policy-Approved-14-Feb-2023.pdf", waiting until "domcontentloaded"\n\n\nCode context:\n1200   \n1201                       response = await page.goto(\n1202                           url, wait_until=config.wait_until, timeout=config.page_timeout\n1203                       )\n1204                   except Error as e:\n1205 →                     raise RuntimeError(f"Failed on navigating ACS-GOTO:\\n{str(e)}")\n1206   \n1207                   await self.execute_hook("after_goto", page, context=context, url=url, response=response)\n1208   \n1209                   if response is None:\n1210                       status_code = 200' session_id=None response_headers=None status_code=None ssl_certificate=None


Failed to crawl: https://www.bolton.ac.uk/assets/Uploads/Smoke-Free-Policy-Approved-by-Exec-Board-19-2-20.pdf
Result: url='https://www.bolton.ac.uk/assets/Uploads/Smoke-Free-Policy-Approved-by-Exec-Board-19-2-20.pdf' html='' success=False cleaned_html=None media={} links={} downloaded_files=None screenshot=None pdf=None markdown=None markdown_v2=None fit_markdown=None fit_html=None extracted_content=None metadata=None error_message='Unexpected error in _crawl_web at line 1205 in _crawl_web (../../.pyenv/versions/3.12.6/lib/python3.12/site-packages/crawl4ai/async_crawler_strategy.py):\nError: Failed on navigating ACS-GOTO:\nPage.goto: net::ERR_FAILED at https://www.bolton.ac.uk/assets/Uploads/Smoke-Free-Policy-Approved-by-Exec-Board-19-2-20.pdf\nCall log:\n  - navigating to "https://www.bolton.ac.uk/assets/Uploads/Smoke-Free-Policy-Approved-by-Exec-Board-19-2-20.pdf", waiting until "domcontentloaded"\n\n\nCode context:\n1200   \n1201                       response = await page.goto(\n1202                           url, wait_until=config.wait_until, timeout=config.page_timeout\n1203                       )\n1204                   except Error as e:\n1205 →                     raise RuntimeError(f"Failed on navigating ACS-GOTO:\\n{str(e)}")\n1206   \n1207                   await self.execute_hook("after_goto", page, context=context, url=url, response=response)\n1208   \n1209                   if response is None:\n1210                       status_code = 200' session_id=None response_headers=None status_code=None ssl_certificate=None


Failed to crawl: https://www.bolton.ac.uk/assets/Uploads/Health-Safety-Policy-approved-16.11.2021.pdf
Result: url='https://www.bolton.ac.uk/assets/Uploads/Health-Safety-Policy-approved-16.11.2021.pdf' html='' success=False cleaned_html=None media={} links={} downloaded_files=None screenshot=None pdf=None markdown=None markdown_v2=None fit_markdown=None fit_html=None extracted_content=None metadata=None error_message='Unexpected error in _crawl_web at line 1205 in _crawl_web (../../.pyenv/versions/3.12.6/lib/python3.12/site-packages/crawl4ai/async_crawler_strategy.py):\nError: Failed on navigating ACS-GOTO:\nPage.goto: net::ERR_FAILED at https://www.bolton.ac.uk/assets/Uploads/Health-Safety-Policy-approved-16.11.2021.pdf\nCall log:\n  - navigating to "https://www.bolton.ac.uk/assets/Uploads/Health-Safety-Policy-approved-16.11.2021.pdf", waiting until "domcontentloaded"\n\n\nCode context:\n1200   \n1201                       response = await page.goto(\n1202                           url, wait_until=config.wait_until, timeout=config.page_timeout\n1203                       )\n1204                   except Error as e:\n1205 →                     raise RuntimeError(f"Failed on navigating ACS-GOTO:\\n{str(e)}")\n1206   \n1207                   await self.execute_hook("after_goto", page, context=context, url=url, response=response)\n1208   \n1209                   if response is None:\n1210                       status_code = 200' session_id=None response_headers=None status_code=None ssl_certificate=None


Failed to crawl: https://www.bolton.ac.uk/assets/Uploads/Portable-Electrical-Equipment-22-03-23.pdf
Result: url='https://www.bolton.ac.uk/assets/Uploads/Portable-Electrical-Equipment-22-03-23.pdf' html='' success=False cleaned_html=None media={} links={} downloaded_files=None screenshot=None pdf=None markdown=None markdown_v2=None fit_markdown=None fit_html=None extracted_content=None metadata=None error_message='Unexpected error in _crawl_web at line 1205 in _crawl_web (../../.pyenv/versions/3.12.6/lib/python3.12/site-packages/crawl4ai/async_crawler_strategy.py):\nError: Failed on navigating ACS-GOTO:\nPage.goto: net::ERR_FAILED at https://www.bolton.ac.uk/assets/Uploads/Portable-Electrical-Equipment-22-03-23.pdf\nCall log:\n  - navigating to "https://www.bolton.ac.uk/assets/Uploads/Portable-Electrical-Equipment-22-03-23.pdf", waiting until "domcontentloaded"\n\n\nCode context:\n1200   \n1201                       response = await page.goto(\n1202                           url, wait_until=config.wait_until, timeout=config.page_timeout\n1203                       )\n1204                   except Error as e:\n1205 →                     raise RuntimeError(f"Failed on navigating ACS-GOTO:\\n{str(e)}")\n1206   \n1207                   await self.execute_hook("after_goto", page, context=context, url=url, response=response)\n1208   \n1209                   if response is None:\n1210                       status_code = 200' session_id=None response_headers=None status_code=None ssl_certificate=None


Failed to crawl: https://www.bolton.ac.uk/assets/Uploads/Intellectual-Property-Policy.pdf
Result: url='https://www.bolton.ac.uk/assets/Uploads/Intellectual-Property-Policy.pdf' html='' success=False cleaned_html=None media={} links={} downloaded_files=None screenshot=None pdf=None markdown=None markdown_v2=None fit_markdown=None fit_html=None extracted_content=None metadata=None error_message='Unexpected error in _crawl_web at line 1205 in _crawl_web (../../.pyenv/versions/3.12.6/lib/python3.12/site-packages/crawl4ai/async_crawler_strategy.py):\nError: Failed on navigating ACS-GOTO:\nPage.goto: net::ERR_FAILED at https://www.bolton.ac.uk/assets/Uploads/Intellectual-Property-Policy.pdf\nCall log:\n  - navigating to "https://www.bolton.ac.uk/assets/Uploads/Intellectual-Property-Policy.pdf", waiting until "domcontentloaded"\n\n\nCode context:\n1200   \n1201                       response = await page.goto(\n1202                           url, wait_until=config.wait_until, timeout=config.page_timeout\n1203                       )\n1204                   except Error as e:\n1205 →                     raise RuntimeError(f"Failed on navigating ACS-GOTO:\\n{str(e)}")\n1206   \n1207                   await self.execute_hook("after_goto", page, context=context, url=url, response=response)\n1208   \n1209                   if response is None:\n1210                       status_code = 200' session_id=None response_headers=None status_code=None ssl_certificate=None


Failed to crawl: https://www.bolton.ac.uk/assets/Uploads/Disciplinary-Procedure-for-Designated-Senior-Post-Holders.pdf
Result: url='https://www.bolton.ac.uk/assets/Uploads/Disciplinary-Procedure-for-Designated-Senior-Post-Holders.pdf' html='' success=False cleaned_html=None media={} links={} downloaded_files=None screenshot=None pdf=None markdown=None markdown_v2=None fit_markdown=None fit_html=None extracted_content=None metadata=None error_message='Unexpected error in _crawl_web at line 1205 in _crawl_web (../../.pyenv/versions/3.12.6/lib/python3.12/site-packages/crawl4ai/async_crawler_strategy.py):\nError: Failed on navigating ACS-GOTO:\nPage.goto: net::ERR_FAILED at https://www.bolton.ac.uk/assets/Uploads/Disciplinary-Procedure-for-Designated-Senior-Post-Holders.pdf\nCall log:\n  - navigating to "https://www.bolton.ac.uk/assets/Uploads/Disciplinary-Procedure-for-Designated-Senior-Post-Holders.pdf", waiting until "domcontentloaded"\n\n\nCode context:\n1200   \n1201                       response = await page.goto(\n1202                           url, wait_until=config.wait_until, timeout=config.page_timeout\n1203                       )\n1204                   except Error as e:\n1205 →                     raise RuntimeError(f"Failed on navigating ACS-GOTO:\\n{str(e)}")\n1206   \n1207                   await self.execute_hook("after_goto", page, context=context, url=url, response=response)\n1208   \n1209                   if response is None:\n1210                       status_code = 200' session_id=None response_headers=None status_code=None ssl_certificate=None


Failed to crawl: https://www.bolton.ac.uk/assets/Uploads/StaffDisciplinaryProcedure.pdf
Result: url='https://www.bolton.ac.uk/assets/Uploads/StaffDisciplinaryProcedure.pdf' html='' success=False cleaned_html=None media={} links={} downloaded_files=None screenshot=None pdf=None markdown=None markdown_v2=None fit_markdown=None fit_html=None extracted_content=None metadata=None error_message='Unexpected error in _crawl_web at line 1205 in _crawl_web (../../.pyenv/versions/3.12.6/lib/python3.12/site-packages/crawl4ai/async_crawler_strategy.py):\nError: Failed on navigating ACS-GOTO:\nPage.goto: net::ERR_FAILED at https://www.bolton.ac.uk/assets/Uploads/StaffDisciplinaryProcedure.pdf\nCall log:\n  - navigating to "https://www.bolton.ac.uk/assets/Uploads/StaffDisciplinaryProcedure.pdf", waiting until "domcontentloaded"\n\n\nCode context:\n1200   \n1201                       response = await page.goto(\n1202                           url, wait_until=config.wait_until, timeout=config.page_timeout\n1203                       )\n1204                   except Error as e:\n1205 →                     raise RuntimeError(f"Failed on navigating ACS-GOTO:\\n{str(e)}")\n1206   \n1207                   await self.execute_hook("after_goto", page, context=context, url=url, response=response)\n1208   \n1209                   if response is None:\n1210                       status_code = 200' session_id=None response_headers=None status_code=None ssl_certificate=None


Failed to crawl: https://www.bolton.ac.uk/assets/Uploads/StaffGrievanceProcedure.pdf
Result: url='https://www.bolton.ac.uk/assets/Uploads/StaffGrievanceProcedure.pdf' html='' success=False cleaned_html=None media={} links={} downloaded_files=None screenshot=None pdf=None markdown=None markdown_v2=None fit_markdown=None fit_html=None extracted_content=None metadata=None error_message='Unexpected error in _crawl_web at line 1205 in _crawl_web (../../.pyenv/versions/3.12.6/lib/python3.12/site-packages/crawl4ai/async_crawler_strategy.py):\nError: Failed on navigating ACS-GOTO:\nPage.goto: net::ERR_FAILED at https://www.bolton.ac.uk/assets/Uploads/StaffGrievanceProcedure.pdf\nCall log:\n  - navigating to "https://www.bolton.ac.uk/assets/Uploads/StaffGrievanceProcedure.pdf", waiting until "domcontentloaded"\n\n\nCode context:\n1200   \n1201                       response = await page.goto(\n1202                           url, wait_until=config.wait_until, timeout=config.page_timeout\n1203                       )\n1204                   except Error as e:\n1205 →                     raise RuntimeError(f"Failed on navigating ACS-GOTO:\\n{str(e)}")\n1206   \n1207                   await self.execute_hook("after_goto", page, context=context, url=url, response=response)\n1208   \n1209                   if response is None:\n1210                       status_code = 200' session_id=None response_headers=None status_code=None ssl_certificate=None


Failed to crawl: https://www.bolton.ac.uk/assets/Uploads/Student-Non-Academic-Conduct-and-Disciplinary-Policy-and-Procedure-2017-18.pdf
Result: url='https://www.bolton.ac.uk/assets/Uploads/Student-Non-Academic-Conduct-and-Disciplinary-Policy-and-Procedure-2017-18.pdf' html='' success=False cleaned_html=None media={} links={} downloaded_files=None screenshot=None pdf=None markdown=None markdown_v2=None fit_markdown=None fit_html=None extracted_content=None metadata=None error_message='Unexpected error in _crawl_web at line 1205 in _crawl_web (../../.pyenv/versions/3.12.6/lib/python3.12/site-packages/crawl4ai/async_crawler_strategy.py):\nError: Failed on navigating ACS-GOTO:\nPage.goto: net::ERR_FAILED at https://www.bolton.ac.uk/assets/Uploads/Student-Non-Academic-Conduct-and-Disciplinary-Policy-and-Procedure-2017-18.pdf\nCall log:\n  - navigating to "https://www.bolton.ac.uk/assets/Uploads/Student-Non-Academic-Conduct-and-Disciplinary-Policy-and-Procedure-2017-18.pdf", waiting until "domcontentloaded"\n\n\nCode context:\n1200   \n1201                       response = await page.goto(\n1202                           url, wait_until=config.wait_until, timeout=config.page_timeout\n1203                       )\n1204                   except Error as e:\n1205 →                     raise RuntimeError(f"Failed on navigating ACS-GOTO:\\n{str(e)}")\n1206   \n1207                   await self.execute_hook("after_goto", page, context=context, url=url, response=response)\n1208   \n1209                   if response is None:\n1210                       status_code = 200' session_id=None response_headers=None status_code=None ssl_certificate=None


Failed to crawl: https://www.bolton.ac.uk/assets/Uploads/Donations-Policy.pdf
Result: url='https://www.bolton.ac.uk/assets/Uploads/Donations-Policy.pdf' html='' success=False cleaned_html=None media={} links={} downloaded_files=None screenshot=None pdf=None markdown=None markdown_v2=None fit_markdown=None fit_html=None extracted_content=None metadata=None error_message='Unexpected error in _crawl_web at line 1205 in _crawl_web (../../.pyenv/versions/3.12.6/lib/python3.12/site-packages/crawl4ai/async_crawler_strategy.py):\nError: Failed on navigating ACS-GOTO:\nPage.goto: net::ERR_FAILED at https://www.bolton.ac.uk/assets/Uploads/Donations-Policy.pdf\nCall log:\n  - navigating to "https://www.bolton.ac.uk/assets/Uploads/Donations-Policy.pdf", waiting until "domcontentloaded"\n\n\nCode context:\n1200   \n1201                       response = await page.goto(\n1202                           url, wait_until=config.wait_until, timeout=config.page_timeout\n1203                       )\n1204                   except Error as e:\n1205 →                     raise RuntimeError(f"Failed on navigating ACS-GOTO:\\n{str(e)}")\n1206   \n1207                   await self.execute_hook("after_goto", page, context=context, url=url, response=response)\n1208   \n1209                   if response is None:\n1210                       status_code = 200' session_id=None response_headers=None status_code=None ssl_certificate=None


Failed to crawl: https://www.bolton.ac.uk/assets/Uploads/University-Committee-Structure-2022.pdf
Result: url='https://www.bolton.ac.uk/assets/Uploads/University-Committee-Structure-2022.pdf' html='' success=False cleaned_html=None media={} links={} downloaded_files=None screenshot=None pdf=None markdown=None markdown_v2=None fit_markdown=None fit_html=None extracted_content=None metadata=None error_message='Unexpected error in _crawl_web at line 1205 in _crawl_web (../../.pyenv/versions/3.12.6/lib/python3.12/site-packages/crawl4ai/async_crawler_strategy.py):\nError: Failed on navigating ACS-GOTO:\nPage.goto: net::ERR_FAILED at https://www.bolton.ac.uk/assets/Uploads/University-Committee-Structure-2022.pdf\nCall log:\n  - navigating to "https://www.bolton.ac.uk/assets/Uploads/University-Committee-Structure-2022.pdf", waiting until "domcontentloaded"\n\n\nCode context:\n1200   \n1201                       response = await page.goto(\n1202                           url, wait_until=config.wait_until, timeout=config.page_timeout\n1203                       )\n1204                   except Error as e:\n1205 →                     raise RuntimeError(f"Failed on navigating ACS-GOTO:\\n{str(e)}")\n1206   \n1207                   await self.execute_hook("after_goto", page, context=context, url=url, response=response)\n1208   \n1209                   if response is None:\n1210                       status_code = 200' session_id=None response_headers=None status_code=None ssl_certificate=None


Failed to crawl: https://www.bolton.ac.uk/assets/Uploads/The-University-Structure-February-2023.pdf
Result: url='https://www.bolton.ac.uk/assets/Uploads/The-University-Structure-February-2023.pdf' html='' success=False cleaned_html=None media={} links={} downloaded_files=None screenshot=None pdf=None markdown=None markdown_v2=None fit_markdown=None fit_html=None extracted_content=None metadata=None error_message='Unexpected error in _crawl_web at line 1205 in _crawl_web (../../.pyenv/versions/3.12.6/lib/python3.12/site-packages/crawl4ai/async_crawler_strategy.py):\nError: Failed on navigating ACS-GOTO:\nPage.goto: net::ERR_FAILED at https://www.bolton.ac.uk/assets/Uploads/The-University-Structure-February-2023.pdf\nCall log:\n  - navigating to "https://www.bolton.ac.uk/assets/Uploads/The-University-Structure-February-2023.pdf", waiting until "domcontentloaded"\n\n\nCode context:\n1200   \n1201                       response = await page.goto(\n1202                           url, wait_until=config.wait_until, timeout=config.page_timeout\n1203                       )\n1204                   except Error as e:\n1205 →                     raise RuntimeError(f"Failed on navigating ACS-GOTO:\\n{str(e)}")\n1206   \n1207                   await self.execute_hook("after_goto", page, context=context, url=url, response=response)\n1208   \n1209                   if response is None:\n1210                       status_code = 200' session_id=None response_headers=None status_code=None ssl_certificate=None


Failed to crawl: https://www.bolton.ac.uk/assets/Protocol-for-the-Reporting-of-Assurance-Returns-from-Group-Subsidiaries-to-the-University-Board.pdf
Result: url='https://www.bolton.ac.uk/assets/Protocol-for-the-Reporting-of-Assurance-Returns-from-Group-Subsidiaries-to-the-University-Board.pdf' html='' success=False cleaned_html=None media={} links={} downloaded_files=None screenshot=None pdf=None markdown=None markdown_v2=None fit_markdown=None fit_html=None extracted_content=None metadata=None error_message='Unexpected error in _crawl_web at line 1205 in _crawl_web (../../.pyenv/versions/3.12.6/lib/python3.12/site-packages/crawl4ai/async_crawler_strategy.py):\nError: Failed on navigating ACS-GOTO:\nPage.goto: net::ERR_FAILED at https://www.bolton.ac.uk/assets/Protocol-for-the-Reporting-of-Assurance-Returns-from-Group-Subsidiaries-to-the-University-Board.pdf\nCall log:\n  - navigating to "https://www.bolton.ac.uk/assets/Protocol-for-the-Reporting-of-Assurance-Returns-from-Group-Subsidiaries-to-the-University-Board.pdf", waiting until "domcontentloaded"\n\n\nCode context:\n1200   \n1201                       response = await page.goto(\n1202                           url, wait_until=config.wait_until, timeout=config.page_timeout\n1203                       )\n1204                   except Error as e:\n1205 →                     raise RuntimeError(f"Failed on navigating ACS-GOTO:\\n{str(e)}")\n1206   \n1207                   await self.execute_hook("after_goto", page, context=context, url=url, response=response)\n1208   \n1209                   if response is None:\n1210                       status_code = 200' session_id=None response_headers=None status_code=None ssl_certificate=None


Failed to crawl: https://www.bolton.ac.uk/assets/Uploads/UOB-COVID-19-PRIVACY-NOTICE-ADDENDUM.pdf
Result: url='https://www.bolton.ac.uk/assets/Uploads/UOB-COVID-19-PRIVACY-NOTICE-ADDENDUM.pdf' html='' success=False cleaned_html=None media={} links={} downloaded_files=None screenshot=None pdf=None markdown=None markdown_v2=None fit_markdown=None fit_html=None extracted_content=None metadata=None error_message='Unexpected error in _crawl_web at line 1205 in _crawl_web (../../.pyenv/versions/3.12.6/lib/python3.12/site-packages/crawl4ai/async_crawler_strategy.py):\nError: Failed on navigating ACS-GOTO:\nPage.goto: net::ERR_FAILED at https://www.bolton.ac.uk/assets/Uploads/UOB-COVID-19-PRIVACY-NOTICE-ADDENDUM.pdf\nCall log:\n  - navigating to "https://www.bolton.ac.uk/assets/Uploads/UOB-COVID-19-PRIVACY-NOTICE-ADDENDUM.pdf", waiting until "domcontentloaded"\n\n\nCode context:\n1200   \n1201                       response = await page.goto(\n1202                           url, wait_until=config.wait_until, timeout=config.page_timeout\n1203                       )\n1204                   except Error as e:\n1205 →                     raise RuntimeError(f"Failed on navigating ACS-GOTO:\\n{str(e)}")\n1206   \n1207                   await self.execute_hook("after_goto", page, context=context, url=url, response=response)\n1208   \n1209                   if response is None:\n1210                       status_code = 200' session_id=None response_headers=None status_code=None ssl_certificate=None


Failed to crawl: https://www.bolton.ac.uk/assets/Uploads/UOB-COVID-19-ASYMPTOMATIC-TESTING-PRIVACY-NOTICE-2.pdf
Result: url='https://www.bolton.ac.uk/assets/Uploads/UOB-COVID-19-ASYMPTOMATIC-TESTING-PRIVACY-NOTICE-2.pdf' html='' success=False cleaned_html=None media={} links={} downloaded_files=None screenshot=None pdf=None markdown=None markdown_v2=None fit_markdown=None fit_html=None extracted_content=None metadata=None error_message='Unexpected error in _crawl_web at line 1205 in _crawl_web (../../.pyenv/versions/3.12.6/lib/python3.12/site-packages/crawl4ai/async_crawler_strategy.py):\nError: Failed on navigating ACS-GOTO:\nPage.goto: net::ERR_FAILED at https://www.bolton.ac.uk/assets/Uploads/UOB-COVID-19-ASYMPTOMATIC-TESTING-PRIVACY-NOTICE-2.pdf\nCall log:\n  - navigating to "https://www.bolton.ac.uk/assets/Uploads/UOB-COVID-19-ASYMPTOMATIC-TESTING-PRIVACY-NOTICE-2.pdf", waiting until "domcontentloaded"\n\n\nCode context:\n1200   \n1201                       response = await page.goto(\n1202                           url, wait_until=config.wait_until, timeout=config.page_timeout\n1203                       )\n1204                   except Error as e:\n1205 →                     raise RuntimeError(f"Failed on navigating ACS-GOTO:\\n{str(e)}")\n1206   \n1207                   await self.execute_hook("after_goto", page, context=context, url=url, response=response)\n1208   \n1209                   if response is None:\n1210                       status_code = 200' session_id=None response_headers=None status_code=None ssl_certificate=None


Failed to crawl: https://www.bolton.ac.uk/assets/Uploads/Data-Protection-Policy-2018.pdf
Result: url='https://www.bolton.ac.uk/assets/Uploads/Data-Protection-Policy-2018.pdf' html='' success=False cleaned_html=None media={} links={} downloaded_files=None screenshot=None pdf=None markdown=None markdown_v2=None fit_markdown=None fit_html=None extracted_content=None metadata=None error_message='Unexpected error in _crawl_web at line 1205 in _crawl_web (../../.pyenv/versions/3.12.6/lib/python3.12/site-packages/crawl4ai/async_crawler_strategy.py):\nError: Failed on navigating ACS-GOTO:\nPage.goto: net::ERR_FAILED at https://www.bolton.ac.uk/assets/Uploads/Data-Protection-Policy-2018.pdf\nCall log:\n  - navigating to "https://www.bolton.ac.uk/assets/Uploads/Data-Protection-Policy-2018.pdf", waiting until "domcontentloaded"\n\n\nCode context:\n1200   \n1201                       response = await page.goto(\n1202                           url, wait_until=config.wait_until, timeout=config.page_timeout\n1203                       )\n1204                   except Error as e:\n1205 →                     raise RuntimeError(f"Failed on navigating ACS-GOTO:\\n{str(e)}")\n1206   \n1207                   await self.execute_hook("after_goto", page, context=context, url=url, response=response)\n1208   \n1209                   if response is None:\n1210                       status_code = 200' session_id=None response_headers=None status_code=None ssl_certificate=None


Failed to crawl: https://www.bolton.ac.uk/assets/Uploads/Student-Privacy-Notice-2021-22-v2.pdf
Result: url='https://www.bolton.ac.uk/assets/Uploads/Student-Privacy-Notice-2021-22-v2.pdf' html='' success=False cleaned_html=None media={} links={} downloaded_files=None screenshot=None pdf=None markdown=None markdown_v2=None fit_markdown=None fit_html=None extracted_content=None metadata=None error_message='Unexpected error in _crawl_web at line 1205 in _crawl_web (../../.pyenv/versions/3.12.6/lib/python3.12/site-packages/crawl4ai/async_crawler_strategy.py):\nError: Failed on navigating ACS-GOTO:\nPage.goto: net::ERR_FAILED at https://www.bolton.ac.uk/assets/Uploads/Student-Privacy-Notice-2021-22-v2.pdf\nCall log:\n  - navigating to "https://www.bolton.ac.uk/assets/Uploads/Student-Privacy-Notice-2021-22-v2.pdf", waiting until "domcontentloaded"\n\n\nCode context:\n1200   \n1201                       response = await page.goto(\n1202                           url, wait_until=config.wait_until, timeout=config.page_timeout\n1203                       )\n1204                   except Error as e:\n1205 →                     raise RuntimeError(f"Failed on navigating ACS-GOTO:\\n{str(e)}")\n1206   \n1207                   await self.execute_hook("after_goto", page, context=context, url=url, response=response)\n1208   \n1209                   if response is None:\n1210                       status_code = 200' session_id=None response_headers=None status_code=None ssl_certificate=None


Failed to crawl: https://www.bolton.ac.uk/assets/Uploads/STAFF-PRIVACY-NOTICE-Feb-2019-1.pdf
Result: url='https://www.bolton.ac.uk/assets/Uploads/STAFF-PRIVACY-NOTICE-Feb-2019-1.pdf' html='' success=False cleaned_html=None media={} links={} downloaded_files=None screenshot=None pdf=None markdown=None markdown_v2=None fit_markdown=None fit_html=None extracted_content=None metadata=None error_message='Unexpected error in _crawl_web at line 1205 in _crawl_web (../../.pyenv/versions/3.12.6/lib/python3.12/site-packages/crawl4ai/async_crawler_strategy.py):\nError: Failed on navigating ACS-GOTO:\nPage.goto: net::ERR_FAILED at https://www.bolton.ac.uk/assets/Uploads/STAFF-PRIVACY-NOTICE-Feb-2019-1.pdf\nCall log:\n  - navigating to "https://www.bolton.ac.uk/assets/Uploads/STAFF-PRIVACY-NOTICE-Feb-2019-1.pdf", waiting until "domcontentloaded"\n\n\nCode context:\n1200   \n1201                       response = await page.goto(\n1202                           url, wait_until=config.wait_until, timeout=config.page_timeout\n1203                       )\n1204                   except Error as e:\n1205 →                     raise RuntimeError(f"Failed on navigating ACS-GOTO:\\n{str(e)}")\n1206   \n1207                   await self.execute_hook("after_goto", page, context=context, url=url, response=response)\n1208   \n1209                   if response is None:\n1210                       status_code = 200' session_id=None response_headers=None status_code=None ssl_certificate=None


Failed to crawl: https://www.bolton.ac.uk/assets/Uploads/GRADUATION-PRIVACY-NOTICE-Feb-2019.pdf
Result: url='https://www.bolton.ac.uk/assets/Uploads/GRADUATION-PRIVACY-NOTICE-Feb-2019.pdf' html='' success=False cleaned_html=None media={} links={} downloaded_files=None screenshot=None pdf=None markdown=None markdown_v2=None fit_markdown=None fit_html=None extracted_content=None metadata=None error_message='Unexpected error in _crawl_web at line 1205 in _crawl_web (../../.pyenv/versions/3.12.6/lib/python3.12/site-packages/crawl4ai/async_crawler_strategy.py):\nError: Failed on navigating ACS-GOTO:\nPage.goto: net::ERR_FAILED at https://www.bolton.ac.uk/assets/Uploads/GRADUATION-PRIVACY-NOTICE-Feb-2019.pdf\nCall log:\n  - navigating to "https://www.bolton.ac.uk/assets/Uploads/GRADUATION-PRIVACY-NOTICE-Feb-2019.pdf", waiting until "domcontentloaded"\n\n\nCode context:\n1200   \n1201                       response = await page.goto(\n1202                           url, wait_until=config.wait_until, timeout=config.page_timeout\n1203                       )\n1204                   except Error as e:\n1205 →                     raise RuntimeError(f"Failed on navigating ACS-GOTO:\\n{str(e)}")\n1206   \n1207                   await self.execute_hook("after_goto", page, context=context, url=url, response=response)\n1208   \n1209                   if response is None:\n1210                       status_code = 200' session_id=None response_headers=None status_code=None ssl_certificate=None


Failed to crawl: https://www.bolton.ac.uk/assets/Uploads/UOB-Legal-Advice-Centre-Privacy-Notice-2019-1.pdf
Result: url='https://www.bolton.ac.uk/assets/Uploads/UOB-Legal-Advice-Centre-Privacy-Notice-2019-1.pdf' html='' success=False cleaned_html=None media={} links={} downloaded_files=None screenshot=None pdf=None markdown=None markdown_v2=None fit_markdown=None fit_html=None extracted_content=None metadata=None error_message='Unexpected error in _crawl_web at line 1205 in _crawl_web (../../.pyenv/versions/3.12.6/lib/python3.12/site-packages/crawl4ai/async_crawler_strategy.py):\nError: Failed on navigating ACS-GOTO:\nPage.goto: net::ERR_FAILED at https://www.bolton.ac.uk/assets/Uploads/UOB-Legal-Advice-Centre-Privacy-Notice-2019-1.pdf\nCall log:\n  - navigating to "https://www.bolton.ac.uk/assets/Uploads/UOB-Legal-Advice-Centre-Privacy-Notice-2019-1.pdf", waiting until "domcontentloaded"\n\n\nCode context:\n1200   \n1201                       response = await page.goto(\n1202                           url, wait_until=config.wait_until, timeout=config.page_timeout\n1203                       )\n1204                   except Error as e:\n1205 →                     raise RuntimeError(f"Failed on navigating ACS-GOTO:\\n{str(e)}")\n1206   \n1207                   await self.execute_hook("after_goto", page, context=context, url=url, response=response)\n1208   \n1209                   if response is None:\n1210                       status_code = 200' session_id=None response_headers=None status_code=None ssl_certificate=None


Failed to crawl: https://www.bolton.ac.uk/assets/Uploads/Board-of-Governors-Privacy-Notice.pdf
Result: url='https://www.bolton.ac.uk/assets/Uploads/Board-of-Governors-Privacy-Notice.pdf' html='' success=False cleaned_html=None media={} links={} downloaded_files=None screenshot=None pdf=None markdown=None markdown_v2=None fit_markdown=None fit_html=None extracted_content=None metadata=None error_message='Unexpected error in _crawl_web at line 1205 in _crawl_web (../../.pyenv/versions/3.12.6/lib/python3.12/site-packages/crawl4ai/async_crawler_strategy.py):\nError: Failed on navigating ACS-GOTO:\nPage.goto: net::ERR_FAILED at https://www.bolton.ac.uk/assets/Uploads/Board-of-Governors-Privacy-Notice.pdf\nCall log:\n  - navigating to "https://www.bolton.ac.uk/assets/Uploads/Board-of-Governors-Privacy-Notice.pdf", waiting until "domcontentloaded"\n\n\nCode context:\n1200   \n1201                       response = await page.goto(\n1202                           url, wait_until=config.wait_until, timeout=config.page_timeout\n1203                       )\n1204                   except Error as e:\n1205 →                     raise RuntimeError(f"Failed on navigating ACS-GOTO:\\n{str(e)}")\n1206   \n1207                   await self.execute_hook("after_goto", page, context=context, url=url, response=response)\n1208   \n1209                   if response is None:\n1210                       status_code = 200' session_id=None response_headers=None status_code=None ssl_certificate=None


Failed to crawl: https://www.bolton.ac.uk/assets/Uploads/UoB-Privacy-Notice-Connect-Dec-2019.pdf
Result: url='https://www.bolton.ac.uk/assets/Uploads/UoB-Privacy-Notice-Connect-Dec-2019.pdf' html='' success=False cleaned_html=None media={} links={} downloaded_files=None screenshot=None pdf=None markdown=None markdown_v2=None fit_markdown=None fit_html=None extracted_content=None metadata=None error_message='Unexpected error in _crawl_web at line 1205 in _crawl_web (../../.pyenv/versions/3.12.6/lib/python3.12/site-packages/crawl4ai/async_crawler_strategy.py):\nError: Failed on navigating ACS-GOTO:\nPage.goto: net::ERR_FAILED at https://www.bolton.ac.uk/assets/Uploads/UoB-Privacy-Notice-Connect-Dec-2019.pdf\nCall log:\n  - navigating to "https://www.bolton.ac.uk/assets/Uploads/UoB-Privacy-Notice-Connect-Dec-2019.pdf", waiting until "domcontentloaded"\n\n\nCode context:\n1200   \n1201                       response = await page.goto(\n1202                           url, wait_until=config.wait_until, timeout=config.page_timeout\n1203                       )\n1204                   except Error as e:\n1205 →                     raise RuntimeError(f"Failed on navigating ACS-GOTO:\\n{str(e)}")\n1206   \n1207                   await self.execute_hook("after_goto", page, context=context, url=url, response=response)\n1208   \n1209                   if response is None:\n1210                       status_code = 200' session_id=None response_headers=None status_code=None ssl_certificate=None


Failed to crawl: https://www.bolton.ac.uk/assets/Uploads/Privacy-Notice-Greater-Manchester-Health-Social-Care-Partnership.pdf
Result: url='https://www.bolton.ac.uk/assets/Uploads/Privacy-Notice-Greater-Manchester-Health-Social-Care-Partnership.pdf' html='' success=False cleaned_html=None media={} links={} downloaded_files=None screenshot=None pdf=None markdown=None markdown_v2=None fit_markdown=None fit_html=None extracted_content=None metadata=None error_message='Unexpected error in _crawl_web at line 1205 in _crawl_web (../../.pyenv/versions/3.12.6/lib/python3.12/site-packages/crawl4ai/async_crawler_strategy.py):\nError: Failed on navigating ACS-GOTO:\nPage.goto: net::ERR_FAILED at https://www.bolton.ac.uk/assets/Uploads/Privacy-Notice-Greater-Manchester-Health-Social-Care-Partnership.pdf\nCall log:\n  - navigating to "https://www.bolton.ac.uk/assets/Uploads/Privacy-Notice-Greater-Manchester-Health-Social-Care-Partnership.pdf", waiting until "domcontentloaded"\n\n\nCode context:\n1200   \n1201                       response = await page.goto(\n1202                           url, wait_until=config.wait_until, timeout=config.page_timeout\n1203                       )\n1204                   except Error as e:\n1205 →                     raise RuntimeError(f"Failed on navigating ACS-GOTO:\\n{str(e)}")\n1206   \n1207                   await self.execute_hook("after_goto", page, context=context, url=url, response=response)\n1208   \n1209                   if response is None:\n1210                       status_code = 200' session_id=None response_headers=None status_code=None ssl_certificate=None


Failed to crawl: https://www.bolton.ac.uk/assets/Uploads/Records-Retention-and-Disposal-Policy-April-2018.pdf
Result: url='https://www.bolton.ac.uk/assets/Uploads/Records-Retention-and-Disposal-Policy-April-2018.pdf' html='' success=False cleaned_html=None media={} links={} downloaded_files=None screenshot=None pdf=None markdown=None markdown_v2=None fit_markdown=None fit_html=None extracted_content=None metadata=None error_message='Unexpected error in _crawl_web at line 1205 in _crawl_web (../../.pyenv/versions/3.12.6/lib/python3.12/site-packages/crawl4ai/async_crawler_strategy.py):\nError: Failed on navigating ACS-GOTO:\nPage.goto: net::ERR_FAILED at https://www.bolton.ac.uk/assets/Uploads/Records-Retention-and-Disposal-Policy-April-2018.pdf\nCall log:\n  - navigating to "https://www.bolton.ac.uk/assets/Uploads/Records-Retention-and-Disposal-Policy-April-2018.pdf", waiting until "domcontentloaded"\n\n\nCode context:\n1200   \n1201                       response = await page.goto(\n1202                           url, wait_until=config.wait_until, timeout=config.page_timeout\n1203                       )\n1204                   except Error as e:\n1205 →                     raise RuntimeError(f"Failed on navigating ACS-GOTO:\\n{str(e)}")\n1206   \n1207                   await self.execute_hook("after_goto", page, context=context, url=url, response=response)\n1208   \n1209                   if response is None:\n1210                       status_code = 200' session_id=None response_headers=None status_code=None ssl_certificate=None


Failed to crawl: https://www.bolton.ac.uk/assets/Uploads/Records-Retention-Schedule-August-2018.pdf
Result: url='https://www.bolton.ac.uk/assets/Uploads/Records-Retention-Schedule-August-2018.pdf' html='' success=False cleaned_html=None media={} links={} downloaded_files=None screenshot=None pdf=None markdown=None markdown_v2=None fit_markdown=None fit_html=None extracted_content=None metadata=None error_message='Unexpected error in _crawl_web at line 1205 in _crawl_web (../../.pyenv/versions/3.12.6/lib/python3.12/site-packages/crawl4ai/async_crawler_strategy.py):\nError: Failed on navigating ACS-GOTO:\nPage.goto: net::ERR_FAILED at https://www.bolton.ac.uk/assets/Uploads/Records-Retention-Schedule-August-2018.pdf\nCall log:\n  - navigating to "https://www.bolton.ac.uk/assets/Uploads/Records-Retention-Schedule-August-2018.pdf", waiting until "domcontentloaded"\n\n\nCode context:\n1200   \n1201                       response = await page.goto(\n1202                           url, wait_until=config.wait_until, timeout=config.page_timeout\n1203                       )\n1204                   except Error as e:\n1205 →                     raise RuntimeError(f"Failed on navigating ACS-GOTO:\\n{str(e)}")\n1206   \n1207                   await self.execute_hook("after_goto", page, context=context, url=url, response=response)\n1208   \n1209                   if response is None:\n1210                       status_code = 200' session_id=None response_headers=None status_code=None ssl_certificate=None


Failed to crawl: https://www.bolton.ac.uk/assets/Uploads/UoB-Data-Breach-Management-Procedure-April-2018.pdf
Result: url='https://www.bolton.ac.uk/assets/Uploads/UoB-Data-Breach-Management-Procedure-April-2018.pdf' html='' success=False cleaned_html=None media={} links={} downloaded_files=None screenshot=None pdf=None markdown=None markdown_v2=None fit_markdown=None fit_html=None extracted_content=None metadata=None error_message='Unexpected error in _crawl_web at line 1205 in _crawl_web (../../.pyenv/versions/3.12.6/lib/python3.12/site-packages/crawl4ai/async_crawler_strategy.py):\nError: Failed on navigating ACS-GOTO:\nPage.goto: net::ERR_FAILED at https://www.bolton.ac.uk/assets/Uploads/UoB-Data-Breach-Management-Procedure-April-2018.pdf\nCall log:\n  - navigating to "https://www.bolton.ac.uk/assets/Uploads/UoB-Data-Breach-Management-Procedure-April-2018.pdf", waiting until "domcontentloaded"\n\n\nCode context:\n1200   \n1201                       response = await page.goto(\n1202                           url, wait_until=config.wait_until, timeout=config.page_timeout\n1203                       )\n1204                   except Error as e:\n1205 →                     raise RuntimeError(f"Failed on navigating ACS-GOTO:\\n{str(e)}")\n1206   \n1207                   await self.execute_hook("after_goto", page, context=context, url=url, response=response)\n1208   \n1209                   if response is None:\n1210                       status_code = 200' session_id=None response_headers=None status_code=None ssl_certificate=None


Failed to crawl: https://www.bolton.ac.uk/assets/Uploads/Information-Classification-Guidance-April-2018.pdf
Result: url='https://www.bolton.ac.uk/assets/Uploads/Information-Classification-Guidance-April-2018.pdf' html='' success=False cleaned_html=None media={} links={} downloaded_files=None screenshot=None pdf=None markdown=None markdown_v2=None fit_markdown=None fit_html=None extracted_content=None metadata=None error_message='Unexpected error in _crawl_web at line 1205 in _crawl_web (../../.pyenv/versions/3.12.6/lib/python3.12/site-packages/crawl4ai/async_crawler_strategy.py):\nError: Failed on navigating ACS-GOTO:\nPage.goto: net::ERR_FAILED at https://www.bolton.ac.uk/assets/Uploads/Information-Classification-Guidance-April-2018.pdf\nCall log:\n  - navigating to "https://www.bolton.ac.uk/assets/Uploads/Information-Classification-Guidance-April-2018.pdf", waiting until "domcontentloaded"\n\n\nCode context:\n1200   \n1201                       response = await page.goto(\n1202                           url, wait_until=config.wait_until, timeout=config.page_timeout\n1203                       )\n1204                   except Error as e:\n1205 →                     raise RuntimeError(f"Failed on navigating ACS-GOTO:\\n{str(e)}")\n1206   \n1207                   await self.execute_hook("after_goto", page, context=context, url=url, response=response)\n1208   \n1209                   if response is None:\n1210                       status_code = 200' session_id=None response_headers=None status_code=None ssl_certificate=None


Failed to crawl: https://www.bolton.ac.uk/assets/Uploads/Data-Privacy-Impact-Assessment-Guidance-Jan-2018.pdf
Result: url='https://www.bolton.ac.uk/assets/Uploads/Data-Privacy-Impact-Assessment-Guidance-Jan-2018.pdf' html='' success=False cleaned_html=None media={} links={} downloaded_files=None screenshot=None pdf=None markdown=None markdown_v2=None fit_markdown=None fit_html=None extracted_content=None metadata=None error_message='Unexpected error in _crawl_web at line 1205 in _crawl_web (../../.pyenv/versions/3.12.6/lib/python3.12/site-packages/crawl4ai/async_crawler_strategy.py):\nError: Failed on navigating ACS-GOTO:\nPage.goto: net::ERR_FAILED at https://www.bolton.ac.uk/assets/Uploads/Data-Privacy-Impact-Assessment-Guidance-Jan-2018.pdf\nCall log:\n  - navigating to "https://www.bolton.ac.uk/assets/Uploads/Data-Privacy-Impact-Assessment-Guidance-Jan-2018.pdf", waiting until "domcontentloaded"\n\n\nCode context:\n1200   \n1201                       response = await page.goto(\n1202                           url, wait_until=config.wait_until, timeout=config.page_timeout\n1203                       )\n1204                   except Error as e:\n1205 →                     raise RuntimeError(f"Failed on navigating ACS-GOTO:\\n{str(e)}")\n1206   \n1207                   await self.execute_hook("after_goto", page, context=context, url=url, response=response)\n1208   \n1209                   if response is None:\n1210                       status_code = 200' session_id=None response_headers=None status_code=None ssl_certificate=None


Failed to crawl: https://www.bolton.ac.uk/assets/Uploads/Data-Privacy-Impact-Assessment-Template-Jan-2018.pdf
Result: url='https://www.bolton.ac.uk/assets/Uploads/Data-Privacy-Impact-Assessment-Template-Jan-2018.pdf' html='' success=False cleaned_html=None media={} links={} downloaded_files=None screenshot=None pdf=None markdown=None markdown_v2=None fit_markdown=None fit_html=None extracted_content=None metadata=None error_message='Unexpected error in _crawl_web at line 1205 in _crawl_web (../../.pyenv/versions/3.12.6/lib/python3.12/site-packages/crawl4ai/async_crawler_strategy.py):\nError: Failed on navigating ACS-GOTO:\nPage.goto: net::ERR_FAILED at https://www.bolton.ac.uk/assets/Uploads/Data-Privacy-Impact-Assessment-Template-Jan-2018.pdf\nCall log:\n  - navigating to "https://www.bolton.ac.uk/assets/Uploads/Data-Privacy-Impact-Assessment-Template-Jan-2018.pdf", waiting until "domcontentloaded"\n\n\nCode context:\n1200   \n1201                       response = await page.goto(\n1202                           url, wait_until=config.wait_until, timeout=config.page_timeout\n1203                       )\n1204                   except Error as e:\n1205 →                     raise RuntimeError(f"Failed on navigating ACS-GOTO:\\n{str(e)}")\n1206   \n1207                   await self.execute_hook("after_goto", page, context=context, url=url, response=response)\n1208   \n1209                   if response is None:\n1210                       status_code = 200' session_id=None response_headers=None status_code=None ssl_certificate=None


Failed to crawl: https://www.bolton.ac.uk/assets/Uploads/Data-Privacy-by-Design-and-Default-Guidance-June-2019.pdf
Result: url='https://www.bolton.ac.uk/assets/Uploads/Data-Privacy-by-Design-and-Default-Guidance-June-2019.pdf' html='' success=False cleaned_html=None media={} links={} downloaded_files=None screenshot=None pdf=None markdown=None markdown_v2=None fit_markdown=None fit_html=None extracted_content=None metadata=None error_message='Unexpected error in _crawl_web at line 1205 in _crawl_web (../../.pyenv/versions/3.12.6/lib/python3.12/site-packages/crawl4ai/async_crawler_strategy.py):\nError: Failed on navigating ACS-GOTO:\nPage.goto: net::ERR_FAILED at https://www.bolton.ac.uk/assets/Uploads/Data-Privacy-by-Design-and-Default-Guidance-June-2019.pdf\nCall log:\n  - navigating to "https://www.bolton.ac.uk/assets/Uploads/Data-Privacy-by-Design-and-Default-Guidance-June-2019.pdf", waiting until "domcontentloaded"\n\n\nCode context:\n1200   \n1201                       response = await page.goto(\n1202                           url, wait_until=config.wait_until, timeout=config.page_timeout\n1203                       )\n1204                   except Error as e:\n1205 →                     raise RuntimeError(f"Failed on navigating ACS-GOTO:\\n{str(e)}")\n1206   \n1207                   await self.execute_hook("after_goto", page, context=context, url=url, response=response)\n1208   \n1209                   if response is None:\n1210                       status_code = 200' session_id=None response_headers=None status_code=None ssl_certificate=None


Failed to crawl: https://www.bolton.ac.uk/assets/Uploads/Processing-Special-Category-and-Criminal-Conviction-Data.pdf
Result: url='https://www.bolton.ac.uk/assets/Uploads/Processing-Special-Category-and-Criminal-Conviction-Data.pdf' html='' success=False cleaned_html=None media={} links={} downloaded_files=None screenshot=None pdf=None markdown=None markdown_v2=None fit_markdown=None fit_html=None extracted_content=None metadata=None error_message='Unexpected error in _crawl_web at line 1205 in _crawl_web (../../.pyenv/versions/3.12.6/lib/python3.12/site-packages/crawl4ai/async_crawler_strategy.py):\nError: Failed on navigating ACS-GOTO:\nPage.goto: net::ERR_FAILED at https://www.bolton.ac.uk/assets/Uploads/Processing-Special-Category-and-Criminal-Conviction-Data.pdf\nCall log:\n  - navigating to "https://www.bolton.ac.uk/assets/Uploads/Processing-Special-Category-and-Criminal-Conviction-Data.pdf", waiting until "domcontentloaded"\n\n\nCode context:\n1200   \n1201                       response = await page.goto(\n1202                           url, wait_until=config.wait_until, timeout=config.page_timeout\n1203                       )\n1204                   except Error as e:\n1205 →                     raise RuntimeError(f"Failed on navigating ACS-GOTO:\\n{str(e)}")\n1206   \n1207                   await self.execute_hook("after_goto", page, context=context, url=url, response=response)\n1208   \n1209                   if response is None:\n1210                       status_code = 200' session_id=None response_headers=None status_code=None ssl_certificate=None


Failed to crawl: https://www.bolton.ac.uk/assets/Uploads/Subject-Access-Request-Form-2019-20.pdf
Result: url='https://www.bolton.ac.uk/assets/Uploads/Subject-Access-Request-Form-2019-20.pdf' html='' success=False cleaned_html=None media={} links={} downloaded_files=None screenshot=None pdf=None markdown=None markdown_v2=None fit_markdown=None fit_html=None extracted_content=None metadata=None error_message='Unexpected error in _crawl_web at line 1205 in _crawl_web (../../.pyenv/versions/3.12.6/lib/python3.12/site-packages/crawl4ai/async_crawler_strategy.py):\nError: Failed on navigating ACS-GOTO:\nPage.goto: net::ERR_FAILED at https://www.bolton.ac.uk/assets/Uploads/Subject-Access-Request-Form-2019-20.pdf\nCall log:\n  - navigating to "https://www.bolton.ac.uk/assets/Uploads/Subject-Access-Request-Form-2019-20.pdf", waiting until "domcontentloaded"\n\n\nCode context:\n1200   \n1201                       response = await page.goto(\n1202                           url, wait_until=config.wait_until, timeout=config.page_timeout\n1203                       )\n1204                   except Error as e:\n1205 →                     raise RuntimeError(f"Failed on navigating ACS-GOTO:\\n{str(e)}")\n1206   \n1207                   await self.execute_hook("after_goto", page, context=context, url=url, response=response)\n1208   \n1209                   if response is None:\n1210                       status_code = 200' session_id=None response_headers=None status_code=None ssl_certificate=None


Failed to crawl: https://www.bolton.ac.uk/assets/CCTV-footage-request-form.pdf
Result: url='https://www.bolton.ac.uk/assets/CCTV-footage-request-form.pdf' html='' success=False cleaned_html=None media={} links={} downloaded_files=None screenshot=None pdf=None markdown=None markdown_v2=None fit_markdown=None fit_html=None extracted_content=None metadata=None error_message='Unexpected error in _crawl_web at line 1205 in _crawl_web (../../.pyenv/versions/3.12.6/lib/python3.12/site-packages/crawl4ai/async_crawler_strategy.py):\nError: Failed on navigating ACS-GOTO:\nPage.goto: net::ERR_FAILED at https://www.bolton.ac.uk/assets/CCTV-footage-request-form.pdf\nCall log:\n  - navigating to "https://www.bolton.ac.uk/assets/CCTV-footage-request-form.pdf", waiting until "domcontentloaded"\n\n\nCode context:\n1200   \n1201                       response = await page.goto(\n1202                           url, wait_until=config.wait_until, timeout=config.page_timeout\n1203                       )\n1204                   except Error as e:\n1205 →                     raise RuntimeError(f"Failed on navigating ACS-GOTO:\\n{str(e)}")\n1206   \n1207                   await self.execute_hook("after_goto", page, context=context, url=url, response=response)\n1208   \n1209                   if response is None:\n1210                       status_code = 200' session_id=None response_headers=None status_code=None ssl_certificate=None


Failed to crawl: https://www.bolton.ac.uk/assets/Uploads/Data-Sharing-Agreement-2021.pdf
Result: url='https://www.bolton.ac.uk/assets/Uploads/Data-Sharing-Agreement-2021.pdf' html='' success=False cleaned_html=None media={} links={} downloaded_files=None screenshot=None pdf=None markdown=None markdown_v2=None fit_markdown=None fit_html=None extracted_content=None metadata=None error_message='Unexpected error in _crawl_web at line 1205 in _crawl_web (../../.pyenv/versions/3.12.6/lib/python3.12/site-packages/crawl4ai/async_crawler_strategy.py):\nError: Failed on navigating ACS-GOTO:\nPage.goto: net::ERR_FAILED at https://www.bolton.ac.uk/assets/Uploads/Data-Sharing-Agreement-2021.pdf\nCall log:\n  - navigating to "https://www.bolton.ac.uk/assets/Uploads/Data-Sharing-Agreement-2021.pdf", waiting until "domcontentloaded"\n\n\nCode context:\n1200   \n1201                       response = await page.goto(\n1202                           url, wait_until=config.wait_until, timeout=config.page_timeout\n1203                       )\n1204                   except Error as e:\n1205 →                     raise RuntimeError(f"Failed on navigating ACS-GOTO:\\n{str(e)}")\n1206   \n1207                   await self.execute_hook("after_goto", page, context=context, url=url, response=response)\n1208   \n1209                   if response is None:\n1210                       status_code = 200' session_id=None response_headers=None status_code=None ssl_certificate=None


Failed to crawl: https://www.bolton.ac.uk/assets/ALTERNATIVE-GRADUATION-PRIVACY-NOTICE.pdf
Result: url='https://www.bolton.ac.uk/assets/ALTERNATIVE-GRADUATION-PRIVACY-NOTICE.pdf' html='' success=False cleaned_html=None media={} links={} downloaded_files=None screenshot=None pdf=None markdown=None markdown_v2=None fit_markdown=None fit_html=None extracted_content=None metadata=None error_message='Unexpected error in _crawl_web at line 1205 in _crawl_web (../../.pyenv/versions/3.12.6/lib/python3.12/site-packages/crawl4ai/async_crawler_strategy.py):\nError: Failed on navigating ACS-GOTO:\nPage.goto: net::ERR_FAILED at https://www.bolton.ac.uk/assets/ALTERNATIVE-GRADUATION-PRIVACY-NOTICE.pdf\nCall log:\n  - navigating to "https://www.bolton.ac.uk/assets/ALTERNATIVE-GRADUATION-PRIVACY-NOTICE.pdf", waiting until "domcontentloaded"\n\n\nCode context:\n1200   \n1201                       response = await page.goto(\n1202                           url, wait_until=config.wait_until, timeout=config.page_timeout\n1203                       )\n1204                   except Error as e:\n1205 →                     raise RuntimeError(f"Failed on navigating ACS-GOTO:\\n{str(e)}")\n1206   \n1207                   await self.execute_hook("after_goto", page, context=context, url=url, response=response)\n1208   \n1209                   if response is None:\n1210                       status_code = 200' session_id=None response_headers=None status_code=None ssl_certificate=None


Failed to crawl: https://www.bolton.ac.uk/assets/online-store-privacy-notice-oct-2021.pdf
Result: url='https://www.bolton.ac.uk/assets/online-store-privacy-notice-oct-2021.pdf' html='' success=False cleaned_html=None media={} links={} downloaded_files=None screenshot=None pdf=None markdown=None markdown_v2=None fit_markdown=None fit_html=None extracted_content=None metadata=None error_message='Unexpected error in _crawl_web at line 1205 in _crawl_web (../../.pyenv/versions/3.12.6/lib/python3.12/site-packages/crawl4ai/async_crawler_strategy.py):\nError: Failed on navigating ACS-GOTO:\nPage.goto: net::ERR_FAILED at https://www.bolton.ac.uk/assets/online-store-privacy-notice-oct-2021.pdf\nCall log:\n  - navigating to "https://www.bolton.ac.uk/assets/online-store-privacy-notice-oct-2021.pdf", waiting until "domcontentloaded"\n\n\nCode context:\n1200   \n1201                       response = await page.goto(\n1202                           url, wait_until=config.wait_until, timeout=config.page_timeout\n1203                       )\n1204                   except Error as e:\n1205 →                     raise RuntimeError(f"Failed on navigating ACS-GOTO:\\n{str(e)}")\n1206   \n1207                   await self.execute_hook("after_goto", page, context=context, url=url, response=response)\n1208   \n1209                   if response is None:\n1210                       status_code = 200' session_id=None response_headers=None status_code=None ssl_certificate=None


Failed to crawl: https://www.bolton.ac.uk/assets/Uploads/Contacts-list3.pdf
Result: url='https://www.bolton.ac.uk/assets/Uploads/Contacts-list3.pdf' html='' success=False cleaned_html=None media={} links={} downloaded_files=None screenshot=None pdf=None markdown=None markdown_v2=None fit_markdown=None fit_html=None extracted_content=None metadata=None error_message='Unexpected error in _crawl_web at line 1205 in _crawl_web (../../.pyenv/versions/3.12.6/lib/python3.12/site-packages/crawl4ai/async_crawler_strategy.py):\nError: Failed on navigating ACS-GOTO:\nPage.goto: net::ERR_FAILED at https://www.bolton.ac.uk/assets/Uploads/Contacts-list3.pdf\nCall log:\n  - navigating to "https://www.bolton.ac.uk/assets/Uploads/Contacts-list3.pdf", waiting until "domcontentloaded"\n\n\nCode context:\n1200   \n1201                       response = await page.goto(\n1202                           url, wait_until=config.wait_until, timeout=config.page_timeout\n1203                       )\n1204                   except Error as e:\n1205 →                     raise RuntimeError(f"Failed on navigating ACS-GOTO:\\n{str(e)}")\n1206   \n1207                   await self.execute_hook("after_goto", page, context=context, url=url, response=response)\n1208   \n1209                   if response is None:\n1210                       status_code = 200' session_id=None response_headers=None status_code=None ssl_certificate=None


Failed to crawl: https://www.bolton.ac.uk/blogs/how-to-budget-as-a-university-student
Result: url='https://www.bolton.ac.uk/blogs/how-to-budget-as-a-university-student' html='' success=False cleaned_html=None media={} links={} downloaded_files=None screenshot=None pdf=None markdown=None markdown_v2=None fit_markdown=None fit_html=None extracted_content=None metadata=None error_message='Unexpected error in _crawl_web at line 1205 in _crawl_web (../../.pyenv/versions/3.12.6/lib/python3.12/site-packages/crawl4ai/async_crawler_strategy.py):\nError: Failed on navigating ACS-GOTO:\nPage.goto: Timeout 10000ms exceeded.\nCall log:\n  - navigating to "https://www.bolton.ac.uk/blogs/how-to-budget-as-a-university-student", waiting until "domcontentloaded"\n\n\nCode context:\n1200   \n1201                       response = await page.goto(\n1202                           url, wait_until=config.wait_until, timeout=config.page_timeout\n1203                       )\n1204                   except Error as e:\n1205 →                     raise RuntimeError(f"Failed on navigating ACS-GOTO:\\n{str(e)}")\n1206   \n1207                   await self.execute_hook("after_goto", page, context=context, url=url, response=response)\n1208   \n1209                   if response is None:\n1210                       status_code = 200' session_id=None response_headers=None status_code=None ssl_certificate=None


Failed to crawl: https://www.bolton.ac.uk/blogs/what-makes-a-good-accountant
Result: url='https://www.bolton.ac.uk/blogs/what-makes-a-good-accountant' html='' success=False cleaned_html=None media={} links={} downloaded_files=None screenshot=None pdf=None markdown=None markdown_v2=None fit_markdown=None fit_html=None extracted_content=None metadata=None error_message='Unexpected error in _crawl_web at line 1205 in _crawl_web (../../.pyenv/versions/3.12.6/lib/python3.12/site-packages/crawl4ai/async_crawler_strategy.py):\nError: Failed on navigating ACS-GOTO:\nPage.goto: Timeout 10000ms exceeded.\nCall log:\n  - navigating to "https://www.bolton.ac.uk/blogs/what-makes-a-good-accountant", waiting until "domcontentloaded"\n\n\nCode context:\n1200   \n1201                       response = await page.goto(\n1202                           url, wait_until=config.wait_until, timeout=config.page_timeout\n1203                       )\n1204                   except Error as e:\n1205 →                     raise RuntimeError(f"Failed on navigating ACS-GOTO:\\n{str(e)}")\n1206   \n1207                   await self.execute_hook("after_goto", page, context=context, url=url, response=response)\n1208   \n1209                   if response is None:\n1210                       status_code = 200' session_id=None response_headers=None status_code=None ssl_certificate=None


Failed to crawl: https://www.bolton.ac.uk/blogs/fun-facts-you-didnt-know-about-accountancy
Result: url='https://www.bolton.ac.uk/blogs/fun-facts-you-didnt-know-about-accountancy' html='' success=False cleaned_html=None media={} links={} downloaded_files=None screenshot=None pdf=None markdown=None markdown_v2=None fit_markdown=None fit_html=None extracted_content=None metadata=None error_message='Unexpected error in _crawl_web at line 1205 in _crawl_web (../../.pyenv/versions/3.12.6/lib/python3.12/site-packages/crawl4ai/async_crawler_strategy.py):\nError: Failed on navigating ACS-GOTO:\nPage.goto: Timeout 10000ms exceeded.\nCall log:\n  - navigating to "https://www.bolton.ac.uk/blogs/fun-facts-you-didnt-know-about-accountancy", waiting until "domcontentloaded"\n\n\nCode context:\n1200   \n1201                       response = await page.goto(\n1202                           url, wait_until=config.wait_until, timeout=config.page_timeout\n1203                       )\n1204                   except Error as e:\n1205 →                     raise RuntimeError(f"Failed on navigating ACS-GOTO:\\n{str(e)}")\n1206   \n1207                   await self.execute_hook("after_goto", page, context=context, url=url, response=response)\n1208   \n1209                   if response is None:\n1210                       status_code = 200' session_id=None response_headers=None status_code=None ssl_certificate=None


Failed to crawl: https://www.bolton.ac.uk/blogs/what-will-you-study-on-your-animation-and-illustration-degree
Result: url='https://www.bolton.ac.uk/blogs/what-will-you-study-on-your-animation-and-illustration-degree' html='' success=False cleaned_html=None media={} links={} downloaded_files=None screenshot=None pdf=None markdown=None markdown_v2=None fit_markdown=None fit_html=None extracted_content=None metadata=None error_message='Unexpected error in _crawl_web at line 1205 in _crawl_web (../../.pyenv/versions/3.12.6/lib/python3.12/site-packages/crawl4ai/async_crawler_strategy.py):\nError: Failed on navigating ACS-GOTO:\nPage.goto: Timeout 10000ms exceeded.\nCall log:\n  - navigating to "https://www.bolton.ac.uk/blogs/what-will-you-study-on-your-animation-and-illustration-degree", waiting until "domcontentloaded"\n\n\nCode context:\n1200   \n1201                       response = await page.goto(\n1202                           url, wait_until=config.wait_until, timeout=config.page_timeout\n1203                       )\n1204                   except Error as e:\n1205 →                     raise RuntimeError(f"Failed on navigating ACS-GOTO:\\n{str(e)}")\n1206   \n1207                   await self.execute_hook("after_goto", page, context=context, url=url, response=response)\n1208   \n1209                   if response is None:\n1210                       status_code = 200' session_id=None response_headers=None status_code=None ssl_certificate=None


Failed to crawl: https://www.bolton.ac.uk/blogs/why-are-engineers-in-high-demand
Result: url='https://www.bolton.ac.uk/blogs/why-are-engineers-in-high-demand' html='' success=False cleaned_html=None media={} links={} downloaded_files=None screenshot=None pdf=None markdown=None markdown_v2=None fit_markdown=None fit_html=None extracted_content=None metadata=None error_message='Unexpected error in _crawl_web at line 1205 in _crawl_web (../../.pyenv/versions/3.12.6/lib/python3.12/site-packages/crawl4ai/async_crawler_strategy.py):\nError: Failed on navigating ACS-GOTO:\nPage.goto: Timeout 10000ms exceeded.\nCall log:\n  - navigating to "https://www.bolton.ac.uk/blogs/why-are-engineers-in-high-demand", waiting until "domcontentloaded"\n\n\nCode context:\n1200   \n1201                       response = await page.goto(\n1202                           url, wait_until=config.wait_until, timeout=config.page_timeout\n1203                       )\n1204                   except Error as e:\n1205 →                     raise RuntimeError(f"Failed on navigating ACS-GOTO:\\n{str(e)}")\n1206   \n1207                   await self.execute_hook("after_goto", page, context=context, url=url, response=response)\n1208   \n1209                   if response is None:\n1210                       status_code = 200' session_id=None response_headers=None status_code=None ssl_certificate=None


Failed to crawl: https://www.bolton.ac.uk/blogs/biomedical-engineering-innovations-you-need-to-know
Result: url='https://www.bolton.ac.uk/blogs/biomedical-engineering-innovations-you-need-to-know' html='' success=False cleaned_html=None media={} links={} downloaded_files=None screenshot=None pdf=None markdown=None markdown_v2=None fit_markdown=None fit_html=None extracted_content=None metadata=None error_message='Unexpected error in _crawl_web at line 1205 in _crawl_web (../../.pyenv/versions/3.12.6/lib/python3.12/site-packages/crawl4ai/async_crawler_strategy.py):\nError: Failed on navigating ACS-GOTO:\nPage.goto: Timeout 10000ms exceeded.\nCall log:\n  - navigating to "https://www.bolton.ac.uk/blogs/biomedical-engineering-innovations-you-need-to-know", waiting until "domcontentloaded"\n\n\nCode context:\n1200   \n1201                       response = await page.goto(\n1202                           url, wait_until=config.wait_until, timeout=config.page_timeout\n1203                       )\n1204                   except Error as e:\n1205 →                     raise RuntimeError(f"Failed on navigating ACS-GOTO:\\n{str(e)}")\n1206   \n1207                   await self.execute_hook("after_goto", page, context=context, url=url, response=response)\n1208   \n1209                   if response is None:\n1210                       status_code = 200' session_id=None response_headers=None status_code=None ssl_certificate=None


Failed to crawl: https://www.bolton.ac.uk/blogs/a-day-in-the-life-of-a-biomedical-scientist
Result: url='https://www.bolton.ac.uk/blogs/a-day-in-the-life-of-a-biomedical-scientist' html='' success=False cleaned_html=None media={} links={} downloaded_files=None screenshot=None pdf=None markdown=None markdown_v2=None fit_markdown=None fit_html=None extracted_content=None metadata=None error_message='Unexpected error in _crawl_web at line 1205 in _crawl_web (../../.pyenv/versions/3.12.6/lib/python3.12/site-packages/crawl4ai/async_crawler_strategy.py):\nError: Failed on navigating ACS-GOTO:\nPage.goto: Timeout 10000ms exceeded.\nCall log:\n  - navigating to "https://www.bolton.ac.uk/blogs/a-day-in-the-life-of-a-biomedical-scientist", waiting until "domcontentloaded"\n\n\nCode context:\n1200   \n1201                       response = await page.goto(\n1202                           url, wait_until=config.wait_until, timeout=config.page_timeout\n1203                       )\n1204                   except Error as e:\n1205 →                     raise RuntimeError(f"Failed on navigating ACS-GOTO:\\n{str(e)}")\n1206   \n1207                   await self.execute_hook("after_goto", page, context=context, url=url, response=response)\n1208   \n1209                   if response is None:\n1210                       status_code = 200' session_id=None response_headers=None status_code=None ssl_certificate=None


Failed to crawl: https://www.bolton.ac.uk/blogs/becoming-an-entrepreneur-five-steps-to-success
Result: url='https://www.bolton.ac.uk/blogs/becoming-an-entrepreneur-five-steps-to-success' html='' success=False cleaned_html=None media={} links={} downloaded_files=None screenshot=None pdf=None markdown=None markdown_v2=None fit_markdown=None fit_html=None extracted_content=None metadata=None error_message='Unexpected error in _crawl_web at line 1205 in _crawl_web (../../.pyenv/versions/3.12.6/lib/python3.12/site-packages/crawl4ai/async_crawler_strategy.py):\nError: Failed on navigating ACS-GOTO:\nPage.goto: Timeout 10000ms exceeded.\nCall log:\n  - navigating to "https://www.bolton.ac.uk/blogs/becoming-an-entrepreneur-five-steps-to-success", waiting until "domcontentloaded"\n\n\nCode context:\n1200   \n1201                       response = await page.goto(\n1202                           url, wait_until=config.wait_until, timeout=config.page_timeout\n1203                       )\n1204                   except Error as e:\n1205 →                     raise RuntimeError(f"Failed on navigating ACS-GOTO:\\n{str(e)}")\n1206   \n1207                   await self.execute_hook("after_goto", page, context=context, url=url, response=response)\n1208   \n1209                   if response is None:\n1210                       status_code = 200' session_id=None response_headers=None status_code=None ssl_certificate=None


Failed to crawl: https://www.bolton.ac.uk/blogs/is-an-entrepreneur-born-or-made
Result: url='https://www.bolton.ac.uk/blogs/is-an-entrepreneur-born-or-made' html='' success=False cleaned_html=None media={} links={} downloaded_files=None screenshot=None pdf=None markdown=None markdown_v2=None fit_markdown=None fit_html=None extracted_content=None metadata=None error_message='Unexpected error in _crawl_web at line 1205 in _crawl_web (../../.pyenv/versions/3.12.6/lib/python3.12/site-packages/crawl4ai/async_crawler_strategy.py):\nError: Failed on navigating ACS-GOTO:\nPage.goto: Timeout 10000ms exceeded.\nCall log:\n  - navigating to "https://www.bolton.ac.uk/blogs/is-an-entrepreneur-born-or-made", waiting until "domcontentloaded"\n\n\nCode context:\n1200   \n1201                       response = await page.goto(\n1202                           url, wait_until=config.wait_until, timeout=config.page_timeout\n1203                       )\n1204                   except Error as e:\n1205 →                     raise RuntimeError(f"Failed on navigating ACS-GOTO:\\n{str(e)}")\n1206   \n1207                   await self.execute_hook("after_goto", page, context=context, url=url, response=response)\n1208   \n1209                   if response is None:\n1210                       status_code = 200' session_id=None response_headers=None status_code=None ssl_certificate=None


Failed to crawl: https://www.bolton.ac.uk/blogs/have-an-eye-for-design-civil-engineer-may-be-the-degree-for-you
Result: url='https://www.bolton.ac.uk/blogs/have-an-eye-for-design-civil-engineer-may-be-the-degree-for-you' html='' success=False cleaned_html=None media={} links={} downloaded_files=None screenshot=None pdf=None markdown=None markdown_v2=None fit_markdown=None fit_html=None extracted_content=None metadata=None error_message='Unexpected error in _crawl_web at line 1205 in _crawl_web (../../.pyenv/versions/3.12.6/lib/python3.12/site-packages/crawl4ai/async_crawler_strategy.py):\nError: Failed on navigating ACS-GOTO:\nPage.goto: Timeout 10000ms exceeded.\nCall log:\n  - navigating to "https://www.bolton.ac.uk/blogs/have-an-eye-for-design-civil-engineer-may-be-the-degree-for-you", waiting until "domcontentloaded"\n\n\nCode context:\n1200   \n1201                       response = await page.goto(\n1202                           url, wait_until=config.wait_until, timeout=config.page_timeout\n1203                       )\n1204                   except Error as e:\n1205 →                     raise RuntimeError(f"Failed on navigating ACS-GOTO:\\n{str(e)}")\n1206   \n1207                   await self.execute_hook("after_goto", page, context=context, url=url, response=response)\n1208   \n1209                   if response is None:\n1210                       status_code = 200' session_id=None response_headers=None status_code=None ssl_certificate=None


Failed to crawl: https://www.bolton.ac.uk/assets/1-Working-with-young-people-today.pdf
Result: url='https://www.bolton.ac.uk/assets/1-Working-with-young-people-today.pdf' html='' success=False cleaned_html=None media={} links={} downloaded_files=None screenshot=None pdf=None markdown=None markdown_v2=None fit_markdown=None fit_html=None extracted_content=None metadata=None error_message='Unexpected error in _crawl_web at line 1205 in _crawl_web (../../.pyenv/versions/3.12.6/lib/python3.12/site-packages/crawl4ai/async_crawler_strategy.py):\nError: Failed on navigating ACS-GOTO:\nPage.goto: net::ERR_FAILED at https://www.bolton.ac.uk/assets/1-Working-with-young-people-today.pdf\nCall log:\n  - navigating to "https://www.bolton.ac.uk/assets/1-Working-with-young-people-today.pdf", waiting until "domcontentloaded"\n\n\nCode context:\n1200   \n1201                       response = await page.goto(\n1202                           url, wait_until=config.wait_until, timeout=config.page_timeout\n1203                       )\n1204                   except Error as e:\n1205 →                     raise RuntimeError(f"Failed on navigating ACS-GOTO:\\n{str(e)}")\n1206   \n1207                   await self.execute_hook("after_goto", page, context=context, url=url, response=response)\n1208   \n1209                   if response is None:\n1210                       status_code = 200' session_id=None response_headers=None status_code=None ssl_certificate=None


Failed to crawl: https://www.bolton.ac.uk/assets/Employabililty-in-Community-and-Youth-Work.pdf
Result: url='https://www.bolton.ac.uk/assets/Employabililty-in-Community-and-Youth-Work.pdf' html='' success=False cleaned_html=None media={} links={} downloaded_files=None screenshot=None pdf=None markdown=None markdown_v2=None fit_markdown=None fit_html=None extracted_content=None metadata=None error_message='Unexpected error in _crawl_web at line 1205 in _crawl_web (../../.pyenv/versions/3.12.6/lib/python3.12/site-packages/crawl4ai/async_crawler_strategy.py):\nError: Failed on navigating ACS-GOTO:\nPage.goto: net::ERR_FAILED at https://www.bolton.ac.uk/assets/Employabililty-in-Community-and-Youth-Work.pdf\nCall log:\n  - navigating to "https://www.bolton.ac.uk/assets/Employabililty-in-Community-and-Youth-Work.pdf", waiting until "domcontentloaded"\n\n\nCode context:\n1200   \n1201                       response = await page.goto(\n1202                           url, wait_until=config.wait_until, timeout=config.page_timeout\n1203                       )\n1204                   except Error as e:\n1205 →                     raise RuntimeError(f"Failed on navigating ACS-GOTO:\\n{str(e)}")\n1206   \n1207                   await self.execute_hook("after_goto", page, context=context, url=url, response=response)\n1208   \n1209                   if response is None:\n1210                       status_code = 200' session_id=None response_headers=None status_code=None ssl_certificate=None


Failed to crawl: https://www.bolton.ac.uk/assets/Presentation-Making-the-most-out-of-Fieldwork-Placement.pdf
Result: url='https://www.bolton.ac.uk/assets/Presentation-Making-the-most-out-of-Fieldwork-Placement.pdf' html='' success=False cleaned_html=None media={} links={} downloaded_files=None screenshot=None pdf=None markdown=None markdown_v2=None fit_markdown=None fit_html=None extracted_content=None metadata=None error_message='Unexpected error in _crawl_web at line 1205 in _crawl_web (../../.pyenv/versions/3.12.6/lib/python3.12/site-packages/crawl4ai/async_crawler_strategy.py):\nError: Failed on navigating ACS-GOTO:\nPage.goto: net::ERR_FAILED at https://www.bolton.ac.uk/assets/Presentation-Making-the-most-out-of-Fieldwork-Placement.pdf\nCall log:\n  - navigating to "https://www.bolton.ac.uk/assets/Presentation-Making-the-most-out-of-Fieldwork-Placement.pdf", waiting until "domcontentloaded"\n\n\nCode context:\n1200   \n1201                       response = await page.goto(\n1202                           url, wait_until=config.wait_until, timeout=config.page_timeout\n1203                       )\n1204                   except Error as e:\n1205 →                     raise RuntimeError(f"Failed on navigating ACS-GOTO:\\n{str(e)}")\n1206   \n1207                   await self.execute_hook("after_goto", page, context=context, url=url, response=response)\n1208   \n1209                   if response is None:\n1210                       status_code = 200' session_id=None response_headers=None status_code=None ssl_certificate=None


Failed to crawl: https://www.bolton.ac.uk/assets/Presentation-Supporting-Communities.pdf
Result: url='https://www.bolton.ac.uk/assets/Presentation-Supporting-Communities.pdf' html='' success=False cleaned_html=None media={} links={} downloaded_files=None screenshot=None pdf=None markdown=None markdown_v2=None fit_markdown=None fit_html=None extracted_content=None metadata=None error_message='Unexpected error in _crawl_web at line 1205 in _crawl_web (../../.pyenv/versions/3.12.6/lib/python3.12/site-packages/crawl4ai/async_crawler_strategy.py):\nError: Failed on navigating ACS-GOTO:\nPage.goto: net::ERR_FAILED at https://www.bolton.ac.uk/assets/Presentation-Supporting-Communities.pdf\nCall log:\n  - navigating to "https://www.bolton.ac.uk/assets/Presentation-Supporting-Communities.pdf", waiting until "domcontentloaded"\n\n\nCode context:\n1200   \n1201                       response = await page.goto(\n1202                           url, wait_until=config.wait_until, timeout=config.page_timeout\n1203                       )\n1204                   except Error as e:\n1205 →                     raise RuntimeError(f"Failed on navigating ACS-GOTO:\\n{str(e)}")\n1206   \n1207                   await self.execute_hook("after_goto", page, context=context, url=url, response=response)\n1208   \n1209                   if response is None:\n1210                       status_code = 200' session_id=None response_headers=None status_code=None ssl_certificate=None


Failed to crawl: https://www.bolton.ac.uk/assets/Presentation-Specialised-Dental-Technology-Discipline.pdf
Result: url='https://www.bolton.ac.uk/assets/Presentation-Specialised-Dental-Technology-Discipline.pdf' html='' success=False cleaned_html=None media={} links={} downloaded_files=None screenshot=None pdf=None markdown=None markdown_v2=None fit_markdown=None fit_html=None extracted_content=None metadata=None error_message='Unexpected error in _crawl_web at line 1205 in _crawl_web (../../.pyenv/versions/3.12.6/lib/python3.12/site-packages/crawl4ai/async_crawler_strategy.py):\nError: Failed on navigating ACS-GOTO:\nPage.goto: net::ERR_FAILED at https://www.bolton.ac.uk/assets/Presentation-Specialised-Dental-Technology-Discipline.pdf\nCall log:\n  - navigating to "https://www.bolton.ac.uk/assets/Presentation-Specialised-Dental-Technology-Discipline.pdf", waiting until "domcontentloaded"\n\n\nCode context:\n1200   \n1201                       response = await page.goto(\n1202                           url, wait_until=config.wait_until, timeout=config.page_timeout\n1203                       )\n1204                   except Error as e:\n1205 →                     raise RuntimeError(f"Failed on navigating ACS-GOTO:\\n{str(e)}")\n1206   \n1207                   await self.execute_hook("after_goto", page, context=context, url=url, response=response)\n1208   \n1209                   if response is None:\n1210                       status_code = 200' session_id=None response_headers=None status_code=None ssl_certificate=None


Failed to crawl: https://www.bolton.ac.uk/assets/Early-Years-powerpoint-Mcr-College-1.pdf
Result: url='https://www.bolton.ac.uk/assets/Early-Years-powerpoint-Mcr-College-1.pdf' html='' success=False cleaned_html=None media={} links={} downloaded_files=None screenshot=None pdf=None markdown=None markdown_v2=None fit_markdown=None fit_html=None extracted_content=None metadata=None error_message='Unexpected error in _crawl_web at line 1205 in _crawl_web (../../.pyenv/versions/3.12.6/lib/python3.12/site-packages/crawl4ai/async_crawler_strategy.py):\nError: Failed on navigating ACS-GOTO:\nPage.goto: net::ERR_FAILED at https://www.bolton.ac.uk/assets/Early-Years-powerpoint-Mcr-College-1.pdf\nCall log:\n  - navigating to "https://www.bolton.ac.uk/assets/Early-Years-powerpoint-Mcr-College-1.pdf", waiting until "domcontentloaded"\n\n\nCode context:\n1200   \n1201                       response = await page.goto(\n1202                           url, wait_until=config.wait_until, timeout=config.page_timeout\n1203                       )\n1204                   except Error as e:\n1205 →                     raise RuntimeError(f"Failed on navigating ACS-GOTO:\\n{str(e)}")\n1206   \n1207                   await self.execute_hook("after_goto", page, context=context, url=url, response=response)\n1208   \n1209                   if response is None:\n1210                       status_code = 200' session_id=None response_headers=None status_code=None ssl_certificate=None


Failed to crawl: https://www.bolton.ac.uk/assets/Early-Years-Course-Overview.pdf
Result: url='https://www.bolton.ac.uk/assets/Early-Years-Course-Overview.pdf' html='' success=False cleaned_html=None media={} links={} downloaded_files=None screenshot=None pdf=None markdown=None markdown_v2=None fit_markdown=None fit_html=None extracted_content=None metadata=None error_message='Unexpected error in _crawl_web at line 1205 in _crawl_web (../../.pyenv/versions/3.12.6/lib/python3.12/site-packages/crawl4ai/async_crawler_strategy.py):\nError: Failed on navigating ACS-GOTO:\nPage.goto: net::ERR_FAILED at https://www.bolton.ac.uk/assets/Early-Years-Course-Overview.pdf\nCall log:\n  - navigating to "https://www.bolton.ac.uk/assets/Early-Years-Course-Overview.pdf", waiting until "domcontentloaded"\n\n\nCode context:\n1200   \n1201                       response = await page.goto(\n1202                           url, wait_until=config.wait_until, timeout=config.page_timeout\n1203                       )\n1204                   except Error as e:\n1205 →                     raise RuntimeError(f"Failed on navigating ACS-GOTO:\\n{str(e)}")\n1206   \n1207                   await self.execute_hook("after_goto", page, context=context, url=url, response=response)\n1208   \n1209                   if response is None:\n1210                       status_code = 200' session_id=None response_headers=None status_code=None ssl_certificate=None


Failed to crawl: https://www.bolton.ac.uk/assets/Presentation-Define-Childhood.pdf
Result: url='https://www.bolton.ac.uk/assets/Presentation-Define-Childhood.pdf' html='' success=False cleaned_html=None media={} links={} downloaded_files=None screenshot=None pdf=None markdown=None markdown_v2=None fit_markdown=None fit_html=None extracted_content=None metadata=None error_message='Unexpected error in _crawl_web at line 1205 in _crawl_web (../../.pyenv/versions/3.12.6/lib/python3.12/site-packages/crawl4ai/async_crawler_strategy.py):\nError: Failed on navigating ACS-GOTO:\nPage.goto: net::ERR_FAILED at https://www.bolton.ac.uk/assets/Presentation-Define-Childhood.pdf\nCall log:\n  - navigating to "https://www.bolton.ac.uk/assets/Presentation-Define-Childhood.pdf", waiting until "domcontentloaded"\n\n\nCode context:\n1200   \n1201                       response = await page.goto(\n1202                           url, wait_until=config.wait_until, timeout=config.page_timeout\n1203                       )\n1204                   except Error as e:\n1205 →                     raise RuntimeError(f"Failed on navigating ACS-GOTO:\\n{str(e)}")\n1206   \n1207                   await self.execute_hook("after_goto", page, context=context, url=url, response=response)\n1208   \n1209                   if response is None:\n1210                       status_code = 200' session_id=None response_headers=None status_code=None ssl_certificate=None


Failed to crawl: https://www.bolton.ac.uk/assets/Student-placement-handbook-2020-2021-1.pdf
Result: url='https://www.bolton.ac.uk/assets/Student-placement-handbook-2020-2021-1.pdf' html='' success=False cleaned_html=None media={} links={} downloaded_files=None screenshot=None pdf=None markdown=None markdown_v2=None fit_markdown=None fit_html=None extracted_content=None metadata=None error_message='Unexpected error in _crawl_web at line 1205 in _crawl_web (../../.pyenv/versions/3.12.6/lib/python3.12/site-packages/crawl4ai/async_crawler_strategy.py):\nError: Failed on navigating ACS-GOTO:\nPage.goto: net::ERR_FAILED at https://www.bolton.ac.uk/assets/Student-placement-handbook-2020-2021-1.pdf\nCall log:\n  - navigating to "https://www.bolton.ac.uk/assets/Student-placement-handbook-2020-2021-1.pdf", waiting until "domcontentloaded"\n\n\nCode context:\n1200   \n1201                       response = await page.goto(\n1202                           url, wait_until=config.wait_until, timeout=config.page_timeout\n1203                       )\n1204                   except Error as e:\n1205 →                     raise RuntimeError(f"Failed on navigating ACS-GOTO:\\n{str(e)}")\n1206   \n1207                   await self.execute_hook("after_goto", page, context=context, url=url, response=response)\n1208   \n1209                   if response is None:\n1210                       status_code = 200' session_id=None response_headers=None status_code=None ssl_certificate=None


Failed to crawl: https://www.bolton.ac.uk/blogs/games-art-vs-game-design-whats-the-difference
Result: url='https://www.bolton.ac.uk/blogs/games-art-vs-game-design-whats-the-difference' html='' success=False cleaned_html=None media={} links={} downloaded_files=None screenshot=None pdf=None markdown=None markdown_v2=None fit_markdown=None fit_html=None extracted_content=None metadata=None error_message='Unexpected error in _crawl_web at line 1205 in _crawl_web (../../.pyenv/versions/3.12.6/lib/python3.12/site-packages/crawl4ai/async_crawler_strategy.py):\nError: Failed on navigating ACS-GOTO:\nPage.goto: Timeout 10000ms exceeded.\nCall log:\n  - navigating to "https://www.bolton.ac.uk/blogs/games-art-vs-game-design-whats-the-difference", waiting until "domcontentloaded"\n\n\nCode context:\n1200   \n1201                       response = await page.goto(\n1202                           url, wait_until=config.wait_until, timeout=config.page_timeout\n1203                       )\n1204                   except Error as e:\n1205 →                     raise RuntimeError(f"Failed on navigating ACS-GOTO:\\n{str(e)}")\n1206   \n1207                   await self.execute_hook("after_goto", page, context=context, url=url, response=response)\n1208   \n1209                   if response is None:\n1210                       status_code = 200' session_id=None response_headers=None status_code=None ssl_certificate=None


Failed to crawl: https://www.bolton.ac.uk/blogs/the-rise-of-metaverse-gaming-in-2023
Result: url='https://www.bolton.ac.uk/blogs/the-rise-of-metaverse-gaming-in-2023' html='' success=False cleaned_html=None media={} links={} downloaded_files=None screenshot=None pdf=None markdown=None markdown_v2=None fit_markdown=None fit_html=None extracted_content=None metadata=None error_message='Unexpected error in _crawl_web at line 1205 in _crawl_web (../../.pyenv/versions/3.12.6/lib/python3.12/site-packages/crawl4ai/async_crawler_strategy.py):\nError: Failed on navigating ACS-GOTO:\nPage.goto: Timeout 10000ms exceeded.\nCall log:\n  - navigating to "https://www.bolton.ac.uk/blogs/the-rise-of-metaverse-gaming-in-2023", waiting until "domcontentloaded"\n\n\nCode context:\n1200   \n1201                       response = await page.goto(\n1202                           url, wait_until=config.wait_until, timeout=config.page_timeout\n1203                       )\n1204                   except Error as e:\n1205 →                     raise RuntimeError(f"Failed on navigating ACS-GOTO:\\n{str(e)}")\n1206   \n1207                   await self.execute_hook("after_goto", page, context=context, url=url, response=response)\n1208   \n1209                   if response is None:\n1210                       status_code = 200' session_id=None response_headers=None status_code=None ssl_certificate=None


Failed to crawl: https://www.bolton.ac.uk/blogs/what-is-diversity-in-health-and-social-care
Result: url='https://www.bolton.ac.uk/blogs/what-is-diversity-in-health-and-social-care' html='' success=False cleaned_html=None media={} links={} downloaded_files=None screenshot=None pdf=None markdown=None markdown_v2=None fit_markdown=None fit_html=None extracted_content=None metadata=None error_message='Unexpected error in _crawl_web at line 1205 in _crawl_web (../../.pyenv/versions/3.12.6/lib/python3.12/site-packages/crawl4ai/async_crawler_strategy.py):\nError: Failed on navigating ACS-GOTO:\nPage.goto: Timeout 10000ms exceeded.\nCall log:\n  - navigating to "https://www.bolton.ac.uk/blogs/what-is-diversity-in-health-and-social-care", waiting until "domcontentloaded"\n\n\nCode context:\n1200   \n1201                       response = await page.goto(\n1202                           url, wait_until=config.wait_until, timeout=config.page_timeout\n1203                       )\n1204                   except Error as e:\n1205 →                     raise RuntimeError(f"Failed on navigating ACS-GOTO:\\n{str(e)}")\n1206   \n1207                   await self.execute_hook("after_goto", page, context=context, url=url, response=response)\n1208   \n1209                   if response is None:\n1210                       status_code = 200' session_id=None response_headers=None status_code=None ssl_certificate=None


Failed to crawl: https://www.bolton.ac.uk/assets/Example-Student-Article-2-Go-gentle-into-that-goodnight-1-v2.pdf
Result: url='https://www.bolton.ac.uk/assets/Example-Student-Article-2-Go-gentle-into-that-goodnight-1-v2.pdf' html='' success=False cleaned_html=None media={} links={} downloaded_files=None screenshot=None pdf=None markdown=None markdown_v2=None fit_markdown=None fit_html=None extracted_content=None metadata=None error_message='Unexpected error in _crawl_web at line 1205 in _crawl_web (../../.pyenv/versions/3.12.6/lib/python3.12/site-packages/crawl4ai/async_crawler_strategy.py):\nError: Failed on navigating ACS-GOTO:\nPage.goto: net::ERR_FAILED at https://www.bolton.ac.uk/assets/Example-Student-Article-2-Go-gentle-into-that-goodnight-1-v2.pdf\nCall log:\n  - navigating to "https://www.bolton.ac.uk/assets/Example-Student-Article-2-Go-gentle-into-that-goodnight-1-v2.pdf", waiting until "domcontentloaded"\n\n\nCode context:\n1200   \n1201                       response = await page.goto(\n1202                           url, wait_until=config.wait_until, timeout=config.page_timeout\n1203                       )\n1204                   except Error as e:\n1205 →                     raise RuntimeError(f"Failed on navigating ACS-GOTO:\\n{str(e)}")\n1206   \n1207                   await self.execute_hook("after_goto", page, context=context, url=url, response=response)\n1208   \n1209                   if response is None:\n1210                       status_code = 200' session_id=None response_headers=None status_code=None ssl_certificate=None


Failed to crawl: https://www.bolton.ac.uk/blogs/mechanical-engineering-a-fascinating-industry
Result: url='https://www.bolton.ac.uk/blogs/mechanical-engineering-a-fascinating-industry' html='' success=False cleaned_html=None media={} links={} downloaded_files=None screenshot=None pdf=None markdown=None markdown_v2=None fit_markdown=None fit_html=None extracted_content=None metadata=None error_message='Unexpected error in _crawl_web at line 1205 in _crawl_web (../../.pyenv/versions/3.12.6/lib/python3.12/site-packages/crawl4ai/async_crawler_strategy.py):\nError: Failed on navigating ACS-GOTO:\nPage.goto: Timeout 10000ms exceeded.\nCall log:\n  - navigating to "https://www.bolton.ac.uk/blogs/mechanical-engineering-a-fascinating-industry", waiting until "domcontentloaded"\n\n\nCode context:\n1200   \n1201                       response = await page.goto(\n1202                           url, wait_until=config.wait_until, timeout=config.page_timeout\n1203                       )\n1204                   except Error as e:\n1205 →                     raise RuntimeError(f"Failed on navigating ACS-GOTO:\\n{str(e)}")\n1206   \n1207                   await self.execute_hook("after_goto", page, context=context, url=url, response=response)\n1208   \n1209                   if response is None:\n1210                       status_code = 200' session_id=None response_headers=None status_code=None ssl_certificate=None


Failed to crawl: https://www.bolton.ac.uk/blogs/how-to-build-your-photography-portfolio-the-right-way
Result: url='https://www.bolton.ac.uk/blogs/how-to-build-your-photography-portfolio-the-right-way' html='' success=False cleaned_html=None media={} links={} downloaded_files=None screenshot=None pdf=None markdown=None markdown_v2=None fit_markdown=None fit_html=None extracted_content=None metadata=None error_message='Unexpected error in _crawl_web at line 1205 in _crawl_web (../../.pyenv/versions/3.12.6/lib/python3.12/site-packages/crawl4ai/async_crawler_strategy.py):\nError: Failed on navigating ACS-GOTO:\nPage.goto: Timeout 10000ms exceeded.\nCall log:\n  - navigating to "https://www.bolton.ac.uk/blogs/how-to-build-your-photography-portfolio-the-right-way", waiting until "domcontentloaded"\n\n\nCode context:\n1200   \n1201                       response = await page.goto(\n1202                           url, wait_until=config.wait_until, timeout=config.page_timeout\n1203                       )\n1204                   except Error as e:\n1205 →                     raise RuntimeError(f"Failed on navigating ACS-GOTO:\\n{str(e)}")\n1206   \n1207                   await self.execute_hook("after_goto", page, context=context, url=url, response=response)\n1208   \n1209                   if response is None:\n1210                       status_code = 200' session_id=None response_headers=None status_code=None ssl_certificate=None


Failed to crawl: https://www.bolton.ac.uk/blogs/career-opportunities-for-film-and-media-production-graduates
Result: url='https://www.bolton.ac.uk/blogs/career-opportunities-for-film-and-media-production-graduates' html='' success=False cleaned_html=None media={} links={} downloaded_files=None screenshot=None pdf=None markdown=None markdown_v2=None fit_markdown=None fit_html=None extracted_content=None metadata=None error_message='Unexpected error in _crawl_web at line 1205 in _crawl_web (../../.pyenv/versions/3.12.6/lib/python3.12/site-packages/crawl4ai/async_crawler_strategy.py):\nError: Failed on navigating ACS-GOTO:\nPage.goto: Timeout 10000ms exceeded.\nCall log:\n  - navigating to "https://www.bolton.ac.uk/blogs/career-opportunities-for-film-and-media-production-graduates", waiting until "domcontentloaded"\n\n\nCode context:\n1200   \n1201                       response = await page.goto(\n1202                           url, wait_until=config.wait_until, timeout=config.page_timeout\n1203                       )\n1204                   except Error as e:\n1205 →                     raise RuntimeError(f"Failed on navigating ACS-GOTO:\\n{str(e)}")\n1206   \n1207                   await self.execute_hook("after_goto", page, context=context, url=url, response=response)\n1208   \n1209                   if response is None:\n1210                       status_code = 200' session_id=None response_headers=None status_code=None ssl_certificate=None


Failed to crawl: https://www.bolton.ac.uk/blogs/the-future-is-digital-now-lets-tell-a-story
Result: url='https://www.bolton.ac.uk/blogs/the-future-is-digital-now-lets-tell-a-story' html='' success=False cleaned_html=None media={} links={} downloaded_files=None screenshot=None pdf=None markdown=None markdown_v2=None fit_markdown=None fit_html=None extracted_content=None metadata=None error_message='Unexpected error in _crawl_web at line 1205 in _crawl_web (../../.pyenv/versions/3.12.6/lib/python3.12/site-packages/crawl4ai/async_crawler_strategy.py):\nError: Failed on navigating ACS-GOTO:\nPage.goto: Timeout 10000ms exceeded.\nCall log:\n  - navigating to "https://www.bolton.ac.uk/blogs/the-future-is-digital-now-lets-tell-a-story", waiting until "domcontentloaded"\n\n\nCode context:\n1200   \n1201                       response = await page.goto(\n1202                           url, wait_until=config.wait_until, timeout=config.page_timeout\n1203                       )\n1204                   except Error as e:\n1205 →                     raise RuntimeError(f"Failed on navigating ACS-GOTO:\\n{str(e)}")\n1206   \n1207                   await self.execute_hook("after_goto", page, context=context, url=url, response=response)\n1208   \n1209                   if response is None:\n1210                       status_code = 200' session_id=None response_headers=None status_code=None ssl_certificate=None


Failed to crawl: https://www.bolton.ac.uk/blogs/why-the-world-needs-more-medical-researchers
Result: url='https://www.bolton.ac.uk/blogs/why-the-world-needs-more-medical-researchers' html='' success=False cleaned_html=None media={} links={} downloaded_files=None screenshot=None pdf=None markdown=None markdown_v2=None fit_markdown=None fit_html=None extracted_content=None metadata=None error_message='Unexpected error in _crawl_web at line 1205 in _crawl_web (../../.pyenv/versions/3.12.6/lib/python3.12/site-packages/crawl4ai/async_crawler_strategy.py):\nError: Failed on navigating ACS-GOTO:\nPage.goto: Timeout 10000ms exceeded.\nCall log:\n  - navigating to "https://www.bolton.ac.uk/blogs/why-the-world-needs-more-medical-researchers", waiting until "domcontentloaded"\n\n\nCode context:\n1200   \n1201                       response = await page.goto(\n1202                           url, wait_until=config.wait_until, timeout=config.page_timeout\n1203                       )\n1204                   except Error as e:\n1205 →                     raise RuntimeError(f"Failed on navigating ACS-GOTO:\\n{str(e)}")\n1206   \n1207                   await self.execute_hook("after_goto", page, context=context, url=url, response=response)\n1208   \n1209                   if response is None:\n1210                       status_code = 200' session_id=None response_headers=None status_code=None ssl_certificate=None


Failed to crawl: https://www.bolton.ac.uk/blogs/our-medical-biology-courses-receive-accreditation-from-the-royal-society-of-biology
Result: url='https://www.bolton.ac.uk/blogs/our-medical-biology-courses-receive-accreditation-from-the-royal-society-of-biology' html='' success=False cleaned_html=None media={} links={} downloaded_files=None screenshot=None pdf=None markdown=None markdown_v2=None fit_markdown=None fit_html=None extracted_content=None metadata=None error_message='Unexpected error in _crawl_web at line 1205 in _crawl_web (../../.pyenv/versions/3.12.6/lib/python3.12/site-packages/crawl4ai/async_crawler_strategy.py):\nError: Failed on navigating ACS-GOTO:\nPage.goto: Timeout 10000ms exceeded.\nCall log:\n  - navigating to "https://www.bolton.ac.uk/blogs/our-medical-biology-courses-receive-accreditation-from-the-royal-society-of-biology", waiting until "domcontentloaded"\n\n\nCode context:\n1200   \n1201                       response = await page.goto(\n1202                           url, wait_until=config.wait_until, timeout=config.page_timeout\n1203                       )\n1204                   except Error as e:\n1205 →                     raise RuntimeError(f"Failed on navigating ACS-GOTO:\\n{str(e)}")\n1206   \n1207                   await self.execute_hook("after_goto", page, context=context, url=url, response=response)\n1208   \n1209                   if response is None:\n1210                       status_code = 200' session_id=None response_headers=None status_code=None ssl_certificate=None


Failed to crawl: https://www.bolton.ac.uk/blogs/what-is-the-role-of-an-adult-nurse
Result: url='https://www.bolton.ac.uk/blogs/what-is-the-role-of-an-adult-nurse' html='' success=False cleaned_html=None media={} links={} downloaded_files=None screenshot=None pdf=None markdown=None markdown_v2=None fit_markdown=None fit_html=None extracted_content=None metadata=None error_message='Unexpected error in _crawl_web at line 1205 in _crawl_web (../../.pyenv/versions/3.12.6/lib/python3.12/site-packages/crawl4ai/async_crawler_strategy.py):\nError: Failed on navigating ACS-GOTO:\nPage.goto: Timeout 10000ms exceeded.\nCall log:\n  - navigating to "https://www.bolton.ac.uk/blogs/what-is-the-role-of-an-adult-nurse", waiting until "domcontentloaded"\n\n\nCode context:\n1200   \n1201                       response = await page.goto(\n1202                           url, wait_until=config.wait_until, timeout=config.page_timeout\n1203                       )\n1204                   except Error as e:\n1205 →                     raise RuntimeError(f"Failed on navigating ACS-GOTO:\\n{str(e)}")\n1206   \n1207                   await self.execute_hook("after_goto", page, context=context, url=url, response=response)\n1208   \n1209                   if response is None:\n1210                       status_code = 200' session_id=None response_headers=None status_code=None ssl_certificate=None


Failed to crawl: https://www.bolton.ac.uk/blogs/looking-for-a-career-path-get-a-degree-in-nursing-and-midwifery
Result: url='https://www.bolton.ac.uk/blogs/looking-for-a-career-path-get-a-degree-in-nursing-and-midwifery' html='' success=False cleaned_html=None media={} links={} downloaded_files=None screenshot=None pdf=None markdown=None markdown_v2=None fit_markdown=None fit_html=None extracted_content=None metadata=None error_message='Unexpected error in _crawl_web at line 1205 in _crawl_web (../../.pyenv/versions/3.12.6/lib/python3.12/site-packages/crawl4ai/async_crawler_strategy.py):\nError: Failed on navigating ACS-GOTO:\nPage.goto: Timeout 10000ms exceeded.\nCall log:\n  - navigating to "https://www.bolton.ac.uk/blogs/looking-for-a-career-path-get-a-degree-in-nursing-and-midwifery", waiting until "domcontentloaded"\n\n\nCode context:\n1200   \n1201                       response = await page.goto(\n1202                           url, wait_until=config.wait_until, timeout=config.page_timeout\n1203                       )\n1204                   except Error as e:\n1205 →                     raise RuntimeError(f"Failed on navigating ACS-GOTO:\\n{str(e)}")\n1206   \n1207                   await self.execute_hook("after_goto", page, context=context, url=url, response=response)\n1208   \n1209                   if response is None:\n1210                       status_code = 200' session_id=None response_headers=None status_code=None ssl_certificate=None


Failed to crawl: https://www.bolton.ac.uk/blogs/what-to-expect-from-a-sports-degree-at-the-university
Result: url='https://www.bolton.ac.uk/blogs/what-to-expect-from-a-sports-degree-at-the-university' html='' success=False cleaned_html=None media={} links={} downloaded_files=None screenshot=None pdf=None markdown=None markdown_v2=None fit_markdown=None fit_html=None extracted_content=None metadata=None error_message='Unexpected error in _crawl_web at line 1205 in _crawl_web (../../.pyenv/versions/3.12.6/lib/python3.12/site-packages/crawl4ai/async_crawler_strategy.py):\nError: Failed on navigating ACS-GOTO:\nPage.goto: Timeout 10000ms exceeded.\nCall log:\n  - navigating to "https://www.bolton.ac.uk/blogs/what-to-expect-from-a-sports-degree-at-the-university", waiting until "domcontentloaded"\n\n\nCode context:\n1200   \n1201                       response = await page.goto(\n1202                           url, wait_until=config.wait_until, timeout=config.page_timeout\n1203                       )\n1204                   except Error as e:\n1205 →                     raise RuntimeError(f"Failed on navigating ACS-GOTO:\\n{str(e)}")\n1206   \n1207                   await self.execute_hook("after_goto", page, context=context, url=url, response=response)\n1208   \n1209                   if response is None:\n1210                       status_code = 200' session_id=None response_headers=None status_code=None ssl_certificate=None


Failed to crawl: https://www.bolton.ac.uk/blogs/what-do-i-study-in-a-social-work-degree
Result: url='https://www.bolton.ac.uk/blogs/what-do-i-study-in-a-social-work-degree' html='' success=False cleaned_html=None media={} links={} downloaded_files=None screenshot=None pdf=None markdown=None markdown_v2=None fit_markdown=None fit_html=None extracted_content=None metadata=None error_message='Unexpected error in _crawl_web at line 1205 in _crawl_web (../../.pyenv/versions/3.12.6/lib/python3.12/site-packages/crawl4ai/async_crawler_strategy.py):\nError: Failed on navigating ACS-GOTO:\nPage.goto: Timeout 10000ms exceeded.\nCall log:\n  - navigating to "https://www.bolton.ac.uk/blogs/what-do-i-study-in-a-social-work-degree", waiting until "domcontentloaded"\n\n\nCode context:\n1200   \n1201                       response = await page.goto(\n1202                           url, wait_until=config.wait_until, timeout=config.page_timeout\n1203                       )\n1204                   except Error as e:\n1205 →                     raise RuntimeError(f"Failed on navigating ACS-GOTO:\\n{str(e)}")\n1206   \n1207                   await self.execute_hook("after_goto", page, context=context, url=url, response=response)\n1208   \n1209                   if response is None:\n1210                       status_code = 200' session_id=None response_headers=None status_code=None ssl_certificate=None


Failed to crawl: https://www.bolton.ac.uk/assets/Uploads/Personal-Academic-Tutoring-2022-23-FAQ.pdf
Result: url='https://www.bolton.ac.uk/assets/Uploads/Personal-Academic-Tutoring-2022-23-FAQ.pdf' html='' success=False cleaned_html=None media={} links={} downloaded_files=None screenshot=None pdf=None markdown=None markdown_v2=None fit_markdown=None fit_html=None extracted_content=None metadata=None error_message='Unexpected error in _crawl_web at line 1205 in _crawl_web (../../.pyenv/versions/3.12.6/lib/python3.12/site-packages/crawl4ai/async_crawler_strategy.py):\nError: Failed on navigating ACS-GOTO:\nPage.goto: net::ERR_FAILED at https://www.bolton.ac.uk/assets/Uploads/Personal-Academic-Tutoring-2022-23-FAQ.pdf\nCall log:\n  - navigating to "https://www.bolton.ac.uk/assets/Uploads/Personal-Academic-Tutoring-2022-23-FAQ.pdf", waiting until "domcontentloaded"\n\n\nCode context:\n1200   \n1201                       response = await page.goto(\n1202                           url, wait_until=config.wait_until, timeout=config.page_timeout\n1203                       )\n1204                   except Error as e:\n1205 →                     raise RuntimeError(f"Failed on navigating ACS-GOTO:\\n{str(e)}")\n1206   \n1207                   await self.execute_hook("after_goto", page, context=context, url=url, response=response)\n1208   \n1209                   if response is None:\n1210                       status_code = 200' session_id=None response_headers=None status_code=None ssl_certificate=None


Failed to crawl: https://www.bolton.ac.uk/assets/BIF-Rules-and-conditions-of-entry-FINAL.JSP.pdf
Result: url='https://www.bolton.ac.uk/assets/BIF-Rules-and-conditions-of-entry-FINAL.JSP.pdf' html='' success=False cleaned_html=None media={} links={} downloaded_files=None screenshot=None pdf=None markdown=None markdown_v2=None fit_markdown=None fit_html=None extracted_content=None metadata=None error_message='Unexpected error in _crawl_web at line 1205 in _crawl_web (../../.pyenv/versions/3.12.6/lib/python3.12/site-packages/crawl4ai/async_crawler_strategy.py):\nError: Failed on navigating ACS-GOTO:\nPage.goto: net::ERR_FAILED at https://www.bolton.ac.uk/assets/BIF-Rules-and-conditions-of-entry-FINAL.JSP.pdf\nCall log:\n  - navigating to "https://www.bolton.ac.uk/assets/BIF-Rules-and-conditions-of-entry-FINAL.JSP.pdf", waiting until "domcontentloaded"\n\n\nCode context:\n1200   \n1201                       response = await page.goto(\n1202                           url, wait_until=config.wait_until, timeout=config.page_timeout\n1203                       )\n1204                   except Error as e:\n1205 →                     raise RuntimeError(f"Failed on navigating ACS-GOTO:\\n{str(e)}")\n1206   \n1207                   await self.execute_hook("after_goto", page, context=context, url=url, response=response)\n1208   \n1209                   if response is None:\n1210                       status_code = 200' session_id=None response_headers=None status_code=None ssl_certificate=None


Failed to crawl: https://www.bolton.ac.uk/assets/Uploads/1.pdf
Result: url='https://www.bolton.ac.uk/assets/Uploads/1.pdf' html='' success=False cleaned_html=None media={} links={} downloaded_files=None screenshot=None pdf=None markdown=None markdown_v2=None fit_markdown=None fit_html=None extracted_content=None metadata=None error_message='Unexpected error in _crawl_web at line 1205 in _crawl_web (../../.pyenv/versions/3.12.6/lib/python3.12/site-packages/crawl4ai/async_crawler_strategy.py):\nError: Failed on navigating ACS-GOTO:\nPage.goto: net::ERR_FAILED at https://www.bolton.ac.uk/assets/Uploads/1.pdf\nCall log:\n  - navigating to "https://www.bolton.ac.uk/assets/Uploads/1.pdf", waiting until "domcontentloaded"\n\n\nCode context:\n1200   \n1201                       response = await page.goto(\n1202                           url, wait_until=config.wait_until, timeout=config.page_timeout\n1203                       )\n1204                   except Error as e:\n1205 →                     raise RuntimeError(f"Failed on navigating ACS-GOTO:\\n{str(e)}")\n1206   \n1207                   await self.execute_hook("after_goto", page, context=context, url=url, response=response)\n1208   \n1209                   if response is None:\n1210                       status_code = 200' session_id=None response_headers=None status_code=None ssl_certificate=None


Failed to crawl: https://www.bolton.ac.uk/assets/Uploads/Bank-Details-University-of-Bolton.pdf
Result: url='https://www.bolton.ac.uk/assets/Uploads/Bank-Details-University-of-Bolton.pdf' html='' success=False cleaned_html=None media={} links={} downloaded_files=None screenshot=None pdf=None markdown=None markdown_v2=None fit_markdown=None fit_html=None extracted_content=None metadata=None error_message='Unexpected error in _crawl_web at line 1205 in _crawl_web (../../.pyenv/versions/3.12.6/lib/python3.12/site-packages/crawl4ai/async_crawler_strategy.py):\nError: Failed on navigating ACS-GOTO:\nPage.goto: net::ERR_FAILED at https://www.bolton.ac.uk/assets/Uploads/Bank-Details-University-of-Bolton.pdf\nCall log:\n  - navigating to "https://www.bolton.ac.uk/assets/Uploads/Bank-Details-University-of-Bolton.pdf", waiting until "domcontentloaded"\n\n\nCode context:\n1200   \n1201                       response = await page.goto(\n1202                           url, wait_until=config.wait_until, timeout=config.page_timeout\n1203                       )\n1204                   except Error as e:\n1205 →                     raise RuntimeError(f"Failed on navigating ACS-GOTO:\\n{str(e)}")\n1206   \n1207                   await self.execute_hook("after_goto", page, context=context, url=url, response=response)\n1208   \n1209                   if response is None:\n1210                       status_code = 200' session_id=None response_headers=None status_code=None ssl_certificate=None


Failed to crawl: https://www.bolton.ac.uk/assets/Student-Attendance-and-Engagement-Policy-2023-24-v2.pdf
Result: url='https://www.bolton.ac.uk/assets/Student-Attendance-and-Engagement-Policy-2023-24-v2.pdf' html='' success=False cleaned_html=None media={} links={} downloaded_files=None screenshot=None pdf=None markdown=None markdown_v2=None fit_markdown=None fit_html=None extracted_content=None metadata=None error_message='Unexpected error in _crawl_web at line 1205 in _crawl_web (../../.pyenv/versions/3.12.6/lib/python3.12/site-packages/crawl4ai/async_crawler_strategy.py):\nError: Failed on navigating ACS-GOTO:\nPage.goto: net::ERR_FAILED at https://www.bolton.ac.uk/assets/Student-Attendance-and-Engagement-Policy-2023-24-v2.pdf\nCall log:\n  - navigating to "https://www.bolton.ac.uk/assets/Student-Attendance-and-Engagement-Policy-2023-24-v2.pdf", waiting until "domcontentloaded"\n\n\nCode context:\n1200   \n1201                       response = await page.goto(\n1202                           url, wait_until=config.wait_until, timeout=config.page_timeout\n1203                       )\n1204                   except Error as e:\n1205 →                     raise RuntimeError(f"Failed on navigating ACS-GOTO:\\n{str(e)}")\n1206   \n1207                   await self.execute_hook("after_goto", page, context=context, url=url, response=response)\n1208   \n1209                   if response is None:\n1210                       status_code = 200' session_id=None response_headers=None status_code=None ssl_certificate=None


Failed to crawl: https://www.bolton.ac.uk/assets/Student-Admissions-Policy-2023-24-.pdf
Result: url='https://www.bolton.ac.uk/assets/Student-Admissions-Policy-2023-24-.pdf' html='' success=False cleaned_html=None media={} links={} downloaded_files=None screenshot=None pdf=None markdown=None markdown_v2=None fit_markdown=None fit_html=None extracted_content=None metadata=None error_message='Unexpected error in _crawl_web at line 1205 in _crawl_web (../../.pyenv/versions/3.12.6/lib/python3.12/site-packages/crawl4ai/async_crawler_strategy.py):\nError: Failed on navigating ACS-GOTO:\nPage.goto: net::ERR_FAILED at https://www.bolton.ac.uk/assets/Student-Admissions-Policy-2023-24-.pdf\nCall log:\n  - navigating to "https://www.bolton.ac.uk/assets/Student-Admissions-Policy-2023-24-.pdf", waiting until "domcontentloaded"\n\n\nCode context:\n1200   \n1201                       response = await page.goto(\n1202                           url, wait_until=config.wait_until, timeout=config.page_timeout\n1203                       )\n1204                   except Error as e:\n1205 →                     raise RuntimeError(f"Failed on navigating ACS-GOTO:\\n{str(e)}")\n1206   \n1207                   await self.execute_hook("after_goto", page, context=context, url=url, response=response)\n1208   \n1209                   if response is None:\n1210                       status_code = 200' session_id=None response_headers=None status_code=None ssl_certificate=None


Failed to crawl: https://www.bolton.ac.uk/assets/Terms-and-Conditions-of-Enrolment-Entry-2023_24-December-2022.pdf
Result: url='https://www.bolton.ac.uk/assets/Terms-and-Conditions-of-Enrolment-Entry-2023_24-December-2022.pdf' html='' success=False cleaned_html=None media={} links={} downloaded_files=None screenshot=None pdf=None markdown=None markdown_v2=None fit_markdown=None fit_html=None extracted_content=None metadata=None error_message='Unexpected error in _crawl_web at line 1205 in _crawl_web (../../.pyenv/versions/3.12.6/lib/python3.12/site-packages/crawl4ai/async_crawler_strategy.py):\nError: Failed on navigating ACS-GOTO:\nPage.goto: net::ERR_FAILED at https://www.bolton.ac.uk/assets/Terms-and-Conditions-of-Enrolment-Entry-2023_24-December-2022.pdf\nCall log:\n  - navigating to "https://www.bolton.ac.uk/assets/Terms-and-Conditions-of-Enrolment-Entry-2023_24-December-2022.pdf", waiting until "domcontentloaded"\n\n\nCode context:\n1200   \n1201                       response = await page.goto(\n1202                           url, wait_until=config.wait_until, timeout=config.page_timeout\n1203                       )\n1204                   except Error as e:\n1205 →                     raise RuntimeError(f"Failed on navigating ACS-GOTO:\\n{str(e)}")\n1206   \n1207                   await self.execute_hook("after_goto", page, context=context, url=url, response=response)\n1208   \n1209                   if response is None:\n1210                       status_code = 200' session_id=None response_headers=None status_code=None ssl_certificate=None


Failed to crawl: https://www.bolton.ac.uk/assets/Student-Policy-Zone-2023-24/Tier-4-Students-Attendance-Census.pdf
Result: url='https://www.bolton.ac.uk/assets/Student-Policy-Zone-2023-24/Tier-4-Students-Attendance-Census.pdf' html='' success=False cleaned_html=None media={} links={} downloaded_files=None screenshot=None pdf=None markdown=None markdown_v2=None fit_markdown=None fit_html=None extracted_content=None metadata=None error_message='Unexpected error in _crawl_web at line 1205 in _crawl_web (../../.pyenv/versions/3.12.6/lib/python3.12/site-packages/crawl4ai/async_crawler_strategy.py):\nError: Failed on navigating ACS-GOTO:\nPage.goto: net::ERR_FAILED at https://www.bolton.ac.uk/assets/Student-Policy-Zone-2023-24/Tier-4-Students-Attendance-Census.pdf\nCall log:\n  - navigating to "https://www.bolton.ac.uk/assets/Student-Policy-Zone-2023-24/Tier-4-Students-Attendance-Census.pdf", waiting until "domcontentloaded"\n\n\nCode context:\n1200   \n1201                       response = await page.goto(\n1202                           url, wait_until=config.wait_until, timeout=config.page_timeout\n1203                       )\n1204                   except Error as e:\n1205 →                     raise RuntimeError(f"Failed on navigating ACS-GOTO:\\n{str(e)}")\n1206   \n1207                   await self.execute_hook("after_goto", page, context=context, url=url, response=response)\n1208   \n1209                   if response is None:\n1210                       status_code = 200' session_id=None response_headers=None status_code=None ssl_certificate=None


Failed to crawl: https://www.bolton.ac.uk/assets/Hosted/All-outbound-guidance-2020-updated.pdf
Result: url='https://www.bolton.ac.uk/assets/Hosted/All-outbound-guidance-2020-updated.pdf' html='' success=False cleaned_html=None media={} links={} downloaded_files=None screenshot=None pdf=None markdown=None markdown_v2=None fit_markdown=None fit_html=None extracted_content=None metadata=None error_message='Unexpected error in _crawl_web at line 1205 in _crawl_web (../../.pyenv/versions/3.12.6/lib/python3.12/site-packages/crawl4ai/async_crawler_strategy.py):\nError: Failed on navigating ACS-GOTO:\nPage.goto: net::ERR_FAILED at https://www.bolton.ac.uk/assets/Hosted/All-outbound-guidance-2020-updated.pdf\nCall log:\n  - navigating to "https://www.bolton.ac.uk/assets/Hosted/All-outbound-guidance-2020-updated.pdf", waiting until "domcontentloaded"\n\n\nCode context:\n1200   \n1201                       response = await page.goto(\n1202                           url, wait_until=config.wait_until, timeout=config.page_timeout\n1203                       )\n1204                   except Error as e:\n1205 →                     raise RuntimeError(f"Failed on navigating ACS-GOTO:\\n{str(e)}")\n1206   \n1207                   await self.execute_hook("after_goto", page, context=context, url=url, response=response)\n1208   \n1209                   if response is None:\n1210                       status_code = 200' session_id=None response_headers=None status_code=None ssl_certificate=None


Failed to crawl: https://www.bolton.ac.uk/assets/Hosted/Clearing-on-the-Web-Manual-2020-v1.pdf
Result: url='https://www.bolton.ac.uk/assets/Hosted/Clearing-on-the-Web-Manual-2020-v1.pdf' html='' success=False cleaned_html=None media={} links={} downloaded_files=None screenshot=None pdf=None markdown=None markdown_v2=None fit_markdown=None fit_html=None extracted_content=None metadata=None error_message='Unexpected error in _crawl_web at line 1205 in _crawl_web (../../.pyenv/versions/3.12.6/lib/python3.12/site-packages/crawl4ai/async_crawler_strategy.py):\nError: Failed on navigating ACS-GOTO:\nPage.goto: net::ERR_FAILED at https://www.bolton.ac.uk/assets/Hosted/Clearing-on-the-Web-Manual-2020-v1.pdf\nCall log:\n  - navigating to "https://www.bolton.ac.uk/assets/Hosted/Clearing-on-the-Web-Manual-2020-v1.pdf", waiting until "domcontentloaded"\n\n\nCode context:\n1200   \n1201                       response = await page.goto(\n1202                           url, wait_until=config.wait_until, timeout=config.page_timeout\n1203                       )\n1204                   except Error as e:\n1205 →                     raise RuntimeError(f"Failed on navigating ACS-GOTO:\\n{str(e)}")\n1206   \n1207                   await self.execute_hook("after_goto", page, context=context, url=url, response=response)\n1208   \n1209                   if response is None:\n1210                       status_code = 200' session_id=None response_headers=None status_code=None ssl_certificate=None


Failed to crawl: https://www.bolton.ac.uk/assets/Uploads/Sickness-Absence-Policy.pdf
Result: url='https://www.bolton.ac.uk/assets/Uploads/Sickness-Absence-Policy.pdf' html='' success=False cleaned_html=None media={} links={} downloaded_files=None screenshot=None pdf=None markdown=None markdown_v2=None fit_markdown=None fit_html=None extracted_content=None metadata=None error_message='Unexpected error in _crawl_web at line 1205 in _crawl_web (../../.pyenv/versions/3.12.6/lib/python3.12/site-packages/crawl4ai/async_crawler_strategy.py):\nError: Failed on navigating ACS-GOTO:\nPage.goto: net::ERR_FAILED at https://www.bolton.ac.uk/assets/Uploads/Sickness-Absence-Policy.pdf\nCall log:\n  - navigating to "https://www.bolton.ac.uk/assets/Uploads/Sickness-Absence-Policy.pdf", waiting until "domcontentloaded"\n\n\nCode context:\n1200   \n1201                       response = await page.goto(\n1202                           url, wait_until=config.wait_until, timeout=config.page_timeout\n1203                       )\n1204                   except Error as e:\n1205 →                     raise RuntimeError(f"Failed on navigating ACS-GOTO:\\n{str(e)}")\n1206   \n1207                   await self.execute_hook("after_goto", page, context=context, url=url, response=response)\n1208   \n1209                   if response is None:\n1210                       status_code = 200' session_id=None response_headers=None status_code=None ssl_certificate=None


Failed to crawl: https://www.bolton.ac.uk/assets/Uploads/5-Adoption-Leave-Provisions.pdf
Result: url='https://www.bolton.ac.uk/assets/Uploads/5-Adoption-Leave-Provisions.pdf' html='' success=False cleaned_html=None media={} links={} downloaded_files=None screenshot=None pdf=None markdown=None markdown_v2=None fit_markdown=None fit_html=None extracted_content=None metadata=None error_message='Unexpected error in _crawl_web at line 1205 in _crawl_web (../../.pyenv/versions/3.12.6/lib/python3.12/site-packages/crawl4ai/async_crawler_strategy.py):\nError: Failed on navigating ACS-GOTO:\nPage.goto: net::ERR_FAILED at https://www.bolton.ac.uk/assets/Uploads/5-Adoption-Leave-Provisions.pdf\nCall log:\n  - navigating to "https://www.bolton.ac.uk/assets/Uploads/5-Adoption-Leave-Provisions.pdf", waiting until "domcontentloaded"\n\n\nCode context:\n1200   \n1201                       response = await page.goto(\n1202                           url, wait_until=config.wait_until, timeout=config.page_timeout\n1203                       )\n1204                   except Error as e:\n1205 →                     raise RuntimeError(f"Failed on navigating ACS-GOTO:\\n{str(e)}")\n1206   \n1207                   await self.execute_hook("after_goto", page, context=context, url=url, response=response)\n1208   \n1209                   if response is None:\n1210                       status_code = 200' session_id=None response_headers=None status_code=None ssl_certificate=None


Failed to crawl: https://www.bolton.ac.uk/assets/Uploads/6-Leave-Entitlement.pdf
Result: url='https://www.bolton.ac.uk/assets/Uploads/6-Leave-Entitlement.pdf' html='' success=False cleaned_html=None media={} links={} downloaded_files=None screenshot=None pdf=None markdown=None markdown_v2=None fit_markdown=None fit_html=None extracted_content=None metadata=None error_message='Unexpected error in _crawl_web at line 1205 in _crawl_web (../../.pyenv/versions/3.12.6/lib/python3.12/site-packages/crawl4ai/async_crawler_strategy.py):\nError: Failed on navigating ACS-GOTO:\nPage.goto: net::ERR_FAILED at https://www.bolton.ac.uk/assets/Uploads/6-Leave-Entitlement.pdf\nCall log:\n  - navigating to "https://www.bolton.ac.uk/assets/Uploads/6-Leave-Entitlement.pdf", waiting until "domcontentloaded"\n\n\nCode context:\n1200   \n1201                       response = await page.goto(\n1202                           url, wait_until=config.wait_until, timeout=config.page_timeout\n1203                       )\n1204                   except Error as e:\n1205 →                     raise RuntimeError(f"Failed on navigating ACS-GOTO:\\n{str(e)}")\n1206   \n1207                   await self.execute_hook("after_goto", page, context=context, url=url, response=response)\n1208   \n1209                   if response is None:\n1210                       status_code = 200' session_id=None response_headers=None status_code=None ssl_certificate=None


Failed to crawl: https://www.bolton.ac.uk/assets/Uploads/AL-40WeekContract.pdf
Result: url='https://www.bolton.ac.uk/assets/Uploads/AL-40WeekContract.pdf' html='' success=False cleaned_html=None media={} links={} downloaded_files=None screenshot=None pdf=None markdown=None markdown_v2=None fit_markdown=None fit_html=None extracted_content=None metadata=None error_message='Unexpected error in _crawl_web at line 1205 in _crawl_web (../../.pyenv/versions/3.12.6/lib/python3.12/site-packages/crawl4ai/async_crawler_strategy.py):\nError: Failed on navigating ACS-GOTO:\nPage.goto: net::ERR_FAILED at https://www.bolton.ac.uk/assets/Uploads/AL-40WeekContract.pdf\nCall log:\n  - navigating to "https://www.bolton.ac.uk/assets/Uploads/AL-40WeekContract.pdf", waiting until "domcontentloaded"\n\n\nCode context:\n1200   \n1201                       response = await page.goto(\n1202                           url, wait_until=config.wait_until, timeout=config.page_timeout\n1203                       )\n1204                   except Error as e:\n1205 →                     raise RuntimeError(f"Failed on navigating ACS-GOTO:\\n{str(e)}")\n1206   \n1207                   await self.execute_hook("after_goto", page, context=context, url=url, response=response)\n1208   \n1209                   if response is None:\n1210                       status_code = 200' session_id=None response_headers=None status_code=None ssl_certificate=None


Failed to crawl: https://www.bolton.ac.uk/assets/Anti-Bullying-and-Harassment-Policy-6-May-2022.pdf
Result: url='https://www.bolton.ac.uk/assets/Anti-Bullying-and-Harassment-Policy-6-May-2022.pdf' html='' success=False cleaned_html=None media={} links={} downloaded_files=None screenshot=None pdf=None markdown=None markdown_v2=None fit_markdown=None fit_html=None extracted_content=None metadata=None error_message='Unexpected error in _crawl_web at line 1205 in _crawl_web (../../.pyenv/versions/3.12.6/lib/python3.12/site-packages/crawl4ai/async_crawler_strategy.py):\nError: Failed on navigating ACS-GOTO:\nPage.goto: net::ERR_FAILED at https://www.bolton.ac.uk/assets/Anti-Bullying-and-Harassment-Policy-6-May-2022.pdf\nCall log:\n  - navigating to "https://www.bolton.ac.uk/assets/Anti-Bullying-and-Harassment-Policy-6-May-2022.pdf", waiting until "domcontentloaded"\n\n\nCode context:\n1200   \n1201                       response = await page.goto(\n1202                           url, wait_until=config.wait_until, timeout=config.page_timeout\n1203                       )\n1204                   except Error as e:\n1205 →                     raise RuntimeError(f"Failed on navigating ACS-GOTO:\\n{str(e)}")\n1206   \n1207                   await self.execute_hook("after_goto", page, context=context, url=url, response=response)\n1208   \n1209                   if response is None:\n1210                       status_code = 200' session_id=None response_headers=None status_code=None ssl_certificate=None


Failed to crawl: https://www.bolton.ac.uk/assets/Statement-on-the-Employment-of-Reservists-Final-Feb-2022.pdf
Result: url='https://www.bolton.ac.uk/assets/Statement-on-the-Employment-of-Reservists-Final-Feb-2022.pdf' html='' success=False cleaned_html=None media={} links={} downloaded_files=None screenshot=None pdf=None markdown=None markdown_v2=None fit_markdown=None fit_html=None extracted_content=None metadata=None error_message='Unexpected error in _crawl_web at line 1205 in _crawl_web (../../.pyenv/versions/3.12.6/lib/python3.12/site-packages/crawl4ai/async_crawler_strategy.py):\nError: Failed on navigating ACS-GOTO:\nPage.goto: net::ERR_FAILED at https://www.bolton.ac.uk/assets/Statement-on-the-Employment-of-Reservists-Final-Feb-2022.pdf\nCall log:\n  - navigating to "https://www.bolton.ac.uk/assets/Statement-on-the-Employment-of-Reservists-Final-Feb-2022.pdf", waiting until "domcontentloaded"\n\n\nCode context:\n1200   \n1201                       response = await page.goto(\n1202                           url, wait_until=config.wait_until, timeout=config.page_timeout\n1203                       )\n1204                   except Error as e:\n1205 →                     raise RuntimeError(f"Failed on navigating ACS-GOTO:\\n{str(e)}")\n1206   \n1207                   await self.execute_hook("after_goto", page, context=context, url=url, response=response)\n1208   \n1209                   if response is None:\n1210                       status_code = 200' session_id=None response_headers=None status_code=None ssl_certificate=None


Failed to crawl: https://www.bolton.ac.uk/assets/Student-Policy-Zone-2023-24/Car-Parking-Policy-2023.pdf
Result: url='https://www.bolton.ac.uk/assets/Student-Policy-Zone-2023-24/Car-Parking-Policy-2023.pdf' html='' success=False cleaned_html=None media={} links={} downloaded_files=None screenshot=None pdf=None markdown=None markdown_v2=None fit_markdown=None fit_html=None extracted_content=None metadata=None error_message='Unexpected error in _crawl_web at line 1205 in _crawl_web (../../.pyenv/versions/3.12.6/lib/python3.12/site-packages/crawl4ai/async_crawler_strategy.py):\nError: Failed on navigating ACS-GOTO:\nPage.goto: net::ERR_FAILED at https://www.bolton.ac.uk/assets/Student-Policy-Zone-2023-24/Car-Parking-Policy-2023.pdf\nCall log:\n  - navigating to "https://www.bolton.ac.uk/assets/Student-Policy-Zone-2023-24/Car-Parking-Policy-2023.pdf", waiting until "domcontentloaded"\n\n\nCode context:\n1200   \n1201                       response = await page.goto(\n1202                           url, wait_until=config.wait_until, timeout=config.page_timeout\n1203                       )\n1204                   except Error as e:\n1205 →                     raise RuntimeError(f"Failed on navigating ACS-GOTO:\\n{str(e)}")\n1206   \n1207                   await self.execute_hook("after_goto", page, context=context, url=url, response=response)\n1208   \n1209                   if response is None:\n1210                       status_code = 200' session_id=None response_headers=None status_code=None ssl_certificate=None


Failed to crawl: https://www.bolton.ac.uk/assets/Uploads/12-Other-leave-entitlement.pdf
Result: url='https://www.bolton.ac.uk/assets/Uploads/12-Other-leave-entitlement.pdf' html='' success=False cleaned_html=None media={} links={} downloaded_files=None screenshot=None pdf=None markdown=None markdown_v2=None fit_markdown=None fit_html=None extracted_content=None metadata=None error_message='Unexpected error in _crawl_web at line 1205 in _crawl_web (../../.pyenv/versions/3.12.6/lib/python3.12/site-packages/crawl4ai/async_crawler_strategy.py):\nError: Failed on navigating ACS-GOTO:\nPage.goto: net::ERR_FAILED at https://www.bolton.ac.uk/assets/Uploads/12-Other-leave-entitlement.pdf\nCall log:\n  - navigating to "https://www.bolton.ac.uk/assets/Uploads/12-Other-leave-entitlement.pdf", waiting until "domcontentloaded"\n\n\nCode context:\n1200   \n1201                       response = await page.goto(\n1202                           url, wait_until=config.wait_until, timeout=config.page_timeout\n1203                       )\n1204                   except Error as e:\n1205 →                     raise RuntimeError(f"Failed on navigating ACS-GOTO:\\n{str(e)}")\n1206   \n1207                   await self.execute_hook("after_goto", page, context=context, url=url, response=response)\n1208   \n1209                   if response is None:\n1210                       status_code = 200' session_id=None response_headers=None status_code=None ssl_certificate=None


Failed to crawl: https://www.bolton.ac.uk/assets/Uploads/97-Authorised-Driver-Audit-Instructions.pdf
Result: url='https://www.bolton.ac.uk/assets/Uploads/97-Authorised-Driver-Audit-Instructions.pdf' html='' success=False cleaned_html=None media={} links={} downloaded_files=None screenshot=None pdf=None markdown=None markdown_v2=None fit_markdown=None fit_html=None extracted_content=None metadata=None error_message='Unexpected error in _crawl_web at line 1205 in _crawl_web (../../.pyenv/versions/3.12.6/lib/python3.12/site-packages/crawl4ai/async_crawler_strategy.py):\nError: Failed on navigating ACS-GOTO:\nPage.goto: net::ERR_FAILED at https://www.bolton.ac.uk/assets/Uploads/97-Authorised-Driver-Audit-Instructions.pdf\nCall log:\n  - navigating to "https://www.bolton.ac.uk/assets/Uploads/97-Authorised-Driver-Audit-Instructions.pdf", waiting until "domcontentloaded"\n\n\nCode context:\n1200   \n1201                       response = await page.goto(\n1202                           url, wait_until=config.wait_until, timeout=config.page_timeout\n1203                       )\n1204                   except Error as e:\n1205 →                     raise RuntimeError(f"Failed on navigating ACS-GOTO:\\n{str(e)}")\n1206   \n1207                   await self.execute_hook("after_goto", page, context=context, url=url, response=response)\n1208   \n1209                   if response is None:\n1210                       status_code = 200' session_id=None response_headers=None status_code=None ssl_certificate=None


Failed to crawl: https://www.bolton.ac.uk/assets/Uploads/109-Expenses-Claim-Form-Blank-1.pdf
Result: url='https://www.bolton.ac.uk/assets/Uploads/109-Expenses-Claim-Form-Blank-1.pdf' html='' success=False cleaned_html=None media={} links={} downloaded_files=None screenshot=None pdf=None markdown=None markdown_v2=None fit_markdown=None fit_html=None extracted_content=None metadata=None error_message='Unexpected error in _crawl_web at line 1205 in _crawl_web (../../.pyenv/versions/3.12.6/lib/python3.12/site-packages/crawl4ai/async_crawler_strategy.py):\nError: Failed on navigating ACS-GOTO:\nPage.goto: net::ERR_FAILED at https://www.bolton.ac.uk/assets/Uploads/109-Expenses-Claim-Form-Blank-1.pdf\nCall log:\n  - navigating to "https://www.bolton.ac.uk/assets/Uploads/109-Expenses-Claim-Form-Blank-1.pdf", waiting until "domcontentloaded"\n\n\nCode context:\n1200   \n1201                       response = await page.goto(\n1202                           url, wait_until=config.wait_until, timeout=config.page_timeout\n1203                       )\n1204                   except Error as e:\n1205 →                     raise RuntimeError(f"Failed on navigating ACS-GOTO:\\n{str(e)}")\n1206   \n1207                   await self.execute_hook("after_goto", page, context=context, url=url, response=response)\n1208   \n1209                   if response is None:\n1210                       status_code = 200' session_id=None response_headers=None status_code=None ssl_certificate=None


Failed to crawl: https://www.bolton.ac.uk/assets/Uploads/Guidelines-on-Consensual-Relationships-26-Aug-2014-v1.pdf
Result: url='https://www.bolton.ac.uk/assets/Uploads/Guidelines-on-Consensual-Relationships-26-Aug-2014-v1.pdf' html='' success=False cleaned_html=None media={} links={} downloaded_files=None screenshot=None pdf=None markdown=None markdown_v2=None fit_markdown=None fit_html=None extracted_content=None metadata=None error_message='Unexpected error in _crawl_web at line 1205 in _crawl_web (../../.pyenv/versions/3.12.6/lib/python3.12/site-packages/crawl4ai/async_crawler_strategy.py):\nError: Failed on navigating ACS-GOTO:\nPage.goto: net::ERR_FAILED at https://www.bolton.ac.uk/assets/Uploads/Guidelines-on-Consensual-Relationships-26-Aug-2014-v1.pdf\nCall log:\n  - navigating to "https://www.bolton.ac.uk/assets/Uploads/Guidelines-on-Consensual-Relationships-26-Aug-2014-v1.pdf", waiting until "domcontentloaded"\n\n\nCode context:\n1200   \n1201                       response = await page.goto(\n1202                           url, wait_until=config.wait_until, timeout=config.page_timeout\n1203                       )\n1204                   except Error as e:\n1205 →                     raise RuntimeError(f"Failed on navigating ACS-GOTO:\\n{str(e)}")\n1206   \n1207                   await self.execute_hook("after_goto", page, context=context, url=url, response=response)\n1208   \n1209                   if response is None:\n1210                       status_code = 200' session_id=None response_headers=None status_code=None ssl_certificate=None


Failed to crawl: https://www.bolton.ac.uk/assets/Uploads/15-UoB-Bike-Location-2022-2.pdf
Result: url='https://www.bolton.ac.uk/assets/Uploads/15-UoB-Bike-Location-2022-2.pdf' html='' success=False cleaned_html=None media={} links={} downloaded_files=None screenshot=None pdf=None markdown=None markdown_v2=None fit_markdown=None fit_html=None extracted_content=None metadata=None error_message='Unexpected error in _crawl_web at line 1205 in _crawl_web (../../.pyenv/versions/3.12.6/lib/python3.12/site-packages/crawl4ai/async_crawler_strategy.py):\nError: Failed on navigating ACS-GOTO:\nPage.goto: net::ERR_FAILED at https://www.bolton.ac.uk/assets/Uploads/15-UoB-Bike-Location-2022-2.pdf\nCall log:\n  - navigating to "https://www.bolton.ac.uk/assets/Uploads/15-UoB-Bike-Location-2022-2.pdf", waiting until "domcontentloaded"\n\n\nCode context:\n1200   \n1201                       response = await page.goto(\n1202                           url, wait_until=config.wait_until, timeout=config.page_timeout\n1203                       )\n1204                   except Error as e:\n1205 →                     raise RuntimeError(f"Failed on navigating ACS-GOTO:\\n{str(e)}")\n1206   \n1207                   await self.execute_hook("after_goto", page, context=context, url=url, response=response)\n1208   \n1209                   if response is None:\n1210                       status_code = 200' session_id=None response_headers=None status_code=None ssl_certificate=None


Failed to crawl: https://www.bolton.ac.uk/assets/Uploads/16-Changing-facilities-Bolton-One.pdf
Result: url='https://www.bolton.ac.uk/assets/Uploads/16-Changing-facilities-Bolton-One.pdf' html='' success=False cleaned_html=None media={} links={} downloaded_files=None screenshot=None pdf=None markdown=None markdown_v2=None fit_markdown=None fit_html=None extracted_content=None metadata=None error_message='Unexpected error in _crawl_web at line 1205 in _crawl_web (../../.pyenv/versions/3.12.6/lib/python3.12/site-packages/crawl4ai/async_crawler_strategy.py):\nError: Failed on navigating ACS-GOTO:\nPage.goto: net::ERR_FAILED at https://www.bolton.ac.uk/assets/Uploads/16-Changing-facilities-Bolton-One.pdf\nCall log:\n  - navigating to "https://www.bolton.ac.uk/assets/Uploads/16-Changing-facilities-Bolton-One.pdf", waiting until "domcontentloaded"\n\n\nCode context:\n1200   \n1201                       response = await page.goto(\n1202                           url, wait_until=config.wait_until, timeout=config.page_timeout\n1203                       )\n1204                   except Error as e:\n1205 →                     raise RuntimeError(f"Failed on navigating ACS-GOTO:\\n{str(e)}")\n1206   \n1207                   await self.execute_hook("after_goto", page, context=context, url=url, response=response)\n1208   \n1209                   if response is None:\n1210                       status_code = 200' session_id=None response_headers=None status_code=None ssl_certificate=None


Failed to crawl: https://www.bolton.ac.uk/assets/Uploads/All-Staff-Disciplinary-Procedure-UPDATED-March-2016.pdf
Result: url='https://www.bolton.ac.uk/assets/Uploads/All-Staff-Disciplinary-Procedure-UPDATED-March-2016.pdf' html='' success=False cleaned_html=None media={} links={} downloaded_files=None screenshot=None pdf=None markdown=None markdown_v2=None fit_markdown=None fit_html=None extracted_content=None metadata=None error_message='Unexpected error in _crawl_web at line 1205 in _crawl_web (../../.pyenv/versions/3.12.6/lib/python3.12/site-packages/crawl4ai/async_crawler_strategy.py):\nError: Failed on navigating ACS-GOTO:\nPage.goto: net::ERR_FAILED at https://www.bolton.ac.uk/assets/Uploads/All-Staff-Disciplinary-Procedure-UPDATED-March-2016.pdf\nCall log:\n  - navigating to "https://www.bolton.ac.uk/assets/Uploads/All-Staff-Disciplinary-Procedure-UPDATED-March-2016.pdf", waiting until "domcontentloaded"\n\n\nCode context:\n1200   \n1201                       response = await page.goto(\n1202                           url, wait_until=config.wait_until, timeout=config.page_timeout\n1203                       )\n1204                   except Error as e:\n1205 →                     raise RuntimeError(f"Failed on navigating ACS-GOTO:\\n{str(e)}")\n1206   \n1207                   await self.execute_hook("after_goto", page, context=context, url=url, response=response)\n1208   \n1209                   if response is None:\n1210                       status_code = 200' session_id=None response_headers=None status_code=None ssl_certificate=None


Failed to crawl: https://www.bolton.ac.uk/assets/Uploads/Disciplinary-Procedure-Designated-Senior-Post-Holders.pdf
Result: url='https://www.bolton.ac.uk/assets/Uploads/Disciplinary-Procedure-Designated-Senior-Post-Holders.pdf' html='' success=False cleaned_html=None media={} links={} downloaded_files=None screenshot=None pdf=None markdown=None markdown_v2=None fit_markdown=None fit_html=None extracted_content=None metadata=None error_message='Unexpected error in _crawl_web at line 1205 in _crawl_web (../../.pyenv/versions/3.12.6/lib/python3.12/site-packages/crawl4ai/async_crawler_strategy.py):\nError: Failed on navigating ACS-GOTO:\nPage.goto: net::ERR_FAILED at https://www.bolton.ac.uk/assets/Uploads/Disciplinary-Procedure-Designated-Senior-Post-Holders.pdf\nCall log:\n  - navigating to "https://www.bolton.ac.uk/assets/Uploads/Disciplinary-Procedure-Designated-Senior-Post-Holders.pdf", waiting until "domcontentloaded"\n\n\nCode context:\n1200   \n1201                       response = await page.goto(\n1202                           url, wait_until=config.wait_until, timeout=config.page_timeout\n1203                       )\n1204                   except Error as e:\n1205 →                     raise RuntimeError(f"Failed on navigating ACS-GOTO:\\n{str(e)}")\n1206   \n1207                   await self.execute_hook("after_goto", page, context=context, url=url, response=response)\n1208   \n1209                   if response is None:\n1210                       status_code = 200' session_id=None response_headers=None status_code=None ssl_certificate=None


Failed to crawl: https://www.bolton.ac.uk/assets/Uploads/Grievance.pdf
Result: url='https://www.bolton.ac.uk/assets/Uploads/Grievance.pdf' html='' success=False cleaned_html=None media={} links={} downloaded_files=None screenshot=None pdf=None markdown=None markdown_v2=None fit_markdown=None fit_html=None extracted_content=None metadata=None error_message='Unexpected error in _crawl_web at line 1205 in _crawl_web (../../.pyenv/versions/3.12.6/lib/python3.12/site-packages/crawl4ai/async_crawler_strategy.py):\nError: Failed on navigating ACS-GOTO:\nPage.goto: net::ERR_FAILED at https://www.bolton.ac.uk/assets/Uploads/Grievance.pdf\nCall log:\n  - navigating to "https://www.bolton.ac.uk/assets/Uploads/Grievance.pdf", waiting until "domcontentloaded"\n\n\nCode context:\n1200   \n1201                       response = await page.goto(\n1202                           url, wait_until=config.wait_until, timeout=config.page_timeout\n1203                       )\n1204                   except Error as e:\n1205 →                     raise RuntimeError(f"Failed on navigating ACS-GOTO:\\n{str(e)}")\n1206   \n1207                   await self.execute_hook("after_goto", page, context=context, url=url, response=response)\n1208   \n1209                   if response is None:\n1210                       status_code = 200' session_id=None response_headers=None status_code=None ssl_certificate=None


Failed to crawl: https://www.bolton.ac.uk/assets/Uploads/21-DuoGetting-Started.pdf
Result: url='https://www.bolton.ac.uk/assets/Uploads/21-DuoGetting-Started.pdf' html='' success=False cleaned_html=None media={} links={} downloaded_files=None screenshot=None pdf=None markdown=None markdown_v2=None fit_markdown=None fit_html=None extracted_content=None metadata=None error_message='Unexpected error in _crawl_web at line 1205 in _crawl_web (../../.pyenv/versions/3.12.6/lib/python3.12/site-packages/crawl4ai/async_crawler_strategy.py):\nError: Failed on navigating ACS-GOTO:\nPage.goto: net::ERR_FAILED at https://www.bolton.ac.uk/assets/Uploads/21-DuoGetting-Started.pdf\nCall log:\n  - navigating to "https://www.bolton.ac.uk/assets/Uploads/21-DuoGetting-Started.pdf", waiting until "domcontentloaded"\n\n\nCode context:\n1200   \n1201                       response = await page.goto(\n1202                           url, wait_until=config.wait_until, timeout=config.page_timeout\n1203                       )\n1204                   except Error as e:\n1205 →                     raise RuntimeError(f"Failed on navigating ACS-GOTO:\\n{str(e)}")\n1206   \n1207                   await self.execute_hook("after_goto", page, context=context, url=url, response=response)\n1208   \n1209                   if response is None:\n1210                       status_code = 200' session_id=None response_headers=None status_code=None ssl_certificate=None


Failed to crawl: https://www.bolton.ac.uk/assets/Uploads/Email-Use-Policy-and-Guidance-March-2020-Final.pdf
Result: url='https://www.bolton.ac.uk/assets/Uploads/Email-Use-Policy-and-Guidance-March-2020-Final.pdf' html='' success=False cleaned_html=None media={} links={} downloaded_files=None screenshot=None pdf=None markdown=None markdown_v2=None fit_markdown=None fit_html=None extracted_content=None metadata=None error_message='Unexpected error in _crawl_web at line 1205 in _crawl_web (../../.pyenv/versions/3.12.6/lib/python3.12/site-packages/crawl4ai/async_crawler_strategy.py):\nError: Failed on navigating ACS-GOTO:\nPage.goto: net::ERR_FAILED at https://www.bolton.ac.uk/assets/Uploads/Email-Use-Policy-and-Guidance-March-2020-Final.pdf\nCall log:\n  - navigating to "https://www.bolton.ac.uk/assets/Uploads/Email-Use-Policy-and-Guidance-March-2020-Final.pdf", waiting until "domcontentloaded"\n\n\nCode context:\n1200   \n1201                       response = await page.goto(\n1202                           url, wait_until=config.wait_until, timeout=config.page_timeout\n1203                       )\n1204                   except Error as e:\n1205 →                     raise RuntimeError(f"Failed on navigating ACS-GOTO:\\n{str(e)}")\n1206   \n1207                   await self.execute_hook("after_goto", page, context=context, url=url, response=response)\n1208   \n1209                   if response is None:\n1210                       status_code = 200' session_id=None response_headers=None status_code=None ssl_certificate=None


Failed to crawl: https://www.bolton.ac.uk/assets/Uploads/B-Heard-Uni-Level-Results-Dec-22-v3.pdf
Result: url='https://www.bolton.ac.uk/assets/Uploads/B-Heard-Uni-Level-Results-Dec-22-v3.pdf' html='' success=False cleaned_html=None media={} links={} downloaded_files=None screenshot=None pdf=None markdown=None markdown_v2=None fit_markdown=None fit_html=None extracted_content=None metadata=None error_message='Unexpected error in _crawl_web at line 1205 in _crawl_web (../../.pyenv/versions/3.12.6/lib/python3.12/site-packages/crawl4ai/async_crawler_strategy.py):\nError: Failed on navigating ACS-GOTO:\nPage.goto: net::ERR_FAILED at https://www.bolton.ac.uk/assets/Uploads/B-Heard-Uni-Level-Results-Dec-22-v3.pdf\nCall log:\n  - navigating to "https://www.bolton.ac.uk/assets/Uploads/B-Heard-Uni-Level-Results-Dec-22-v3.pdf", waiting until "domcontentloaded"\n\n\nCode context:\n1200   \n1201                       response = await page.goto(\n1202                           url, wait_until=config.wait_until, timeout=config.page_timeout\n1203                       )\n1204                   except Error as e:\n1205 →                     raise RuntimeError(f"Failed on navigating ACS-GOTO:\\n{str(e)}")\n1206   \n1207                   await self.execute_hook("after_goto", page, context=context, url=url, response=response)\n1208   \n1209                   if response is None:\n1210                       status_code = 200' session_id=None response_headers=None status_code=None ssl_certificate=None


Failed to crawl: https://www.bolton.ac.uk/assets/Uploads/23-Introduction-to-Employee-Forum.2020-1.pdf
Result: url='https://www.bolton.ac.uk/assets/Uploads/23-Introduction-to-Employee-Forum.2020-1.pdf' html='' success=False cleaned_html=None media={} links={} downloaded_files=None screenshot=None pdf=None markdown=None markdown_v2=None fit_markdown=None fit_html=None extracted_content=None metadata=None error_message='Unexpected error in _crawl_web at line 1205 in _crawl_web (../../.pyenv/versions/3.12.6/lib/python3.12/site-packages/crawl4ai/async_crawler_strategy.py):\nError: Failed on navigating ACS-GOTO:\nPage.goto: net::ERR_FAILED at https://www.bolton.ac.uk/assets/Uploads/23-Introduction-to-Employee-Forum.2020-1.pdf\nCall log:\n  - navigating to "https://www.bolton.ac.uk/assets/Uploads/23-Introduction-to-Employee-Forum.2020-1.pdf", waiting until "domcontentloaded"\n\n\nCode context:\n1200   \n1201                       response = await page.goto(\n1202                           url, wait_until=config.wait_until, timeout=config.page_timeout\n1203                       )\n1204                   except Error as e:\n1205 →                     raise RuntimeError(f"Failed on navigating ACS-GOTO:\\n{str(e)}")\n1206   \n1207                   await self.execute_hook("after_goto", page, context=context, url=url, response=response)\n1208   \n1209                   if response is None:\n1210                       status_code = 200' session_id=None response_headers=None status_code=None ssl_certificate=None


Failed to crawl: https://www.bolton.ac.uk/assets/Uploads/24-Equal-Opportunities-Policy-November-2021.pdf
Result: url='https://www.bolton.ac.uk/assets/Uploads/24-Equal-Opportunities-Policy-November-2021.pdf' html='' success=False cleaned_html=None media={} links={} downloaded_files=None screenshot=None pdf=None markdown=None markdown_v2=None fit_markdown=None fit_html=None extracted_content=None metadata=None error_message='Unexpected error in _crawl_web at line 1205 in _crawl_web (../../.pyenv/versions/3.12.6/lib/python3.12/site-packages/crawl4ai/async_crawler_strategy.py):\nError: Failed on navigating ACS-GOTO:\nPage.goto: net::ERR_FAILED at https://www.bolton.ac.uk/assets/Uploads/24-Equal-Opportunities-Policy-November-2021.pdf\nCall log:\n  - navigating to "https://www.bolton.ac.uk/assets/Uploads/24-Equal-Opportunities-Policy-November-2021.pdf", waiting until "domcontentloaded"\n\n\nCode context:\n1200   \n1201                       response = await page.goto(\n1202                           url, wait_until=config.wait_until, timeout=config.page_timeout\n1203                       )\n1204                   except Error as e:\n1205 →                     raise RuntimeError(f"Failed on navigating ACS-GOTO:\\n{str(e)}")\n1206   \n1207                   await self.execute_hook("after_goto", page, context=context, url=url, response=response)\n1208   \n1209                   if response is None:\n1210                       status_code = 200' session_id=None response_headers=None status_code=None ssl_certificate=None


Failed to crawl: https://www.bolton.ac.uk/assets/Uploads/25-Diversity-Champions.pdf
Result: url='https://www.bolton.ac.uk/assets/Uploads/25-Diversity-Champions.pdf' html='' success=False cleaned_html=None media={} links={} downloaded_files=None screenshot=None pdf=None markdown=None markdown_v2=None fit_markdown=None fit_html=None extracted_content=None metadata=None error_message='Unexpected error in _crawl_web at line 1205 in _crawl_web (../../.pyenv/versions/3.12.6/lib/python3.12/site-packages/crawl4ai/async_crawler_strategy.py):\nError: Failed on navigating ACS-GOTO:\nPage.goto: net::ERR_FAILED at https://www.bolton.ac.uk/assets/Uploads/25-Diversity-Champions.pdf\nCall log:\n  - navigating to "https://www.bolton.ac.uk/assets/Uploads/25-Diversity-Champions.pdf", waiting until "domcontentloaded"\n\n\nCode context:\n1200   \n1201                       response = await page.goto(\n1202                           url, wait_until=config.wait_until, timeout=config.page_timeout\n1203                       )\n1204                   except Error as e:\n1205 →                     raise RuntimeError(f"Failed on navigating ACS-GOTO:\\n{str(e)}")\n1206   \n1207                   await self.execute_hook("after_goto", page, context=context, url=url, response=response)\n1208   \n1209                   if response is None:\n1210                       status_code = 200' session_id=None response_headers=None status_code=None ssl_certificate=None


Failed to crawl: https://www.bolton.ac.uk/assets/Uploads/OD-ED-Committee-ToR-May-2022.pdf
Result: url='https://www.bolton.ac.uk/assets/Uploads/OD-ED-Committee-ToR-May-2022.pdf' html='' success=False cleaned_html=None media={} links={} downloaded_files=None screenshot=None pdf=None markdown=None markdown_v2=None fit_markdown=None fit_html=None extracted_content=None metadata=None error_message='Unexpected error in _crawl_web at line 1205 in _crawl_web (../../.pyenv/versions/3.12.6/lib/python3.12/site-packages/crawl4ai/async_crawler_strategy.py):\nError: Failed on navigating ACS-GOTO:\nPage.goto: net::ERR_FAILED at https://www.bolton.ac.uk/assets/Uploads/OD-ED-Committee-ToR-May-2022.pdf\nCall log:\n  - navigating to "https://www.bolton.ac.uk/assets/Uploads/OD-ED-Committee-ToR-May-2022.pdf", waiting until "domcontentloaded"\n\n\nCode context:\n1200   \n1201                       response = await page.goto(\n1202                           url, wait_until=config.wait_until, timeout=config.page_timeout\n1203                       )\n1204                   except Error as e:\n1205 →                     raise RuntimeError(f"Failed on navigating ACS-GOTO:\\n{str(e)}")\n1206   \n1207                   await self.execute_hook("after_goto", page, context=context, url=url, response=response)\n1208   \n1209                   if response is None:\n1210                       status_code = 200' session_id=None response_headers=None status_code=None ssl_certificate=None


Failed to crawl: https://www.bolton.ac.uk/assets/Uploads/27-Firearms-on-Campus.pdf
Result: url='https://www.bolton.ac.uk/assets/Uploads/27-Firearms-on-Campus.pdf' html='' success=False cleaned_html=None media={} links={} downloaded_files=None screenshot=None pdf=None markdown=None markdown_v2=None fit_markdown=None fit_html=None extracted_content=None metadata=None error_message='Unexpected error in _crawl_web at line 1205 in _crawl_web (../../.pyenv/versions/3.12.6/lib/python3.12/site-packages/crawl4ai/async_crawler_strategy.py):\nError: Failed on navigating ACS-GOTO:\nPage.goto: net::ERR_FAILED at https://www.bolton.ac.uk/assets/Uploads/27-Firearms-on-Campus.pdf\nCall log:\n  - navigating to "https://www.bolton.ac.uk/assets/Uploads/27-Firearms-on-Campus.pdf", waiting until "domcontentloaded"\n\n\nCode context:\n1200   \n1201                       response = await page.goto(\n1202                           url, wait_until=config.wait_until, timeout=config.page_timeout\n1203                       )\n1204                   except Error as e:\n1205 →                     raise RuntimeError(f"Failed on navigating ACS-GOTO:\\n{str(e)}")\n1206   \n1207                   await self.execute_hook("after_goto", page, context=context, url=url, response=response)\n1208   \n1209                   if response is None:\n1210                       status_code = 200' session_id=None response_headers=None status_code=None ssl_certificate=None


Failed to crawl: https://www.bolton.ac.uk/assets/Uploads/28-Guidelines-for-Flexible-Working-Request.pdf
Result: url='https://www.bolton.ac.uk/assets/Uploads/28-Guidelines-for-Flexible-Working-Request.pdf' html='' success=False cleaned_html=None media={} links={} downloaded_files=None screenshot=None pdf=None markdown=None markdown_v2=None fit_markdown=None fit_html=None extracted_content=None metadata=None error_message='Unexpected error in _crawl_web at line 1205 in _crawl_web (../../.pyenv/versions/3.12.6/lib/python3.12/site-packages/crawl4ai/async_crawler_strategy.py):\nError: Failed on navigating ACS-GOTO:\nPage.goto: net::ERR_FAILED at https://www.bolton.ac.uk/assets/Uploads/28-Guidelines-for-Flexible-Working-Request.pdf\nCall log:\n  - navigating to "https://www.bolton.ac.uk/assets/Uploads/28-Guidelines-for-Flexible-Working-Request.pdf", waiting until "domcontentloaded"\n\n\nCode context:\n1200   \n1201                       response = await page.goto(\n1202                           url, wait_until=config.wait_until, timeout=config.page_timeout\n1203                       )\n1204                   except Error as e:\n1205 →                     raise RuntimeError(f"Failed on navigating ACS-GOTO:\\n{str(e)}")\n1206   \n1207                   await self.execute_hook("after_goto", page, context=context, url=url, response=response)\n1208   \n1209                   if response is None:\n1210                       status_code = 200' session_id=None response_headers=None status_code=None ssl_certificate=None


Failed to crawl: https://www.bolton.ac.uk/assets/Uploads/30-ITFlexitimeScheme.pdf
Result: url='https://www.bolton.ac.uk/assets/Uploads/30-ITFlexitimeScheme.pdf' html='' success=False cleaned_html=None media={} links={} downloaded_files=None screenshot=None pdf=None markdown=None markdown_v2=None fit_markdown=None fit_html=None extracted_content=None metadata=None error_message='Unexpected error in _crawl_web at line 1205 in _crawl_web (../../.pyenv/versions/3.12.6/lib/python3.12/site-packages/crawl4ai/async_crawler_strategy.py):\nError: Failed on navigating ACS-GOTO:\nPage.goto: net::ERR_FAILED at https://www.bolton.ac.uk/assets/Uploads/30-ITFlexitimeScheme.pdf\nCall log:\n  - navigating to "https://www.bolton.ac.uk/assets/Uploads/30-ITFlexitimeScheme.pdf", waiting until "domcontentloaded"\n\n\nCode context:\n1200   \n1201                       response = await page.goto(\n1202                           url, wait_until=config.wait_until, timeout=config.page_timeout\n1203                       )\n1204                   except Error as e:\n1205 →                     raise RuntimeError(f"Failed on navigating ACS-GOTO:\\n{str(e)}")\n1206   \n1207                   await self.execute_hook("after_goto", page, context=context, url=url, response=response)\n1208   \n1209                   if response is None:\n1210                       status_code = 200' session_id=None response_headers=None status_code=None ssl_certificate=None


Failed to crawl: https://www.bolton.ac.uk/assets/Uploads/IA-policy.pdf
Result: url='https://www.bolton.ac.uk/assets/Uploads/IA-policy.pdf' html='' success=False cleaned_html=None media={} links={} downloaded_files=None screenshot=None pdf=None markdown=None markdown_v2=None fit_markdown=None fit_html=None extracted_content=None metadata=None error_message='Unexpected error in _crawl_web at line 1205 in _crawl_web (../../.pyenv/versions/3.12.6/lib/python3.12/site-packages/crawl4ai/async_crawler_strategy.py):\nError: Failed on navigating ACS-GOTO:\nPage.goto: net::ERR_FAILED at https://www.bolton.ac.uk/assets/Uploads/IA-policy.pdf\nCall log:\n  - navigating to "https://www.bolton.ac.uk/assets/Uploads/IA-policy.pdf", waiting until "domcontentloaded"\n\n\nCode context:\n1200   \n1201                       response = await page.goto(\n1202                           url, wait_until=config.wait_until, timeout=config.page_timeout\n1203                       )\n1204                   except Error as e:\n1205 →                     raise RuntimeError(f"Failed on navigating ACS-GOTO:\\n{str(e)}")\n1206   \n1207                   await self.execute_hook("after_goto", page, context=context, url=url, response=response)\n1208   \n1209                   if response is None:\n1210                       status_code = 200' session_id=None response_headers=None status_code=None ssl_certificate=None


Failed to crawl: https://www.bolton.ac.uk/assets/Uploads/StaffAcceptableUsePolicy.pdf
Result: url='https://www.bolton.ac.uk/assets/Uploads/StaffAcceptableUsePolicy.pdf' html='' success=False cleaned_html=None media={} links={} downloaded_files=None screenshot=None pdf=None markdown=None markdown_v2=None fit_markdown=None fit_html=None extracted_content=None metadata=None error_message='Unexpected error in _crawl_web at line 1205 in _crawl_web (../../.pyenv/versions/3.12.6/lib/python3.12/site-packages/crawl4ai/async_crawler_strategy.py):\nError: Failed on navigating ACS-GOTO:\nPage.goto: net::ERR_FAILED at https://www.bolton.ac.uk/assets/Uploads/StaffAcceptableUsePolicy.pdf\nCall log:\n  - navigating to "https://www.bolton.ac.uk/assets/Uploads/StaffAcceptableUsePolicy.pdf", waiting until "domcontentloaded"\n\n\nCode context:\n1200   \n1201                       response = await page.goto(\n1202                           url, wait_until=config.wait_until, timeout=config.page_timeout\n1203                       )\n1204                   except Error as e:\n1205 →                     raise RuntimeError(f"Failed on navigating ACS-GOTO:\\n{str(e)}")\n1206   \n1207                   await self.execute_hook("after_goto", page, context=context, url=url, response=response)\n1208   \n1209                   if response is None:\n1210                       status_code = 200' session_id=None response_headers=None status_code=None ssl_certificate=None


Failed to crawl: https://www.bolton.ac.uk/assets/Uploads/82-Jury-Service.pdf
Result: url='https://www.bolton.ac.uk/assets/Uploads/82-Jury-Service.pdf' html='' success=False cleaned_html=None media={} links={} downloaded_files=None screenshot=None pdf=None markdown=None markdown_v2=None fit_markdown=None fit_html=None extracted_content=None metadata=None error_message='Unexpected error in _crawl_web at line 1205 in _crawl_web (../../.pyenv/versions/3.12.6/lib/python3.12/site-packages/crawl4ai/async_crawler_strategy.py):\nError: Failed on navigating ACS-GOTO:\nPage.goto: net::ERR_FAILED at https://www.bolton.ac.uk/assets/Uploads/82-Jury-Service.pdf\nCall log:\n  - navigating to "https://www.bolton.ac.uk/assets/Uploads/82-Jury-Service.pdf", waiting until "domcontentloaded"\n\n\nCode context:\n1200   \n1201                       response = await page.goto(\n1202                           url, wait_until=config.wait_until, timeout=config.page_timeout\n1203                       )\n1204                   except Error as e:\n1205 →                     raise RuntimeError(f"Failed on navigating ACS-GOTO:\\n{str(e)}")\n1206   \n1207                   await self.execute_hook("after_goto", page, context=context, url=url, response=response)\n1208   \n1209                   if response is None:\n1210                       status_code = 200' session_id=None response_headers=None status_code=None ssl_certificate=None


Failed to crawl: https://www.bolton.ac.uk/assets/Uploads/HowToFindUsMainReception.pdf
Result: url='https://www.bolton.ac.uk/assets/Uploads/HowToFindUsMainReception.pdf' html='' success=False cleaned_html=None media={} links={} downloaded_files=None screenshot=None pdf=None markdown=None markdown_v2=None fit_markdown=None fit_html=None extracted_content=None metadata=None error_message='Unexpected error in _crawl_web at line 1205 in _crawl_web (../../.pyenv/versions/3.12.6/lib/python3.12/site-packages/crawl4ai/async_crawler_strategy.py):\nError: Failed on navigating ACS-GOTO:\nPage.goto: net::ERR_FAILED at https://www.bolton.ac.uk/assets/Uploads/HowToFindUsMainReception.pdf\nCall log:\n  - navigating to "https://www.bolton.ac.uk/assets/Uploads/HowToFindUsMainReception.pdf", waiting until "domcontentloaded"\n\n\nCode context:\n1200   \n1201                       response = await page.goto(\n1202                           url, wait_until=config.wait_until, timeout=config.page_timeout\n1203                       )\n1204                   except Error as e:\n1205 →                     raise RuntimeError(f"Failed on navigating ACS-GOTO:\\n{str(e)}")\n1206   \n1207                   await self.execute_hook("after_goto", page, context=context, url=url, response=response)\n1208   \n1209                   if response is None:\n1210                       status_code = 200' session_id=None response_headers=None status_code=None ssl_certificate=None


Failed to crawl: https://www.bolton.ac.uk/assets/Uploads/34-Maternity-Provisions-April-2023.pdf
Result: url='https://www.bolton.ac.uk/assets/Uploads/34-Maternity-Provisions-April-2023.pdf' html='' success=False cleaned_html=None media={} links={} downloaded_files=None screenshot=None pdf=None markdown=None markdown_v2=None fit_markdown=None fit_html=None extracted_content=None metadata=None error_message='Unexpected error in _crawl_web at line 1205 in _crawl_web (../../.pyenv/versions/3.12.6/lib/python3.12/site-packages/crawl4ai/async_crawler_strategy.py):\nError: Failed on navigating ACS-GOTO:\nPage.goto: net::ERR_FAILED at https://www.bolton.ac.uk/assets/Uploads/34-Maternity-Provisions-April-2023.pdf\nCall log:\n  - navigating to "https://www.bolton.ac.uk/assets/Uploads/34-Maternity-Provisions-April-2023.pdf", waiting until "domcontentloaded"\n\n\nCode context:\n1200   \n1201                       response = await page.goto(\n1202                           url, wait_until=config.wait_until, timeout=config.page_timeout\n1203                       )\n1204                   except Error as e:\n1205 →                     raise RuntimeError(f"Failed on navigating ACS-GOTO:\\n{str(e)}")\n1206   \n1207                   await self.execute_hook("after_goto", page, context=context, url=url, response=response)\n1208   \n1209                   if response is None:\n1210                       status_code = 200' session_id=None response_headers=None status_code=None ssl_certificate=None


Failed to crawl: https://www.bolton.ac.uk/assets/Uploads/35-Managers-guidance-Employee-Maternity-Arrangements.pdf
Result: url='https://www.bolton.ac.uk/assets/Uploads/35-Managers-guidance-Employee-Maternity-Arrangements.pdf' html='' success=False cleaned_html=None media={} links={} downloaded_files=None screenshot=None pdf=None markdown=None markdown_v2=None fit_markdown=None fit_html=None extracted_content=None metadata=None error_message='Unexpected error in _crawl_web at line 1205 in _crawl_web (../../.pyenv/versions/3.12.6/lib/python3.12/site-packages/crawl4ai/async_crawler_strategy.py):\nError: Failed on navigating ACS-GOTO:\nPage.goto: net::ERR_FAILED at https://www.bolton.ac.uk/assets/Uploads/35-Managers-guidance-Employee-Maternity-Arrangements.pdf\nCall log:\n  - navigating to "https://www.bolton.ac.uk/assets/Uploads/35-Managers-guidance-Employee-Maternity-Arrangements.pdf", waiting until "domcontentloaded"\n\n\nCode context:\n1200   \n1201                       response = await page.goto(\n1202                           url, wait_until=config.wait_until, timeout=config.page_timeout\n1203                       )\n1204                   except Error as e:\n1205 →                     raise RuntimeError(f"Failed on navigating ACS-GOTO:\\n{str(e)}")\n1206   \n1207                   await self.execute_hook("after_goto", page, context=context, url=url, response=response)\n1208   \n1209                   if response is None:\n1210                       status_code = 200' session_id=None response_headers=None status_code=None ssl_certificate=None


Failed to crawl: https://www.bolton.ac.uk/assets/Uploads/Menopause-in-the-Workplace-Guidance-2023.pdf
Result: url='https://www.bolton.ac.uk/assets/Uploads/Menopause-in-the-Workplace-Guidance-2023.pdf' html='' success=False cleaned_html=None media={} links={} downloaded_files=None screenshot=None pdf=None markdown=None markdown_v2=None fit_markdown=None fit_html=None extracted_content=None metadata=None error_message='Unexpected error in _crawl_web at line 1205 in _crawl_web (../../.pyenv/versions/3.12.6/lib/python3.12/site-packages/crawl4ai/async_crawler_strategy.py):\nError: Failed on navigating ACS-GOTO:\nPage.goto: net::ERR_FAILED at https://www.bolton.ac.uk/assets/Uploads/Menopause-in-the-Workplace-Guidance-2023.pdf\nCall log:\n  - navigating to "https://www.bolton.ac.uk/assets/Uploads/Menopause-in-the-Workplace-Guidance-2023.pdf", waiting until "domcontentloaded"\n\n\nCode context:\n1200   \n1201                       response = await page.goto(\n1202                           url, wait_until=config.wait_until, timeout=config.page_timeout\n1203                       )\n1204                   except Error as e:\n1205 →                     raise RuntimeError(f"Failed on navigating ACS-GOTO:\\n{str(e)}")\n1206   \n1207                   await self.execute_hook("after_goto", page, context=context, url=url, response=response)\n1208   \n1209                   if response is None:\n1210                       status_code = 200' session_id=None response_headers=None status_code=None ssl_certificate=None


Failed to crawl: https://www.bolton.ac.uk/assets/Uploads/108-Your-new-look-myHR-v2.pdf
Result: url='https://www.bolton.ac.uk/assets/Uploads/108-Your-new-look-myHR-v2.pdf' html='' success=False cleaned_html=None media={} links={} downloaded_files=None screenshot=None pdf=None markdown=None markdown_v2=None fit_markdown=None fit_html=None extracted_content=None metadata=None error_message='Unexpected error in _crawl_web at line 1205 in _crawl_web (../../.pyenv/versions/3.12.6/lib/python3.12/site-packages/crawl4ai/async_crawler_strategy.py):\nError: Failed on navigating ACS-GOTO:\nPage.goto: net::ERR_FAILED at https://www.bolton.ac.uk/assets/Uploads/108-Your-new-look-myHR-v2.pdf\nCall log:\n  - navigating to "https://www.bolton.ac.uk/assets/Uploads/108-Your-new-look-myHR-v2.pdf", waiting until "domcontentloaded"\n\n\nCode context:\n1200   \n1201                       response = await page.goto(\n1202                           url, wait_until=config.wait_until, timeout=config.page_timeout\n1203                       )\n1204                   except Error as e:\n1205 →                     raise RuntimeError(f"Failed on navigating ACS-GOTO:\\n{str(e)}")\n1206   \n1207                   await self.execute_hook("after_goto", page, context=context, url=url, response=response)\n1208   \n1209                   if response is None:\n1210                       status_code = 200' session_id=None response_headers=None status_code=None ssl_certificate=None


Failed to crawl: https://www.bolton.ac.uk/assets/Uploads/39-Overtime-TOIL-Policy-June-2017.pdf
Result: url='https://www.bolton.ac.uk/assets/Uploads/39-Overtime-TOIL-Policy-June-2017.pdf' html='' success=False cleaned_html=None media={} links={} downloaded_files=None screenshot=None pdf=None markdown=None markdown_v2=None fit_markdown=None fit_html=None extracted_content=None metadata=None error_message='Unexpected error in _crawl_web at line 1205 in _crawl_web (../../.pyenv/versions/3.12.6/lib/python3.12/site-packages/crawl4ai/async_crawler_strategy.py):\nError: Failed on navigating ACS-GOTO:\nPage.goto: net::ERR_FAILED at https://www.bolton.ac.uk/assets/Uploads/39-Overtime-TOIL-Policy-June-2017.pdf\nCall log:\n  - navigating to "https://www.bolton.ac.uk/assets/Uploads/39-Overtime-TOIL-Policy-June-2017.pdf", waiting until "domcontentloaded"\n\n\nCode context:\n1200   \n1201                       response = await page.goto(\n1202                           url, wait_until=config.wait_until, timeout=config.page_timeout\n1203                       )\n1204                   except Error as e:\n1205 →                     raise RuntimeError(f"Failed on navigating ACS-GOTO:\\n{str(e)}")\n1206   \n1207                   await self.execute_hook("after_goto", page, context=context, url=url, response=response)\n1208   \n1209                   if response is None:\n1210                       status_code = 200' session_id=None response_headers=None status_code=None ssl_certificate=None


Failed to crawl: https://www.bolton.ac.uk/assets/Uploads/40-Paternity-Leave-April-2023.pdf
Result: url='https://www.bolton.ac.uk/assets/Uploads/40-Paternity-Leave-April-2023.pdf' html='' success=False cleaned_html=None media={} links={} downloaded_files=None screenshot=None pdf=None markdown=None markdown_v2=None fit_markdown=None fit_html=None extracted_content=None metadata=None error_message='Unexpected error in _crawl_web at line 1205 in _crawl_web (../../.pyenv/versions/3.12.6/lib/python3.12/site-packages/crawl4ai/async_crawler_strategy.py):\nError: Failed on navigating ACS-GOTO:\nPage.goto: net::ERR_FAILED at https://www.bolton.ac.uk/assets/Uploads/40-Paternity-Leave-April-2023.pdf\nCall log:\n  - navigating to "https://www.bolton.ac.uk/assets/Uploads/40-Paternity-Leave-April-2023.pdf", waiting until "domcontentloaded"\n\n\nCode context:\n1200   \n1201                       response = await page.goto(\n1202                           url, wait_until=config.wait_until, timeout=config.page_timeout\n1203                       )\n1204                   except Error as e:\n1205 →                     raise RuntimeError(f"Failed on navigating ACS-GOTO:\\n{str(e)}")\n1206   \n1207                   await self.execute_hook("after_goto", page, context=context, url=url, response=response)\n1208   \n1209                   if response is None:\n1210                       status_code = 200' session_id=None response_headers=None status_code=None ssl_certificate=None


Failed to crawl: https://www.bolton.ac.uk/assets/Uploads/sc3Form.pdf
Result: url='https://www.bolton.ac.uk/assets/Uploads/sc3Form.pdf' html='' success=False cleaned_html=None media={} links={} downloaded_files=None screenshot=None pdf=None markdown=None markdown_v2=None fit_markdown=None fit_html=None extracted_content=None metadata=None error_message='Unexpected error in _crawl_web at line 1205 in _crawl_web (../../.pyenv/versions/3.12.6/lib/python3.12/site-packages/crawl4ai/async_crawler_strategy.py):\nError: Failed on navigating ACS-GOTO:\nPage.goto: net::ERR_FAILED at https://www.bolton.ac.uk/assets/Uploads/sc3Form.pdf\nCall log:\n  - navigating to "https://www.bolton.ac.uk/assets/Uploads/sc3Form.pdf", waiting until "domcontentloaded"\n\n\nCode context:\n1200   \n1201                       response = await page.goto(\n1202                           url, wait_until=config.wait_until, timeout=config.page_timeout\n1203                       )\n1204                   except Error as e:\n1205 →                     raise RuntimeError(f"Failed on navigating ACS-GOTO:\\n{str(e)}")\n1206   \n1207                   await self.execute_hook("after_goto", page, context=context, url=url, response=response)\n1208   \n1209                   if response is None:\n1210                       status_code = 200' session_id=None response_headers=None status_code=None ssl_certificate=None


Failed to crawl: https://www.bolton.ac.uk/assets/Uploads/42-Performance-Review.pdf
Result: url='https://www.bolton.ac.uk/assets/Uploads/42-Performance-Review.pdf' html='' success=False cleaned_html=None media={} links={} downloaded_files=None screenshot=None pdf=None markdown=None markdown_v2=None fit_markdown=None fit_html=None extracted_content=None metadata=None error_message='Unexpected error in _crawl_web at line 1205 in _crawl_web (../../.pyenv/versions/3.12.6/lib/python3.12/site-packages/crawl4ai/async_crawler_strategy.py):\nError: Failed on navigating ACS-GOTO:\nPage.goto: net::ERR_FAILED at https://www.bolton.ac.uk/assets/Uploads/42-Performance-Review.pdf\nCall log:\n  - navigating to "https://www.bolton.ac.uk/assets/Uploads/42-Performance-Review.pdf", waiting until "domcontentloaded"\n\n\nCode context:\n1200   \n1201                       response = await page.goto(\n1202                           url, wait_until=config.wait_until, timeout=config.page_timeout\n1203                       )\n1204                   except Error as e:\n1205 →                     raise RuntimeError(f"Failed on navigating ACS-GOTO:\\n{str(e)}")\n1206   \n1207                   await self.execute_hook("after_goto", page, context=context, url=url, response=response)\n1208   \n1209                   if response is None:\n1210                       status_code = 200' session_id=None response_headers=None status_code=None ssl_certificate=None


Failed to crawl: https://www.bolton.ac.uk/assets/Uploads/88-AcaPerformanceReview-Academic.pdf
Result: url='https://www.bolton.ac.uk/assets/Uploads/88-AcaPerformanceReview-Academic.pdf' html='' success=False cleaned_html=None media={} links={} downloaded_files=None screenshot=None pdf=None markdown=None markdown_v2=None fit_markdown=None fit_html=None extracted_content=None metadata=None error_message='Unexpected error in _crawl_web at line 1205 in _crawl_web (../../.pyenv/versions/3.12.6/lib/python3.12/site-packages/crawl4ai/async_crawler_strategy.py):\nError: Failed on navigating ACS-GOTO:\nPage.goto: net::ERR_FAILED at https://www.bolton.ac.uk/assets/Uploads/88-AcaPerformanceReview-Academic.pdf\nCall log:\n  - navigating to "https://www.bolton.ac.uk/assets/Uploads/88-AcaPerformanceReview-Academic.pdf", waiting until "domcontentloaded"\n\n\nCode context:\n1200   \n1201                       response = await page.goto(\n1202                           url, wait_until=config.wait_until, timeout=config.page_timeout\n1203                       )\n1204                   except Error as e:\n1205 →                     raise RuntimeError(f"Failed on navigating ACS-GOTO:\\n{str(e)}")\n1206   \n1207                   await self.execute_hook("after_goto", page, context=context, url=url, response=response)\n1208   \n1209                   if response is None:\n1210                       status_code = 200' session_id=None response_headers=None status_code=None ssl_certificate=None


Failed to crawl: https://www.bolton.ac.uk/assets/Uploads/90-ProfPerformanceReview.pdf
Result: url='https://www.bolton.ac.uk/assets/Uploads/90-ProfPerformanceReview.pdf' html='' success=False cleaned_html=None media={} links={} downloaded_files=None screenshot=None pdf=None markdown=None markdown_v2=None fit_markdown=None fit_html=None extracted_content=None metadata=None error_message='Unexpected error in _crawl_web at line 1205 in _crawl_web (../../.pyenv/versions/3.12.6/lib/python3.12/site-packages/crawl4ai/async_crawler_strategy.py):\nError: Failed on navigating ACS-GOTO:\nPage.goto: net::ERR_FAILED at https://www.bolton.ac.uk/assets/Uploads/90-ProfPerformanceReview.pdf\nCall log:\n  - navigating to "https://www.bolton.ac.uk/assets/Uploads/90-ProfPerformanceReview.pdf", waiting until "domcontentloaded"\n\n\nCode context:\n1200   \n1201                       response = await page.goto(\n1202                           url, wait_until=config.wait_until, timeout=config.page_timeout\n1203                       )\n1204                   except Error as e:\n1205 →                     raise RuntimeError(f"Failed on navigating ACS-GOTO:\\n{str(e)}")\n1206   \n1207                   await self.execute_hook("after_goto", page, context=context, url=url, response=response)\n1208   \n1209                   if response is None:\n1210                       status_code = 200' session_id=None response_headers=None status_code=None ssl_certificate=None


Failed to crawl: https://www.bolton.ac.uk/assets/Uploads/PIP.pdf
Result: url='https://www.bolton.ac.uk/assets/Uploads/PIP.pdf' html='' success=False cleaned_html=None media={} links={} downloaded_files=None screenshot=None pdf=None markdown=None markdown_v2=None fit_markdown=None fit_html=None extracted_content=None metadata=None error_message='Unexpected error in _crawl_web at line 1205 in _crawl_web (../../.pyenv/versions/3.12.6/lib/python3.12/site-packages/crawl4ai/async_crawler_strategy.py):\nError: Failed on navigating ACS-GOTO:\nPage.goto: net::ERR_FAILED at https://www.bolton.ac.uk/assets/Uploads/PIP.pdf\nCall log:\n  - navigating to "https://www.bolton.ac.uk/assets/Uploads/PIP.pdf", waiting until "domcontentloaded"\n\n\nCode context:\n1200   \n1201                       response = await page.goto(\n1202                           url, wait_until=config.wait_until, timeout=config.page_timeout\n1203                       )\n1204                   except Error as e:\n1205 →                     raise RuntimeError(f"Failed on navigating ACS-GOTO:\\n{str(e)}")\n1206   \n1207                   await self.execute_hook("after_goto", page, context=context, url=url, response=response)\n1208   \n1209                   if response is None:\n1210                       status_code = 200' session_id=None response_headers=None status_code=None ssl_certificate=None


Failed to crawl: https://www.bolton.ac.uk/assets/Uploads/85-Fee-Waiver.pdf
Result: url='https://www.bolton.ac.uk/assets/Uploads/85-Fee-Waiver.pdf' html='' success=False cleaned_html=None media={} links={} downloaded_files=None screenshot=None pdf=None markdown=None markdown_v2=None fit_markdown=None fit_html=None extracted_content=None metadata=None error_message='Unexpected error in _crawl_web at line 1205 in _crawl_web (../../.pyenv/versions/3.12.6/lib/python3.12/site-packages/crawl4ai/async_crawler_strategy.py):\nError: Failed on navigating ACS-GOTO:\nPage.goto: net::ERR_FAILED at https://www.bolton.ac.uk/assets/Uploads/85-Fee-Waiver.pdf\nCall log:\n  - navigating to "https://www.bolton.ac.uk/assets/Uploads/85-Fee-Waiver.pdf", waiting until "domcontentloaded"\n\n\nCode context:\n1200   \n1201                       response = await page.goto(\n1202                           url, wait_until=config.wait_until, timeout=config.page_timeout\n1203                       )\n1204                   except Error as e:\n1205 →                     raise RuntimeError(f"Failed on navigating ACS-GOTO:\\n{str(e)}")\n1206   \n1207                   await self.execute_hook("after_goto", page, context=context, url=url, response=response)\n1208   \n1209                   if response is None:\n1210                       status_code = 200' session_id=None response_headers=None status_code=None ssl_certificate=None


Failed to crawl: https://www.bolton.ac.uk/assets/Uploads/45-ProbationaryPeriod.pdf
Result: url='https://www.bolton.ac.uk/assets/Uploads/45-ProbationaryPeriod.pdf' html='' success=False cleaned_html=None media={} links={} downloaded_files=None screenshot=None pdf=None markdown=None markdown_v2=None fit_markdown=None fit_html=None extracted_content=None metadata=None error_message='Unexpected error in _crawl_web at line 1205 in _crawl_web (../../.pyenv/versions/3.12.6/lib/python3.12/site-packages/crawl4ai/async_crawler_strategy.py):\nError: Failed on navigating ACS-GOTO:\nPage.goto: net::ERR_FAILED at https://www.bolton.ac.uk/assets/Uploads/45-ProbationaryPeriod.pdf\nCall log:\n  - navigating to "https://www.bolton.ac.uk/assets/Uploads/45-ProbationaryPeriod.pdf", waiting until "domcontentloaded"\n\n\nCode context:\n1200   \n1201                       response = await page.goto(\n1202                           url, wait_until=config.wait_until, timeout=config.page_timeout\n1203                       )\n1204                   except Error as e:\n1205 →                     raise RuntimeError(f"Failed on navigating ACS-GOTO:\\n{str(e)}")\n1206   \n1207                   await self.execute_hook("after_goto", page, context=context, url=url, response=response)\n1208   \n1209                   if response is None:\n1210                       status_code = 200' session_id=None response_headers=None status_code=None ssl_certificate=None


Failed to crawl: https://www.bolton.ac.uk/assets/Uploads/Policy-on-PhD-Professional-Doctorate-Requirements.pdf
Result: url='https://www.bolton.ac.uk/assets/Uploads/Policy-on-PhD-Professional-Doctorate-Requirements.pdf' html='' success=False cleaned_html=None media={} links={} downloaded_files=None screenshot=None pdf=None markdown=None markdown_v2=None fit_markdown=None fit_html=None extracted_content=None metadata=None error_message='Unexpected error in _crawl_web at line 1205 in _crawl_web (../../.pyenv/versions/3.12.6/lib/python3.12/site-packages/crawl4ai/async_crawler_strategy.py):\nError: Failed on navigating ACS-GOTO:\nPage.goto: net::ERR_FAILED at https://www.bolton.ac.uk/assets/Uploads/Policy-on-PhD-Professional-Doctorate-Requirements.pdf\nCall log:\n  - navigating to "https://www.bolton.ac.uk/assets/Uploads/Policy-on-PhD-Professional-Doctorate-Requirements.pdf", waiting until "domcontentloaded"\n\n\nCode context:\n1200   \n1201                       response = await page.goto(\n1202                           url, wait_until=config.wait_until, timeout=config.page_timeout\n1203                       )\n1204                   except Error as e:\n1205 →                     raise RuntimeError(f"Failed on navigating ACS-GOTO:\\n{str(e)}")\n1206   \n1207                   await self.execute_hook("after_goto", page, context=context, url=url, response=response)\n1208   \n1209                   if response is None:\n1210                       status_code = 200' session_id=None response_headers=None status_code=None ssl_certificate=None


Failed to crawl: https://www.bolton.ac.uk/assets/Uploads/45-Probatinary-Period.pdf
Result: url='https://www.bolton.ac.uk/assets/Uploads/45-Probatinary-Period.pdf' html='' success=False cleaned_html=None media={} links={} downloaded_files=None screenshot=None pdf=None markdown=None markdown_v2=None fit_markdown=None fit_html=None extracted_content=None metadata=None error_message='Unexpected error in _crawl_web at line 1205 in _crawl_web (../../.pyenv/versions/3.12.6/lib/python3.12/site-packages/crawl4ai/async_crawler_strategy.py):\nError: Failed on navigating ACS-GOTO:\nPage.goto: net::ERR_FAILED at https://www.bolton.ac.uk/assets/Uploads/45-Probatinary-Period.pdf\nCall log:\n  - navigating to "https://www.bolton.ac.uk/assets/Uploads/45-Probatinary-Period.pdf", waiting until "domcontentloaded"\n\n\nCode context:\n1200   \n1201                       response = await page.goto(\n1202                           url, wait_until=config.wait_until, timeout=config.page_timeout\n1203                       )\n1204                   except Error as e:\n1205 →                     raise RuntimeError(f"Failed on navigating ACS-GOTO:\\n{str(e)}")\n1206   \n1207                   await self.execute_hook("after_goto", page, context=context, url=url, response=response)\n1208   \n1209                   if response is None:\n1210                       status_code = 200' session_id=None response_headers=None status_code=None ssl_certificate=None


Failed to crawl: https://www.bolton.ac.uk/assets/Uploads/Pronouns-and-Glossary-of-Terms-in-relation-to-Equality-and-Gender-Identity.pdf
Result: url='https://www.bolton.ac.uk/assets/Uploads/Pronouns-and-Glossary-of-Terms-in-relation-to-Equality-and-Gender-Identity.pdf' html='' success=False cleaned_html=None media={} links={} downloaded_files=None screenshot=None pdf=None markdown=None markdown_v2=None fit_markdown=None fit_html=None extracted_content=None metadata=None error_message='Unexpected error in _crawl_web at line 1205 in _crawl_web (../../.pyenv/versions/3.12.6/lib/python3.12/site-packages/crawl4ai/async_crawler_strategy.py):\nError: Failed on navigating ACS-GOTO:\nPage.goto: net::ERR_FAILED at https://www.bolton.ac.uk/assets/Uploads/Pronouns-and-Glossary-of-Terms-in-relation-to-Equality-and-Gender-Identity.pdf\nCall log:\n  - navigating to "https://www.bolton.ac.uk/assets/Uploads/Pronouns-and-Glossary-of-Terms-in-relation-to-Equality-and-Gender-Identity.pdf", waiting until "domcontentloaded"\n\n\nCode context:\n1200   \n1201                       response = await page.goto(\n1202                           url, wait_until=config.wait_until, timeout=config.page_timeout\n1203                       )\n1204                   except Error as e:\n1205 →                     raise RuntimeError(f"Failed on navigating ACS-GOTO:\\n{str(e)}")\n1206   \n1207                   await self.execute_hook("after_goto", page, context=context, url=url, response=response)\n1208   \n1209                   if response is None:\n1210                       status_code = 200' session_id=None response_headers=None status_code=None ssl_certificate=None


Failed to crawl: https://www.bolton.ac.uk/assets/Uploads/Season-Ticket-Terms-and-Conditions.pdf
Result: url='https://www.bolton.ac.uk/assets/Uploads/Season-Ticket-Terms-and-Conditions.pdf' html='' success=False cleaned_html=None media={} links={} downloaded_files=None screenshot=None pdf=None markdown=None markdown_v2=None fit_markdown=None fit_html=None extracted_content=None metadata=None error_message='Unexpected error in _crawl_web at line 1205 in _crawl_web (../../.pyenv/versions/3.12.6/lib/python3.12/site-packages/crawl4ai/async_crawler_strategy.py):\nError: Failed on navigating ACS-GOTO:\nPage.goto: net::ERR_FAILED at https://www.bolton.ac.uk/assets/Uploads/Season-Ticket-Terms-and-Conditions.pdf\nCall log:\n  - navigating to "https://www.bolton.ac.uk/assets/Uploads/Season-Ticket-Terms-and-Conditions.pdf", waiting until "domcontentloaded"\n\n\nCode context:\n1200   \n1201                       response = await page.goto(\n1202                           url, wait_until=config.wait_until, timeout=config.page_timeout\n1203                       )\n1204                   except Error as e:\n1205 →                     raise RuntimeError(f"Failed on navigating ACS-GOTO:\\n{str(e)}")\n1206   \n1207                   await self.execute_hook("after_goto", page, context=context, url=url, response=response)\n1208   \n1209                   if response is None:\n1210                       status_code = 200' session_id=None response_headers=None status_code=None ssl_certificate=None


Failed to crawl: https://www.bolton.ac.uk/assets/Uploads/48-Recruitment-of-Ex-Offenders-Policy.pdf
Result: url='https://www.bolton.ac.uk/assets/Uploads/48-Recruitment-of-Ex-Offenders-Policy.pdf' html='' success=False cleaned_html=None media={} links={} downloaded_files=None screenshot=None pdf=None markdown=None markdown_v2=None fit_markdown=None fit_html=None extracted_content=None metadata=None error_message='Unexpected error in _crawl_web at line 1205 in _crawl_web (../../.pyenv/versions/3.12.6/lib/python3.12/site-packages/crawl4ai/async_crawler_strategy.py):\nError: Failed on navigating ACS-GOTO:\nPage.goto: net::ERR_FAILED at https://www.bolton.ac.uk/assets/Uploads/48-Recruitment-of-Ex-Offenders-Policy.pdf\nCall log:\n  - navigating to "https://www.bolton.ac.uk/assets/Uploads/48-Recruitment-of-Ex-Offenders-Policy.pdf", waiting until "domcontentloaded"\n\n\nCode context:\n1200   \n1201                       response = await page.goto(\n1202                           url, wait_until=config.wait_until, timeout=config.page_timeout\n1203                       )\n1204                   except Error as e:\n1205 →                     raise RuntimeError(f"Failed on navigating ACS-GOTO:\\n{str(e)}")\n1206   \n1207                   await self.execute_hook("after_goto", page, context=context, url=url, response=response)\n1208   \n1209                   if response is None:\n1210                       status_code = 200' session_id=None response_headers=None status_code=None ssl_certificate=None


Failed to crawl: https://www.bolton.ac.uk/assets/Uploads/Framework-for-Redundancy.pdf
Result: url='https://www.bolton.ac.uk/assets/Uploads/Framework-for-Redundancy.pdf' html='' success=False cleaned_html=None media={} links={} downloaded_files=None screenshot=None pdf=None markdown=None markdown_v2=None fit_markdown=None fit_html=None extracted_content=None metadata=None error_message='Unexpected error in _crawl_web at line 1205 in _crawl_web (../../.pyenv/versions/3.12.6/lib/python3.12/site-packages/crawl4ai/async_crawler_strategy.py):\nError: Failed on navigating ACS-GOTO:\nPage.goto: net::ERR_FAILED at https://www.bolton.ac.uk/assets/Uploads/Framework-for-Redundancy.pdf\nCall log:\n  - navigating to "https://www.bolton.ac.uk/assets/Uploads/Framework-for-Redundancy.pdf", waiting until "domcontentloaded"\n\n\nCode context:\n1200   \n1201                       response = await page.goto(\n1202                           url, wait_until=config.wait_until, timeout=config.page_timeout\n1203                       )\n1204                   except Error as e:\n1205 →                     raise RuntimeError(f"Failed on navigating ACS-GOTO:\\n{str(e)}")\n1206   \n1207                   await self.execute_hook("after_goto", page, context=context, url=url, response=response)\n1208   \n1209                   if response is None:\n1210                       status_code = 200' session_id=None response_headers=None status_code=None ssl_certificate=None


Failed to crawl: https://www.bolton.ac.uk/assets/Uploads/Relocation-and-Visa-Support-Policy-March-2023-Final.pdf
Result: url='https://www.bolton.ac.uk/assets/Uploads/Relocation-and-Visa-Support-Policy-March-2023-Final.pdf' html='' success=False cleaned_html=None media={} links={} downloaded_files=None screenshot=None pdf=None markdown=None markdown_v2=None fit_markdown=None fit_html=None extracted_content=None metadata=None error_message='Unexpected error in _crawl_web at line 1205 in _crawl_web (../../.pyenv/versions/3.12.6/lib/python3.12/site-packages/crawl4ai/async_crawler_strategy.py):\nError: Failed on navigating ACS-GOTO:\nPage.goto: net::ERR_FAILED at https://www.bolton.ac.uk/assets/Uploads/Relocation-and-Visa-Support-Policy-March-2023-Final.pdf\nCall log:\n  - navigating to "https://www.bolton.ac.uk/assets/Uploads/Relocation-and-Visa-Support-Policy-March-2023-Final.pdf", waiting until "domcontentloaded"\n\n\nCode context:\n1200   \n1201                       response = await page.goto(\n1202                           url, wait_until=config.wait_until, timeout=config.page_timeout\n1203                       )\n1204                   except Error as e:\n1205 →                     raise RuntimeError(f"Failed on navigating ACS-GOTO:\\n{str(e)}")\n1206   \n1207                   await self.execute_hook("after_goto", page, context=context, url=url, response=response)\n1208   \n1209                   if response is None:\n1210                       status_code = 200' session_id=None response_headers=None status_code=None ssl_certificate=None


Failed to crawl: https://www.bolton.ac.uk/assets/Uploads/105-Safeguarding-Z-Fold-2022-proof2.pdf
Result: url='https://www.bolton.ac.uk/assets/Uploads/105-Safeguarding-Z-Fold-2022-proof2.pdf' html='' success=False cleaned_html=None media={} links={} downloaded_files=None screenshot=None pdf=None markdown=None markdown_v2=None fit_markdown=None fit_html=None extracted_content=None metadata=None error_message='Unexpected error in _crawl_web at line 1205 in _crawl_web (../../.pyenv/versions/3.12.6/lib/python3.12/site-packages/crawl4ai/async_crawler_strategy.py):\nError: Failed on navigating ACS-GOTO:\nPage.goto: net::ERR_FAILED at https://www.bolton.ac.uk/assets/Uploads/105-Safeguarding-Z-Fold-2022-proof2.pdf\nCall log:\n  - navigating to "https://www.bolton.ac.uk/assets/Uploads/105-Safeguarding-Z-Fold-2022-proof2.pdf", waiting until "domcontentloaded"\n\n\nCode context:\n1200   \n1201                       response = await page.goto(\n1202                           url, wait_until=config.wait_until, timeout=config.page_timeout\n1203                       )\n1204                   except Error as e:\n1205 →                     raise RuntimeError(f"Failed on navigating ACS-GOTO:\\n{str(e)}")\n1206   \n1207                   await self.execute_hook("after_goto", page, context=context, url=url, response=response)\n1208   \n1209                   if response is None:\n1210                       status_code = 200' session_id=None response_headers=None status_code=None ssl_certificate=None


Failed to crawl: https://www.bolton.ac.uk/assets/Uploads/Travel-Safety-Security-2017-Version-1.pdf
Result: url='https://www.bolton.ac.uk/assets/Uploads/Travel-Safety-Security-2017-Version-1.pdf' html='' success=False cleaned_html=None media={} links={} downloaded_files=None screenshot=None pdf=None markdown=None markdown_v2=None fit_markdown=None fit_html=None extracted_content=None metadata=None error_message='Unexpected error in _crawl_web at line 1205 in _crawl_web (../../.pyenv/versions/3.12.6/lib/python3.12/site-packages/crawl4ai/async_crawler_strategy.py):\nError: Failed on navigating ACS-GOTO:\nPage.goto: net::ERR_FAILED at https://www.bolton.ac.uk/assets/Uploads/Travel-Safety-Security-2017-Version-1.pdf\nCall log:\n  - navigating to "https://www.bolton.ac.uk/assets/Uploads/Travel-Safety-Security-2017-Version-1.pdf", waiting until "domcontentloaded"\n\n\nCode context:\n1200   \n1201                       response = await page.goto(\n1202                           url, wait_until=config.wait_until, timeout=config.page_timeout\n1203                       )\n1204                   except Error as e:\n1205 →                     raise RuntimeError(f"Failed on navigating ACS-GOTO:\\n{str(e)}")\n1206   \n1207                   await self.execute_hook("after_goto", page, context=context, url=url, response=response)\n1208   \n1209                   if response is None:\n1210                       status_code = 200' session_id=None response_headers=None status_code=None ssl_certificate=None


Failed to crawl: https://www.bolton.ac.uk/assets/Uploads/Safe-International-Working-with-the-University-2017-2019.pdf
Result: url='https://www.bolton.ac.uk/assets/Uploads/Safe-International-Working-with-the-University-2017-2019.pdf' html='' success=False cleaned_html=None media={} links={} downloaded_files=None screenshot=None pdf=None markdown=None markdown_v2=None fit_markdown=None fit_html=None extracted_content=None metadata=None error_message='Unexpected error in _crawl_web at line 1205 in _crawl_web (../../.pyenv/versions/3.12.6/lib/python3.12/site-packages/crawl4ai/async_crawler_strategy.py):\nError: Failed on navigating ACS-GOTO:\nPage.goto: net::ERR_FAILED at https://www.bolton.ac.uk/assets/Uploads/Safe-International-Working-with-the-University-2017-2019.pdf\nCall log:\n  - navigating to "https://www.bolton.ac.uk/assets/Uploads/Safe-International-Working-with-the-University-2017-2019.pdf", waiting until "domcontentloaded"\n\n\nCode context:\n1200   \n1201                       response = await page.goto(\n1202                           url, wait_until=config.wait_until, timeout=config.page_timeout\n1203                       )\n1204                   except Error as e:\n1205 →                     raise RuntimeError(f"Failed on navigating ACS-GOTO:\\n{str(e)}")\n1206   \n1207                   await self.execute_hook("after_goto", page, context=context, url=url, response=response)\n1208   \n1209                   if response is None:\n1210                       status_code = 200' session_id=None response_headers=None status_code=None ssl_certificate=None


Failed to crawl: https://www.bolton.ac.uk/assets/Uploads/Travel-Cover-Summary-2019-2020.pdf
Result: url='https://www.bolton.ac.uk/assets/Uploads/Travel-Cover-Summary-2019-2020.pdf' html='' success=False cleaned_html=None media={} links={} downloaded_files=None screenshot=None pdf=None markdown=None markdown_v2=None fit_markdown=None fit_html=None extracted_content=None metadata=None error_message='Unexpected error in _crawl_web at line 1205 in _crawl_web (../../.pyenv/versions/3.12.6/lib/python3.12/site-packages/crawl4ai/async_crawler_strategy.py):\nError: Failed on navigating ACS-GOTO:\nPage.goto: net::ERR_FAILED at https://www.bolton.ac.uk/assets/Uploads/Travel-Cover-Summary-2019-2020.pdf\nCall log:\n  - navigating to "https://www.bolton.ac.uk/assets/Uploads/Travel-Cover-Summary-2019-2020.pdf", waiting until "domcontentloaded"\n\n\nCode context:\n1200   \n1201                       response = await page.goto(\n1202                           url, wait_until=config.wait_until, timeout=config.page_timeout\n1203                       )\n1204                   except Error as e:\n1205 →                     raise RuntimeError(f"Failed on navigating ACS-GOTO:\\n{str(e)}")\n1206   \n1207                   await self.execute_hook("after_goto", page, context=context, url=url, response=response)\n1208   \n1209                   if response is None:\n1210                       status_code = 200' session_id=None response_headers=None status_code=None ssl_certificate=None


Failed to crawl: https://www.bolton.ac.uk/assets/Uploads/Section-17-Fieldwork-and-Activities-Overseas-Policy-Rev-2017-am4.pdf
Result: url='https://www.bolton.ac.uk/assets/Uploads/Section-17-Fieldwork-and-Activities-Overseas-Policy-Rev-2017-am4.pdf' html='' success=False cleaned_html=None media={} links={} downloaded_files=None screenshot=None pdf=None markdown=None markdown_v2=None fit_markdown=None fit_html=None extracted_content=None metadata=None error_message='Unexpected error in _crawl_web at line 1205 in _crawl_web (../../.pyenv/versions/3.12.6/lib/python3.12/site-packages/crawl4ai/async_crawler_strategy.py):\nError: Failed on navigating ACS-GOTO:\nPage.goto: net::ERR_FAILED at https://www.bolton.ac.uk/assets/Uploads/Section-17-Fieldwork-and-Activities-Overseas-Policy-Rev-2017-am4.pdf\nCall log:\n  - navigating to "https://www.bolton.ac.uk/assets/Uploads/Section-17-Fieldwork-and-Activities-Overseas-Policy-Rev-2017-am4.pdf", waiting until "domcontentloaded"\n\n\nCode context:\n1200   \n1201                       response = await page.goto(\n1202                           url, wait_until=config.wait_until, timeout=config.page_timeout\n1203                       )\n1204                   except Error as e:\n1205 →                     raise RuntimeError(f"Failed on navigating ACS-GOTO:\\n{str(e)}")\n1206   \n1207                   await self.execute_hook("after_goto", page, context=context, url=url, response=response)\n1208   \n1209                   if response is None:\n1210                       status_code = 200' session_id=None response_headers=None status_code=None ssl_certificate=None


Failed to crawl: https://www.bolton.ac.uk/assets/Uploads/Web-PayScales-Aug-2023.pdf
Result: url='https://www.bolton.ac.uk/assets/Uploads/Web-PayScales-Aug-2023.pdf' html='' success=False cleaned_html=None media={} links={} downloaded_files=None screenshot=None pdf=None markdown=None markdown_v2=None fit_markdown=None fit_html=None extracted_content=None metadata=None error_message='Unexpected error in _crawl_web at line 1205 in _crawl_web (../../.pyenv/versions/3.12.6/lib/python3.12/site-packages/crawl4ai/async_crawler_strategy.py):\nError: Failed on navigating ACS-GOTO:\nPage.goto: net::ERR_FAILED at https://www.bolton.ac.uk/assets/Uploads/Web-PayScales-Aug-2023.pdf\nCall log:\n  - navigating to "https://www.bolton.ac.uk/assets/Uploads/Web-PayScales-Aug-2023.pdf", waiting until "domcontentloaded"\n\n\nCode context:\n1200   \n1201                       response = await page.goto(\n1202                           url, wait_until=config.wait_until, timeout=config.page_timeout\n1203                       )\n1204                   except Error as e:\n1205 →                     raise RuntimeError(f"Failed on navigating ACS-GOTO:\\n{str(e)}")\n1206   \n1207                   await self.execute_hook("after_goto", page, context=context, url=url, response=response)\n1208   \n1209                   if response is None:\n1210                       status_code = 200' session_id=None response_headers=None status_code=None ssl_certificate=None


Failed to crawl: https://www.bolton.ac.uk/assets/Uploads/payroll-deadlines-2022-2023.pdf
Result: url='https://www.bolton.ac.uk/assets/Uploads/payroll-deadlines-2022-2023.pdf' html='' success=False cleaned_html=None media={} links={} downloaded_files=None screenshot=None pdf=None markdown=None markdown_v2=None fit_markdown=None fit_html=None extracted_content=None metadata=None error_message='Unexpected error in _crawl_web at line 1205 in _crawl_web (../../.pyenv/versions/3.12.6/lib/python3.12/site-packages/crawl4ai/async_crawler_strategy.py):\nError: Failed on navigating ACS-GOTO:\nPage.goto: net::ERR_FAILED at https://www.bolton.ac.uk/assets/Uploads/payroll-deadlines-2022-2023.pdf\nCall log:\n  - navigating to "https://www.bolton.ac.uk/assets/Uploads/payroll-deadlines-2022-2023.pdf", waiting until "domcontentloaded"\n\n\nCode context:\n1200   \n1201                       response = await page.goto(\n1202                           url, wait_until=config.wait_until, timeout=config.page_timeout\n1203                       )\n1204                   except Error as e:\n1205 →                     raise RuntimeError(f"Failed on navigating ACS-GOTO:\\n{str(e)}")\n1206   \n1207                   await self.execute_hook("after_goto", page, context=context, url=url, response=response)\n1208   \n1209                   if response is None:\n1210                       status_code = 200' session_id=None response_headers=None status_code=None ssl_certificate=None


Failed to crawl: https://www.bolton.ac.uk/assets/Uploads/109-Expenses-Claim-Form-Blank.pdf
Result: url='https://www.bolton.ac.uk/assets/Uploads/109-Expenses-Claim-Form-Blank.pdf' html='' success=False cleaned_html=None media={} links={} downloaded_files=None screenshot=None pdf=None markdown=None markdown_v2=None fit_markdown=None fit_html=None extracted_content=None metadata=None error_message='Unexpected error in _crawl_web at line 1205 in _crawl_web (../../.pyenv/versions/3.12.6/lib/python3.12/site-packages/crawl4ai/async_crawler_strategy.py):\nError: Failed on navigating ACS-GOTO:\nPage.goto: net::ERR_FAILED at https://www.bolton.ac.uk/assets/Uploads/109-Expenses-Claim-Form-Blank.pdf\nCall log:\n  - navigating to "https://www.bolton.ac.uk/assets/Uploads/109-Expenses-Claim-Form-Blank.pdf", waiting until "domcontentloaded"\n\n\nCode context:\n1200   \n1201                       response = await page.goto(\n1202                           url, wait_until=config.wait_until, timeout=config.page_timeout\n1203                       )\n1204                   except Error as e:\n1205 →                     raise RuntimeError(f"Failed on navigating ACS-GOTO:\\n{str(e)}")\n1206   \n1207                   await self.execute_hook("after_goto", page, context=context, url=url, response=response)\n1208   \n1209                   if response is None:\n1210                       status_code = 200' session_id=None response_headers=None status_code=None ssl_certificate=None


Failed to crawl: https://www.bolton.ac.uk/assets/Uploads/Staff-Social-Media-Policy-27-06-2016.pdf
Result: url='https://www.bolton.ac.uk/assets/Uploads/Staff-Social-Media-Policy-27-06-2016.pdf' html='' success=False cleaned_html=None media={} links={} downloaded_files=None screenshot=None pdf=None markdown=None markdown_v2=None fit_markdown=None fit_html=None extracted_content=None metadata=None error_message='Unexpected error in _crawl_web at line 1205 in _crawl_web (../../.pyenv/versions/3.12.6/lib/python3.12/site-packages/crawl4ai/async_crawler_strategy.py):\nError: Failed on navigating ACS-GOTO:\nPage.goto: net::ERR_FAILED at https://www.bolton.ac.uk/assets/Uploads/Staff-Social-Media-Policy-27-06-2016.pdf\nCall log:\n  - navigating to "https://www.bolton.ac.uk/assets/Uploads/Staff-Social-Media-Policy-27-06-2016.pdf", waiting until "domcontentloaded"\n\n\nCode context:\n1200   \n1201                       response = await page.goto(\n1202                           url, wait_until=config.wait_until, timeout=config.page_timeout\n1203                       )\n1204                   except Error as e:\n1205 →                     raise RuntimeError(f"Failed on navigating ACS-GOTO:\\n{str(e)}")\n1206   \n1207                   await self.execute_hook("after_goto", page, context=context, url=url, response=response)\n1208   \n1209                   if response is None:\n1210                       status_code = 200' session_id=None response_headers=None status_code=None ssl_certificate=None


Failed to crawl: https://www.bolton.ac.uk/assets/Uploads/SPARC-Price-List-2022-23.pdf
Result: url='https://www.bolton.ac.uk/assets/Uploads/SPARC-Price-List-2022-23.pdf' html='' success=False cleaned_html=None media={} links={} downloaded_files=None screenshot=None pdf=None markdown=None markdown_v2=None fit_markdown=None fit_html=None extracted_content=None metadata=None error_message='Unexpected error in _crawl_web at line 1205 in _crawl_web (../../.pyenv/versions/3.12.6/lib/python3.12/site-packages/crawl4ai/async_crawler_strategy.py):\nError: Failed on navigating ACS-GOTO:\nPage.goto: net::ERR_FAILED at https://www.bolton.ac.uk/assets/Uploads/SPARC-Price-List-2022-23.pdf\nCall log:\n  - navigating to "https://www.bolton.ac.uk/assets/Uploads/SPARC-Price-List-2022-23.pdf", waiting until "domcontentloaded"\n\n\nCode context:\n1200   \n1201                       response = await page.goto(\n1202                           url, wait_until=config.wait_until, timeout=config.page_timeout\n1203                       )\n1204                   except Error as e:\n1205 →                     raise RuntimeError(f"Failed on navigating ACS-GOTO:\\n{str(e)}")\n1206   \n1207                   await self.execute_hook("after_goto", page, context=context, url=url, response=response)\n1208   \n1209                   if response is None:\n1210                       status_code = 200' session_id=None response_headers=None status_code=None ssl_certificate=None


Failed to crawl: https://www.bolton.ac.uk/assets/Uploads/70-Stress-Management.pdf
Result: url='https://www.bolton.ac.uk/assets/Uploads/70-Stress-Management.pdf' html='' success=False cleaned_html=None media={} links={} downloaded_files=None screenshot=None pdf=None markdown=None markdown_v2=None fit_markdown=None fit_html=None extracted_content=None metadata=None error_message='Unexpected error in _crawl_web at line 1205 in _crawl_web (../../.pyenv/versions/3.12.6/lib/python3.12/site-packages/crawl4ai/async_crawler_strategy.py):\nError: Failed on navigating ACS-GOTO:\nPage.goto: net::ERR_FAILED at https://www.bolton.ac.uk/assets/Uploads/70-Stress-Management.pdf\nCall log:\n  - navigating to "https://www.bolton.ac.uk/assets/Uploads/70-Stress-Management.pdf", waiting until "domcontentloaded"\n\n\nCode context:\n1200   \n1201                       response = await page.goto(\n1202                           url, wait_until=config.wait_until, timeout=config.page_timeout\n1203                       )\n1204                   except Error as e:\n1205 →                     raise RuntimeError(f"Failed on navigating ACS-GOTO:\\n{str(e)}")\n1206   \n1207                   await self.execute_hook("after_goto", page, context=context, url=url, response=response)\n1208   \n1209                   if response is None:\n1210                       status_code = 200' session_id=None response_headers=None status_code=None ssl_certificate=None


Failed to crawl: https://www.bolton.ac.uk/assets/Uploads/71-Student-Referral-Discount-Scheme-Policy.pdf
Result: url='https://www.bolton.ac.uk/assets/Uploads/71-Student-Referral-Discount-Scheme-Policy.pdf' html='' success=False cleaned_html=None media={} links={} downloaded_files=None screenshot=None pdf=None markdown=None markdown_v2=None fit_markdown=None fit_html=None extracted_content=None metadata=None error_message='Unexpected error in _crawl_web at line 1205 in _crawl_web (../../.pyenv/versions/3.12.6/lib/python3.12/site-packages/crawl4ai/async_crawler_strategy.py):\nError: Failed on navigating ACS-GOTO:\nPage.goto: net::ERR_FAILED at https://www.bolton.ac.uk/assets/Uploads/71-Student-Referral-Discount-Scheme-Policy.pdf\nCall log:\n  - navigating to "https://www.bolton.ac.uk/assets/Uploads/71-Student-Referral-Discount-Scheme-Policy.pdf", waiting until "domcontentloaded"\n\n\nCode context:\n1200   \n1201                       response = await page.goto(\n1202                           url, wait_until=config.wait_until, timeout=config.page_timeout\n1203                       )\n1204                   except Error as e:\n1205 →                     raise RuntimeError(f"Failed on navigating ACS-GOTO:\\n{str(e)}")\n1206   \n1207                   await self.execute_hook("after_goto", page, context=context, url=url, response=response)\n1208   \n1209                   if response is None:\n1210                       status_code = 200' session_id=None response_headers=None status_code=None ssl_certificate=None


Failed to crawl: https://www.bolton.ac.uk/assets/Uploads/Talant-Successonal-Planning-Guide-June-2017-v1.pdf
Result: url='https://www.bolton.ac.uk/assets/Uploads/Talant-Successonal-Planning-Guide-June-2017-v1.pdf' html='' success=False cleaned_html=None media={} links={} downloaded_files=None screenshot=None pdf=None markdown=None markdown_v2=None fit_markdown=None fit_html=None extracted_content=None metadata=None error_message='Unexpected error in _crawl_web at line 1205 in _crawl_web (../../.pyenv/versions/3.12.6/lib/python3.12/site-packages/crawl4ai/async_crawler_strategy.py):\nError: Failed on navigating ACS-GOTO:\nPage.goto: net::ERR_FAILED at https://www.bolton.ac.uk/assets/Uploads/Talant-Successonal-Planning-Guide-June-2017-v1.pdf\nCall log:\n  - navigating to "https://www.bolton.ac.uk/assets/Uploads/Talant-Successonal-Planning-Guide-June-2017-v1.pdf", waiting until "domcontentloaded"\n\n\nCode context:\n1200   \n1201                       response = await page.goto(\n1202                           url, wait_until=config.wait_until, timeout=config.page_timeout\n1203                       )\n1204                   except Error as e:\n1205 →                     raise RuntimeError(f"Failed on navigating ACS-GOTO:\\n{str(e)}")\n1206   \n1207                   await self.execute_hook("after_goto", page, context=context, url=url, response=response)\n1208   \n1209                   if response is None:\n1210                       status_code = 200' session_id=None response_headers=None status_code=None ssl_certificate=None


Failed to crawl: https://www.bolton.ac.uk/assets/Uploads/73-Ac-staff-Pathways-May-2019.pdf
Result: url='https://www.bolton.ac.uk/assets/Uploads/73-Ac-staff-Pathways-May-2019.pdf' html='' success=False cleaned_html=None media={} links={} downloaded_files=None screenshot=None pdf=None markdown=None markdown_v2=None fit_markdown=None fit_html=None extracted_content=None metadata=None error_message='Unexpected error in _crawl_web at line 1205 in _crawl_web (../../.pyenv/versions/3.12.6/lib/python3.12/site-packages/crawl4ai/async_crawler_strategy.py):\nError: Failed on navigating ACS-GOTO:\nPage.goto: net::ERR_FAILED at https://www.bolton.ac.uk/assets/Uploads/73-Ac-staff-Pathways-May-2019.pdf\nCall log:\n  - navigating to "https://www.bolton.ac.uk/assets/Uploads/73-Ac-staff-Pathways-May-2019.pdf", waiting until "domcontentloaded"\n\n\nCode context:\n1200   \n1201                       response = await page.goto(\n1202                           url, wait_until=config.wait_until, timeout=config.page_timeout\n1203                       )\n1204                   except Error as e:\n1205 →                     raise RuntimeError(f"Failed on navigating ACS-GOTO:\\n{str(e)}")\n1206   \n1207                   await self.execute_hook("after_goto", page, context=context, url=url, response=response)\n1208   \n1209                   if response is None:\n1210                       status_code = 200' session_id=None response_headers=None status_code=None ssl_certificate=None


Failed to crawl: https://www.bolton.ac.uk/assets/Uploads/74-Teaching-Pathways.pdf
Result: url='https://www.bolton.ac.uk/assets/Uploads/74-Teaching-Pathways.pdf' html='' success=False cleaned_html=None media={} links={} downloaded_files=None screenshot=None pdf=None markdown=None markdown_v2=None fit_markdown=None fit_html=None extracted_content=None metadata=None error_message='Unexpected error in _crawl_web at line 1205 in _crawl_web (../../.pyenv/versions/3.12.6/lib/python3.12/site-packages/crawl4ai/async_crawler_strategy.py):\nError: Failed on navigating ACS-GOTO:\nPage.goto: net::ERR_FAILED at https://www.bolton.ac.uk/assets/Uploads/74-Teaching-Pathways.pdf\nCall log:\n  - navigating to "https://www.bolton.ac.uk/assets/Uploads/74-Teaching-Pathways.pdf", waiting until "domcontentloaded"\n\n\nCode context:\n1200   \n1201                       response = await page.goto(\n1202                           url, wait_until=config.wait_until, timeout=config.page_timeout\n1203                       )\n1204                   except Error as e:\n1205 →                     raise RuntimeError(f"Failed on navigating ACS-GOTO:\\n{str(e)}")\n1206   \n1207                   await self.execute_hook("after_goto", page, context=context, url=url, response=response)\n1208   \n1209                   if response is None:\n1210                       status_code = 200' session_id=None response_headers=None status_code=None ssl_certificate=None


Failed to crawl: https://www.bolton.ac.uk/assets/Uploads/75-UKHealthcarePoster.pdf
Result: url='https://www.bolton.ac.uk/assets/Uploads/75-UKHealthcarePoster.pdf' html='' success=False cleaned_html=None media={} links={} downloaded_files=None screenshot=None pdf=None markdown=None markdown_v2=None fit_markdown=None fit_html=None extracted_content=None metadata=None error_message='Unexpected error in _crawl_web at line 1205 in _crawl_web (../../.pyenv/versions/3.12.6/lib/python3.12/site-packages/crawl4ai/async_crawler_strategy.py):\nError: Failed on navigating ACS-GOTO:\nPage.goto: net::ERR_FAILED at https://www.bolton.ac.uk/assets/Uploads/75-UKHealthcarePoster.pdf\nCall log:\n  - navigating to "https://www.bolton.ac.uk/assets/Uploads/75-UKHealthcarePoster.pdf", waiting until "domcontentloaded"\n\n\nCode context:\n1200   \n1201                       response = await page.goto(\n1202                           url, wait_until=config.wait_until, timeout=config.page_timeout\n1203                       )\n1204                   except Error as e:\n1205 →                     raise RuntimeError(f"Failed on navigating ACS-GOTO:\\n{str(e)}")\n1206   \n1207                   await self.execute_hook("after_goto", page, context=context, url=url, response=response)\n1208   \n1209                   if response is None:\n1210                       status_code = 200' session_id=None response_headers=None status_code=None ssl_certificate=None


Failed to crawl: https://www.bolton.ac.uk/assets/Uploads/76-UKHealthcareAppn.pdf
Result: url='https://www.bolton.ac.uk/assets/Uploads/76-UKHealthcareAppn.pdf' html='' success=False cleaned_html=None media={} links={} downloaded_files=None screenshot=None pdf=None markdown=None markdown_v2=None fit_markdown=None fit_html=None extracted_content=None metadata=None error_message='Unexpected error in _crawl_web at line 1205 in _crawl_web (../../.pyenv/versions/3.12.6/lib/python3.12/site-packages/crawl4ai/async_crawler_strategy.py):\nError: Failed on navigating ACS-GOTO:\nPage.goto: net::ERR_FAILED at https://www.bolton.ac.uk/assets/Uploads/76-UKHealthcareAppn.pdf\nCall log:\n  - navigating to "https://www.bolton.ac.uk/assets/Uploads/76-UKHealthcareAppn.pdf", waiting until "domcontentloaded"\n\n\nCode context:\n1200   \n1201                       response = await page.goto(\n1202                           url, wait_until=config.wait_until, timeout=config.page_timeout\n1203                       )\n1204                   except Error as e:\n1205 →                     raise RuntimeError(f"Failed on navigating ACS-GOTO:\\n{str(e)}")\n1206   \n1207                   await self.execute_hook("after_goto", page, context=context, url=url, response=response)\n1208   \n1209                   if response is None:\n1210                       status_code = 200' session_id=None response_headers=None status_code=None ssl_certificate=None


Failed to crawl: https://www.bolton.ac.uk/assets/Uploads/77-UKVI-Reporting-Responsibilities.pdf
Result: url='https://www.bolton.ac.uk/assets/Uploads/77-UKVI-Reporting-Responsibilities.pdf' html='' success=False cleaned_html=None media={} links={} downloaded_files=None screenshot=None pdf=None markdown=None markdown_v2=None fit_markdown=None fit_html=None extracted_content=None metadata=None error_message='Unexpected error in _crawl_web at line 1205 in _crawl_web (../../.pyenv/versions/3.12.6/lib/python3.12/site-packages/crawl4ai/async_crawler_strategy.py):\nError: Failed on navigating ACS-GOTO:\nPage.goto: net::ERR_FAILED at https://www.bolton.ac.uk/assets/Uploads/77-UKVI-Reporting-Responsibilities.pdf\nCall log:\n  - navigating to "https://www.bolton.ac.uk/assets/Uploads/77-UKVI-Reporting-Responsibilities.pdf", waiting until "domcontentloaded"\n\n\nCode context:\n1200   \n1201                       response = await page.goto(\n1202                           url, wait_until=config.wait_until, timeout=config.page_timeout\n1203                       )\n1204                   except Error as e:\n1205 →                     raise RuntimeError(f"Failed on navigating ACS-GOTO:\\n{str(e)}")\n1206   \n1207                   await self.execute_hook("after_goto", page, context=context, url=url, response=response)\n1208   \n1209                   if response is None:\n1210                       status_code = 200' session_id=None response_headers=None status_code=None ssl_certificate=None


Failed to crawl: https://www.bolton.ac.uk/assets/Working-Remotely-from-Home-Policy-Final-12-Mar-2021.pdf
Result: url='https://www.bolton.ac.uk/assets/Working-Remotely-from-Home-Policy-Final-12-Mar-2021.pdf' html='' success=False cleaned_html=None media={} links={} downloaded_files=None screenshot=None pdf=None markdown=None markdown_v2=None fit_markdown=None fit_html=None extracted_content=None metadata=None error_message='Unexpected error in _crawl_web at line 1205 in _crawl_web (../../.pyenv/versions/3.12.6/lib/python3.12/site-packages/crawl4ai/async_crawler_strategy.py):\nError: Failed on navigating ACS-GOTO:\nPage.goto: net::ERR_FAILED at https://www.bolton.ac.uk/assets/Working-Remotely-from-Home-Policy-Final-12-Mar-2021.pdf\nCall log:\n  - navigating to "https://www.bolton.ac.uk/assets/Working-Remotely-from-Home-Policy-Final-12-Mar-2021.pdf", waiting until "domcontentloaded"\n\n\nCode context:\n1200   \n1201                       response = await page.goto(\n1202                           url, wait_until=config.wait_until, timeout=config.page_timeout\n1203                       )\n1204                   except Error as e:\n1205 →                     raise RuntimeError(f"Failed on navigating ACS-GOTO:\\n{str(e)}")\n1206   \n1207                   await self.execute_hook("after_goto", page, context=context, url=url, response=response)\n1208   \n1209                   if response is None:\n1210                       status_code = 200' session_id=None response_headers=None status_code=None ssl_certificate=None


Failed to crawl: https://www.bolton.ac.uk/assets/Uploads/WLA-Workload-Allocation-Planning-Framework-September-2021.pdf
Result: url='https://www.bolton.ac.uk/assets/Uploads/WLA-Workload-Allocation-Planning-Framework-September-2021.pdf' html='' success=False cleaned_html=None media={} links={} downloaded_files=None screenshot=None pdf=None markdown=None markdown_v2=None fit_markdown=None fit_html=None extracted_content=None metadata=None error_message='Unexpected error in _crawl_web at line 1205 in _crawl_web (../../.pyenv/versions/3.12.6/lib/python3.12/site-packages/crawl4ai/async_crawler_strategy.py):\nError: Failed on navigating ACS-GOTO:\nPage.goto: net::ERR_FAILED at https://www.bolton.ac.uk/assets/Uploads/WLA-Workload-Allocation-Planning-Framework-September-2021.pdf\nCall log:\n  - navigating to "https://www.bolton.ac.uk/assets/Uploads/WLA-Workload-Allocation-Planning-Framework-September-2021.pdf", waiting until "domcontentloaded"\n\n\nCode context:\n1200   \n1201                       response = await page.goto(\n1202                           url, wait_until=config.wait_until, timeout=config.page_timeout\n1203                       )\n1204                   except Error as e:\n1205 →                     raise RuntimeError(f"Failed on navigating ACS-GOTO:\\n{str(e)}")\n1206   \n1207                   await self.execute_hook("after_goto", page, context=context, url=url, response=response)\n1208   \n1209                   if response is None:\n1210                       status_code = 200' session_id=None response_headers=None status_code=None ssl_certificate=None


Failed to crawl: https://www.bolton.ac.uk/assets/Workload-Allocation-Guidance-2021.pdf
Result: url='https://www.bolton.ac.uk/assets/Workload-Allocation-Guidance-2021.pdf' html='' success=False cleaned_html=None media={} links={} downloaded_files=None screenshot=None pdf=None markdown=None markdown_v2=None fit_markdown=None fit_html=None extracted_content=None metadata=None error_message='Unexpected error in _crawl_web at line 1205 in _crawl_web (../../.pyenv/versions/3.12.6/lib/python3.12/site-packages/crawl4ai/async_crawler_strategy.py):\nError: Failed on navigating ACS-GOTO:\nPage.goto: net::ERR_FAILED at https://www.bolton.ac.uk/assets/Workload-Allocation-Guidance-2021.pdf\nCall log:\n  - navigating to "https://www.bolton.ac.uk/assets/Workload-Allocation-Guidance-2021.pdf", waiting until "domcontentloaded"\n\n\nCode context:\n1200   \n1201                       response = await page.goto(\n1202                           url, wait_until=config.wait_until, timeout=config.page_timeout\n1203                       )\n1204                   except Error as e:\n1205 →                     raise RuntimeError(f"Failed on navigating ACS-GOTO:\\n{str(e)}")\n1206   \n1207                   await self.execute_hook("after_goto", page, context=context, url=url, response=response)\n1208   \n1209                   if response is None:\n1210                       status_code = 200' session_id=None response_headers=None status_code=None ssl_certificate=None


Failed to crawl: https://www.bolton.ac.uk/assets/Hosted/University-of-Bolton-HEAR-Staff-FAQs.pdf
Result: url='https://www.bolton.ac.uk/assets/Hosted/University-of-Bolton-HEAR-Staff-FAQs.pdf' html='' success=False cleaned_html=None media={} links={} downloaded_files=None screenshot=None pdf=None markdown=None markdown_v2=None fit_markdown=None fit_html=None extracted_content=None metadata=None error_message='Unexpected error in _crawl_web at line 1205 in _crawl_web (../../.pyenv/versions/3.12.6/lib/python3.12/site-packages/crawl4ai/async_crawler_strategy.py):\nError: Failed on navigating ACS-GOTO:\nPage.goto: net::ERR_FAILED at https://www.bolton.ac.uk/assets/Hosted/University-of-Bolton-HEAR-Staff-FAQs.pdf\nCall log:\n  - navigating to "https://www.bolton.ac.uk/assets/Hosted/University-of-Bolton-HEAR-Staff-FAQs.pdf", waiting until "domcontentloaded"\n\n\nCode context:\n1200   \n1201                       response = await page.goto(\n1202                           url, wait_until=config.wait_until, timeout=config.page_timeout\n1203                       )\n1204                   except Error as e:\n1205 →                     raise RuntimeError(f"Failed on navigating ACS-GOTO:\\n{str(e)}")\n1206   \n1207                   await self.execute_hook("after_goto", page, context=context, url=url, response=response)\n1208   \n1209                   if response is None:\n1210                       status_code = 200' session_id=None response_headers=None status_code=None ssl_certificate=None


Failed to crawl: https://www.bolton.ac.uk/assets/Uploads/UOB-GRADUATION-PRIVACY-NOTICE_Feb-2023.pdf
Result: url='https://www.bolton.ac.uk/assets/Uploads/UOB-GRADUATION-PRIVACY-NOTICE_Feb-2023.pdf' html='' success=False cleaned_html=None media={} links={} downloaded_files=None screenshot=None pdf=None markdown=None markdown_v2=None fit_markdown=None fit_html=None extracted_content=None metadata=None error_message='Unexpected error in _crawl_web at line 1205 in _crawl_web (../../.pyenv/versions/3.12.6/lib/python3.12/site-packages/crawl4ai/async_crawler_strategy.py):\nError: Failed on navigating ACS-GOTO:\nPage.goto: net::ERR_FAILED at https://www.bolton.ac.uk/assets/Uploads/UOB-GRADUATION-PRIVACY-NOTICE_Feb-2023.pdf\nCall log:\n  - navigating to "https://www.bolton.ac.uk/assets/Uploads/UOB-GRADUATION-PRIVACY-NOTICE_Feb-2023.pdf", waiting until "domcontentloaded"\n\n\nCode context:\n1200   \n1201                       response = await page.goto(\n1202                           url, wait_until=config.wait_until, timeout=config.page_timeout\n1203                       )\n1204                   except Error as e:\n1205 →                     raise RuntimeError(f"Failed on navigating ACS-GOTO:\\n{str(e)}")\n1206   \n1207                   await self.execute_hook("after_goto", page, context=context, url=url, response=response)\n1208   \n1209                   if response is None:\n1210                       status_code = 200' session_id=None response_headers=None status_code=None ssl_certificate=None


Failed to crawl: https://www.bolton.ac.uk/assets/Graduation/Terms-and-Conditions_Graduation2023.pdf
Result: url='https://www.bolton.ac.uk/assets/Graduation/Terms-and-Conditions_Graduation2023.pdf' html='' success=False cleaned_html=None media={} links={} downloaded_files=None screenshot=None pdf=None markdown=None markdown_v2=None fit_markdown=None fit_html=None extracted_content=None metadata=None error_message='Unexpected error in _crawl_web at line 1205 in _crawl_web (../../.pyenv/versions/3.12.6/lib/python3.12/site-packages/crawl4ai/async_crawler_strategy.py):\nError: Failed on navigating ACS-GOTO:\nPage.goto: net::ERR_FAILED at https://www.bolton.ac.uk/assets/Graduation/Terms-and-Conditions_Graduation2023.pdf\nCall log:\n  - navigating to "https://www.bolton.ac.uk/assets/Graduation/Terms-and-Conditions_Graduation2023.pdf", waiting until "domcontentloaded"\n\n\nCode context:\n1200   \n1201                       response = await page.goto(\n1202                           url, wait_until=config.wait_until, timeout=config.page_timeout\n1203                       )\n1204                   except Error as e:\n1205 →                     raise RuntimeError(f"Failed on navigating ACS-GOTO:\\n{str(e)}")\n1206   \n1207                   await self.execute_hook("after_goto", page, context=context, url=url, response=response)\n1208   \n1209                   if response is None:\n1210                       status_code = 200' session_id=None response_headers=None status_code=None ssl_certificate=None


Failed to crawl: https://www.bolton.ac.uk/assets/Uploads/How-to-hire-your-academic-dress-2023.pdf
Result: url='https://www.bolton.ac.uk/assets/Uploads/How-to-hire-your-academic-dress-2023.pdf' html='' success=False cleaned_html=None media={} links={} downloaded_files=None screenshot=None pdf=None markdown=None markdown_v2=None fit_markdown=None fit_html=None extracted_content=None metadata=None error_message='Unexpected error in _crawl_web at line 1205 in _crawl_web (../../.pyenv/versions/3.12.6/lib/python3.12/site-packages/crawl4ai/async_crawler_strategy.py):\nError: Failed on navigating ACS-GOTO:\nPage.goto: net::ERR_FAILED at https://www.bolton.ac.uk/assets/Uploads/How-to-hire-your-academic-dress-2023.pdf\nCall log:\n  - navigating to "https://www.bolton.ac.uk/assets/Uploads/How-to-hire-your-academic-dress-2023.pdf", waiting until "domcontentloaded"\n\n\nCode context:\n1200   \n1201                       response = await page.goto(\n1202                           url, wait_until=config.wait_until, timeout=config.page_timeout\n1203                       )\n1204                   except Error as e:\n1205 →                     raise RuntimeError(f"Failed on navigating ACS-GOTO:\\n{str(e)}")\n1206   \n1207                   await self.execute_hook("after_goto", page, context=context, url=url, response=response)\n1208   \n1209                   if response is None:\n1210                       status_code = 200' session_id=None response_headers=None status_code=None ssl_certificate=None


Failed to crawl: https://www.bolton.ac.uk/assets/Uploads/2023-Graduation-Map.pdf
Result: url='https://www.bolton.ac.uk/assets/Uploads/2023-Graduation-Map.pdf' html='' success=False cleaned_html=None media={} links={} downloaded_files=None screenshot=None pdf=None markdown=None markdown_v2=None fit_markdown=None fit_html=None extracted_content=None metadata=None error_message='Unexpected error in _crawl_web at line 1205 in _crawl_web (../../.pyenv/versions/3.12.6/lib/python3.12/site-packages/crawl4ai/async_crawler_strategy.py):\nError: Failed on navigating ACS-GOTO:\nPage.goto: net::ERR_FAILED at https://www.bolton.ac.uk/assets/Uploads/2023-Graduation-Map.pdf\nCall log:\n  - navigating to "https://www.bolton.ac.uk/assets/Uploads/2023-Graduation-Map.pdf", waiting until "domcontentloaded"\n\n\nCode context:\n1200   \n1201                       response = await page.goto(\n1202                           url, wait_until=config.wait_until, timeout=config.page_timeout\n1203                       )\n1204                   except Error as e:\n1205 →                     raise RuntimeError(f"Failed on navigating ACS-GOTO:\\n{str(e)}")\n1206   \n1207                   await self.execute_hook("after_goto", page, context=context, url=url, response=response)\n1208   \n1209                   if response is None:\n1210                       status_code = 200' session_id=None response_headers=None status_code=None ssl_certificate=None


Failed to crawl: https://www.bolton.ac.uk/assets/Uploads/Safeguarding-Z-Fold-2022.pdf
Result: url='https://www.bolton.ac.uk/assets/Uploads/Safeguarding-Z-Fold-2022.pdf' html='' success=False cleaned_html=None media={} links={} downloaded_files=None screenshot=None pdf=None markdown=None markdown_v2=None fit_markdown=None fit_html=None extracted_content=None metadata=None error_message='Unexpected error in _crawl_web at line 1205 in _crawl_web (../../.pyenv/versions/3.12.6/lib/python3.12/site-packages/crawl4ai/async_crawler_strategy.py):\nError: Failed on navigating ACS-GOTO:\nPage.goto: net::ERR_FAILED at https://www.bolton.ac.uk/assets/Uploads/Safeguarding-Z-Fold-2022.pdf\nCall log:\n  - navigating to "https://www.bolton.ac.uk/assets/Uploads/Safeguarding-Z-Fold-2022.pdf", waiting until "domcontentloaded"\n\n\nCode context:\n1200   \n1201                       response = await page.goto(\n1202                           url, wait_until=config.wait_until, timeout=config.page_timeout\n1203                       )\n1204                   except Error as e:\n1205 →                     raise RuntimeError(f"Failed on navigating ACS-GOTO:\\n{str(e)}")\n1206   \n1207                   await self.execute_hook("after_goto", page, context=context, url=url, response=response)\n1208   \n1209                   if response is None:\n1210                       status_code = 200' session_id=None response_headers=None status_code=None ssl_certificate=None


Failed to crawl: https://www.bolton.ac.uk/assets/Uploads/Blackbullions-Student-wellbeing-guide.pdf
Result: url='https://www.bolton.ac.uk/assets/Uploads/Blackbullions-Student-wellbeing-guide.pdf' html='' success=False cleaned_html=None media={} links={} downloaded_files=None screenshot=None pdf=None markdown=None markdown_v2=None fit_markdown=None fit_html=None extracted_content=None metadata=None error_message='Unexpected error in _crawl_web at line 1205 in _crawl_web (../../.pyenv/versions/3.12.6/lib/python3.12/site-packages/crawl4ai/async_crawler_strategy.py):\nError: Failed on navigating ACS-GOTO:\nPage.goto: net::ERR_FAILED at https://www.bolton.ac.uk/assets/Uploads/Blackbullions-Student-wellbeing-guide.pdf\nCall log:\n  - navigating to "https://www.bolton.ac.uk/assets/Uploads/Blackbullions-Student-wellbeing-guide.pdf", waiting until "domcontentloaded"\n\n\nCode context:\n1200   \n1201                       response = await page.goto(\n1202                           url, wait_until=config.wait_until, timeout=config.page_timeout\n1203                       )\n1204                   except Error as e:\n1205 →                     raise RuntimeError(f"Failed on navigating ACS-GOTO:\\n{str(e)}")\n1206   \n1207                   await self.execute_hook("after_goto", page, context=context, url=url, response=response)\n1208   \n1209                   if response is None:\n1210                       status_code = 200' session_id=None response_headers=None status_code=None ssl_certificate=None


Failed to crawl: https://www.bolton.ac.uk/university-group-business-services/near-life-case-study
Result: url='https://www.bolton.ac.uk/university-group-business-services/near-life-case-study' html='' success=False cleaned_html=None media={} links={} downloaded_files=None screenshot=None pdf=None markdown=None markdown_v2=None fit_markdown=None fit_html=None extracted_content=None metadata=None error_message='Unexpected error in _crawl_web at line 1205 in _crawl_web (../../.pyenv/versions/3.12.6/lib/python3.12/site-packages/crawl4ai/async_crawler_strategy.py):\nError: Failed on navigating ACS-GOTO:\nPage.goto: Timeout 10000ms exceeded.\nCall log:\n  - navigating to "https://www.bolton.ac.uk/university-group-business-services/near-life-case-study", waiting until "domcontentloaded"\n\n\nCode context:\n1200   \n1201                       response = await page.goto(\n1202                           url, wait_until=config.wait_until, timeout=config.page_timeout\n1203                       )\n1204                   except Error as e:\n1205 →                     raise RuntimeError(f"Failed on navigating ACS-GOTO:\\n{str(e)}")\n1206   \n1207                   await self.execute_hook("after_goto", page, context=context, url=url, response=response)\n1208   \n1209                   if response is None:\n1210                       status_code = 200' session_id=None response_headers=None status_code=None ssl_certificate=None


Failed to crawl: https://www.bolton.ac.uk/university-group-business-services/tao-digital-marketing
Result: url='https://www.bolton.ac.uk/university-group-business-services/tao-digital-marketing' html='' success=False cleaned_html=None media={} links={} downloaded_files=None screenshot=None pdf=None markdown=None markdown_v2=None fit_markdown=None fit_html=None extracted_content=None metadata=None error_message='Unexpected error in _crawl_web at line 1205 in _crawl_web (../../.pyenv/versions/3.12.6/lib/python3.12/site-packages/crawl4ai/async_crawler_strategy.py):\nError: Failed on navigating ACS-GOTO:\nPage.goto: Timeout 10000ms exceeded.\nCall log:\n  - navigating to "https://www.bolton.ac.uk/university-group-business-services/tao-digital-marketing", waiting until "domcontentloaded"\n\n\nCode context:\n1200   \n1201                       response = await page.goto(\n1202                           url, wait_until=config.wait_until, timeout=config.page_timeout\n1203                       )\n1204                   except Error as e:\n1205 →                     raise RuntimeError(f"Failed on navigating ACS-GOTO:\\n{str(e)}")\n1206   \n1207                   await self.execute_hook("after_goto", page, context=context, url=url, response=response)\n1208   \n1209                   if response is None:\n1210                       status_code = 200' session_id=None response_headers=None status_code=None ssl_certificate=None


Failed to crawl: https://www.bolton.ac.uk/blogs/autumn-2022-artist-talks
Result: url='https://www.bolton.ac.uk/blogs/autumn-2022-artist-talks' html='' success=False cleaned_html=None media={} links={} downloaded_files=None screenshot=None pdf=None markdown=None markdown_v2=None fit_markdown=None fit_html=None extracted_content=None metadata=None error_message='Unexpected error in _crawl_web at line 1205 in _crawl_web (../../.pyenv/versions/3.12.6/lib/python3.12/site-packages/crawl4ai/async_crawler_strategy.py):\nError: Failed on navigating ACS-GOTO:\nPage.goto: Timeout 10000ms exceeded.\nCall log:\n  - navigating to "https://www.bolton.ac.uk/blogs/autumn-2022-artist-talks", waiting until "domcontentloaded"\n\n\nCode context:\n1200   \n1201                       response = await page.goto(\n1202                           url, wait_until=config.wait_until, timeout=config.page_timeout\n1203                       )\n1204                   except Error as e:\n1205 →                     raise RuntimeError(f"Failed on navigating ACS-GOTO:\\n{str(e)}")\n1206   \n1207                   await self.execute_hook("after_goto", page, context=context, url=url, response=response)\n1208   \n1209                   if response is None:\n1210                       status_code = 200' session_id=None response_headers=None status_code=None ssl_certificate=None


Failed to crawl: https://www.bolton.ac.uk/blogs/famous-people-with-arts-masters-degrees
Result: url='https://www.bolton.ac.uk/blogs/famous-people-with-arts-masters-degrees' html='' success=False cleaned_html=None media={} links={} downloaded_files=None screenshot=None pdf=None markdown=None markdown_v2=None fit_markdown=None fit_html=None extracted_content=None metadata=None error_message='Unexpected error in _crawl_web at line 1205 in _crawl_web (../../.pyenv/versions/3.12.6/lib/python3.12/site-packages/crawl4ai/async_crawler_strategy.py):\nError: Failed on navigating ACS-GOTO:\nPage.goto: Timeout 10000ms exceeded.\nCall log:\n  - navigating to "https://www.bolton.ac.uk/blogs/famous-people-with-arts-masters-degrees", waiting until "domcontentloaded"\n\n\nCode context:\n1200   \n1201                       response = await page.goto(\n1202                           url, wait_until=config.wait_until, timeout=config.page_timeout\n1203                       )\n1204                   except Error as e:\n1205 →                     raise RuntimeError(f"Failed on navigating ACS-GOTO:\\n{str(e)}")\n1206   \n1207                   await self.execute_hook("after_goto", page, context=context, url=url, response=response)\n1208   \n1209                   if response is None:\n1210                       status_code = 200' session_id=None response_headers=None status_code=None ssl_certificate=None


Failed to crawl: https://www.bolton.ac.uk/blogs/bolton-school-of-the-arts-letting-your-creativity-flourish
Result: url='https://www.bolton.ac.uk/blogs/bolton-school-of-the-arts-letting-your-creativity-flourish' html='' success=False cleaned_html=None media={} links={} downloaded_files=None screenshot=None pdf=None markdown=None markdown_v2=None fit_markdown=None fit_html=None extracted_content=None metadata=None error_message='Unexpected error in _crawl_web at line 1205 in _crawl_web (../../.pyenv/versions/3.12.6/lib/python3.12/site-packages/crawl4ai/async_crawler_strategy.py):\nError: Failed on navigating ACS-GOTO:\nPage.goto: Timeout 10000ms exceeded.\nCall log:\n  - navigating to "https://www.bolton.ac.uk/blogs/bolton-school-of-the-arts-letting-your-creativity-flourish", waiting until "domcontentloaded"\n\n\nCode context:\n1200   \n1201                       response = await page.goto(\n1202                           url, wait_until=config.wait_until, timeout=config.page_timeout\n1203                       )\n1204                   except Error as e:\n1205 →                     raise RuntimeError(f"Failed on navigating ACS-GOTO:\\n{str(e)}")\n1206   \n1207                   await self.execute_hook("after_goto", page, context=context, url=url, response=response)\n1208   \n1209                   if response is None:\n1210                       status_code = 200' session_id=None response_headers=None status_code=None ssl_certificate=None


Failed to crawl: https://www.bolton.ac.uk/blogs/the-rise-of-community-arts-how-it-is-changing-the-face-of-the-arts-scene
Result: url='https://www.bolton.ac.uk/blogs/the-rise-of-community-arts-how-it-is-changing-the-face-of-the-arts-scene' html='' success=False cleaned_html=None media={} links={} downloaded_files=None screenshot=None pdf=None markdown=None markdown_v2=None fit_markdown=None fit_html=None extracted_content=None metadata=None error_message='Unexpected error in _crawl_web at line 1205 in _crawl_web (../../.pyenv/versions/3.12.6/lib/python3.12/site-packages/crawl4ai/async_crawler_strategy.py):\nError: Failed on navigating ACS-GOTO:\nPage.goto: Timeout 10000ms exceeded.\nCall log:\n  - navigating to "https://www.bolton.ac.uk/blogs/the-rise-of-community-arts-how-it-is-changing-the-face-of-the-arts-scene", waiting until "domcontentloaded"\n\n\nCode context:\n1200   \n1201                       response = await page.goto(\n1202                           url, wait_until=config.wait_until, timeout=config.page_timeout\n1203                       )\n1204                   except Error as e:\n1205 →                     raise RuntimeError(f"Failed on navigating ACS-GOTO:\\n{str(e)}")\n1206   \n1207                   await self.execute_hook("after_goto", page, context=context, url=url, response=response)\n1208   \n1209                   if response is None:\n1210                       status_code = 200' session_id=None response_headers=None status_code=None ssl_certificate=None


Failed to crawl: https://www.bolton.ac.uk/news/special-effects-make-up-wizard-gives-masterclass-to-bolton-students-2
Result: url='https://www.bolton.ac.uk/news/special-effects-make-up-wizard-gives-masterclass-to-bolton-students-2' html='' success=False cleaned_html=None media={} links={} downloaded_files=None screenshot=None pdf=None markdown=None markdown_v2=None fit_markdown=None fit_html=None extracted_content=None metadata=None error_message='Unexpected error in _crawl_web at line 1205 in _crawl_web (../../.pyenv/versions/3.12.6/lib/python3.12/site-packages/crawl4ai/async_crawler_strategy.py):\nError: Failed on navigating ACS-GOTO:\nPage.goto: Timeout 10000ms exceeded.\nCall log:\n  - navigating to "https://www.bolton.ac.uk/news/special-effects-make-up-wizard-gives-masterclass-to-bolton-students-2", waiting until "domcontentloaded"\n\n\nCode context:\n1200   \n1201                       response = await page.goto(\n1202                           url, wait_until=config.wait_until, timeout=config.page_timeout\n1203                       )\n1204                   except Error as e:\n1205 →                     raise RuntimeError(f"Failed on navigating ACS-GOTO:\\n{str(e)}")\n1206   \n1207                   await self.execute_hook("after_goto", page, context=context, url=url, response=response)\n1208   \n1209                   if response is None:\n1210                       status_code = 200' session_id=None response_headers=None status_code=None ssl_certificate=None


Failed to crawl: https://www.bolton.ac.uk/news/special-effects-make-up-wizard-gives-masterclass-to-bolton-students-5
Result: url='https://www.bolton.ac.uk/news/special-effects-make-up-wizard-gives-masterclass-to-bolton-students-5' html='' success=False cleaned_html=None media={} links={} downloaded_files=None screenshot=None pdf=None markdown=None markdown_v2=None fit_markdown=None fit_html=None extracted_content=None metadata=None error_message='Unexpected error in _crawl_web at line 1205 in _crawl_web (../../.pyenv/versions/3.12.6/lib/python3.12/site-packages/crawl4ai/async_crawler_strategy.py):\nError: Failed on navigating ACS-GOTO:\nPage.goto: Timeout 10000ms exceeded.\nCall log:\n  - navigating to "https://www.bolton.ac.uk/news/special-effects-make-up-wizard-gives-masterclass-to-bolton-students-5", waiting until "domcontentloaded"\n\n\nCode context:\n1200   \n1201                       response = await page.goto(\n1202                           url, wait_until=config.wait_until, timeout=config.page_timeout\n1203                       )\n1204                   except Error as e:\n1205 →                     raise RuntimeError(f"Failed on navigating ACS-GOTO:\\n{str(e)}")\n1206   \n1207                   await self.execute_hook("after_goto", page, context=context, url=url, response=response)\n1208   \n1209                   if response is None:\n1210                       status_code = 200' session_id=None response_headers=None status_code=None ssl_certificate=None


Failed to crawl: https://www.bolton.ac.uk/subject-areas/art-and-design-and-fine-art/art-and-design-and-fine-art-news
Result: url='https://www.bolton.ac.uk/subject-areas/art-and-design-and-fine-art/art-and-design-and-fine-art-news' html='' success=False cleaned_html=None media={} links={} downloaded_files=None screenshot=None pdf=None markdown=None markdown_v2=None fit_markdown=None fit_html=None extracted_content=None metadata=None error_message='Unexpected error in _crawl_web at line 1205 in _crawl_web (../../.pyenv/versions/3.12.6/lib/python3.12/site-packages/crawl4ai/async_crawler_strategy.py):\nError: Failed on navigating ACS-GOTO:\nPage.goto: Timeout 10000ms exceeded.\nCall log:\n  - navigating to "https://www.bolton.ac.uk/subject-areas/art-and-design-and-fine-art/art-and-design-and-fine-art-news", waiting until "domcontentloaded"\n\n\nCode context:\n1200   \n1201                       response = await page.goto(\n1202                           url, wait_until=config.wait_until, timeout=config.page_timeout\n1203                       )\n1204                   except Error as e:\n1205 →                     raise RuntimeError(f"Failed on navigating ACS-GOTO:\\n{str(e)}")\n1206   \n1207                   await self.execute_hook("after_goto", page, context=context, url=url, response=response)\n1208   \n1209                   if response is None:\n1210                       status_code = 200' session_id=None response_headers=None status_code=None ssl_certificate=None


Failed to crawl: https://www.bolton.ac.uk/blogs/top-arts-management-trends-for-2023
Result: url='https://www.bolton.ac.uk/blogs/top-arts-management-trends-for-2023' html='' success=False cleaned_html=None media={} links={} downloaded_files=None screenshot=None pdf=None markdown=None markdown_v2=None fit_markdown=None fit_html=None extracted_content=None metadata=None error_message='Unexpected error in _crawl_web at line 1205 in _crawl_web (../../.pyenv/versions/3.12.6/lib/python3.12/site-packages/crawl4ai/async_crawler_strategy.py):\nError: Failed on navigating ACS-GOTO:\nPage.goto: Timeout 10000ms exceeded.\nCall log:\n  - navigating to "https://www.bolton.ac.uk/blogs/top-arts-management-trends-for-2023", waiting until "domcontentloaded"\n\n\nCode context:\n1200   \n1201                       response = await page.goto(\n1202                           url, wait_until=config.wait_until, timeout=config.page_timeout\n1203                       )\n1204                   except Error as e:\n1205 →                     raise RuntimeError(f"Failed on navigating ACS-GOTO:\\n{str(e)}")\n1206   \n1207                   await self.execute_hook("after_goto", page, context=context, url=url, response=response)\n1208   \n1209                   if response is None:\n1210                       status_code = 200' session_id=None response_headers=None status_code=None ssl_certificate=None


Failed to crawl: https://www.bolton.ac.uk/blogs/five-famous-animators-you-should-know-by-name
Result: url='https://www.bolton.ac.uk/blogs/five-famous-animators-you-should-know-by-name' html='' success=False cleaned_html=None media={} links={} downloaded_files=None screenshot=None pdf=None markdown=None markdown_v2=None fit_markdown=None fit_html=None extracted_content=None metadata=None error_message='Unexpected error in _crawl_web at line 1205 in _crawl_web (../../.pyenv/versions/3.12.6/lib/python3.12/site-packages/crawl4ai/async_crawler_strategy.py):\nError: Failed on navigating ACS-GOTO:\nPage.goto: Timeout 10000ms exceeded.\nCall log:\n  - navigating to "https://www.bolton.ac.uk/blogs/five-famous-animators-you-should-know-by-name", waiting until "domcontentloaded"\n\n\nCode context:\n1200   \n1201                       response = await page.goto(\n1202                           url, wait_until=config.wait_until, timeout=config.page_timeout\n1203                       )\n1204                   except Error as e:\n1205 →                     raise RuntimeError(f"Failed on navigating ACS-GOTO:\\n{str(e)}")\n1206   \n1207                   await self.execute_hook("after_goto", page, context=context, url=url, response=response)\n1208   \n1209                   if response is None:\n1210                       status_code = 200' session_id=None response_headers=None status_code=None ssl_certificate=None


Failed to crawl: https://www.bolton.ac.uk/blogs/bringing-your-career-in-animation-to-life
Result: url='https://www.bolton.ac.uk/blogs/bringing-your-career-in-animation-to-life' html='' success=False cleaned_html=None media={} links={} downloaded_files=None screenshot=None pdf=None markdown=None markdown_v2=None fit_markdown=None fit_html=None extracted_content=None metadata=None error_message='Unexpected error in _crawl_web at line 1205 in _crawl_web (../../.pyenv/versions/3.12.6/lib/python3.12/site-packages/crawl4ai/async_crawler_strategy.py):\nError: Failed on navigating ACS-GOTO:\nPage.goto: Timeout 10000ms exceeded.\nCall log:\n  - navigating to "https://www.bolton.ac.uk/blogs/bringing-your-career-in-animation-to-life", waiting until "domcontentloaded"\n\n\nCode context:\n1200   \n1201                       response = await page.goto(\n1202                           url, wait_until=config.wait_until, timeout=config.page_timeout\n1203                       )\n1204                   except Error as e:\n1205 →                     raise RuntimeError(f"Failed on navigating ACS-GOTO:\\n{str(e)}")\n1206   \n1207                   await self.execute_hook("after_goto", page, context=context, url=url, response=response)\n1208   \n1209                   if response is None:\n1210                       status_code = 200' session_id=None response_headers=None status_code=None ssl_certificate=None


Failed to crawl: https://www.bolton.ac.uk/blogs/animation-and-illustration-why-you-should-be-using-social-media-to-promote-your-digital-art-now
Result: url='https://www.bolton.ac.uk/blogs/animation-and-illustration-why-you-should-be-using-social-media-to-promote-your-digital-art-now' html='' success=False cleaned_html=None media={} links={} downloaded_files=None screenshot=None pdf=None markdown=None markdown_v2=None fit_markdown=None fit_html=None extracted_content=None metadata=None error_message='Unexpected error in _crawl_web at line 1205 in _crawl_web (../../.pyenv/versions/3.12.6/lib/python3.12/site-packages/crawl4ai/async_crawler_strategy.py):\nError: Failed on navigating ACS-GOTO:\nPage.goto: Timeout 10000ms exceeded.\nCall log:\n  - navigating to "https://www.bolton.ac.uk/blogs/animation-and-illustration-why-you-should-be-using-social-media-to-promote-your-digital-art-now", waiting until "domcontentloaded"\n\n\nCode context:\n1200   \n1201                       response = await page.goto(\n1202                           url, wait_until=config.wait_until, timeout=config.page_timeout\n1203                       )\n1204                   except Error as e:\n1205 →                     raise RuntimeError(f"Failed on navigating ACS-GOTO:\\n{str(e)}")\n1206   \n1207                   await self.execute_hook("after_goto", page, context=context, url=url, response=response)\n1208   \n1209                   if response is None:\n1210                       status_code = 200' session_id=None response_headers=None status_code=None ssl_certificate=None


Failed to crawl: https://www.bolton.ac.uk/blogs/the-illustrator-behind-the-paris-2024-olympic-logo
Result: url='https://www.bolton.ac.uk/blogs/the-illustrator-behind-the-paris-2024-olympic-logo' html='' success=False cleaned_html=None media={} links={} downloaded_files=None screenshot=None pdf=None markdown=None markdown_v2=None fit_markdown=None fit_html=None extracted_content=None metadata=None error_message='Unexpected error in _crawl_web at line 1205 in _crawl_web (../../.pyenv/versions/3.12.6/lib/python3.12/site-packages/crawl4ai/async_crawler_strategy.py):\nError: Failed on navigating ACS-GOTO:\nPage.goto: Timeout 10000ms exceeded.\nCall log:\n  - navigating to "https://www.bolton.ac.uk/blogs/the-illustrator-behind-the-paris-2024-olympic-logo", waiting until "domcontentloaded"\n\n\nCode context:\n1200   \n1201                       response = await page.goto(\n1202                           url, wait_until=config.wait_until, timeout=config.page_timeout\n1203                       )\n1204                   except Error as e:\n1205 →                     raise RuntimeError(f"Failed on navigating ACS-GOTO:\\n{str(e)}")\n1206   \n1207                   await self.execute_hook("after_goto", page, context=context, url=url, response=response)\n1208   \n1209                   if response is None:\n1210                       status_code = 200' session_id=None response_headers=None status_code=None ssl_certificate=None


Failed to crawl: https://www.bolton.ac.uk/blogs/best-engineering-courses-for-the-future
Result: url='https://www.bolton.ac.uk/blogs/best-engineering-courses-for-the-future' html='' success=False cleaned_html=None media={} links={} downloaded_files=None screenshot=None pdf=None markdown=None markdown_v2=None fit_markdown=None fit_html=None extracted_content=None metadata=None error_message='Unexpected error in _crawl_web at line 1205 in _crawl_web (../../.pyenv/versions/3.12.6/lib/python3.12/site-packages/crawl4ai/async_crawler_strategy.py):\nError: Failed on navigating ACS-GOTO:\nPage.goto: Timeout 10000ms exceeded.\nCall log:\n  - navigating to "https://www.bolton.ac.uk/blogs/best-engineering-courses-for-the-future", waiting until "domcontentloaded"\n\n\nCode context:\n1200   \n1201                       response = await page.goto(\n1202                           url, wait_until=config.wait_until, timeout=config.page_timeout\n1203                       )\n1204                   except Error as e:\n1205 →                     raise RuntimeError(f"Failed on navigating ACS-GOTO:\\n{str(e)}")\n1206   \n1207                   await self.execute_hook("after_goto", page, context=context, url=url, response=response)\n1208   \n1209                   if response is None:\n1210                       status_code = 200' session_id=None response_headers=None status_code=None ssl_certificate=None


Failed to crawl: https://www.bolton.ac.uk/news/the-rise-of-biomedical-and-medical-engineering
Result: url='https://www.bolton.ac.uk/news/the-rise-of-biomedical-and-medical-engineering' html='' success=False cleaned_html=None media={} links={} downloaded_files=None screenshot=None pdf=None markdown=None markdown_v2=None fit_markdown=None fit_html=None extracted_content=None metadata=None error_message='Unexpected error in _crawl_web at line 1205 in _crawl_web (../../.pyenv/versions/3.12.6/lib/python3.12/site-packages/crawl4ai/async_crawler_strategy.py):\nError: Failed on navigating ACS-GOTO:\nPage.goto: Timeout 10000ms exceeded.\nCall log:\n  - navigating to "https://www.bolton.ac.uk/news/the-rise-of-biomedical-and-medical-engineering", waiting until "domcontentloaded"\n\n\nCode context:\n1200   \n1201                       response = await page.goto(\n1202                           url, wait_until=config.wait_until, timeout=config.page_timeout\n1203                       )\n1204                   except Error as e:\n1205 →                     raise RuntimeError(f"Failed on navigating ACS-GOTO:\\n{str(e)}")\n1206   \n1207                   await self.execute_hook("after_goto", page, context=context, url=url, response=response)\n1208   \n1209                   if response is None:\n1210                       status_code = 200' session_id=None response_headers=None status_code=None ssl_certificate=None


Failed to crawl: https://www.bolton.ac.uk/news/3d-organ-printing
Result: url='https://www.bolton.ac.uk/news/3d-organ-printing' html='' success=False cleaned_html=None media={} links={} downloaded_files=None screenshot=None pdf=None markdown=None markdown_v2=None fit_markdown=None fit_html=None extracted_content=None metadata=None error_message='Unexpected error in _crawl_web at line 1205 in _crawl_web (../../.pyenv/versions/3.12.6/lib/python3.12/site-packages/crawl4ai/async_crawler_strategy.py):\nError: Failed on navigating ACS-GOTO:\nPage.goto: Timeout 10000ms exceeded.\nCall log:\n  - navigating to "https://www.bolton.ac.uk/news/3d-organ-printing", waiting until "domcontentloaded"\n\n\nCode context:\n1200   \n1201                       response = await page.goto(\n1202                           url, wait_until=config.wait_until, timeout=config.page_timeout\n1203                       )\n1204                   except Error as e:\n1205 →                     raise RuntimeError(f"Failed on navigating ACS-GOTO:\\n{str(e)}")\n1206   \n1207                   await self.execute_hook("after_goto", page, context=context, url=url, response=response)\n1208   \n1209                   if response is None:\n1210                       status_code = 200' session_id=None response_headers=None status_code=None ssl_certificate=None


Failed to crawl: https://www.bolton.ac.uk/blogs/get-funding-for-your-business-idea
Result: url='https://www.bolton.ac.uk/blogs/get-funding-for-your-business-idea' html='' success=False cleaned_html=None media={} links={} downloaded_files=None screenshot=None pdf=None markdown=None markdown_v2=None fit_markdown=None fit_html=None extracted_content=None metadata=None error_message='Unexpected error in _crawl_web at line 1205 in _crawl_web (../../.pyenv/versions/3.12.6/lib/python3.12/site-packages/crawl4ai/async_crawler_strategy.py):\nError: Failed on navigating ACS-GOTO:\nPage.goto: Timeout 10000ms exceeded.\nCall log:\n  - navigating to "https://www.bolton.ac.uk/blogs/get-funding-for-your-business-idea", waiting until "domcontentloaded"\n\n\nCode context:\n1200   \n1201                       response = await page.goto(\n1202                           url, wait_until=config.wait_until, timeout=config.page_timeout\n1203                       )\n1204                   except Error as e:\n1205 →                     raise RuntimeError(f"Failed on navigating ACS-GOTO:\\n{str(e)}")\n1206   \n1207                   await self.execute_hook("after_goto", page, context=context, url=url, response=response)\n1208   \n1209                   if response is None:\n1210                       status_code = 200' session_id=None response_headers=None status_code=None ssl_certificate=None


Failed to crawl: https://www.bolton.ac.uk/blogs/top-tips-for-starting-your-own-business
Result: url='https://www.bolton.ac.uk/blogs/top-tips-for-starting-your-own-business' html='' success=False cleaned_html=None media={} links={} downloaded_files=None screenshot=None pdf=None markdown=None markdown_v2=None fit_markdown=None fit_html=None extracted_content=None metadata=None error_message='Unexpected error in _crawl_web at line 1205 in _crawl_web (../../.pyenv/versions/3.12.6/lib/python3.12/site-packages/crawl4ai/async_crawler_strategy.py):\nError: Failed on navigating ACS-GOTO:\nPage.goto: Timeout 10000ms exceeded.\nCall log:\n  - navigating to "https://www.bolton.ac.uk/blogs/top-tips-for-starting-your-own-business", waiting until "domcontentloaded"\n\n\nCode context:\n1200   \n1201                       response = await page.goto(\n1202                           url, wait_until=config.wait_until, timeout=config.page_timeout\n1203                       )\n1204                   except Error as e:\n1205 →                     raise RuntimeError(f"Failed on navigating ACS-GOTO:\\n{str(e)}")\n1206   \n1207                   await self.execute_hook("after_goto", page, context=context, url=url, response=response)\n1208   \n1209                   if response is None:\n1210                       status_code = 200' session_id=None response_headers=None status_code=None ssl_certificate=None


Failed to crawl: https://www.bolton.ac.uk/news/anderton-centre-through-to-final-of-lancashire-business-view-red-rose-awards
Result: url='https://www.bolton.ac.uk/news/anderton-centre-through-to-final-of-lancashire-business-view-red-rose-awards' html='' success=False cleaned_html=None media={} links={} downloaded_files=None screenshot=None pdf=None markdown=None markdown_v2=None fit_markdown=None fit_html=None extracted_content=None metadata=None error_message='Unexpected error in _crawl_web at line 1205 in _crawl_web (../../.pyenv/versions/3.12.6/lib/python3.12/site-packages/crawl4ai/async_crawler_strategy.py):\nError: Failed on navigating ACS-GOTO:\nPage.goto: Timeout 10000ms exceeded.\nCall log:\n  - navigating to "https://www.bolton.ac.uk/news/anderton-centre-through-to-final-of-lancashire-business-view-red-rose-awards", waiting until "domcontentloaded"\n\n\nCode context:\n1200   \n1201                       response = await page.goto(\n1202                           url, wait_until=config.wait_until, timeout=config.page_timeout\n1203                       )\n1204                   except Error as e:\n1205 →                     raise RuntimeError(f"Failed on navigating ACS-GOTO:\\n{str(e)}")\n1206   \n1207                   await self.execute_hook("after_goto", page, context=context, url=url, response=response)\n1208   \n1209                   if response is None:\n1210                       status_code = 200' session_id=None response_headers=None status_code=None ssl_certificate=None


Failed to crawl: https://www.bolton.ac.uk/blogs/what-do-clinical-biomedical-scientists-do
Result: url='https://www.bolton.ac.uk/blogs/what-do-clinical-biomedical-scientists-do' html='' success=False cleaned_html=None media={} links={} downloaded_files=None screenshot=None pdf=None markdown=None markdown_v2=None fit_markdown=None fit_html=None extracted_content=None metadata=None error_message='Unexpected error in _crawl_web at line 1205 in _crawl_web (../../.pyenv/versions/3.12.6/lib/python3.12/site-packages/crawl4ai/async_crawler_strategy.py):\nError: Failed on navigating ACS-GOTO:\nPage.goto: Timeout 10000ms exceeded.\nCall log:\n  - navigating to "https://www.bolton.ac.uk/blogs/what-do-clinical-biomedical-scientists-do", waiting until "domcontentloaded"\n\n\nCode context:\n1200   \n1201                       response = await page.goto(\n1202                           url, wait_until=config.wait_until, timeout=config.page_timeout\n1203                       )\n1204                   except Error as e:\n1205 →                     raise RuntimeError(f"Failed on navigating ACS-GOTO:\\n{str(e)}")\n1206   \n1207                   await self.execute_hook("after_goto", page, context=context, url=url, response=response)\n1208   \n1209                   if response is None:\n1210                       status_code = 200' session_id=None response_headers=None status_code=None ssl_certificate=None


Failed to crawl: https://www.bolton.ac.uk/blogs/what-can-you-do-with-a-biomedical-engineering-degree
Result: url='https://www.bolton.ac.uk/blogs/what-can-you-do-with-a-biomedical-engineering-degree' html='' success=False cleaned_html=None media={} links={} downloaded_files=None screenshot=None pdf=None markdown=None markdown_v2=None fit_markdown=None fit_html=None extracted_content=None metadata=None error_message='Unexpected error in _crawl_web at line 1205 in _crawl_web (../../.pyenv/versions/3.12.6/lib/python3.12/site-packages/crawl4ai/async_crawler_strategy.py):\nError: Failed on navigating ACS-GOTO:\nPage.goto: Timeout 10000ms exceeded.\nCall log:\n  - navigating to "https://www.bolton.ac.uk/blogs/what-can-you-do-with-a-biomedical-engineering-degree", waiting until "domcontentloaded"\n\n\nCode context:\n1200   \n1201                       response = await page.goto(\n1202                           url, wait_until=config.wait_until, timeout=config.page_timeout\n1203                       )\n1204                   except Error as e:\n1205 →                     raise RuntimeError(f"Failed on navigating ACS-GOTO:\\n{str(e)}")\n1206   \n1207                   await self.execute_hook("after_goto", page, context=context, url=url, response=response)\n1208   \n1209                   if response is None:\n1210                       status_code = 200' session_id=None response_headers=None status_code=None ssl_certificate=None


Failed to crawl: https://www.bolton.ac.uk/blogs/what-are-the-graduate-prospects-for-biomedical-scientist-students
Result: url='https://www.bolton.ac.uk/blogs/what-are-the-graduate-prospects-for-biomedical-scientist-students' html='' success=False cleaned_html=None media={} links={} downloaded_files=None screenshot=None pdf=None markdown=None markdown_v2=None fit_markdown=None fit_html=None extracted_content=None metadata=None error_message='Unexpected error in _crawl_web at line 1205 in _crawl_web (../../.pyenv/versions/3.12.6/lib/python3.12/site-packages/crawl4ai/async_crawler_strategy.py):\nError: Failed on navigating ACS-GOTO:\nPage.goto: Timeout 10000ms exceeded.\nCall log:\n  - navigating to "https://www.bolton.ac.uk/blogs/what-are-the-graduate-prospects-for-biomedical-scientist-students", waiting until "domcontentloaded"\n\n\nCode context:\n1200   \n1201                       response = await page.goto(\n1202                           url, wait_until=config.wait_until, timeout=config.page_timeout\n1203                       )\n1204                   except Error as e:\n1205 →                     raise RuntimeError(f"Failed on navigating ACS-GOTO:\\n{str(e)}")\n1206   \n1207                   await self.execute_hook("after_goto", page, context=context, url=url, response=response)\n1208   \n1209                   if response is None:\n1210                       status_code = 200' session_id=None response_headers=None status_code=None ssl_certificate=None


Failed to crawl: https://www.bolton.ac.uk/blogs/the-value-of-a-masters-degree-in-human-society
Result: url='https://www.bolton.ac.uk/blogs/the-value-of-a-masters-degree-in-human-society' html='' success=False cleaned_html=None media={} links={} downloaded_files=None screenshot=None pdf=None markdown=None markdown_v2=None fit_markdown=None fit_html=None extracted_content=None metadata=None error_message='Unexpected error in _crawl_web at line 1205 in _crawl_web (../../.pyenv/versions/3.12.6/lib/python3.12/site-packages/crawl4ai/async_crawler_strategy.py):\nError: Failed on navigating ACS-GOTO:\nPage.goto: Timeout 10000ms exceeded.\nCall log:\n  - navigating to "https://www.bolton.ac.uk/blogs/the-value-of-a-masters-degree-in-human-society", waiting until "domcontentloaded"\n\n\nCode context:\n1200   \n1201                       response = await page.goto(\n1202                           url, wait_until=config.wait_until, timeout=config.page_timeout\n1203                       )\n1204                   except Error as e:\n1205 →                     raise RuntimeError(f"Failed on navigating ACS-GOTO:\\n{str(e)}")\n1206   \n1207                   await self.execute_hook("after_goto", page, context=context, url=url, response=response)\n1208   \n1209                   if response is None:\n1210                       status_code = 200' session_id=None response_headers=None status_code=None ssl_certificate=None


Failed to crawl: https://www.bolton.ac.uk/blogs/looking-for-a-career-path-get-a-degree-in-community-development-and-youth
Result: url='https://www.bolton.ac.uk/blogs/looking-for-a-career-path-get-a-degree-in-community-development-and-youth' html='' success=False cleaned_html=None media={} links={} downloaded_files=None screenshot=None pdf=None markdown=None markdown_v2=None fit_markdown=None fit_html=None extracted_content=None metadata=None error_message='Unexpected error in _crawl_web at line 1205 in _crawl_web (../../.pyenv/versions/3.12.6/lib/python3.12/site-packages/crawl4ai/async_crawler_strategy.py):\nError: Failed on navigating ACS-GOTO:\nPage.goto: Timeout 10000ms exceeded.\nCall log:\n  - navigating to "https://www.bolton.ac.uk/blogs/looking-for-a-career-path-get-a-degree-in-community-development-and-youth", waiting until "domcontentloaded"\n\n\nCode context:\n1200   \n1201                       response = await page.goto(\n1202                           url, wait_until=config.wait_until, timeout=config.page_timeout\n1203                       )\n1204                   except Error as e:\n1205 →                     raise RuntimeError(f"Failed on navigating ACS-GOTO:\\n{str(e)}")\n1206   \n1207                   await self.execute_hook("after_goto", page, context=context, url=url, response=response)\n1208   \n1209                   if response is None:\n1210                       status_code = 200' session_id=None response_headers=None status_code=None ssl_certificate=None


Failed to crawl: https://www.bolton.ac.uk/blogs/empowering-your-community-ba-hons-community-development-and-youth-studies
Result: url='https://www.bolton.ac.uk/blogs/empowering-your-community-ba-hons-community-development-and-youth-studies' html='' success=False cleaned_html=None media={} links={} downloaded_files=None screenshot=None pdf=None markdown=None markdown_v2=None fit_markdown=None fit_html=None extracted_content=None metadata=None error_message='Unexpected error in _crawl_web at line 1205 in _crawl_web (../../.pyenv/versions/3.12.6/lib/python3.12/site-packages/crawl4ai/async_crawler_strategy.py):\nError: Failed on navigating ACS-GOTO:\nPage.goto: Timeout 10000ms exceeded.\nCall log:\n  - navigating to "https://www.bolton.ac.uk/blogs/empowering-your-community-ba-hons-community-development-and-youth-studies", waiting until "domcontentloaded"\n\n\nCode context:\n1200   \n1201                       response = await page.goto(\n1202                           url, wait_until=config.wait_until, timeout=config.page_timeout\n1203                       )\n1204                   except Error as e:\n1205 →                     raise RuntimeError(f"Failed on navigating ACS-GOTO:\\n{str(e)}")\n1206   \n1207                   await self.execute_hook("after_goto", page, context=context, url=url, response=response)\n1208   \n1209                   if response is None:\n1210                       status_code = 200' session_id=None response_headers=None status_code=None ssl_certificate=None


Failed to crawl: https://www.bolton.ac.uk/blogs/what-a-career-in-community-development-and-youth-work-looks-like
Result: url='https://www.bolton.ac.uk/blogs/what-a-career-in-community-development-and-youth-work-looks-like' html='' success=False cleaned_html=None media={} links={} downloaded_files=None screenshot=None pdf=None markdown=None markdown_v2=None fit_markdown=None fit_html=None extracted_content=None metadata=None error_message='Unexpected error in _crawl_web at line 1205 in _crawl_web (../../.pyenv/versions/3.12.6/lib/python3.12/site-packages/crawl4ai/async_crawler_strategy.py):\nError: Failed on navigating ACS-GOTO:\nPage.goto: Timeout 10000ms exceeded.\nCall log:\n  - navigating to "https://www.bolton.ac.uk/blogs/what-a-career-in-community-development-and-youth-work-looks-like", waiting until "domcontentloaded"\n\n\nCode context:\n1200   \n1201                       response = await page.goto(\n1202                           url, wait_until=config.wait_until, timeout=config.page_timeout\n1203                       )\n1204                   except Error as e:\n1205 →                     raise RuntimeError(f"Failed on navigating ACS-GOTO:\\n{str(e)}")\n1206   \n1207                   await self.execute_hook("after_goto", page, context=context, url=url, response=response)\n1208   \n1209                   if response is None:\n1210                       status_code = 200' session_id=None response_headers=None status_code=None ssl_certificate=None


Failed to crawl: https://www.bolton.ac.uk/blogs/what-are-the-four-main-types-of-ai
Result: url='https://www.bolton.ac.uk/blogs/what-are-the-four-main-types-of-ai' html='' success=False cleaned_html=None media={} links={} downloaded_files=None screenshot=None pdf=None markdown=None markdown_v2=None fit_markdown=None fit_html=None extracted_content=None metadata=None error_message='Unexpected error in _crawl_web at line 1205 in _crawl_web (../../.pyenv/versions/3.12.6/lib/python3.12/site-packages/crawl4ai/async_crawler_strategy.py):\nError: Failed on navigating ACS-GOTO:\nPage.goto: Timeout 10000ms exceeded.\nCall log:\n  - navigating to "https://www.bolton.ac.uk/blogs/what-are-the-four-main-types-of-ai", waiting until "domcontentloaded"\n\n\nCode context:\n1200   \n1201                       response = await page.goto(\n1202                           url, wait_until=config.wait_until, timeout=config.page_timeout\n1203                       )\n1204                   except Error as e:\n1205 →                     raise RuntimeError(f"Failed on navigating ACS-GOTO:\\n{str(e)}")\n1206   \n1207                   await self.execute_hook("after_goto", page, context=context, url=url, response=response)\n1208   \n1209                   if response is None:\n1210                       status_code = 200' session_id=None response_headers=None status_code=None ssl_certificate=None


Failed to crawl: https://www.bolton.ac.uk/blogs/will-quantum-computing-re-write-the-future-of-technology
Result: url='https://www.bolton.ac.uk/blogs/will-quantum-computing-re-write-the-future-of-technology' html='' success=False cleaned_html=None media={} links={} downloaded_files=None screenshot=None pdf=None markdown=None markdown_v2=None fit_markdown=None fit_html=None extracted_content=None metadata=None error_message='Unexpected error in _crawl_web at line 1205 in _crawl_web (../../.pyenv/versions/3.12.6/lib/python3.12/site-packages/crawl4ai/async_crawler_strategy.py):\nError: Failed on navigating ACS-GOTO:\nPage.goto: Timeout 10000ms exceeded.\nCall log:\n  - navigating to "https://www.bolton.ac.uk/blogs/will-quantum-computing-re-write-the-future-of-technology", waiting until "domcontentloaded"\n\n\nCode context:\n1200   \n1201                       response = await page.goto(\n1202                           url, wait_until=config.wait_until, timeout=config.page_timeout\n1203                       )\n1204                   except Error as e:\n1205 →                     raise RuntimeError(f"Failed on navigating ACS-GOTO:\\n{str(e)}")\n1206   \n1207                   await self.execute_hook("after_goto", page, context=context, url=url, response=response)\n1208   \n1209                   if response is None:\n1210                       status_code = 200' session_id=None response_headers=None status_code=None ssl_certificate=None


Failed to crawl: https://www.bolton.ac.uk/news/the-research-institute-for-social-mobility-says-end-the-digital-divide-with-a-virtual-learning-co-ordinator-in-every-school
Result: url='https://www.bolton.ac.uk/news/the-research-institute-for-social-mobility-says-end-the-digital-divide-with-a-virtual-learning-co-ordinator-in-every-school' html='' success=False cleaned_html=None media={} links={} downloaded_files=None screenshot=None pdf=None markdown=None markdown_v2=None fit_markdown=None fit_html=None extracted_content=None metadata=None error_message='Unexpected error in _crawl_web at line 1205 in _crawl_web (../../.pyenv/versions/3.12.6/lib/python3.12/site-packages/crawl4ai/async_crawler_strategy.py):\nError: Failed on navigating ACS-GOTO:\nPage.goto: Timeout 10000ms exceeded.\nCall log:\n  - navigating to "https://www.bolton.ac.uk/news/the-research-institute-for-social-mobility-says-end-the-digital-divide-with-a-virtual-learning-co-ordinator-in-every-school", waiting until "domcontentloaded"\n\n\nCode context:\n1200   \n1201                       response = await page.goto(\n1202                           url, wait_until=config.wait_until, timeout=config.page_timeout\n1203                       )\n1204                   except Error as e:\n1205 →                     raise RuntimeError(f"Failed on navigating ACS-GOTO:\\n{str(e)}")\n1206   \n1207                   await self.execute_hook("after_goto", page, context=context, url=url, response=response)\n1208   \n1209                   if response is None:\n1210                       status_code = 200' session_id=None response_headers=None status_code=None ssl_certificate=None


Failed to crawl: https://www.bolton.ac.uk/blogs/construction-project-management-a-great-career-choice
Result: url='https://www.bolton.ac.uk/blogs/construction-project-management-a-great-career-choice' html='' success=False cleaned_html=None media={} links={} downloaded_files=None screenshot=None pdf=None markdown=None markdown_v2=None fit_markdown=None fit_html=None extracted_content=None metadata=None error_message='Unexpected error in _crawl_web at line 1205 in _crawl_web (../../.pyenv/versions/3.12.6/lib/python3.12/site-packages/crawl4ai/async_crawler_strategy.py):\nError: Failed on navigating ACS-GOTO:\nPage.goto: Timeout 10000ms exceeded.\nCall log:\n  - navigating to "https://www.bolton.ac.uk/blogs/construction-project-management-a-great-career-choice", waiting until "domcontentloaded"\n\n\nCode context:\n1200   \n1201                       response = await page.goto(\n1202                           url, wait_until=config.wait_until, timeout=config.page_timeout\n1203                       )\n1204                   except Error as e:\n1205 →                     raise RuntimeError(f"Failed on navigating ACS-GOTO:\\n{str(e)}")\n1206   \n1207                   await self.execute_hook("after_goto", page, context=context, url=url, response=response)\n1208   \n1209                   if response is None:\n1210                       status_code = 200' session_id=None response_headers=None status_code=None ssl_certificate=None


Failed to crawl: https://www.bolton.ac.uk/blogs/environmental-management-why-is-it-so-important
Result: url='https://www.bolton.ac.uk/blogs/environmental-management-why-is-it-so-important' html='' success=False cleaned_html=None media={} links={} downloaded_files=None screenshot=None pdf=None markdown=None markdown_v2=None fit_markdown=None fit_html=None extracted_content=None metadata=None error_message='Unexpected error in _crawl_web at line 1205 in _crawl_web (../../.pyenv/versions/3.12.6/lib/python3.12/site-packages/crawl4ai/async_crawler_strategy.py):\nError: Failed on navigating ACS-GOTO:\nPage.goto: Timeout 10000ms exceeded.\nCall log:\n  - navigating to "https://www.bolton.ac.uk/blogs/environmental-management-why-is-it-so-important", waiting until "domcontentloaded"\n\n\nCode context:\n1200   \n1201                       response = await page.goto(\n1202                           url, wait_until=config.wait_until, timeout=config.page_timeout\n1203                       )\n1204                   except Error as e:\n1205 →                     raise RuntimeError(f"Failed on navigating ACS-GOTO:\\n{str(e)}")\n1206   \n1207                   await self.execute_hook("after_goto", page, context=context, url=url, response=response)\n1208   \n1209                   if response is None:\n1210                       status_code = 200' session_id=None response_headers=None status_code=None ssl_certificate=None


Failed to crawl: https://www.bolton.ac.uk/blogs/the-latest-inventions-in-civil-engineering
Result: url='https://www.bolton.ac.uk/blogs/the-latest-inventions-in-civil-engineering' html='' success=False cleaned_html=None media={} links={} downloaded_files=None screenshot=None pdf=None markdown=None markdown_v2=None fit_markdown=None fit_html=None extracted_content=None metadata=None error_message='Unexpected error in _crawl_web at line 1205 in _crawl_web (../../.pyenv/versions/3.12.6/lib/python3.12/site-packages/crawl4ai/async_crawler_strategy.py):\nError: Failed on navigating ACS-GOTO:\nPage.goto: Timeout 10000ms exceeded.\nCall log:\n  - navigating to "https://www.bolton.ac.uk/blogs/the-latest-inventions-in-civil-engineering", waiting until "domcontentloaded"\n\n\nCode context:\n1200   \n1201                       response = await page.goto(\n1202                           url, wait_until=config.wait_until, timeout=config.page_timeout\n1203                       )\n1204                   except Error as e:\n1205 →                     raise RuntimeError(f"Failed on navigating ACS-GOTO:\\n{str(e)}")\n1206   \n1207                   await self.execute_hook("after_goto", page, context=context, url=url, response=response)\n1208   \n1209                   if response is None:\n1210                       status_code = 200' session_id=None response_headers=None status_code=None ssl_certificate=None


Failed to crawl: https://www.bolton.ac.uk/blogs/what-exactly-can-you-do-with-a-construction-degree
Result: url='https://www.bolton.ac.uk/blogs/what-exactly-can-you-do-with-a-construction-degree' html='' success=False cleaned_html=None media={} links={} downloaded_files=None screenshot=None pdf=None markdown=None markdown_v2=None fit_markdown=None fit_html=None extracted_content=None metadata=None error_message='Unexpected error in _crawl_web at line 1205 in _crawl_web (../../.pyenv/versions/3.12.6/lib/python3.12/site-packages/crawl4ai/async_crawler_strategy.py):\nError: Failed on navigating ACS-GOTO:\nPage.goto: Timeout 10000ms exceeded.\nCall log:\n  - navigating to "https://www.bolton.ac.uk/blogs/what-exactly-can-you-do-with-a-construction-degree", waiting until "domcontentloaded"\n\n\nCode context:\n1200   \n1201                       response = await page.goto(\n1202                           url, wait_until=config.wait_until, timeout=config.page_timeout\n1203                       )\n1204                   except Error as e:\n1205 →                     raise RuntimeError(f"Failed on navigating ACS-GOTO:\\n{str(e)}")\n1206   \n1207                   await self.execute_hook("after_goto", page, context=context, url=url, response=response)\n1208   \n1209                   if response is None:\n1210                       status_code = 200' session_id=None response_headers=None status_code=None ssl_certificate=None


Failed to crawl: https://www.bolton.ac.uk/blogs/looking-for-a-career-path-get-a-degree-in-construction
Result: url='https://www.bolton.ac.uk/blogs/looking-for-a-career-path-get-a-degree-in-construction' html='' success=False cleaned_html=None media={} links={} downloaded_files=None screenshot=None pdf=None markdown=None markdown_v2=None fit_markdown=None fit_html=None extracted_content=None metadata=None error_message='Unexpected error in _crawl_web at line 1205 in _crawl_web (../../.pyenv/versions/3.12.6/lib/python3.12/site-packages/crawl4ai/async_crawler_strategy.py):\nError: Failed on navigating ACS-GOTO:\nPage.goto: Timeout 10000ms exceeded.\nCall log:\n  - navigating to "https://www.bolton.ac.uk/blogs/looking-for-a-career-path-get-a-degree-in-construction", waiting until "domcontentloaded"\n\n\nCode context:\n1200   \n1201                       response = await page.goto(\n1202                           url, wait_until=config.wait_until, timeout=config.page_timeout\n1203                       )\n1204                   except Error as e:\n1205 →                     raise RuntimeError(f"Failed on navigating ACS-GOTO:\\n{str(e)}")\n1206   \n1207                   await self.execute_hook("after_goto", page, context=context, url=url, response=response)\n1208   \n1209                   if response is None:\n1210                       status_code = 200' session_id=None response_headers=None status_code=None ssl_certificate=None


Failed to crawl: https://www.bolton.ac.uk/news/introducing-newly-trained-pets-as-therapy-dog-willow-3
Result: url='https://www.bolton.ac.uk/news/introducing-newly-trained-pets-as-therapy-dog-willow-3' html='' success=False cleaned_html=None media={} links={} downloaded_files=None screenshot=None pdf=None markdown=None markdown_v2=None fit_markdown=None fit_html=None extracted_content=None metadata=None error_message='Unexpected error in _crawl_web at line 1205 in _crawl_web (../../.pyenv/versions/3.12.6/lib/python3.12/site-packages/crawl4ai/async_crawler_strategy.py):\nError: Failed on navigating ACS-GOTO:\nPage.goto: Timeout 10000ms exceeded.\nCall log:\n  - navigating to "https://www.bolton.ac.uk/news/introducing-newly-trained-pets-as-therapy-dog-willow-3", waiting until "domcontentloaded"\n\n\nCode context:\n1200   \n1201                       response = await page.goto(\n1202                           url, wait_until=config.wait_until, timeout=config.page_timeout\n1203                       )\n1204                   except Error as e:\n1205 →                     raise RuntimeError(f"Failed on navigating ACS-GOTO:\\n{str(e)}")\n1206   \n1207                   await self.execute_hook("after_goto", page, context=context, url=url, response=response)\n1208   \n1209                   if response is None:\n1210                       status_code = 200' session_id=None response_headers=None status_code=None ssl_certificate=None


Failed to crawl: https://www.bolton.ac.uk/blogs/major-causes-of-youth-crime-in-the-uk
Result: url='https://www.bolton.ac.uk/blogs/major-causes-of-youth-crime-in-the-uk' html='' success=False cleaned_html=None media={} links={} downloaded_files=None screenshot=None pdf=None markdown=None markdown_v2=None fit_markdown=None fit_html=None extracted_content=None metadata=None error_message='Unexpected error in _crawl_web at line 1205 in _crawl_web (../../.pyenv/versions/3.12.6/lib/python3.12/site-packages/crawl4ai/async_crawler_strategy.py):\nError: Failed on navigating ACS-GOTO:\nPage.goto: Timeout 10000ms exceeded.\nCall log:\n  - navigating to "https://www.bolton.ac.uk/blogs/major-causes-of-youth-crime-in-the-uk", waiting until "domcontentloaded"\n\n\nCode context:\n1200   \n1201                       response = await page.goto(\n1202                           url, wait_until=config.wait_until, timeout=config.page_timeout\n1203                       )\n1204                   except Error as e:\n1205 →                     raise RuntimeError(f"Failed on navigating ACS-GOTO:\\n{str(e)}")\n1206   \n1207                   await self.execute_hook("after_goto", page, context=context, url=url, response=response)\n1208   \n1209                   if response is None:\n1210                       status_code = 200' session_id=None response_headers=None status_code=None ssl_certificate=None


Failed to crawl: https://www.bolton.ac.uk/blogs/criminal-justice-what-is-a-modus-operandi
Result: url='https://www.bolton.ac.uk/blogs/criminal-justice-what-is-a-modus-operandi' html='' success=False cleaned_html=None media={} links={} downloaded_files=None screenshot=None pdf=None markdown=None markdown_v2=None fit_markdown=None fit_html=None extracted_content=None metadata=None error_message='Unexpected error in _crawl_web at line 1205 in _crawl_web (../../.pyenv/versions/3.12.6/lib/python3.12/site-packages/crawl4ai/async_crawler_strategy.py):\nError: Failed on navigating ACS-GOTO:\nPage.goto: Timeout 10000ms exceeded.\nCall log:\n  - navigating to "https://www.bolton.ac.uk/blogs/criminal-justice-what-is-a-modus-operandi", waiting until "domcontentloaded"\n\n\nCode context:\n1200   \n1201                       response = await page.goto(\n1202                           url, wait_until=config.wait_until, timeout=config.page_timeout\n1203                       )\n1204                   except Error as e:\n1205 →                     raise RuntimeError(f"Failed on navigating ACS-GOTO:\\n{str(e)}")\n1206   \n1207                   await self.execute_hook("after_goto", page, context=context, url=url, response=response)\n1208   \n1209                   if response is None:\n1210                       status_code = 200' session_id=None response_headers=None status_code=None ssl_certificate=None


Failed to crawl: https://www.bolton.ac.uk/news/crime-and-criminal-justice-london-trip
Result: url='https://www.bolton.ac.uk/news/crime-and-criminal-justice-london-trip' html='' success=False cleaned_html=None media={} links={} downloaded_files=None screenshot=None pdf=None markdown=None markdown_v2=None fit_markdown=None fit_html=None extracted_content=None metadata=None error_message='Unexpected error in _crawl_web at line 1205 in _crawl_web (../../.pyenv/versions/3.12.6/lib/python3.12/site-packages/crawl4ai/async_crawler_strategy.py):\nError: Failed on navigating ACS-GOTO:\nPage.goto: Timeout 10000ms exceeded.\nCall log:\n  - navigating to "https://www.bolton.ac.uk/news/crime-and-criminal-justice-london-trip", waiting until "domcontentloaded"\n\n\nCode context:\n1200   \n1201                       response = await page.goto(\n1202                           url, wait_until=config.wait_until, timeout=config.page_timeout\n1203                       )\n1204                   except Error as e:\n1205 →                     raise RuntimeError(f"Failed on navigating ACS-GOTO:\\n{str(e)}")\n1206   \n1207                   await self.execute_hook("after_goto", page, context=context, url=url, response=response)\n1208   \n1209                   if response is None:\n1210                       status_code = 200' session_id=None response_headers=None status_code=None ssl_certificate=None


Failed to crawl: https://www.bolton.ac.uk/news/the-ancient-history-of-dental-braces
Result: url='https://www.bolton.ac.uk/news/the-ancient-history-of-dental-braces' html='' success=False cleaned_html=None media={} links={} downloaded_files=None screenshot=None pdf=None markdown=None markdown_v2=None fit_markdown=None fit_html=None extracted_content=None metadata=None error_message='Unexpected error in _crawl_web at line 1205 in _crawl_web (../../.pyenv/versions/3.12.6/lib/python3.12/site-packages/crawl4ai/async_crawler_strategy.py):\nError: Failed on navigating ACS-GOTO:\nPage.goto: Timeout 10000ms exceeded.\nCall log:\n  - navigating to "https://www.bolton.ac.uk/news/the-ancient-history-of-dental-braces", waiting until "domcontentloaded"\n\n\nCode context:\n1200   \n1201                       response = await page.goto(\n1202                           url, wait_until=config.wait_until, timeout=config.page_timeout\n1203                       )\n1204                   except Error as e:\n1205 →                     raise RuntimeError(f"Failed on navigating ACS-GOTO:\\n{str(e)}")\n1206   \n1207                   await self.execute_hook("after_goto", page, context=context, url=url, response=response)\n1208   \n1209                   if response is None:\n1210                       status_code = 200' session_id=None response_headers=None status_code=None ssl_certificate=None


Failed to crawl: https://www.bolton.ac.uk/blogs/self-regulation-and-well-being
Result: url='https://www.bolton.ac.uk/blogs/self-regulation-and-well-being' html='' success=False cleaned_html=None media={} links={} downloaded_files=None screenshot=None pdf=None markdown=None markdown_v2=None fit_markdown=None fit_html=None extracted_content=None metadata=None error_message='Unexpected error in _crawl_web at line 1205 in _crawl_web (../../.pyenv/versions/3.12.6/lib/python3.12/site-packages/crawl4ai/async_crawler_strategy.py):\nError: Failed on navigating ACS-GOTO:\nPage.goto: Timeout 10000ms exceeded.\nCall log:\n  - navigating to "https://www.bolton.ac.uk/blogs/self-regulation-and-well-being", waiting until "domcontentloaded"\n\n\nCode context:\n1200   \n1201                       response = await page.goto(\n1202                           url, wait_until=config.wait_until, timeout=config.page_timeout\n1203                       )\n1204                   except Error as e:\n1205 →                     raise RuntimeError(f"Failed on navigating ACS-GOTO:\\n{str(e)}")\n1206   \n1207                   await self.execute_hook("after_goto", page, context=context, url=url, response=response)\n1208   \n1209                   if response is None:\n1210                       status_code = 200' session_id=None response_headers=None status_code=None ssl_certificate=None


Failed to crawl: https://www.bolton.ac.uk/blogs/the-latest-developments-in-childrens-rights-for-2023
Result: url='https://www.bolton.ac.uk/blogs/the-latest-developments-in-childrens-rights-for-2023' html='' success=False cleaned_html=None media={} links={} downloaded_files=None screenshot=None pdf=None markdown=None markdown_v2=None fit_markdown=None fit_html=None extracted_content=None metadata=None error_message='Unexpected error in _crawl_web at line 1205 in _crawl_web (../../.pyenv/versions/3.12.6/lib/python3.12/site-packages/crawl4ai/async_crawler_strategy.py):\nError: Failed on navigating ACS-GOTO:\nPage.goto: Timeout 10000ms exceeded.\nCall log:\n  - navigating to "https://www.bolton.ac.uk/blogs/the-latest-developments-in-childrens-rights-for-2023", waiting until "domcontentloaded"\n\n\nCode context:\n1200   \n1201                       response = await page.goto(\n1202                           url, wait_until=config.wait_until, timeout=config.page_timeout\n1203                       )\n1204                   except Error as e:\n1205 →                     raise RuntimeError(f"Failed on navigating ACS-GOTO:\\n{str(e)}")\n1206   \n1207                   await self.execute_hook("after_goto", page, context=context, url=url, response=response)\n1208   \n1209                   if response is None:\n1210                       status_code = 200' session_id=None response_headers=None status_code=None ssl_certificate=None


Failed to crawl: https://www.bolton.ac.uk/blogs/why-an-ma-in-early-childhood-studies-makes-sense-for-your-future
Result: url='https://www.bolton.ac.uk/blogs/why-an-ma-in-early-childhood-studies-makes-sense-for-your-future' html='' success=False cleaned_html=None media={} links={} downloaded_files=None screenshot=None pdf=None markdown=None markdown_v2=None fit_markdown=None fit_html=None extracted_content=None metadata=None error_message='Unexpected error in _crawl_web at line 1205 in _crawl_web (../../.pyenv/versions/3.12.6/lib/python3.12/site-packages/crawl4ai/async_crawler_strategy.py):\nError: Failed on navigating ACS-GOTO:\nPage.goto: Timeout 10000ms exceeded.\nCall log:\n  - navigating to "https://www.bolton.ac.uk/blogs/why-an-ma-in-early-childhood-studies-makes-sense-for-your-future", waiting until "domcontentloaded"\n\n\nCode context:\n1200   \n1201                       response = await page.goto(\n1202                           url, wait_until=config.wait_until, timeout=config.page_timeout\n1203                       )\n1204                   except Error as e:\n1205 →                     raise RuntimeError(f"Failed on navigating ACS-GOTO:\\n{str(e)}")\n1206   \n1207                   await self.execute_hook("after_goto", page, context=context, url=url, response=response)\n1208   \n1209                   if response is None:\n1210                       status_code = 200' session_id=None response_headers=None status_code=None ssl_certificate=None


Failed to crawl: https://www.bolton.ac.uk/news/champion-the-uniqueness-of-our-children
Result: url='https://www.bolton.ac.uk/news/champion-the-uniqueness-of-our-children' html='' success=False cleaned_html=None media={} links={} downloaded_files=None screenshot=None pdf=None markdown=None markdown_v2=None fit_markdown=None fit_html=None extracted_content=None metadata=None error_message='Unexpected error in _crawl_web at line 1205 in _crawl_web (../../.pyenv/versions/3.12.6/lib/python3.12/site-packages/crawl4ai/async_crawler_strategy.py):\nError: Failed on navigating ACS-GOTO:\nPage.goto: Timeout 10000ms exceeded.\nCall log:\n  - navigating to "https://www.bolton.ac.uk/news/champion-the-uniqueness-of-our-children", waiting until "domcontentloaded"\n\n\nCode context:\n1200   \n1201                       response = await page.goto(\n1202                           url, wait_until=config.wait_until, timeout=config.page_timeout\n1203                       )\n1204                   except Error as e:\n1205 →                     raise RuntimeError(f"Failed on navigating ACS-GOTO:\\n{str(e)}")\n1206   \n1207                   await self.execute_hook("after_goto", page, context=context, url=url, response=response)\n1208   \n1209                   if response is None:\n1210                       status_code = 200' session_id=None response_headers=None status_code=None ssl_certificate=None


Failed to crawl: https://www.bolton.ac.uk/blogs/success-criteria-for-teachers
Result: url='https://www.bolton.ac.uk/blogs/success-criteria-for-teachers' html='' success=False cleaned_html=None media={} links={} downloaded_files=None screenshot=None pdf=None markdown=None markdown_v2=None fit_markdown=None fit_html=None extracted_content=None metadata=None error_message='Unexpected error in _crawl_web at line 1205 in _crawl_web (../../.pyenv/versions/3.12.6/lib/python3.12/site-packages/crawl4ai/async_crawler_strategy.py):\nError: Failed on navigating ACS-GOTO:\nPage.goto: Timeout 10000ms exceeded.\nCall log:\n  - navigating to "https://www.bolton.ac.uk/blogs/success-criteria-for-teachers", waiting until "domcontentloaded"\n\n\nCode context:\n1200   \n1201                       response = await page.goto(\n1202                           url, wait_until=config.wait_until, timeout=config.page_timeout\n1203                       )\n1204                   except Error as e:\n1205 →                     raise RuntimeError(f"Failed on navigating ACS-GOTO:\\n{str(e)}")\n1206   \n1207                   await self.execute_hook("after_goto", page, context=context, url=url, response=response)\n1208   \n1209                   if response is None:\n1210                       status_code = 200' session_id=None response_headers=None status_code=None ssl_certificate=None


Failed to crawl: https://www.bolton.ac.uk/blogs/how-a-degree-in-education-can-help-you-in-your-future-career
Result: url='https://www.bolton.ac.uk/blogs/how-a-degree-in-education-can-help-you-in-your-future-career' html='' success=False cleaned_html=None media={} links={} downloaded_files=None screenshot=None pdf=None markdown=None markdown_v2=None fit_markdown=None fit_html=None extracted_content=None metadata=None error_message='Unexpected error in _crawl_web at line 1205 in _crawl_web (../../.pyenv/versions/3.12.6/lib/python3.12/site-packages/crawl4ai/async_crawler_strategy.py):\nError: Failed on navigating ACS-GOTO:\nPage.goto: Timeout 10000ms exceeded.\nCall log:\n  - navigating to "https://www.bolton.ac.uk/blogs/how-a-degree-in-education-can-help-you-in-your-future-career", waiting until "domcontentloaded"\n\n\nCode context:\n1200   \n1201                       response = await page.goto(\n1202                           url, wait_until=config.wait_until, timeout=config.page_timeout\n1203                       )\n1204                   except Error as e:\n1205 →                     raise RuntimeError(f"Failed on navigating ACS-GOTO:\\n{str(e)}")\n1206   \n1207                   await self.execute_hook("after_goto", page, context=context, url=url, response=response)\n1208   \n1209                   if response is None:\n1210                       status_code = 200' session_id=None response_headers=None status_code=None ssl_certificate=None


Failed to crawl: https://www.bolton.ac.uk/blogs/how-to-become-a-play-therapist
Result: url='https://www.bolton.ac.uk/blogs/how-to-become-a-play-therapist' html='' success=False cleaned_html=None media={} links={} downloaded_files=None screenshot=None pdf=None markdown=None markdown_v2=None fit_markdown=None fit_html=None extracted_content=None metadata=None error_message='Unexpected error in _crawl_web at line 1205 in _crawl_web (../../.pyenv/versions/3.12.6/lib/python3.12/site-packages/crawl4ai/async_crawler_strategy.py):\nError: Failed on navigating ACS-GOTO:\nPage.goto: Timeout 10000ms exceeded.\nCall log:\n  - navigating to "https://www.bolton.ac.uk/blogs/how-to-become-a-play-therapist", waiting until "domcontentloaded"\n\n\nCode context:\n1200   \n1201                       response = await page.goto(\n1202                           url, wait_until=config.wait_until, timeout=config.page_timeout\n1203                       )\n1204                   except Error as e:\n1205 →                     raise RuntimeError(f"Failed on navigating ACS-GOTO:\\n{str(e)}")\n1206   \n1207                   await self.execute_hook("after_goto", page, context=context, url=url, response=response)\n1208   \n1209                   if response is None:\n1210                       status_code = 200' session_id=None response_headers=None status_code=None ssl_certificate=None


Failed to crawl: https://www.bolton.ac.uk/assets/The-Post-11th-november-2021.pdf
Result: url='https://www.bolton.ac.uk/assets/The-Post-11th-november-2021.pdf' html='' success=False cleaned_html=None media={} links={} downloaded_files=None screenshot=None pdf=None markdown=None markdown_v2=None fit_markdown=None fit_html=None extracted_content=None metadata=None error_message='Unexpected error in _crawl_web at line 1205 in _crawl_web (../../.pyenv/versions/3.12.6/lib/python3.12/site-packages/crawl4ai/async_crawler_strategy.py):\nError: Failed on navigating ACS-GOTO:\nPage.goto: net::ERR_FAILED at https://www.bolton.ac.uk/assets/The-Post-11th-november-2021.pdf\nCall log:\n  - navigating to "https://www.bolton.ac.uk/assets/The-Post-11th-november-2021.pdf", waiting until "domcontentloaded"\n\n\nCode context:\n1200   \n1201                       response = await page.goto(\n1202                           url, wait_until=config.wait_until, timeout=config.page_timeout\n1203                       )\n1204                   except Error as e:\n1205 →                     raise RuntimeError(f"Failed on navigating ACS-GOTO:\\n{str(e)}")\n1206   \n1207                   await self.execute_hook("after_goto", page, context=context, url=url, response=response)\n1208   \n1209                   if response is None:\n1210                       status_code = 200' session_id=None response_headers=None status_code=None ssl_certificate=None


Failed to crawl: https://www.bolton.ac.uk/assets/The-Post-Hhalloween.pdf
Result: url='https://www.bolton.ac.uk/assets/The-Post-Hhalloween.pdf' html='' success=False cleaned_html=None media={} links={} downloaded_files=None screenshot=None pdf=None markdown=None markdown_v2=None fit_markdown=None fit_html=None extracted_content=None metadata=None error_message='Unexpected error in _crawl_web at line 1205 in _crawl_web (../../.pyenv/versions/3.12.6/lib/python3.12/site-packages/crawl4ai/async_crawler_strategy.py):\nError: Failed on navigating ACS-GOTO:\nPage.goto: net::ERR_FAILED at https://www.bolton.ac.uk/assets/The-Post-Hhalloween.pdf\nCall log:\n  - navigating to "https://www.bolton.ac.uk/assets/The-Post-Hhalloween.pdf", waiting until "domcontentloaded"\n\n\nCode context:\n1200   \n1201                       response = await page.goto(\n1202                           url, wait_until=config.wait_until, timeout=config.page_timeout\n1203                       )\n1204                   except Error as e:\n1205 →                     raise RuntimeError(f"Failed on navigating ACS-GOTO:\\n{str(e)}")\n1206   \n1207                   await self.execute_hook("after_goto", page, context=context, url=url, response=response)\n1208   \n1209                   if response is None:\n1210                       status_code = 200' session_id=None response_headers=None status_code=None ssl_certificate=None


Failed to crawl: https://www.bolton.ac.uk/assets/The-Post-18th-October-2021-ADHD.pdf
Result: url='https://www.bolton.ac.uk/assets/The-Post-18th-October-2021-ADHD.pdf' html='' success=False cleaned_html=None media={} links={} downloaded_files=None screenshot=None pdf=None markdown=None markdown_v2=None fit_markdown=None fit_html=None extracted_content=None metadata=None error_message='Unexpected error in _crawl_web at line 1205 in _crawl_web (../../.pyenv/versions/3.12.6/lib/python3.12/site-packages/crawl4ai/async_crawler_strategy.py):\nError: Failed on navigating ACS-GOTO:\nPage.goto: net::ERR_FAILED at https://www.bolton.ac.uk/assets/The-Post-18th-October-2021-ADHD.pdf\nCall log:\n  - navigating to "https://www.bolton.ac.uk/assets/The-Post-18th-October-2021-ADHD.pdf", waiting until "domcontentloaded"\n\n\nCode context:\n1200   \n1201                       response = await page.goto(\n1202                           url, wait_until=config.wait_until, timeout=config.page_timeout\n1203                       )\n1204                   except Error as e:\n1205 →                     raise RuntimeError(f"Failed on navigating ACS-GOTO:\\n{str(e)}")\n1206   \n1207                   await self.execute_hook("after_goto", page, context=context, url=url, response=response)\n1208   \n1209                   if response is None:\n1210                       status_code = 200' session_id=None response_headers=None status_code=None ssl_certificate=None


Failed to crawl: https://www.bolton.ac.uk/assets/Newsletter-23rd-April-Martina.pdf
Result: url='https://www.bolton.ac.uk/assets/Newsletter-23rd-April-Martina.pdf' html='' success=False cleaned_html=None media={} links={} downloaded_files=None screenshot=None pdf=None markdown=None markdown_v2=None fit_markdown=None fit_html=None extracted_content=None metadata=None error_message='Unexpected error in _crawl_web at line 1205 in _crawl_web (../../.pyenv/versions/3.12.6/lib/python3.12/site-packages/crawl4ai/async_crawler_strategy.py):\nError: Failed on navigating ACS-GOTO:\nPage.goto: net::ERR_FAILED at https://www.bolton.ac.uk/assets/Newsletter-23rd-April-Martina.pdf\nCall log:\n  - navigating to "https://www.bolton.ac.uk/assets/Newsletter-23rd-April-Martina.pdf", waiting until "domcontentloaded"\n\n\nCode context:\n1200   \n1201                       response = await page.goto(\n1202                           url, wait_until=config.wait_until, timeout=config.page_timeout\n1203                       )\n1204                   except Error as e:\n1205 →                     raise RuntimeError(f"Failed on navigating ACS-GOTO:\\n{str(e)}")\n1206   \n1207                   await self.execute_hook("after_goto", page, context=context, url=url, response=response)\n1208   \n1209                   if response is None:\n1210                       status_code = 200' session_id=None response_headers=None status_code=None ssl_certificate=None


Failed to crawl: https://www.bolton.ac.uk/assets/Newsletter-5th-May-2021.pdf
Result: url='https://www.bolton.ac.uk/assets/Newsletter-5th-May-2021.pdf' html='' success=False cleaned_html=None media={} links={} downloaded_files=None screenshot=None pdf=None markdown=None markdown_v2=None fit_markdown=None fit_html=None extracted_content=None metadata=None error_message='Unexpected error in _crawl_web at line 1205 in _crawl_web (../../.pyenv/versions/3.12.6/lib/python3.12/site-packages/crawl4ai/async_crawler_strategy.py):\nError: Failed on navigating ACS-GOTO:\nPage.goto: net::ERR_FAILED at https://www.bolton.ac.uk/assets/Newsletter-5th-May-2021.pdf\nCall log:\n  - navigating to "https://www.bolton.ac.uk/assets/Newsletter-5th-May-2021.pdf", waiting until "domcontentloaded"\n\n\nCode context:\n1200   \n1201                       response = await page.goto(\n1202                           url, wait_until=config.wait_until, timeout=config.page_timeout\n1203                       )\n1204                   except Error as e:\n1205 →                     raise RuntimeError(f"Failed on navigating ACS-GOTO:\\n{str(e)}")\n1206   \n1207                   await self.execute_hook("after_goto", page, context=context, url=url, response=response)\n1208   \n1209                   if response is None:\n1210                       status_code = 200' session_id=None response_headers=None status_code=None ssl_certificate=None


Failed to crawl: https://www.bolton.ac.uk/assets/The-Post-13th-july-2021-Final.pdf
Result: url='https://www.bolton.ac.uk/assets/The-Post-13th-july-2021-Final.pdf' html='' success=False cleaned_html=None media={} links={} downloaded_files=None screenshot=None pdf=None markdown=None markdown_v2=None fit_markdown=None fit_html=None extracted_content=None metadata=None error_message='Unexpected error in _crawl_web at line 1205 in _crawl_web (../../.pyenv/versions/3.12.6/lib/python3.12/site-packages/crawl4ai/async_crawler_strategy.py):\nError: Failed on navigating ACS-GOTO:\nPage.goto: net::ERR_FAILED at https://www.bolton.ac.uk/assets/The-Post-13th-july-2021-Final.pdf\nCall log:\n  - navigating to "https://www.bolton.ac.uk/assets/The-Post-13th-july-2021-Final.pdf", waiting until "domcontentloaded"\n\n\nCode context:\n1200   \n1201                       response = await page.goto(\n1202                           url, wait_until=config.wait_until, timeout=config.page_timeout\n1203                       )\n1204                   except Error as e:\n1205 →                     raise RuntimeError(f"Failed on navigating ACS-GOTO:\\n{str(e)}")\n1206   \n1207                   await self.execute_hook("after_goto", page, context=context, url=url, response=response)\n1208   \n1209                   if response is None:\n1210                       status_code = 200' session_id=None response_headers=None status_code=None ssl_certificate=None


Failed to crawl: https://www.bolton.ac.uk/assets/The-Post-21st-June-2021.pdf
Result: url='https://www.bolton.ac.uk/assets/The-Post-21st-June-2021.pdf' html='' success=False cleaned_html=None media={} links={} downloaded_files=None screenshot=None pdf=None markdown=None markdown_v2=None fit_markdown=None fit_html=None extracted_content=None metadata=None error_message='Unexpected error in _crawl_web at line 1205 in _crawl_web (../../.pyenv/versions/3.12.6/lib/python3.12/site-packages/crawl4ai/async_crawler_strategy.py):\nError: Failed on navigating ACS-GOTO:\nPage.goto: net::ERR_FAILED at https://www.bolton.ac.uk/assets/The-Post-21st-June-2021.pdf\nCall log:\n  - navigating to "https://www.bolton.ac.uk/assets/The-Post-21st-June-2021.pdf", waiting until "domcontentloaded"\n\n\nCode context:\n1200   \n1201                       response = await page.goto(\n1202                           url, wait_until=config.wait_until, timeout=config.page_timeout\n1203                       )\n1204                   except Error as e:\n1205 →                     raise RuntimeError(f"Failed on navigating ACS-GOTO:\\n{str(e)}")\n1206   \n1207                   await self.execute_hook("after_goto", page, context=context, url=url, response=response)\n1208   \n1209                   if response is None:\n1210                       status_code = 200' session_id=None response_headers=None status_code=None ssl_certificate=None


Failed to crawl: https://www.bolton.ac.uk/assets/Hosted/Newsletter-12-01-21.pdf
Result: url='https://www.bolton.ac.uk/assets/Hosted/Newsletter-12-01-21.pdf' html='' success=False cleaned_html=None media={} links={} downloaded_files=None screenshot=None pdf=None markdown=None markdown_v2=None fit_markdown=None fit_html=None extracted_content=None metadata=None error_message='Unexpected error in _crawl_web at line 1205 in _crawl_web (../../.pyenv/versions/3.12.6/lib/python3.12/site-packages/crawl4ai/async_crawler_strategy.py):\nError: Failed on navigating ACS-GOTO:\nPage.goto: net::ERR_FAILED at https://www.bolton.ac.uk/assets/Hosted/Newsletter-12-01-21.pdf\nCall log:\n  - navigating to "https://www.bolton.ac.uk/assets/Hosted/Newsletter-12-01-21.pdf", waiting until "domcontentloaded"\n\n\nCode context:\n1200   \n1201                       response = await page.goto(\n1202                           url, wait_until=config.wait_until, timeout=config.page_timeout\n1203                       )\n1204                   except Error as e:\n1205 →                     raise RuntimeError(f"Failed on navigating ACS-GOTO:\\n{str(e)}")\n1206   \n1207                   await self.execute_hook("after_goto", page, context=context, url=url, response=response)\n1208   \n1209                   if response is None:\n1210                       status_code = 200' session_id=None response_headers=None status_code=None ssl_certificate=None


Failed to crawl: https://www.bolton.ac.uk/assets/The-Post-28th-May-2021.pdf
Result: url='https://www.bolton.ac.uk/assets/The-Post-28th-May-2021.pdf' html='' success=False cleaned_html=None media={} links={} downloaded_files=None screenshot=None pdf=None markdown=None markdown_v2=None fit_markdown=None fit_html=None extracted_content=None metadata=None error_message='Unexpected error in _crawl_web at line 1205 in _crawl_web (../../.pyenv/versions/3.12.6/lib/python3.12/site-packages/crawl4ai/async_crawler_strategy.py):\nError: Failed on navigating ACS-GOTO:\nPage.goto: net::ERR_FAILED at https://www.bolton.ac.uk/assets/The-Post-28th-May-2021.pdf\nCall log:\n  - navigating to "https://www.bolton.ac.uk/assets/The-Post-28th-May-2021.pdf", waiting until "domcontentloaded"\n\n\nCode context:\n1200   \n1201                       response = await page.goto(\n1202                           url, wait_until=config.wait_until, timeout=config.page_timeout\n1203                       )\n1204                   except Error as e:\n1205 →                     raise RuntimeError(f"Failed on navigating ACS-GOTO:\\n{str(e)}")\n1206   \n1207                   await self.execute_hook("after_goto", page, context=context, url=url, response=response)\n1208   \n1209                   if response is None:\n1210                       status_code = 200' session_id=None response_headers=None status_code=None ssl_certificate=None


Failed to crawl: https://www.bolton.ac.uk/assets/The-Post-3rd-of-June.pdf
Result: url='https://www.bolton.ac.uk/assets/The-Post-3rd-of-June.pdf' html='' success=False cleaned_html=None media={} links={} downloaded_files=None screenshot=None pdf=None markdown=None markdown_v2=None fit_markdown=None fit_html=None extracted_content=None metadata=None error_message='Unexpected error in _crawl_web at line 1205 in _crawl_web (../../.pyenv/versions/3.12.6/lib/python3.12/site-packages/crawl4ai/async_crawler_strategy.py):\nError: Failed on navigating ACS-GOTO:\nPage.goto: net::ERR_FAILED at https://www.bolton.ac.uk/assets/The-Post-3rd-of-June.pdf\nCall log:\n  - navigating to "https://www.bolton.ac.uk/assets/The-Post-3rd-of-June.pdf", waiting until "domcontentloaded"\n\n\nCode context:\n1200   \n1201                       response = await page.goto(\n1202                           url, wait_until=config.wait_until, timeout=config.page_timeout\n1203                       )\n1204                   except Error as e:\n1205 →                     raise RuntimeError(f"Failed on navigating ACS-GOTO:\\n{str(e)}")\n1206   \n1207                   await self.execute_hook("after_goto", page, context=context, url=url, response=response)\n1208   \n1209                   if response is None:\n1210                       status_code = 200' session_id=None response_headers=None status_code=None ssl_certificate=None


Failed to crawl: https://www.bolton.ac.uk/assets/Terrys-garden-diary2.pdf
Result: url='https://www.bolton.ac.uk/assets/Terrys-garden-diary2.pdf' html='' success=False cleaned_html=None media={} links={} downloaded_files=None screenshot=None pdf=None markdown=None markdown_v2=None fit_markdown=None fit_html=None extracted_content=None metadata=None error_message='Unexpected error in _crawl_web at line 1205 in _crawl_web (../../.pyenv/versions/3.12.6/lib/python3.12/site-packages/crawl4ai/async_crawler_strategy.py):\nError: Failed on navigating ACS-GOTO:\nPage.goto: net::ERR_FAILED at https://www.bolton.ac.uk/assets/Terrys-garden-diary2.pdf\nCall log:\n  - navigating to "https://www.bolton.ac.uk/assets/Terrys-garden-diary2.pdf", waiting until "domcontentloaded"\n\n\nCode context:\n1200   \n1201                       response = await page.goto(\n1202                           url, wait_until=config.wait_until, timeout=config.page_timeout\n1203                       )\n1204                   except Error as e:\n1205 →                     raise RuntimeError(f"Failed on navigating ACS-GOTO:\\n{str(e)}")\n1206   \n1207                   await self.execute_hook("after_goto", page, context=context, url=url, response=response)\n1208   \n1209                   if response is None:\n1210                       status_code = 200' session_id=None response_headers=None status_code=None ssl_certificate=None


Failed to crawl: https://www.bolton.ac.uk/assets/Hosted/Social-Work-Centre-Newsletter-8th-of-December.pdf
Result: url='https://www.bolton.ac.uk/assets/Hosted/Social-Work-Centre-Newsletter-8th-of-December.pdf' html='' success=False cleaned_html=None media={} links={} downloaded_files=None screenshot=None pdf=None markdown=None markdown_v2=None fit_markdown=None fit_html=None extracted_content=None metadata=None error_message='Unexpected error in _crawl_web at line 1205 in _crawl_web (../../.pyenv/versions/3.12.6/lib/python3.12/site-packages/crawl4ai/async_crawler_strategy.py):\nError: Failed on navigating ACS-GOTO:\nPage.goto: net::ERR_FAILED at https://www.bolton.ac.uk/assets/Hosted/Social-Work-Centre-Newsletter-8th-of-December.pdf\nCall log:\n  - navigating to "https://www.bolton.ac.uk/assets/Hosted/Social-Work-Centre-Newsletter-8th-of-December.pdf", waiting until "domcontentloaded"\n\n\nCode context:\n1200   \n1201                       response = await page.goto(\n1202                           url, wait_until=config.wait_until, timeout=config.page_timeout\n1203                       )\n1204                   except Error as e:\n1205 →                     raise RuntimeError(f"Failed on navigating ACS-GOTO:\\n{str(e)}")\n1206   \n1207                   await self.execute_hook("after_goto", page, context=context, url=url, response=response)\n1208   \n1209                   if response is None:\n1210                       status_code = 200' session_id=None response_headers=None status_code=None ssl_certificate=None


Failed to crawl: https://www.bolton.ac.uk/assets/Complaints-and-Appeals-Process-for-Applicants-2021_22-Updated-July-2021.pdf
Result: url='https://www.bolton.ac.uk/assets/Complaints-and-Appeals-Process-for-Applicants-2021_22-Updated-July-2021.pdf' html='' success=False cleaned_html=None media={} links={} downloaded_files=None screenshot=None pdf=None markdown=None markdown_v2=None fit_markdown=None fit_html=None extracted_content=None metadata=None error_message='Unexpected error in _crawl_web at line 1205 in _crawl_web (../../.pyenv/versions/3.12.6/lib/python3.12/site-packages/crawl4ai/async_crawler_strategy.py):\nError: Failed on navigating ACS-GOTO:\nPage.goto: net::ERR_FAILED at https://www.bolton.ac.uk/assets/Complaints-and-Appeals-Process-for-Applicants-2021_22-Updated-July-2021.pdf\nCall log:\n  - navigating to "https://www.bolton.ac.uk/assets/Complaints-and-Appeals-Process-for-Applicants-2021_22-Updated-July-2021.pdf", waiting until "domcontentloaded"\n\n\nCode context:\n1200   \n1201                       response = await page.goto(\n1202                           url, wait_until=config.wait_until, timeout=config.page_timeout\n1203                       )\n1204                   except Error as e:\n1205 →                     raise RuntimeError(f"Failed on navigating ACS-GOTO:\\n{str(e)}")\n1206   \n1207                   await self.execute_hook("after_goto", page, context=context, url=url, response=response)\n1208   \n1209                   if response is None:\n1210                       status_code = 200' session_id=None response_headers=None status_code=None ssl_certificate=None


Failed to crawl: https://www.bolton.ac.uk/assets/Course-Fees-Policy-2021_22-Updated-July-2021-v2.pdf
Result: url='https://www.bolton.ac.uk/assets/Course-Fees-Policy-2021_22-Updated-July-2021-v2.pdf' html='' success=False cleaned_html=None media={} links={} downloaded_files=None screenshot=None pdf=None markdown=None markdown_v2=None fit_markdown=None fit_html=None extracted_content=None metadata=None error_message='Unexpected error in _crawl_web at line 1205 in _crawl_web (../../.pyenv/versions/3.12.6/lib/python3.12/site-packages/crawl4ai/async_crawler_strategy.py):\nError: Failed on navigating ACS-GOTO:\nPage.goto: net::ERR_FAILED at https://www.bolton.ac.uk/assets/Course-Fees-Policy-2021_22-Updated-July-2021-v2.pdf\nCall log:\n  - navigating to "https://www.bolton.ac.uk/assets/Course-Fees-Policy-2021_22-Updated-July-2021-v2.pdf", waiting until "domcontentloaded"\n\n\nCode context:\n1200   \n1201                       response = await page.goto(\n1202                           url, wait_until=config.wait_until, timeout=config.page_timeout\n1203                       )\n1204                   except Error as e:\n1205 →                     raise RuntimeError(f"Failed on navigating ACS-GOTO:\\n{str(e)}")\n1206   \n1207                   await self.execute_hook("after_goto", page, context=context, url=url, response=response)\n1208   \n1209                   if response is None:\n1210                       status_code = 200' session_id=None response_headers=None status_code=None ssl_certificate=None


Failed to crawl: https://www.bolton.ac.uk/assets/Uploads/Enrolment-Cancellation-Form-2021-25.pdf
Result: url='https://www.bolton.ac.uk/assets/Uploads/Enrolment-Cancellation-Form-2021-25.pdf' html='' success=False cleaned_html=None media={} links={} downloaded_files=None screenshot=None pdf=None markdown=None markdown_v2=None fit_markdown=None fit_html=None extracted_content=None metadata=None error_message='Unexpected error in _crawl_web at line 1205 in _crawl_web (../../.pyenv/versions/3.12.6/lib/python3.12/site-packages/crawl4ai/async_crawler_strategy.py):\nError: Failed on navigating ACS-GOTO:\nPage.goto: net::ERR_FAILED at https://www.bolton.ac.uk/assets/Uploads/Enrolment-Cancellation-Form-2021-25.pdf\nCall log:\n  - navigating to "https://www.bolton.ac.uk/assets/Uploads/Enrolment-Cancellation-Form-2021-25.pdf", waiting until "domcontentloaded"\n\n\nCode context:\n1200   \n1201                       response = await page.goto(\n1202                           url, wait_until=config.wait_until, timeout=config.page_timeout\n1203                       )\n1204                   except Error as e:\n1205 →                     raise RuntimeError(f"Failed on navigating ACS-GOTO:\\n{str(e)}")\n1206   \n1207                   await self.execute_hook("after_goto", page, context=context, url=url, response=response)\n1208   \n1209                   if response is None:\n1210                       status_code = 200' session_id=None response_headers=None status_code=None ssl_certificate=None


Failed to crawl: https://www.bolton.ac.uk/assets/Student-Admissions-Policy-2021_22-Updated-July-2021.pdf
Result: url='https://www.bolton.ac.uk/assets/Student-Admissions-Policy-2021_22-Updated-July-2021.pdf' html='' success=False cleaned_html=None media={} links={} downloaded_files=None screenshot=None pdf=None markdown=None markdown_v2=None fit_markdown=None fit_html=None extracted_content=None metadata=None error_message='Unexpected error in _crawl_web at line 1205 in _crawl_web (../../.pyenv/versions/3.12.6/lib/python3.12/site-packages/crawl4ai/async_crawler_strategy.py):\nError: Failed on navigating ACS-GOTO:\nPage.goto: net::ERR_FAILED at https://www.bolton.ac.uk/assets/Student-Admissions-Policy-2021_22-Updated-July-2021.pdf\nCall log:\n  - navigating to "https://www.bolton.ac.uk/assets/Student-Admissions-Policy-2021_22-Updated-July-2021.pdf", waiting until "domcontentloaded"\n\n\nCode context:\n1200   \n1201                       response = await page.goto(\n1202                           url, wait_until=config.wait_until, timeout=config.page_timeout\n1203                       )\n1204                   except Error as e:\n1205 →                     raise RuntimeError(f"Failed on navigating ACS-GOTO:\\n{str(e)}")\n1206   \n1207                   await self.execute_hook("after_goto", page, context=context, url=url, response=response)\n1208   \n1209                   if response is None:\n1210                       status_code = 200' session_id=None response_headers=None status_code=None ssl_certificate=None


Failed to crawl: https://www.bolton.ac.uk/assets/Terms-and-Conditions-of-Enrolment-2021_22-Updated-July-21.pdf
Result: url='https://www.bolton.ac.uk/assets/Terms-and-Conditions-of-Enrolment-2021_22-Updated-July-21.pdf' html='' success=False cleaned_html=None media={} links={} downloaded_files=None screenshot=None pdf=None markdown=None markdown_v2=None fit_markdown=None fit_html=None extracted_content=None metadata=None error_message='Unexpected error in _crawl_web at line 1205 in _crawl_web (../../.pyenv/versions/3.12.6/lib/python3.12/site-packages/crawl4ai/async_crawler_strategy.py):\nError: Failed on navigating ACS-GOTO:\nPage.goto: net::ERR_FAILED at https://www.bolton.ac.uk/assets/Terms-and-Conditions-of-Enrolment-2021_22-Updated-July-21.pdf\nCall log:\n  - navigating to "https://www.bolton.ac.uk/assets/Terms-and-Conditions-of-Enrolment-2021_22-Updated-July-21.pdf", waiting until "domcontentloaded"\n\n\nCode context:\n1200   \n1201                       response = await page.goto(\n1202                           url, wait_until=config.wait_until, timeout=config.page_timeout\n1203                       )\n1204                   except Error as e:\n1205 →                     raise RuntimeError(f"Failed on navigating ACS-GOTO:\\n{str(e)}")\n1206   \n1207                   await self.execute_hook("after_goto", page, context=context, url=url, response=response)\n1208   \n1209                   if response is None:\n1210                       status_code = 200' session_id=None response_headers=None status_code=None ssl_certificate=None


Failed to crawl: https://www.bolton.ac.uk/assets/Uploads/Terms-and-Conditions-of-Enrolment-2021-22.pdf
Result: url='https://www.bolton.ac.uk/assets/Uploads/Terms-and-Conditions-of-Enrolment-2021-22.pdf' html='' success=False cleaned_html=None media={} links={} downloaded_files=None screenshot=None pdf=None markdown=None markdown_v2=None fit_markdown=None fit_html=None extracted_content=None metadata=None error_message='Unexpected error in _crawl_web at line 1205 in _crawl_web (../../.pyenv/versions/3.12.6/lib/python3.12/site-packages/crawl4ai/async_crawler_strategy.py):\nError: Failed on navigating ACS-GOTO:\nPage.goto: net::ERR_FAILED at https://www.bolton.ac.uk/assets/Uploads/Terms-and-Conditions-of-Enrolment-2021-22.pdf\nCall log:\n  - navigating to "https://www.bolton.ac.uk/assets/Uploads/Terms-and-Conditions-of-Enrolment-2021-22.pdf", waiting until "domcontentloaded"\n\n\nCode context:\n1200   \n1201                       response = await page.goto(\n1202                           url, wait_until=config.wait_until, timeout=config.page_timeout\n1203                       )\n1204                   except Error as e:\n1205 →                     raise RuntimeError(f"Failed on navigating ACS-GOTO:\\n{str(e)}")\n1206   \n1207                   await self.execute_hook("after_goto", page, context=context, url=url, response=response)\n1208   \n1209                   if response is None:\n1210                       status_code = 200' session_id=None response_headers=None status_code=None ssl_certificate=None


Failed to crawl: https://www.bolton.ac.uk/assets/Terms-and-Conditions-of-Enrolment-2021_22-Apprentices-Updated-July-21.pdf
Result: url='https://www.bolton.ac.uk/assets/Terms-and-Conditions-of-Enrolment-2021_22-Apprentices-Updated-July-21.pdf' html='' success=False cleaned_html=None media={} links={} downloaded_files=None screenshot=None pdf=None markdown=None markdown_v2=None fit_markdown=None fit_html=None extracted_content=None metadata=None error_message='Unexpected error in _crawl_web at line 1205 in _crawl_web (../../.pyenv/versions/3.12.6/lib/python3.12/site-packages/crawl4ai/async_crawler_strategy.py):\nError: Failed on navigating ACS-GOTO:\nPage.goto: net::ERR_FAILED at https://www.bolton.ac.uk/assets/Terms-and-Conditions-of-Enrolment-2021_22-Apprentices-Updated-July-21.pdf\nCall log:\n  - navigating to "https://www.bolton.ac.uk/assets/Terms-and-Conditions-of-Enrolment-2021_22-Apprentices-Updated-July-21.pdf", waiting until "domcontentloaded"\n\n\nCode context:\n1200   \n1201                       response = await page.goto(\n1202                           url, wait_until=config.wait_until, timeout=config.page_timeout\n1203                       )\n1204                   except Error as e:\n1205 →                     raise RuntimeError(f"Failed on navigating ACS-GOTO:\\n{str(e)}")\n1206   \n1207                   await self.execute_hook("after_goto", page, context=context, url=url, response=response)\n1208   \n1209                   if response is None:\n1210                       status_code = 200' session_id=None response_headers=None status_code=None ssl_certificate=None


Failed to crawl: https://www.bolton.ac.uk/assets/Uploads/Terms-and-Conditions-relating-to-Additional-Costs-for-Undergraduate-Students-2021-25.pdf
Result: url='https://www.bolton.ac.uk/assets/Uploads/Terms-and-Conditions-relating-to-Additional-Costs-for-Undergraduate-Students-2021-25.pdf' html='' success=False cleaned_html=None media={} links={} downloaded_files=None screenshot=None pdf=None markdown=None markdown_v2=None fit_markdown=None fit_html=None extracted_content=None metadata=None error_message='Unexpected error in _crawl_web at line 1205 in _crawl_web (../../.pyenv/versions/3.12.6/lib/python3.12/site-packages/crawl4ai/async_crawler_strategy.py):\nError: Failed on navigating ACS-GOTO:\nPage.goto: net::ERR_FAILED at https://www.bolton.ac.uk/assets/Uploads/Terms-and-Conditions-relating-to-Additional-Costs-for-Undergraduate-Students-2021-25.pdf\nCall log:\n  - navigating to "https://www.bolton.ac.uk/assets/Uploads/Terms-and-Conditions-relating-to-Additional-Costs-for-Undergraduate-Students-2021-25.pdf", waiting until "domcontentloaded"\n\n\nCode context:\n1200   \n1201                       response = await page.goto(\n1202                           url, wait_until=config.wait_until, timeout=config.page_timeout\n1203                       )\n1204                   except Error as e:\n1205 →                     raise RuntimeError(f"Failed on navigating ACS-GOTO:\\n{str(e)}")\n1206   \n1207                   await self.execute_hook("after_goto", page, context=context, url=url, response=response)\n1208   \n1209                   if response is None:\n1210                       status_code = 200' session_id=None response_headers=None status_code=None ssl_certificate=None


Failed to crawl: https://www.bolton.ac.uk/assets/University-of-Bolton-Learning-social-life-health-and-wellbeing-in-a-changing-world-v2.pdf
Result: url='https://www.bolton.ac.uk/assets/University-of-Bolton-Learning-social-life-health-and-wellbeing-in-a-changing-world-v2.pdf' html='' success=False cleaned_html=None media={} links={} downloaded_files=None screenshot=None pdf=None markdown=None markdown_v2=None fit_markdown=None fit_html=None extracted_content=None metadata=None error_message='Unexpected error in _crawl_web at line 1205 in _crawl_web (../../.pyenv/versions/3.12.6/lib/python3.12/site-packages/crawl4ai/async_crawler_strategy.py):\nError: Failed on navigating ACS-GOTO:\nPage.goto: net::ERR_FAILED at https://www.bolton.ac.uk/assets/University-of-Bolton-Learning-social-life-health-and-wellbeing-in-a-changing-world-v2.pdf\nCall log:\n  - navigating to "https://www.bolton.ac.uk/assets/University-of-Bolton-Learning-social-life-health-and-wellbeing-in-a-changing-world-v2.pdf", waiting until "domcontentloaded"\n\n\nCode context:\n1200   \n1201                       response = await page.goto(\n1202                           url, wait_until=config.wait_until, timeout=config.page_timeout\n1203                       )\n1204                   except Error as e:\n1205 →                     raise RuntimeError(f"Failed on navigating ACS-GOTO:\\n{str(e)}")\n1206   \n1207                   await self.execute_hook("after_goto", page, context=context, url=url, response=response)\n1208   \n1209                   if response is None:\n1210                       status_code = 200' session_id=None response_headers=None status_code=None ssl_certificate=None


Failed to crawl: https://www.bolton.ac.uk/assets/Uploads/Internet-Security-Policy-2021-22.pdf
Result: url='https://www.bolton.ac.uk/assets/Uploads/Internet-Security-Policy-2021-22.pdf' html='' success=False cleaned_html=None media={} links={} downloaded_files=None screenshot=None pdf=None markdown=None markdown_v2=None fit_markdown=None fit_html=None extracted_content=None metadata=None error_message='Unexpected error in _crawl_web at line 1205 in _crawl_web (../../.pyenv/versions/3.12.6/lib/python3.12/site-packages/crawl4ai/async_crawler_strategy.py):\nError: Failed on navigating ACS-GOTO:\nPage.goto: net::ERR_FAILED at https://www.bolton.ac.uk/assets/Uploads/Internet-Security-Policy-2021-22.pdf\nCall log:\n  - navigating to "https://www.bolton.ac.uk/assets/Uploads/Internet-Security-Policy-2021-22.pdf", waiting until "domcontentloaded"\n\n\nCode context:\n1200   \n1201                       response = await page.goto(\n1202                           url, wait_until=config.wait_until, timeout=config.page_timeout\n1203                       )\n1204                   except Error as e:\n1205 →                     raise RuntimeError(f"Failed on navigating ACS-GOTO:\\n{str(e)}")\n1206   \n1207                   await self.execute_hook("after_goto", page, context=context, url=url, response=response)\n1208   \n1209                   if response is None:\n1210                       status_code = 200' session_id=None response_headers=None status_code=None ssl_certificate=None


Failed to crawl: https://www.bolton.ac.uk/assets/Uploads/Library-Code-of-Conduct-2021-22.pdf
Result: url='https://www.bolton.ac.uk/assets/Uploads/Library-Code-of-Conduct-2021-22.pdf' html='' success=False cleaned_html=None media={} links={} downloaded_files=None screenshot=None pdf=None markdown=None markdown_v2=None fit_markdown=None fit_html=None extracted_content=None metadata=None error_message='Unexpected error in _crawl_web at line 1205 in _crawl_web (../../.pyenv/versions/3.12.6/lib/python3.12/site-packages/crawl4ai/async_crawler_strategy.py):\nError: Failed on navigating ACS-GOTO:\nPage.goto: net::ERR_FAILED at https://www.bolton.ac.uk/assets/Uploads/Library-Code-of-Conduct-2021-22.pdf\nCall log:\n  - navigating to "https://www.bolton.ac.uk/assets/Uploads/Library-Code-of-Conduct-2021-22.pdf", waiting until "domcontentloaded"\n\n\nCode context:\n1200   \n1201                       response = await page.goto(\n1202                           url, wait_until=config.wait_until, timeout=config.page_timeout\n1203                       )\n1204                   except Error as e:\n1205 →                     raise RuntimeError(f"Failed on navigating ACS-GOTO:\\n{str(e)}")\n1206   \n1207                   await self.execute_hook("after_goto", page, context=context, url=url, response=response)\n1208   \n1209                   if response is None:\n1210                       status_code = 200' session_id=None response_headers=None status_code=None ssl_certificate=None


Failed to crawl: https://www.bolton.ac.uk/assets/Uploads/Library-Service-Guides-Children-in-The-Library-2021-22.pdf
Result: url='https://www.bolton.ac.uk/assets/Uploads/Library-Service-Guides-Children-in-The-Library-2021-22.pdf' html='' success=False cleaned_html=None media={} links={} downloaded_files=None screenshot=None pdf=None markdown=None markdown_v2=None fit_markdown=None fit_html=None extracted_content=None metadata=None error_message='Unexpected error in _crawl_web at line 1205 in _crawl_web (../../.pyenv/versions/3.12.6/lib/python3.12/site-packages/crawl4ai/async_crawler_strategy.py):\nError: Failed on navigating ACS-GOTO:\nPage.goto: net::ERR_FAILED at https://www.bolton.ac.uk/assets/Uploads/Library-Service-Guides-Children-in-The-Library-2021-22.pdf\nCall log:\n  - navigating to "https://www.bolton.ac.uk/assets/Uploads/Library-Service-Guides-Children-in-The-Library-2021-22.pdf", waiting until "domcontentloaded"\n\n\nCode context:\n1200   \n1201                       response = await page.goto(\n1202                           url, wait_until=config.wait_until, timeout=config.page_timeout\n1203                       )\n1204                   except Error as e:\n1205 →                     raise RuntimeError(f"Failed on navigating ACS-GOTO:\\n{str(e)}")\n1206   \n1207                   await self.execute_hook("after_goto", page, context=context, url=url, response=response)\n1208   \n1209                   if response is None:\n1210                       status_code = 200' session_id=None response_headers=None status_code=None ssl_certificate=None


Failed to crawl: https://www.bolton.ac.uk/assets/Uploads/Regulations-for-the-use-of-Computer-Facilities-2021-22.pdf
Result: url='https://www.bolton.ac.uk/assets/Uploads/Regulations-for-the-use-of-Computer-Facilities-2021-22.pdf' html='' success=False cleaned_html=None media={} links={} downloaded_files=None screenshot=None pdf=None markdown=None markdown_v2=None fit_markdown=None fit_html=None extracted_content=None metadata=None error_message='Unexpected error in _crawl_web at line 1205 in _crawl_web (../../.pyenv/versions/3.12.6/lib/python3.12/site-packages/crawl4ai/async_crawler_strategy.py):\nError: Failed on navigating ACS-GOTO:\nPage.goto: net::ERR_FAILED at https://www.bolton.ac.uk/assets/Uploads/Regulations-for-the-use-of-Computer-Facilities-2021-22.pdf\nCall log:\n  - navigating to "https://www.bolton.ac.uk/assets/Uploads/Regulations-for-the-use-of-Computer-Facilities-2021-22.pdf", waiting until "domcontentloaded"\n\n\nCode context:\n1200   \n1201                       response = await page.goto(\n1202                           url, wait_until=config.wait_until, timeout=config.page_timeout\n1203                       )\n1204                   except Error as e:\n1205 →                     raise RuntimeError(f"Failed on navigating ACS-GOTO:\\n{str(e)}")\n1206   \n1207                   await self.execute_hook("after_goto", page, context=context, url=url, response=response)\n1208   \n1209                   if response is None:\n1210                       status_code = 200' session_id=None response_headers=None status_code=None ssl_certificate=None


Failed to crawl: https://www.bolton.ac.uk/assets/Uploads/Student-Acceptable-Use-Policy-2021-22.pdf
Result: url='https://www.bolton.ac.uk/assets/Uploads/Student-Acceptable-Use-Policy-2021-22.pdf' html='' success=False cleaned_html=None media={} links={} downloaded_files=None screenshot=None pdf=None markdown=None markdown_v2=None fit_markdown=None fit_html=None extracted_content=None metadata=None error_message='Unexpected error in _crawl_web at line 1205 in _crawl_web (../../.pyenv/versions/3.12.6/lib/python3.12/site-packages/crawl4ai/async_crawler_strategy.py):\nError: Failed on navigating ACS-GOTO:\nPage.goto: net::ERR_FAILED at https://www.bolton.ac.uk/assets/Uploads/Student-Acceptable-Use-Policy-2021-22.pdf\nCall log:\n  - navigating to "https://www.bolton.ac.uk/assets/Uploads/Student-Acceptable-Use-Policy-2021-22.pdf", waiting until "domcontentloaded"\n\n\nCode context:\n1200   \n1201                       response = await page.goto(\n1202                           url, wait_until=config.wait_until, timeout=config.page_timeout\n1203                       )\n1204                   except Error as e:\n1205 →                     raise RuntimeError(f"Failed on navigating ACS-GOTO:\\n{str(e)}")\n1206   \n1207                   await self.execute_hook("after_goto", page, context=context, url=url, response=response)\n1208   \n1209                   if response is None:\n1210                       status_code = 200' session_id=None response_headers=None status_code=None ssl_certificate=None


Failed to crawl: https://www.bolton.ac.uk/assets/Uploads/Disruptive-Behaviour-within-the-Library-2021-22.pdf
Result: url='https://www.bolton.ac.uk/assets/Uploads/Disruptive-Behaviour-within-the-Library-2021-22.pdf' html='' success=False cleaned_html=None media={} links={} downloaded_files=None screenshot=None pdf=None markdown=None markdown_v2=None fit_markdown=None fit_html=None extracted_content=None metadata=None error_message='Unexpected error in _crawl_web at line 1205 in _crawl_web (../../.pyenv/versions/3.12.6/lib/python3.12/site-packages/crawl4ai/async_crawler_strategy.py):\nError: Failed on navigating ACS-GOTO:\nPage.goto: net::ERR_FAILED at https://www.bolton.ac.uk/assets/Uploads/Disruptive-Behaviour-within-the-Library-2021-22.pdf\nCall log:\n  - navigating to "https://www.bolton.ac.uk/assets/Uploads/Disruptive-Behaviour-within-the-Library-2021-22.pdf", waiting until "domcontentloaded"\n\n\nCode context:\n1200   \n1201                       response = await page.goto(\n1202                           url, wait_until=config.wait_until, timeout=config.page_timeout\n1203                       )\n1204                   except Error as e:\n1205 →                     raise RuntimeError(f"Failed on navigating ACS-GOTO:\\n{str(e)}")\n1206   \n1207                   await self.execute_hook("after_goto", page, context=context, url=url, response=response)\n1208   \n1209                   if response is None:\n1210                       status_code = 200' session_id=None response_headers=None status_code=None ssl_certificate=None


Failed to crawl: https://www.bolton.ac.uk/assets/Uploads/Information-Security-Policy-2021-22.pdf
Result: url='https://www.bolton.ac.uk/assets/Uploads/Information-Security-Policy-2021-22.pdf' html='' success=False cleaned_html=None media={} links={} downloaded_files=None screenshot=None pdf=None markdown=None markdown_v2=None fit_markdown=None fit_html=None extracted_content=None metadata=None error_message='Unexpected error in _crawl_web at line 1205 in _crawl_web (../../.pyenv/versions/3.12.6/lib/python3.12/site-packages/crawl4ai/async_crawler_strategy.py):\nError: Failed on navigating ACS-GOTO:\nPage.goto: net::ERR_FAILED at https://www.bolton.ac.uk/assets/Uploads/Information-Security-Policy-2021-22.pdf\nCall log:\n  - navigating to "https://www.bolton.ac.uk/assets/Uploads/Information-Security-Policy-2021-22.pdf", waiting until "domcontentloaded"\n\n\nCode context:\n1200   \n1201                       response = await page.goto(\n1202                           url, wait_until=config.wait_until, timeout=config.page_timeout\n1203                       )\n1204                   except Error as e:\n1205 →                     raise RuntimeError(f"Failed on navigating ACS-GOTO:\\n{str(e)}")\n1206   \n1207                   await self.execute_hook("after_goto", page, context=context, url=url, response=response)\n1208   \n1209                   if response is None:\n1210                       status_code = 200' session_id=None response_headers=None status_code=None ssl_certificate=None


Failed to crawl: https://www.bolton.ac.uk/assets/Uploads/Backstage-Confidentiality-Agreement.pdf
Result: url='https://www.bolton.ac.uk/assets/Uploads/Backstage-Confidentiality-Agreement.pdf' html='' success=False cleaned_html=None media={} links={} downloaded_files=None screenshot=None pdf=None markdown=None markdown_v2=None fit_markdown=None fit_html=None extracted_content=None metadata=None error_message='Unexpected error in _crawl_web at line 1205 in _crawl_web (../../.pyenv/versions/3.12.6/lib/python3.12/site-packages/crawl4ai/async_crawler_strategy.py):\nError: Failed on navigating ACS-GOTO:\nPage.goto: net::ERR_FAILED at https://www.bolton.ac.uk/assets/Uploads/Backstage-Confidentiality-Agreement.pdf\nCall log:\n  - navigating to "https://www.bolton.ac.uk/assets/Uploads/Backstage-Confidentiality-Agreement.pdf", waiting until "domcontentloaded"\n\n\nCode context:\n1200   \n1201                       response = await page.goto(\n1202                           url, wait_until=config.wait_until, timeout=config.page_timeout\n1203                       )\n1204                   except Error as e:\n1205 →                     raise RuntimeError(f"Failed on navigating ACS-GOTO:\\n{str(e)}")\n1206   \n1207                   await self.execute_hook("after_goto", page, context=context, url=url, response=response)\n1208   \n1209                   if response is None:\n1210                       status_code = 200' session_id=None response_headers=None status_code=None ssl_certificate=None


Failed to crawl: https://www.bolton.ac.uk/assets/Uploads/NDA.pdf
Result: url='https://www.bolton.ac.uk/assets/Uploads/NDA.pdf' html='' success=False cleaned_html=None media={} links={} downloaded_files=None screenshot=None pdf=None markdown=None markdown_v2=None fit_markdown=None fit_html=None extracted_content=None metadata=None error_message='Unexpected error in _crawl_web at line 1205 in _crawl_web (../../.pyenv/versions/3.12.6/lib/python3.12/site-packages/crawl4ai/async_crawler_strategy.py):\nError: Failed on navigating ACS-GOTO:\nPage.goto: net::ERR_FAILED at https://www.bolton.ac.uk/assets/Uploads/NDA.pdf\nCall log:\n  - navigating to "https://www.bolton.ac.uk/assets/Uploads/NDA.pdf", waiting until "domcontentloaded"\n\n\nCode context:\n1200   \n1201                       response = await page.goto(\n1202                           url, wait_until=config.wait_until, timeout=config.page_timeout\n1203                       )\n1204                   except Error as e:\n1205 →                     raise RuntimeError(f"Failed on navigating ACS-GOTO:\\n{str(e)}")\n1206   \n1207                   await self.execute_hook("after_goto", page, context=context, url=url, response=response)\n1208   \n1209                   if response is None:\n1210                       status_code = 200' session_id=None response_headers=None status_code=None ssl_certificate=None


Failed to crawl: https://www.bolton.ac.uk/assets/Uploads/Bolton-College-TCs.pdf
Result: url='https://www.bolton.ac.uk/assets/Uploads/Bolton-College-TCs.pdf' html='' success=False cleaned_html=None media={} links={} downloaded_files=None screenshot=None pdf=None markdown=None markdown_v2=None fit_markdown=None fit_html=None extracted_content=None metadata=None error_message='Unexpected error in _crawl_web at line 1205 in _crawl_web (../../.pyenv/versions/3.12.6/lib/python3.12/site-packages/crawl4ai/async_crawler_strategy.py):\nError: Failed on navigating ACS-GOTO:\nPage.goto: net::ERR_FAILED at https://www.bolton.ac.uk/assets/Uploads/Bolton-College-TCs.pdf\nCall log:\n  - navigating to "https://www.bolton.ac.uk/assets/Uploads/Bolton-College-TCs.pdf", waiting until "domcontentloaded"\n\n\nCode context:\n1200   \n1201                       response = await page.goto(\n1202                           url, wait_until=config.wait_until, timeout=config.page_timeout\n1203                       )\n1204                   except Error as e:\n1205 →                     raise RuntimeError(f"Failed on navigating ACS-GOTO:\\n{str(e)}")\n1206   \n1207                   await self.execute_hook("after_goto", page, context=context, url=url, response=response)\n1208   \n1209                   if response is None:\n1210                       status_code = 200' session_id=None response_headers=None status_code=None ssl_certificate=None


Failed to crawl: https://www.bolton.ac.uk/assets/Policy-Zone/suicide-prevention-and-response-strategy-2021-2026.pdf
Result: url='https://www.bolton.ac.uk/assets/Policy-Zone/suicide-prevention-and-response-strategy-2021-2026.pdf' html='' success=False cleaned_html=None media={} links={} downloaded_files=None screenshot=None pdf=None markdown=None markdown_v2=None fit_markdown=None fit_html=None extracted_content=None metadata=None error_message='Unexpected error in _crawl_web at line 1205 in _crawl_web (../../.pyenv/versions/3.12.6/lib/python3.12/site-packages/crawl4ai/async_crawler_strategy.py):\nError: Failed on navigating ACS-GOTO:\nPage.goto: net::ERR_FAILED at https://www.bolton.ac.uk/assets/Policy-Zone/suicide-prevention-and-response-strategy-2021-2026.pdf\nCall log:\n  - navigating to "https://www.bolton.ac.uk/assets/Policy-Zone/suicide-prevention-and-response-strategy-2021-2026.pdf", waiting until "domcontentloaded"\n\n\nCode context:\n1200   \n1201                       response = await page.goto(\n1202                           url, wait_until=config.wait_until, timeout=config.page_timeout\n1203                       )\n1204                   except Error as e:\n1205 →                     raise RuntimeError(f"Failed on navigating ACS-GOTO:\\n{str(e)}")\n1206   \n1207                   await self.execute_hook("after_goto", page, context=context, url=url, response=response)\n1208   \n1209                   if response is None:\n1210                       status_code = 200' session_id=None response_headers=None status_code=None ssl_certificate=None


Failed to crawl: https://www.bolton.ac.uk/assets/Uploads/Car-Parking-Policy-2021-23.pdf
Result: url='https://www.bolton.ac.uk/assets/Uploads/Car-Parking-Policy-2021-23.pdf' html='' success=False cleaned_html=None media={} links={} downloaded_files=None screenshot=None pdf=None markdown=None markdown_v2=None fit_markdown=None fit_html=None extracted_content=None metadata=None error_message='Unexpected error in _crawl_web at line 1205 in _crawl_web (../../.pyenv/versions/3.12.6/lib/python3.12/site-packages/crawl4ai/async_crawler_strategy.py):\nError: Failed on navigating ACS-GOTO:\nPage.goto: net::ERR_FAILED at https://www.bolton.ac.uk/assets/Uploads/Car-Parking-Policy-2021-23.pdf\nCall log:\n  - navigating to "https://www.bolton.ac.uk/assets/Uploads/Car-Parking-Policy-2021-23.pdf", waiting until "domcontentloaded"\n\n\nCode context:\n1200   \n1201                       response = await page.goto(\n1202                           url, wait_until=config.wait_until, timeout=config.page_timeout\n1203                       )\n1204                   except Error as e:\n1205 →                     raise RuntimeError(f"Failed on navigating ACS-GOTO:\\n{str(e)}")\n1206   \n1207                   await self.execute_hook("after_goto", page, context=context, url=url, response=response)\n1208   \n1209                   if response is None:\n1210                       status_code = 200' session_id=None response_headers=None status_code=None ssl_certificate=None


Failed to crawl: https://www.bolton.ac.uk/assets/Uploads/Code-of-Practice-Relating-to-Freedom-of-Speech-and-all-Planned-Affiliated-Funded-or-Branded-Events-Taking-Place-Off-Campus-2021-23.pdf
Result: url='https://www.bolton.ac.uk/assets/Uploads/Code-of-Practice-Relating-to-Freedom-of-Speech-and-all-Planned-Affiliated-Funded-or-Branded-Events-Taking-Place-Off-Campus-2021-23.pdf' html='' success=False cleaned_html=None media={} links={} downloaded_files=None screenshot=None pdf=None markdown=None markdown_v2=None fit_markdown=None fit_html=None extracted_content=None metadata=None error_message='Unexpected error in _crawl_web at line 1205 in _crawl_web (../../.pyenv/versions/3.12.6/lib/python3.12/site-packages/crawl4ai/async_crawler_strategy.py):\nError: Failed on navigating ACS-GOTO:\nPage.goto: net::ERR_FAILED at https://www.bolton.ac.uk/assets/Uploads/Code-of-Practice-Relating-to-Freedom-of-Speech-and-all-Planned-Affiliated-Funded-or-Branded-Events-Taking-Place-Off-Campus-2021-23.pdf\nCall log:\n  - navigating to "https://www.bolton.ac.uk/assets/Uploads/Code-of-Practice-Relating-to-Freedom-of-Speech-and-all-Planned-Affiliated-Funded-or-Branded-Events-Taking-Place-Off-Campus-2021-23.pdf", waiting until "domcontentloaded"\n\n\nCode context:\n1200   \n1201                       response = await page.goto(\n1202                           url, wait_until=config.wait_until, timeout=config.page_timeout\n1203                       )\n1204                   except Error as e:\n1205 →                     raise RuntimeError(f"Failed on navigating ACS-GOTO:\\n{str(e)}")\n1206   \n1207                   await self.execute_hook("after_goto", page, context=context, url=url, response=response)\n1208   \n1209                   if response is None:\n1210                       status_code = 200' session_id=None response_headers=None status_code=None ssl_certificate=None


Failed to crawl: https://www.bolton.ac.uk/assets/Uploads/Code-of-Practice-Relating-to-Freedom-of-Speech-and-Meetings-on-University-Premises-2021-22.pdf
Result: url='https://www.bolton.ac.uk/assets/Uploads/Code-of-Practice-Relating-to-Freedom-of-Speech-and-Meetings-on-University-Premises-2021-22.pdf' html='' success=False cleaned_html=None media={} links={} downloaded_files=None screenshot=None pdf=None markdown=None markdown_v2=None fit_markdown=None fit_html=None extracted_content=None metadata=None error_message='Unexpected error in _crawl_web at line 1205 in _crawl_web (../../.pyenv/versions/3.12.6/lib/python3.12/site-packages/crawl4ai/async_crawler_strategy.py):\nError: Failed on navigating ACS-GOTO:\nPage.goto: net::ERR_FAILED at https://www.bolton.ac.uk/assets/Uploads/Code-of-Practice-Relating-to-Freedom-of-Speech-and-Meetings-on-University-Premises-2021-22.pdf\nCall log:\n  - navigating to "https://www.bolton.ac.uk/assets/Uploads/Code-of-Practice-Relating-to-Freedom-of-Speech-and-Meetings-on-University-Premises-2021-22.pdf", waiting until "domcontentloaded"\n\n\nCode context:\n1200   \n1201                       response = await page.goto(\n1202                           url, wait_until=config.wait_until, timeout=config.page_timeout\n1203                       )\n1204                   except Error as e:\n1205 →                     raise RuntimeError(f"Failed on navigating ACS-GOTO:\\n{str(e)}")\n1206   \n1207                   await self.execute_hook("after_goto", page, context=context, url=url, response=response)\n1208   \n1209                   if response is None:\n1210                       status_code = 200' session_id=None response_headers=None status_code=None ssl_certificate=None


Failed to crawl: https://www.bolton.ac.uk/assets/Uploads/Customer-Complaints-Policy-and-procedure-updated-MARCH-2022.pdf
Result: url='https://www.bolton.ac.uk/assets/Uploads/Customer-Complaints-Policy-and-procedure-updated-MARCH-2022.pdf' html='' success=False cleaned_html=None media={} links={} downloaded_files=None screenshot=None pdf=None markdown=None markdown_v2=None fit_markdown=None fit_html=None extracted_content=None metadata=None error_message='Unexpected error in _crawl_web at line 1205 in _crawl_web (../../.pyenv/versions/3.12.6/lib/python3.12/site-packages/crawl4ai/async_crawler_strategy.py):\nError: Failed on navigating ACS-GOTO:\nPage.goto: net::ERR_FAILED at https://www.bolton.ac.uk/assets/Uploads/Customer-Complaints-Policy-and-procedure-updated-MARCH-2022.pdf\nCall log:\n  - navigating to "https://www.bolton.ac.uk/assets/Uploads/Customer-Complaints-Policy-and-procedure-updated-MARCH-2022.pdf", waiting until "domcontentloaded"\n\n\nCode context:\n1200   \n1201                       response = await page.goto(\n1202                           url, wait_until=config.wait_until, timeout=config.page_timeout\n1203                       )\n1204                   except Error as e:\n1205 →                     raise RuntimeError(f"Failed on navigating ACS-GOTO:\\n{str(e)}")\n1206   \n1207                   await self.execute_hook("after_goto", page, context=context, url=url, response=response)\n1208   \n1209                   if response is None:\n1210                       status_code = 200' session_id=None response_headers=None status_code=None ssl_certificate=None


Failed to crawl: https://www.bolton.ac.uk/assets/Uploads/Customer-Complaint-form-2021-23.pdf
Result: url='https://www.bolton.ac.uk/assets/Uploads/Customer-Complaint-form-2021-23.pdf' html='' success=False cleaned_html=None media={} links={} downloaded_files=None screenshot=None pdf=None markdown=None markdown_v2=None fit_markdown=None fit_html=None extracted_content=None metadata=None error_message='Unexpected error in _crawl_web at line 1205 in _crawl_web (../../.pyenv/versions/3.12.6/lib/python3.12/site-packages/crawl4ai/async_crawler_strategy.py):\nError: Failed on navigating ACS-GOTO:\nPage.goto: net::ERR_FAILED at https://www.bolton.ac.uk/assets/Uploads/Customer-Complaint-form-2021-23.pdf\nCall log:\n  - navigating to "https://www.bolton.ac.uk/assets/Uploads/Customer-Complaint-form-2021-23.pdf", waiting until "domcontentloaded"\n\n\nCode context:\n1200   \n1201                       response = await page.goto(\n1202                           url, wait_until=config.wait_until, timeout=config.page_timeout\n1203                       )\n1204                   except Error as e:\n1205 →                     raise RuntimeError(f"Failed on navigating ACS-GOTO:\\n{str(e)}")\n1206   \n1207                   await self.execute_hook("after_goto", page, context=context, url=url, response=response)\n1208   \n1209                   if response is None:\n1210                       status_code = 200' session_id=None response_headers=None status_code=None ssl_certificate=None


Failed to crawl: https://www.bolton.ac.uk/assets/Data-Protection-Policy-2021-22.pdf
Result: url='https://www.bolton.ac.uk/assets/Data-Protection-Policy-2021-22.pdf' html='' success=False cleaned_html=None media={} links={} downloaded_files=None screenshot=None pdf=None markdown=None markdown_v2=None fit_markdown=None fit_html=None extracted_content=None metadata=None error_message='Unexpected error in _crawl_web at line 1205 in _crawl_web (../../.pyenv/versions/3.12.6/lib/python3.12/site-packages/crawl4ai/async_crawler_strategy.py):\nError: Failed on navigating ACS-GOTO:\nPage.goto: net::ERR_FAILED at https://www.bolton.ac.uk/assets/Data-Protection-Policy-2021-22.pdf\nCall log:\n  - navigating to "https://www.bolton.ac.uk/assets/Data-Protection-Policy-2021-22.pdf", waiting until "domcontentloaded"\n\n\nCode context:\n1200   \n1201                       response = await page.goto(\n1202                           url, wait_until=config.wait_until, timeout=config.page_timeout\n1203                       )\n1204                   except Error as e:\n1205 →                     raise RuntimeError(f"Failed on navigating ACS-GOTO:\\n{str(e)}")\n1206   \n1207                   await self.execute_hook("after_goto", page, context=context, url=url, response=response)\n1208   \n1209                   if response is None:\n1210                       status_code = 200' session_id=None response_headers=None status_code=None ssl_certificate=None


Failed to crawl: https://www.bolton.ac.uk/assets/Uploads/Health-and-Safety-Manual-and-Policy-Revised-March-2019.pdf
Result: url='https://www.bolton.ac.uk/assets/Uploads/Health-and-Safety-Manual-and-Policy-Revised-March-2019.pdf' html='' success=False cleaned_html=None media={} links={} downloaded_files=None screenshot=None pdf=None markdown=None markdown_v2=None fit_markdown=None fit_html=None extracted_content=None metadata=None error_message='Unexpected error in _crawl_web at line 1205 in _crawl_web (../../.pyenv/versions/3.12.6/lib/python3.12/site-packages/crawl4ai/async_crawler_strategy.py):\nError: Failed on navigating ACS-GOTO:\nPage.goto: net::ERR_FAILED at https://www.bolton.ac.uk/assets/Uploads/Health-and-Safety-Manual-and-Policy-Revised-March-2019.pdf\nCall log:\n  - navigating to "https://www.bolton.ac.uk/assets/Uploads/Health-and-Safety-Manual-and-Policy-Revised-March-2019.pdf", waiting until "domcontentloaded"\n\n\nCode context:\n1200   \n1201                       response = await page.goto(\n1202                           url, wait_until=config.wait_until, timeout=config.page_timeout\n1203                       )\n1204                   except Error as e:\n1205 →                     raise RuntimeError(f"Failed on navigating ACS-GOTO:\\n{str(e)}")\n1206   \n1207                   await self.execute_hook("after_goto", page, context=context, url=url, response=response)\n1208   \n1209                   if response is None:\n1210                       status_code = 200' session_id=None response_headers=None status_code=None ssl_certificate=None


Failed to crawl: https://www.bolton.ac.uk/assets/Uploads/Intellectual-Property-Rights-Policy-2021-22.pdf
Result: url='https://www.bolton.ac.uk/assets/Uploads/Intellectual-Property-Rights-Policy-2021-22.pdf' html='' success=False cleaned_html=None media={} links={} downloaded_files=None screenshot=None pdf=None markdown=None markdown_v2=None fit_markdown=None fit_html=None extracted_content=None metadata=None error_message='Unexpected error in _crawl_web at line 1205 in _crawl_web (../../.pyenv/versions/3.12.6/lib/python3.12/site-packages/crawl4ai/async_crawler_strategy.py):\nError: Failed on navigating ACS-GOTO:\nPage.goto: net::ERR_FAILED at https://www.bolton.ac.uk/assets/Uploads/Intellectual-Property-Rights-Policy-2021-22.pdf\nCall log:\n  - navigating to "https://www.bolton.ac.uk/assets/Uploads/Intellectual-Property-Rights-Policy-2021-22.pdf", waiting until "domcontentloaded"\n\n\nCode context:\n1200   \n1201                       response = await page.goto(\n1202                           url, wait_until=config.wait_until, timeout=config.page_timeout\n1203                       )\n1204                   except Error as e:\n1205 →                     raise RuntimeError(f"Failed on navigating ACS-GOTO:\\n{str(e)}")\n1206   \n1207                   await self.execute_hook("after_goto", page, context=context, url=url, response=response)\n1208   \n1209                   if response is None:\n1210                       status_code = 200' session_id=None response_headers=None status_code=None ssl_certificate=None


Failed to crawl: https://www.bolton.ac.uk/assets/Uploads/Prevent-Policy-V2.pdf
Result: url='https://www.bolton.ac.uk/assets/Uploads/Prevent-Policy-V2.pdf' html='' success=False cleaned_html=None media={} links={} downloaded_files=None screenshot=None pdf=None markdown=None markdown_v2=None fit_markdown=None fit_html=None extracted_content=None metadata=None error_message='Unexpected error in _crawl_web at line 1205 in _crawl_web (../../.pyenv/versions/3.12.6/lib/python3.12/site-packages/crawl4ai/async_crawler_strategy.py):\nError: Failed on navigating ACS-GOTO:\nPage.goto: net::ERR_FAILED at https://www.bolton.ac.uk/assets/Uploads/Prevent-Policy-V2.pdf\nCall log:\n  - navigating to "https://www.bolton.ac.uk/assets/Uploads/Prevent-Policy-V2.pdf", waiting until "domcontentloaded"\n\n\nCode context:\n1200   \n1201                       response = await page.goto(\n1202                           url, wait_until=config.wait_until, timeout=config.page_timeout\n1203                       )\n1204                   except Error as e:\n1205 →                     raise RuntimeError(f"Failed on navigating ACS-GOTO:\\n{str(e)}")\n1206   \n1207                   await self.execute_hook("after_goto", page, context=context, url=url, response=response)\n1208   \n1209                   if response is None:\n1210                       status_code = 200' session_id=None response_headers=None status_code=None ssl_certificate=None


Failed to crawl: https://www.bolton.ac.uk/assets/Uploads/Student-Complaints-The-Office-of-the-Independent-Adjudicator4.pdf
Result: url='https://www.bolton.ac.uk/assets/Uploads/Student-Complaints-The-Office-of-the-Independent-Adjudicator4.pdf' html='' success=False cleaned_html=None media={} links={} downloaded_files=None screenshot=None pdf=None markdown=None markdown_v2=None fit_markdown=None fit_html=None extracted_content=None metadata=None error_message='Unexpected error in _crawl_web at line 1205 in _crawl_web (../../.pyenv/versions/3.12.6/lib/python3.12/site-packages/crawl4ai/async_crawler_strategy.py):\nError: Failed on navigating ACS-GOTO:\nPage.goto: net::ERR_FAILED at https://www.bolton.ac.uk/assets/Uploads/Student-Complaints-The-Office-of-the-Independent-Adjudicator4.pdf\nCall log:\n  - navigating to "https://www.bolton.ac.uk/assets/Uploads/Student-Complaints-The-Office-of-the-Independent-Adjudicator4.pdf", waiting until "domcontentloaded"\n\n\nCode context:\n1200   \n1201                       response = await page.goto(\n1202                           url, wait_until=config.wait_until, timeout=config.page_timeout\n1203                       )\n1204                   except Error as e:\n1205 →                     raise RuntimeError(f"Failed on navigating ACS-GOTO:\\n{str(e)}")\n1206   \n1207                   await self.execute_hook("after_goto", page, context=context, url=url, response=response)\n1208   \n1209                   if response is None:\n1210                       status_code = 200' session_id=None response_headers=None status_code=None ssl_certificate=None


Failed to crawl: https://www.bolton.ac.uk/assets/Uploads/Student-Identity-Card-Procedure-2021-22.pdf
Result: url='https://www.bolton.ac.uk/assets/Uploads/Student-Identity-Card-Procedure-2021-22.pdf' html='' success=False cleaned_html=None media={} links={} downloaded_files=None screenshot=None pdf=None markdown=None markdown_v2=None fit_markdown=None fit_html=None extracted_content=None metadata=None error_message='Unexpected error in _crawl_web at line 1205 in _crawl_web (../../.pyenv/versions/3.12.6/lib/python3.12/site-packages/crawl4ai/async_crawler_strategy.py):\nError: Failed on navigating ACS-GOTO:\nPage.goto: net::ERR_FAILED at https://www.bolton.ac.uk/assets/Uploads/Student-Identity-Card-Procedure-2021-22.pdf\nCall log:\n  - navigating to "https://www.bolton.ac.uk/assets/Uploads/Student-Identity-Card-Procedure-2021-22.pdf", waiting until "domcontentloaded"\n\n\nCode context:\n1200   \n1201                       response = await page.goto(\n1202                           url, wait_until=config.wait_until, timeout=config.page_timeout\n1203                       )\n1204                   except Error as e:\n1205 →                     raise RuntimeError(f"Failed on navigating ACS-GOTO:\\n{str(e)}")\n1206   \n1207                   await self.execute_hook("after_goto", page, context=context, url=url, response=response)\n1208   \n1209                   if response is None:\n1210                       status_code = 200' session_id=None response_headers=None status_code=None ssl_certificate=None


Failed to crawl: https://www.bolton.ac.uk/assets/Student-Non-Academic-Conduct-and-Disciplinary-Policy-and-Procedure-2021-22-v2.pdf
Result: url='https://www.bolton.ac.uk/assets/Student-Non-Academic-Conduct-and-Disciplinary-Policy-and-Procedure-2021-22-v2.pdf' html='' success=False cleaned_html=None media={} links={} downloaded_files=None screenshot=None pdf=None markdown=None markdown_v2=None fit_markdown=None fit_html=None extracted_content=None metadata=None error_message='Unexpected error in _crawl_web at line 1205 in _crawl_web (../../.pyenv/versions/3.12.6/lib/python3.12/site-packages/crawl4ai/async_crawler_strategy.py):\nError: Failed on navigating ACS-GOTO:\nPage.goto: net::ERR_FAILED at https://www.bolton.ac.uk/assets/Student-Non-Academic-Conduct-and-Disciplinary-Policy-and-Procedure-2021-22-v2.pdf\nCall log:\n  - navigating to "https://www.bolton.ac.uk/assets/Student-Non-Academic-Conduct-and-Disciplinary-Policy-and-Procedure-2021-22-v2.pdf", waiting until "domcontentloaded"\n\n\nCode context:\n1200   \n1201                       response = await page.goto(\n1202                           url, wait_until=config.wait_until, timeout=config.page_timeout\n1203                       )\n1204                   except Error as e:\n1205 →                     raise RuntimeError(f"Failed on navigating ACS-GOTO:\\n{str(e)}")\n1206   \n1207                   await self.execute_hook("after_goto", page, context=context, url=url, response=response)\n1208   \n1209                   if response is None:\n1210                       status_code = 200' session_id=None response_headers=None status_code=None ssl_certificate=None


Failed to crawl: https://www.bolton.ac.uk/assets/Uploads/Student-Privacy-Notice-2021-22.pdf
Result: url='https://www.bolton.ac.uk/assets/Uploads/Student-Privacy-Notice-2021-22.pdf' html='' success=False cleaned_html=None media={} links={} downloaded_files=None screenshot=None pdf=None markdown=None markdown_v2=None fit_markdown=None fit_html=None extracted_content=None metadata=None error_message='Unexpected error in _crawl_web at line 1205 in _crawl_web (../../.pyenv/versions/3.12.6/lib/python3.12/site-packages/crawl4ai/async_crawler_strategy.py):\nError: Failed on navigating ACS-GOTO:\nPage.goto: net::ERR_FAILED at https://www.bolton.ac.uk/assets/Uploads/Student-Privacy-Notice-2021-22.pdf\nCall log:\n  - navigating to "https://www.bolton.ac.uk/assets/Uploads/Student-Privacy-Notice-2021-22.pdf", waiting until "domcontentloaded"\n\n\nCode context:\n1200   \n1201                       response = await page.goto(\n1202                           url, wait_until=config.wait_until, timeout=config.page_timeout\n1203                       )\n1204                   except Error as e:\n1205 →                     raise RuntimeError(f"Failed on navigating ACS-GOTO:\\n{str(e)}")\n1206   \n1207                   await self.execute_hook("after_goto", page, context=context, url=url, response=response)\n1208   \n1209                   if response is None:\n1210                       status_code = 200' session_id=None response_headers=None status_code=None ssl_certificate=None


Failed to crawl: https://www.bolton.ac.uk/assets/Uploads/UOB-COVID-19-PRIVACY-NOTICE-ADDENDUM2.pdf
Result: url='https://www.bolton.ac.uk/assets/Uploads/UOB-COVID-19-PRIVACY-NOTICE-ADDENDUM2.pdf' html='' success=False cleaned_html=None media={} links={} downloaded_files=None screenshot=None pdf=None markdown=None markdown_v2=None fit_markdown=None fit_html=None extracted_content=None metadata=None error_message='Unexpected error in _crawl_web at line 1205 in _crawl_web (../../.pyenv/versions/3.12.6/lib/python3.12/site-packages/crawl4ai/async_crawler_strategy.py):\nError: Failed on navigating ACS-GOTO:\nPage.goto: net::ERR_FAILED at https://www.bolton.ac.uk/assets/Uploads/UOB-COVID-19-PRIVACY-NOTICE-ADDENDUM2.pdf\nCall log:\n  - navigating to "https://www.bolton.ac.uk/assets/Uploads/UOB-COVID-19-PRIVACY-NOTICE-ADDENDUM2.pdf", waiting until "domcontentloaded"\n\n\nCode context:\n1200   \n1201                       response = await page.goto(\n1202                           url, wait_until=config.wait_until, timeout=config.page_timeout\n1203                       )\n1204                   except Error as e:\n1205 →                     raise RuntimeError(f"Failed on navigating ACS-GOTO:\\n{str(e)}")\n1206   \n1207                   await self.execute_hook("after_goto", page, context=context, url=url, response=response)\n1208   \n1209                   if response is None:\n1210                       status_code = 200' session_id=None response_headers=None status_code=None ssl_certificate=None


Failed to crawl: https://www.bolton.ac.uk/assets/Uploads/Privacy-Notice-Greater-Manchester-Health-Social-Care-Partnership-3.pdf
Result: url='https://www.bolton.ac.uk/assets/Uploads/Privacy-Notice-Greater-Manchester-Health-Social-Care-Partnership-3.pdf' html='' success=False cleaned_html=None media={} links={} downloaded_files=None screenshot=None pdf=None markdown=None markdown_v2=None fit_markdown=None fit_html=None extracted_content=None metadata=None error_message='Unexpected error in _crawl_web at line 1205 in _crawl_web (../../.pyenv/versions/3.12.6/lib/python3.12/site-packages/crawl4ai/async_crawler_strategy.py):\nError: Failed on navigating ACS-GOTO:\nPage.goto: net::ERR_FAILED at https://www.bolton.ac.uk/assets/Uploads/Privacy-Notice-Greater-Manchester-Health-Social-Care-Partnership-3.pdf\nCall log:\n  - navigating to "https://www.bolton.ac.uk/assets/Uploads/Privacy-Notice-Greater-Manchester-Health-Social-Care-Partnership-3.pdf", waiting until "domcontentloaded"\n\n\nCode context:\n1200   \n1201                       response = await page.goto(\n1202                           url, wait_until=config.wait_until, timeout=config.page_timeout\n1203                       )\n1204                   except Error as e:\n1205 →                     raise RuntimeError(f"Failed on navigating ACS-GOTO:\\n{str(e)}")\n1206   \n1207                   await self.execute_hook("after_goto", page, context=context, url=url, response=response)\n1208   \n1209                   if response is None:\n1210                       status_code = 200' session_id=None response_headers=None status_code=None ssl_certificate=None


Failed to crawl: https://www.bolton.ac.uk/assets/Uploads/Student-Social-Media-Guidance-2021-22.pdf
Result: url='https://www.bolton.ac.uk/assets/Uploads/Student-Social-Media-Guidance-2021-22.pdf' html='' success=False cleaned_html=None media={} links={} downloaded_files=None screenshot=None pdf=None markdown=None markdown_v2=None fit_markdown=None fit_html=None extracted_content=None metadata=None error_message='Unexpected error in _crawl_web at line 1205 in _crawl_web (../../.pyenv/versions/3.12.6/lib/python3.12/site-packages/crawl4ai/async_crawler_strategy.py):\nError: Failed on navigating ACS-GOTO:\nPage.goto: net::ERR_FAILED at https://www.bolton.ac.uk/assets/Uploads/Student-Social-Media-Guidance-2021-22.pdf\nCall log:\n  - navigating to "https://www.bolton.ac.uk/assets/Uploads/Student-Social-Media-Guidance-2021-22.pdf", waiting until "domcontentloaded"\n\n\nCode context:\n1200   \n1201                       response = await page.goto(\n1202                           url, wait_until=config.wait_until, timeout=config.page_timeout\n1203                       )\n1204                   except Error as e:\n1205 →                     raise RuntimeError(f"Failed on navigating ACS-GOTO:\\n{str(e)}")\n1206   \n1207                   await self.execute_hook("after_goto", page, context=context, url=url, response=response)\n1208   \n1209                   if response is None:\n1210                       status_code = 200' session_id=None response_headers=None status_code=None ssl_certificate=None


Failed to crawl: https://www.bolton.ac.uk/assets/Uploads/Subject-Access-Request-Form-2021-22.pdf
Result: url='https://www.bolton.ac.uk/assets/Uploads/Subject-Access-Request-Form-2021-22.pdf' html='' success=False cleaned_html=None media={} links={} downloaded_files=None screenshot=None pdf=None markdown=None markdown_v2=None fit_markdown=None fit_html=None extracted_content=None metadata=None error_message='Unexpected error in _crawl_web at line 1205 in _crawl_web (../../.pyenv/versions/3.12.6/lib/python3.12/site-packages/crawl4ai/async_crawler_strategy.py):\nError: Failed on navigating ACS-GOTO:\nPage.goto: net::ERR_FAILED at https://www.bolton.ac.uk/assets/Uploads/Subject-Access-Request-Form-2021-22.pdf\nCall log:\n  - navigating to "https://www.bolton.ac.uk/assets/Uploads/Subject-Access-Request-Form-2021-22.pdf", waiting until "domcontentloaded"\n\n\nCode context:\n1200   \n1201                       response = await page.goto(\n1202                           url, wait_until=config.wait_until, timeout=config.page_timeout\n1203                       )\n1204                   except Error as e:\n1205 →                     raise RuntimeError(f"Failed on navigating ACS-GOTO:\\n{str(e)}")\n1206   \n1207                   await self.execute_hook("after_goto", page, context=context, url=url, response=response)\n1208   \n1209                   if response is None:\n1210                       status_code = 200' session_id=None response_headers=None status_code=None ssl_certificate=None


Failed to crawl: https://www.bolton.ac.uk/assets/Uploads/Smoke-Free-Policy-Approved-by-Exec-Board-19-2-23.pdf
Result: url='https://www.bolton.ac.uk/assets/Uploads/Smoke-Free-Policy-Approved-by-Exec-Board-19-2-23.pdf' html='' success=False cleaned_html=None media={} links={} downloaded_files=None screenshot=None pdf=None markdown=None markdown_v2=None fit_markdown=None fit_html=None extracted_content=None metadata=None error_message='Unexpected error in _crawl_web at line 1205 in _crawl_web (../../.pyenv/versions/3.12.6/lib/python3.12/site-packages/crawl4ai/async_crawler_strategy.py):\nError: Failed on navigating ACS-GOTO:\nPage.goto: net::ERR_FAILED at https://www.bolton.ac.uk/assets/Uploads/Smoke-Free-Policy-Approved-by-Exec-Board-19-2-23.pdf\nCall log:\n  - navigating to "https://www.bolton.ac.uk/assets/Uploads/Smoke-Free-Policy-Approved-by-Exec-Board-19-2-23.pdf", waiting until "domcontentloaded"\n\n\nCode context:\n1200   \n1201                       response = await page.goto(\n1202                           url, wait_until=config.wait_until, timeout=config.page_timeout\n1203                       )\n1204                   except Error as e:\n1205 →                     raise RuntimeError(f"Failed on navigating ACS-GOTO:\\n{str(e)}")\n1206   \n1207                   await self.execute_hook("after_goto", page, context=context, url=url, response=response)\n1208   \n1209                   if response is None:\n1210                       status_code = 200' session_id=None response_headers=None status_code=None ssl_certificate=None


Failed to crawl: https://www.bolton.ac.uk/assets/Uploads/UoB-Student-Protection-Plan-2021-22.pdf
Result: url='https://www.bolton.ac.uk/assets/Uploads/UoB-Student-Protection-Plan-2021-22.pdf' html='' success=False cleaned_html=None media={} links={} downloaded_files=None screenshot=None pdf=None markdown=None markdown_v2=None fit_markdown=None fit_html=None extracted_content=None metadata=None error_message='Unexpected error in _crawl_web at line 1205 in _crawl_web (../../.pyenv/versions/3.12.6/lib/python3.12/site-packages/crawl4ai/async_crawler_strategy.py):\nError: Failed on navigating ACS-GOTO:\nPage.goto: net::ERR_FAILED at https://www.bolton.ac.uk/assets/Uploads/UoB-Student-Protection-Plan-2021-22.pdf\nCall log:\n  - navigating to "https://www.bolton.ac.uk/assets/Uploads/UoB-Student-Protection-Plan-2021-22.pdf", waiting until "domcontentloaded"\n\n\nCode context:\n1200   \n1201                       response = await page.goto(\n1202                           url, wait_until=config.wait_until, timeout=config.page_timeout\n1203                       )\n1204                   except Error as e:\n1205 →                     raise RuntimeError(f"Failed on navigating ACS-GOTO:\\n{str(e)}")\n1206   \n1207                   await self.execute_hook("after_goto", page, context=context, url=url, response=response)\n1208   \n1209                   if response is None:\n1210                       status_code = 200' session_id=None response_headers=None status_code=None ssl_certificate=None


Failed to crawl: https://www.bolton.ac.uk/assets/Chaplaincy-Policies-Procedures-and-Guidance-2021-22.pdf
Result: url='https://www.bolton.ac.uk/assets/Chaplaincy-Policies-Procedures-and-Guidance-2021-22.pdf' html='' success=False cleaned_html=None media={} links={} downloaded_files=None screenshot=None pdf=None markdown=None markdown_v2=None fit_markdown=None fit_html=None extracted_content=None metadata=None error_message='Unexpected error in _crawl_web at line 1205 in _crawl_web (../../.pyenv/versions/3.12.6/lib/python3.12/site-packages/crawl4ai/async_crawler_strategy.py):\nError: Failed on navigating ACS-GOTO:\nPage.goto: net::ERR_FAILED at https://www.bolton.ac.uk/assets/Chaplaincy-Policies-Procedures-and-Guidance-2021-22.pdf\nCall log:\n  - navigating to "https://www.bolton.ac.uk/assets/Chaplaincy-Policies-Procedures-and-Guidance-2021-22.pdf", waiting until "domcontentloaded"\n\n\nCode context:\n1200   \n1201                       response = await page.goto(\n1202                           url, wait_until=config.wait_until, timeout=config.page_timeout\n1203                       )\n1204                   except Error as e:\n1205 →                     raise RuntimeError(f"Failed on navigating ACS-GOTO:\\n{str(e)}")\n1206   \n1207                   await self.execute_hook("after_goto", page, context=context, url=url, response=response)\n1208   \n1209                   if response is None:\n1210                       status_code = 200' session_id=None response_headers=None status_code=None ssl_certificate=None


Failed to crawl: https://www.bolton.ac.uk/assets/Uploads/Chaplaincy-Policies-Procedures-and-Guidance-2021-22-v4.pdf
Result: url='https://www.bolton.ac.uk/assets/Uploads/Chaplaincy-Policies-Procedures-and-Guidance-2021-22-v4.pdf' html='' success=False cleaned_html=None media={} links={} downloaded_files=None screenshot=None pdf=None markdown=None markdown_v2=None fit_markdown=None fit_html=None extracted_content=None metadata=None error_message='Unexpected error in _crawl_web at line 1205 in _crawl_web (../../.pyenv/versions/3.12.6/lib/python3.12/site-packages/crawl4ai/async_crawler_strategy.py):\nError: Failed on navigating ACS-GOTO:\nPage.goto: net::ERR_FAILED at https://www.bolton.ac.uk/assets/Uploads/Chaplaincy-Policies-Procedures-and-Guidance-2021-22-v4.pdf\nCall log:\n  - navigating to "https://www.bolton.ac.uk/assets/Uploads/Chaplaincy-Policies-Procedures-and-Guidance-2021-22-v4.pdf", waiting until "domcontentloaded"\n\n\nCode context:\n1200   \n1201                       response = await page.goto(\n1202                           url, wait_until=config.wait_until, timeout=config.page_timeout\n1203                       )\n1204                   except Error as e:\n1205 →                     raise RuntimeError(f"Failed on navigating ACS-GOTO:\\n{str(e)}")\n1206   \n1207                   await self.execute_hook("after_goto", page, context=context, url=url, response=response)\n1208   \n1209                   if response is None:\n1210                       status_code = 200' session_id=None response_headers=None status_code=None ssl_certificate=None


Failed to crawl: https://www.bolton.ac.uk/assets/How-Your-Fees-Help-Fund-Your-Degree-2020.pdf
Result: url='https://www.bolton.ac.uk/assets/How-Your-Fees-Help-Fund-Your-Degree-2020.pdf' html='' success=False cleaned_html=None media={} links={} downloaded_files=None screenshot=None pdf=None markdown=None markdown_v2=None fit_markdown=None fit_html=None extracted_content=None metadata=None error_message='Unexpected error in _crawl_web at line 1205 in _crawl_web (../../.pyenv/versions/3.12.6/lib/python3.12/site-packages/crawl4ai/async_crawler_strategy.py):\nError: Failed on navigating ACS-GOTO:\nPage.goto: net::ERR_FAILED at https://www.bolton.ac.uk/assets/How-Your-Fees-Help-Fund-Your-Degree-2020.pdf\nCall log:\n  - navigating to "https://www.bolton.ac.uk/assets/How-Your-Fees-Help-Fund-Your-Degree-2020.pdf", waiting until "domcontentloaded"\n\n\nCode context:\n1200   \n1201                       response = await page.goto(\n1202                           url, wait_until=config.wait_until, timeout=config.page_timeout\n1203                       )\n1204                   except Error as e:\n1205 →                     raise RuntimeError(f"Failed on navigating ACS-GOTO:\\n{str(e)}")\n1206   \n1207                   await self.execute_hook("after_goto", page, context=context, url=url, response=response)\n1208   \n1209                   if response is None:\n1210                       status_code = 200' session_id=None response_headers=None status_code=None ssl_certificate=None


Failed to crawl: https://www.bolton.ac.uk/assets/Uploads/How-Your-Fees-Help-Fund-Your-Degree-2024.pdf
Result: url='https://www.bolton.ac.uk/assets/Uploads/How-Your-Fees-Help-Fund-Your-Degree-2024.pdf' html='' success=False cleaned_html=None media={} links={} downloaded_files=None screenshot=None pdf=None markdown=None markdown_v2=None fit_markdown=None fit_html=None extracted_content=None metadata=None error_message='Unexpected error in _crawl_web at line 1205 in _crawl_web (../../.pyenv/versions/3.12.6/lib/python3.12/site-packages/crawl4ai/async_crawler_strategy.py):\nError: Failed on navigating ACS-GOTO:\nPage.goto: net::ERR_FAILED at https://www.bolton.ac.uk/assets/Uploads/How-Your-Fees-Help-Fund-Your-Degree-2024.pdf\nCall log:\n  - navigating to "https://www.bolton.ac.uk/assets/Uploads/How-Your-Fees-Help-Fund-Your-Degree-2024.pdf", waiting until "domcontentloaded"\n\n\nCode context:\n1200   \n1201                       response = await page.goto(\n1202                           url, wait_until=config.wait_until, timeout=config.page_timeout\n1203                       )\n1204                   except Error as e:\n1205 →                     raise RuntimeError(f"Failed on navigating ACS-GOTO:\\n{str(e)}")\n1206   \n1207                   await self.execute_hook("after_goto", page, context=context, url=url, response=response)\n1208   \n1209                   if response is None:\n1210                       status_code = 200' session_id=None response_headers=None status_code=None ssl_certificate=None


Failed to crawl: https://www.bolton.ac.uk/assets/Uploads/ID-Card-Procedure-2021-23.pdf
Result: url='https://www.bolton.ac.uk/assets/Uploads/ID-Card-Procedure-2021-23.pdf' html='' success=False cleaned_html=None media={} links={} downloaded_files=None screenshot=None pdf=None markdown=None markdown_v2=None fit_markdown=None fit_html=None extracted_content=None metadata=None error_message='Unexpected error in _crawl_web at line 1205 in _crawl_web (../../.pyenv/versions/3.12.6/lib/python3.12/site-packages/crawl4ai/async_crawler_strategy.py):\nError: Failed on navigating ACS-GOTO:\nPage.goto: net::ERR_FAILED at https://www.bolton.ac.uk/assets/Uploads/ID-Card-Procedure-2021-23.pdf\nCall log:\n  - navigating to "https://www.bolton.ac.uk/assets/Uploads/ID-Card-Procedure-2021-23.pdf", waiting until "domcontentloaded"\n\n\nCode context:\n1200   \n1201                       response = await page.goto(\n1202                           url, wait_until=config.wait_until, timeout=config.page_timeout\n1203                       )\n1204                   except Error as e:\n1205 →                     raise RuntimeError(f"Failed on navigating ACS-GOTO:\\n{str(e)}")\n1206   \n1207                   await self.execute_hook("after_goto", page, context=context, url=url, response=response)\n1208   \n1209                   if response is None:\n1210                       status_code = 200' session_id=None response_headers=None status_code=None ssl_certificate=None


Failed to crawl: https://www.bolton.ac.uk/assets/Uploads/Policy-for-the-Management-of-Meningitis-2021-22.pdf
Result: url='https://www.bolton.ac.uk/assets/Uploads/Policy-for-the-Management-of-Meningitis-2021-22.pdf' html='' success=False cleaned_html=None media={} links={} downloaded_files=None screenshot=None pdf=None markdown=None markdown_v2=None fit_markdown=None fit_html=None extracted_content=None metadata=None error_message='Unexpected error in _crawl_web at line 1205 in _crawl_web (../../.pyenv/versions/3.12.6/lib/python3.12/site-packages/crawl4ai/async_crawler_strategy.py):\nError: Failed on navigating ACS-GOTO:\nPage.goto: net::ERR_FAILED at https://www.bolton.ac.uk/assets/Uploads/Policy-for-the-Management-of-Meningitis-2021-22.pdf\nCall log:\n  - navigating to "https://www.bolton.ac.uk/assets/Uploads/Policy-for-the-Management-of-Meningitis-2021-22.pdf", waiting until "domcontentloaded"\n\n\nCode context:\n1200   \n1201                       response = await page.goto(\n1202                           url, wait_until=config.wait_until, timeout=config.page_timeout\n1203                       )\n1204                   except Error as e:\n1205 →                     raise RuntimeError(f"Failed on navigating ACS-GOTO:\\n{str(e)}")\n1206   \n1207                   await self.execute_hook("after_goto", page, context=context, url=url, response=response)\n1208   \n1209                   if response is None:\n1210                       status_code = 200' session_id=None response_headers=None status_code=None ssl_certificate=None


Failed to crawl: https://www.bolton.ac.uk/assets/Uploads/Policy-on-use-of-illegal-drugs-and-misuse-of-legal-drugs-by-students-2021-23.pdf
Result: url='https://www.bolton.ac.uk/assets/Uploads/Policy-on-use-of-illegal-drugs-and-misuse-of-legal-drugs-by-students-2021-23.pdf' html='' success=False cleaned_html=None media={} links={} downloaded_files=None screenshot=None pdf=None markdown=None markdown_v2=None fit_markdown=None fit_html=None extracted_content=None metadata=None error_message='Unexpected error in _crawl_web at line 1205 in _crawl_web (../../.pyenv/versions/3.12.6/lib/python3.12/site-packages/crawl4ai/async_crawler_strategy.py):\nError: Failed on navigating ACS-GOTO:\nPage.goto: net::ERR_FAILED at https://www.bolton.ac.uk/assets/Uploads/Policy-on-use-of-illegal-drugs-and-misuse-of-legal-drugs-by-students-2021-23.pdf\nCall log:\n  - navigating to "https://www.bolton.ac.uk/assets/Uploads/Policy-on-use-of-illegal-drugs-and-misuse-of-legal-drugs-by-students-2021-23.pdf", waiting until "domcontentloaded"\n\n\nCode context:\n1200   \n1201                       response = await page.goto(\n1202                           url, wait_until=config.wait_until, timeout=config.page_timeout\n1203                       )\n1204                   except Error as e:\n1205 →                     raise RuntimeError(f"Failed on navigating ACS-GOTO:\\n{str(e)}")\n1206   \n1207                   await self.execute_hook("after_goto", page, context=context, url=url, response=response)\n1208   \n1209                   if response is None:\n1210                       status_code = 200' session_id=None response_headers=None status_code=None ssl_certificate=None


Failed to crawl: https://www.bolton.ac.uk/assets/Uploads/Procedure-for-the-support-of-Under-18s-2021-22.pdf
Result: url='https://www.bolton.ac.uk/assets/Uploads/Procedure-for-the-support-of-Under-18s-2021-22.pdf' html='' success=False cleaned_html=None media={} links={} downloaded_files=None screenshot=None pdf=None markdown=None markdown_v2=None fit_markdown=None fit_html=None extracted_content=None metadata=None error_message='Unexpected error in _crawl_web at line 1205 in _crawl_web (../../.pyenv/versions/3.12.6/lib/python3.12/site-packages/crawl4ai/async_crawler_strategy.py):\nError: Failed on navigating ACS-GOTO:\nPage.goto: net::ERR_FAILED at https://www.bolton.ac.uk/assets/Uploads/Procedure-for-the-support-of-Under-18s-2021-22.pdf\nCall log:\n  - navigating to "https://www.bolton.ac.uk/assets/Uploads/Procedure-for-the-support-of-Under-18s-2021-22.pdf", waiting until "domcontentloaded"\n\n\nCode context:\n1200   \n1201                       response = await page.goto(\n1202                           url, wait_until=config.wait_until, timeout=config.page_timeout\n1203                       )\n1204                   except Error as e:\n1205 →                     raise RuntimeError(f"Failed on navigating ACS-GOTO:\\n{str(e)}")\n1206   \n1207                   await self.execute_hook("after_goto", page, context=context, url=url, response=response)\n1208   \n1209                   if response is None:\n1210                       status_code = 200' session_id=None response_headers=None status_code=None ssl_certificate=None


Failed to crawl: https://www.bolton.ac.uk/assets/Safeguarding-Policy-and-Procedure-University-of-Bolton-V17-May-2023-Clean-v3.pdf
Result: url='https://www.bolton.ac.uk/assets/Safeguarding-Policy-and-Procedure-University-of-Bolton-V17-May-2023-Clean-v3.pdf' html='' success=False cleaned_html=None media={} links={} downloaded_files=None screenshot=None pdf=None markdown=None markdown_v2=None fit_markdown=None fit_html=None extracted_content=None metadata=None error_message='Unexpected error in _crawl_web at line 1205 in _crawl_web (../../.pyenv/versions/3.12.6/lib/python3.12/site-packages/crawl4ai/async_crawler_strategy.py):\nError: Failed on navigating ACS-GOTO:\nPage.goto: net::ERR_FAILED at https://www.bolton.ac.uk/assets/Safeguarding-Policy-and-Procedure-University-of-Bolton-V17-May-2023-Clean-v3.pdf\nCall log:\n  - navigating to "https://www.bolton.ac.uk/assets/Safeguarding-Policy-and-Procedure-University-of-Bolton-V17-May-2023-Clean-v3.pdf", waiting until "domcontentloaded"\n\n\nCode context:\n1200   \n1201                       response = await page.goto(\n1202                           url, wait_until=config.wait_until, timeout=config.page_timeout\n1203                       )\n1204                   except Error as e:\n1205 →                     raise RuntimeError(f"Failed on navigating ACS-GOTO:\\n{str(e)}")\n1206   \n1207                   await self.execute_hook("after_goto", page, context=context, url=url, response=response)\n1208   \n1209                   if response is None:\n1210                       status_code = 200' session_id=None response_headers=None status_code=None ssl_certificate=None


Failed to crawl: https://www.bolton.ac.uk/assets/Uploads/Student-Mental-Health-Policy-2021-22.pdf
Result: url='https://www.bolton.ac.uk/assets/Uploads/Student-Mental-Health-Policy-2021-22.pdf' html='' success=False cleaned_html=None media={} links={} downloaded_files=None screenshot=None pdf=None markdown=None markdown_v2=None fit_markdown=None fit_html=None extracted_content=None metadata=None error_message='Unexpected error in _crawl_web at line 1205 in _crawl_web (../../.pyenv/versions/3.12.6/lib/python3.12/site-packages/crawl4ai/async_crawler_strategy.py):\nError: Failed on navigating ACS-GOTO:\nPage.goto: net::ERR_FAILED at https://www.bolton.ac.uk/assets/Uploads/Student-Mental-Health-Policy-2021-22.pdf\nCall log:\n  - navigating to "https://www.bolton.ac.uk/assets/Uploads/Student-Mental-Health-Policy-2021-22.pdf", waiting until "domcontentloaded"\n\n\nCode context:\n1200   \n1201                       response = await page.goto(\n1202                           url, wait_until=config.wait_until, timeout=config.page_timeout\n1203                       )\n1204                   except Error as e:\n1205 →                     raise RuntimeError(f"Failed on navigating ACS-GOTO:\\n{str(e)}")\n1206   \n1207                   await self.execute_hook("after_goto", page, context=context, url=url, response=response)\n1208   \n1209                   if response is None:\n1210                       status_code = 200' session_id=None response_headers=None status_code=None ssl_certificate=None


Failed to crawl: https://www.bolton.ac.uk/assets/Uploads/Student-Pregnancy-and-Maternity-Policy-2021-22.pdf
Result: url='https://www.bolton.ac.uk/assets/Uploads/Student-Pregnancy-and-Maternity-Policy-2021-22.pdf' html='' success=False cleaned_html=None media={} links={} downloaded_files=None screenshot=None pdf=None markdown=None markdown_v2=None fit_markdown=None fit_html=None extracted_content=None metadata=None error_message='Unexpected error in _crawl_web at line 1205 in _crawl_web (../../.pyenv/versions/3.12.6/lib/python3.12/site-packages/crawl4ai/async_crawler_strategy.py):\nError: Failed on navigating ACS-GOTO:\nPage.goto: net::ERR_FAILED at https://www.bolton.ac.uk/assets/Uploads/Student-Pregnancy-and-Maternity-Policy-2021-22.pdf\nCall log:\n  - navigating to "https://www.bolton.ac.uk/assets/Uploads/Student-Pregnancy-and-Maternity-Policy-2021-22.pdf", waiting until "domcontentloaded"\n\n\nCode context:\n1200   \n1201                       response = await page.goto(\n1202                           url, wait_until=config.wait_until, timeout=config.page_timeout\n1203                       )\n1204                   except Error as e:\n1205 →                     raise RuntimeError(f"Failed on navigating ACS-GOTO:\\n{str(e)}")\n1206   \n1207                   await self.execute_hook("after_goto", page, context=context, url=url, response=response)\n1208   \n1209                   if response is None:\n1210                       status_code = 200' session_id=None response_headers=None status_code=None ssl_certificate=None


Failed to crawl: https://www.bolton.ac.uk/assets/Uploads/Student-Services-Charges-2021-22.pdf
Result: url='https://www.bolton.ac.uk/assets/Uploads/Student-Services-Charges-2021-22.pdf' html='' success=False cleaned_html=None media={} links={} downloaded_files=None screenshot=None pdf=None markdown=None markdown_v2=None fit_markdown=None fit_html=None extracted_content=None metadata=None error_message='Unexpected error in _crawl_web at line 1205 in _crawl_web (../../.pyenv/versions/3.12.6/lib/python3.12/site-packages/crawl4ai/async_crawler_strategy.py):\nError: Failed on navigating ACS-GOTO:\nPage.goto: net::ERR_FAILED at https://www.bolton.ac.uk/assets/Uploads/Student-Services-Charges-2021-22.pdf\nCall log:\n  - navigating to "https://www.bolton.ac.uk/assets/Uploads/Student-Services-Charges-2021-22.pdf", waiting until "domcontentloaded"\n\n\nCode context:\n1200   \n1201                       response = await page.goto(\n1202                           url, wait_until=config.wait_until, timeout=config.page_timeout\n1203                       )\n1204                   except Error as e:\n1205 →                     raise RuntimeError(f"Failed on navigating ACS-GOTO:\\n{str(e)}")\n1206   \n1207                   await self.execute_hook("after_goto", page, context=context, url=url, response=response)\n1208   \n1209                   if response is None:\n1210                       status_code = 200' session_id=None response_headers=None status_code=None ssl_certificate=None


Failed to crawl: https://www.bolton.ac.uk/assets/Uploads/Students-Dignity-at-Study-Policy-and-Procedure-2021-22.pdf
Result: url='https://www.bolton.ac.uk/assets/Uploads/Students-Dignity-at-Study-Policy-and-Procedure-2021-22.pdf' html='' success=False cleaned_html=None media={} links={} downloaded_files=None screenshot=None pdf=None markdown=None markdown_v2=None fit_markdown=None fit_html=None extracted_content=None metadata=None error_message='Unexpected error in _crawl_web at line 1205 in _crawl_web (../../.pyenv/versions/3.12.6/lib/python3.12/site-packages/crawl4ai/async_crawler_strategy.py):\nError: Failed on navigating ACS-GOTO:\nPage.goto: net::ERR_FAILED at https://www.bolton.ac.uk/assets/Uploads/Students-Dignity-at-Study-Policy-and-Procedure-2021-22.pdf\nCall log:\n  - navigating to "https://www.bolton.ac.uk/assets/Uploads/Students-Dignity-at-Study-Policy-and-Procedure-2021-22.pdf", waiting until "domcontentloaded"\n\n\nCode context:\n1200   \n1201                       response = await page.goto(\n1202                           url, wait_until=config.wait_until, timeout=config.page_timeout\n1203                       )\n1204                   except Error as e:\n1205 →                     raise RuntimeError(f"Failed on navigating ACS-GOTO:\\n{str(e)}")\n1206   \n1207                   await self.execute_hook("after_goto", page, context=context, url=url, response=response)\n1208   \n1209                   if response is None:\n1210                       status_code = 200' session_id=None response_headers=None status_code=None ssl_certificate=None


Failed to crawl: https://www.bolton.ac.uk/assets/Uploads/Tier-4-Students-Attendance-Census-2021-22.pdf
Result: url='https://www.bolton.ac.uk/assets/Uploads/Tier-4-Students-Attendance-Census-2021-22.pdf' html='' success=False cleaned_html=None media={} links={} downloaded_files=None screenshot=None pdf=None markdown=None markdown_v2=None fit_markdown=None fit_html=None extracted_content=None metadata=None error_message='Unexpected error in _crawl_web at line 1205 in _crawl_web (../../.pyenv/versions/3.12.6/lib/python3.12/site-packages/crawl4ai/async_crawler_strategy.py):\nError: Failed on navigating ACS-GOTO:\nPage.goto: net::ERR_FAILED at https://www.bolton.ac.uk/assets/Uploads/Tier-4-Students-Attendance-Census-2021-22.pdf\nCall log:\n  - navigating to "https://www.bolton.ac.uk/assets/Uploads/Tier-4-Students-Attendance-Census-2021-22.pdf", waiting until "domcontentloaded"\n\n\nCode context:\n1200   \n1201                       response = await page.goto(\n1202                           url, wait_until=config.wait_until, timeout=config.page_timeout\n1203                       )\n1204                   except Error as e:\n1205 →                     raise RuntimeError(f"Failed on navigating ACS-GOTO:\\n{str(e)}")\n1206   \n1207                   await self.execute_hook("after_goto", page, context=context, url=url, response=response)\n1208   \n1209                   if response is None:\n1210                       status_code = 200' session_id=None response_headers=None status_code=None ssl_certificate=None


Failed to crawl: https://www.bolton.ac.uk/assets/Uploads/Use-of-the-Chaplaincy-2021-22.pdf
Result: url='https://www.bolton.ac.uk/assets/Uploads/Use-of-the-Chaplaincy-2021-22.pdf' html='' success=False cleaned_html=None media={} links={} downloaded_files=None screenshot=None pdf=None markdown=None markdown_v2=None fit_markdown=None fit_html=None extracted_content=None metadata=None error_message='Unexpected error in _crawl_web at line 1205 in _crawl_web (../../.pyenv/versions/3.12.6/lib/python3.12/site-packages/crawl4ai/async_crawler_strategy.py):\nError: Failed on navigating ACS-GOTO:\nPage.goto: net::ERR_FAILED at https://www.bolton.ac.uk/assets/Uploads/Use-of-the-Chaplaincy-2021-22.pdf\nCall log:\n  - navigating to "https://www.bolton.ac.uk/assets/Uploads/Use-of-the-Chaplaincy-2021-22.pdf", waiting until "domcontentloaded"\n\n\nCode context:\n1200   \n1201                       response = await page.goto(\n1202                           url, wait_until=config.wait_until, timeout=config.page_timeout\n1203                       )\n1204                   except Error as e:\n1205 →                     raise RuntimeError(f"Failed on navigating ACS-GOTO:\\n{str(e)}")\n1206   \n1207                   await self.execute_hook("after_goto", page, context=context, url=url, response=response)\n1208   \n1209                   if response is None:\n1210                       status_code = 200' session_id=None response_headers=None status_code=None ssl_certificate=None


Failed to crawl: https://www.bolton.ac.uk/assets/University-of-Bolton-Disclosure-and-Barring-Service-Policy_2022.pdf
Result: url='https://www.bolton.ac.uk/assets/University-of-Bolton-Disclosure-and-Barring-Service-Policy_2022.pdf' html='' success=False cleaned_html=None media={} links={} downloaded_files=None screenshot=None pdf=None markdown=None markdown_v2=None fit_markdown=None fit_html=None extracted_content=None metadata=None error_message='Unexpected error in _crawl_web at line 1205 in _crawl_web (../../.pyenv/versions/3.12.6/lib/python3.12/site-packages/crawl4ai/async_crawler_strategy.py):\nError: Failed on navigating ACS-GOTO:\nPage.goto: net::ERR_FAILED at https://www.bolton.ac.uk/assets/University-of-Bolton-Disclosure-and-Barring-Service-Policy_2022.pdf\nCall log:\n  - navigating to "https://www.bolton.ac.uk/assets/University-of-Bolton-Disclosure-and-Barring-Service-Policy_2022.pdf", waiting until "domcontentloaded"\n\n\nCode context:\n1200   \n1201                       response = await page.goto(\n1202                           url, wait_until=config.wait_until, timeout=config.page_timeout\n1203                       )\n1204                   except Error as e:\n1205 →                     raise RuntimeError(f"Failed on navigating ACS-GOTO:\\n{str(e)}")\n1206   \n1207                   await self.execute_hook("after_goto", page, context=context, url=url, response=response)\n1208   \n1209                   if response is None:\n1210                       status_code = 200' session_id=None response_headers=None status_code=None ssl_certificate=None


Failed to crawl: https://www.bolton.ac.uk/assets/Student-Success-Strategy-220209.pdf
Result: url='https://www.bolton.ac.uk/assets/Student-Success-Strategy-220209.pdf' html='' success=False cleaned_html=None media={} links={} downloaded_files=None screenshot=None pdf=None markdown=None markdown_v2=None fit_markdown=None fit_html=None extracted_content=None metadata=None error_message='Unexpected error in _crawl_web at line 1205 in _crawl_web (../../.pyenv/versions/3.12.6/lib/python3.12/site-packages/crawl4ai/async_crawler_strategy.py):\nError: Failed on navigating ACS-GOTO:\nPage.goto: net::ERR_FAILED at https://www.bolton.ac.uk/assets/Student-Success-Strategy-220209.pdf\nCall log:\n  - navigating to "https://www.bolton.ac.uk/assets/Student-Success-Strategy-220209.pdf", waiting until "domcontentloaded"\n\n\nCode context:\n1200   \n1201                       response = await page.goto(\n1202                           url, wait_until=config.wait_until, timeout=config.page_timeout\n1203                       )\n1204                   except Error as e:\n1205 →                     raise RuntimeError(f"Failed on navigating ACS-GOTO:\\n{str(e)}")\n1206   \n1207                   await self.execute_hook("after_goto", page, context=context, url=url, response=response)\n1208   \n1209                   if response is None:\n1210                       status_code = 200' session_id=None response_headers=None status_code=None ssl_certificate=None


Failed to crawl: https://www.bolton.ac.uk/assets/Assessment-and-Moderation-Procedures-2021-22.pdf
Result: url='https://www.bolton.ac.uk/assets/Assessment-and-Moderation-Procedures-2021-22.pdf' html='' success=False cleaned_html=None media={} links={} downloaded_files=None screenshot=None pdf=None markdown=None markdown_v2=None fit_markdown=None fit_html=None extracted_content=None metadata=None error_message='Unexpected error in _crawl_web at line 1205 in _crawl_web (../../.pyenv/versions/3.12.6/lib/python3.12/site-packages/crawl4ai/async_crawler_strategy.py):\nError: Failed on navigating ACS-GOTO:\nPage.goto: net::ERR_FAILED at https://www.bolton.ac.uk/assets/Assessment-and-Moderation-Procedures-2021-22.pdf\nCall log:\n  - navigating to "https://www.bolton.ac.uk/assets/Assessment-and-Moderation-Procedures-2021-22.pdf", waiting until "domcontentloaded"\n\n\nCode context:\n1200   \n1201                       response = await page.goto(\n1202                           url, wait_until=config.wait_until, timeout=config.page_timeout\n1203                       )\n1204                   except Error as e:\n1205 →                     raise RuntimeError(f"Failed on navigating ACS-GOTO:\\n{str(e)}")\n1206   \n1207                   await self.execute_hook("after_goto", page, context=context, url=url, response=response)\n1208   \n1209                   if response is None:\n1210                       status_code = 200' session_id=None response_headers=None status_code=None ssl_certificate=None


Failed to crawl: https://www.bolton.ac.uk/assets/Assessment-Regulations-for-Postgraduate-Taught-Programmes-2021-22-v6-Updated-February-2021.pdf
Result: url='https://www.bolton.ac.uk/assets/Assessment-Regulations-for-Postgraduate-Taught-Programmes-2021-22-v6-Updated-February-2021.pdf' html='' success=False cleaned_html=None media={} links={} downloaded_files=None screenshot=None pdf=None markdown=None markdown_v2=None fit_markdown=None fit_html=None extracted_content=None metadata=None error_message='Unexpected error in _crawl_web at line 1205 in _crawl_web (../../.pyenv/versions/3.12.6/lib/python3.12/site-packages/crawl4ai/async_crawler_strategy.py):\nError: Failed on navigating ACS-GOTO:\nPage.goto: net::ERR_FAILED at https://www.bolton.ac.uk/assets/Assessment-Regulations-for-Postgraduate-Taught-Programmes-2021-22-v6-Updated-February-2021.pdf\nCall log:\n  - navigating to "https://www.bolton.ac.uk/assets/Assessment-Regulations-for-Postgraduate-Taught-Programmes-2021-22-v6-Updated-February-2021.pdf", waiting until "domcontentloaded"\n\n\nCode context:\n1200   \n1201                       response = await page.goto(\n1202                           url, wait_until=config.wait_until, timeout=config.page_timeout\n1203                       )\n1204                   except Error as e:\n1205 →                     raise RuntimeError(f"Failed on navigating ACS-GOTO:\\n{str(e)}")\n1206   \n1207                   await self.execute_hook("after_goto", page, context=context, url=url, response=response)\n1208   \n1209                   if response is None:\n1210                       status_code = 200' session_id=None response_headers=None status_code=None ssl_certificate=None


Failed to crawl: https://www.bolton.ac.uk/assets/Uploads/Assessment-Regulations-for-Postgraduate-Taught-Programmes-2021-22.pdf
Result: url='https://www.bolton.ac.uk/assets/Uploads/Assessment-Regulations-for-Postgraduate-Taught-Programmes-2021-22.pdf' html='' success=False cleaned_html=None media={} links={} downloaded_files=None screenshot=None pdf=None markdown=None markdown_v2=None fit_markdown=None fit_html=None extracted_content=None metadata=None error_message='Unexpected error in _crawl_web at line 1205 in _crawl_web (../../.pyenv/versions/3.12.6/lib/python3.12/site-packages/crawl4ai/async_crawler_strategy.py):\nError: Failed on navigating ACS-GOTO:\nPage.goto: net::ERR_FAILED at https://www.bolton.ac.uk/assets/Uploads/Assessment-Regulations-for-Postgraduate-Taught-Programmes-2021-22.pdf\nCall log:\n  - navigating to "https://www.bolton.ac.uk/assets/Uploads/Assessment-Regulations-for-Postgraduate-Taught-Programmes-2021-22.pdf", waiting until "domcontentloaded"\n\n\nCode context:\n1200   \n1201                       response = await page.goto(\n1202                           url, wait_until=config.wait_until, timeout=config.page_timeout\n1203                       )\n1204                   except Error as e:\n1205 →                     raise RuntimeError(f"Failed on navigating ACS-GOTO:\\n{str(e)}")\n1206   \n1207                   await self.execute_hook("after_goto", page, context=context, url=url, response=response)\n1208   \n1209                   if response is None:\n1210                       status_code = 200' session_id=None response_headers=None status_code=None ssl_certificate=None


Failed to crawl: https://www.bolton.ac.uk/assets/Assessment-Regulations-for-Undergraduate-Programmes-2020-21-V8-v2.pdf
Result: url='https://www.bolton.ac.uk/assets/Assessment-Regulations-for-Undergraduate-Programmes-2020-21-V8-v2.pdf' html='' success=False cleaned_html=None media={} links={} downloaded_files=None screenshot=None pdf=None markdown=None markdown_v2=None fit_markdown=None fit_html=None extracted_content=None metadata=None error_message='Unexpected error in _crawl_web at line 1205 in _crawl_web (../../.pyenv/versions/3.12.6/lib/python3.12/site-packages/crawl4ai/async_crawler_strategy.py):\nError: Failed on navigating ACS-GOTO:\nPage.goto: net::ERR_FAILED at https://www.bolton.ac.uk/assets/Assessment-Regulations-for-Undergraduate-Programmes-2020-21-V8-v2.pdf\nCall log:\n  - navigating to "https://www.bolton.ac.uk/assets/Assessment-Regulations-for-Undergraduate-Programmes-2020-21-V8-v2.pdf", waiting until "domcontentloaded"\n\n\nCode context:\n1200   \n1201                       response = await page.goto(\n1202                           url, wait_until=config.wait_until, timeout=config.page_timeout\n1203                       )\n1204                   except Error as e:\n1205 →                     raise RuntimeError(f"Failed on navigating ACS-GOTO:\\n{str(e)}")\n1206   \n1207                   await self.execute_hook("after_goto", page, context=context, url=url, response=response)\n1208   \n1209                   if response is None:\n1210                       status_code = 200' session_id=None response_headers=None status_code=None ssl_certificate=None


Failed to crawl: https://www.bolton.ac.uk/assets/Uploads/Code-of-Practice-for-Work-Based-and-Placement-Learning-2021-22.pdf
Result: url='https://www.bolton.ac.uk/assets/Uploads/Code-of-Practice-for-Work-Based-and-Placement-Learning-2021-22.pdf' html='' success=False cleaned_html=None media={} links={} downloaded_files=None screenshot=None pdf=None markdown=None markdown_v2=None fit_markdown=None fit_html=None extracted_content=None metadata=None error_message='Unexpected error in _crawl_web at line 1205 in _crawl_web (../../.pyenv/versions/3.12.6/lib/python3.12/site-packages/crawl4ai/async_crawler_strategy.py):\nError: Failed on navigating ACS-GOTO:\nPage.goto: net::ERR_FAILED at https://www.bolton.ac.uk/assets/Uploads/Code-of-Practice-for-Work-Based-and-Placement-Learning-2021-22.pdf\nCall log:\n  - navigating to "https://www.bolton.ac.uk/assets/Uploads/Code-of-Practice-for-Work-Based-and-Placement-Learning-2021-22.pdf", waiting until "domcontentloaded"\n\n\nCode context:\n1200   \n1201                       response = await page.goto(\n1202                           url, wait_until=config.wait_until, timeout=config.page_timeout\n1203                       )\n1204                   except Error as e:\n1205 →                     raise RuntimeError(f"Failed on navigating ACS-GOTO:\\n{str(e)}")\n1206   \n1207                   await self.execute_hook("after_goto", page, context=context, url=url, response=response)\n1208   \n1209                   if response is None:\n1210                       status_code = 200' session_id=None response_headers=None status_code=None ssl_certificate=None


Failed to crawl: https://www.bolton.ac.uk/assets/Uploads/Exam-Procedures-2021-22.pdf
Result: url='https://www.bolton.ac.uk/assets/Uploads/Exam-Procedures-2021-22.pdf' html='' success=False cleaned_html=None media={} links={} downloaded_files=None screenshot=None pdf=None markdown=None markdown_v2=None fit_markdown=None fit_html=None extracted_content=None metadata=None error_message='Unexpected error in _crawl_web at line 1205 in _crawl_web (../../.pyenv/versions/3.12.6/lib/python3.12/site-packages/crawl4ai/async_crawler_strategy.py):\nError: Failed on navigating ACS-GOTO:\nPage.goto: net::ERR_FAILED at https://www.bolton.ac.uk/assets/Uploads/Exam-Procedures-2021-22.pdf\nCall log:\n  - navigating to "https://www.bolton.ac.uk/assets/Uploads/Exam-Procedures-2021-22.pdf", waiting until "domcontentloaded"\n\n\nCode context:\n1200   \n1201                       response = await page.goto(\n1202                           url, wait_until=config.wait_until, timeout=config.page_timeout\n1203                       )\n1204                   except Error as e:\n1205 →                     raise RuntimeError(f"Failed on navigating ACS-GOTO:\\n{str(e)}")\n1206   \n1207                   await self.execute_hook("after_goto", page, context=context, url=url, response=response)\n1208   \n1209                   if response is None:\n1210                       status_code = 200' session_id=None response_headers=None status_code=None ssl_certificate=None


Failed to crawl: https://www.bolton.ac.uk/assets/Uploads/Fitness-to-Practise-Procedure-2021-23.pdf
Result: url='https://www.bolton.ac.uk/assets/Uploads/Fitness-to-Practise-Procedure-2021-23.pdf' html='' success=False cleaned_html=None media={} links={} downloaded_files=None screenshot=None pdf=None markdown=None markdown_v2=None fit_markdown=None fit_html=None extracted_content=None metadata=None error_message='Unexpected error in _crawl_web at line 1205 in _crawl_web (../../.pyenv/versions/3.12.6/lib/python3.12/site-packages/crawl4ai/async_crawler_strategy.py):\nError: Failed on navigating ACS-GOTO:\nPage.goto: net::ERR_FAILED at https://www.bolton.ac.uk/assets/Uploads/Fitness-to-Practise-Procedure-2021-23.pdf\nCall log:\n  - navigating to "https://www.bolton.ac.uk/assets/Uploads/Fitness-to-Practise-Procedure-2021-23.pdf", waiting until "domcontentloaded"\n\n\nCode context:\n1200   \n1201                       response = await page.goto(\n1202                           url, wait_until=config.wait_until, timeout=config.page_timeout\n1203                       )\n1204                   except Error as e:\n1205 →                     raise RuntimeError(f"Failed on navigating ACS-GOTO:\\n{str(e)}")\n1206   \n1207                   await self.execute_hook("after_goto", page, context=context, url=url, response=response)\n1208   \n1209                   if response is None:\n1210                       status_code = 200' session_id=None response_headers=None status_code=None ssl_certificate=None


Failed to crawl: https://www.bolton.ac.uk/assets/Process-Guide-Approval-for-Modification-to-Module-and-or-Programme-Specifications-2018-19.pdf
Result: url='https://www.bolton.ac.uk/assets/Process-Guide-Approval-for-Modification-to-Module-and-or-Programme-Specifications-2018-19.pdf' html='' success=False cleaned_html=None media={} links={} downloaded_files=None screenshot=None pdf=None markdown=None markdown_v2=None fit_markdown=None fit_html=None extracted_content=None metadata=None error_message='Unexpected error in _crawl_web at line 1205 in _crawl_web (../../.pyenv/versions/3.12.6/lib/python3.12/site-packages/crawl4ai/async_crawler_strategy.py):\nError: Failed on navigating ACS-GOTO:\nPage.goto: net::ERR_FAILED at https://www.bolton.ac.uk/assets/Process-Guide-Approval-for-Modification-to-Module-and-or-Programme-Specifications-2018-19.pdf\nCall log:\n  - navigating to "https://www.bolton.ac.uk/assets/Process-Guide-Approval-for-Modification-to-Module-and-or-Programme-Specifications-2018-19.pdf", waiting until "domcontentloaded"\n\n\nCode context:\n1200   \n1201                       response = await page.goto(\n1202                           url, wait_until=config.wait_until, timeout=config.page_timeout\n1203                       )\n1204                   except Error as e:\n1205 →                     raise RuntimeError(f"Failed on navigating ACS-GOTO:\\n{str(e)}")\n1206   \n1207                   await self.execute_hook("after_goto", page, context=context, url=url, response=response)\n1208   \n1209                   if response is None:\n1210                       status_code = 200' session_id=None response_headers=None status_code=None ssl_certificate=None


Failed to crawl: https://www.bolton.ac.uk/assets/Uploads/Programme-Closure-and-Suspension-Policy-and-Procedure-2021-22.pdf
Result: url='https://www.bolton.ac.uk/assets/Uploads/Programme-Closure-and-Suspension-Policy-and-Procedure-2021-22.pdf' html='' success=False cleaned_html=None media={} links={} downloaded_files=None screenshot=None pdf=None markdown=None markdown_v2=None fit_markdown=None fit_html=None extracted_content=None metadata=None error_message='Unexpected error in _crawl_web at line 1205 in _crawl_web (../../.pyenv/versions/3.12.6/lib/python3.12/site-packages/crawl4ai/async_crawler_strategy.py):\nError: Failed on navigating ACS-GOTO:\nPage.goto: net::ERR_FAILED at https://www.bolton.ac.uk/assets/Uploads/Programme-Closure-and-Suspension-Policy-and-Procedure-2021-22.pdf\nCall log:\n  - navigating to "https://www.bolton.ac.uk/assets/Uploads/Programme-Closure-and-Suspension-Policy-and-Procedure-2021-22.pdf", waiting until "domcontentloaded"\n\n\nCode context:\n1200   \n1201                       response = await page.goto(\n1202                           url, wait_until=config.wait_until, timeout=config.page_timeout\n1203                       )\n1204                   except Error as e:\n1205 →                     raise RuntimeError(f"Failed on navigating ACS-GOTO:\\n{str(e)}")\n1206   \n1207                   await self.execute_hook("after_goto", page, context=context, url=url, response=response)\n1208   \n1209                   if response is None:\n1210                       status_code = 200' session_id=None response_headers=None status_code=None ssl_certificate=None


Failed to crawl: https://www.bolton.ac.uk/assets/Uploads/Regulation-Honorary-Awards-2021-22.pdf
Result: url='https://www.bolton.ac.uk/assets/Uploads/Regulation-Honorary-Awards-2021-22.pdf' html='' success=False cleaned_html=None media={} links={} downloaded_files=None screenshot=None pdf=None markdown=None markdown_v2=None fit_markdown=None fit_html=None extracted_content=None metadata=None error_message='Unexpected error in _crawl_web at line 1205 in _crawl_web (../../.pyenv/versions/3.12.6/lib/python3.12/site-packages/crawl4ai/async_crawler_strategy.py):\nError: Failed on navigating ACS-GOTO:\nPage.goto: net::ERR_FAILED at https://www.bolton.ac.uk/assets/Uploads/Regulation-Honorary-Awards-2021-22.pdf\nCall log:\n  - navigating to "https://www.bolton.ac.uk/assets/Uploads/Regulation-Honorary-Awards-2021-22.pdf", waiting until "domcontentloaded"\n\n\nCode context:\n1200   \n1201                       response = await page.goto(\n1202                           url, wait_until=config.wait_until, timeout=config.page_timeout\n1203                       )\n1204                   except Error as e:\n1205 →                     raise RuntimeError(f"Failed on navigating ACS-GOTO:\\n{str(e)}")\n1206   \n1207                   await self.execute_hook("after_goto", page, context=context, url=url, response=response)\n1208   \n1209                   if response is None:\n1210                       status_code = 200' session_id=None response_headers=None status_code=None ssl_certificate=None


Failed to crawl: https://www.bolton.ac.uk/assets/Uploads/Regulation-Honorary-Awards-2020-21.pdf
Result: url='https://www.bolton.ac.uk/assets/Uploads/Regulation-Honorary-Awards-2020-21.pdf' html='' success=False cleaned_html=None media={} links={} downloaded_files=None screenshot=None pdf=None markdown=None markdown_v2=None fit_markdown=None fit_html=None extracted_content=None metadata=None error_message='Unexpected error in _crawl_web at line 1205 in _crawl_web (../../.pyenv/versions/3.12.6/lib/python3.12/site-packages/crawl4ai/async_crawler_strategy.py):\nError: Failed on navigating ACS-GOTO:\nPage.goto: net::ERR_FAILED at https://www.bolton.ac.uk/assets/Uploads/Regulation-Honorary-Awards-2020-21.pdf\nCall log:\n  - navigating to "https://www.bolton.ac.uk/assets/Uploads/Regulation-Honorary-Awards-2020-21.pdf", waiting until "domcontentloaded"\n\n\nCode context:\n1200   \n1201                       response = await page.goto(\n1202                           url, wait_until=config.wait_until, timeout=config.page_timeout\n1203                       )\n1204                   except Error as e:\n1205 →                     raise RuntimeError(f"Failed on navigating ACS-GOTO:\\n{str(e)}")\n1206   \n1207                   await self.execute_hook("after_goto", page, context=context, url=url, response=response)\n1208   \n1209                   if response is None:\n1210                       status_code = 200' session_id=None response_headers=None status_code=None ssl_certificate=None


Failed to crawl: https://www.bolton.ac.uk/assets/Regulations-and-Policy-for-the-Recognition-of-Prior-Learning-2021-22.pdf
Result: url='https://www.bolton.ac.uk/assets/Regulations-and-Policy-for-the-Recognition-of-Prior-Learning-2021-22.pdf' html='' success=False cleaned_html=None media={} links={} downloaded_files=None screenshot=None pdf=None markdown=None markdown_v2=None fit_markdown=None fit_html=None extracted_content=None metadata=None error_message='Unexpected error in _crawl_web at line 1205 in _crawl_web (../../.pyenv/versions/3.12.6/lib/python3.12/site-packages/crawl4ai/async_crawler_strategy.py):\nError: Failed on navigating ACS-GOTO:\nPage.goto: net::ERR_FAILED at https://www.bolton.ac.uk/assets/Regulations-and-Policy-for-the-Recognition-of-Prior-Learning-2021-22.pdf\nCall log:\n  - navigating to "https://www.bolton.ac.uk/assets/Regulations-and-Policy-for-the-Recognition-of-Prior-Learning-2021-22.pdf", waiting until "domcontentloaded"\n\n\nCode context:\n1200   \n1201                       response = await page.goto(\n1202                           url, wait_until=config.wait_until, timeout=config.page_timeout\n1203                       )\n1204                   except Error as e:\n1205 →                     raise RuntimeError(f"Failed on navigating ACS-GOTO:\\n{str(e)}")\n1206   \n1207                   await self.execute_hook("after_goto", page, context=context, url=url, response=response)\n1208   \n1209                   if response is None:\n1210                       status_code = 200' session_id=None response_headers=None status_code=None ssl_certificate=None


Failed to crawl: https://www.bolton.ac.uk/assets/Uploads/Regulations-and-Procedures-for-the-Award-of-Aegrotat-and-Posthumous-Qualifications-2021-23.pdf
Result: url='https://www.bolton.ac.uk/assets/Uploads/Regulations-and-Procedures-for-the-Award-of-Aegrotat-and-Posthumous-Qualifications-2021-23.pdf' html='' success=False cleaned_html=None media={} links={} downloaded_files=None screenshot=None pdf=None markdown=None markdown_v2=None fit_markdown=None fit_html=None extracted_content=None metadata=None error_message='Unexpected error in _crawl_web at line 1205 in _crawl_web (../../.pyenv/versions/3.12.6/lib/python3.12/site-packages/crawl4ai/async_crawler_strategy.py):\nError: Failed on navigating ACS-GOTO:\nPage.goto: net::ERR_FAILED at https://www.bolton.ac.uk/assets/Uploads/Regulations-and-Procedures-for-the-Award-of-Aegrotat-and-Posthumous-Qualifications-2021-23.pdf\nCall log:\n  - navigating to "https://www.bolton.ac.uk/assets/Uploads/Regulations-and-Procedures-for-the-Award-of-Aegrotat-and-Posthumous-Qualifications-2021-23.pdf", waiting until "domcontentloaded"\n\n\nCode context:\n1200   \n1201                       response = await page.goto(\n1202                           url, wait_until=config.wait_until, timeout=config.page_timeout\n1203                       )\n1204                   except Error as e:\n1205 →                     raise RuntimeError(f"Failed on navigating ACS-GOTO:\\n{str(e)}")\n1206   \n1207                   await self.execute_hook("after_goto", page, context=context, url=url, response=response)\n1208   \n1209                   if response is None:\n1210                       status_code = 200' session_id=None response_headers=None status_code=None ssl_certificate=None


Failed to crawl: https://www.bolton.ac.uk/assets/Uploads/Regulations-and-Procedures-for-the-Conferment-of-University-Awards-2021-22.pdf
Result: url='https://www.bolton.ac.uk/assets/Uploads/Regulations-and-Procedures-for-the-Conferment-of-University-Awards-2021-22.pdf' html='' success=False cleaned_html=None media={} links={} downloaded_files=None screenshot=None pdf=None markdown=None markdown_v2=None fit_markdown=None fit_html=None extracted_content=None metadata=None error_message='Unexpected error in _crawl_web at line 1205 in _crawl_web (../../.pyenv/versions/3.12.6/lib/python3.12/site-packages/crawl4ai/async_crawler_strategy.py):\nError: Failed on navigating ACS-GOTO:\nPage.goto: net::ERR_FAILED at https://www.bolton.ac.uk/assets/Uploads/Regulations-and-Procedures-for-the-Conferment-of-University-Awards-2021-22.pdf\nCall log:\n  - navigating to "https://www.bolton.ac.uk/assets/Uploads/Regulations-and-Procedures-for-the-Conferment-of-University-Awards-2021-22.pdf", waiting until "domcontentloaded"\n\n\nCode context:\n1200   \n1201                       response = await page.goto(\n1202                           url, wait_until=config.wait_until, timeout=config.page_timeout\n1203                       )\n1204                   except Error as e:\n1205 →                     raise RuntimeError(f"Failed on navigating ACS-GOTO:\\n{str(e)}")\n1206   \n1207                   await self.execute_hook("after_goto", page, context=context, url=url, response=response)\n1208   \n1209                   if response is None:\n1210                       status_code = 200' session_id=None response_headers=None status_code=None ssl_certificate=None


Failed to crawl: https://www.bolton.ac.uk/assets/Uploads/Regulations-for-the-Organisation-and-Conduct-of-Assessment-Board-2021-22.pdf
Result: url='https://www.bolton.ac.uk/assets/Uploads/Regulations-for-the-Organisation-and-Conduct-of-Assessment-Board-2021-22.pdf' html='' success=False cleaned_html=None media={} links={} downloaded_files=None screenshot=None pdf=None markdown=None markdown_v2=None fit_markdown=None fit_html=None extracted_content=None metadata=None error_message='Unexpected error in _crawl_web at line 1205 in _crawl_web (../../.pyenv/versions/3.12.6/lib/python3.12/site-packages/crawl4ai/async_crawler_strategy.py):\nError: Failed on navigating ACS-GOTO:\nPage.goto: net::ERR_FAILED at https://www.bolton.ac.uk/assets/Uploads/Regulations-for-the-Organisation-and-Conduct-of-Assessment-Board-2021-22.pdf\nCall log:\n  - navigating to "https://www.bolton.ac.uk/assets/Uploads/Regulations-for-the-Organisation-and-Conduct-of-Assessment-Board-2021-22.pdf", waiting until "domcontentloaded"\n\n\nCode context:\n1200   \n1201                       response = await page.goto(\n1202                           url, wait_until=config.wait_until, timeout=config.page_timeout\n1203                       )\n1204                   except Error as e:\n1205 →                     raise RuntimeError(f"Failed on navigating ACS-GOTO:\\n{str(e)}")\n1206   \n1207                   await self.execute_hook("after_goto", page, context=context, url=url, response=response)\n1208   \n1209                   if response is None:\n1210                       status_code = 200' session_id=None response_headers=None status_code=None ssl_certificate=None


Failed to crawl: https://www.bolton.ac.uk/assets/Uploads/Student-Attendance-Policy-2020-21.pdf
Result: url='https://www.bolton.ac.uk/assets/Uploads/Student-Attendance-Policy-2020-21.pdf' html='' success=False cleaned_html=None media={} links={} downloaded_files=None screenshot=None pdf=None markdown=None markdown_v2=None fit_markdown=None fit_html=None extracted_content=None metadata=None error_message='Unexpected error in _crawl_web at line 1205 in _crawl_web (../../.pyenv/versions/3.12.6/lib/python3.12/site-packages/crawl4ai/async_crawler_strategy.py):\nError: Failed on navigating ACS-GOTO:\nPage.goto: net::ERR_FAILED at https://www.bolton.ac.uk/assets/Uploads/Student-Attendance-Policy-2020-21.pdf\nCall log:\n  - navigating to "https://www.bolton.ac.uk/assets/Uploads/Student-Attendance-Policy-2020-21.pdf", waiting until "domcontentloaded"\n\n\nCode context:\n1200   \n1201                       response = await page.goto(\n1202                           url, wait_until=config.wait_until, timeout=config.page_timeout\n1203                       )\n1204                   except Error as e:\n1205 →                     raise RuntimeError(f"Failed on navigating ACS-GOTO:\\n{str(e)}")\n1206   \n1207                   await self.execute_hook("after_goto", page, context=context, url=url, response=response)\n1208   \n1209                   if response is None:\n1210                       status_code = 200' session_id=None response_headers=None status_code=None ssl_certificate=None


Failed to crawl: https://www.bolton.ac.uk/assets/Student-Attendance-and-Engagement-Policy-2021-22-FINAL-update.pdf
Result: url='https://www.bolton.ac.uk/assets/Student-Attendance-and-Engagement-Policy-2021-22-FINAL-update.pdf' html='' success=False cleaned_html=None media={} links={} downloaded_files=None screenshot=None pdf=None markdown=None markdown_v2=None fit_markdown=None fit_html=None extracted_content=None metadata=None error_message='Unexpected error in _crawl_web at line 1205 in _crawl_web (../../.pyenv/versions/3.12.6/lib/python3.12/site-packages/crawl4ai/async_crawler_strategy.py):\nError: Failed on navigating ACS-GOTO:\nPage.goto: net::ERR_FAILED at https://www.bolton.ac.uk/assets/Student-Attendance-and-Engagement-Policy-2021-22-FINAL-update.pdf\nCall log:\n  - navigating to "https://www.bolton.ac.uk/assets/Student-Attendance-and-Engagement-Policy-2021-22-FINAL-update.pdf", waiting until "domcontentloaded"\n\n\nCode context:\n1200   \n1201                       response = await page.goto(\n1202                           url, wait_until=config.wait_until, timeout=config.page_timeout\n1203                       )\n1204                   except Error as e:\n1205 →                     raise RuntimeError(f"Failed on navigating ACS-GOTO:\\n{str(e)}")\n1206   \n1207                   await self.execute_hook("after_goto", page, context=context, url=url, response=response)\n1208   \n1209                   if response is None:\n1210                       status_code = 200' session_id=None response_headers=None status_code=None ssl_certificate=None


Failed to crawl: https://www.bolton.ac.uk/assets/Uploads/Student-Suspension-Policy-2021-22.pdf
Result: url='https://www.bolton.ac.uk/assets/Uploads/Student-Suspension-Policy-2021-22.pdf' html='' success=False cleaned_html=None media={} links={} downloaded_files=None screenshot=None pdf=None markdown=None markdown_v2=None fit_markdown=None fit_html=None extracted_content=None metadata=None error_message='Unexpected error in _crawl_web at line 1205 in _crawl_web (../../.pyenv/versions/3.12.6/lib/python3.12/site-packages/crawl4ai/async_crawler_strategy.py):\nError: Failed on navigating ACS-GOTO:\nPage.goto: net::ERR_FAILED at https://www.bolton.ac.uk/assets/Uploads/Student-Suspension-Policy-2021-22.pdf\nCall log:\n  - navigating to "https://www.bolton.ac.uk/assets/Uploads/Student-Suspension-Policy-2021-22.pdf", waiting until "domcontentloaded"\n\n\nCode context:\n1200   \n1201                       response = await page.goto(\n1202                           url, wait_until=config.wait_until, timeout=config.page_timeout\n1203                       )\n1204                   except Error as e:\n1205 →                     raise RuntimeError(f"Failed on navigating ACS-GOTO:\\n{str(e)}")\n1206   \n1207                   await self.execute_hook("after_goto", page, context=context, url=url, response=response)\n1208   \n1209                   if response is None:\n1210                       status_code = 200' session_id=None response_headers=None status_code=None ssl_certificate=None


Failed to crawl: https://www.bolton.ac.uk/assets/Uploads/housing-guide.pdf
Result: url='https://www.bolton.ac.uk/assets/Uploads/housing-guide.pdf' html='' success=False cleaned_html=None media={} links={} downloaded_files=None screenshot=None pdf=None markdown=None markdown_v2=None fit_markdown=None fit_html=None extracted_content=None metadata=None error_message='Unexpected error in _crawl_web at line 1205 in _crawl_web (../../.pyenv/versions/3.12.6/lib/python3.12/site-packages/crawl4ai/async_crawler_strategy.py):\nError: Failed on navigating ACS-GOTO:\nPage.goto: net::ERR_FAILED at https://www.bolton.ac.uk/assets/Uploads/housing-guide.pdf\nCall log:\n  - navigating to "https://www.bolton.ac.uk/assets/Uploads/housing-guide.pdf", waiting until "domcontentloaded"\n\n\nCode context:\n1200   \n1201                       response = await page.goto(\n1202                           url, wait_until=config.wait_until, timeout=config.page_timeout\n1203                       )\n1204                   except Error as e:\n1205 →                     raise RuntimeError(f"Failed on navigating ACS-GOTO:\\n{str(e)}")\n1206   \n1207                   await self.execute_hook("after_goto", page, context=context, url=url, response=response)\n1208   \n1209                   if response is None:\n1210                       status_code = 200' session_id=None response_headers=None status_code=None ssl_certificate=None


Failed to crawl: https://www.bolton.ac.uk/student-life/sport-and-wellness/anderton-centre-outdoor-activities
Result: url='https://www.bolton.ac.uk/student-life/sport-and-wellness/anderton-centre-outdoor-activities' html='' success=False cleaned_html=None media={} links={} downloaded_files=None screenshot=None pdf=None markdown=None markdown_v2=None fit_markdown=None fit_html=None extracted_content=None metadata=None error_message='Unexpected error in _crawl_web at line 1205 in _crawl_web (../../.pyenv/versions/3.12.6/lib/python3.12/site-packages/crawl4ai/async_crawler_strategy.py):\nError: Failed on navigating ACS-GOTO:\nPage.goto: net::ERR_NAME_NOT_RESOLVED at https://www.bolton.ac.uk/student-life/sport-and-wellness/anderton-centre-outdoor-activities\nCall log:\n  - navigating to "https://www.bolton.ac.uk/student-life/sport-and-wellness/anderton-centre-outdoor-activities", waiting until "domcontentloaded"\n\n\nCode context:\n1200   \n1201                       response = await page.goto(\n1202                           url, wait_until=config.wait_until, timeout=config.page_timeout\n1203                       )\n1204                   except Error as e:\n1205 →                     raise RuntimeError(f"Failed on navigating ACS-GOTO:\\n{str(e)}")\n1206   \n1207                   await self.execute_hook("after_goto", page, context=context, url=url, response=response)\n1208   \n1209                   if response is None:\n1210                       status_code = 200' session_id=None response_headers=None status_code=None ssl_certificate=None


Failed to crawl: https://www.bolton.ac.uk/assets/Uploads/clubsport-handbook-.pdf
Result: url='https://www.bolton.ac.uk/assets/Uploads/clubsport-handbook-.pdf' html='' success=False cleaned_html=None media={} links={} downloaded_files=None screenshot=None pdf=None markdown=None markdown_v2=None fit_markdown=None fit_html=None extracted_content=None metadata=None error_message='Unexpected error in _crawl_web at line 1205 in _crawl_web (../../.pyenv/versions/3.12.6/lib/python3.12/site-packages/crawl4ai/async_crawler_strategy.py):\nError: Failed on navigating ACS-GOTO:\nPage.goto: net::ERR_FAILED at https://www.bolton.ac.uk/assets/Uploads/clubsport-handbook-.pdf\nCall log:\n  - navigating to "https://www.bolton.ac.uk/assets/Uploads/clubsport-handbook-.pdf", waiting until "domcontentloaded"\n\n\nCode context:\n1200   \n1201                       response = await page.goto(\n1202                           url, wait_until=config.wait_until, timeout=config.page_timeout\n1203                       )\n1204                   except Error as e:\n1205 →                     raise RuntimeError(f"Failed on navigating ACS-GOTO:\\n{str(e)}")\n1206   \n1207                   await self.execute_hook("after_goto", page, context=context, url=url, response=response)\n1208   \n1209                   if response is None:\n1210                       status_code = 200' session_id=None response_headers=None status_code=None ssl_certificate=None


Failed to crawl: https://www.bolton.ac.uk/assets/Hosted/Club-Sports-Insurance-Members-overview-BOUO01-2020-Elite-Cover-IPID-UK.pdf
Result: url='https://www.bolton.ac.uk/assets/Hosted/Club-Sports-Insurance-Members-overview-BOUO01-2020-Elite-Cover-IPID-UK.pdf' html='' success=False cleaned_html=None media={} links={} downloaded_files=None screenshot=None pdf=None markdown=None markdown_v2=None fit_markdown=None fit_html=None extracted_content=None metadata=None error_message='Unexpected error in _crawl_web at line 1205 in _crawl_web (../../.pyenv/versions/3.12.6/lib/python3.12/site-packages/crawl4ai/async_crawler_strategy.py):\nError: Failed on navigating ACS-GOTO:\nPage.goto: net::ERR_FAILED at https://www.bolton.ac.uk/assets/Hosted/Club-Sports-Insurance-Members-overview-BOUO01-2020-Elite-Cover-IPID-UK.pdf\nCall log:\n  - navigating to "https://www.bolton.ac.uk/assets/Hosted/Club-Sports-Insurance-Members-overview-BOUO01-2020-Elite-Cover-IPID-UK.pdf", waiting until "domcontentloaded"\n\n\nCode context:\n1200   \n1201                       response = await page.goto(\n1202                           url, wait_until=config.wait_until, timeout=config.page_timeout\n1203                       )\n1204                   except Error as e:\n1205 →                     raise RuntimeError(f"Failed on navigating ACS-GOTO:\\n{str(e)}")\n1206   \n1207                   await self.execute_hook("after_goto", page, context=context, url=url, response=response)\n1208   \n1209                   if response is None:\n1210                       status_code = 200' session_id=None response_headers=None status_code=None ssl_certificate=None


Failed to crawl: https://www.bolton.ac.uk/assets/Uploads/Club-Sport-Code-of-Conduct-v2.pdf
Result: url='https://www.bolton.ac.uk/assets/Uploads/Club-Sport-Code-of-Conduct-v2.pdf' html='' success=False cleaned_html=None media={} links={} downloaded_files=None screenshot=None pdf=None markdown=None markdown_v2=None fit_markdown=None fit_html=None extracted_content=None metadata=None error_message='Unexpected error in _crawl_web at line 1205 in _crawl_web (../../.pyenv/versions/3.12.6/lib/python3.12/site-packages/crawl4ai/async_crawler_strategy.py):\nError: Failed on navigating ACS-GOTO:\nPage.goto: net::ERR_FAILED at https://www.bolton.ac.uk/assets/Uploads/Club-Sport-Code-of-Conduct-v2.pdf\nCall log:\n  - navigating to "https://www.bolton.ac.uk/assets/Uploads/Club-Sport-Code-of-Conduct-v2.pdf", waiting until "domcontentloaded"\n\n\nCode context:\n1200   \n1201                       response = await page.goto(\n1202                           url, wait_until=config.wait_until, timeout=config.page_timeout\n1203                       )\n1204                   except Error as e:\n1205 →                     raise RuntimeError(f"Failed on navigating ACS-GOTO:\\n{str(e)}")\n1206   \n1207                   await self.execute_hook("after_goto", page, context=context, url=url, response=response)\n1208   \n1209                   if response is None:\n1210                       status_code = 200' session_id=None response_headers=None status_code=None ssl_certificate=None


Failed to crawl: https://www.bolton.ac.uk/assets/Uploads/Sports-centre-terms-and-conditions-of-use.pdf
Result: url='https://www.bolton.ac.uk/assets/Uploads/Sports-centre-terms-and-conditions-of-use.pdf' html='' success=False cleaned_html=None media={} links={} downloaded_files=None screenshot=None pdf=None markdown=None markdown_v2=None fit_markdown=None fit_html=None extracted_content=None metadata=None error_message='Unexpected error in _crawl_web at line 1205 in _crawl_web (../../.pyenv/versions/3.12.6/lib/python3.12/site-packages/crawl4ai/async_crawler_strategy.py):\nError: Failed on navigating ACS-GOTO:\nPage.goto: net::ERR_FAILED at https://www.bolton.ac.uk/assets/Uploads/Sports-centre-terms-and-conditions-of-use.pdf\nCall log:\n  - navigating to "https://www.bolton.ac.uk/assets/Uploads/Sports-centre-terms-and-conditions-of-use.pdf", waiting until "domcontentloaded"\n\n\nCode context:\n1200   \n1201                       response = await page.goto(\n1202                           url, wait_until=config.wait_until, timeout=config.page_timeout\n1203                       )\n1204                   except Error as e:\n1205 →                     raise RuntimeError(f"Failed on navigating ACS-GOTO:\\n{str(e)}")\n1206   \n1207                   await self.execute_hook("after_goto", page, context=context, url=url, response=response)\n1208   \n1209                   if response is None:\n1210                       status_code = 200' session_id=None response_headers=None status_code=None ssl_certificate=None


Failed to crawl: https://www.bolton.ac.uk/our-staff/prof-richard-horrocks
Result: url='https://www.bolton.ac.uk/our-staff/prof-richard-horrocks' html='' success=False cleaned_html=None media={} links={} downloaded_files=None screenshot=None pdf=None markdown=None markdown_v2=None fit_markdown=None fit_html=None extracted_content=None metadata=None error_message='Unexpected error in _crawl_web at line 1205 in _crawl_web (../../.pyenv/versions/3.12.6/lib/python3.12/site-packages/crawl4ai/async_crawler_strategy.py):\nError: Failed on navigating ACS-GOTO:\nPage.goto: net::ERR_NAME_NOT_RESOLVED at https://www.bolton.ac.uk/our-staff/prof-richard-horrocks\nCall log:\n  - navigating to "https://www.bolton.ac.uk/our-staff/prof-richard-horrocks", waiting until "domcontentloaded"\n\n\nCode context:\n1200   \n1201                       response = await page.goto(\n1202                           url, wait_until=config.wait_until, timeout=config.page_timeout\n1203                       )\n1204                   except Error as e:\n1205 →                     raise RuntimeError(f"Failed on navigating ACS-GOTO:\\n{str(e)}")\n1206   \n1207                   await self.execute_hook("after_goto", page, context=context, url=url, response=response)\n1208   \n1209                   if response is None:\n1210                       status_code = 200' session_id=None response_headers=None status_code=None ssl_certificate=None


Failed to crawl: https://www.bolton.ac.uk/our-staff/prof-baljinder-kandola
Result: url='https://www.bolton.ac.uk/our-staff/prof-baljinder-kandola' html='' success=False cleaned_html=None media={} links={} downloaded_files=None screenshot=None pdf=None markdown=None markdown_v2=None fit_markdown=None fit_html=None extracted_content=None metadata=None error_message='Unexpected error in _crawl_web at line 1205 in _crawl_web (../../.pyenv/versions/3.12.6/lib/python3.12/site-packages/crawl4ai/async_crawler_strategy.py):\nError: Failed on navigating ACS-GOTO:\nPage.goto: net::ERR_NAME_NOT_RESOLVED at https://www.bolton.ac.uk/our-staff/prof-baljinder-kandola\nCall log:\n  - navigating to "https://www.bolton.ac.uk/our-staff/prof-baljinder-kandola", waiting until "domcontentloaded"\n\n\nCode context:\n1200   \n1201                       response = await page.goto(\n1202                           url, wait_until=config.wait_until, timeout=config.page_timeout\n1203                       )\n1204                   except Error as e:\n1205 →                     raise RuntimeError(f"Failed on navigating ACS-GOTO:\\n{str(e)}")\n1206   \n1207                   await self.execute_hook("after_goto", page, context=context, url=url, response=response)\n1208   \n1209                   if response is None:\n1210                       status_code = 200' session_id=None response_headers=None status_code=None ssl_certificate=None


Failed to crawl: https://www.bolton.ac.uk/student-life/life-at-bolton/the-bolton-experience/support-services
Result: url='https://www.bolton.ac.uk/student-life/life-at-bolton/the-bolton-experience/support-services' html='' success=False cleaned_html=None media={} links={} downloaded_files=None screenshot=None pdf=None markdown=None markdown_v2=None fit_markdown=None fit_html=None extracted_content=None metadata=None error_message='Unexpected error in _crawl_web at line 1205 in _crawl_web (../../.pyenv/versions/3.12.6/lib/python3.12/site-packages/crawl4ai/async_crawler_strategy.py):\nError: Failed on navigating ACS-GOTO:\nPage.goto: net::ERR_NAME_NOT_RESOLVED at https://www.bolton.ac.uk/student-life/life-at-bolton/the-bolton-experience/support-services\nCall log:\n  - navigating to "https://www.bolton.ac.uk/student-life/life-at-bolton/the-bolton-experience/support-services", waiting until "domcontentloaded"\n\n\nCode context:\n1200   \n1201                       response = await page.goto(\n1202                           url, wait_until=config.wait_until, timeout=config.page_timeout\n1203                       )\n1204                   except Error as e:\n1205 →                     raise RuntimeError(f"Failed on navigating ACS-GOTO:\\n{str(e)}")\n1206   \n1207                   await self.execute_hook("after_goto", page, context=context, url=url, response=response)\n1208   \n1209                   if response is None:\n1210                       status_code = 200' session_id=None response_headers=None status_code=None ssl_certificate=None


Failed to crawl: https://www.bolton.ac.uk/student-life/careers-and-employability/interview-practice
Result: url='https://www.bolton.ac.uk/student-life/careers-and-employability/interview-practice' html='' success=False cleaned_html=None media={} links={} downloaded_files=None screenshot=None pdf=None markdown=None markdown_v2=None fit_markdown=None fit_html=None extracted_content=None metadata=None error_message='Unexpected error in _crawl_web at line 1205 in _crawl_web (../../.pyenv/versions/3.12.6/lib/python3.12/site-packages/crawl4ai/async_crawler_strategy.py):\nError: Failed on navigating ACS-GOTO:\nPage.goto: net::ERR_NAME_NOT_RESOLVED at https://www.bolton.ac.uk/student-life/careers-and-employability/interview-practice\nCall log:\n  - navigating to "https://www.bolton.ac.uk/student-life/careers-and-employability/interview-practice", waiting until "domcontentloaded"\n\n\nCode context:\n1200   \n1201                       response = await page.goto(\n1202                           url, wait_until=config.wait_until, timeout=config.page_timeout\n1203                       )\n1204                   except Error as e:\n1205 →                     raise RuntimeError(f"Failed on navigating ACS-GOTO:\\n{str(e)}")\n1206   \n1207                   await self.execute_hook("after_goto", page, context=context, url=url, response=response)\n1208   \n1209                   if response is None:\n1210                       status_code = 200' session_id=None response_headers=None status_code=None ssl_certificate=None


Failed to crawl: https://www.bolton.ac.uk/international/your-country-entry-requirements/ghanaian-students
Result: url='https://www.bolton.ac.uk/international/your-country-entry-requirements/ghanaian-students' html='' success=False cleaned_html=None media={} links={} downloaded_files=None screenshot=None pdf=None markdown=None markdown_v2=None fit_markdown=None fit_html=None extracted_content=None metadata=None error_message='Unexpected error in _crawl_web at line 1205 in _crawl_web (../../.pyenv/versions/3.12.6/lib/python3.12/site-packages/crawl4ai/async_crawler_strategy.py):\nError: Failed on navigating ACS-GOTO:\nPage.goto: net::ERR_INSUFFICIENT_RESOURCES at https://www.bolton.ac.uk/international/your-country-entry-requirements/ghanaian-students\nCall log:\n  - navigating to "https://www.bolton.ac.uk/international/your-country-entry-requirements/ghanaian-students", waiting until "domcontentloaded"\n\n\nCode context:\n1200   \n1201                       response = await page.goto(\n1202                           url, wait_until=config.wait_until, timeout=config.page_timeout\n1203                       )\n1204                   except Error as e:\n1205 →                     raise RuntimeError(f"Failed on navigating ACS-GOTO:\\n{str(e)}")\n1206   \n1207                   await self.execute_hook("after_goto", page, context=context, url=url, response=response)\n1208   \n1209                   if response is None:\n1210                       status_code = 200' session_id=None response_headers=None status_code=None ssl_certificate=None


Failed to crawl: https://www.bolton.ac.uk/international/your-country-entry-requirements/kenyan-students
Result: url='https://www.bolton.ac.uk/international/your-country-entry-requirements/kenyan-students' html='' success=False cleaned_html=None media={} links={} downloaded_files=None screenshot=None pdf=None markdown=None markdown_v2=None fit_markdown=None fit_html=None extracted_content=None metadata=None error_message='Unexpected error in _crawl_web at line 1205 in _crawl_web (../../.pyenv/versions/3.12.6/lib/python3.12/site-packages/crawl4ai/async_crawler_strategy.py):\nError: Failed on navigating ACS-GOTO:\nPage.goto: net::ERR_NAME_NOT_RESOLVED at https://www.bolton.ac.uk/international/your-country-entry-requirements/kenyan-students\nCall log:\n  - navigating to "https://www.bolton.ac.uk/international/your-country-entry-requirements/kenyan-students", waiting until "domcontentloaded"\n\n\nCode context:\n1200   \n1201                       response = await page.goto(\n1202                           url, wait_until=config.wait_until, timeout=config.page_timeout\n1203                       )\n1204                   except Error as e:\n1205 →                     raise RuntimeError(f"Failed on navigating ACS-GOTO:\\n{str(e)}")\n1206   \n1207                   await self.execute_hook("after_goto", page, context=context, url=url, response=response)\n1208   \n1209                   if response is None:\n1210                       status_code = 200' session_id=None response_headers=None status_code=None ssl_certificate=None


Failed to crawl: https://www.bolton.ac.uk/international/your-country-entry-requirements/mauritian-students
Result: url='https://www.bolton.ac.uk/international/your-country-entry-requirements/mauritian-students' html='' success=False cleaned_html=None media={} links={} downloaded_files=None screenshot=None pdf=None markdown=None markdown_v2=None fit_markdown=None fit_html=None extracted_content=None metadata=None error_message='Unexpected error in _crawl_web at line 1205 in _crawl_web (../../.pyenv/versions/3.12.6/lib/python3.12/site-packages/crawl4ai/async_crawler_strategy.py):\nError: Failed on navigating ACS-GOTO:\nPage.goto: net::ERR_NAME_NOT_RESOLVED at https://www.bolton.ac.uk/international/your-country-entry-requirements/mauritian-students\nCall log:\n  - navigating to "https://www.bolton.ac.uk/international/your-country-entry-requirements/mauritian-students", waiting until "domcontentloaded"\n\n\nCode context:\n1200   \n1201                       response = await page.goto(\n1202                           url, wait_until=config.wait_until, timeout=config.page_timeout\n1203                       )\n1204                   except Error as e:\n1205 →                     raise RuntimeError(f"Failed on navigating ACS-GOTO:\\n{str(e)}")\n1206   \n1207                   await self.execute_hook("after_goto", page, context=context, url=url, response=response)\n1208   \n1209                   if response is None:\n1210                       status_code = 200' session_id=None response_headers=None status_code=None ssl_certificate=None


Failed to crawl: https://www.bolton.ac.uk/international/your-country-entry-requirements/nigeria-contacts
Result: url='https://www.bolton.ac.uk/international/your-country-entry-requirements/nigeria-contacts' html='' success=False cleaned_html=None media={} links={} downloaded_files=None screenshot=None pdf=None markdown=None markdown_v2=None fit_markdown=None fit_html=None extracted_content=None metadata=None error_message='Unexpected error in _crawl_web at line 1205 in _crawl_web (../../.pyenv/versions/3.12.6/lib/python3.12/site-packages/crawl4ai/async_crawler_strategy.py):\nError: Failed on navigating ACS-GOTO:\nPage.goto: net::ERR_NAME_NOT_RESOLVED at https://www.bolton.ac.uk/international/your-country-entry-requirements/nigeria-contacts\nCall log:\n  - navigating to "https://www.bolton.ac.uk/international/your-country-entry-requirements/nigeria-contacts", waiting until "domcontentloaded"\n\n\nCode context:\n1200   \n1201                       response = await page.goto(\n1202                           url, wait_until=config.wait_until, timeout=config.page_timeout\n1203                       )\n1204                   except Error as e:\n1205 →                     raise RuntimeError(f"Failed on navigating ACS-GOTO:\\n{str(e)}")\n1206   \n1207                   await self.execute_hook("after_goto", page, context=context, url=url, response=response)\n1208   \n1209                   if response is None:\n1210                       status_code = 200' session_id=None response_headers=None status_code=None ssl_certificate=None


Failed to crawl: https://www.bolton.ac.uk/international/your-country-entry-requirements/tanzanian-students
Result: url='https://www.bolton.ac.uk/international/your-country-entry-requirements/tanzanian-students' html='' success=False cleaned_html=None media={} links={} downloaded_files=None screenshot=None pdf=None markdown=None markdown_v2=None fit_markdown=None fit_html=None extracted_content=None metadata=None error_message='Unexpected error in _crawl_web at line 1205 in _crawl_web (../../.pyenv/versions/3.12.6/lib/python3.12/site-packages/crawl4ai/async_crawler_strategy.py):\nError: Failed on navigating ACS-GOTO:\nPage.goto: net::ERR_NAME_NOT_RESOLVED at https://www.bolton.ac.uk/international/your-country-entry-requirements/tanzanian-students\nCall log:\n  - navigating to "https://www.bolton.ac.uk/international/your-country-entry-requirements/tanzanian-students", waiting until "domcontentloaded"\n\n\nCode context:\n1200   \n1201                       response = await page.goto(\n1202                           url, wait_until=config.wait_until, timeout=config.page_timeout\n1203                       )\n1204                   except Error as e:\n1205 →                     raise RuntimeError(f"Failed on navigating ACS-GOTO:\\n{str(e)}")\n1206   \n1207                   await self.execute_hook("after_goto", page, context=context, url=url, response=response)\n1208   \n1209                   if response is None:\n1210                       status_code = 200' session_id=None response_headers=None status_code=None ssl_certificate=None


Failed to crawl: https://www.bolton.ac.uk/international/your-country-entry-requirements/bahrainian-students
Result: url='https://www.bolton.ac.uk/international/your-country-entry-requirements/bahrainian-students' html='' success=False cleaned_html=None media={} links={} downloaded_files=None screenshot=None pdf=None markdown=None markdown_v2=None fit_markdown=None fit_html=None extracted_content=None metadata=None error_message='Unexpected error in _crawl_web at line 1205 in _crawl_web (../../.pyenv/versions/3.12.6/lib/python3.12/site-packages/crawl4ai/async_crawler_strategy.py):\nError: Failed on navigating ACS-GOTO:\nPage.goto: net::ERR_INSUFFICIENT_RESOURCES at https://www.bolton.ac.uk/international/your-country-entry-requirements/bahrainian-students\nCall log:\n  - navigating to "https://www.bolton.ac.uk/international/your-country-entry-requirements/bahrainian-students", waiting until "domcontentloaded"\n\n\nCode context:\n1200   \n1201                       response = await page.goto(\n1202                           url, wait_until=config.wait_until, timeout=config.page_timeout\n1203                       )\n1204                   except Error as e:\n1205 →                     raise RuntimeError(f"Failed on navigating ACS-GOTO:\\n{str(e)}")\n1206   \n1207                   await self.execute_hook("after_goto", page, context=context, url=url, response=response)\n1208   \n1209                   if response is None:\n1210                       status_code = 200' session_id=None response_headers=None status_code=None ssl_certificate=None


Failed to crawl: https://www.bolton.ac.uk/international/your-country-entry-requirements/bangladesh-contacts
Result: url='https://www.bolton.ac.uk/international/your-country-entry-requirements/bangladesh-contacts' html='' success=False cleaned_html=None media={} links={} downloaded_files=None screenshot=None pdf=None markdown=None markdown_v2=None fit_markdown=None fit_html=None extracted_content=None metadata=None error_message='Unexpected error in _crawl_web at line 1205 in _crawl_web (../../.pyenv/versions/3.12.6/lib/python3.12/site-packages/crawl4ai/async_crawler_strategy.py):\nError: Failed on navigating ACS-GOTO:\nPage.goto: net::ERR_NAME_NOT_RESOLVED at https://www.bolton.ac.uk/international/your-country-entry-requirements/bangladesh-contacts\nCall log:\n  - navigating to "https://www.bolton.ac.uk/international/your-country-entry-requirements/bangladesh-contacts", waiting until "domcontentloaded"\n\n\nCode context:\n1200   \n1201                       response = await page.goto(\n1202                           url, wait_until=config.wait_until, timeout=config.page_timeout\n1203                       )\n1204                   except Error as e:\n1205 →                     raise RuntimeError(f"Failed on navigating ACS-GOTO:\\n{str(e)}")\n1206   \n1207                   await self.execute_hook("after_goto", page, context=context, url=url, response=response)\n1208   \n1209                   if response is None:\n1210                       status_code = 200' session_id=None response_headers=None status_code=None ssl_certificate=None


Failed to crawl: https://www.bolton.ac.uk/international/your-country-entry-requirements/india-contacts
Result: url='https://www.bolton.ac.uk/international/your-country-entry-requirements/india-contacts' html='' success=False cleaned_html=None media={} links={} downloaded_files=None screenshot=None pdf=None markdown=None markdown_v2=None fit_markdown=None fit_html=None extracted_content=None metadata=None error_message='Unexpected error in _crawl_web at line 1205 in _crawl_web (../../.pyenv/versions/3.12.6/lib/python3.12/site-packages/crawl4ai/async_crawler_strategy.py):\nError: Failed on navigating ACS-GOTO:\nPage.goto: net::ERR_NAME_NOT_RESOLVED at https://www.bolton.ac.uk/international/your-country-entry-requirements/india-contacts\nCall log:\n  - navigating to "https://www.bolton.ac.uk/international/your-country-entry-requirements/india-contacts", waiting until "domcontentloaded"\n\n\nCode context:\n1200   \n1201                       response = await page.goto(\n1202                           url, wait_until=config.wait_until, timeout=config.page_timeout\n1203                       )\n1204                   except Error as e:\n1205 →                     raise RuntimeError(f"Failed on navigating ACS-GOTO:\\n{str(e)}")\n1206   \n1207                   await self.execute_hook("after_goto", page, context=context, url=url, response=response)\n1208   \n1209                   if response is None:\n1210                       status_code = 200' session_id=None response_headers=None status_code=None ssl_certificate=None


Failed to crawl: https://www.bolton.ac.uk/international/your-country-entry-requirements/indonesian-contacts
Result: url='https://www.bolton.ac.uk/international/your-country-entry-requirements/indonesian-contacts' html='' success=False cleaned_html=None media={} links={} downloaded_files=None screenshot=None pdf=None markdown=None markdown_v2=None fit_markdown=None fit_html=None extracted_content=None metadata=None error_message='Unexpected error in _crawl_web at line 1205 in _crawl_web (../../.pyenv/versions/3.12.6/lib/python3.12/site-packages/crawl4ai/async_crawler_strategy.py):\nError: Failed on navigating ACS-GOTO:\nPage.goto: net::ERR_NAME_NOT_RESOLVED at https://www.bolton.ac.uk/international/your-country-entry-requirements/indonesian-contacts\nCall log:\n  - navigating to "https://www.bolton.ac.uk/international/your-country-entry-requirements/indonesian-contacts", waiting until "domcontentloaded"\n\n\nCode context:\n1200   \n1201                       response = await page.goto(\n1202                           url, wait_until=config.wait_until, timeout=config.page_timeout\n1203                       )\n1204                   except Error as e:\n1205 →                     raise RuntimeError(f"Failed on navigating ACS-GOTO:\\n{str(e)}")\n1206   \n1207                   await self.execute_hook("after_goto", page, context=context, url=url, response=response)\n1208   \n1209                   if response is None:\n1210                       status_code = 200' session_id=None response_headers=None status_code=None ssl_certificate=None


Failed to crawl: https://www.bolton.ac.uk/international/your-country-entry-requirements/kuwait-contacts
Result: url='https://www.bolton.ac.uk/international/your-country-entry-requirements/kuwait-contacts' html='' success=False cleaned_html=None media={} links={} downloaded_files=None screenshot=None pdf=None markdown=None markdown_v2=None fit_markdown=None fit_html=None extracted_content=None metadata=None error_message='Unexpected error in _crawl_web at line 1205 in _crawl_web (../../.pyenv/versions/3.12.6/lib/python3.12/site-packages/crawl4ai/async_crawler_strategy.py):\nError: Failed on navigating ACS-GOTO:\nPage.goto: net::ERR_NAME_NOT_RESOLVED at https://www.bolton.ac.uk/international/your-country-entry-requirements/kuwait-contacts\nCall log:\n  - navigating to "https://www.bolton.ac.uk/international/your-country-entry-requirements/kuwait-contacts", waiting until "domcontentloaded"\n\n\nCode context:\n1200   \n1201                       response = await page.goto(\n1202                           url, wait_until=config.wait_until, timeout=config.page_timeout\n1203                       )\n1204                   except Error as e:\n1205 →                     raise RuntimeError(f"Failed on navigating ACS-GOTO:\\n{str(e)}")\n1206   \n1207                   await self.execute_hook("after_goto", page, context=context, url=url, response=response)\n1208   \n1209                   if response is None:\n1210                       status_code = 200' session_id=None response_headers=None status_code=None ssl_certificate=None


Failed to crawl: https://www.bolton.ac.uk/international/your-country-entry-requirements/latvia-contacts
Result: url='https://www.bolton.ac.uk/international/your-country-entry-requirements/latvia-contacts' html='' success=False cleaned_html=None media={} links={} downloaded_files=None screenshot=None pdf=None markdown=None markdown_v2=None fit_markdown=None fit_html=None extracted_content=None metadata=None error_message='Unexpected error in _crawl_web at line 1205 in _crawl_web (../../.pyenv/versions/3.12.6/lib/python3.12/site-packages/crawl4ai/async_crawler_strategy.py):\nError: Failed on navigating ACS-GOTO:\nPage.goto: net::ERR_NAME_NOT_RESOLVED at https://www.bolton.ac.uk/international/your-country-entry-requirements/latvia-contacts\nCall log:\n  - navigating to "https://www.bolton.ac.uk/international/your-country-entry-requirements/latvia-contacts", waiting until "domcontentloaded"\n\n\nCode context:\n1200   \n1201                       response = await page.goto(\n1202                           url, wait_until=config.wait_until, timeout=config.page_timeout\n1203                       )\n1204                   except Error as e:\n1205 →                     raise RuntimeError(f"Failed on navigating ACS-GOTO:\\n{str(e)}")\n1206   \n1207                   await self.execute_hook("after_goto", page, context=context, url=url, response=response)\n1208   \n1209                   if response is None:\n1210                       status_code = 200' session_id=None response_headers=None status_code=None ssl_certificate=None


Failed to crawl: https://www.bolton.ac.uk/international/your-country-entry-requirements/lithuania-contacts
Result: url='https://www.bolton.ac.uk/international/your-country-entry-requirements/lithuania-contacts' html='' success=False cleaned_html=None media={} links={} downloaded_files=None screenshot=None pdf=None markdown=None markdown_v2=None fit_markdown=None fit_html=None extracted_content=None metadata=None error_message='Unexpected error in _crawl_web at line 1205 in _crawl_web (../../.pyenv/versions/3.12.6/lib/python3.12/site-packages/crawl4ai/async_crawler_strategy.py):\nError: Failed on navigating ACS-GOTO:\nPage.goto: net::ERR_INSUFFICIENT_RESOURCES at https://www.bolton.ac.uk/international/your-country-entry-requirements/lithuania-contacts\nCall log:\n  - navigating to "https://www.bolton.ac.uk/international/your-country-entry-requirements/lithuania-contacts", waiting until "domcontentloaded"\n\n\nCode context:\n1200   \n1201                       response = await page.goto(\n1202                           url, wait_until=config.wait_until, timeout=config.page_timeout\n1203                       )\n1204                   except Error as e:\n1205 →                     raise RuntimeError(f"Failed on navigating ACS-GOTO:\\n{str(e)}")\n1206   \n1207                   await self.execute_hook("after_goto", page, context=context, url=url, response=response)\n1208   \n1209                   if response is None:\n1210                       status_code = 200' session_id=None response_headers=None status_code=None ssl_certificate=None


Failed to crawl: https://www.bolton.ac.uk/international/your-country-entry-requirements/luxembourgian-students
Result: url='https://www.bolton.ac.uk/international/your-country-entry-requirements/luxembourgian-students' html='' success=False cleaned_html=None media={} links={} downloaded_files=None screenshot=None pdf=None markdown=None markdown_v2=None fit_markdown=None fit_html=None extracted_content=None metadata=None error_message='Unexpected error in _crawl_web at line 1205 in _crawl_web (../../.pyenv/versions/3.12.6/lib/python3.12/site-packages/crawl4ai/async_crawler_strategy.py):\nError: Failed on navigating ACS-GOTO:\nPage.goto: net::ERR_NAME_NOT_RESOLVED at https://www.bolton.ac.uk/international/your-country-entry-requirements/luxembourgian-students\nCall log:\n  - navigating to "https://www.bolton.ac.uk/international/your-country-entry-requirements/luxembourgian-students", waiting until "domcontentloaded"\n\n\nCode context:\n1200   \n1201                       response = await page.goto(\n1202                           url, wait_until=config.wait_until, timeout=config.page_timeout\n1203                       )\n1204                   except Error as e:\n1205 →                     raise RuntimeError(f"Failed on navigating ACS-GOTO:\\n{str(e)}")\n1206   \n1207                   await self.execute_hook("after_goto", page, context=context, url=url, response=response)\n1208   \n1209                   if response is None:\n1210                       status_code = 200' session_id=None response_headers=None status_code=None ssl_certificate=None


Failed to crawl: https://www.bolton.ac.uk/international/your-country-entry-requirements/norwegian-students
Result: url='https://www.bolton.ac.uk/international/your-country-entry-requirements/norwegian-students' html='' success=False cleaned_html=None media={} links={} downloaded_files=None screenshot=None pdf=None markdown=None markdown_v2=None fit_markdown=None fit_html=None extracted_content=None metadata=None error_message='Unexpected error in _crawl_web at line 1205 in _crawl_web (../../.pyenv/versions/3.12.6/lib/python3.12/site-packages/crawl4ai/async_crawler_strategy.py):\nError: Failed on navigating ACS-GOTO:\nPage.goto: net::ERR_NAME_NOT_RESOLVED at https://www.bolton.ac.uk/international/your-country-entry-requirements/norwegian-students\nCall log:\n  - navigating to "https://www.bolton.ac.uk/international/your-country-entry-requirements/norwegian-students", waiting until "domcontentloaded"\n\n\nCode context:\n1200   \n1201                       response = await page.goto(\n1202                           url, wait_until=config.wait_until, timeout=config.page_timeout\n1203                       )\n1204                   except Error as e:\n1205 →                     raise RuntimeError(f"Failed on navigating ACS-GOTO:\\n{str(e)}")\n1206   \n1207                   await self.execute_hook("after_goto", page, context=context, url=url, response=response)\n1208   \n1209                   if response is None:\n1210                       status_code = 200' session_id=None response_headers=None status_code=None ssl_certificate=None


Failed to crawl: https://www.bolton.ac.uk/international/your-country-entry-requirements/swedish-students
Result: url='https://www.bolton.ac.uk/international/your-country-entry-requirements/swedish-students' html='' success=False cleaned_html=None media={} links={} downloaded_files=None screenshot=None pdf=None markdown=None markdown_v2=None fit_markdown=None fit_html=None extracted_content=None metadata=None error_message='Unexpected error in _crawl_web at line 1205 in _crawl_web (../../.pyenv/versions/3.12.6/lib/python3.12/site-packages/crawl4ai/async_crawler_strategy.py):\nError: Failed on navigating ACS-GOTO:\nPage.goto: net::ERR_NAME_NOT_RESOLVED at https://www.bolton.ac.uk/international/your-country-entry-requirements/swedish-students\nCall log:\n  - navigating to "https://www.bolton.ac.uk/international/your-country-entry-requirements/swedish-students", waiting until "domcontentloaded"\n\n\nCode context:\n1200   \n1201                       response = await page.goto(\n1202                           url, wait_until=config.wait_until, timeout=config.page_timeout\n1203                       )\n1204                   except Error as e:\n1205 →                     raise RuntimeError(f"Failed on navigating ACS-GOTO:\\n{str(e)}")\n1206   \n1207                   await self.execute_hook("after_goto", page, context=context, url=url, response=response)\n1208   \n1209                   if response is None:\n1210                       status_code = 200' session_id=None response_headers=None status_code=None ssl_certificate=None


Failed to crawl: https://www.bolton.ac.uk/our-staff/martin-sinclair
Result: url='https://www.bolton.ac.uk/our-staff/martin-sinclair' html='' success=False cleaned_html=None media={} links={} downloaded_files=None screenshot=None pdf=None markdown=None markdown_v2=None fit_markdown=None fit_html=None extracted_content=None metadata=None error_message='Unexpected error in _crawl_web at line 1205 in _crawl_web (../../.pyenv/versions/3.12.6/lib/python3.12/site-packages/crawl4ai/async_crawler_strategy.py):\nError: Failed on navigating ACS-GOTO:\nPage.goto: net::ERR_NAME_NOT_RESOLVED at https://www.bolton.ac.uk/our-staff/martin-sinclair\nCall log:\n  - navigating to "https://www.bolton.ac.uk/our-staff/martin-sinclair", waiting until "domcontentloaded"\n\n\nCode context:\n1200   \n1201                       response = await page.goto(\n1202                           url, wait_until=config.wait_until, timeout=config.page_timeout\n1203                       )\n1204                   except Error as e:\n1205 →                     raise RuntimeError(f"Failed on navigating ACS-GOTO:\\n{str(e)}")\n1206   \n1207                   await self.execute_hook("after_goto", page, context=context, url=url, response=response)\n1208   \n1209                   if response is None:\n1210                       status_code = 200' session_id=None response_headers=None status_code=None ssl_certificate=None


Failed to crawl: https://www.bolton.ac.uk/assets/Uploads/Leeming-Lecture-A-Day-of-Death-Investigation.pdf
Result: url='https://www.bolton.ac.uk/assets/Uploads/Leeming-Lecture-A-Day-of-Death-Investigation.pdf' html='' success=False cleaned_html=None media={} links={} downloaded_files=None screenshot=None pdf=None markdown=None markdown_v2=None fit_markdown=None fit_html=None extracted_content=None metadata=None error_message='Unexpected error in _crawl_web at line 1205 in _crawl_web (../../.pyenv/versions/3.12.6/lib/python3.12/site-packages/crawl4ai/async_crawler_strategy.py):\nError: Failed on navigating ACS-GOTO:\nPage.goto: net::ERR_FAILED at https://www.bolton.ac.uk/assets/Uploads/Leeming-Lecture-A-Day-of-Death-Investigation.pdf\nCall log:\n  - navigating to "https://www.bolton.ac.uk/assets/Uploads/Leeming-Lecture-A-Day-of-Death-Investigation.pdf", waiting until "domcontentloaded"\n\n\nCode context:\n1200   \n1201                       response = await page.goto(\n1202                           url, wait_until=config.wait_until, timeout=config.page_timeout\n1203                       )\n1204                   except Error as e:\n1205 →                     raise RuntimeError(f"Failed on navigating ACS-GOTO:\\n{str(e)}")\n1206   \n1207                   await self.execute_hook("after_goto", page, context=context, url=url, response=response)\n1208   \n1209                   if response is None:\n1210                       status_code = 200' session_id=None response_headers=None status_code=None ssl_certificate=None


Failed to crawl: https://www.bolton.ac.uk/our-staff/prof-vince-ramprogus
Result: url='https://www.bolton.ac.uk/our-staff/prof-vince-ramprogus' html='' success=False cleaned_html=None media={} links={} downloaded_files=None screenshot=None pdf=None markdown=None markdown_v2=None fit_markdown=None fit_html=None extracted_content=None metadata=None error_message='Unexpected error in _crawl_web at line 1205 in _crawl_web (../../.pyenv/versions/3.12.6/lib/python3.12/site-packages/crawl4ai/async_crawler_strategy.py):\nError: Failed on navigating ACS-GOTO:\nPage.goto: net::ERR_INSUFFICIENT_RESOURCES at https://www.bolton.ac.uk/our-staff/prof-vince-ramprogus\nCall log:\n  - navigating to "https://www.bolton.ac.uk/our-staff/prof-vince-ramprogus", waiting until "domcontentloaded"\n\n\nCode context:\n1200   \n1201                       response = await page.goto(\n1202                           url, wait_until=config.wait_until, timeout=config.page_timeout\n1203                       )\n1204                   except Error as e:\n1205 →                     raise RuntimeError(f"Failed on navigating ACS-GOTO:\\n{str(e)}")\n1206   \n1207                   await self.execute_hook("after_goto", page, context=context, url=url, response=response)\n1208   \n1209                   if response is None:\n1210                       status_code = 200' session_id=None response_headers=None status_code=None ssl_certificate=None


Failed to crawl: https://www.bolton.ac.uk/our-staff/dr-jane-howarth
Result: url='https://www.bolton.ac.uk/our-staff/dr-jane-howarth' html='' success=False cleaned_html=None media={} links={} downloaded_files=None screenshot=None pdf=None markdown=None markdown_v2=None fit_markdown=None fit_html=None extracted_content=None metadata=None error_message='Unexpected error in _crawl_web at line 1205 in _crawl_web (../../.pyenv/versions/3.12.6/lib/python3.12/site-packages/crawl4ai/async_crawler_strategy.py):\nError: Failed on navigating ACS-GOTO:\nPage.goto: net::ERR_NAME_NOT_RESOLVED at https://www.bolton.ac.uk/our-staff/dr-jane-howarth\nCall log:\n  - navigating to "https://www.bolton.ac.uk/our-staff/dr-jane-howarth", waiting until "domcontentloaded"\n\n\nCode context:\n1200   \n1201                       response = await page.goto(\n1202                           url, wait_until=config.wait_until, timeout=config.page_timeout\n1203                       )\n1204                   except Error as e:\n1205 →                     raise RuntimeError(f"Failed on navigating ACS-GOTO:\\n{str(e)}")\n1206   \n1207                   await self.execute_hook("after_goto", page, context=context, url=url, response=response)\n1208   \n1209                   if response is None:\n1210                       status_code = 200' session_id=None response_headers=None status_code=None ssl_certificate=None


Failed to crawl: https://www.bolton.ac.uk/our-staff/dr-peter-swain
Result: url='https://www.bolton.ac.uk/our-staff/dr-peter-swain' html='' success=False cleaned_html=None media={} links={} downloaded_files=None screenshot=None pdf=None markdown=None markdown_v2=None fit_markdown=None fit_html=None extracted_content=None metadata=None error_message='Unexpected error in _crawl_web at line 1205 in _crawl_web (../../.pyenv/versions/3.12.6/lib/python3.12/site-packages/crawl4ai/async_crawler_strategy.py):\nError: Failed on navigating ACS-GOTO:\nPage.goto: net::ERR_NAME_NOT_RESOLVED at https://www.bolton.ac.uk/our-staff/dr-peter-swain\nCall log:\n  - navigating to "https://www.bolton.ac.uk/our-staff/dr-peter-swain", waiting until "domcontentloaded"\n\n\nCode context:\n1200   \n1201                       response = await page.goto(\n1202                           url, wait_until=config.wait_until, timeout=config.page_timeout\n1203                       )\n1204                   except Error as e:\n1205 →                     raise RuntimeError(f"Failed on navigating ACS-GOTO:\\n{str(e)}")\n1206   \n1207                   await self.execute_hook("after_goto", page, context=context, url=url, response=response)\n1208   \n1209                   if response is None:\n1210                       status_code = 200' session_id=None response_headers=None status_code=None ssl_certificate=None


Failed to crawl: https://www.bolton.ac.uk/our-staff/sandie-mchugh
Result: url='https://www.bolton.ac.uk/our-staff/sandie-mchugh' html='' success=False cleaned_html=None media={} links={} downloaded_files=None screenshot=None pdf=None markdown=None markdown_v2=None fit_markdown=None fit_html=None extracted_content=None metadata=None error_message='Unexpected error in _crawl_web at line 1205 in _crawl_web (../../.pyenv/versions/3.12.6/lib/python3.12/site-packages/crawl4ai/async_crawler_strategy.py):\nError: Failed on navigating ACS-GOTO:\nPage.goto: net::ERR_NAME_NOT_RESOLVED at https://www.bolton.ac.uk/our-staff/sandie-mchugh\nCall log:\n  - navigating to "https://www.bolton.ac.uk/our-staff/sandie-mchugh", waiting until "domcontentloaded"\n\n\nCode context:\n1200   \n1201                       response = await page.goto(\n1202                           url, wait_until=config.wait_until, timeout=config.page_timeout\n1203                       )\n1204                   except Error as e:\n1205 →                     raise RuntimeError(f"Failed on navigating ACS-GOTO:\\n{str(e)}")\n1206   \n1207                   await self.execute_hook("after_goto", page, context=context, url=url, response=response)\n1208   \n1209                   if response is None:\n1210                       status_code = 200' session_id=None response_headers=None status_code=None ssl_certificate=None


Failed to crawl: https://www.bolton.ac.uk/news/inside-boltons-new-40m-college-of-medical-sciences
Result: url='https://www.bolton.ac.uk/news/inside-boltons-new-40m-college-of-medical-sciences' html='' success=False cleaned_html=None media={} links={} downloaded_files=None screenshot=None pdf=None markdown=None markdown_v2=None fit_markdown=None fit_html=None extracted_content=None metadata=None error_message='Unexpected error in _crawl_web at line 1205 in _crawl_web (../../.pyenv/versions/3.12.6/lib/python3.12/site-packages/crawl4ai/async_crawler_strategy.py):\nError: Failed on navigating ACS-GOTO:\nPage.goto: net::ERR_NAME_NOT_RESOLVED at https://www.bolton.ac.uk/news/inside-boltons-new-40m-college-of-medical-sciences\nCall log:\n  - navigating to "https://www.bolton.ac.uk/news/inside-boltons-new-40m-college-of-medical-sciences", waiting until "domcontentloaded"\n\n\nCode context:\n1200   \n1201                       response = await page.goto(\n1202                           url, wait_until=config.wait_until, timeout=config.page_timeout\n1203                       )\n1204                   except Error as e:\n1205 →                     raise RuntimeError(f"Failed on navigating ACS-GOTO:\\n{str(e)}")\n1206   \n1207                   await self.execute_hook("after_goto", page, context=context, url=url, response=response)\n1208   \n1209                   if response is None:\n1210                       status_code = 200' session_id=None response_headers=None status_code=None ssl_certificate=None


Failed to crawl: https://www.bolton.ac.uk/visit-us/events/nursing-open-evening-190723
Result: url='https://www.bolton.ac.uk/visit-us/events/nursing-open-evening-190723' html='' success=False cleaned_html=None media={} links={} downloaded_files=None screenshot=None pdf=None markdown=None markdown_v2=None fit_markdown=None fit_html=None extracted_content=None metadata=None error_message='Unexpected error in _crawl_web at line 1205 in _crawl_web (../../.pyenv/versions/3.12.6/lib/python3.12/site-packages/crawl4ai/async_crawler_strategy.py):\nError: Failed on navigating ACS-GOTO:\nPage.goto: net::ERR_NAME_NOT_RESOLVED at https://www.bolton.ac.uk/visit-us/events/nursing-open-evening-190723\nCall log:\n  - navigating to "https://www.bolton.ac.uk/visit-us/events/nursing-open-evening-190723", waiting until "domcontentloaded"\n\n\nCode context:\n1200   \n1201                       response = await page.goto(\n1202                           url, wait_until=config.wait_until, timeout=config.page_timeout\n1203                       )\n1204                   except Error as e:\n1205 →                     raise RuntimeError(f"Failed on navigating ACS-GOTO:\\n{str(e)}")\n1206   \n1207                   await self.execute_hook("after_goto", page, context=context, url=url, response=response)\n1208   \n1209                   if response is None:\n1210                       status_code = 200' session_id=None response_headers=None status_code=None ssl_certificate=None


Failed to crawl: https://www.bolton.ac.uk/visit-us/events/nursing-open-evening-050723
Result: url='https://www.bolton.ac.uk/visit-us/events/nursing-open-evening-050723' html='' success=False cleaned_html=None media={} links={} downloaded_files=None screenshot=None pdf=None markdown=None markdown_v2=None fit_markdown=None fit_html=None extracted_content=None metadata=None error_message='Unexpected error in _crawl_web at line 1205 in _crawl_web (../../.pyenv/versions/3.12.6/lib/python3.12/site-packages/crawl4ai/async_crawler_strategy.py):\nError: Failed on navigating ACS-GOTO:\nPage.goto: net::ERR_NAME_NOT_RESOLVED at https://www.bolton.ac.uk/visit-us/events/nursing-open-evening-050723\nCall log:\n  - navigating to "https://www.bolton.ac.uk/visit-us/events/nursing-open-evening-050723", waiting until "domcontentloaded"\n\n\nCode context:\n1200   \n1201                       response = await page.goto(\n1202                           url, wait_until=config.wait_until, timeout=config.page_timeout\n1203                       )\n1204                   except Error as e:\n1205 →                     raise RuntimeError(f"Failed on navigating ACS-GOTO:\\n{str(e)}")\n1206   \n1207                   await self.execute_hook("after_goto", page, context=context, url=url, response=response)\n1208   \n1209                   if response is None:\n1210                       status_code = 200' session_id=None response_headers=None status_code=None ssl_certificate=None


Failed to crawl: https://www.bolton.ac.uk/visit-us/events/icn-quarterly-meeting
Result: url='https://www.bolton.ac.uk/visit-us/events/icn-quarterly-meeting' html='' success=False cleaned_html=None media={} links={} downloaded_files=None screenshot=None pdf=None markdown=None markdown_v2=None fit_markdown=None fit_html=None extracted_content=None metadata=None error_message='Unexpected error in _crawl_web at line 1205 in _crawl_web (../../.pyenv/versions/3.12.6/lib/python3.12/site-packages/crawl4ai/async_crawler_strategy.py):\nError: Failed on navigating ACS-GOTO:\nPage.goto: net::ERR_NAME_NOT_RESOLVED at https://www.bolton.ac.uk/visit-us/events/icn-quarterly-meeting\nCall log:\n  - navigating to "https://www.bolton.ac.uk/visit-us/events/icn-quarterly-meeting", waiting until "domcontentloaded"\n\n\nCode context:\n1200   \n1201                       response = await page.goto(\n1202                           url, wait_until=config.wait_until, timeout=config.page_timeout\n1203                       )\n1204                   except Error as e:\n1205 →                     raise RuntimeError(f"Failed on navigating ACS-GOTO:\\n{str(e)}")\n1206   \n1207                   await self.execute_hook("after_goto", page, context=context, url=url, response=response)\n1208   \n1209                   if response is None:\n1210                       status_code = 200' session_id=None response_headers=None status_code=None ssl_certificate=None


Failed to crawl: https://www.bolton.ac.uk/visit-us/events/masters-in-education-at-the-university-of-bolton-all-you-need-to-know
Result: url='https://www.bolton.ac.uk/visit-us/events/masters-in-education-at-the-university-of-bolton-all-you-need-to-know' html='' success=False cleaned_html=None media={} links={} downloaded_files=None screenshot=None pdf=None markdown=None markdown_v2=None fit_markdown=None fit_html=None extracted_content=None metadata=None error_message='Unexpected error in _crawl_web at line 1205 in _crawl_web (../../.pyenv/versions/3.12.6/lib/python3.12/site-packages/crawl4ai/async_crawler_strategy.py):\nError: Failed on navigating ACS-GOTO:\nPage.goto: net::ERR_NAME_NOT_RESOLVED at https://www.bolton.ac.uk/visit-us/events/masters-in-education-at-the-university-of-bolton-all-you-need-to-know\nCall log:\n  - navigating to "https://www.bolton.ac.uk/visit-us/events/masters-in-education-at-the-university-of-bolton-all-you-need-to-know", waiting until "domcontentloaded"\n\n\nCode context:\n1200   \n1201                       response = await page.goto(\n1202                           url, wait_until=config.wait_until, timeout=config.page_timeout\n1203                       )\n1204                   except Error as e:\n1205 →                     raise RuntimeError(f"Failed on navigating ACS-GOTO:\\n{str(e)}")\n1206   \n1207                   await self.execute_hook("after_goto", page, context=context, url=url, response=response)\n1208   \n1209                   if response is None:\n1210                       status_code = 200' session_id=None response_headers=None status_code=None ssl_certificate=None


Failed to crawl: https://www.bolton.ac.uk/visit-us/events/centre-of-pedagogy-presents-positivity-connectivity-and-sustainability-in-education-wednesday-27-april
Result: url='https://www.bolton.ac.uk/visit-us/events/centre-of-pedagogy-presents-positivity-connectivity-and-sustainability-in-education-wednesday-27-april' html='' success=False cleaned_html=None media={} links={} downloaded_files=None screenshot=None pdf=None markdown=None markdown_v2=None fit_markdown=None fit_html=None extracted_content=None metadata=None error_message='Unexpected error in _crawl_web at line 1205 in _crawl_web (../../.pyenv/versions/3.12.6/lib/python3.12/site-packages/crawl4ai/async_crawler_strategy.py):\nError: Failed on navigating ACS-GOTO:\nPage.goto: net::ERR_NAME_NOT_RESOLVED at https://www.bolton.ac.uk/visit-us/events/centre-of-pedagogy-presents-positivity-connectivity-and-sustainability-in-education-wednesday-27-april\nCall log:\n  - navigating to "https://www.bolton.ac.uk/visit-us/events/centre-of-pedagogy-presents-positivity-connectivity-and-sustainability-in-education-wednesday-27-april", waiting until "domcontentloaded"\n\n\nCode context:\n1200   \n1201                       response = await page.goto(\n1202                           url, wait_until=config.wait_until, timeout=config.page_timeout\n1203                       )\n1204                   except Error as e:\n1205 →                     raise RuntimeError(f"Failed on navigating ACS-GOTO:\\n{str(e)}")\n1206   \n1207                   await self.execute_hook("after_goto", page, context=context, url=url, response=response)\n1208   \n1209                   if response is None:\n1210                       status_code = 200' session_id=None response_headers=None status_code=None ssl_certificate=None


Failed to crawl: https://www.bolton.ac.uk/visit-us/events/which-university-is-right-for-you-6
Result: url='https://www.bolton.ac.uk/visit-us/events/which-university-is-right-for-you-6' html='' success=False cleaned_html=None media={} links={} downloaded_files=None screenshot=None pdf=None markdown=None markdown_v2=None fit_markdown=None fit_html=None extracted_content=None metadata=None error_message='Unexpected error in _crawl_web at line 1205 in _crawl_web (../../.pyenv/versions/3.12.6/lib/python3.12/site-packages/crawl4ai/async_crawler_strategy.py):\nError: Failed on navigating ACS-GOTO:\nPage.goto: net::ERR_NAME_NOT_RESOLVED at https://www.bolton.ac.uk/visit-us/events/which-university-is-right-for-you-6\nCall log:\n  - navigating to "https://www.bolton.ac.uk/visit-us/events/which-university-is-right-for-you-6", waiting until "domcontentloaded"\n\n\nCode context:\n1200   \n1201                       response = await page.goto(\n1202                           url, wait_until=config.wait_until, timeout=config.page_timeout\n1203                       )\n1204                   except Error as e:\n1205 →                     raise RuntimeError(f"Failed on navigating ACS-GOTO:\\n{str(e)}")\n1206   \n1207                   await self.execute_hook("after_goto", page, context=context, url=url, response=response)\n1208   \n1209                   if response is None:\n1210                       status_code = 200' session_id=None response_headers=None status_code=None ssl_certificate=None


Failed to crawl: https://www.bolton.ac.uk/assets/Uploads/University-Life-action-plan.-PUBLIC-MIN-docx-Copy.pdf
Result: url='https://www.bolton.ac.uk/assets/Uploads/University-Life-action-plan.-PUBLIC-MIN-docx-Copy.pdf' html='' success=False cleaned_html=None media={} links={} downloaded_files=None screenshot=None pdf=None markdown=None markdown_v2=None fit_markdown=None fit_html=None extracted_content=None metadata=None error_message='Unexpected error in _crawl_web at line 1205 in _crawl_web (../../.pyenv/versions/3.12.6/lib/python3.12/site-packages/crawl4ai/async_crawler_strategy.py):\nError: Failed on navigating ACS-GOTO:\nPage.goto: net::ERR_FAILED at https://www.bolton.ac.uk/assets/Uploads/University-Life-action-plan.-PUBLIC-MIN-docx-Copy.pdf\nCall log:\n  - navigating to "https://www.bolton.ac.uk/assets/Uploads/University-Life-action-plan.-PUBLIC-MIN-docx-Copy.pdf", waiting until "domcontentloaded"\n\n\nCode context:\n1200   \n1201                       response = await page.goto(\n1202                           url, wait_until=config.wait_until, timeout=config.page_timeout\n1203                       )\n1204                   except Error as e:\n1205 →                     raise RuntimeError(f"Failed on navigating ACS-GOTO:\\n{str(e)}")\n1206   \n1207                   await self.execute_hook("after_goto", page, context=context, url=url, response=response)\n1208   \n1209                   if response is None:\n1210                       status_code = 200' session_id=None response_headers=None status_code=None ssl_certificate=None


Failed to crawl: https://www.bolton.ac.uk/blogs/benefits-of-a-masters-in-physician-associate-studies
Result: url='https://www.bolton.ac.uk/blogs/benefits-of-a-masters-in-physician-associate-studies' html='' success=False cleaned_html=None media={} links={} downloaded_files=None screenshot=None pdf=None markdown=None markdown_v2=None fit_markdown=None fit_html=None extracted_content=None metadata=None error_message='Unexpected error in _crawl_web at line 1205 in _crawl_web (../../.pyenv/versions/3.12.6/lib/python3.12/site-packages/crawl4ai/async_crawler_strategy.py):\nError: Failed on navigating ACS-GOTO:\nPage.goto: net::ERR_NAME_NOT_RESOLVED at https://www.bolton.ac.uk/blogs/benefits-of-a-masters-in-physician-associate-studies\nCall log:\n  - navigating to "https://www.bolton.ac.uk/blogs/benefits-of-a-masters-in-physician-associate-studies", waiting until "domcontentloaded"\n\n\nCode context:\n1200   \n1201                       response = await page.goto(\n1202                           url, wait_until=config.wait_until, timeout=config.page_timeout\n1203                       )\n1204                   except Error as e:\n1205 →                     raise RuntimeError(f"Failed on navigating ACS-GOTO:\\n{str(e)}")\n1206   \n1207                   await self.execute_hook("after_goto", page, context=context, url=url, response=response)\n1208   \n1209                   if response is None:\n1210                       status_code = 200' session_id=None response_headers=None status_code=None ssl_certificate=None


Failed to crawl: https://www.bolton.ac.uk/blogs/life-changing-discoveries-made-by-biomedical-scientists
Result: url='https://www.bolton.ac.uk/blogs/life-changing-discoveries-made-by-biomedical-scientists' html='' success=False cleaned_html=None media={} links={} downloaded_files=None screenshot=None pdf=None markdown=None markdown_v2=None fit_markdown=None fit_html=None extracted_content=None metadata=None error_message='Unexpected error in _crawl_web at line 1205 in _crawl_web (../../.pyenv/versions/3.12.6/lib/python3.12/site-packages/crawl4ai/async_crawler_strategy.py):\nError: Failed on navigating ACS-GOTO:\nPage.goto: net::ERR_NAME_NOT_RESOLVED at https://www.bolton.ac.uk/blogs/life-changing-discoveries-made-by-biomedical-scientists\nCall log:\n  - navigating to "https://www.bolton.ac.uk/blogs/life-changing-discoveries-made-by-biomedical-scientists", waiting until "domcontentloaded"\n\n\nCode context:\n1200   \n1201                       response = await page.goto(\n1202                           url, wait_until=config.wait_until, timeout=config.page_timeout\n1203                       )\n1204                   except Error as e:\n1205 →                     raise RuntimeError(f"Failed on navigating ACS-GOTO:\\n{str(e)}")\n1206   \n1207                   await self.execute_hook("after_goto", page, context=context, url=url, response=response)\n1208   \n1209                   if response is None:\n1210                       status_code = 200' session_id=None response_headers=None status_code=None ssl_certificate=None


Failed to crawl: https://www.bolton.ac.uk/blogs/how-artificial-intelligence-has-impacted-innovations-in-medicine
Result: url='https://www.bolton.ac.uk/blogs/how-artificial-intelligence-has-impacted-innovations-in-medicine' html='' success=False cleaned_html=None media={} links={} downloaded_files=None screenshot=None pdf=None markdown=None markdown_v2=None fit_markdown=None fit_html=None extracted_content=None metadata=None error_message='Unexpected error in _crawl_web at line 1205 in _crawl_web (../../.pyenv/versions/3.12.6/lib/python3.12/site-packages/crawl4ai/async_crawler_strategy.py):\nError: Failed on navigating ACS-GOTO:\nPage.goto: net::ERR_NAME_NOT_RESOLVED at https://www.bolton.ac.uk/blogs/how-artificial-intelligence-has-impacted-innovations-in-medicine\nCall log:\n  - navigating to "https://www.bolton.ac.uk/blogs/how-artificial-intelligence-has-impacted-innovations-in-medicine", waiting until "domcontentloaded"\n\n\nCode context:\n1200   \n1201                       response = await page.goto(\n1202                           url, wait_until=config.wait_until, timeout=config.page_timeout\n1203                       )\n1204                   except Error as e:\n1205 →                     raise RuntimeError(f"Failed on navigating ACS-GOTO:\\n{str(e)}")\n1206   \n1207                   await self.execute_hook("after_goto", page, context=context, url=url, response=response)\n1208   \n1209                   if response is None:\n1210                       status_code = 200' session_id=None response_headers=None status_code=None ssl_certificate=None


Failed to crawl: https://www.bolton.ac.uk/blogs/what-a-career-in-medical-biology-looks-like
Result: url='https://www.bolton.ac.uk/blogs/what-a-career-in-medical-biology-looks-like' html='' success=False cleaned_html=None media={} links={} downloaded_files=None screenshot=None pdf=None markdown=None markdown_v2=None fit_markdown=None fit_html=None extracted_content=None metadata=None error_message='Unexpected error in _crawl_web at line 1205 in _crawl_web (../../.pyenv/versions/3.12.6/lib/python3.12/site-packages/crawl4ai/async_crawler_strategy.py):\nError: Failed on navigating ACS-GOTO:\nPage.goto: net::ERR_NAME_NOT_RESOLVED at https://www.bolton.ac.uk/blogs/what-a-career-in-medical-biology-looks-like\nCall log:\n  - navigating to "https://www.bolton.ac.uk/blogs/what-a-career-in-medical-biology-looks-like", waiting until "domcontentloaded"\n\n\nCode context:\n1200   \n1201                       response = await page.goto(\n1202                           url, wait_until=config.wait_until, timeout=config.page_timeout\n1203                       )\n1204                   except Error as e:\n1205 →                     raise RuntimeError(f"Failed on navigating ACS-GOTO:\\n{str(e)}")\n1206   \n1207                   await self.execute_hook("after_goto", page, context=context, url=url, response=response)\n1208   \n1209                   if response is None:\n1210                       status_code = 200' session_id=None response_headers=None status_code=None ssl_certificate=None


Failed to crawl: https://www.bolton.ac.uk/assets/PG-High-Achievement-Award-Application-form-amended.pdf
Result: url='https://www.bolton.ac.uk/assets/PG-High-Achievement-Award-Application-form-amended.pdf' html='' success=False cleaned_html=None media={} links={} downloaded_files=None screenshot=None pdf=None markdown=None markdown_v2=None fit_markdown=None fit_html=None extracted_content=None metadata=None error_message='Unexpected error in _crawl_web at line 1205 in _crawl_web (../../.pyenv/versions/3.12.6/lib/python3.12/site-packages/crawl4ai/async_crawler_strategy.py):\nError: Failed on navigating ACS-GOTO:\nPage.goto: net::ERR_FAILED at https://www.bolton.ac.uk/assets/PG-High-Achievement-Award-Application-form-amended.pdf\nCall log:\n  - navigating to "https://www.bolton.ac.uk/assets/PG-High-Achievement-Award-Application-form-amended.pdf", waiting until "domcontentloaded"\n\n\nCode context:\n1200   \n1201                       response = await page.goto(\n1202                           url, wait_until=config.wait_until, timeout=config.page_timeout\n1203                       )\n1204                   except Error as e:\n1205 →                     raise RuntimeError(f"Failed on navigating ACS-GOTO:\\n{str(e)}")\n1206   \n1207                   await self.execute_hook("after_goto", page, context=context, url=url, response=response)\n1208   \n1209                   if response is None:\n1210                       status_code = 200' session_id=None response_headers=None status_code=None ssl_certificate=None


Failed to crawl: https://www.bolton.ac.uk/assets/Uploads/18-19-Bolton-Sports-Bursary-application.pdf
Result: url='https://www.bolton.ac.uk/assets/Uploads/18-19-Bolton-Sports-Bursary-application.pdf' html='' success=False cleaned_html=None media={} links={} downloaded_files=None screenshot=None pdf=None markdown=None markdown_v2=None fit_markdown=None fit_html=None extracted_content=None metadata=None error_message='Unexpected error in _crawl_web at line 1205 in _crawl_web (../../.pyenv/versions/3.12.6/lib/python3.12/site-packages/crawl4ai/async_crawler_strategy.py):\nError: Failed on navigating ACS-GOTO:\nPage.goto: net::ERR_FAILED at https://www.bolton.ac.uk/assets/Uploads/18-19-Bolton-Sports-Bursary-application.pdf\nCall log:\n  - navigating to "https://www.bolton.ac.uk/assets/Uploads/18-19-Bolton-Sports-Bursary-application.pdf", waiting until "domcontentloaded"\n\n\nCode context:\n1200   \n1201                       response = await page.goto(\n1202                           url, wait_until=config.wait_until, timeout=config.page_timeout\n1203                       )\n1204                   except Error as e:\n1205 →                     raise RuntimeError(f"Failed on navigating ACS-GOTO:\\n{str(e)}")\n1206   \n1207                   await self.execute_hook("after_goto", page, context=context, url=url, response=response)\n1208   \n1209                   if response is None:\n1210                       status_code = 200' session_id=None response_headers=None status_code=None ssl_certificate=None


Failed to crawl: https://www.bolton.ac.uk/assets/Uploads/Care-leavers-Bursary-Application-18-19-v2.pdf
Result: url='https://www.bolton.ac.uk/assets/Uploads/Care-leavers-Bursary-Application-18-19-v2.pdf' html='' success=False cleaned_html=None media={} links={} downloaded_files=None screenshot=None pdf=None markdown=None markdown_v2=None fit_markdown=None fit_html=None extracted_content=None metadata=None error_message='Unexpected error in _crawl_web at line 1205 in _crawl_web (../../.pyenv/versions/3.12.6/lib/python3.12/site-packages/crawl4ai/async_crawler_strategy.py):\nError: Failed on navigating ACS-GOTO:\nPage.goto: net::ERR_FAILED at https://www.bolton.ac.uk/assets/Uploads/Care-leavers-Bursary-Application-18-19-v2.pdf\nCall log:\n  - navigating to "https://www.bolton.ac.uk/assets/Uploads/Care-leavers-Bursary-Application-18-19-v2.pdf", waiting until "domcontentloaded"\n\n\nCode context:\n1200   \n1201                       response = await page.goto(\n1202                           url, wait_until=config.wait_until, timeout=config.page_timeout\n1203                       )\n1204                   except Error as e:\n1205 →                     raise RuntimeError(f"Failed on navigating ACS-GOTO:\\n{str(e)}")\n1206   \n1207                   await self.execute_hook("after_goto", page, context=context, url=url, response=response)\n1208   \n1209                   if response is None:\n1210                       status_code = 200' session_id=None response_headers=None status_code=None ssl_certificate=None


Failed to crawl: https://www.bolton.ac.uk/assets/Uploads/18-19-100-Year-Anniversary-of-the-Great-War-award-application2.pdf
Result: url='https://www.bolton.ac.uk/assets/Uploads/18-19-100-Year-Anniversary-of-the-Great-War-award-application2.pdf' html='' success=False cleaned_html=None media={} links={} downloaded_files=None screenshot=None pdf=None markdown=None markdown_v2=None fit_markdown=None fit_html=None extracted_content=None metadata=None error_message='Unexpected error in _crawl_web at line 1205 in _crawl_web (../../.pyenv/versions/3.12.6/lib/python3.12/site-packages/crawl4ai/async_crawler_strategy.py):\nError: Failed on navigating ACS-GOTO:\nPage.goto: net::ERR_FAILED at https://www.bolton.ac.uk/assets/Uploads/18-19-100-Year-Anniversary-of-the-Great-War-award-application2.pdf\nCall log:\n  - navigating to "https://www.bolton.ac.uk/assets/Uploads/18-19-100-Year-Anniversary-of-the-Great-War-award-application2.pdf", waiting until "domcontentloaded"\n\n\nCode context:\n1200   \n1201                       response = await page.goto(\n1202                           url, wait_until=config.wait_until, timeout=config.page_timeout\n1203                       )\n1204                   except Error as e:\n1205 →                     raise RuntimeError(f"Failed on navigating ACS-GOTO:\\n{str(e)}")\n1206   \n1207                   await self.execute_hook("after_goto", page, context=context, url=url, response=response)\n1208   \n1209                   if response is None:\n1210                       status_code = 200' session_id=None response_headers=None status_code=None ssl_certificate=None


Failed to crawl: https://www.bolton.ac.uk/assets/Uploads/Taught-Masters-Excellence-Scholarship-application-2017-18.pdf
Result: url='https://www.bolton.ac.uk/assets/Uploads/Taught-Masters-Excellence-Scholarship-application-2017-18.pdf' html='' success=False cleaned_html=None media={} links={} downloaded_files=None screenshot=None pdf=None markdown=None markdown_v2=None fit_markdown=None fit_html=None extracted_content=None metadata=None error_message='Unexpected error in _crawl_web at line 1205 in _crawl_web (../../.pyenv/versions/3.12.6/lib/python3.12/site-packages/crawl4ai/async_crawler_strategy.py):\nError: Failed on navigating ACS-GOTO:\nPage.goto: net::ERR_FAILED at https://www.bolton.ac.uk/assets/Uploads/Taught-Masters-Excellence-Scholarship-application-2017-18.pdf\nCall log:\n  - navigating to "https://www.bolton.ac.uk/assets/Uploads/Taught-Masters-Excellence-Scholarship-application-2017-18.pdf", waiting until "domcontentloaded"\n\n\nCode context:\n1200   \n1201                       response = await page.goto(\n1202                           url, wait_until=config.wait_until, timeout=config.page_timeout\n1203                       )\n1204                   except Error as e:\n1205 →                     raise RuntimeError(f"Failed on navigating ACS-GOTO:\\n{str(e)}")\n1206   \n1207                   await self.execute_hook("after_goto", page, context=context, url=url, response=response)\n1208   \n1209                   if response is None:\n1210                       status_code = 200' session_id=None response_headers=None status_code=None ssl_certificate=None


Failed to crawl: https://www.bolton.ac.uk/assets/Uploads/Bolton-Sports-Bursary-application-17-18.pdf
Result: url='https://www.bolton.ac.uk/assets/Uploads/Bolton-Sports-Bursary-application-17-18.pdf' html='' success=False cleaned_html=None media={} links={} downloaded_files=None screenshot=None pdf=None markdown=None markdown_v2=None fit_markdown=None fit_html=None extracted_content=None metadata=None error_message='Unexpected error in _crawl_web at line 1205 in _crawl_web (../../.pyenv/versions/3.12.6/lib/python3.12/site-packages/crawl4ai/async_crawler_strategy.py):\nError: Failed on navigating ACS-GOTO:\nPage.goto: net::ERR_FAILED at https://www.bolton.ac.uk/assets/Uploads/Bolton-Sports-Bursary-application-17-18.pdf\nCall log:\n  - navigating to "https://www.bolton.ac.uk/assets/Uploads/Bolton-Sports-Bursary-application-17-18.pdf", waiting until "domcontentloaded"\n\n\nCode context:\n1200   \n1201                       response = await page.goto(\n1202                           url, wait_until=config.wait_until, timeout=config.page_timeout\n1203                       )\n1204                   except Error as e:\n1205 →                     raise RuntimeError(f"Failed on navigating ACS-GOTO:\\n{str(e)}")\n1206   \n1207                   await self.execute_hook("after_goto", page, context=context, url=url, response=response)\n1208   \n1209                   if response is None:\n1210                       status_code = 200' session_id=None response_headers=None status_code=None ssl_certificate=None


Failed to crawl: https://www.bolton.ac.uk/assets/Uploads/Care-leavers-Bursary-Application-2017-19.pdf
Result: url='https://www.bolton.ac.uk/assets/Uploads/Care-leavers-Bursary-Application-2017-19.pdf' html='' success=False cleaned_html=None media={} links={} downloaded_files=None screenshot=None pdf=None markdown=None markdown_v2=None fit_markdown=None fit_html=None extracted_content=None metadata=None error_message='Unexpected error in _crawl_web at line 1205 in _crawl_web (../../.pyenv/versions/3.12.6/lib/python3.12/site-packages/crawl4ai/async_crawler_strategy.py):\nError: Failed on navigating ACS-GOTO:\nPage.goto: net::ERR_FAILED at https://www.bolton.ac.uk/assets/Uploads/Care-leavers-Bursary-Application-2017-19.pdf\nCall log:\n  - navigating to "https://www.bolton.ac.uk/assets/Uploads/Care-leavers-Bursary-Application-2017-19.pdf", waiting until "domcontentloaded"\n\n\nCode context:\n1200   \n1201                       response = await page.goto(\n1202                           url, wait_until=config.wait_until, timeout=config.page_timeout\n1203                       )\n1204                   except Error as e:\n1205 →                     raise RuntimeError(f"Failed on navigating ACS-GOTO:\\n{str(e)}")\n1206   \n1207                   await self.execute_hook("after_goto", page, context=context, url=url, response=response)\n1208   \n1209                   if response is None:\n1210                       status_code = 200' session_id=None response_headers=None status_code=None ssl_certificate=None


Failed to crawl: https://www.bolton.ac.uk/assets/Uploads/18-19-100-Year-Anniversary-of-the-Great-War-award-application.pdf
Result: url='https://www.bolton.ac.uk/assets/Uploads/18-19-100-Year-Anniversary-of-the-Great-War-award-application.pdf' html='' success=False cleaned_html=None media={} links={} downloaded_files=None screenshot=None pdf=None markdown=None markdown_v2=None fit_markdown=None fit_html=None extracted_content=None metadata=None error_message='Unexpected error in _crawl_web at line 1205 in _crawl_web (../../.pyenv/versions/3.12.6/lib/python3.12/site-packages/crawl4ai/async_crawler_strategy.py):\nError: Failed on navigating ACS-GOTO:\nPage.goto: net::ERR_FAILED at https://www.bolton.ac.uk/assets/Uploads/18-19-100-Year-Anniversary-of-the-Great-War-award-application.pdf\nCall log:\n  - navigating to "https://www.bolton.ac.uk/assets/Uploads/18-19-100-Year-Anniversary-of-the-Great-War-award-application.pdf", waiting until "domcontentloaded"\n\n\nCode context:\n1200   \n1201                       response = await page.goto(\n1202                           url, wait_until=config.wait_until, timeout=config.page_timeout\n1203                       )\n1204                   except Error as e:\n1205 →                     raise RuntimeError(f"Failed on navigating ACS-GOTO:\\n{str(e)}")\n1206   \n1207                   await self.execute_hook("after_goto", page, context=context, url=url, response=response)\n1208   \n1209                   if response is None:\n1210                       status_code = 200' session_id=None response_headers=None status_code=None ssl_certificate=None


Failed to crawl: https://www.bolton.ac.uk/assets/Uploads/17-18-P2U-fund-application-form2.pdf
Result: url='https://www.bolton.ac.uk/assets/Uploads/17-18-P2U-fund-application-form2.pdf' html='' success=False cleaned_html=None media={} links={} downloaded_files=None screenshot=None pdf=None markdown=None markdown_v2=None fit_markdown=None fit_html=None extracted_content=None metadata=None error_message='Unexpected error in _crawl_web at line 1205 in _crawl_web (../../.pyenv/versions/3.12.6/lib/python3.12/site-packages/crawl4ai/async_crawler_strategy.py):\nError: Failed on navigating ACS-GOTO:\nPage.goto: net::ERR_FAILED at https://www.bolton.ac.uk/assets/Uploads/17-18-P2U-fund-application-form2.pdf\nCall log:\n  - navigating to "https://www.bolton.ac.uk/assets/Uploads/17-18-P2U-fund-application-form2.pdf", waiting until "domcontentloaded"\n\n\nCode context:\n1200   \n1201                       response = await page.goto(\n1202                           url, wait_until=config.wait_until, timeout=config.page_timeout\n1203                       )\n1204                   except Error as e:\n1205 →                     raise RuntimeError(f"Failed on navigating ACS-GOTO:\\n{str(e)}")\n1206   \n1207                   await self.execute_hook("after_goto", page, context=context, url=url, response=response)\n1208   \n1209                   if response is None:\n1210                       status_code = 200' session_id=None response_headers=None status_code=None ssl_certificate=None


Failed to crawl: https://www.bolton.ac.uk/assets/Uploads/Alumni-Loyalty-Discount-Application-17-19.pdf
Result: url='https://www.bolton.ac.uk/assets/Uploads/Alumni-Loyalty-Discount-Application-17-19.pdf' html='' success=False cleaned_html=None media={} links={} downloaded_files=None screenshot=None pdf=None markdown=None markdown_v2=None fit_markdown=None fit_html=None extracted_content=None metadata=None error_message='Unexpected error in _crawl_web at line 1205 in _crawl_web (../../.pyenv/versions/3.12.6/lib/python3.12/site-packages/crawl4ai/async_crawler_strategy.py):\nError: Failed on navigating ACS-GOTO:\nPage.goto: net::ERR_FAILED at https://www.bolton.ac.uk/assets/Uploads/Alumni-Loyalty-Discount-Application-17-19.pdf\nCall log:\n  - navigating to "https://www.bolton.ac.uk/assets/Uploads/Alumni-Loyalty-Discount-Application-17-19.pdf", waiting until "domcontentloaded"\n\n\nCode context:\n1200   \n1201                       response = await page.goto(\n1202                           url, wait_until=config.wait_until, timeout=config.page_timeout\n1203                       )\n1204                   except Error as e:\n1205 →                     raise RuntimeError(f"Failed on navigating ACS-GOTO:\\n{str(e)}")\n1206   \n1207                   await self.execute_hook("after_goto", page, context=context, url=url, response=response)\n1208   \n1209                   if response is None:\n1210                       status_code = 200' session_id=None response_headers=None status_code=None ssl_certificate=None


Failed to crawl: https://www.bolton.ac.uk/assets/Complaints-and-Appeals-Process-for-Applicants-2023-24.pdf
Result: url='https://www.bolton.ac.uk/assets/Complaints-and-Appeals-Process-for-Applicants-2023-24.pdf' html='' success=False cleaned_html=None media={} links={} downloaded_files=None screenshot=None pdf=None markdown=None markdown_v2=None fit_markdown=None fit_html=None extracted_content=None metadata=None error_message='Unexpected error in _crawl_web at line 1205 in _crawl_web (../../.pyenv/versions/3.12.6/lib/python3.12/site-packages/crawl4ai/async_crawler_strategy.py):\nError: Failed on navigating ACS-GOTO:\nPage.goto: net::ERR_FAILED at https://www.bolton.ac.uk/assets/Complaints-and-Appeals-Process-for-Applicants-2023-24.pdf\nCall log:\n  - navigating to "https://www.bolton.ac.uk/assets/Complaints-and-Appeals-Process-for-Applicants-2023-24.pdf", waiting until "domcontentloaded"\n\n\nCode context:\n1200   \n1201                       response = await page.goto(\n1202                           url, wait_until=config.wait_until, timeout=config.page_timeout\n1203                       )\n1204                   except Error as e:\n1205 →                     raise RuntimeError(f"Failed on navigating ACS-GOTO:\\n{str(e)}")\n1206   \n1207                   await self.execute_hook("after_goto", page, context=context, url=url, response=response)\n1208   \n1209                   if response is None:\n1210                       status_code = 200' session_id=None response_headers=None status_code=None ssl_certificate=None


Failed to crawl: https://www.bolton.ac.uk/assets/Course-Fees-Policy-Entry-2023_24-December-2022-v2.pdf
Result: url='https://www.bolton.ac.uk/assets/Course-Fees-Policy-Entry-2023_24-December-2022-v2.pdf' html='' success=False cleaned_html=None media={} links={} downloaded_files=None screenshot=None pdf=None markdown=None markdown_v2=None fit_markdown=None fit_html=None extracted_content=None metadata=None error_message='Unexpected error in _crawl_web at line 1205 in _crawl_web (../../.pyenv/versions/3.12.6/lib/python3.12/site-packages/crawl4ai/async_crawler_strategy.py):\nError: Failed on navigating ACS-GOTO:\nPage.goto: net::ERR_FAILED at https://www.bolton.ac.uk/assets/Course-Fees-Policy-Entry-2023_24-December-2022-v2.pdf\nCall log:\n  - navigating to "https://www.bolton.ac.uk/assets/Course-Fees-Policy-Entry-2023_24-December-2022-v2.pdf", waiting until "domcontentloaded"\n\n\nCode context:\n1200   \n1201                       response = await page.goto(\n1202                           url, wait_until=config.wait_until, timeout=config.page_timeout\n1203                       )\n1204                   except Error as e:\n1205 →                     raise RuntimeError(f"Failed on navigating ACS-GOTO:\\n{str(e)}")\n1206   \n1207                   await self.execute_hook("after_goto", page, context=context, url=url, response=response)\n1208   \n1209                   if response is None:\n1210                       status_code = 200' session_id=None response_headers=None status_code=None ssl_certificate=None


Failed to crawl: https://www.bolton.ac.uk/assets/Enrolment-Cancellation-Form-2023-24.pdf
Result: url='https://www.bolton.ac.uk/assets/Enrolment-Cancellation-Form-2023-24.pdf' html='' success=False cleaned_html=None media={} links={} downloaded_files=None screenshot=None pdf=None markdown=None markdown_v2=None fit_markdown=None fit_html=None extracted_content=None metadata=None error_message='Unexpected error in _crawl_web at line 1205 in _crawl_web (../../.pyenv/versions/3.12.6/lib/python3.12/site-packages/crawl4ai/async_crawler_strategy.py):\nError: Failed on navigating ACS-GOTO:\nPage.goto: net::ERR_FAILED at https://www.bolton.ac.uk/assets/Enrolment-Cancellation-Form-2023-24.pdf\nCall log:\n  - navigating to "https://www.bolton.ac.uk/assets/Enrolment-Cancellation-Form-2023-24.pdf", waiting until "domcontentloaded"\n\n\nCode context:\n1200   \n1201                       response = await page.goto(\n1202                           url, wait_until=config.wait_until, timeout=config.page_timeout\n1203                       )\n1204                   except Error as e:\n1205 →                     raise RuntimeError(f"Failed on navigating ACS-GOTO:\\n{str(e)}")\n1206   \n1207                   await self.execute_hook("after_goto", page, context=context, url=url, response=response)\n1208   \n1209                   if response is None:\n1210                       status_code = 200' session_id=None response_headers=None status_code=None ssl_certificate=None


Failed to crawl: https://www.bolton.ac.uk/assets/Terms-and-Conditions-of-Enrolment-Entry-2023_24.pdf
Result: url='https://www.bolton.ac.uk/assets/Terms-and-Conditions-of-Enrolment-Entry-2023_24.pdf' html='' success=False cleaned_html=None media={} links={} downloaded_files=None screenshot=None pdf=None markdown=None markdown_v2=None fit_markdown=None fit_html=None extracted_content=None metadata=None error_message='Unexpected error in _crawl_web at line 1205 in _crawl_web (../../.pyenv/versions/3.12.6/lib/python3.12/site-packages/crawl4ai/async_crawler_strategy.py):\nError: Failed on navigating ACS-GOTO:\nPage.goto: net::ERR_FAILED at https://www.bolton.ac.uk/assets/Terms-and-Conditions-of-Enrolment-Entry-2023_24.pdf\nCall log:\n  - navigating to "https://www.bolton.ac.uk/assets/Terms-and-Conditions-of-Enrolment-Entry-2023_24.pdf", waiting until "domcontentloaded"\n\n\nCode context:\n1200   \n1201                       response = await page.goto(\n1202                           url, wait_until=config.wait_until, timeout=config.page_timeout\n1203                       )\n1204                   except Error as e:\n1205 →                     raise RuntimeError(f"Failed on navigating ACS-GOTO:\\n{str(e)}")\n1206   \n1207                   await self.execute_hook("after_goto", page, context=context, url=url, response=response)\n1208   \n1209                   if response is None:\n1210                       status_code = 200' session_id=None response_headers=None status_code=None ssl_certificate=None


Failed to crawl: https://www.bolton.ac.uk/assets/Terms-and-Conditions-of-Enrolment-Entry-2023_24-Apprentices.pdf
Result: url='https://www.bolton.ac.uk/assets/Terms-and-Conditions-of-Enrolment-Entry-2023_24-Apprentices.pdf' html='' success=False cleaned_html=None media={} links={} downloaded_files=None screenshot=None pdf=None markdown=None markdown_v2=None fit_markdown=None fit_html=None extracted_content=None metadata=None error_message='Unexpected error in _crawl_web at line 1205 in _crawl_web (../../.pyenv/versions/3.12.6/lib/python3.12/site-packages/crawl4ai/async_crawler_strategy.py):\nError: Failed on navigating ACS-GOTO:\nPage.goto: net::ERR_FAILED at https://www.bolton.ac.uk/assets/Terms-and-Conditions-of-Enrolment-Entry-2023_24-Apprentices.pdf\nCall log:\n  - navigating to "https://www.bolton.ac.uk/assets/Terms-and-Conditions-of-Enrolment-Entry-2023_24-Apprentices.pdf", waiting until "domcontentloaded"\n\n\nCode context:\n1200   \n1201                       response = await page.goto(\n1202                           url, wait_until=config.wait_until, timeout=config.page_timeout\n1203                       )\n1204                   except Error as e:\n1205 →                     raise RuntimeError(f"Failed on navigating ACS-GOTO:\\n{str(e)}")\n1206   \n1207                   await self.execute_hook("after_goto", page, context=context, url=url, response=response)\n1208   \n1209                   if response is None:\n1210                       status_code = 200' session_id=None response_headers=None status_code=None ssl_certificate=None


Failed to crawl: https://www.bolton.ac.uk/assets/Terms-and-Conditions-relating-to-Additional-Costs-for-Undergraduate-Students-2023-24.pdf
Result: url='https://www.bolton.ac.uk/assets/Terms-and-Conditions-relating-to-Additional-Costs-for-Undergraduate-Students-2023-24.pdf' html='' success=False cleaned_html=None media={} links={} downloaded_files=None screenshot=None pdf=None markdown=None markdown_v2=None fit_markdown=None fit_html=None extracted_content=None metadata=None error_message='Unexpected error in _crawl_web at line 1205 in _crawl_web (../../.pyenv/versions/3.12.6/lib/python3.12/site-packages/crawl4ai/async_crawler_strategy.py):\nError: Failed on navigating ACS-GOTO:\nPage.goto: net::ERR_FAILED at https://www.bolton.ac.uk/assets/Terms-and-Conditions-relating-to-Additional-Costs-for-Undergraduate-Students-2023-24.pdf\nCall log:\n  - navigating to "https://www.bolton.ac.uk/assets/Terms-and-Conditions-relating-to-Additional-Costs-for-Undergraduate-Students-2023-24.pdf", waiting until "domcontentloaded"\n\n\nCode context:\n1200   \n1201                       response = await page.goto(\n1202                           url, wait_until=config.wait_until, timeout=config.page_timeout\n1203                       )\n1204                   except Error as e:\n1205 →                     raise RuntimeError(f"Failed on navigating ACS-GOTO:\\n{str(e)}")\n1206   \n1207                   await self.execute_hook("after_goto", page, context=context, url=url, response=response)\n1208   \n1209                   if response is None:\n1210                       status_code = 200' session_id=None response_headers=None status_code=None ssl_certificate=None


Failed to crawl: https://www.bolton.ac.uk/assets/Student-Policy-Zone-2023-24/Internet-Security-Policy.pdf
Result: url='https://www.bolton.ac.uk/assets/Student-Policy-Zone-2023-24/Internet-Security-Policy.pdf' html='' success=False cleaned_html=None media={} links={} downloaded_files=None screenshot=None pdf=None markdown=None markdown_v2=None fit_markdown=None fit_html=None extracted_content=None metadata=None error_message='Unexpected error in _crawl_web at line 1205 in _crawl_web (../../.pyenv/versions/3.12.6/lib/python3.12/site-packages/crawl4ai/async_crawler_strategy.py):\nError: Failed on navigating ACS-GOTO:\nPage.goto: net::ERR_FAILED at https://www.bolton.ac.uk/assets/Student-Policy-Zone-2023-24/Internet-Security-Policy.pdf\nCall log:\n  - navigating to "https://www.bolton.ac.uk/assets/Student-Policy-Zone-2023-24/Internet-Security-Policy.pdf", waiting until "domcontentloaded"\n\n\nCode context:\n1200   \n1201                       response = await page.goto(\n1202                           url, wait_until=config.wait_until, timeout=config.page_timeout\n1203                       )\n1204                   except Error as e:\n1205 →                     raise RuntimeError(f"Failed on navigating ACS-GOTO:\\n{str(e)}")\n1206   \n1207                   await self.execute_hook("after_goto", page, context=context, url=url, response=response)\n1208   \n1209                   if response is None:\n1210                       status_code = 200' session_id=None response_headers=None status_code=None ssl_certificate=None


Failed to crawl: https://www.bolton.ac.uk/assets/Student-Policy-Zone-2023-24/Library-Code-of-Conduct.pdf
Result: url='https://www.bolton.ac.uk/assets/Student-Policy-Zone-2023-24/Library-Code-of-Conduct.pdf' html='' success=False cleaned_html=None media={} links={} downloaded_files=None screenshot=None pdf=None markdown=None markdown_v2=None fit_markdown=None fit_html=None extracted_content=None metadata=None error_message='Unexpected error in _crawl_web at line 1205 in _crawl_web (../../.pyenv/versions/3.12.6/lib/python3.12/site-packages/crawl4ai/async_crawler_strategy.py):\nError: Failed on navigating ACS-GOTO:\nPage.goto: net::ERR_FAILED at https://www.bolton.ac.uk/assets/Student-Policy-Zone-2023-24/Library-Code-of-Conduct.pdf\nCall log:\n  - navigating to "https://www.bolton.ac.uk/assets/Student-Policy-Zone-2023-24/Library-Code-of-Conduct.pdf", waiting until "domcontentloaded"\n\n\nCode context:\n1200   \n1201                       response = await page.goto(\n1202                           url, wait_until=config.wait_until, timeout=config.page_timeout\n1203                       )\n1204                   except Error as e:\n1205 →                     raise RuntimeError(f"Failed on navigating ACS-GOTO:\\n{str(e)}")\n1206   \n1207                   await self.execute_hook("after_goto", page, context=context, url=url, response=response)\n1208   \n1209                   if response is None:\n1210                       status_code = 200' session_id=None response_headers=None status_code=None ssl_certificate=None


Failed to crawl: https://www.bolton.ac.uk/assets/Student-Policy-Zone-2023-24/Library-Service-Guides-Children-in-The-Library.pdf
Result: url='https://www.bolton.ac.uk/assets/Student-Policy-Zone-2023-24/Library-Service-Guides-Children-in-The-Library.pdf' html='' success=False cleaned_html=None media={} links={} downloaded_files=None screenshot=None pdf=None markdown=None markdown_v2=None fit_markdown=None fit_html=None extracted_content=None metadata=None error_message='Unexpected error in _crawl_web at line 1205 in _crawl_web (../../.pyenv/versions/3.12.6/lib/python3.12/site-packages/crawl4ai/async_crawler_strategy.py):\nError: Failed on navigating ACS-GOTO:\nPage.goto: net::ERR_FAILED at https://www.bolton.ac.uk/assets/Student-Policy-Zone-2023-24/Library-Service-Guides-Children-in-The-Library.pdf\nCall log:\n  - navigating to "https://www.bolton.ac.uk/assets/Student-Policy-Zone-2023-24/Library-Service-Guides-Children-in-The-Library.pdf", waiting until "domcontentloaded"\n\n\nCode context:\n1200   \n1201                       response = await page.goto(\n1202                           url, wait_until=config.wait_until, timeout=config.page_timeout\n1203                       )\n1204                   except Error as e:\n1205 →                     raise RuntimeError(f"Failed on navigating ACS-GOTO:\\n{str(e)}")\n1206   \n1207                   await self.execute_hook("after_goto", page, context=context, url=url, response=response)\n1208   \n1209                   if response is None:\n1210                       status_code = 200' session_id=None response_headers=None status_code=None ssl_certificate=None


Failed to crawl: https://www.bolton.ac.uk/assets/Student-Policy-Zone-2023-24/Regulations-for-the-use-of-Computer-Facilities.pdf
Result: url='https://www.bolton.ac.uk/assets/Student-Policy-Zone-2023-24/Regulations-for-the-use-of-Computer-Facilities.pdf' html='' success=False cleaned_html=None media={} links={} downloaded_files=None screenshot=None pdf=None markdown=None markdown_v2=None fit_markdown=None fit_html=None extracted_content=None metadata=None error_message='Unexpected error in _crawl_web at line 1205 in _crawl_web (../../.pyenv/versions/3.12.6/lib/python3.12/site-packages/crawl4ai/async_crawler_strategy.py):\nError: Failed on navigating ACS-GOTO:\nPage.goto: net::ERR_FAILED at https://www.bolton.ac.uk/assets/Student-Policy-Zone-2023-24/Regulations-for-the-use-of-Computer-Facilities.pdf\nCall log:\n  - navigating to "https://www.bolton.ac.uk/assets/Student-Policy-Zone-2023-24/Regulations-for-the-use-of-Computer-Facilities.pdf", waiting until "domcontentloaded"\n\n\nCode context:\n1200   \n1201                       response = await page.goto(\n1202                           url, wait_until=config.wait_until, timeout=config.page_timeout\n1203                       )\n1204                   except Error as e:\n1205 →                     raise RuntimeError(f"Failed on navigating ACS-GOTO:\\n{str(e)}")\n1206   \n1207                   await self.execute_hook("after_goto", page, context=context, url=url, response=response)\n1208   \n1209                   if response is None:\n1210                       status_code = 200' session_id=None response_headers=None status_code=None ssl_certificate=None


Failed to crawl: https://www.bolton.ac.uk/assets/Student-Policy-Zone-2023-24/Student-Acceptable-Use-Policy.pdf
Result: url='https://www.bolton.ac.uk/assets/Student-Policy-Zone-2023-24/Student-Acceptable-Use-Policy.pdf' html='' success=False cleaned_html=None media={} links={} downloaded_files=None screenshot=None pdf=None markdown=None markdown_v2=None fit_markdown=None fit_html=None extracted_content=None metadata=None error_message='Unexpected error in _crawl_web at line 1205 in _crawl_web (../../.pyenv/versions/3.12.6/lib/python3.12/site-packages/crawl4ai/async_crawler_strategy.py):\nError: Failed on navigating ACS-GOTO:\nPage.goto: net::ERR_FAILED at https://www.bolton.ac.uk/assets/Student-Policy-Zone-2023-24/Student-Acceptable-Use-Policy.pdf\nCall log:\n  - navigating to "https://www.bolton.ac.uk/assets/Student-Policy-Zone-2023-24/Student-Acceptable-Use-Policy.pdf", waiting until "domcontentloaded"\n\n\nCode context:\n1200   \n1201                       response = await page.goto(\n1202                           url, wait_until=config.wait_until, timeout=config.page_timeout\n1203                       )\n1204                   except Error as e:\n1205 →                     raise RuntimeError(f"Failed on navigating ACS-GOTO:\\n{str(e)}")\n1206   \n1207                   await self.execute_hook("after_goto", page, context=context, url=url, response=response)\n1208   \n1209                   if response is None:\n1210                       status_code = 200' session_id=None response_headers=None status_code=None ssl_certificate=None


Failed to crawl: https://www.bolton.ac.uk/assets/Student-Policy-Zone-2023-24/Disruptive-Behaviour-within-the-Library.pdf
Result: url='https://www.bolton.ac.uk/assets/Student-Policy-Zone-2023-24/Disruptive-Behaviour-within-the-Library.pdf' html='' success=False cleaned_html=None media={} links={} downloaded_files=None screenshot=None pdf=None markdown=None markdown_v2=None fit_markdown=None fit_html=None extracted_content=None metadata=None error_message='Unexpected error in _crawl_web at line 1205 in _crawl_web (../../.pyenv/versions/3.12.6/lib/python3.12/site-packages/crawl4ai/async_crawler_strategy.py):\nError: Failed on navigating ACS-GOTO:\nPage.goto: net::ERR_FAILED at https://www.bolton.ac.uk/assets/Student-Policy-Zone-2023-24/Disruptive-Behaviour-within-the-Library.pdf\nCall log:\n  - navigating to "https://www.bolton.ac.uk/assets/Student-Policy-Zone-2023-24/Disruptive-Behaviour-within-the-Library.pdf", waiting until "domcontentloaded"\n\n\nCode context:\n1200   \n1201                       response = await page.goto(\n1202                           url, wait_until=config.wait_until, timeout=config.page_timeout\n1203                       )\n1204                   except Error as e:\n1205 →                     raise RuntimeError(f"Failed on navigating ACS-GOTO:\\n{str(e)}")\n1206   \n1207                   await self.execute_hook("after_goto", page, context=context, url=url, response=response)\n1208   \n1209                   if response is None:\n1210                       status_code = 200' session_id=None response_headers=None status_code=None ssl_certificate=None


Failed to crawl: https://www.bolton.ac.uk/assets/Student-Policy-Zone-2023-24/Information-Security-Policy.pdf
Result: url='https://www.bolton.ac.uk/assets/Student-Policy-Zone-2023-24/Information-Security-Policy.pdf' html='' success=False cleaned_html=None media={} links={} downloaded_files=None screenshot=None pdf=None markdown=None markdown_v2=None fit_markdown=None fit_html=None extracted_content=None metadata=None error_message='Unexpected error in _crawl_web at line 1205 in _crawl_web (../../.pyenv/versions/3.12.6/lib/python3.12/site-packages/crawl4ai/async_crawler_strategy.py):\nError: Failed on navigating ACS-GOTO:\nPage.goto: net::ERR_FAILED at https://www.bolton.ac.uk/assets/Student-Policy-Zone-2023-24/Information-Security-Policy.pdf\nCall log:\n  - navigating to "https://www.bolton.ac.uk/assets/Student-Policy-Zone-2023-24/Information-Security-Policy.pdf", waiting until "domcontentloaded"\n\n\nCode context:\n1200   \n1201                       response = await page.goto(\n1202                           url, wait_until=config.wait_until, timeout=config.page_timeout\n1203                       )\n1204                   except Error as e:\n1205 →                     raise RuntimeError(f"Failed on navigating ACS-GOTO:\\n{str(e)}")\n1206   \n1207                   await self.execute_hook("after_goto", page, context=context, url=url, response=response)\n1208   \n1209                   if response is None:\n1210                       status_code = 200' session_id=None response_headers=None status_code=None ssl_certificate=None


Failed to crawl: https://www.bolton.ac.uk/assets/Student-Policy-Zone-2023-24/Code-of-Practice-Relating-to-Freedom-of-Speech-and-all-Planned-Affiliated-Funded-or-Branded-Events-Taking-Place-Off-Campus-2022-23-v2.pdf
Result: url='https://www.bolton.ac.uk/assets/Student-Policy-Zone-2023-24/Code-of-Practice-Relating-to-Freedom-of-Speech-and-all-Planned-Affiliated-Funded-or-Branded-Events-Taking-Place-Off-Campus-2022-23-v2.pdf' html='' success=False cleaned_html=None media={} links={} downloaded_files=None screenshot=None pdf=None markdown=None markdown_v2=None fit_markdown=None fit_html=None extracted_content=None metadata=None error_message='Unexpected error in _crawl_web at line 1205 in _crawl_web (../../.pyenv/versions/3.12.6/lib/python3.12/site-packages/crawl4ai/async_crawler_strategy.py):\nError: Failed on navigating ACS-GOTO:\nPage.goto: net::ERR_FAILED at https://www.bolton.ac.uk/assets/Student-Policy-Zone-2023-24/Code-of-Practice-Relating-to-Freedom-of-Speech-and-all-Planned-Affiliated-Funded-or-Branded-Events-Taking-Place-Off-Campus-2022-23-v2.pdf\nCall log:\n  - navigating to "https://www.bolton.ac.uk/assets/Student-Policy-Zone-2023-24/Code-of-Practice-Relating-to-Freedom-of-Speech-and-all-Planned-Affiliated-Funded-or-Branded-Events-Taking-Place-Off-Campus-2022-23-v2.pdf", waiting until "domcontentloaded"\n\n\nCode context:\n1200   \n1201                       response = await page.goto(\n1202                           url, wait_until=config.wait_until, timeout=config.page_timeout\n1203                       )\n1204                   except Error as e:\n1205 →                     raise RuntimeError(f"Failed on navigating ACS-GOTO:\\n{str(e)}")\n1206   \n1207                   await self.execute_hook("after_goto", page, context=context, url=url, response=response)\n1208   \n1209                   if response is None:\n1210                       status_code = 200' session_id=None response_headers=None status_code=None ssl_certificate=None


Failed to crawl: https://www.bolton.ac.uk/assets/Student-Policy-Zone-2023-24/Code-of-Practice-Relating-to-Freedom-of-Speech-and-Meetings-on-University-Premises.pdf
Result: url='https://www.bolton.ac.uk/assets/Student-Policy-Zone-2023-24/Code-of-Practice-Relating-to-Freedom-of-Speech-and-Meetings-on-University-Premises.pdf' html='' success=False cleaned_html=None media={} links={} downloaded_files=None screenshot=None pdf=None markdown=None markdown_v2=None fit_markdown=None fit_html=None extracted_content=None metadata=None error_message='Unexpected error in _crawl_web at line 1205 in _crawl_web (../../.pyenv/versions/3.12.6/lib/python3.12/site-packages/crawl4ai/async_crawler_strategy.py):\nError: Failed on navigating ACS-GOTO:\nPage.goto: net::ERR_FAILED at https://www.bolton.ac.uk/assets/Student-Policy-Zone-2023-24/Code-of-Practice-Relating-to-Freedom-of-Speech-and-Meetings-on-University-Premises.pdf\nCall log:\n  - navigating to "https://www.bolton.ac.uk/assets/Student-Policy-Zone-2023-24/Code-of-Practice-Relating-to-Freedom-of-Speech-and-Meetings-on-University-Premises.pdf", waiting until "domcontentloaded"\n\n\nCode context:\n1200   \n1201                       response = await page.goto(\n1202                           url, wait_until=config.wait_until, timeout=config.page_timeout\n1203                       )\n1204                   except Error as e:\n1205 →                     raise RuntimeError(f"Failed on navigating ACS-GOTO:\\n{str(e)}")\n1206   \n1207                   await self.execute_hook("after_goto", page, context=context, url=url, response=response)\n1208   \n1209                   if response is None:\n1210                       status_code = 200' session_id=None response_headers=None status_code=None ssl_certificate=None


Failed to crawl: https://www.bolton.ac.uk/assets/Student-Policy-Zone-2023-24/Data-Protection-Policy-2023-24.pdf
Result: url='https://www.bolton.ac.uk/assets/Student-Policy-Zone-2023-24/Data-Protection-Policy-2023-24.pdf' html='' success=False cleaned_html=None media={} links={} downloaded_files=None screenshot=None pdf=None markdown=None markdown_v2=None fit_markdown=None fit_html=None extracted_content=None metadata=None error_message='Unexpected error in _crawl_web at line 1205 in _crawl_web (../../.pyenv/versions/3.12.6/lib/python3.12/site-packages/crawl4ai/async_crawler_strategy.py):\nError: Failed on navigating ACS-GOTO:\nPage.goto: net::ERR_FAILED at https://www.bolton.ac.uk/assets/Student-Policy-Zone-2023-24/Data-Protection-Policy-2023-24.pdf\nCall log:\n  - navigating to "https://www.bolton.ac.uk/assets/Student-Policy-Zone-2023-24/Data-Protection-Policy-2023-24.pdf", waiting until "domcontentloaded"\n\n\nCode context:\n1200   \n1201                       response = await page.goto(\n1202                           url, wait_until=config.wait_until, timeout=config.page_timeout\n1203                       )\n1204                   except Error as e:\n1205 →                     raise RuntimeError(f"Failed on navigating ACS-GOTO:\\n{str(e)}")\n1206   \n1207                   await self.execute_hook("after_goto", page, context=context, url=url, response=response)\n1208   \n1209                   if response is None:\n1210                       status_code = 200' session_id=None response_headers=None status_code=None ssl_certificate=None


Failed to crawl: https://www.bolton.ac.uk/assets/Student-Policy-Zone-2023-24/Intellectual-Property-Rights-Policy.pdf
Result: url='https://www.bolton.ac.uk/assets/Student-Policy-Zone-2023-24/Intellectual-Property-Rights-Policy.pdf' html='' success=False cleaned_html=None media={} links={} downloaded_files=None screenshot=None pdf=None markdown=None markdown_v2=None fit_markdown=None fit_html=None extracted_content=None metadata=None error_message='Unexpected error in _crawl_web at line 1205 in _crawl_web (../../.pyenv/versions/3.12.6/lib/python3.12/site-packages/crawl4ai/async_crawler_strategy.py):\nError: Failed on navigating ACS-GOTO:\nPage.goto: net::ERR_FAILED at https://www.bolton.ac.uk/assets/Student-Policy-Zone-2023-24/Intellectual-Property-Rights-Policy.pdf\nCall log:\n  - navigating to "https://www.bolton.ac.uk/assets/Student-Policy-Zone-2023-24/Intellectual-Property-Rights-Policy.pdf", waiting until "domcontentloaded"\n\n\nCode context:\n1200   \n1201                       response = await page.goto(\n1202                           url, wait_until=config.wait_until, timeout=config.page_timeout\n1203                       )\n1204                   except Error as e:\n1205 →                     raise RuntimeError(f"Failed on navigating ACS-GOTO:\\n{str(e)}")\n1206   \n1207                   await self.execute_hook("after_goto", page, context=context, url=url, response=response)\n1208   \n1209                   if response is None:\n1210                       status_code = 200' session_id=None response_headers=None status_code=None ssl_certificate=None


Failed to crawl: https://www.bolton.ac.uk/assets/Student-Policy-Zone-2023-24/Student-Prevent-Policy.pdf
Result: url='https://www.bolton.ac.uk/assets/Student-Policy-Zone-2023-24/Student-Prevent-Policy.pdf' html='' success=False cleaned_html=None media={} links={} downloaded_files=None screenshot=None pdf=None markdown=None markdown_v2=None fit_markdown=None fit_html=None extracted_content=None metadata=None error_message='Unexpected error in _crawl_web at line 1205 in _crawl_web (../../.pyenv/versions/3.12.6/lib/python3.12/site-packages/crawl4ai/async_crawler_strategy.py):\nError: Failed on navigating ACS-GOTO:\nPage.goto: net::ERR_FAILED at https://www.bolton.ac.uk/assets/Student-Policy-Zone-2023-24/Student-Prevent-Policy.pdf\nCall log:\n  - navigating to "https://www.bolton.ac.uk/assets/Student-Policy-Zone-2023-24/Student-Prevent-Policy.pdf", waiting until "domcontentloaded"\n\n\nCode context:\n1200   \n1201                       response = await page.goto(\n1202                           url, wait_until=config.wait_until, timeout=config.page_timeout\n1203                       )\n1204                   except Error as e:\n1205 →                     raise RuntimeError(f"Failed on navigating ACS-GOTO:\\n{str(e)}")\n1206   \n1207                   await self.execute_hook("after_goto", page, context=context, url=url, response=response)\n1208   \n1209                   if response is None:\n1210                       status_code = 200' session_id=None response_headers=None status_code=None ssl_certificate=None


Failed to crawl: https://www.bolton.ac.uk/assets/Student-Policy-Zone-2023-24/Student-Complaints-The-Office-of-the-Independent-Adjudicator.pdf
Result: url='https://www.bolton.ac.uk/assets/Student-Policy-Zone-2023-24/Student-Complaints-The-Office-of-the-Independent-Adjudicator.pdf' html='' success=False cleaned_html=None media={} links={} downloaded_files=None screenshot=None pdf=None markdown=None markdown_v2=None fit_markdown=None fit_html=None extracted_content=None metadata=None error_message='Unexpected error in _crawl_web at line 1205 in _crawl_web (../../.pyenv/versions/3.12.6/lib/python3.12/site-packages/crawl4ai/async_crawler_strategy.py):\nError: Failed on navigating ACS-GOTO:\nPage.goto: net::ERR_FAILED at https://www.bolton.ac.uk/assets/Student-Policy-Zone-2023-24/Student-Complaints-The-Office-of-the-Independent-Adjudicator.pdf\nCall log:\n  - navigating to "https://www.bolton.ac.uk/assets/Student-Policy-Zone-2023-24/Student-Complaints-The-Office-of-the-Independent-Adjudicator.pdf", waiting until "domcontentloaded"\n\n\nCode context:\n1200   \n1201                       response = await page.goto(\n1202                           url, wait_until=config.wait_until, timeout=config.page_timeout\n1203                       )\n1204                   except Error as e:\n1205 →                     raise RuntimeError(f"Failed on navigating ACS-GOTO:\\n{str(e)}")\n1206   \n1207                   await self.execute_hook("after_goto", page, context=context, url=url, response=response)\n1208   \n1209                   if response is None:\n1210                       status_code = 200' session_id=None response_headers=None status_code=None ssl_certificate=None


Failed to crawl: https://www.bolton.ac.uk/assets/Student-Privacy-Notice.pdf
Result: url='https://www.bolton.ac.uk/assets/Student-Privacy-Notice.pdf' html='' success=False cleaned_html=None media={} links={} downloaded_files=None screenshot=None pdf=None markdown=None markdown_v2=None fit_markdown=None fit_html=None extracted_content=None metadata=None error_message='Unexpected error in _crawl_web at line 1205 in _crawl_web (../../.pyenv/versions/3.12.6/lib/python3.12/site-packages/crawl4ai/async_crawler_strategy.py):\nError: Failed on navigating ACS-GOTO:\nPage.goto: net::ERR_FAILED at https://www.bolton.ac.uk/assets/Student-Privacy-Notice.pdf\nCall log:\n  - navigating to "https://www.bolton.ac.uk/assets/Student-Privacy-Notice.pdf", waiting until "domcontentloaded"\n\n\nCode context:\n1200   \n1201                       response = await page.goto(\n1202                           url, wait_until=config.wait_until, timeout=config.page_timeout\n1203                       )\n1204                   except Error as e:\n1205 →                     raise RuntimeError(f"Failed on navigating ACS-GOTO:\\n{str(e)}")\n1206   \n1207                   await self.execute_hook("after_goto", page, context=context, url=url, response=response)\n1208   \n1209                   if response is None:\n1210                       status_code = 200' session_id=None response_headers=None status_code=None ssl_certificate=None


Failed to crawl: https://www.bolton.ac.uk/assets/Student-Policy-Zone-2023-24/UOB-COVID-19-PRIVACY-NOTICE-ADDENDUM.pdf
Result: url='https://www.bolton.ac.uk/assets/Student-Policy-Zone-2023-24/UOB-COVID-19-PRIVACY-NOTICE-ADDENDUM.pdf' html='' success=False cleaned_html=None media={} links={} downloaded_files=None screenshot=None pdf=None markdown=None markdown_v2=None fit_markdown=None fit_html=None extracted_content=None metadata=None error_message='Unexpected error in _crawl_web at line 1205 in _crawl_web (../../.pyenv/versions/3.12.6/lib/python3.12/site-packages/crawl4ai/async_crawler_strategy.py):\nError: Failed on navigating ACS-GOTO:\nPage.goto: net::ERR_FAILED at https://www.bolton.ac.uk/assets/Student-Policy-Zone-2023-24/UOB-COVID-19-PRIVACY-NOTICE-ADDENDUM.pdf\nCall log:\n  - navigating to "https://www.bolton.ac.uk/assets/Student-Policy-Zone-2023-24/UOB-COVID-19-PRIVACY-NOTICE-ADDENDUM.pdf", waiting until "domcontentloaded"\n\n\nCode context:\n1200   \n1201                       response = await page.goto(\n1202                           url, wait_until=config.wait_until, timeout=config.page_timeout\n1203                       )\n1204                   except Error as e:\n1205 →                     raise RuntimeError(f"Failed on navigating ACS-GOTO:\\n{str(e)}")\n1206   \n1207                   await self.execute_hook("after_goto", page, context=context, url=url, response=response)\n1208   \n1209                   if response is None:\n1210                       status_code = 200' session_id=None response_headers=None status_code=None ssl_certificate=None


Failed to crawl: https://www.bolton.ac.uk/assets/Student-Policy-Zone-2023-24/Privacy-Notice-Greater-Manchester-Health-Social-Care-Partnership-3.pdf
Result: url='https://www.bolton.ac.uk/assets/Student-Policy-Zone-2023-24/Privacy-Notice-Greater-Manchester-Health-Social-Care-Partnership-3.pdf' html='' success=False cleaned_html=None media={} links={} downloaded_files=None screenshot=None pdf=None markdown=None markdown_v2=None fit_markdown=None fit_html=None extracted_content=None metadata=None error_message='Unexpected error in _crawl_web at line 1205 in _crawl_web (../../.pyenv/versions/3.12.6/lib/python3.12/site-packages/crawl4ai/async_crawler_strategy.py):\nError: Failed on navigating ACS-GOTO:\nPage.goto: net::ERR_FAILED at https://www.bolton.ac.uk/assets/Student-Policy-Zone-2023-24/Privacy-Notice-Greater-Manchester-Health-Social-Care-Partnership-3.pdf\nCall log:\n  - navigating to "https://www.bolton.ac.uk/assets/Student-Policy-Zone-2023-24/Privacy-Notice-Greater-Manchester-Health-Social-Care-Partnership-3.pdf", waiting until "domcontentloaded"\n\n\nCode context:\n1200   \n1201                       response = await page.goto(\n1202                           url, wait_until=config.wait_until, timeout=config.page_timeout\n1203                       )\n1204                   except Error as e:\n1205 →                     raise RuntimeError(f"Failed on navigating ACS-GOTO:\\n{str(e)}")\n1206   \n1207                   await self.execute_hook("after_goto", page, context=context, url=url, response=response)\n1208   \n1209                   if response is None:\n1210                       status_code = 200' session_id=None response_headers=None status_code=None ssl_certificate=None


Failed to crawl: https://www.bolton.ac.uk/assets/Student-Policy-Zone-2023-24/Student-Social-Media-Guidance.pdf
Result: url='https://www.bolton.ac.uk/assets/Student-Policy-Zone-2023-24/Student-Social-Media-Guidance.pdf' html='' success=False cleaned_html=None media={} links={} downloaded_files=None screenshot=None pdf=None markdown=None markdown_v2=None fit_markdown=None fit_html=None extracted_content=None metadata=None error_message='Unexpected error in _crawl_web at line 1205 in _crawl_web (../../.pyenv/versions/3.12.6/lib/python3.12/site-packages/crawl4ai/async_crawler_strategy.py):\nError: Failed on navigating ACS-GOTO:\nPage.goto: net::ERR_FAILED at https://www.bolton.ac.uk/assets/Student-Policy-Zone-2023-24/Student-Social-Media-Guidance.pdf\nCall log:\n  - navigating to "https://www.bolton.ac.uk/assets/Student-Policy-Zone-2023-24/Student-Social-Media-Guidance.pdf", waiting until "domcontentloaded"\n\n\nCode context:\n1200   \n1201                       response = await page.goto(\n1202                           url, wait_until=config.wait_until, timeout=config.page_timeout\n1203                       )\n1204                   except Error as e:\n1205 →                     raise RuntimeError(f"Failed on navigating ACS-GOTO:\\n{str(e)}")\n1206   \n1207                   await self.execute_hook("after_goto", page, context=context, url=url, response=response)\n1208   \n1209                   if response is None:\n1210                       status_code = 200' session_id=None response_headers=None status_code=None ssl_certificate=None


Failed to crawl: https://www.bolton.ac.uk/assets/Subject-Access-Request-Form.pdf
Result: url='https://www.bolton.ac.uk/assets/Subject-Access-Request-Form.pdf' html='' success=False cleaned_html=None media={} links={} downloaded_files=None screenshot=None pdf=None markdown=None markdown_v2=None fit_markdown=None fit_html=None extracted_content=None metadata=None error_message='Unexpected error in _crawl_web at line 1205 in _crawl_web (../../.pyenv/versions/3.12.6/lib/python3.12/site-packages/crawl4ai/async_crawler_strategy.py):\nError: Failed on navigating ACS-GOTO:\nPage.goto: net::ERR_FAILED at https://www.bolton.ac.uk/assets/Subject-Access-Request-Form.pdf\nCall log:\n  - navigating to "https://www.bolton.ac.uk/assets/Subject-Access-Request-Form.pdf", waiting until "domcontentloaded"\n\n\nCode context:\n1200   \n1201                       response = await page.goto(\n1202                           url, wait_until=config.wait_until, timeout=config.page_timeout\n1203                       )\n1204                   except Error as e:\n1205 →                     raise RuntimeError(f"Failed on navigating ACS-GOTO:\\n{str(e)}")\n1206   \n1207                   await self.execute_hook("after_goto", page, context=context, url=url, response=response)\n1208   \n1209                   if response is None:\n1210                       status_code = 200' session_id=None response_headers=None status_code=None ssl_certificate=None


Failed to crawl: https://www.bolton.ac.uk/assets/Student-Policy-Zone-2023-24/Smoke-Free-Policy-Approved-by-Exec-Board-19-2-19-v2.pdf
Result: url='https://www.bolton.ac.uk/assets/Student-Policy-Zone-2023-24/Smoke-Free-Policy-Approved-by-Exec-Board-19-2-19-v2.pdf' html='' success=False cleaned_html=None media={} links={} downloaded_files=None screenshot=None pdf=None markdown=None markdown_v2=None fit_markdown=None fit_html=None extracted_content=None metadata=None error_message='Unexpected error in _crawl_web at line 1205 in _crawl_web (../../.pyenv/versions/3.12.6/lib/python3.12/site-packages/crawl4ai/async_crawler_strategy.py):\nError: Failed on navigating ACS-GOTO:\nPage.goto: net::ERR_FAILED at https://www.bolton.ac.uk/assets/Student-Policy-Zone-2023-24/Smoke-Free-Policy-Approved-by-Exec-Board-19-2-19-v2.pdf\nCall log:\n  - navigating to "https://www.bolton.ac.uk/assets/Student-Policy-Zone-2023-24/Smoke-Free-Policy-Approved-by-Exec-Board-19-2-19-v2.pdf", waiting until "domcontentloaded"\n\n\nCode context:\n1200   \n1201                       response = await page.goto(\n1202                           url, wait_until=config.wait_until, timeout=config.page_timeout\n1203                       )\n1204                   except Error as e:\n1205 →                     raise RuntimeError(f"Failed on navigating ACS-GOTO:\\n{str(e)}")\n1206   \n1207                   await self.execute_hook("after_goto", page, context=context, url=url, response=response)\n1208   \n1209                   if response is None:\n1210                       status_code = 200' session_id=None response_headers=None status_code=None ssl_certificate=None


Failed to crawl: https://www.bolton.ac.uk/assets/Student-Policy-Zone-2023-24/UoB-Student-Protection-Plan-2023-24-v2.pdf
Result: url='https://www.bolton.ac.uk/assets/Student-Policy-Zone-2023-24/UoB-Student-Protection-Plan-2023-24-v2.pdf' html='' success=False cleaned_html=None media={} links={} downloaded_files=None screenshot=None pdf=None markdown=None markdown_v2=None fit_markdown=None fit_html=None extracted_content=None metadata=None error_message='Unexpected error in _crawl_web at line 1205 in _crawl_web (../../.pyenv/versions/3.12.6/lib/python3.12/site-packages/crawl4ai/async_crawler_strategy.py):\nError: Failed on navigating ACS-GOTO:\nPage.goto: net::ERR_FAILED at https://www.bolton.ac.uk/assets/Student-Policy-Zone-2023-24/UoB-Student-Protection-Plan-2023-24-v2.pdf\nCall log:\n  - navigating to "https://www.bolton.ac.uk/assets/Student-Policy-Zone-2023-24/UoB-Student-Protection-Plan-2023-24-v2.pdf", waiting until "domcontentloaded"\n\n\nCode context:\n1200   \n1201                       response = await page.goto(\n1202                           url, wait_until=config.wait_until, timeout=config.page_timeout\n1203                       )\n1204                   except Error as e:\n1205 →                     raise RuntimeError(f"Failed on navigating ACS-GOTO:\\n{str(e)}")\n1206   \n1207                   await self.execute_hook("after_goto", page, context=context, url=url, response=response)\n1208   \n1209                   if response is None:\n1210                       status_code = 200' session_id=None response_headers=None status_code=None ssl_certificate=None


Failed to crawl: https://www.bolton.ac.uk/assets/Student-Policy-Zone-2023-24/Chaplaincy-Policies-Procedures-and-Guidance.pdf
Result: url='https://www.bolton.ac.uk/assets/Student-Policy-Zone-2023-24/Chaplaincy-Policies-Procedures-and-Guidance.pdf' html='' success=False cleaned_html=None media={} links={} downloaded_files=None screenshot=None pdf=None markdown=None markdown_v2=None fit_markdown=None fit_html=None extracted_content=None metadata=None error_message='Unexpected error in _crawl_web at line 1205 in _crawl_web (../../.pyenv/versions/3.12.6/lib/python3.12/site-packages/crawl4ai/async_crawler_strategy.py):\nError: Failed on navigating ACS-GOTO:\nPage.goto: net::ERR_FAILED at https://www.bolton.ac.uk/assets/Student-Policy-Zone-2023-24/Chaplaincy-Policies-Procedures-and-Guidance.pdf\nCall log:\n  - navigating to "https://www.bolton.ac.uk/assets/Student-Policy-Zone-2023-24/Chaplaincy-Policies-Procedures-and-Guidance.pdf", waiting until "domcontentloaded"\n\n\nCode context:\n1200   \n1201                       response = await page.goto(\n1202                           url, wait_until=config.wait_until, timeout=config.page_timeout\n1203                       )\n1204                   except Error as e:\n1205 →                     raise RuntimeError(f"Failed on navigating ACS-GOTO:\\n{str(e)}")\n1206   \n1207                   await self.execute_hook("after_goto", page, context=context, url=url, response=response)\n1208   \n1209                   if response is None:\n1210                       status_code = 200' session_id=None response_headers=None status_code=None ssl_certificate=None


Failed to crawl: https://www.bolton.ac.uk/assets/University-of-Bolton-Disclosure-and-Barring-Service-Policy_V6.pdf
Result: url='https://www.bolton.ac.uk/assets/University-of-Bolton-Disclosure-and-Barring-Service-Policy_V6.pdf' html='' success=False cleaned_html=None media={} links={} downloaded_files=None screenshot=None pdf=None markdown=None markdown_v2=None fit_markdown=None fit_html=None extracted_content=None metadata=None error_message='Unexpected error in _crawl_web at line 1205 in _crawl_web (../../.pyenv/versions/3.12.6/lib/python3.12/site-packages/crawl4ai/async_crawler_strategy.py):\nError: Failed on navigating ACS-GOTO:\nPage.goto: net::ERR_FAILED at https://www.bolton.ac.uk/assets/University-of-Bolton-Disclosure-and-Barring-Service-Policy_V6.pdf\nCall log:\n  - navigating to "https://www.bolton.ac.uk/assets/University-of-Bolton-Disclosure-and-Barring-Service-Policy_V6.pdf", waiting until "domcontentloaded"\n\n\nCode context:\n1200   \n1201                       response = await page.goto(\n1202                           url, wait_until=config.wait_until, timeout=config.page_timeout\n1203                       )\n1204                   except Error as e:\n1205 →                     raise RuntimeError(f"Failed on navigating ACS-GOTO:\\n{str(e)}")\n1206   \n1207                   await self.execute_hook("after_goto", page, context=context, url=url, response=response)\n1208   \n1209                   if response is None:\n1210                       status_code = 200' session_id=None response_headers=None status_code=None ssl_certificate=None


Failed to crawl: https://www.bolton.ac.uk/assets/Student-Policy-Zone-2023-24/Policy-for-the-Management-of-Meningitis.pdf
Result: url='https://www.bolton.ac.uk/assets/Student-Policy-Zone-2023-24/Policy-for-the-Management-of-Meningitis.pdf' html='' success=False cleaned_html=None media={} links={} downloaded_files=None screenshot=None pdf=None markdown=None markdown_v2=None fit_markdown=None fit_html=None extracted_content=None metadata=None error_message='Unexpected error in _crawl_web at line 1205 in _crawl_web (../../.pyenv/versions/3.12.6/lib/python3.12/site-packages/crawl4ai/async_crawler_strategy.py):\nError: Failed on navigating ACS-GOTO:\nPage.goto: net::ERR_FAILED at https://www.bolton.ac.uk/assets/Student-Policy-Zone-2023-24/Policy-for-the-Management-of-Meningitis.pdf\nCall log:\n  - navigating to "https://www.bolton.ac.uk/assets/Student-Policy-Zone-2023-24/Policy-for-the-Management-of-Meningitis.pdf", waiting until "domcontentloaded"\n\n\nCode context:\n1200   \n1201                       response = await page.goto(\n1202                           url, wait_until=config.wait_until, timeout=config.page_timeout\n1203                       )\n1204                   except Error as e:\n1205 →                     raise RuntimeError(f"Failed on navigating ACS-GOTO:\\n{str(e)}")\n1206   \n1207                   await self.execute_hook("after_goto", page, context=context, url=url, response=response)\n1208   \n1209                   if response is None:\n1210                       status_code = 200' session_id=None response_headers=None status_code=None ssl_certificate=None


Failed to crawl: https://www.bolton.ac.uk/assets/Student-Policy-Zone-2023-24/Policy-on-use-of-illegal-drugs-and-misuse-of-legal-drugs-by-students.pdf
Result: url='https://www.bolton.ac.uk/assets/Student-Policy-Zone-2023-24/Policy-on-use-of-illegal-drugs-and-misuse-of-legal-drugs-by-students.pdf' html='' success=False cleaned_html=None media={} links={} downloaded_files=None screenshot=None pdf=None markdown=None markdown_v2=None fit_markdown=None fit_html=None extracted_content=None metadata=None error_message='Unexpected error in _crawl_web at line 1205 in _crawl_web (../../.pyenv/versions/3.12.6/lib/python3.12/site-packages/crawl4ai/async_crawler_strategy.py):\nError: Failed on navigating ACS-GOTO:\nPage.goto: net::ERR_FAILED at https://www.bolton.ac.uk/assets/Student-Policy-Zone-2023-24/Policy-on-use-of-illegal-drugs-and-misuse-of-legal-drugs-by-students.pdf\nCall log:\n  - navigating to "https://www.bolton.ac.uk/assets/Student-Policy-Zone-2023-24/Policy-on-use-of-illegal-drugs-and-misuse-of-legal-drugs-by-students.pdf", waiting until "domcontentloaded"\n\n\nCode context:\n1200   \n1201                       response = await page.goto(\n1202                           url, wait_until=config.wait_until, timeout=config.page_timeout\n1203                       )\n1204                   except Error as e:\n1205 →                     raise RuntimeError(f"Failed on navigating ACS-GOTO:\\n{str(e)}")\n1206   \n1207                   await self.execute_hook("after_goto", page, context=context, url=url, response=response)\n1208   \n1209                   if response is None:\n1210                       status_code = 200' session_id=None response_headers=None status_code=None ssl_certificate=None


Failed to crawl: https://www.bolton.ac.uk/assets/Student-Policy-Zone-2023-24/Procedure-for-the-support-of-Under-18s.pdf
Result: url='https://www.bolton.ac.uk/assets/Student-Policy-Zone-2023-24/Procedure-for-the-support-of-Under-18s.pdf' html='' success=False cleaned_html=None media={} links={} downloaded_files=None screenshot=None pdf=None markdown=None markdown_v2=None fit_markdown=None fit_html=None extracted_content=None metadata=None error_message='Unexpected error in _crawl_web at line 1205 in _crawl_web (../../.pyenv/versions/3.12.6/lib/python3.12/site-packages/crawl4ai/async_crawler_strategy.py):\nError: Failed on navigating ACS-GOTO:\nPage.goto: net::ERR_FAILED at https://www.bolton.ac.uk/assets/Student-Policy-Zone-2023-24/Procedure-for-the-support-of-Under-18s.pdf\nCall log:\n  - navigating to "https://www.bolton.ac.uk/assets/Student-Policy-Zone-2023-24/Procedure-for-the-support-of-Under-18s.pdf", waiting until "domcontentloaded"\n\n\nCode context:\n1200   \n1201                       response = await page.goto(\n1202                           url, wait_until=config.wait_until, timeout=config.page_timeout\n1203                       )\n1204                   except Error as e:\n1205 →                     raise RuntimeError(f"Failed on navigating ACS-GOTO:\\n{str(e)}")\n1206   \n1207                   await self.execute_hook("after_goto", page, context=context, url=url, response=response)\n1208   \n1209                   if response is None:\n1210                       status_code = 200' session_id=None response_headers=None status_code=None ssl_certificate=None


Failed to crawl: https://www.bolton.ac.uk/assets/Safeguarding-Policy-and-Procedure-University-of-Bolton-V17-May-2023-Clean-v2.pdf
Result: url='https://www.bolton.ac.uk/assets/Safeguarding-Policy-and-Procedure-University-of-Bolton-V17-May-2023-Clean-v2.pdf' html='' success=False cleaned_html=None media={} links={} downloaded_files=None screenshot=None pdf=None markdown=None markdown_v2=None fit_markdown=None fit_html=None extracted_content=None metadata=None error_message='Unexpected error in _crawl_web at line 1205 in _crawl_web (../../.pyenv/versions/3.12.6/lib/python3.12/site-packages/crawl4ai/async_crawler_strategy.py):\nError: Failed on navigating ACS-GOTO:\nPage.goto: net::ERR_FAILED at https://www.bolton.ac.uk/assets/Safeguarding-Policy-and-Procedure-University-of-Bolton-V17-May-2023-Clean-v2.pdf\nCall log:\n  - navigating to "https://www.bolton.ac.uk/assets/Safeguarding-Policy-and-Procedure-University-of-Bolton-V17-May-2023-Clean-v2.pdf", waiting until "domcontentloaded"\n\n\nCode context:\n1200   \n1201                       response = await page.goto(\n1202                           url, wait_until=config.wait_until, timeout=config.page_timeout\n1203                       )\n1204                   except Error as e:\n1205 →                     raise RuntimeError(f"Failed on navigating ACS-GOTO:\\n{str(e)}")\n1206   \n1207                   await self.execute_hook("after_goto", page, context=context, url=url, response=response)\n1208   \n1209                   if response is None:\n1210                       status_code = 200' session_id=None response_headers=None status_code=None ssl_certificate=None


Failed to crawl: https://www.bolton.ac.uk/assets/Student-Policy-Zone-2023-24/Safeguarding-Policy-and-Procedure-University-of-Bolton-v11-05.2022-Clean.pdf
Result: url='https://www.bolton.ac.uk/assets/Student-Policy-Zone-2023-24/Safeguarding-Policy-and-Procedure-University-of-Bolton-v11-05.2022-Clean.pdf' html='' success=False cleaned_html=None media={} links={} downloaded_files=None screenshot=None pdf=None markdown=None markdown_v2=None fit_markdown=None fit_html=None extracted_content=None metadata=None error_message='Unexpected error in _crawl_web at line 1205 in _crawl_web (../../.pyenv/versions/3.12.6/lib/python3.12/site-packages/crawl4ai/async_crawler_strategy.py):\nError: Failed on navigating ACS-GOTO:\nPage.goto: net::ERR_FAILED at https://www.bolton.ac.uk/assets/Student-Policy-Zone-2023-24/Safeguarding-Policy-and-Procedure-University-of-Bolton-v11-05.2022-Clean.pdf\nCall log:\n  - navigating to "https://www.bolton.ac.uk/assets/Student-Policy-Zone-2023-24/Safeguarding-Policy-and-Procedure-University-of-Bolton-v11-05.2022-Clean.pdf", waiting until "domcontentloaded"\n\n\nCode context:\n1200   \n1201                       response = await page.goto(\n1202                           url, wait_until=config.wait_until, timeout=config.page_timeout\n1203                       )\n1204                   except Error as e:\n1205 →                     raise RuntimeError(f"Failed on navigating ACS-GOTO:\\n{str(e)}")\n1206   \n1207                   await self.execute_hook("after_goto", page, context=context, url=url, response=response)\n1208   \n1209                   if response is None:\n1210                       status_code = 200' session_id=None response_headers=None status_code=None ssl_certificate=None


Failed to crawl: https://www.bolton.ac.uk/assets/Student-Policy-Zone-2023-24/Students-Dignity-at-Study-Policy-and-Procedure.pdf
Result: url='https://www.bolton.ac.uk/assets/Student-Policy-Zone-2023-24/Students-Dignity-at-Study-Policy-and-Procedure.pdf' html='' success=False cleaned_html=None media={} links={} downloaded_files=None screenshot=None pdf=None markdown=None markdown_v2=None fit_markdown=None fit_html=None extracted_content=None metadata=None error_message='Unexpected error in _crawl_web at line 1205 in _crawl_web (../../.pyenv/versions/3.12.6/lib/python3.12/site-packages/crawl4ai/async_crawler_strategy.py):\nError: Failed on navigating ACS-GOTO:\nPage.goto: net::ERR_FAILED at https://www.bolton.ac.uk/assets/Student-Policy-Zone-2023-24/Students-Dignity-at-Study-Policy-and-Procedure.pdf\nCall log:\n  - navigating to "https://www.bolton.ac.uk/assets/Student-Policy-Zone-2023-24/Students-Dignity-at-Study-Policy-and-Procedure.pdf", waiting until "domcontentloaded"\n\n\nCode context:\n1200   \n1201                       response = await page.goto(\n1202                           url, wait_until=config.wait_until, timeout=config.page_timeout\n1203                       )\n1204                   except Error as e:\n1205 →                     raise RuntimeError(f"Failed on navigating ACS-GOTO:\\n{str(e)}")\n1206   \n1207                   await self.execute_hook("after_goto", page, context=context, url=url, response=response)\n1208   \n1209                   if response is None:\n1210                       status_code = 200' session_id=None response_headers=None status_code=None ssl_certificate=None


Failed to crawl: https://www.bolton.ac.uk/assets/Student-Policy-Zone-2023-24/ID-Card-Procedure.pdf
Result: url='https://www.bolton.ac.uk/assets/Student-Policy-Zone-2023-24/ID-Card-Procedure.pdf' html='' success=False cleaned_html=None media={} links={} downloaded_files=None screenshot=None pdf=None markdown=None markdown_v2=None fit_markdown=None fit_html=None extracted_content=None metadata=None error_message='Unexpected error in _crawl_web at line 1205 in _crawl_web (../../.pyenv/versions/3.12.6/lib/python3.12/site-packages/crawl4ai/async_crawler_strategy.py):\nError: Failed on navigating ACS-GOTO:\nPage.goto: net::ERR_FAILED at https://www.bolton.ac.uk/assets/Student-Policy-Zone-2023-24/ID-Card-Procedure.pdf\nCall log:\n  - navigating to "https://www.bolton.ac.uk/assets/Student-Policy-Zone-2023-24/ID-Card-Procedure.pdf", waiting until "domcontentloaded"\n\n\nCode context:\n1200   \n1201                       response = await page.goto(\n1202                           url, wait_until=config.wait_until, timeout=config.page_timeout\n1203                       )\n1204                   except Error as e:\n1205 →                     raise RuntimeError(f"Failed on navigating ACS-GOTO:\\n{str(e)}")\n1206   \n1207                   await self.execute_hook("after_goto", page, context=context, url=url, response=response)\n1208   \n1209                   if response is None:\n1210                       status_code = 200' session_id=None response_headers=None status_code=None ssl_certificate=None


Failed to crawl: https://www.bolton.ac.uk/assets/Student-Policy-Zone-2023-24/Student-Mental-Health-Policy.pdf
Result: url='https://www.bolton.ac.uk/assets/Student-Policy-Zone-2023-24/Student-Mental-Health-Policy.pdf' html='' success=False cleaned_html=None media={} links={} downloaded_files=None screenshot=None pdf=None markdown=None markdown_v2=None fit_markdown=None fit_html=None extracted_content=None metadata=None error_message='Unexpected error in _crawl_web at line 1205 in _crawl_web (../../.pyenv/versions/3.12.6/lib/python3.12/site-packages/crawl4ai/async_crawler_strategy.py):\nError: Failed on navigating ACS-GOTO:\nPage.goto: net::ERR_FAILED at https://www.bolton.ac.uk/assets/Student-Policy-Zone-2023-24/Student-Mental-Health-Policy.pdf\nCall log:\n  - navigating to "https://www.bolton.ac.uk/assets/Student-Policy-Zone-2023-24/Student-Mental-Health-Policy.pdf", waiting until "domcontentloaded"\n\n\nCode context:\n1200   \n1201                       response = await page.goto(\n1202                           url, wait_until=config.wait_until, timeout=config.page_timeout\n1203                       )\n1204                   except Error as e:\n1205 →                     raise RuntimeError(f"Failed on navigating ACS-GOTO:\\n{str(e)}")\n1206   \n1207                   await self.execute_hook("after_goto", page, context=context, url=url, response=response)\n1208   \n1209                   if response is None:\n1210                       status_code = 200' session_id=None response_headers=None status_code=None ssl_certificate=None


Failed to crawl: https://www.bolton.ac.uk/assets/Student-Trusted-Contact-Procedure-July-2023-v2.pdf
Result: url='https://www.bolton.ac.uk/assets/Student-Trusted-Contact-Procedure-July-2023-v2.pdf' html='' success=False cleaned_html=None media={} links={} downloaded_files=None screenshot=None pdf=None markdown=None markdown_v2=None fit_markdown=None fit_html=None extracted_content=None metadata=None error_message='Unexpected error in _crawl_web at line 1205 in _crawl_web (../../.pyenv/versions/3.12.6/lib/python3.12/site-packages/crawl4ai/async_crawler_strategy.py):\nError: Failed on navigating ACS-GOTO:\nPage.goto: net::ERR_FAILED at https://www.bolton.ac.uk/assets/Student-Trusted-Contact-Procedure-July-2023-v2.pdf\nCall log:\n  - navigating to "https://www.bolton.ac.uk/assets/Student-Trusted-Contact-Procedure-July-2023-v2.pdf", waiting until "domcontentloaded"\n\n\nCode context:\n1200   \n1201                       response = await page.goto(\n1202                           url, wait_until=config.wait_until, timeout=config.page_timeout\n1203                       )\n1204                   except Error as e:\n1205 →                     raise RuntimeError(f"Failed on navigating ACS-GOTO:\\n{str(e)}")\n1206   \n1207                   await self.execute_hook("after_goto", page, context=context, url=url, response=response)\n1208   \n1209                   if response is None:\n1210                       status_code = 200' session_id=None response_headers=None status_code=None ssl_certificate=None


Failed to crawl: https://www.bolton.ac.uk/assets/Student-Policy-Zone-2023-24/Student-Pregnancy-and-Maternity-Policy.pdf
Result: url='https://www.bolton.ac.uk/assets/Student-Policy-Zone-2023-24/Student-Pregnancy-and-Maternity-Policy.pdf' html='' success=False cleaned_html=None media={} links={} downloaded_files=None screenshot=None pdf=None markdown=None markdown_v2=None fit_markdown=None fit_html=None extracted_content=None metadata=None error_message='Unexpected error in _crawl_web at line 1205 in _crawl_web (../../.pyenv/versions/3.12.6/lib/python3.12/site-packages/crawl4ai/async_crawler_strategy.py):\nError: Failed on navigating ACS-GOTO:\nPage.goto: net::ERR_FAILED at https://www.bolton.ac.uk/assets/Student-Policy-Zone-2023-24/Student-Pregnancy-and-Maternity-Policy.pdf\nCall log:\n  - navigating to "https://www.bolton.ac.uk/assets/Student-Policy-Zone-2023-24/Student-Pregnancy-and-Maternity-Policy.pdf", waiting until "domcontentloaded"\n\n\nCode context:\n1200   \n1201                       response = await page.goto(\n1202                           url, wait_until=config.wait_until, timeout=config.page_timeout\n1203                       )\n1204                   except Error as e:\n1205 →                     raise RuntimeError(f"Failed on navigating ACS-GOTO:\\n{str(e)}")\n1206   \n1207                   await self.execute_hook("after_goto", page, context=context, url=url, response=response)\n1208   \n1209                   if response is None:\n1210                       status_code = 200' session_id=None response_headers=None status_code=None ssl_certificate=None


Failed to crawl: https://www.bolton.ac.uk/assets/Student-Policy-Zone-2023-24/Student-Services-Charges.pdf
Result: url='https://www.bolton.ac.uk/assets/Student-Policy-Zone-2023-24/Student-Services-Charges.pdf' html='' success=False cleaned_html=None media={} links={} downloaded_files=None screenshot=None pdf=None markdown=None markdown_v2=None fit_markdown=None fit_html=None extracted_content=None metadata=None error_message='Unexpected error in _crawl_web at line 1205 in _crawl_web (../../.pyenv/versions/3.12.6/lib/python3.12/site-packages/crawl4ai/async_crawler_strategy.py):\nError: Failed on navigating ACS-GOTO:\nPage.goto: net::ERR_FAILED at https://www.bolton.ac.uk/assets/Student-Policy-Zone-2023-24/Student-Services-Charges.pdf\nCall log:\n  - navigating to "https://www.bolton.ac.uk/assets/Student-Policy-Zone-2023-24/Student-Services-Charges.pdf", waiting until "domcontentloaded"\n\n\nCode context:\n1200   \n1201                       response = await page.goto(\n1202                           url, wait_until=config.wait_until, timeout=config.page_timeout\n1203                       )\n1204                   except Error as e:\n1205 →                     raise RuntimeError(f"Failed on navigating ACS-GOTO:\\n{str(e)}")\n1206   \n1207                   await self.execute_hook("after_goto", page, context=context, url=url, response=response)\n1208   \n1209                   if response is None:\n1210                       status_code = 200' session_id=None response_headers=None status_code=None ssl_certificate=None


Failed to crawl: https://www.bolton.ac.uk/assets/Student-Success-Strategy-November-2022-v2.pdf
Result: url='https://www.bolton.ac.uk/assets/Student-Success-Strategy-November-2022-v2.pdf' html='' success=False cleaned_html=None media={} links={} downloaded_files=None screenshot=None pdf=None markdown=None markdown_v2=None fit_markdown=None fit_html=None extracted_content=None metadata=None error_message='Unexpected error in _crawl_web at line 1205 in _crawl_web (../../.pyenv/versions/3.12.6/lib/python3.12/site-packages/crawl4ai/async_crawler_strategy.py):\nError: Failed on navigating ACS-GOTO:\nPage.goto: net::ERR_FAILED at https://www.bolton.ac.uk/assets/Student-Success-Strategy-November-2022-v2.pdf\nCall log:\n  - navigating to "https://www.bolton.ac.uk/assets/Student-Success-Strategy-November-2022-v2.pdf", waiting until "domcontentloaded"\n\n\nCode context:\n1200   \n1201                       response = await page.goto(\n1202                           url, wait_until=config.wait_until, timeout=config.page_timeout\n1203                       )\n1204                   except Error as e:\n1205 →                     raise RuntimeError(f"Failed on navigating ACS-GOTO:\\n{str(e)}")\n1206   \n1207                   await self.execute_hook("after_goto", page, context=context, url=url, response=response)\n1208   \n1209                   if response is None:\n1210                       status_code = 200' session_id=None response_headers=None status_code=None ssl_certificate=None


Failed to crawl: https://www.bolton.ac.uk/assets/Uploads/Suicide-Prevention-and-Response-Strategy-2021-2026.pdf
Result: url='https://www.bolton.ac.uk/assets/Uploads/Suicide-Prevention-and-Response-Strategy-2021-2026.pdf' html='' success=False cleaned_html=None media={} links={} downloaded_files=None screenshot=None pdf=None markdown=None markdown_v2=None fit_markdown=None fit_html=None extracted_content=None metadata=None error_message='Unexpected error in _crawl_web at line 1205 in _crawl_web (../../.pyenv/versions/3.12.6/lib/python3.12/site-packages/crawl4ai/async_crawler_strategy.py):\nError: Failed on navigating ACS-GOTO:\nPage.goto: net::ERR_FAILED at https://www.bolton.ac.uk/assets/Uploads/Suicide-Prevention-and-Response-Strategy-2021-2026.pdf\nCall log:\n  - navigating to "https://www.bolton.ac.uk/assets/Uploads/Suicide-Prevention-and-Response-Strategy-2021-2026.pdf", waiting until "domcontentloaded"\n\n\nCode context:\n1200   \n1201                       response = await page.goto(\n1202                           url, wait_until=config.wait_until, timeout=config.page_timeout\n1203                       )\n1204                   except Error as e:\n1205 →                     raise RuntimeError(f"Failed on navigating ACS-GOTO:\\n{str(e)}")\n1206   \n1207                   await self.execute_hook("after_goto", page, context=context, url=url, response=response)\n1208   \n1209                   if response is None:\n1210                       status_code = 200' session_id=None response_headers=None status_code=None ssl_certificate=None


Failed to crawl: https://www.bolton.ac.uk/assets/Student-Policy-Zone-2023-24/Use-of-the-Chaplaincy.pdf
Result: url='https://www.bolton.ac.uk/assets/Student-Policy-Zone-2023-24/Use-of-the-Chaplaincy.pdf' html='' success=False cleaned_html=None media={} links={} downloaded_files=None screenshot=None pdf=None markdown=None markdown_v2=None fit_markdown=None fit_html=None extracted_content=None metadata=None error_message='Unexpected error in _crawl_web at line 1205 in _crawl_web (../../.pyenv/versions/3.12.6/lib/python3.12/site-packages/crawl4ai/async_crawler_strategy.py):\nError: Failed on navigating ACS-GOTO:\nPage.goto: net::ERR_FAILED at https://www.bolton.ac.uk/assets/Student-Policy-Zone-2023-24/Use-of-the-Chaplaincy.pdf\nCall log:\n  - navigating to "https://www.bolton.ac.uk/assets/Student-Policy-Zone-2023-24/Use-of-the-Chaplaincy.pdf", waiting until "domcontentloaded"\n\n\nCode context:\n1200   \n1201                       response = await page.goto(\n1202                           url, wait_until=config.wait_until, timeout=config.page_timeout\n1203                       )\n1204                   except Error as e:\n1205 →                     raise RuntimeError(f"Failed on navigating ACS-GOTO:\\n{str(e)}")\n1206   \n1207                   await self.execute_hook("after_goto", page, context=context, url=url, response=response)\n1208   \n1209                   if response is None:\n1210                       status_code = 200' session_id=None response_headers=None status_code=None ssl_certificate=None


Failed to crawl: https://www.bolton.ac.uk/assets/Student-Policy-Zone-2023-24/Assessment-and-Moderation-Procedures-2023-24.pdf
Result: url='https://www.bolton.ac.uk/assets/Student-Policy-Zone-2023-24/Assessment-and-Moderation-Procedures-2023-24.pdf' html='' success=False cleaned_html=None media={} links={} downloaded_files=None screenshot=None pdf=None markdown=None markdown_v2=None fit_markdown=None fit_html=None extracted_content=None metadata=None error_message='Unexpected error in _crawl_web at line 1205 in _crawl_web (../../.pyenv/versions/3.12.6/lib/python3.12/site-packages/crawl4ai/async_crawler_strategy.py):\nError: Failed on navigating ACS-GOTO:\nPage.goto: net::ERR_FAILED at https://www.bolton.ac.uk/assets/Student-Policy-Zone-2023-24/Assessment-and-Moderation-Procedures-2023-24.pdf\nCall log:\n  - navigating to "https://www.bolton.ac.uk/assets/Student-Policy-Zone-2023-24/Assessment-and-Moderation-Procedures-2023-24.pdf", waiting until "domcontentloaded"\n\n\nCode context:\n1200   \n1201                       response = await page.goto(\n1202                           url, wait_until=config.wait_until, timeout=config.page_timeout\n1203                       )\n1204                   except Error as e:\n1205 →                     raise RuntimeError(f"Failed on navigating ACS-GOTO:\\n{str(e)}")\n1206   \n1207                   await self.execute_hook("after_goto", page, context=context, url=url, response=response)\n1208   \n1209                   if response is None:\n1210                       status_code = 200' session_id=None response_headers=None status_code=None ssl_certificate=None


Failed to crawl: https://www.bolton.ac.uk/assets/Assessment-Regulations-for-PGT-Programmes-2023-24-V8-v2.pdf
Result: url='https://www.bolton.ac.uk/assets/Assessment-Regulations-for-PGT-Programmes-2023-24-V8-v2.pdf' html='' success=False cleaned_html=None media={} links={} downloaded_files=None screenshot=None pdf=None markdown=None markdown_v2=None fit_markdown=None fit_html=None extracted_content=None metadata=None error_message='Unexpected error in _crawl_web at line 1205 in _crawl_web (../../.pyenv/versions/3.12.6/lib/python3.12/site-packages/crawl4ai/async_crawler_strategy.py):\nError: Failed on navigating ACS-GOTO:\nPage.goto: net::ERR_FAILED at https://www.bolton.ac.uk/assets/Assessment-Regulations-for-PGT-Programmes-2023-24-V8-v2.pdf\nCall log:\n  - navigating to "https://www.bolton.ac.uk/assets/Assessment-Regulations-for-PGT-Programmes-2023-24-V8-v2.pdf", waiting until "domcontentloaded"\n\n\nCode context:\n1200   \n1201                       response = await page.goto(\n1202                           url, wait_until=config.wait_until, timeout=config.page_timeout\n1203                       )\n1204                   except Error as e:\n1205 →                     raise RuntimeError(f"Failed on navigating ACS-GOTO:\\n{str(e)}")\n1206   \n1207                   await self.execute_hook("after_goto", page, context=context, url=url, response=response)\n1208   \n1209                   if response is None:\n1210                       status_code = 200' session_id=None response_headers=None status_code=None ssl_certificate=None


Failed to crawl: https://www.bolton.ac.uk/assets/Assessment-Regulations-for-Undergraduate-Programmes-2023-24-V10-v2.pdf
Result: url='https://www.bolton.ac.uk/assets/Assessment-Regulations-for-Undergraduate-Programmes-2023-24-V10-v2.pdf' html='' success=False cleaned_html=None media={} links={} downloaded_files=None screenshot=None pdf=None markdown=None markdown_v2=None fit_markdown=None fit_html=None extracted_content=None metadata=None error_message='Unexpected error in _crawl_web at line 1205 in _crawl_web (../../.pyenv/versions/3.12.6/lib/python3.12/site-packages/crawl4ai/async_crawler_strategy.py):\nError: Failed on navigating ACS-GOTO:\nPage.goto: net::ERR_FAILED at https://www.bolton.ac.uk/assets/Assessment-Regulations-for-Undergraduate-Programmes-2023-24-V10-v2.pdf\nCall log:\n  - navigating to "https://www.bolton.ac.uk/assets/Assessment-Regulations-for-Undergraduate-Programmes-2023-24-V10-v2.pdf", waiting until "domcontentloaded"\n\n\nCode context:\n1200   \n1201                       response = await page.goto(\n1202                           url, wait_until=config.wait_until, timeout=config.page_timeout\n1203                       )\n1204                   except Error as e:\n1205 →                     raise RuntimeError(f"Failed on navigating ACS-GOTO:\\n{str(e)}")\n1206   \n1207                   await self.execute_hook("after_goto", page, context=context, url=url, response=response)\n1208   \n1209                   if response is None:\n1210                       status_code = 200' session_id=None response_headers=None status_code=None ssl_certificate=None


Failed to crawl: https://www.bolton.ac.uk/assets/Student-Policy-Zone-2023-24/Degree-Classification-Brief-Guide-for-Students-FINAL.pdf
Result: url='https://www.bolton.ac.uk/assets/Student-Policy-Zone-2023-24/Degree-Classification-Brief-Guide-for-Students-FINAL.pdf' html='' success=False cleaned_html=None media={} links={} downloaded_files=None screenshot=None pdf=None markdown=None markdown_v2=None fit_markdown=None fit_html=None extracted_content=None metadata=None error_message='Unexpected error in _crawl_web at line 1205 in _crawl_web (../../.pyenv/versions/3.12.6/lib/python3.12/site-packages/crawl4ai/async_crawler_strategy.py):\nError: Failed on navigating ACS-GOTO:\nPage.goto: net::ERR_FAILED at https://www.bolton.ac.uk/assets/Student-Policy-Zone-2023-24/Degree-Classification-Brief-Guide-for-Students-FINAL.pdf\nCall log:\n  - navigating to "https://www.bolton.ac.uk/assets/Student-Policy-Zone-2023-24/Degree-Classification-Brief-Guide-for-Students-FINAL.pdf", waiting until "domcontentloaded"\n\n\nCode context:\n1200   \n1201                       response = await page.goto(\n1202                           url, wait_until=config.wait_until, timeout=config.page_timeout\n1203                       )\n1204                   except Error as e:\n1205 →                     raise RuntimeError(f"Failed on navigating ACS-GOTO:\\n{str(e)}")\n1206   \n1207                   await self.execute_hook("after_goto", page, context=context, url=url, response=response)\n1208   \n1209                   if response is None:\n1210                       status_code = 200' session_id=None response_headers=None status_code=None ssl_certificate=None


Failed to crawl: https://www.bolton.ac.uk/assets/Student-Policy-Zone-2023-24/Code-of-Practice-for-Work-Based-and-Placement-Learning-2023-24.pdf
Result: url='https://www.bolton.ac.uk/assets/Student-Policy-Zone-2023-24/Code-of-Practice-for-Work-Based-and-Placement-Learning-2023-24.pdf' html='' success=False cleaned_html=None media={} links={} downloaded_files=None screenshot=None pdf=None markdown=None markdown_v2=None fit_markdown=None fit_html=None extracted_content=None metadata=None error_message='Unexpected error in _crawl_web at line 1205 in _crawl_web (../../.pyenv/versions/3.12.6/lib/python3.12/site-packages/crawl4ai/async_crawler_strategy.py):\nError: Failed on navigating ACS-GOTO:\nPage.goto: net::ERR_FAILED at https://www.bolton.ac.uk/assets/Student-Policy-Zone-2023-24/Code-of-Practice-for-Work-Based-and-Placement-Learning-2023-24.pdf\nCall log:\n  - navigating to "https://www.bolton.ac.uk/assets/Student-Policy-Zone-2023-24/Code-of-Practice-for-Work-Based-and-Placement-Learning-2023-24.pdf", waiting until "domcontentloaded"\n\n\nCode context:\n1200   \n1201                       response = await page.goto(\n1202                           url, wait_until=config.wait_until, timeout=config.page_timeout\n1203                       )\n1204                   except Error as e:\n1205 →                     raise RuntimeError(f"Failed on navigating ACS-GOTO:\\n{str(e)}")\n1206   \n1207                   await self.execute_hook("after_goto", page, context=context, url=url, response=response)\n1208   \n1209                   if response is None:\n1210                       status_code = 200' session_id=None response_headers=None status_code=None ssl_certificate=None


Failed to crawl: https://www.bolton.ac.uk/assets/Student-Policy-Zone-2023-24/Exam-Procedures-2023-24.pdf
Result: url='https://www.bolton.ac.uk/assets/Student-Policy-Zone-2023-24/Exam-Procedures-2023-24.pdf' html='' success=False cleaned_html=None media={} links={} downloaded_files=None screenshot=None pdf=None markdown=None markdown_v2=None fit_markdown=None fit_html=None extracted_content=None metadata=None error_message='Unexpected error in _crawl_web at line 1205 in _crawl_web (../../.pyenv/versions/3.12.6/lib/python3.12/site-packages/crawl4ai/async_crawler_strategy.py):\nError: Failed on navigating ACS-GOTO:\nPage.goto: net::ERR_FAILED at https://www.bolton.ac.uk/assets/Student-Policy-Zone-2023-24/Exam-Procedures-2023-24.pdf\nCall log:\n  - navigating to "https://www.bolton.ac.uk/assets/Student-Policy-Zone-2023-24/Exam-Procedures-2023-24.pdf", waiting until "domcontentloaded"\n\n\nCode context:\n1200   \n1201                       response = await page.goto(\n1202                           url, wait_until=config.wait_until, timeout=config.page_timeout\n1203                       )\n1204                   except Error as e:\n1205 →                     raise RuntimeError(f"Failed on navigating ACS-GOTO:\\n{str(e)}")\n1206   \n1207                   await self.execute_hook("after_goto", page, context=context, url=url, response=response)\n1208   \n1209                   if response is None:\n1210                       status_code = 200' session_id=None response_headers=None status_code=None ssl_certificate=None


Failed to crawl: https://www.bolton.ac.uk/assets/Faculty-of-Health-and-Wellbeing-Student-Occupational-Health-Assessment-Policy-2023-24.pdf
Result: url='https://www.bolton.ac.uk/assets/Faculty-of-Health-and-Wellbeing-Student-Occupational-Health-Assessment-Policy-2023-24.pdf' html='' success=False cleaned_html=None media={} links={} downloaded_files=None screenshot=None pdf=None markdown=None markdown_v2=None fit_markdown=None fit_html=None extracted_content=None metadata=None error_message='Unexpected error in _crawl_web at line 1205 in _crawl_web (../../.pyenv/versions/3.12.6/lib/python3.12/site-packages/crawl4ai/async_crawler_strategy.py):\nError: Failed on navigating ACS-GOTO:\nPage.goto: net::ERR_FAILED at https://www.bolton.ac.uk/assets/Faculty-of-Health-and-Wellbeing-Student-Occupational-Health-Assessment-Policy-2023-24.pdf\nCall log:\n  - navigating to "https://www.bolton.ac.uk/assets/Faculty-of-Health-and-Wellbeing-Student-Occupational-Health-Assessment-Policy-2023-24.pdf", waiting until "domcontentloaded"\n\n\nCode context:\n1200   \n1201                       response = await page.goto(\n1202                           url, wait_until=config.wait_until, timeout=config.page_timeout\n1203                       )\n1204                   except Error as e:\n1205 →                     raise RuntimeError(f"Failed on navigating ACS-GOTO:\\n{str(e)}")\n1206   \n1207                   await self.execute_hook("after_goto", page, context=context, url=url, response=response)\n1208   \n1209                   if response is None:\n1210                       status_code = 200' session_id=None response_headers=None status_code=None ssl_certificate=None


Failed to crawl: https://www.bolton.ac.uk/assets/Student-Policy-Zone-2023-24/Modification-to-a-Taught-Programme-2023-24.pdf
Result: url='https://www.bolton.ac.uk/assets/Student-Policy-Zone-2023-24/Modification-to-a-Taught-Programme-2023-24.pdf' html='' success=False cleaned_html=None media={} links={} downloaded_files=None screenshot=None pdf=None markdown=None markdown_v2=None fit_markdown=None fit_html=None extracted_content=None metadata=None error_message='Unexpected error in _crawl_web at line 1205 in _crawl_web (../../.pyenv/versions/3.12.6/lib/python3.12/site-packages/crawl4ai/async_crawler_strategy.py):\nError: Failed on navigating ACS-GOTO:\nPage.goto: net::ERR_FAILED at https://www.bolton.ac.uk/assets/Student-Policy-Zone-2023-24/Modification-to-a-Taught-Programme-2023-24.pdf\nCall log:\n  - navigating to "https://www.bolton.ac.uk/assets/Student-Policy-Zone-2023-24/Modification-to-a-Taught-Programme-2023-24.pdf", waiting until "domcontentloaded"\n\n\nCode context:\n1200   \n1201                       response = await page.goto(\n1202                           url, wait_until=config.wait_until, timeout=config.page_timeout\n1203                       )\n1204                   except Error as e:\n1205 →                     raise RuntimeError(f"Failed on navigating ACS-GOTO:\\n{str(e)}")\n1206   \n1207                   await self.execute_hook("after_goto", page, context=context, url=url, response=response)\n1208   \n1209                   if response is None:\n1210                       status_code = 200' session_id=None response_headers=None status_code=None ssl_certificate=None


Failed to crawl: https://www.bolton.ac.uk/assets/Student-Policy-Zone-2023-24/Programme-Closure-and-Suspension-Policy-and-Procedures-2023-24.pdf
Result: url='https://www.bolton.ac.uk/assets/Student-Policy-Zone-2023-24/Programme-Closure-and-Suspension-Policy-and-Procedures-2023-24.pdf' html='' success=False cleaned_html=None media={} links={} downloaded_files=None screenshot=None pdf=None markdown=None markdown_v2=None fit_markdown=None fit_html=None extracted_content=None metadata=None error_message='Unexpected error in _crawl_web at line 1205 in _crawl_web (../../.pyenv/versions/3.12.6/lib/python3.12/site-packages/crawl4ai/async_crawler_strategy.py):\nError: Failed on navigating ACS-GOTO:\nPage.goto: net::ERR_FAILED at https://www.bolton.ac.uk/assets/Student-Policy-Zone-2023-24/Programme-Closure-and-Suspension-Policy-and-Procedures-2023-24.pdf\nCall log:\n  - navigating to "https://www.bolton.ac.uk/assets/Student-Policy-Zone-2023-24/Programme-Closure-and-Suspension-Policy-and-Procedures-2023-24.pdf", waiting until "domcontentloaded"\n\n\nCode context:\n1200   \n1201                       response = await page.goto(\n1202                           url, wait_until=config.wait_until, timeout=config.page_timeout\n1203                       )\n1204                   except Error as e:\n1205 →                     raise RuntimeError(f"Failed on navigating ACS-GOTO:\\n{str(e)}")\n1206   \n1207                   await self.execute_hook("after_goto", page, context=context, url=url, response=response)\n1208   \n1209                   if response is None:\n1210                       status_code = 200' session_id=None response_headers=None status_code=None ssl_certificate=None


Failed to crawl: https://www.bolton.ac.uk/assets/Student-Policy-Zone-2023-24/Regulation-Honorary-Awards-2023-24.pdf
Result: url='https://www.bolton.ac.uk/assets/Student-Policy-Zone-2023-24/Regulation-Honorary-Awards-2023-24.pdf' html='' success=False cleaned_html=None media={} links={} downloaded_files=None screenshot=None pdf=None markdown=None markdown_v2=None fit_markdown=None fit_html=None extracted_content=None metadata=None error_message='Unexpected error in _crawl_web at line 1205 in _crawl_web (../../.pyenv/versions/3.12.6/lib/python3.12/site-packages/crawl4ai/async_crawler_strategy.py):\nError: Failed on navigating ACS-GOTO:\nPage.goto: net::ERR_FAILED at https://www.bolton.ac.uk/assets/Student-Policy-Zone-2023-24/Regulation-Honorary-Awards-2023-24.pdf\nCall log:\n  - navigating to "https://www.bolton.ac.uk/assets/Student-Policy-Zone-2023-24/Regulation-Honorary-Awards-2023-24.pdf", waiting until "domcontentloaded"\n\n\nCode context:\n1200   \n1201                       response = await page.goto(\n1202                           url, wait_until=config.wait_until, timeout=config.page_timeout\n1203                       )\n1204                   except Error as e:\n1205 →                     raise RuntimeError(f"Failed on navigating ACS-GOTO:\\n{str(e)}")\n1206   \n1207                   await self.execute_hook("after_goto", page, context=context, url=url, response=response)\n1208   \n1209                   if response is None:\n1210                       status_code = 200' session_id=None response_headers=None status_code=None ssl_certificate=None


Failed to crawl: https://www.bolton.ac.uk/assets/Regulations-and-Procedures-for-the-Award-of-Aegrotat-Qualifications-including-Posthumous-Awards-2023-24-Approved-by-Senate-June-2023.pdf
Result: url='https://www.bolton.ac.uk/assets/Regulations-and-Procedures-for-the-Award-of-Aegrotat-Qualifications-including-Posthumous-Awards-2023-24-Approved-by-Senate-June-2023.pdf' html='' success=False cleaned_html=None media={} links={} downloaded_files=None screenshot=None pdf=None markdown=None markdown_v2=None fit_markdown=None fit_html=None extracted_content=None metadata=None error_message='Unexpected error in _crawl_web at line 1205 in _crawl_web (../../.pyenv/versions/3.12.6/lib/python3.12/site-packages/crawl4ai/async_crawler_strategy.py):\nError: Failed on navigating ACS-GOTO:\nPage.goto: net::ERR_FAILED at https://www.bolton.ac.uk/assets/Regulations-and-Procedures-for-the-Award-of-Aegrotat-Qualifications-including-Posthumous-Awards-2023-24-Approved-by-Senate-June-2023.pdf\nCall log:\n  - navigating to "https://www.bolton.ac.uk/assets/Regulations-and-Procedures-for-the-Award-of-Aegrotat-Qualifications-including-Posthumous-Awards-2023-24-Approved-by-Senate-June-2023.pdf", waiting until "domcontentloaded"\n\n\nCode context:\n1200   \n1201                       response = await page.goto(\n1202                           url, wait_until=config.wait_until, timeout=config.page_timeout\n1203                       )\n1204                   except Error as e:\n1205 →                     raise RuntimeError(f"Failed on navigating ACS-GOTO:\\n{str(e)}")\n1206   \n1207                   await self.execute_hook("after_goto", page, context=context, url=url, response=response)\n1208   \n1209                   if response is None:\n1210                       status_code = 200' session_id=None response_headers=None status_code=None ssl_certificate=None


Failed to crawl: https://www.bolton.ac.uk/assets/Regulations-and-Procedures-for-the-Conferment-of-University-Awards.pdf
Result: url='https://www.bolton.ac.uk/assets/Regulations-and-Procedures-for-the-Conferment-of-University-Awards.pdf' html='' success=False cleaned_html=None media={} links={} downloaded_files=None screenshot=None pdf=None markdown=None markdown_v2=None fit_markdown=None fit_html=None extracted_content=None metadata=None error_message='Unexpected error in _crawl_web at line 1205 in _crawl_web (../../.pyenv/versions/3.12.6/lib/python3.12/site-packages/crawl4ai/async_crawler_strategy.py):\nError: Failed on navigating ACS-GOTO:\nPage.goto: net::ERR_FAILED at https://www.bolton.ac.uk/assets/Regulations-and-Procedures-for-the-Conferment-of-University-Awards.pdf\nCall log:\n  - navigating to "https://www.bolton.ac.uk/assets/Regulations-and-Procedures-for-the-Conferment-of-University-Awards.pdf", waiting until "domcontentloaded"\n\n\nCode context:\n1200   \n1201                       response = await page.goto(\n1202                           url, wait_until=config.wait_until, timeout=config.page_timeout\n1203                       )\n1204                   except Error as e:\n1205 →                     raise RuntimeError(f"Failed on navigating ACS-GOTO:\\n{str(e)}")\n1206   \n1207                   await self.execute_hook("after_goto", page, context=context, url=url, response=response)\n1208   \n1209                   if response is None:\n1210                       status_code = 200' session_id=None response_headers=None status_code=None ssl_certificate=None


Failed to crawl: https://www.bolton.ac.uk/assets/Regulations-for-the-Organisation-and-Conduct-of-Assessment-Board-2023-24.pdf
Result: url='https://www.bolton.ac.uk/assets/Regulations-for-the-Organisation-and-Conduct-of-Assessment-Board-2023-24.pdf' html='' success=False cleaned_html=None media={} links={} downloaded_files=None screenshot=None pdf=None markdown=None markdown_v2=None fit_markdown=None fit_html=None extracted_content=None metadata=None error_message='Unexpected error in _crawl_web at line 1205 in _crawl_web (../../.pyenv/versions/3.12.6/lib/python3.12/site-packages/crawl4ai/async_crawler_strategy.py):\nError: Failed on navigating ACS-GOTO:\nPage.goto: net::ERR_FAILED at https://www.bolton.ac.uk/assets/Regulations-for-the-Organisation-and-Conduct-of-Assessment-Board-2023-24.pdf\nCall log:\n  - navigating to "https://www.bolton.ac.uk/assets/Regulations-for-the-Organisation-and-Conduct-of-Assessment-Board-2023-24.pdf", waiting until "domcontentloaded"\n\n\nCode context:\n1200   \n1201                       response = await page.goto(\n1202                           url, wait_until=config.wait_until, timeout=config.page_timeout\n1203                       )\n1204                   except Error as e:\n1205 →                     raise RuntimeError(f"Failed on navigating ACS-GOTO:\\n{str(e)}")\n1206   \n1207                   await self.execute_hook("after_goto", page, context=context, url=url, response=response)\n1208   \n1209                   if response is None:\n1210                       status_code = 200' session_id=None response_headers=None status_code=None ssl_certificate=None


Failed to crawl: https://www.bolton.ac.uk/assets/Student-Suspension-Policy-2023-24.pdf
Result: url='https://www.bolton.ac.uk/assets/Student-Suspension-Policy-2023-24.pdf' html='' success=False cleaned_html=None media={} links={} downloaded_files=None screenshot=None pdf=None markdown=None markdown_v2=None fit_markdown=None fit_html=None extracted_content=None metadata=None error_message='Unexpected error in _crawl_web at line 1205 in _crawl_web (../../.pyenv/versions/3.12.6/lib/python3.12/site-packages/crawl4ai/async_crawler_strategy.py):\nError: Failed on navigating ACS-GOTO:\nPage.goto: net::ERR_FAILED at https://www.bolton.ac.uk/assets/Student-Suspension-Policy-2023-24.pdf\nCall log:\n  - navigating to "https://www.bolton.ac.uk/assets/Student-Suspension-Policy-2023-24.pdf", waiting until "domcontentloaded"\n\n\nCode context:\n1200   \n1201                       response = await page.goto(\n1202                           url, wait_until=config.wait_until, timeout=config.page_timeout\n1203                       )\n1204                   except Error as e:\n1205 →                     raise RuntimeError(f"Failed on navigating ACS-GOTO:\\n{str(e)}")\n1206   \n1207                   await self.execute_hook("after_goto", page, context=context, url=url, response=response)\n1208   \n1209                   if response is None:\n1210                       status_code = 200' session_id=None response_headers=None status_code=None ssl_certificate=None


Failed to crawl: https://www.bolton.ac.uk/assets/Student-Policy-Zone-2022-23/Enrolment-and-Admissions/Complaints-and-Appeals-Process-for-Applicants-2022_23-Updated-August-2021.pdf
Result: url='https://www.bolton.ac.uk/assets/Student-Policy-Zone-2022-23/Enrolment-and-Admissions/Complaints-and-Appeals-Process-for-Applicants-2022_23-Updated-August-2021.pdf' html='' success=False cleaned_html=None media={} links={} downloaded_files=None screenshot=None pdf=None markdown=None markdown_v2=None fit_markdown=None fit_html=None extracted_content=None metadata=None error_message='Unexpected error in _crawl_web at line 1205 in _crawl_web (../../.pyenv/versions/3.12.6/lib/python3.12/site-packages/crawl4ai/async_crawler_strategy.py):\nError: Failed on navigating ACS-GOTO:\nPage.goto: net::ERR_FAILED at https://www.bolton.ac.uk/assets/Student-Policy-Zone-2022-23/Enrolment-and-Admissions/Complaints-and-Appeals-Process-for-Applicants-2022_23-Updated-August-2021.pdf\nCall log:\n  - navigating to "https://www.bolton.ac.uk/assets/Student-Policy-Zone-2022-23/Enrolment-and-Admissions/Complaints-and-Appeals-Process-for-Applicants-2022_23-Updated-August-2021.pdf", waiting until "domcontentloaded"\n\n\nCode context:\n1200   \n1201                       response = await page.goto(\n1202                           url, wait_until=config.wait_until, timeout=config.page_timeout\n1203                       )\n1204                   except Error as e:\n1205 →                     raise RuntimeError(f"Failed on navigating ACS-GOTO:\\n{str(e)}")\n1206   \n1207                   await self.execute_hook("after_goto", page, context=context, url=url, response=response)\n1208   \n1209                   if response is None:\n1210                       status_code = 200' session_id=None response_headers=None status_code=None ssl_certificate=None


Failed to crawl: https://www.bolton.ac.uk/assets/Student-Policy-Zone-2022-23/Enrolment-and-Admissions/Course-Fees-Policy-2022_23-Updated-August-2021.pdf
Result: url='https://www.bolton.ac.uk/assets/Student-Policy-Zone-2022-23/Enrolment-and-Admissions/Course-Fees-Policy-2022_23-Updated-August-2021.pdf' html='' success=False cleaned_html=None media={} links={} downloaded_files=None screenshot=None pdf=None markdown=None markdown_v2=None fit_markdown=None fit_html=None extracted_content=None metadata=None error_message='Unexpected error in _crawl_web at line 1205 in _crawl_web (../../.pyenv/versions/3.12.6/lib/python3.12/site-packages/crawl4ai/async_crawler_strategy.py):\nError: Failed on navigating ACS-GOTO:\nPage.goto: net::ERR_FAILED at https://www.bolton.ac.uk/assets/Student-Policy-Zone-2022-23/Enrolment-and-Admissions/Course-Fees-Policy-2022_23-Updated-August-2021.pdf\nCall log:\n  - navigating to "https://www.bolton.ac.uk/assets/Student-Policy-Zone-2022-23/Enrolment-and-Admissions/Course-Fees-Policy-2022_23-Updated-August-2021.pdf", waiting until "domcontentloaded"\n\n\nCode context:\n1200   \n1201                       response = await page.goto(\n1202                           url, wait_until=config.wait_until, timeout=config.page_timeout\n1203                       )\n1204                   except Error as e:\n1205 →                     raise RuntimeError(f"Failed on navigating ACS-GOTO:\\n{str(e)}")\n1206   \n1207                   await self.execute_hook("after_goto", page, context=context, url=url, response=response)\n1208   \n1209                   if response is None:\n1210                       status_code = 200' session_id=None response_headers=None status_code=None ssl_certificate=None


Failed to crawl: https://www.bolton.ac.uk/assets/Student-Policy-Zone-2022-23/Enrolment-and-Admissions/Enrolment-Cancellation-Form-2022-23.pdf
Result: url='https://www.bolton.ac.uk/assets/Student-Policy-Zone-2022-23/Enrolment-and-Admissions/Enrolment-Cancellation-Form-2022-23.pdf' html='' success=False cleaned_html=None media={} links={} downloaded_files=None screenshot=None pdf=None markdown=None markdown_v2=None fit_markdown=None fit_html=None extracted_content=None metadata=None error_message='Unexpected error in _crawl_web at line 1205 in _crawl_web (../../.pyenv/versions/3.12.6/lib/python3.12/site-packages/crawl4ai/async_crawler_strategy.py):\nError: Failed on navigating ACS-GOTO:\nPage.goto: net::ERR_FAILED at https://www.bolton.ac.uk/assets/Student-Policy-Zone-2022-23/Enrolment-and-Admissions/Enrolment-Cancellation-Form-2022-23.pdf\nCall log:\n  - navigating to "https://www.bolton.ac.uk/assets/Student-Policy-Zone-2022-23/Enrolment-and-Admissions/Enrolment-Cancellation-Form-2022-23.pdf", waiting until "domcontentloaded"\n\n\nCode context:\n1200   \n1201                       response = await page.goto(\n1202                           url, wait_until=config.wait_until, timeout=config.page_timeout\n1203                       )\n1204                   except Error as e:\n1205 →                     raise RuntimeError(f"Failed on navigating ACS-GOTO:\\n{str(e)}")\n1206   \n1207                   await self.execute_hook("after_goto", page, context=context, url=url, response=response)\n1208   \n1209                   if response is None:\n1210                       status_code = 200' session_id=None response_headers=None status_code=None ssl_certificate=None


Failed to crawl: https://www.bolton.ac.uk/assets/Student-Policy-Zone-2022-23/Enrolment-and-Admissions/Student-Admissions-Policy-2022_23-Updated-August-2021.pdf
Result: url='https://www.bolton.ac.uk/assets/Student-Policy-Zone-2022-23/Enrolment-and-Admissions/Student-Admissions-Policy-2022_23-Updated-August-2021.pdf' html='' success=False cleaned_html=None media={} links={} downloaded_files=None screenshot=None pdf=None markdown=None markdown_v2=None fit_markdown=None fit_html=None extracted_content=None metadata=None error_message='Unexpected error in _crawl_web at line 1205 in _crawl_web (../../.pyenv/versions/3.12.6/lib/python3.12/site-packages/crawl4ai/async_crawler_strategy.py):\nError: Failed on navigating ACS-GOTO:\nPage.goto: net::ERR_FAILED at https://www.bolton.ac.uk/assets/Student-Policy-Zone-2022-23/Enrolment-and-Admissions/Student-Admissions-Policy-2022_23-Updated-August-2021.pdf\nCall log:\n  - navigating to "https://www.bolton.ac.uk/assets/Student-Policy-Zone-2022-23/Enrolment-and-Admissions/Student-Admissions-Policy-2022_23-Updated-August-2021.pdf", waiting until "domcontentloaded"\n\n\nCode context:\n1200   \n1201                       response = await page.goto(\n1202                           url, wait_until=config.wait_until, timeout=config.page_timeout\n1203                       )\n1204                   except Error as e:\n1205 →                     raise RuntimeError(f"Failed on navigating ACS-GOTO:\\n{str(e)}")\n1206   \n1207                   await self.execute_hook("after_goto", page, context=context, url=url, response=response)\n1208   \n1209                   if response is None:\n1210                       status_code = 200' session_id=None response_headers=None status_code=None ssl_certificate=None


Failed to crawl: https://www.bolton.ac.uk/assets/Student-Policy-Zone-2022-23/Enrolment-and-Admissions/Terms-and-Conditions-of-Enrolment-2022_23-Updated-August-21.pdf
Result: url='https://www.bolton.ac.uk/assets/Student-Policy-Zone-2022-23/Enrolment-and-Admissions/Terms-and-Conditions-of-Enrolment-2022_23-Updated-August-21.pdf' html='' success=False cleaned_html=None media={} links={} downloaded_files=None screenshot=None pdf=None markdown=None markdown_v2=None fit_markdown=None fit_html=None extracted_content=None metadata=None error_message='Unexpected error in _crawl_web at line 1205 in _crawl_web (../../.pyenv/versions/3.12.6/lib/python3.12/site-packages/crawl4ai/async_crawler_strategy.py):\nError: Failed on navigating ACS-GOTO:\nPage.goto: net::ERR_FAILED at https://www.bolton.ac.uk/assets/Student-Policy-Zone-2022-23/Enrolment-and-Admissions/Terms-and-Conditions-of-Enrolment-2022_23-Updated-August-21.pdf\nCall log:\n  - navigating to "https://www.bolton.ac.uk/assets/Student-Policy-Zone-2022-23/Enrolment-and-Admissions/Terms-and-Conditions-of-Enrolment-2022_23-Updated-August-21.pdf", waiting until "domcontentloaded"\n\n\nCode context:\n1200   \n1201                       response = await page.goto(\n1202                           url, wait_until=config.wait_until, timeout=config.page_timeout\n1203                       )\n1204                   except Error as e:\n1205 →                     raise RuntimeError(f"Failed on navigating ACS-GOTO:\\n{str(e)}")\n1206   \n1207                   await self.execute_hook("after_goto", page, context=context, url=url, response=response)\n1208   \n1209                   if response is None:\n1210                       status_code = 200' session_id=None response_headers=None status_code=None ssl_certificate=None


Failed to crawl: https://www.bolton.ac.uk/assets/Student-Policy-Zone-2022-23/Enrolment-and-Admissions/Terms-and-Conditions-of-Enrolment-2022_23-Apprentices-Updated-August-21.pdf
Result: url='https://www.bolton.ac.uk/assets/Student-Policy-Zone-2022-23/Enrolment-and-Admissions/Terms-and-Conditions-of-Enrolment-2022_23-Apprentices-Updated-August-21.pdf' html='' success=False cleaned_html=None media={} links={} downloaded_files=None screenshot=None pdf=None markdown=None markdown_v2=None fit_markdown=None fit_html=None extracted_content=None metadata=None error_message='Unexpected error in _crawl_web at line 1205 in _crawl_web (../../.pyenv/versions/3.12.6/lib/python3.12/site-packages/crawl4ai/async_crawler_strategy.py):\nError: Failed on navigating ACS-GOTO:\nPage.goto: net::ERR_FAILED at https://www.bolton.ac.uk/assets/Student-Policy-Zone-2022-23/Enrolment-and-Admissions/Terms-and-Conditions-of-Enrolment-2022_23-Apprentices-Updated-August-21.pdf\nCall log:\n  - navigating to "https://www.bolton.ac.uk/assets/Student-Policy-Zone-2022-23/Enrolment-and-Admissions/Terms-and-Conditions-of-Enrolment-2022_23-Apprentices-Updated-August-21.pdf", waiting until "domcontentloaded"\n\n\nCode context:\n1200   \n1201                       response = await page.goto(\n1202                           url, wait_until=config.wait_until, timeout=config.page_timeout\n1203                       )\n1204                   except Error as e:\n1205 →                     raise RuntimeError(f"Failed on navigating ACS-GOTO:\\n{str(e)}")\n1206   \n1207                   await self.execute_hook("after_goto", page, context=context, url=url, response=response)\n1208   \n1209                   if response is None:\n1210                       status_code = 200' session_id=None response_headers=None status_code=None ssl_certificate=None


Failed to crawl: https://www.bolton.ac.uk/assets/Student-Policy-Zone-2022-23/Enrolment-and-Admissions/Terms-and-Conditions-relating-to-Additional-Costs-for-Undergraduate-Students-2022-23.pdf
Result: url='https://www.bolton.ac.uk/assets/Student-Policy-Zone-2022-23/Enrolment-and-Admissions/Terms-and-Conditions-relating-to-Additional-Costs-for-Undergraduate-Students-2022-23.pdf' html='' success=False cleaned_html=None media={} links={} downloaded_files=None screenshot=None pdf=None markdown=None markdown_v2=None fit_markdown=None fit_html=None extracted_content=None metadata=None error_message='Unexpected error in _crawl_web at line 1205 in _crawl_web (../../.pyenv/versions/3.12.6/lib/python3.12/site-packages/crawl4ai/async_crawler_strategy.py):\nError: Failed on navigating ACS-GOTO:\nPage.goto: net::ERR_FAILED at https://www.bolton.ac.uk/assets/Student-Policy-Zone-2022-23/Enrolment-and-Admissions/Terms-and-Conditions-relating-to-Additional-Costs-for-Undergraduate-Students-2022-23.pdf\nCall log:\n  - navigating to "https://www.bolton.ac.uk/assets/Student-Policy-Zone-2022-23/Enrolment-and-Admissions/Terms-and-Conditions-relating-to-Additional-Costs-for-Undergraduate-Students-2022-23.pdf", waiting until "domcontentloaded"\n\n\nCode context:\n1200   \n1201                       response = await page.goto(\n1202                           url, wait_until=config.wait_until, timeout=config.page_timeout\n1203                       )\n1204                   except Error as e:\n1205 →                     raise RuntimeError(f"Failed on navigating ACS-GOTO:\\n{str(e)}")\n1206   \n1207                   await self.execute_hook("after_goto", page, context=context, url=url, response=response)\n1208   \n1209                   if response is None:\n1210                       status_code = 200' session_id=None response_headers=None status_code=None ssl_certificate=None


Failed to crawl: https://www.bolton.ac.uk/assets/Student-Policy-Zone-2022-23/Library-and-IT/Internet-Security-Policy-2022-23.pdf
Result: url='https://www.bolton.ac.uk/assets/Student-Policy-Zone-2022-23/Library-and-IT/Internet-Security-Policy-2022-23.pdf' html='' success=False cleaned_html=None media={} links={} downloaded_files=None screenshot=None pdf=None markdown=None markdown_v2=None fit_markdown=None fit_html=None extracted_content=None metadata=None error_message='Unexpected error in _crawl_web at line 1205 in _crawl_web (../../.pyenv/versions/3.12.6/lib/python3.12/site-packages/crawl4ai/async_crawler_strategy.py):\nError: Failed on navigating ACS-GOTO:\nPage.goto: net::ERR_FAILED at https://www.bolton.ac.uk/assets/Student-Policy-Zone-2022-23/Library-and-IT/Internet-Security-Policy-2022-23.pdf\nCall log:\n  - navigating to "https://www.bolton.ac.uk/assets/Student-Policy-Zone-2022-23/Library-and-IT/Internet-Security-Policy-2022-23.pdf", waiting until "domcontentloaded"\n\n\nCode context:\n1200   \n1201                       response = await page.goto(\n1202                           url, wait_until=config.wait_until, timeout=config.page_timeout\n1203                       )\n1204                   except Error as e:\n1205 →                     raise RuntimeError(f"Failed on navigating ACS-GOTO:\\n{str(e)}")\n1206   \n1207                   await self.execute_hook("after_goto", page, context=context, url=url, response=response)\n1208   \n1209                   if response is None:\n1210                       status_code = 200' session_id=None response_headers=None status_code=None ssl_certificate=None


Failed to crawl: https://www.bolton.ac.uk/assets/Student-Policy-Zone-2022-23/Library-and-IT/Library-Code-of-Conduct-2022-23.pdf
Result: url='https://www.bolton.ac.uk/assets/Student-Policy-Zone-2022-23/Library-and-IT/Library-Code-of-Conduct-2022-23.pdf' html='' success=False cleaned_html=None media={} links={} downloaded_files=None screenshot=None pdf=None markdown=None markdown_v2=None fit_markdown=None fit_html=None extracted_content=None metadata=None error_message='Unexpected error in _crawl_web at line 1205 in _crawl_web (../../.pyenv/versions/3.12.6/lib/python3.12/site-packages/crawl4ai/async_crawler_strategy.py):\nError: Failed on navigating ACS-GOTO:\nPage.goto: net::ERR_FAILED at https://www.bolton.ac.uk/assets/Student-Policy-Zone-2022-23/Library-and-IT/Library-Code-of-Conduct-2022-23.pdf\nCall log:\n  - navigating to "https://www.bolton.ac.uk/assets/Student-Policy-Zone-2022-23/Library-and-IT/Library-Code-of-Conduct-2022-23.pdf", waiting until "domcontentloaded"\n\n\nCode context:\n1200   \n1201                       response = await page.goto(\n1202                           url, wait_until=config.wait_until, timeout=config.page_timeout\n1203                       )\n1204                   except Error as e:\n1205 →                     raise RuntimeError(f"Failed on navigating ACS-GOTO:\\n{str(e)}")\n1206   \n1207                   await self.execute_hook("after_goto", page, context=context, url=url, response=response)\n1208   \n1209                   if response is None:\n1210                       status_code = 200' session_id=None response_headers=None status_code=None ssl_certificate=None


Failed to crawl: https://www.bolton.ac.uk/assets/Student-Policy-Zone-2022-23/Library-and-IT/Library-Service-Guides-Children-in-The-Library-2022-23.pdf
Result: url='https://www.bolton.ac.uk/assets/Student-Policy-Zone-2022-23/Library-and-IT/Library-Service-Guides-Children-in-The-Library-2022-23.pdf' html='' success=False cleaned_html=None media={} links={} downloaded_files=None screenshot=None pdf=None markdown=None markdown_v2=None fit_markdown=None fit_html=None extracted_content=None metadata=None error_message='Unexpected error in _crawl_web at line 1205 in _crawl_web (../../.pyenv/versions/3.12.6/lib/python3.12/site-packages/crawl4ai/async_crawler_strategy.py):\nError: Failed on navigating ACS-GOTO:\nPage.goto: net::ERR_FAILED at https://www.bolton.ac.uk/assets/Student-Policy-Zone-2022-23/Library-and-IT/Library-Service-Guides-Children-in-The-Library-2022-23.pdf\nCall log:\n  - navigating to "https://www.bolton.ac.uk/assets/Student-Policy-Zone-2022-23/Library-and-IT/Library-Service-Guides-Children-in-The-Library-2022-23.pdf", waiting until "domcontentloaded"\n\n\nCode context:\n1200   \n1201                       response = await page.goto(\n1202                           url, wait_until=config.wait_until, timeout=config.page_timeout\n1203                       )\n1204                   except Error as e:\n1205 →                     raise RuntimeError(f"Failed on navigating ACS-GOTO:\\n{str(e)}")\n1206   \n1207                   await self.execute_hook("after_goto", page, context=context, url=url, response=response)\n1208   \n1209                   if response is None:\n1210                       status_code = 200' session_id=None response_headers=None status_code=None ssl_certificate=None


Failed to crawl: https://www.bolton.ac.uk/assets/Student-Policy-Zone-2022-23/Library-and-IT/Regulations-for-the-use-of-Computer-Facilities-2022-23.pdf
Result: url='https://www.bolton.ac.uk/assets/Student-Policy-Zone-2022-23/Library-and-IT/Regulations-for-the-use-of-Computer-Facilities-2022-23.pdf' html='' success=False cleaned_html=None media={} links={} downloaded_files=None screenshot=None pdf=None markdown=None markdown_v2=None fit_markdown=None fit_html=None extracted_content=None metadata=None error_message='Unexpected error in _crawl_web at line 1205 in _crawl_web (../../.pyenv/versions/3.12.6/lib/python3.12/site-packages/crawl4ai/async_crawler_strategy.py):\nError: Failed on navigating ACS-GOTO:\nPage.goto: net::ERR_FAILED at https://www.bolton.ac.uk/assets/Student-Policy-Zone-2022-23/Library-and-IT/Regulations-for-the-use-of-Computer-Facilities-2022-23.pdf\nCall log:\n  - navigating to "https://www.bolton.ac.uk/assets/Student-Policy-Zone-2022-23/Library-and-IT/Regulations-for-the-use-of-Computer-Facilities-2022-23.pdf", waiting until "domcontentloaded"\n\n\nCode context:\n1200   \n1201                       response = await page.goto(\n1202                           url, wait_until=config.wait_until, timeout=config.page_timeout\n1203                       )\n1204                   except Error as e:\n1205 →                     raise RuntimeError(f"Failed on navigating ACS-GOTO:\\n{str(e)}")\n1206   \n1207                   await self.execute_hook("after_goto", page, context=context, url=url, response=response)\n1208   \n1209                   if response is None:\n1210                       status_code = 200' session_id=None response_headers=None status_code=None ssl_certificate=None


Failed to crawl: https://www.bolton.ac.uk/assets/Student-Policy-Zone-2022-23/Library-and-IT/Student-Acceptable-Use-Policy-2022-23.pdf
Result: url='https://www.bolton.ac.uk/assets/Student-Policy-Zone-2022-23/Library-and-IT/Student-Acceptable-Use-Policy-2022-23.pdf' html='' success=False cleaned_html=None media={} links={} downloaded_files=None screenshot=None pdf=None markdown=None markdown_v2=None fit_markdown=None fit_html=None extracted_content=None metadata=None error_message='Unexpected error in _crawl_web at line 1205 in _crawl_web (../../.pyenv/versions/3.12.6/lib/python3.12/site-packages/crawl4ai/async_crawler_strategy.py):\nError: Failed on navigating ACS-GOTO:\nPage.goto: net::ERR_FAILED at https://www.bolton.ac.uk/assets/Student-Policy-Zone-2022-23/Library-and-IT/Student-Acceptable-Use-Policy-2022-23.pdf\nCall log:\n  - navigating to "https://www.bolton.ac.uk/assets/Student-Policy-Zone-2022-23/Library-and-IT/Student-Acceptable-Use-Policy-2022-23.pdf", waiting until "domcontentloaded"\n\n\nCode context:\n1200   \n1201                       response = await page.goto(\n1202                           url, wait_until=config.wait_until, timeout=config.page_timeout\n1203                       )\n1204                   except Error as e:\n1205 →                     raise RuntimeError(f"Failed on navigating ACS-GOTO:\\n{str(e)}")\n1206   \n1207                   await self.execute_hook("after_goto", page, context=context, url=url, response=response)\n1208   \n1209                   if response is None:\n1210                       status_code = 200' session_id=None response_headers=None status_code=None ssl_certificate=None


Failed to crawl: https://www.bolton.ac.uk/assets/Student-Policy-Zone-2022-23/Library-and-IT/Disruptive-Behaviour-within-the-Library-2022-23.pdf
Result: url='https://www.bolton.ac.uk/assets/Student-Policy-Zone-2022-23/Library-and-IT/Disruptive-Behaviour-within-the-Library-2022-23.pdf' html='' success=False cleaned_html=None media={} links={} downloaded_files=None screenshot=None pdf=None markdown=None markdown_v2=None fit_markdown=None fit_html=None extracted_content=None metadata=None error_message='Unexpected error in _crawl_web at line 1205 in _crawl_web (../../.pyenv/versions/3.12.6/lib/python3.12/site-packages/crawl4ai/async_crawler_strategy.py):\nError: Failed on navigating ACS-GOTO:\nPage.goto: net::ERR_FAILED at https://www.bolton.ac.uk/assets/Student-Policy-Zone-2022-23/Library-and-IT/Disruptive-Behaviour-within-the-Library-2022-23.pdf\nCall log:\n  - navigating to "https://www.bolton.ac.uk/assets/Student-Policy-Zone-2022-23/Library-and-IT/Disruptive-Behaviour-within-the-Library-2022-23.pdf", waiting until "domcontentloaded"\n\n\nCode context:\n1200   \n1201                       response = await page.goto(\n1202                           url, wait_until=config.wait_until, timeout=config.page_timeout\n1203                       )\n1204                   except Error as e:\n1205 →                     raise RuntimeError(f"Failed on navigating ACS-GOTO:\\n{str(e)}")\n1206   \n1207                   await self.execute_hook("after_goto", page, context=context, url=url, response=response)\n1208   \n1209                   if response is None:\n1210                       status_code = 200' session_id=None response_headers=None status_code=None ssl_certificate=None


Failed to crawl: https://www.bolton.ac.uk/assets/Student-Policy-Zone-2022-23/Library-and-IT/Information-Security-Policy-2022-23.pdf
Result: url='https://www.bolton.ac.uk/assets/Student-Policy-Zone-2022-23/Library-and-IT/Information-Security-Policy-2022-23.pdf' html='' success=False cleaned_html=None media={} links={} downloaded_files=None screenshot=None pdf=None markdown=None markdown_v2=None fit_markdown=None fit_html=None extracted_content=None metadata=None error_message='Unexpected error in _crawl_web at line 1205 in _crawl_web (../../.pyenv/versions/3.12.6/lib/python3.12/site-packages/crawl4ai/async_crawler_strategy.py):\nError: Failed on navigating ACS-GOTO:\nPage.goto: net::ERR_FAILED at https://www.bolton.ac.uk/assets/Student-Policy-Zone-2022-23/Library-and-IT/Information-Security-Policy-2022-23.pdf\nCall log:\n  - navigating to "https://www.bolton.ac.uk/assets/Student-Policy-Zone-2022-23/Library-and-IT/Information-Security-Policy-2022-23.pdf", waiting until "domcontentloaded"\n\n\nCode context:\n1200   \n1201                       response = await page.goto(\n1202                           url, wait_until=config.wait_until, timeout=config.page_timeout\n1203                       )\n1204                   except Error as e:\n1205 →                     raise RuntimeError(f"Failed on navigating ACS-GOTO:\\n{str(e)}")\n1206   \n1207                   await self.execute_hook("after_goto", page, context=context, url=url, response=response)\n1208   \n1209                   if response is None:\n1210                       status_code = 200' session_id=None response_headers=None status_code=None ssl_certificate=None


Failed to crawl: https://www.bolton.ac.uk/assets/Student-Policy-Zone-2022-23/Car-Parking-Policy-2022.pdf
Result: url='https://www.bolton.ac.uk/assets/Student-Policy-Zone-2022-23/Car-Parking-Policy-2022.pdf' html='' success=False cleaned_html=None media={} links={} downloaded_files=None screenshot=None pdf=None markdown=None markdown_v2=None fit_markdown=None fit_html=None extracted_content=None metadata=None error_message='Unexpected error in _crawl_web at line 1205 in _crawl_web (../../.pyenv/versions/3.12.6/lib/python3.12/site-packages/crawl4ai/async_crawler_strategy.py):\nError: Failed on navigating ACS-GOTO:\nPage.goto: net::ERR_FAILED at https://www.bolton.ac.uk/assets/Student-Policy-Zone-2022-23/Car-Parking-Policy-2022.pdf\nCall log:\n  - navigating to "https://www.bolton.ac.uk/assets/Student-Policy-Zone-2022-23/Car-Parking-Policy-2022.pdf", waiting until "domcontentloaded"\n\n\nCode context:\n1200   \n1201                       response = await page.goto(\n1202                           url, wait_until=config.wait_until, timeout=config.page_timeout\n1203                       )\n1204                   except Error as e:\n1205 →                     raise RuntimeError(f"Failed on navigating ACS-GOTO:\\n{str(e)}")\n1206   \n1207                   await self.execute_hook("after_goto", page, context=context, url=url, response=response)\n1208   \n1209                   if response is None:\n1210                       status_code = 200' session_id=None response_headers=None status_code=None ssl_certificate=None


Failed to crawl: https://www.bolton.ac.uk/assets/Student-Policy-Zone-2022-23/Code-of-Practice-Relating-to-Freedom-of-Speech-and-all-Planned-Affiliated-Funded-or-Branded-Events-Taking-Place-Off-Campus-2022-23.pdf
Result: url='https://www.bolton.ac.uk/assets/Student-Policy-Zone-2022-23/Code-of-Practice-Relating-to-Freedom-of-Speech-and-all-Planned-Affiliated-Funded-or-Branded-Events-Taking-Place-Off-Campus-2022-23.pdf' html='' success=False cleaned_html=None media={} links={} downloaded_files=None screenshot=None pdf=None markdown=None markdown_v2=None fit_markdown=None fit_html=None extracted_content=None metadata=None error_message='Unexpected error in _crawl_web at line 1205 in _crawl_web (../../.pyenv/versions/3.12.6/lib/python3.12/site-packages/crawl4ai/async_crawler_strategy.py):\nError: Failed on navigating ACS-GOTO:\nPage.goto: net::ERR_FAILED at https://www.bolton.ac.uk/assets/Student-Policy-Zone-2022-23/Code-of-Practice-Relating-to-Freedom-of-Speech-and-all-Planned-Affiliated-Funded-or-Branded-Events-Taking-Place-Off-Campus-2022-23.pdf\nCall log:\n  - navigating to "https://www.bolton.ac.uk/assets/Student-Policy-Zone-2022-23/Code-of-Practice-Relating-to-Freedom-of-Speech-and-all-Planned-Affiliated-Funded-or-Branded-Events-Taking-Place-Off-Campus-2022-23.pdf", waiting until "domcontentloaded"\n\n\nCode context:\n1200   \n1201                       response = await page.goto(\n1202                           url, wait_until=config.wait_until, timeout=config.page_timeout\n1203                       )\n1204                   except Error as e:\n1205 →                     raise RuntimeError(f"Failed on navigating ACS-GOTO:\\n{str(e)}")\n1206   \n1207                   await self.execute_hook("after_goto", page, context=context, url=url, response=response)\n1208   \n1209                   if response is None:\n1210                       status_code = 200' session_id=None response_headers=None status_code=None ssl_certificate=None


Failed to crawl: https://www.bolton.ac.uk/assets/Student-Policy-Zone-2022-23/Code-of-Practice-Relating-to-Freedom-of-Speech-and-Meetings-on-University-Premises-2022-23.pdf
Result: url='https://www.bolton.ac.uk/assets/Student-Policy-Zone-2022-23/Code-of-Practice-Relating-to-Freedom-of-Speech-and-Meetings-on-University-Premises-2022-23.pdf' html='' success=False cleaned_html=None media={} links={} downloaded_files=None screenshot=None pdf=None markdown=None markdown_v2=None fit_markdown=None fit_html=None extracted_content=None metadata=None error_message='Unexpected error in _crawl_web at line 1205 in _crawl_web (../../.pyenv/versions/3.12.6/lib/python3.12/site-packages/crawl4ai/async_crawler_strategy.py):\nError: Failed on navigating ACS-GOTO:\nPage.goto: net::ERR_FAILED at https://www.bolton.ac.uk/assets/Student-Policy-Zone-2022-23/Code-of-Practice-Relating-to-Freedom-of-Speech-and-Meetings-on-University-Premises-2022-23.pdf\nCall log:\n  - navigating to "https://www.bolton.ac.uk/assets/Student-Policy-Zone-2022-23/Code-of-Practice-Relating-to-Freedom-of-Speech-and-Meetings-on-University-Premises-2022-23.pdf", waiting until "domcontentloaded"\n\n\nCode context:\n1200   \n1201                       response = await page.goto(\n1202                           url, wait_until=config.wait_until, timeout=config.page_timeout\n1203                       )\n1204                   except Error as e:\n1205 →                     raise RuntimeError(f"Failed on navigating ACS-GOTO:\\n{str(e)}")\n1206   \n1207                   await self.execute_hook("after_goto", page, context=context, url=url, response=response)\n1208   \n1209                   if response is None:\n1210                       status_code = 200' session_id=None response_headers=None status_code=None ssl_certificate=None


Failed to crawl: https://www.bolton.ac.uk/assets/Student-Policy-Zone-2022-23/Customer-Complaints-Policy-and-procedure-updated-MARCH-2021.pdf
Result: url='https://www.bolton.ac.uk/assets/Student-Policy-Zone-2022-23/Customer-Complaints-Policy-and-procedure-updated-MARCH-2021.pdf' html='' success=False cleaned_html=None media={} links={} downloaded_files=None screenshot=None pdf=None markdown=None markdown_v2=None fit_markdown=None fit_html=None extracted_content=None metadata=None error_message='Unexpected error in _crawl_web at line 1205 in _crawl_web (../../.pyenv/versions/3.12.6/lib/python3.12/site-packages/crawl4ai/async_crawler_strategy.py):\nError: Failed on navigating ACS-GOTO:\nPage.goto: net::ERR_FAILED at https://www.bolton.ac.uk/assets/Student-Policy-Zone-2022-23/Customer-Complaints-Policy-and-procedure-updated-MARCH-2021.pdf\nCall log:\n  - navigating to "https://www.bolton.ac.uk/assets/Student-Policy-Zone-2022-23/Customer-Complaints-Policy-and-procedure-updated-MARCH-2021.pdf", waiting until "domcontentloaded"\n\n\nCode context:\n1200   \n1201                       response = await page.goto(\n1202                           url, wait_until=config.wait_until, timeout=config.page_timeout\n1203                       )\n1204                   except Error as e:\n1205 →                     raise RuntimeError(f"Failed on navigating ACS-GOTO:\\n{str(e)}")\n1206   \n1207                   await self.execute_hook("after_goto", page, context=context, url=url, response=response)\n1208   \n1209                   if response is None:\n1210                       status_code = 200' session_id=None response_headers=None status_code=None ssl_certificate=None


Failed to crawl: https://www.bolton.ac.uk/assets/Student-Policy-Zone-2022-23/Data-Protection-Policy-2022-23.pdf
Result: url='https://www.bolton.ac.uk/assets/Student-Policy-Zone-2022-23/Data-Protection-Policy-2022-23.pdf' html='' success=False cleaned_html=None media={} links={} downloaded_files=None screenshot=None pdf=None markdown=None markdown_v2=None fit_markdown=None fit_html=None extracted_content=None metadata=None error_message='Unexpected error in _crawl_web at line 1205 in _crawl_web (../../.pyenv/versions/3.12.6/lib/python3.12/site-packages/crawl4ai/async_crawler_strategy.py):\nError: Failed on navigating ACS-GOTO:\nPage.goto: net::ERR_FAILED at https://www.bolton.ac.uk/assets/Student-Policy-Zone-2022-23/Data-Protection-Policy-2022-23.pdf\nCall log:\n  - navigating to "https://www.bolton.ac.uk/assets/Student-Policy-Zone-2022-23/Data-Protection-Policy-2022-23.pdf", waiting until "domcontentloaded"\n\n\nCode context:\n1200   \n1201                       response = await page.goto(\n1202                           url, wait_until=config.wait_until, timeout=config.page_timeout\n1203                       )\n1204                   except Error as e:\n1205 →                     raise RuntimeError(f"Failed on navigating ACS-GOTO:\\n{str(e)}")\n1206   \n1207                   await self.execute_hook("after_goto", page, context=context, url=url, response=response)\n1208   \n1209                   if response is None:\n1210                       status_code = 200' session_id=None response_headers=None status_code=None ssl_certificate=None


Failed to crawl: https://www.bolton.ac.uk/assets/How-Your-Fees-Help-Fund-Your-Degree-2020-v2.pdf
Result: url='https://www.bolton.ac.uk/assets/How-Your-Fees-Help-Fund-Your-Degree-2020-v2.pdf' html='' success=False cleaned_html=None media={} links={} downloaded_files=None screenshot=None pdf=None markdown=None markdown_v2=None fit_markdown=None fit_html=None extracted_content=None metadata=None error_message='Unexpected error in _crawl_web at line 1205 in _crawl_web (../../.pyenv/versions/3.12.6/lib/python3.12/site-packages/crawl4ai/async_crawler_strategy.py):\nError: Failed on navigating ACS-GOTO:\nPage.goto: net::ERR_FAILED at https://www.bolton.ac.uk/assets/How-Your-Fees-Help-Fund-Your-Degree-2020-v2.pdf\nCall log:\n  - navigating to "https://www.bolton.ac.uk/assets/How-Your-Fees-Help-Fund-Your-Degree-2020-v2.pdf", waiting until "domcontentloaded"\n\n\nCode context:\n1200   \n1201                       response = await page.goto(\n1202                           url, wait_until=config.wait_until, timeout=config.page_timeout\n1203                       )\n1204                   except Error as e:\n1205 →                     raise RuntimeError(f"Failed on navigating ACS-GOTO:\\n{str(e)}")\n1206   \n1207                   await self.execute_hook("after_goto", page, context=context, url=url, response=response)\n1208   \n1209                   if response is None:\n1210                       status_code = 200' session_id=None response_headers=None status_code=None ssl_certificate=None


Failed to crawl: https://www.bolton.ac.uk/assets/Student-Policy-Zone-2022-23/Intellectual-Property-Rights-Policy-2022-23.pdf
Result: url='https://www.bolton.ac.uk/assets/Student-Policy-Zone-2022-23/Intellectual-Property-Rights-Policy-2022-23.pdf' html='' success=False cleaned_html=None media={} links={} downloaded_files=None screenshot=None pdf=None markdown=None markdown_v2=None fit_markdown=None fit_html=None extracted_content=None metadata=None error_message='Unexpected error in _crawl_web at line 1205 in _crawl_web (../../.pyenv/versions/3.12.6/lib/python3.12/site-packages/crawl4ai/async_crawler_strategy.py):\nError: Failed on navigating ACS-GOTO:\nPage.goto: net::ERR_FAILED at https://www.bolton.ac.uk/assets/Student-Policy-Zone-2022-23/Intellectual-Property-Rights-Policy-2022-23.pdf\nCall log:\n  - navigating to "https://www.bolton.ac.uk/assets/Student-Policy-Zone-2022-23/Intellectual-Property-Rights-Policy-2022-23.pdf", waiting until "domcontentloaded"\n\n\nCode context:\n1200   \n1201                       response = await page.goto(\n1202                           url, wait_until=config.wait_until, timeout=config.page_timeout\n1203                       )\n1204                   except Error as e:\n1205 →                     raise RuntimeError(f"Failed on navigating ACS-GOTO:\\n{str(e)}")\n1206   \n1207                   await self.execute_hook("after_goto", page, context=context, url=url, response=response)\n1208   \n1209                   if response is None:\n1210                       status_code = 200' session_id=None response_headers=None status_code=None ssl_certificate=None


Failed to crawl: https://www.bolton.ac.uk/assets/Student-Policy-Zone-2022-23/Student-Complaints-The-Office-of-the-Independent-Adjudicator.pdf
Result: url='https://www.bolton.ac.uk/assets/Student-Policy-Zone-2022-23/Student-Complaints-The-Office-of-the-Independent-Adjudicator.pdf' html='' success=False cleaned_html=None media={} links={} downloaded_files=None screenshot=None pdf=None markdown=None markdown_v2=None fit_markdown=None fit_html=None extracted_content=None metadata=None error_message='Unexpected error in _crawl_web at line 1205 in _crawl_web (../../.pyenv/versions/3.12.6/lib/python3.12/site-packages/crawl4ai/async_crawler_strategy.py):\nError: Failed on navigating ACS-GOTO:\nPage.goto: net::ERR_FAILED at https://www.bolton.ac.uk/assets/Student-Policy-Zone-2022-23/Student-Complaints-The-Office-of-the-Independent-Adjudicator.pdf\nCall log:\n  - navigating to "https://www.bolton.ac.uk/assets/Student-Policy-Zone-2022-23/Student-Complaints-The-Office-of-the-Independent-Adjudicator.pdf", waiting until "domcontentloaded"\n\n\nCode context:\n1200   \n1201                       response = await page.goto(\n1202                           url, wait_until=config.wait_until, timeout=config.page_timeout\n1203                       )\n1204                   except Error as e:\n1205 →                     raise RuntimeError(f"Failed on navigating ACS-GOTO:\\n{str(e)}")\n1206   \n1207                   await self.execute_hook("after_goto", page, context=context, url=url, response=response)\n1208   \n1209                   if response is None:\n1210                       status_code = 200' session_id=None response_headers=None status_code=None ssl_certificate=None


Failed to crawl: https://www.bolton.ac.uk/assets/Student-Non-Academic-Conduct-and-Disciplinary-Policy-and-Procedure-2022-23-v3.pdf
Result: url='https://www.bolton.ac.uk/assets/Student-Non-Academic-Conduct-and-Disciplinary-Policy-and-Procedure-2022-23-v3.pdf' html='' success=False cleaned_html=None media={} links={} downloaded_files=None screenshot=None pdf=None markdown=None markdown_v2=None fit_markdown=None fit_html=None extracted_content=None metadata=None error_message='Unexpected error in _crawl_web at line 1205 in _crawl_web (../../.pyenv/versions/3.12.6/lib/python3.12/site-packages/crawl4ai/async_crawler_strategy.py):\nError: Failed on navigating ACS-GOTO:\nPage.goto: net::ERR_FAILED at https://www.bolton.ac.uk/assets/Student-Non-Academic-Conduct-and-Disciplinary-Policy-and-Procedure-2022-23-v3.pdf\nCall log:\n  - navigating to "https://www.bolton.ac.uk/assets/Student-Non-Academic-Conduct-and-Disciplinary-Policy-and-Procedure-2022-23-v3.pdf", waiting until "domcontentloaded"\n\n\nCode context:\n1200   \n1201                       response = await page.goto(\n1202                           url, wait_until=config.wait_until, timeout=config.page_timeout\n1203                       )\n1204                   except Error as e:\n1205 →                     raise RuntimeError(f"Failed on navigating ACS-GOTO:\\n{str(e)}")\n1206   \n1207                   await self.execute_hook("after_goto", page, context=context, url=url, response=response)\n1208   \n1209                   if response is None:\n1210                       status_code = 200' session_id=None response_headers=None status_code=None ssl_certificate=None


Failed to crawl: https://www.bolton.ac.uk/assets/Student-Policy-Zone-2022-23/Student-Privacy-Notice-2022-23.pdf
Result: url='https://www.bolton.ac.uk/assets/Student-Policy-Zone-2022-23/Student-Privacy-Notice-2022-23.pdf' html='' success=False cleaned_html=None media={} links={} downloaded_files=None screenshot=None pdf=None markdown=None markdown_v2=None fit_markdown=None fit_html=None extracted_content=None metadata=None error_message='Unexpected error in _crawl_web at line 1205 in _crawl_web (../../.pyenv/versions/3.12.6/lib/python3.12/site-packages/crawl4ai/async_crawler_strategy.py):\nError: Failed on navigating ACS-GOTO:\nPage.goto: net::ERR_FAILED at https://www.bolton.ac.uk/assets/Student-Policy-Zone-2022-23/Student-Privacy-Notice-2022-23.pdf\nCall log:\n  - navigating to "https://www.bolton.ac.uk/assets/Student-Policy-Zone-2022-23/Student-Privacy-Notice-2022-23.pdf", waiting until "domcontentloaded"\n\n\nCode context:\n1200   \n1201                       response = await page.goto(\n1202                           url, wait_until=config.wait_until, timeout=config.page_timeout\n1203                       )\n1204                   except Error as e:\n1205 →                     raise RuntimeError(f"Failed on navigating ACS-GOTO:\\n{str(e)}")\n1206   \n1207                   await self.execute_hook("after_goto", page, context=context, url=url, response=response)\n1208   \n1209                   if response is None:\n1210                       status_code = 200' session_id=None response_headers=None status_code=None ssl_certificate=None


Failed to crawl: https://www.bolton.ac.uk/assets/Student-Policy-Zone-2022-23/UOB-COVID-19-PRIVACY-NOTICE-ADDENDUM.pdf
Result: url='https://www.bolton.ac.uk/assets/Student-Policy-Zone-2022-23/UOB-COVID-19-PRIVACY-NOTICE-ADDENDUM.pdf' html='' success=False cleaned_html=None media={} links={} downloaded_files=None screenshot=None pdf=None markdown=None markdown_v2=None fit_markdown=None fit_html=None extracted_content=None metadata=None error_message='Unexpected error in _crawl_web at line 1205 in _crawl_web (../../.pyenv/versions/3.12.6/lib/python3.12/site-packages/crawl4ai/async_crawler_strategy.py):\nError: Failed on navigating ACS-GOTO:\nPage.goto: net::ERR_FAILED at https://www.bolton.ac.uk/assets/Student-Policy-Zone-2022-23/UOB-COVID-19-PRIVACY-NOTICE-ADDENDUM.pdf\nCall log:\n  - navigating to "https://www.bolton.ac.uk/assets/Student-Policy-Zone-2022-23/UOB-COVID-19-PRIVACY-NOTICE-ADDENDUM.pdf", waiting until "domcontentloaded"\n\n\nCode context:\n1200   \n1201                       response = await page.goto(\n1202                           url, wait_until=config.wait_until, timeout=config.page_timeout\n1203                       )\n1204                   except Error as e:\n1205 →                     raise RuntimeError(f"Failed on navigating ACS-GOTO:\\n{str(e)}")\n1206   \n1207                   await self.execute_hook("after_goto", page, context=context, url=url, response=response)\n1208   \n1209                   if response is None:\n1210                       status_code = 200' session_id=None response_headers=None status_code=None ssl_certificate=None


Failed to crawl: https://www.bolton.ac.uk/assets/Student-Policy-Zone-2022-23/Privacy-Notice-Greater-Manchester-Health-Social-Care-Partnership-3.pdf
Result: url='https://www.bolton.ac.uk/assets/Student-Policy-Zone-2022-23/Privacy-Notice-Greater-Manchester-Health-Social-Care-Partnership-3.pdf' html='' success=False cleaned_html=None media={} links={} downloaded_files=None screenshot=None pdf=None markdown=None markdown_v2=None fit_markdown=None fit_html=None extracted_content=None metadata=None error_message='Unexpected error in _crawl_web at line 1205 in _crawl_web (../../.pyenv/versions/3.12.6/lib/python3.12/site-packages/crawl4ai/async_crawler_strategy.py):\nError: Failed on navigating ACS-GOTO:\nPage.goto: net::ERR_FAILED at https://www.bolton.ac.uk/assets/Student-Policy-Zone-2022-23/Privacy-Notice-Greater-Manchester-Health-Social-Care-Partnership-3.pdf\nCall log:\n  - navigating to "https://www.bolton.ac.uk/assets/Student-Policy-Zone-2022-23/Privacy-Notice-Greater-Manchester-Health-Social-Care-Partnership-3.pdf", waiting until "domcontentloaded"\n\n\nCode context:\n1200   \n1201                       response = await page.goto(\n1202                           url, wait_until=config.wait_until, timeout=config.page_timeout\n1203                       )\n1204                   except Error as e:\n1205 →                     raise RuntimeError(f"Failed on navigating ACS-GOTO:\\n{str(e)}")\n1206   \n1207                   await self.execute_hook("after_goto", page, context=context, url=url, response=response)\n1208   \n1209                   if response is None:\n1210                       status_code = 200' session_id=None response_headers=None status_code=None ssl_certificate=None


Failed to crawl: https://www.bolton.ac.uk/assets/Student-Policy-Zone-2022-23/Student-Social-Media-Guidance-2022-23.pdf
Result: url='https://www.bolton.ac.uk/assets/Student-Policy-Zone-2022-23/Student-Social-Media-Guidance-2022-23.pdf' html='' success=False cleaned_html=None media={} links={} downloaded_files=None screenshot=None pdf=None markdown=None markdown_v2=None fit_markdown=None fit_html=None extracted_content=None metadata=None error_message='Unexpected error in _crawl_web at line 1205 in _crawl_web (../../.pyenv/versions/3.12.6/lib/python3.12/site-packages/crawl4ai/async_crawler_strategy.py):\nError: Failed on navigating ACS-GOTO:\nPage.goto: net::ERR_FAILED at https://www.bolton.ac.uk/assets/Student-Policy-Zone-2022-23/Student-Social-Media-Guidance-2022-23.pdf\nCall log:\n  - navigating to "https://www.bolton.ac.uk/assets/Student-Policy-Zone-2022-23/Student-Social-Media-Guidance-2022-23.pdf", waiting until "domcontentloaded"\n\n\nCode context:\n1200   \n1201                       response = await page.goto(\n1202                           url, wait_until=config.wait_until, timeout=config.page_timeout\n1203                       )\n1204                   except Error as e:\n1205 →                     raise RuntimeError(f"Failed on navigating ACS-GOTO:\\n{str(e)}")\n1206   \n1207                   await self.execute_hook("after_goto", page, context=context, url=url, response=response)\n1208   \n1209                   if response is None:\n1210                       status_code = 200' session_id=None response_headers=None status_code=None ssl_certificate=None


Failed to crawl: https://www.bolton.ac.uk/assets/Student-Policy-Zone-2022-23/Subject-Access-Request-Form-2022-23.pdf
Result: url='https://www.bolton.ac.uk/assets/Student-Policy-Zone-2022-23/Subject-Access-Request-Form-2022-23.pdf' html='' success=False cleaned_html=None media={} links={} downloaded_files=None screenshot=None pdf=None markdown=None markdown_v2=None fit_markdown=None fit_html=None extracted_content=None metadata=None error_message='Unexpected error in _crawl_web at line 1205 in _crawl_web (../../.pyenv/versions/3.12.6/lib/python3.12/site-packages/crawl4ai/async_crawler_strategy.py):\nError: Failed on navigating ACS-GOTO:\nPage.goto: net::ERR_FAILED at https://www.bolton.ac.uk/assets/Student-Policy-Zone-2022-23/Subject-Access-Request-Form-2022-23.pdf\nCall log:\n  - navigating to "https://www.bolton.ac.uk/assets/Student-Policy-Zone-2022-23/Subject-Access-Request-Form-2022-23.pdf", waiting until "domcontentloaded"\n\n\nCode context:\n1200   \n1201                       response = await page.goto(\n1202                           url, wait_until=config.wait_until, timeout=config.page_timeout\n1203                       )\n1204                   except Error as e:\n1205 →                     raise RuntimeError(f"Failed on navigating ACS-GOTO:\\n{str(e)}")\n1206   \n1207                   await self.execute_hook("after_goto", page, context=context, url=url, response=response)\n1208   \n1209                   if response is None:\n1210                       status_code = 200' session_id=None response_headers=None status_code=None ssl_certificate=None


Failed to crawl: https://www.bolton.ac.uk/assets/Student-Policy-Zone-2022-23/Smoke-Free-Policy-Approved-by-Exec-Board-19-2-23.pdf
Result: url='https://www.bolton.ac.uk/assets/Student-Policy-Zone-2022-23/Smoke-Free-Policy-Approved-by-Exec-Board-19-2-23.pdf' html='' success=False cleaned_html=None media={} links={} downloaded_files=None screenshot=None pdf=None markdown=None markdown_v2=None fit_markdown=None fit_html=None extracted_content=None metadata=None error_message='Unexpected error in _crawl_web at line 1205 in _crawl_web (../../.pyenv/versions/3.12.6/lib/python3.12/site-packages/crawl4ai/async_crawler_strategy.py):\nError: Failed on navigating ACS-GOTO:\nPage.goto: net::ERR_FAILED at https://www.bolton.ac.uk/assets/Student-Policy-Zone-2022-23/Smoke-Free-Policy-Approved-by-Exec-Board-19-2-23.pdf\nCall log:\n  - navigating to "https://www.bolton.ac.uk/assets/Student-Policy-Zone-2022-23/Smoke-Free-Policy-Approved-by-Exec-Board-19-2-23.pdf", waiting until "domcontentloaded"\n\n\nCode context:\n1200   \n1201                       response = await page.goto(\n1202                           url, wait_until=config.wait_until, timeout=config.page_timeout\n1203                       )\n1204                   except Error as e:\n1205 →                     raise RuntimeError(f"Failed on navigating ACS-GOTO:\\n{str(e)}")\n1206   \n1207                   await self.execute_hook("after_goto", page, context=context, url=url, response=response)\n1208   \n1209                   if response is None:\n1210                       status_code = 200' session_id=None response_headers=None status_code=None ssl_certificate=None


Failed to crawl: https://www.bolton.ac.uk/assets/UoB-Student-Protection-Plan-2022-23.pdf
Result: url='https://www.bolton.ac.uk/assets/UoB-Student-Protection-Plan-2022-23.pdf' html='' success=False cleaned_html=None media={} links={} downloaded_files=None screenshot=None pdf=None markdown=None markdown_v2=None fit_markdown=None fit_html=None extracted_content=None metadata=None error_message='Unexpected error in _crawl_web at line 1205 in _crawl_web (../../.pyenv/versions/3.12.6/lib/python3.12/site-packages/crawl4ai/async_crawler_strategy.py):\nError: Failed on navigating ACS-GOTO:\nPage.goto: net::ERR_FAILED at https://www.bolton.ac.uk/assets/UoB-Student-Protection-Plan-2022-23.pdf\nCall log:\n  - navigating to "https://www.bolton.ac.uk/assets/UoB-Student-Protection-Plan-2022-23.pdf", waiting until "domcontentloaded"\n\n\nCode context:\n1200   \n1201                       response = await page.goto(\n1202                           url, wait_until=config.wait_until, timeout=config.page_timeout\n1203                       )\n1204                   except Error as e:\n1205 →                     raise RuntimeError(f"Failed on navigating ACS-GOTO:\\n{str(e)}")\n1206   \n1207                   await self.execute_hook("after_goto", page, context=context, url=url, response=response)\n1208   \n1209                   if response is None:\n1210                       status_code = 200' session_id=None response_headers=None status_code=None ssl_certificate=None


Failed to crawl: https://www.bolton.ac.uk/assets/Chaplaincy-Policies-Procedures-and-Guidance-2022-23.pdf
Result: url='https://www.bolton.ac.uk/assets/Chaplaincy-Policies-Procedures-and-Guidance-2022-23.pdf' html='' success=False cleaned_html=None media={} links={} downloaded_files=None screenshot=None pdf=None markdown=None markdown_v2=None fit_markdown=None fit_html=None extracted_content=None metadata=None error_message='Unexpected error in _crawl_web at line 1205 in _crawl_web (../../.pyenv/versions/3.12.6/lib/python3.12/site-packages/crawl4ai/async_crawler_strategy.py):\nError: Failed on navigating ACS-GOTO:\nPage.goto: net::ERR_FAILED at https://www.bolton.ac.uk/assets/Chaplaincy-Policies-Procedures-and-Guidance-2022-23.pdf\nCall log:\n  - navigating to "https://www.bolton.ac.uk/assets/Chaplaincy-Policies-Procedures-and-Guidance-2022-23.pdf", waiting until "domcontentloaded"\n\n\nCode context:\n1200   \n1201                       response = await page.goto(\n1202                           url, wait_until=config.wait_until, timeout=config.page_timeout\n1203                       )\n1204                   except Error as e:\n1205 →                     raise RuntimeError(f"Failed on navigating ACS-GOTO:\\n{str(e)}")\n1206   \n1207                   await self.execute_hook("after_goto", page, context=context, url=url, response=response)\n1208   \n1209                   if response is None:\n1210                       status_code = 200' session_id=None response_headers=None status_code=None ssl_certificate=None


Failed to crawl: https://www.bolton.ac.uk/assets/University-of-Bolton-Disclosure-and-Barring-Service-Policy_V6-v2.pdf
Result: url='https://www.bolton.ac.uk/assets/University-of-Bolton-Disclosure-and-Barring-Service-Policy_V6-v2.pdf' html='' success=False cleaned_html=None media={} links={} downloaded_files=None screenshot=None pdf=None markdown=None markdown_v2=None fit_markdown=None fit_html=None extracted_content=None metadata=None error_message='Unexpected error in _crawl_web at line 1205 in _crawl_web (../../.pyenv/versions/3.12.6/lib/python3.12/site-packages/crawl4ai/async_crawler_strategy.py):\nError: Failed on navigating ACS-GOTO:\nPage.goto: net::ERR_FAILED at https://www.bolton.ac.uk/assets/University-of-Bolton-Disclosure-and-Barring-Service-Policy_V6-v2.pdf\nCall log:\n  - navigating to "https://www.bolton.ac.uk/assets/University-of-Bolton-Disclosure-and-Barring-Service-Policy_V6-v2.pdf", waiting until "domcontentloaded"\n\n\nCode context:\n1200   \n1201                       response = await page.goto(\n1202                           url, wait_until=config.wait_until, timeout=config.page_timeout\n1203                       )\n1204                   except Error as e:\n1205 →                     raise RuntimeError(f"Failed on navigating ACS-GOTO:\\n{str(e)}")\n1206   \n1207                   await self.execute_hook("after_goto", page, context=context, url=url, response=response)\n1208   \n1209                   if response is None:\n1210                       status_code = 200' session_id=None response_headers=None status_code=None ssl_certificate=None


Failed to crawl: https://www.bolton.ac.uk/assets/Meningococcal-Infection-Policy-Managing-Meningitis-and-Septicaemia-v2.pdf
Result: url='https://www.bolton.ac.uk/assets/Meningococcal-Infection-Policy-Managing-Meningitis-and-Septicaemia-v2.pdf' html='' success=False cleaned_html=None media={} links={} downloaded_files=None screenshot=None pdf=None markdown=None markdown_v2=None fit_markdown=None fit_html=None extracted_content=None metadata=None error_message='Unexpected error in _crawl_web at line 1205 in _crawl_web (../../.pyenv/versions/3.12.6/lib/python3.12/site-packages/crawl4ai/async_crawler_strategy.py):\nError: Failed on navigating ACS-GOTO:\nPage.goto: net::ERR_FAILED at https://www.bolton.ac.uk/assets/Meningococcal-Infection-Policy-Managing-Meningitis-and-Septicaemia-v2.pdf\nCall log:\n  - navigating to "https://www.bolton.ac.uk/assets/Meningococcal-Infection-Policy-Managing-Meningitis-and-Septicaemia-v2.pdf", waiting until "domcontentloaded"\n\n\nCode context:\n1200   \n1201                       response = await page.goto(\n1202                           url, wait_until=config.wait_until, timeout=config.page_timeout\n1203                       )\n1204                   except Error as e:\n1205 →                     raise RuntimeError(f"Failed on navigating ACS-GOTO:\\n{str(e)}")\n1206   \n1207                   await self.execute_hook("after_goto", page, context=context, url=url, response=response)\n1208   \n1209                   if response is None:\n1210                       status_code = 200' session_id=None response_headers=None status_code=None ssl_certificate=None


Failed to crawl: https://www.bolton.ac.uk/assets/Student-Policy-Zone-2022-23/Student-Services/Policy-on-use-of-illegal-drugs-and-misuse-of-legal-drugs-by-students-2022-23.pdf
Result: url='https://www.bolton.ac.uk/assets/Student-Policy-Zone-2022-23/Student-Services/Policy-on-use-of-illegal-drugs-and-misuse-of-legal-drugs-by-students-2022-23.pdf' html='' success=False cleaned_html=None media={} links={} downloaded_files=None screenshot=None pdf=None markdown=None markdown_v2=None fit_markdown=None fit_html=None extracted_content=None metadata=None error_message='Unexpected error in _crawl_web at line 1205 in _crawl_web (../../.pyenv/versions/3.12.6/lib/python3.12/site-packages/crawl4ai/async_crawler_strategy.py):\nError: Failed on navigating ACS-GOTO:\nPage.goto: net::ERR_FAILED at https://www.bolton.ac.uk/assets/Student-Policy-Zone-2022-23/Student-Services/Policy-on-use-of-illegal-drugs-and-misuse-of-legal-drugs-by-students-2022-23.pdf\nCall log:\n  - navigating to "https://www.bolton.ac.uk/assets/Student-Policy-Zone-2022-23/Student-Services/Policy-on-use-of-illegal-drugs-and-misuse-of-legal-drugs-by-students-2022-23.pdf", waiting until "domcontentloaded"\n\n\nCode context:\n1200   \n1201                       response = await page.goto(\n1202                           url, wait_until=config.wait_until, timeout=config.page_timeout\n1203                       )\n1204                   except Error as e:\n1205 →                     raise RuntimeError(f"Failed on navigating ACS-GOTO:\\n{str(e)}")\n1206   \n1207                   await self.execute_hook("after_goto", page, context=context, url=url, response=response)\n1208   \n1209                   if response is None:\n1210                       status_code = 200' session_id=None response_headers=None status_code=None ssl_certificate=None


Failed to crawl: https://www.bolton.ac.uk/assets/Procedure-for-the-support-of-students-under-18-years-of-age_August2022.pdf
Result: url='https://www.bolton.ac.uk/assets/Procedure-for-the-support-of-students-under-18-years-of-age_August2022.pdf' html='' success=False cleaned_html=None media={} links={} downloaded_files=None screenshot=None pdf=None markdown=None markdown_v2=None fit_markdown=None fit_html=None extracted_content=None metadata=None error_message='Unexpected error in _crawl_web at line 1205 in _crawl_web (../../.pyenv/versions/3.12.6/lib/python3.12/site-packages/crawl4ai/async_crawler_strategy.py):\nError: Failed on navigating ACS-GOTO:\nPage.goto: net::ERR_FAILED at https://www.bolton.ac.uk/assets/Procedure-for-the-support-of-students-under-18-years-of-age_August2022.pdf\nCall log:\n  - navigating to "https://www.bolton.ac.uk/assets/Procedure-for-the-support-of-students-under-18-years-of-age_August2022.pdf", waiting until "domcontentloaded"\n\n\nCode context:\n1200   \n1201                       response = await page.goto(\n1202                           url, wait_until=config.wait_until, timeout=config.page_timeout\n1203                       )\n1204                   except Error as e:\n1205 →                     raise RuntimeError(f"Failed on navigating ACS-GOTO:\\n{str(e)}")\n1206   \n1207                   await self.execute_hook("after_goto", page, context=context, url=url, response=response)\n1208   \n1209                   if response is None:\n1210                       status_code = 200' session_id=None response_headers=None status_code=None ssl_certificate=None


Failed to crawl: https://www.bolton.ac.uk/assets/Safeguarding-Policy-and-Procedure-University-of-Bolton-V17-May-2023-Clean.pdf
Result: url='https://www.bolton.ac.uk/assets/Safeguarding-Policy-and-Procedure-University-of-Bolton-V17-May-2023-Clean.pdf' html='' success=False cleaned_html=None media={} links={} downloaded_files=None screenshot=None pdf=None markdown=None markdown_v2=None fit_markdown=None fit_html=None extracted_content=None metadata=None error_message='Unexpected error in _crawl_web at line 1205 in _crawl_web (../../.pyenv/versions/3.12.6/lib/python3.12/site-packages/crawl4ai/async_crawler_strategy.py):\nError: Failed on navigating ACS-GOTO:\nPage.goto: net::ERR_FAILED at https://www.bolton.ac.uk/assets/Safeguarding-Policy-and-Procedure-University-of-Bolton-V17-May-2023-Clean.pdf\nCall log:\n  - navigating to "https://www.bolton.ac.uk/assets/Safeguarding-Policy-and-Procedure-University-of-Bolton-V17-May-2023-Clean.pdf", waiting until "domcontentloaded"\n\n\nCode context:\n1200   \n1201                       response = await page.goto(\n1202                           url, wait_until=config.wait_until, timeout=config.page_timeout\n1203                       )\n1204                   except Error as e:\n1205 →                     raise RuntimeError(f"Failed on navigating ACS-GOTO:\\n{str(e)}")\n1206   \n1207                   await self.execute_hook("after_goto", page, context=context, url=url, response=response)\n1208   \n1209                   if response is None:\n1210                       status_code = 200' session_id=None response_headers=None status_code=None ssl_certificate=None


Failed to crawl: https://www.bolton.ac.uk/assets/Safeguarding-Policy-and-Procedure-University-of-Bolton-v11-05-v2.2022-Clean.pdf
Result: url='https://www.bolton.ac.uk/assets/Safeguarding-Policy-and-Procedure-University-of-Bolton-v11-05-v2.2022-Clean.pdf' html='' success=False cleaned_html=None media={} links={} downloaded_files=None screenshot=None pdf=None markdown=None markdown_v2=None fit_markdown=None fit_html=None extracted_content=None metadata=None error_message='Unexpected error in _crawl_web at line 1205 in _crawl_web (../../.pyenv/versions/3.12.6/lib/python3.12/site-packages/crawl4ai/async_crawler_strategy.py):\nError: Failed on navigating ACS-GOTO:\nPage.goto: net::ERR_FAILED at https://www.bolton.ac.uk/assets/Safeguarding-Policy-and-Procedure-University-of-Bolton-v11-05-v2.2022-Clean.pdf\nCall log:\n  - navigating to "https://www.bolton.ac.uk/assets/Safeguarding-Policy-and-Procedure-University-of-Bolton-v11-05-v2.2022-Clean.pdf", waiting until "domcontentloaded"\n\n\nCode context:\n1200   \n1201                       response = await page.goto(\n1202                           url, wait_until=config.wait_until, timeout=config.page_timeout\n1203                       )\n1204                   except Error as e:\n1205 →                     raise RuntimeError(f"Failed on navigating ACS-GOTO:\\n{str(e)}")\n1206   \n1207                   await self.execute_hook("after_goto", page, context=context, url=url, response=response)\n1208   \n1209                   if response is None:\n1210                       status_code = 200' session_id=None response_headers=None status_code=None ssl_certificate=None


Failed to crawl: https://www.bolton.ac.uk/assets/Students-Dignity-at-Study-Policy-and-Procedure-2022-23-v2.pdf
Result: url='https://www.bolton.ac.uk/assets/Students-Dignity-at-Study-Policy-and-Procedure-2022-23-v2.pdf' html='' success=False cleaned_html=None media={} links={} downloaded_files=None screenshot=None pdf=None markdown=None markdown_v2=None fit_markdown=None fit_html=None extracted_content=None metadata=None error_message='Unexpected error in _crawl_web at line 1205 in _crawl_web (../../.pyenv/versions/3.12.6/lib/python3.12/site-packages/crawl4ai/async_crawler_strategy.py):\nError: Failed on navigating ACS-GOTO:\nPage.goto: net::ERR_FAILED at https://www.bolton.ac.uk/assets/Students-Dignity-at-Study-Policy-and-Procedure-2022-23-v2.pdf\nCall log:\n  - navigating to "https://www.bolton.ac.uk/assets/Students-Dignity-at-Study-Policy-and-Procedure-2022-23-v2.pdf", waiting until "domcontentloaded"\n\n\nCode context:\n1200   \n1201                       response = await page.goto(\n1202                           url, wait_until=config.wait_until, timeout=config.page_timeout\n1203                       )\n1204                   except Error as e:\n1205 →                     raise RuntimeError(f"Failed on navigating ACS-GOTO:\\n{str(e)}")\n1206   \n1207                   await self.execute_hook("after_goto", page, context=context, url=url, response=response)\n1208   \n1209                   if response is None:\n1210                       status_code = 200' session_id=None response_headers=None status_code=None ssl_certificate=None


Failed to crawl: https://www.bolton.ac.uk/assets/Uploads/ID-Card-Procedure-22-23.pdf
Result: url='https://www.bolton.ac.uk/assets/Uploads/ID-Card-Procedure-22-23.pdf' html='' success=False cleaned_html=None media={} links={} downloaded_files=None screenshot=None pdf=None markdown=None markdown_v2=None fit_markdown=None fit_html=None extracted_content=None metadata=None error_message='Unexpected error in _crawl_web at line 1205 in _crawl_web (../../.pyenv/versions/3.12.6/lib/python3.12/site-packages/crawl4ai/async_crawler_strategy.py):\nError: Failed on navigating ACS-GOTO:\nPage.goto: net::ERR_FAILED at https://www.bolton.ac.uk/assets/Uploads/ID-Card-Procedure-22-23.pdf\nCall log:\n  - navigating to "https://www.bolton.ac.uk/assets/Uploads/ID-Card-Procedure-22-23.pdf", waiting until "domcontentloaded"\n\n\nCode context:\n1200   \n1201                       response = await page.goto(\n1202                           url, wait_until=config.wait_until, timeout=config.page_timeout\n1203                       )\n1204                   except Error as e:\n1205 →                     raise RuntimeError(f"Failed on navigating ACS-GOTO:\\n{str(e)}")\n1206   \n1207                   await self.execute_hook("after_goto", page, context=context, url=url, response=response)\n1208   \n1209                   if response is None:\n1210                       status_code = 200' session_id=None response_headers=None status_code=None ssl_certificate=None


Failed to crawl: https://www.bolton.ac.uk/assets/Student-Policy-Zone-2022-23/Student-Services/Student-Mental-Health-Policy-2022-23.pdf
Result: url='https://www.bolton.ac.uk/assets/Student-Policy-Zone-2022-23/Student-Services/Student-Mental-Health-Policy-2022-23.pdf' html='' success=False cleaned_html=None media={} links={} downloaded_files=None screenshot=None pdf=None markdown=None markdown_v2=None fit_markdown=None fit_html=None extracted_content=None metadata=None error_message='Unexpected error in _crawl_web at line 1205 in _crawl_web (../../.pyenv/versions/3.12.6/lib/python3.12/site-packages/crawl4ai/async_crawler_strategy.py):\nError: Failed on navigating ACS-GOTO:\nPage.goto: net::ERR_FAILED at https://www.bolton.ac.uk/assets/Student-Policy-Zone-2022-23/Student-Services/Student-Mental-Health-Policy-2022-23.pdf\nCall log:\n  - navigating to "https://www.bolton.ac.uk/assets/Student-Policy-Zone-2022-23/Student-Services/Student-Mental-Health-Policy-2022-23.pdf", waiting until "domcontentloaded"\n\n\nCode context:\n1200   \n1201                       response = await page.goto(\n1202                           url, wait_until=config.wait_until, timeout=config.page_timeout\n1203                       )\n1204                   except Error as e:\n1205 →                     raise RuntimeError(f"Failed on navigating ACS-GOTO:\\n{str(e)}")\n1206   \n1207                   await self.execute_hook("after_goto", page, context=context, url=url, response=response)\n1208   \n1209                   if response is None:\n1210                       status_code = 200' session_id=None response_headers=None status_code=None ssl_certificate=None


Failed to crawl: https://www.bolton.ac.uk/assets/Student-Pregnancy-and-Maternity-Policy-2022-23.pdf
Result: url='https://www.bolton.ac.uk/assets/Student-Pregnancy-and-Maternity-Policy-2022-23.pdf' html='' success=False cleaned_html=None media={} links={} downloaded_files=None screenshot=None pdf=None markdown=None markdown_v2=None fit_markdown=None fit_html=None extracted_content=None metadata=None error_message='Unexpected error in _crawl_web at line 1205 in _crawl_web (../../.pyenv/versions/3.12.6/lib/python3.12/site-packages/crawl4ai/async_crawler_strategy.py):\nError: Failed on navigating ACS-GOTO:\nPage.goto: net::ERR_FAILED at https://www.bolton.ac.uk/assets/Student-Pregnancy-and-Maternity-Policy-2022-23.pdf\nCall log:\n  - navigating to "https://www.bolton.ac.uk/assets/Student-Pregnancy-and-Maternity-Policy-2022-23.pdf", waiting until "domcontentloaded"\n\n\nCode context:\n1200   \n1201                       response = await page.goto(\n1202                           url, wait_until=config.wait_until, timeout=config.page_timeout\n1203                       )\n1204                   except Error as e:\n1205 →                     raise RuntimeError(f"Failed on navigating ACS-GOTO:\\n{str(e)}")\n1206   \n1207                   await self.execute_hook("after_goto", page, context=context, url=url, response=response)\n1208   \n1209                   if response is None:\n1210                       status_code = 200' session_id=None response_headers=None status_code=None ssl_certificate=None


Failed to crawl: https://www.bolton.ac.uk/assets/Student-Services-Charges-2022-23.pdf
Result: url='https://www.bolton.ac.uk/assets/Student-Services-Charges-2022-23.pdf' html='' success=False cleaned_html=None media={} links={} downloaded_files=None screenshot=None pdf=None markdown=None markdown_v2=None fit_markdown=None fit_html=None extracted_content=None metadata=None error_message='Unexpected error in _crawl_web at line 1205 in _crawl_web (../../.pyenv/versions/3.12.6/lib/python3.12/site-packages/crawl4ai/async_crawler_strategy.py):\nError: Failed on navigating ACS-GOTO:\nPage.goto: net::ERR_FAILED at https://www.bolton.ac.uk/assets/Student-Services-Charges-2022-23.pdf\nCall log:\n  - navigating to "https://www.bolton.ac.uk/assets/Student-Services-Charges-2022-23.pdf", waiting until "domcontentloaded"\n\n\nCode context:\n1200   \n1201                       response = await page.goto(\n1202                           url, wait_until=config.wait_until, timeout=config.page_timeout\n1203                       )\n1204                   except Error as e:\n1205 →                     raise RuntimeError(f"Failed on navigating ACS-GOTO:\\n{str(e)}")\n1206   \n1207                   await self.execute_hook("after_goto", page, context=context, url=url, response=response)\n1208   \n1209                   if response is None:\n1210                       status_code = 200' session_id=None response_headers=None status_code=None ssl_certificate=None


Failed to crawl: https://www.bolton.ac.uk/assets/Student-Success-Strategy-November-2022.pdf
Result: url='https://www.bolton.ac.uk/assets/Student-Success-Strategy-November-2022.pdf' html='' success=False cleaned_html=None media={} links={} downloaded_files=None screenshot=None pdf=None markdown=None markdown_v2=None fit_markdown=None fit_html=None extracted_content=None metadata=None error_message='Unexpected error in _crawl_web at line 1205 in _crawl_web (../../.pyenv/versions/3.12.6/lib/python3.12/site-packages/crawl4ai/async_crawler_strategy.py):\nError: Failed on navigating ACS-GOTO:\nPage.goto: net::ERR_FAILED at https://www.bolton.ac.uk/assets/Student-Success-Strategy-November-2022.pdf\nCall log:\n  - navigating to "https://www.bolton.ac.uk/assets/Student-Success-Strategy-November-2022.pdf", waiting until "domcontentloaded"\n\n\nCode context:\n1200   \n1201                       response = await page.goto(\n1202                           url, wait_until=config.wait_until, timeout=config.page_timeout\n1203                       )\n1204                   except Error as e:\n1205 →                     raise RuntimeError(f"Failed on navigating ACS-GOTO:\\n{str(e)}")\n1206   \n1207                   await self.execute_hook("after_goto", page, context=context, url=url, response=response)\n1208   \n1209                   if response is None:\n1210                       status_code = 200' session_id=None response_headers=None status_code=None ssl_certificate=None


Failed to crawl: https://www.bolton.ac.uk/assets/Student-Policy-Zone-2022-23/Student-Services/Tier-4-Students-Attendance-Census-2022-23.pdf
Result: url='https://www.bolton.ac.uk/assets/Student-Policy-Zone-2022-23/Student-Services/Tier-4-Students-Attendance-Census-2022-23.pdf' html='' success=False cleaned_html=None media={} links={} downloaded_files=None screenshot=None pdf=None markdown=None markdown_v2=None fit_markdown=None fit_html=None extracted_content=None metadata=None error_message='Unexpected error in _crawl_web at line 1205 in _crawl_web (../../.pyenv/versions/3.12.6/lib/python3.12/site-packages/crawl4ai/async_crawler_strategy.py):\nError: Failed on navigating ACS-GOTO:\nPage.goto: net::ERR_FAILED at https://www.bolton.ac.uk/assets/Student-Policy-Zone-2022-23/Student-Services/Tier-4-Students-Attendance-Census-2022-23.pdf\nCall log:\n  - navigating to "https://www.bolton.ac.uk/assets/Student-Policy-Zone-2022-23/Student-Services/Tier-4-Students-Attendance-Census-2022-23.pdf", waiting until "domcontentloaded"\n\n\nCode context:\n1200   \n1201                       response = await page.goto(\n1202                           url, wait_until=config.wait_until, timeout=config.page_timeout\n1203                       )\n1204                   except Error as e:\n1205 →                     raise RuntimeError(f"Failed on navigating ACS-GOTO:\\n{str(e)}")\n1206   \n1207                   await self.execute_hook("after_goto", page, context=context, url=url, response=response)\n1208   \n1209                   if response is None:\n1210                       status_code = 200' session_id=None response_headers=None status_code=None ssl_certificate=None


Failed to crawl: https://www.bolton.ac.uk/assets/Student-Policy-Zone-2022-23/Student-Services/Use-of-the-Chaplaincy-2022-23.pdf
Result: url='https://www.bolton.ac.uk/assets/Student-Policy-Zone-2022-23/Student-Services/Use-of-the-Chaplaincy-2022-23.pdf' html='' success=False cleaned_html=None media={} links={} downloaded_files=None screenshot=None pdf=None markdown=None markdown_v2=None fit_markdown=None fit_html=None extracted_content=None metadata=None error_message='Unexpected error in _crawl_web at line 1205 in _crawl_web (../../.pyenv/versions/3.12.6/lib/python3.12/site-packages/crawl4ai/async_crawler_strategy.py):\nError: Failed on navigating ACS-GOTO:\nPage.goto: net::ERR_FAILED at https://www.bolton.ac.uk/assets/Student-Policy-Zone-2022-23/Student-Services/Use-of-the-Chaplaincy-2022-23.pdf\nCall log:\n  - navigating to "https://www.bolton.ac.uk/assets/Student-Policy-Zone-2022-23/Student-Services/Use-of-the-Chaplaincy-2022-23.pdf", waiting until "domcontentloaded"\n\n\nCode context:\n1200   \n1201                       response = await page.goto(\n1202                           url, wait_until=config.wait_until, timeout=config.page_timeout\n1203                       )\n1204                   except Error as e:\n1205 →                     raise RuntimeError(f"Failed on navigating ACS-GOTO:\\n{str(e)}")\n1206   \n1207                   await self.execute_hook("after_goto", page, context=context, url=url, response=response)\n1208   \n1209                   if response is None:\n1210                       status_code = 200' session_id=None response_headers=None status_code=None ssl_certificate=None


Failed to crawl: https://www.bolton.ac.uk/assets/Assessment-and-Moderation-Procedures-2022-23.pdf
Result: url='https://www.bolton.ac.uk/assets/Assessment-and-Moderation-Procedures-2022-23.pdf' html='' success=False cleaned_html=None media={} links={} downloaded_files=None screenshot=None pdf=None markdown=None markdown_v2=None fit_markdown=None fit_html=None extracted_content=None metadata=None error_message='Unexpected error in _crawl_web at line 1205 in _crawl_web (../../.pyenv/versions/3.12.6/lib/python3.12/site-packages/crawl4ai/async_crawler_strategy.py):\nError: Failed on navigating ACS-GOTO:\nPage.goto: net::ERR_FAILED at https://www.bolton.ac.uk/assets/Assessment-and-Moderation-Procedures-2022-23.pdf\nCall log:\n  - navigating to "https://www.bolton.ac.uk/assets/Assessment-and-Moderation-Procedures-2022-23.pdf", waiting until "domcontentloaded"\n\n\nCode context:\n1200   \n1201                       response = await page.goto(\n1202                           url, wait_until=config.wait_until, timeout=config.page_timeout\n1203                       )\n1204                   except Error as e:\n1205 →                     raise RuntimeError(f"Failed on navigating ACS-GOTO:\\n{str(e)}")\n1206   \n1207                   await self.execute_hook("after_goto", page, context=context, url=url, response=response)\n1208   \n1209                   if response is None:\n1210                       status_code = 200' session_id=None response_headers=None status_code=None ssl_certificate=None


Failed to crawl: https://www.bolton.ac.uk/assets/Assessment-Regulations-for-Postgraduate-Taught-Programmes-2022-23-V7-v2.pdf
Result: url='https://www.bolton.ac.uk/assets/Assessment-Regulations-for-Postgraduate-Taught-Programmes-2022-23-V7-v2.pdf' html='' success=False cleaned_html=None media={} links={} downloaded_files=None screenshot=None pdf=None markdown=None markdown_v2=None fit_markdown=None fit_html=None extracted_content=None metadata=None error_message='Unexpected error in _crawl_web at line 1205 in _crawl_web (../../.pyenv/versions/3.12.6/lib/python3.12/site-packages/crawl4ai/async_crawler_strategy.py):\nError: Failed on navigating ACS-GOTO:\nPage.goto: net::ERR_FAILED at https://www.bolton.ac.uk/assets/Assessment-Regulations-for-Postgraduate-Taught-Programmes-2022-23-V7-v2.pdf\nCall log:\n  - navigating to "https://www.bolton.ac.uk/assets/Assessment-Regulations-for-Postgraduate-Taught-Programmes-2022-23-V7-v2.pdf", waiting until "domcontentloaded"\n\n\nCode context:\n1200   \n1201                       response = await page.goto(\n1202                           url, wait_until=config.wait_until, timeout=config.page_timeout\n1203                       )\n1204                   except Error as e:\n1205 →                     raise RuntimeError(f"Failed on navigating ACS-GOTO:\\n{str(e)}")\n1206   \n1207                   await self.execute_hook("after_goto", page, context=context, url=url, response=response)\n1208   \n1209                   if response is None:\n1210                       status_code = 200' session_id=None response_headers=None status_code=None ssl_certificate=None


Failed to crawl: https://www.bolton.ac.uk/assets/Assessment-Regulations-for-Undergraduate-Programmes-2022-23-V9-v2.pdf
Result: url='https://www.bolton.ac.uk/assets/Assessment-Regulations-for-Undergraduate-Programmes-2022-23-V9-v2.pdf' html='' success=False cleaned_html=None media={} links={} downloaded_files=None screenshot=None pdf=None markdown=None markdown_v2=None fit_markdown=None fit_html=None extracted_content=None metadata=None error_message='Unexpected error in _crawl_web at line 1205 in _crawl_web (../../.pyenv/versions/3.12.6/lib/python3.12/site-packages/crawl4ai/async_crawler_strategy.py):\nError: Failed on navigating ACS-GOTO:\nPage.goto: net::ERR_FAILED at https://www.bolton.ac.uk/assets/Assessment-Regulations-for-Undergraduate-Programmes-2022-23-V9-v2.pdf\nCall log:\n  - navigating to "https://www.bolton.ac.uk/assets/Assessment-Regulations-for-Undergraduate-Programmes-2022-23-V9-v2.pdf", waiting until "domcontentloaded"\n\n\nCode context:\n1200   \n1201                       response = await page.goto(\n1202                           url, wait_until=config.wait_until, timeout=config.page_timeout\n1203                       )\n1204                   except Error as e:\n1205 →                     raise RuntimeError(f"Failed on navigating ACS-GOTO:\\n{str(e)}")\n1206   \n1207                   await self.execute_hook("after_goto", page, context=context, url=url, response=response)\n1208   \n1209                   if response is None:\n1210                       status_code = 200' session_id=None response_headers=None status_code=None ssl_certificate=None


Failed to crawl: https://www.bolton.ac.uk/assets/Degree-Classification-Brief-Guide-for-Students-FINAL.pdf
Result: url='https://www.bolton.ac.uk/assets/Degree-Classification-Brief-Guide-for-Students-FINAL.pdf' html='' success=False cleaned_html=None media={} links={} downloaded_files=None screenshot=None pdf=None markdown=None markdown_v2=None fit_markdown=None fit_html=None extracted_content=None metadata=None error_message='Unexpected error in _crawl_web at line 1205 in _crawl_web (../../.pyenv/versions/3.12.6/lib/python3.12/site-packages/crawl4ai/async_crawler_strategy.py):\nError: Failed on navigating ACS-GOTO:\nPage.goto: net::ERR_FAILED at https://www.bolton.ac.uk/assets/Degree-Classification-Brief-Guide-for-Students-FINAL.pdf\nCall log:\n  - navigating to "https://www.bolton.ac.uk/assets/Degree-Classification-Brief-Guide-for-Students-FINAL.pdf", waiting until "domcontentloaded"\n\n\nCode context:\n1200   \n1201                       response = await page.goto(\n1202                           url, wait_until=config.wait_until, timeout=config.page_timeout\n1203                       )\n1204                   except Error as e:\n1205 →                     raise RuntimeError(f"Failed on navigating ACS-GOTO:\\n{str(e)}")\n1206   \n1207                   await self.execute_hook("after_goto", page, context=context, url=url, response=response)\n1208   \n1209                   if response is None:\n1210                       status_code = 200' session_id=None response_headers=None status_code=None ssl_certificate=None


Failed to crawl: https://www.bolton.ac.uk/assets/Student-Policy-Zone-2022-23/Academic-Regulations-and-Procedures/Exam-Procedures-2022-23.pdf
Result: url='https://www.bolton.ac.uk/assets/Student-Policy-Zone-2022-23/Academic-Regulations-and-Procedures/Exam-Procedures-2022-23.pdf' html='' success=False cleaned_html=None media={} links={} downloaded_files=None screenshot=None pdf=None markdown=None markdown_v2=None fit_markdown=None fit_html=None extracted_content=None metadata=None error_message='Unexpected error in _crawl_web at line 1205 in _crawl_web (../../.pyenv/versions/3.12.6/lib/python3.12/site-packages/crawl4ai/async_crawler_strategy.py):\nError: Failed on navigating ACS-GOTO:\nPage.goto: net::ERR_FAILED at https://www.bolton.ac.uk/assets/Student-Policy-Zone-2022-23/Academic-Regulations-and-Procedures/Exam-Procedures-2022-23.pdf\nCall log:\n  - navigating to "https://www.bolton.ac.uk/assets/Student-Policy-Zone-2022-23/Academic-Regulations-and-Procedures/Exam-Procedures-2022-23.pdf", waiting until "domcontentloaded"\n\n\nCode context:\n1200   \n1201                       response = await page.goto(\n1202                           url, wait_until=config.wait_until, timeout=config.page_timeout\n1203                       )\n1204                   except Error as e:\n1205 →                     raise RuntimeError(f"Failed on navigating ACS-GOTO:\\n{str(e)}")\n1206   \n1207                   await self.execute_hook("after_goto", page, context=context, url=url, response=response)\n1208   \n1209                   if response is None:\n1210                       status_code = 200' session_id=None response_headers=None status_code=None ssl_certificate=None


Failed to crawl: https://www.bolton.ac.uk/assets/Faculty-of-Health-and-Wellbeing-Student-Occupational-Health-Assessment-Policy-2022-23.pdf
Result: url='https://www.bolton.ac.uk/assets/Faculty-of-Health-and-Wellbeing-Student-Occupational-Health-Assessment-Policy-2022-23.pdf' html='' success=False cleaned_html=None media={} links={} downloaded_files=None screenshot=None pdf=None markdown=None markdown_v2=None fit_markdown=None fit_html=None extracted_content=None metadata=None error_message='Unexpected error in _crawl_web at line 1205 in _crawl_web (../../.pyenv/versions/3.12.6/lib/python3.12/site-packages/crawl4ai/async_crawler_strategy.py):\nError: Failed on navigating ACS-GOTO:\nPage.goto: net::ERR_FAILED at https://www.bolton.ac.uk/assets/Faculty-of-Health-and-Wellbeing-Student-Occupational-Health-Assessment-Policy-2022-23.pdf\nCall log:\n  - navigating to "https://www.bolton.ac.uk/assets/Faculty-of-Health-and-Wellbeing-Student-Occupational-Health-Assessment-Policy-2022-23.pdf", waiting until "domcontentloaded"\n\n\nCode context:\n1200   \n1201                       response = await page.goto(\n1202                           url, wait_until=config.wait_until, timeout=config.page_timeout\n1203                       )\n1204                   except Error as e:\n1205 →                     raise RuntimeError(f"Failed on navigating ACS-GOTO:\\n{str(e)}")\n1206   \n1207                   await self.execute_hook("after_goto", page, context=context, url=url, response=response)\n1208   \n1209                   if response is None:\n1210                       status_code = 200' session_id=None response_headers=None status_code=None ssl_certificate=None


Failed to crawl: https://www.bolton.ac.uk/assets/Student-Policy-Zone-2022-23/Academic-Regulations-and-Procedures/Fitness-to-Practise-Procedure-2022-23.pdf
Result: url='https://www.bolton.ac.uk/assets/Student-Policy-Zone-2022-23/Academic-Regulations-and-Procedures/Fitness-to-Practise-Procedure-2022-23.pdf' html='' success=False cleaned_html=None media={} links={} downloaded_files=None screenshot=None pdf=None markdown=None markdown_v2=None fit_markdown=None fit_html=None extracted_content=None metadata=None error_message='Unexpected error in _crawl_web at line 1205 in _crawl_web (../../.pyenv/versions/3.12.6/lib/python3.12/site-packages/crawl4ai/async_crawler_strategy.py):\nError: Failed on navigating ACS-GOTO:\nPage.goto: net::ERR_FAILED at https://www.bolton.ac.uk/assets/Student-Policy-Zone-2022-23/Academic-Regulations-and-Procedures/Fitness-to-Practise-Procedure-2022-23.pdf\nCall log:\n  - navigating to "https://www.bolton.ac.uk/assets/Student-Policy-Zone-2022-23/Academic-Regulations-and-Procedures/Fitness-to-Practise-Procedure-2022-23.pdf", waiting until "domcontentloaded"\n\n\nCode context:\n1200   \n1201                       response = await page.goto(\n1202                           url, wait_until=config.wait_until, timeout=config.page_timeout\n1203                       )\n1204                   except Error as e:\n1205 →                     raise RuntimeError(f"Failed on navigating ACS-GOTO:\\n{str(e)}")\n1206   \n1207                   await self.execute_hook("after_goto", page, context=context, url=url, response=response)\n1208   \n1209                   if response is None:\n1210                       status_code = 200' session_id=None response_headers=None status_code=None ssl_certificate=None


Failed to crawl: https://www.bolton.ac.uk/assets/Modification-to-a-Taught-Programme-2022-23.pdf
Result: url='https://www.bolton.ac.uk/assets/Modification-to-a-Taught-Programme-2022-23.pdf' html='' success=False cleaned_html=None media={} links={} downloaded_files=None screenshot=None pdf=None markdown=None markdown_v2=None fit_markdown=None fit_html=None extracted_content=None metadata=None error_message='Unexpected error in _crawl_web at line 1205 in _crawl_web (../../.pyenv/versions/3.12.6/lib/python3.12/site-packages/crawl4ai/async_crawler_strategy.py):\nError: Failed on navigating ACS-GOTO:\nPage.goto: net::ERR_FAILED at https://www.bolton.ac.uk/assets/Modification-to-a-Taught-Programme-2022-23.pdf\nCall log:\n  - navigating to "https://www.bolton.ac.uk/assets/Modification-to-a-Taught-Programme-2022-23.pdf", waiting until "domcontentloaded"\n\n\nCode context:\n1200   \n1201                       response = await page.goto(\n1202                           url, wait_until=config.wait_until, timeout=config.page_timeout\n1203                       )\n1204                   except Error as e:\n1205 →                     raise RuntimeError(f"Failed on navigating ACS-GOTO:\\n{str(e)}")\n1206   \n1207                   await self.execute_hook("after_goto", page, context=context, url=url, response=response)\n1208   \n1209                   if response is None:\n1210                       status_code = 200' session_id=None response_headers=None status_code=None ssl_certificate=None


Failed to crawl: https://www.bolton.ac.uk/assets/Programme-Closure-and-Suspension-Policy-and-Procedures-2022-23.pdf
Result: url='https://www.bolton.ac.uk/assets/Programme-Closure-and-Suspension-Policy-and-Procedures-2022-23.pdf' html='' success=False cleaned_html=None media={} links={} downloaded_files=None screenshot=None pdf=None markdown=None markdown_v2=None fit_markdown=None fit_html=None extracted_content=None metadata=None error_message='Unexpected error in _crawl_web at line 1205 in _crawl_web (../../.pyenv/versions/3.12.6/lib/python3.12/site-packages/crawl4ai/async_crawler_strategy.py):\nError: Failed on navigating ACS-GOTO:\nPage.goto: net::ERR_FAILED at https://www.bolton.ac.uk/assets/Programme-Closure-and-Suspension-Policy-and-Procedures-2022-23.pdf\nCall log:\n  - navigating to "https://www.bolton.ac.uk/assets/Programme-Closure-and-Suspension-Policy-and-Procedures-2022-23.pdf", waiting until "domcontentloaded"\n\n\nCode context:\n1200   \n1201                       response = await page.goto(\n1202                           url, wait_until=config.wait_until, timeout=config.page_timeout\n1203                       )\n1204                   except Error as e:\n1205 →                     raise RuntimeError(f"Failed on navigating ACS-GOTO:\\n{str(e)}")\n1206   \n1207                   await self.execute_hook("after_goto", page, context=context, url=url, response=response)\n1208   \n1209                   if response is None:\n1210                       status_code = 200' session_id=None response_headers=None status_code=None ssl_certificate=None


Failed to crawl: https://www.bolton.ac.uk/assets/Student-Policy-Zone-2022-23/Academic-Regulations-and-Procedures/Regulation-Honorary-Awards-2022-23.pdf
Result: url='https://www.bolton.ac.uk/assets/Student-Policy-Zone-2022-23/Academic-Regulations-and-Procedures/Regulation-Honorary-Awards-2022-23.pdf' html='' success=False cleaned_html=None media={} links={} downloaded_files=None screenshot=None pdf=None markdown=None markdown_v2=None fit_markdown=None fit_html=None extracted_content=None metadata=None error_message='Unexpected error in _crawl_web at line 1205 in _crawl_web (../../.pyenv/versions/3.12.6/lib/python3.12/site-packages/crawl4ai/async_crawler_strategy.py):\nError: Failed on navigating ACS-GOTO:\nPage.goto: net::ERR_FAILED at https://www.bolton.ac.uk/assets/Student-Policy-Zone-2022-23/Academic-Regulations-and-Procedures/Regulation-Honorary-Awards-2022-23.pdf\nCall log:\n  - navigating to "https://www.bolton.ac.uk/assets/Student-Policy-Zone-2022-23/Academic-Regulations-and-Procedures/Regulation-Honorary-Awards-2022-23.pdf", waiting until "domcontentloaded"\n\n\nCode context:\n1200   \n1201                       response = await page.goto(\n1202                           url, wait_until=config.wait_until, timeout=config.page_timeout\n1203                       )\n1204                   except Error as e:\n1205 →                     raise RuntimeError(f"Failed on navigating ACS-GOTO:\\n{str(e)}")\n1206   \n1207                   await self.execute_hook("after_goto", page, context=context, url=url, response=response)\n1208   \n1209                   if response is None:\n1210                       status_code = 200' session_id=None response_headers=None status_code=None ssl_certificate=None


Failed to crawl: https://www.bolton.ac.uk/assets/Student-Policy-Zone-2022-23/Academic-Regulations-and-Procedures/Regulations-and-Procedures-for-the-Award-of-Aegrotat-and-Posthumous-Qualifications-2022-23.pdf
Result: url='https://www.bolton.ac.uk/assets/Student-Policy-Zone-2022-23/Academic-Regulations-and-Procedures/Regulations-and-Procedures-for-the-Award-of-Aegrotat-and-Posthumous-Qualifications-2022-23.pdf' html='' success=False cleaned_html=None media={} links={} downloaded_files=None screenshot=None pdf=None markdown=None markdown_v2=None fit_markdown=None fit_html=None extracted_content=None metadata=None error_message='Unexpected error in _crawl_web at line 1205 in _crawl_web (../../.pyenv/versions/3.12.6/lib/python3.12/site-packages/crawl4ai/async_crawler_strategy.py):\nError: Failed on navigating ACS-GOTO:\nPage.goto: net::ERR_FAILED at https://www.bolton.ac.uk/assets/Student-Policy-Zone-2022-23/Academic-Regulations-and-Procedures/Regulations-and-Procedures-for-the-Award-of-Aegrotat-and-Posthumous-Qualifications-2022-23.pdf\nCall log:\n  - navigating to "https://www.bolton.ac.uk/assets/Student-Policy-Zone-2022-23/Academic-Regulations-and-Procedures/Regulations-and-Procedures-for-the-Award-of-Aegrotat-and-Posthumous-Qualifications-2022-23.pdf", waiting until "domcontentloaded"\n\n\nCode context:\n1200   \n1201                       response = await page.goto(\n1202                           url, wait_until=config.wait_until, timeout=config.page_timeout\n1203                       )\n1204                   except Error as e:\n1205 →                     raise RuntimeError(f"Failed on navigating ACS-GOTO:\\n{str(e)}")\n1206   \n1207                   await self.execute_hook("after_goto", page, context=context, url=url, response=response)\n1208   \n1209                   if response is None:\n1210                       status_code = 200' session_id=None response_headers=None status_code=None ssl_certificate=None


Failed to crawl: https://www.bolton.ac.uk/assets/Student-Policy-Zone-2022-23/Academic-Regulations-and-Procedures/Regulations-and-Procedures-for-the-Conferment-of-University-Awards-2022-23.pdf
Result: url='https://www.bolton.ac.uk/assets/Student-Policy-Zone-2022-23/Academic-Regulations-and-Procedures/Regulations-and-Procedures-for-the-Conferment-of-University-Awards-2022-23.pdf' html='' success=False cleaned_html=None media={} links={} downloaded_files=None screenshot=None pdf=None markdown=None markdown_v2=None fit_markdown=None fit_html=None extracted_content=None metadata=None error_message='Unexpected error in _crawl_web at line 1205 in _crawl_web (../../.pyenv/versions/3.12.6/lib/python3.12/site-packages/crawl4ai/async_crawler_strategy.py):\nError: Failed on navigating ACS-GOTO:\nPage.goto: net::ERR_FAILED at https://www.bolton.ac.uk/assets/Student-Policy-Zone-2022-23/Academic-Regulations-and-Procedures/Regulations-and-Procedures-for-the-Conferment-of-University-Awards-2022-23.pdf\nCall log:\n  - navigating to "https://www.bolton.ac.uk/assets/Student-Policy-Zone-2022-23/Academic-Regulations-and-Procedures/Regulations-and-Procedures-for-the-Conferment-of-University-Awards-2022-23.pdf", waiting until "domcontentloaded"\n\n\nCode context:\n1200   \n1201                       response = await page.goto(\n1202                           url, wait_until=config.wait_until, timeout=config.page_timeout\n1203                       )\n1204                   except Error as e:\n1205 →                     raise RuntimeError(f"Failed on navigating ACS-GOTO:\\n{str(e)}")\n1206   \n1207                   await self.execute_hook("after_goto", page, context=context, url=url, response=response)\n1208   \n1209                   if response is None:\n1210                       status_code = 200' session_id=None response_headers=None status_code=None ssl_certificate=None


Failed to crawl: https://www.bolton.ac.uk/assets/Regulations-for-the-Organisation-and-Conduct-of-Assessment-Board-2022-23-v2.pdf
Result: url='https://www.bolton.ac.uk/assets/Regulations-for-the-Organisation-and-Conduct-of-Assessment-Board-2022-23-v2.pdf' html='' success=False cleaned_html=None media={} links={} downloaded_files=None screenshot=None pdf=None markdown=None markdown_v2=None fit_markdown=None fit_html=None extracted_content=None metadata=None error_message='Unexpected error in _crawl_web at line 1205 in _crawl_web (../../.pyenv/versions/3.12.6/lib/python3.12/site-packages/crawl4ai/async_crawler_strategy.py):\nError: Failed on navigating ACS-GOTO:\nPage.goto: net::ERR_FAILED at https://www.bolton.ac.uk/assets/Regulations-for-the-Organisation-and-Conduct-of-Assessment-Board-2022-23-v2.pdf\nCall log:\n  - navigating to "https://www.bolton.ac.uk/assets/Regulations-for-the-Organisation-and-Conduct-of-Assessment-Board-2022-23-v2.pdf", waiting until "domcontentloaded"\n\n\nCode context:\n1200   \n1201                       response = await page.goto(\n1202                           url, wait_until=config.wait_until, timeout=config.page_timeout\n1203                       )\n1204                   except Error as e:\n1205 →                     raise RuntimeError(f"Failed on navigating ACS-GOTO:\\n{str(e)}")\n1206   \n1207                   await self.execute_hook("after_goto", page, context=context, url=url, response=response)\n1208   \n1209                   if response is None:\n1210                       status_code = 200' session_id=None response_headers=None status_code=None ssl_certificate=None


Failed to crawl: https://www.bolton.ac.uk/assets/Student-Attendance-and-Engagement-Policy-2022-23-v4.pdf
Result: url='https://www.bolton.ac.uk/assets/Student-Attendance-and-Engagement-Policy-2022-23-v4.pdf' html='' success=False cleaned_html=None media={} links={} downloaded_files=None screenshot=None pdf=None markdown=None markdown_v2=None fit_markdown=None fit_html=None extracted_content=None metadata=None error_message='Unexpected error in _crawl_web at line 1205 in _crawl_web (../../.pyenv/versions/3.12.6/lib/python3.12/site-packages/crawl4ai/async_crawler_strategy.py):\nError: Failed on navigating ACS-GOTO:\nPage.goto: net::ERR_FAILED at https://www.bolton.ac.uk/assets/Student-Attendance-and-Engagement-Policy-2022-23-v4.pdf\nCall log:\n  - navigating to "https://www.bolton.ac.uk/assets/Student-Attendance-and-Engagement-Policy-2022-23-v4.pdf", waiting until "domcontentloaded"\n\n\nCode context:\n1200   \n1201                       response = await page.goto(\n1202                           url, wait_until=config.wait_until, timeout=config.page_timeout\n1203                       )\n1204                   except Error as e:\n1205 →                     raise RuntimeError(f"Failed on navigating ACS-GOTO:\\n{str(e)}")\n1206   \n1207                   await self.execute_hook("after_goto", page, context=context, url=url, response=response)\n1208   \n1209                   if response is None:\n1210                       status_code = 200' session_id=None response_headers=None status_code=None ssl_certificate=None


Failed to crawl: https://www.bolton.ac.uk/assets/Student-Policy-Zone-2022-23/Academic-Regulations-and-Procedures/Student-Suspension-Policy-2022-23.pdf
Result: url='https://www.bolton.ac.uk/assets/Student-Policy-Zone-2022-23/Academic-Regulations-and-Procedures/Student-Suspension-Policy-2022-23.pdf' html='' success=False cleaned_html=None media={} links={} downloaded_files=None screenshot=None pdf=None markdown=None markdown_v2=None fit_markdown=None fit_html=None extracted_content=None metadata=None error_message='Unexpected error in _crawl_web at line 1205 in _crawl_web (../../.pyenv/versions/3.12.6/lib/python3.12/site-packages/crawl4ai/async_crawler_strategy.py):\nError: Failed on navigating ACS-GOTO:\nPage.goto: net::ERR_FAILED at https://www.bolton.ac.uk/assets/Student-Policy-Zone-2022-23/Academic-Regulations-and-Procedures/Student-Suspension-Policy-2022-23.pdf\nCall log:\n  - navigating to "https://www.bolton.ac.uk/assets/Student-Policy-Zone-2022-23/Academic-Regulations-and-Procedures/Student-Suspension-Policy-2022-23.pdf", waiting until "domcontentloaded"\n\n\nCode context:\n1200   \n1201                       response = await page.goto(\n1202                           url, wait_until=config.wait_until, timeout=config.page_timeout\n1203                       )\n1204                   except Error as e:\n1205 →                     raise RuntimeError(f"Failed on navigating ACS-GOTO:\\n{str(e)}")\n1206   \n1207                   await self.execute_hook("after_goto", page, context=context, url=url, response=response)\n1208   \n1209                   if response is None:\n1210                       status_code = 200' session_id=None response_headers=None status_code=None ssl_certificate=None


Failed to crawl: https://www.bolton.ac.uk/assets/Hosted/UniversityofBolton_APP_2021-22_V1.pdf
Result: url='https://www.bolton.ac.uk/assets/Hosted/UniversityofBolton_APP_2021-22_V1.pdf' html='' success=False cleaned_html=None media={} links={} downloaded_files=None screenshot=None pdf=None markdown=None markdown_v2=None fit_markdown=None fit_html=None extracted_content=None metadata=None error_message='Unexpected error in _crawl_web at line 1205 in _crawl_web (../../.pyenv/versions/3.12.6/lib/python3.12/site-packages/crawl4ai/async_crawler_strategy.py):\nError: Failed on navigating ACS-GOTO:\nPage.goto: net::ERR_FAILED at https://www.bolton.ac.uk/assets/Hosted/UniversityofBolton_APP_2021-22_V1.pdf\nCall log:\n  - navigating to "https://www.bolton.ac.uk/assets/Hosted/UniversityofBolton_APP_2021-22_V1.pdf", waiting until "domcontentloaded"\n\n\nCode context:\n1200   \n1201                       response = await page.goto(\n1202                           url, wait_until=config.wait_until, timeout=config.page_timeout\n1203                       )\n1204                   except Error as e:\n1205 →                     raise RuntimeError(f"Failed on navigating ACS-GOTO:\\n{str(e)}")\n1206   \n1207                   await self.execute_hook("after_goto", page, context=context, url=url, response=response)\n1208   \n1209                   if response is None:\n1210                       status_code = 200' session_id=None response_headers=None status_code=None ssl_certificate=None


Failed to crawl: https://www.bolton.ac.uk/assets/Hosted/University-of-Bolton-APP-Summary-07-July-2022.pdf
Result: url='https://www.bolton.ac.uk/assets/Hosted/University-of-Bolton-APP-Summary-07-July-2022.pdf' html='' success=False cleaned_html=None media={} links={} downloaded_files=None screenshot=None pdf=None markdown=None markdown_v2=None fit_markdown=None fit_html=None extracted_content=None metadata=None error_message='Unexpected error in _crawl_web at line 1205 in _crawl_web (../../.pyenv/versions/3.12.6/lib/python3.12/site-packages/crawl4ai/async_crawler_strategy.py):\nError: Failed on navigating ACS-GOTO:\nPage.goto: net::ERR_FAILED at https://www.bolton.ac.uk/assets/Hosted/University-of-Bolton-APP-Summary-07-July-2022.pdf\nCall log:\n  - navigating to "https://www.bolton.ac.uk/assets/Hosted/University-of-Bolton-APP-Summary-07-July-2022.pdf", waiting until "domcontentloaded"\n\n\nCode context:\n1200   \n1201                       response = await page.goto(\n1202                           url, wait_until=config.wait_until, timeout=config.page_timeout\n1203                       )\n1204                   except Error as e:\n1205 →                     raise RuntimeError(f"Failed on navigating ACS-GOTO:\\n{str(e)}")\n1206   \n1207                   await self.execute_hook("after_goto", page, context=context, url=url, response=response)\n1208   \n1209                   if response is None:\n1210                       status_code = 200' session_id=None response_headers=None status_code=None ssl_certificate=None


Failed to crawl: https://www.bolton.ac.uk/assets/Uploads/InformationSecurityPolicySet-Feb2012.pdf
Result: url='https://www.bolton.ac.uk/assets/Uploads/InformationSecurityPolicySet-Feb2012.pdf' html='' success=False cleaned_html=None media={} links={} downloaded_files=None screenshot=None pdf=None markdown=None markdown_v2=None fit_markdown=None fit_html=None extracted_content=None metadata=None error_message='Unexpected error in _crawl_web at line 1205 in _crawl_web (../../.pyenv/versions/3.12.6/lib/python3.12/site-packages/crawl4ai/async_crawler_strategy.py):\nError: Failed on navigating ACS-GOTO:\nPage.goto: net::ERR_FAILED at https://www.bolton.ac.uk/assets/Uploads/InformationSecurityPolicySet-Feb2012.pdf\nCall log:\n  - navigating to "https://www.bolton.ac.uk/assets/Uploads/InformationSecurityPolicySet-Feb2012.pdf", waiting until "domcontentloaded"\n\n\nCode context:\n1200   \n1201                       response = await page.goto(\n1202                           url, wait_until=config.wait_until, timeout=config.page_timeout\n1203                       )\n1204                   except Error as e:\n1205 →                     raise RuntimeError(f"Failed on navigating ACS-GOTO:\\n{str(e)}")\n1206   \n1207                   await self.execute_hook("after_goto", page, context=context, url=url, response=response)\n1208   \n1209                   if response is None:\n1210                       status_code = 200' session_id=None response_headers=None status_code=None ssl_certificate=None


Failed to crawl: https://www.bolton.ac.uk/assets/Uploads/GuidanceforSecurityformobileDevices.pdf
Result: url='https://www.bolton.ac.uk/assets/Uploads/GuidanceforSecurityformobileDevices.pdf' html='' success=False cleaned_html=None media={} links={} downloaded_files=None screenshot=None pdf=None markdown=None markdown_v2=None fit_markdown=None fit_html=None extracted_content=None metadata=None error_message='Unexpected error in _crawl_web at line 1205 in _crawl_web (../../.pyenv/versions/3.12.6/lib/python3.12/site-packages/crawl4ai/async_crawler_strategy.py):\nError: Failed on navigating ACS-GOTO:\nPage.goto: net::ERR_FAILED at https://www.bolton.ac.uk/assets/Uploads/GuidanceforSecurityformobileDevices.pdf\nCall log:\n  - navigating to "https://www.bolton.ac.uk/assets/Uploads/GuidanceforSecurityformobileDevices.pdf", waiting until "domcontentloaded"\n\n\nCode context:\n1200   \n1201                       response = await page.goto(\n1202                           url, wait_until=config.wait_until, timeout=config.page_timeout\n1203                       )\n1204                   except Error as e:\n1205 →                     raise RuntimeError(f"Failed on navigating ACS-GOTO:\\n{str(e)}")\n1206   \n1207                   await self.execute_hook("after_goto", page, context=context, url=url, response=response)\n1208   \n1209                   if response is None:\n1210                       status_code = 200' session_id=None response_headers=None status_code=None ssl_certificate=None


Failed to crawl: https://www.bolton.ac.uk/assets/Uploads/Internet-Security-Policy.pdf
Result: url='https://www.bolton.ac.uk/assets/Uploads/Internet-Security-Policy.pdf' html='' success=False cleaned_html=None media={} links={} downloaded_files=None screenshot=None pdf=None markdown=None markdown_v2=None fit_markdown=None fit_html=None extracted_content=None metadata=None error_message='Unexpected error in _crawl_web at line 1205 in _crawl_web (../../.pyenv/versions/3.12.6/lib/python3.12/site-packages/crawl4ai/async_crawler_strategy.py):\nError: Failed on navigating ACS-GOTO:\nPage.goto: net::ERR_FAILED at https://www.bolton.ac.uk/assets/Uploads/Internet-Security-Policy.pdf\nCall log:\n  - navigating to "https://www.bolton.ac.uk/assets/Uploads/Internet-Security-Policy.pdf", waiting until "domcontentloaded"\n\n\nCode context:\n1200   \n1201                       response = await page.goto(\n1202                           url, wait_until=config.wait_until, timeout=config.page_timeout\n1203                       )\n1204                   except Error as e:\n1205 →                     raise RuntimeError(f"Failed on navigating ACS-GOTO:\\n{str(e)}")\n1206   \n1207                   await self.execute_hook("after_goto", page, context=context, url=url, response=response)\n1208   \n1209                   if response is None:\n1210                       status_code = 200' session_id=None response_headers=None status_code=None ssl_certificate=None


Failed to crawl: https://www.bolton.ac.uk/assets/Uploads/StaffAcceptableUsePolicy-1.pdf
Result: url='https://www.bolton.ac.uk/assets/Uploads/StaffAcceptableUsePolicy-1.pdf' html='' success=False cleaned_html=None media={} links={} downloaded_files=None screenshot=None pdf=None markdown=None markdown_v2=None fit_markdown=None fit_html=None extracted_content=None metadata=None error_message='Unexpected error in _crawl_web at line 1205 in _crawl_web (../../.pyenv/versions/3.12.6/lib/python3.12/site-packages/crawl4ai/async_crawler_strategy.py):\nError: Failed on navigating ACS-GOTO:\nPage.goto: net::ERR_FAILED at https://www.bolton.ac.uk/assets/Uploads/StaffAcceptableUsePolicy-1.pdf\nCall log:\n  - navigating to "https://www.bolton.ac.uk/assets/Uploads/StaffAcceptableUsePolicy-1.pdf", waiting until "domcontentloaded"\n\n\nCode context:\n1200   \n1201                       response = await page.goto(\n1202                           url, wait_until=config.wait_until, timeout=config.page_timeout\n1203                       )\n1204                   except Error as e:\n1205 →                     raise RuntimeError(f"Failed on navigating ACS-GOTO:\\n{str(e)}")\n1206   \n1207                   await self.execute_hook("after_goto", page, context=context, url=url, response=response)\n1208   \n1209                   if response is None:\n1210                       status_code = 200' session_id=None response_headers=None status_code=None ssl_certificate=None


Failed to crawl: https://www.bolton.ac.uk/assets/Uploads/InformationSecurityPolicySet-Feb2012-1.pdf
Result: url='https://www.bolton.ac.uk/assets/Uploads/InformationSecurityPolicySet-Feb2012-1.pdf' html='' success=False cleaned_html=None media={} links={} downloaded_files=None screenshot=None pdf=None markdown=None markdown_v2=None fit_markdown=None fit_html=None extracted_content=None metadata=None error_message='Unexpected error in _crawl_web at line 1205 in _crawl_web (../../.pyenv/versions/3.12.6/lib/python3.12/site-packages/crawl4ai/async_crawler_strategy.py):\nError: Failed on navigating ACS-GOTO:\nPage.goto: net::ERR_FAILED at https://www.bolton.ac.uk/assets/Uploads/InformationSecurityPolicySet-Feb2012-1.pdf\nCall log:\n  - navigating to "https://www.bolton.ac.uk/assets/Uploads/InformationSecurityPolicySet-Feb2012-1.pdf", waiting until "domcontentloaded"\n\n\nCode context:\n1200   \n1201                       response = await page.goto(\n1202                           url, wait_until=config.wait_until, timeout=config.page_timeout\n1203                       )\n1204                   except Error as e:\n1205 →                     raise RuntimeError(f"Failed on navigating ACS-GOTO:\\n{str(e)}")\n1206   \n1207                   await self.execute_hook("after_goto", page, context=context, url=url, response=response)\n1208   \n1209                   if response is None:\n1210                       status_code = 200' session_id=None response_headers=None status_code=None ssl_certificate=None


Failed to crawl: https://www.bolton.ac.uk/assets/Uploads/GuidanceforSecurityformobileDevices-1.pdf
Result: url='https://www.bolton.ac.uk/assets/Uploads/GuidanceforSecurityformobileDevices-1.pdf' html='' success=False cleaned_html=None media={} links={} downloaded_files=None screenshot=None pdf=None markdown=None markdown_v2=None fit_markdown=None fit_html=None extracted_content=None metadata=None error_message='Unexpected error in _crawl_web at line 1205 in _crawl_web (../../.pyenv/versions/3.12.6/lib/python3.12/site-packages/crawl4ai/async_crawler_strategy.py):\nError: Failed on navigating ACS-GOTO:\nPage.goto: net::ERR_FAILED at https://www.bolton.ac.uk/assets/Uploads/GuidanceforSecurityformobileDevices-1.pdf\nCall log:\n  - navigating to "https://www.bolton.ac.uk/assets/Uploads/GuidanceforSecurityformobileDevices-1.pdf", waiting until "domcontentloaded"\n\n\nCode context:\n1200   \n1201                       response = await page.goto(\n1202                           url, wait_until=config.wait_until, timeout=config.page_timeout\n1203                       )\n1204                   except Error as e:\n1205 →                     raise RuntimeError(f"Failed on navigating ACS-GOTO:\\n{str(e)}")\n1206   \n1207                   await self.execute_hook("after_goto", page, context=context, url=url, response=response)\n1208   \n1209                   if response is None:\n1210                       status_code = 200' session_id=None response_headers=None status_code=None ssl_certificate=None


Failed to crawl: https://www.bolton.ac.uk/assets/Uploads/ED-Report-2020-21.pdf
Result: url='https://www.bolton.ac.uk/assets/Uploads/ED-Report-2020-21.pdf' html='' success=False cleaned_html=None media={} links={} downloaded_files=None screenshot=None pdf=None markdown=None markdown_v2=None fit_markdown=None fit_html=None extracted_content=None metadata=None error_message='Unexpected error in _crawl_web at line 1205 in _crawl_web (../../.pyenv/versions/3.12.6/lib/python3.12/site-packages/crawl4ai/async_crawler_strategy.py):\nError: Failed on navigating ACS-GOTO:\nPage.goto: net::ERR_FAILED at https://www.bolton.ac.uk/assets/Uploads/ED-Report-2020-21.pdf\nCall log:\n  - navigating to "https://www.bolton.ac.uk/assets/Uploads/ED-Report-2020-21.pdf", waiting until "domcontentloaded"\n\n\nCode context:\n1200   \n1201                       response = await page.goto(\n1202                           url, wait_until=config.wait_until, timeout=config.page_timeout\n1203                       )\n1204                   except Error as e:\n1205 →                     raise RuntimeError(f"Failed on navigating ACS-GOTO:\\n{str(e)}")\n1206   \n1207                   await self.execute_hook("after_goto", page, context=context, url=url, response=response)\n1208   \n1209                   if response is None:\n1210                       status_code = 200' session_id=None response_headers=None status_code=None ssl_certificate=None


Failed to crawl: https://www.bolton.ac.uk/assets/2019-2020-Equality-Diversity-Report.pdf
Result: url='https://www.bolton.ac.uk/assets/2019-2020-Equality-Diversity-Report.pdf' html='' success=False cleaned_html=None media={} links={} downloaded_files=None screenshot=None pdf=None markdown=None markdown_v2=None fit_markdown=None fit_html=None extracted_content=None metadata=None error_message='Unexpected error in _crawl_web at line 1205 in _crawl_web (../../.pyenv/versions/3.12.6/lib/python3.12/site-packages/crawl4ai/async_crawler_strategy.py):\nError: Failed on navigating ACS-GOTO:\nPage.goto: net::ERR_FAILED at https://www.bolton.ac.uk/assets/2019-2020-Equality-Diversity-Report.pdf\nCall log:\n  - navigating to "https://www.bolton.ac.uk/assets/2019-2020-Equality-Diversity-Report.pdf", waiting until "domcontentloaded"\n\n\nCode context:\n1200   \n1201                       response = await page.goto(\n1202                           url, wait_until=config.wait_until, timeout=config.page_timeout\n1203                       )\n1204                   except Error as e:\n1205 →                     raise RuntimeError(f"Failed on navigating ACS-GOTO:\\n{str(e)}")\n1206   \n1207                   await self.execute_hook("after_goto", page, context=context, url=url, response=response)\n1208   \n1209                   if response is None:\n1210                       status_code = 200' session_id=None response_headers=None status_code=None ssl_certificate=None


Failed to crawl: https://www.bolton.ac.uk/assets/2018-19-Equality-Diversity-Report.pdf.pdf
Result: url='https://www.bolton.ac.uk/assets/2018-19-Equality-Diversity-Report.pdf.pdf' html='' success=False cleaned_html=None media={} links={} downloaded_files=None screenshot=None pdf=None markdown=None markdown_v2=None fit_markdown=None fit_html=None extracted_content=None metadata=None error_message='Unexpected error in _crawl_web at line 1205 in _crawl_web (../../.pyenv/versions/3.12.6/lib/python3.12/site-packages/crawl4ai/async_crawler_strategy.py):\nError: Failed on navigating ACS-GOTO:\nPage.goto: net::ERR_FAILED at https://www.bolton.ac.uk/assets/2018-19-Equality-Diversity-Report.pdf.pdf\nCall log:\n  - navigating to "https://www.bolton.ac.uk/assets/2018-19-Equality-Diversity-Report.pdf.pdf", waiting until "domcontentloaded"\n\n\nCode context:\n1200   \n1201                       response = await page.goto(\n1202                           url, wait_until=config.wait_until, timeout=config.page_timeout\n1203                       )\n1204                   except Error as e:\n1205 →                     raise RuntimeError(f"Failed on navigating ACS-GOTO:\\n{str(e)}")\n1206   \n1207                   await self.execute_hook("after_goto", page, context=context, url=url, response=response)\n1208   \n1209                   if response is None:\n1210                       status_code = 200' session_id=None response_headers=None status_code=None ssl_certificate=None


Failed to crawl: https://www.bolton.ac.uk/assets/Equality-and-diversity/2017-2018-Annual-Report.pdf
Result: url='https://www.bolton.ac.uk/assets/Equality-and-diversity/2017-2018-Annual-Report.pdf' html='' success=False cleaned_html=None media={} links={} downloaded_files=None screenshot=None pdf=None markdown=None markdown_v2=None fit_markdown=None fit_html=None extracted_content=None metadata=None error_message='Unexpected error in _crawl_web at line 1205 in _crawl_web (../../.pyenv/versions/3.12.6/lib/python3.12/site-packages/crawl4ai/async_crawler_strategy.py):\nError: Failed on navigating ACS-GOTO:\nPage.goto: net::ERR_FAILED at https://www.bolton.ac.uk/assets/Equality-and-diversity/2017-2018-Annual-Report.pdf\nCall log:\n  - navigating to "https://www.bolton.ac.uk/assets/Equality-and-diversity/2017-2018-Annual-Report.pdf", waiting until "domcontentloaded"\n\n\nCode context:\n1200   \n1201                       response = await page.goto(\n1202                           url, wait_until=config.wait_until, timeout=config.page_timeout\n1203                       )\n1204                   except Error as e:\n1205 →                     raise RuntimeError(f"Failed on navigating ACS-GOTO:\\n{str(e)}")\n1206   \n1207                   await self.execute_hook("after_goto", page, context=context, url=url, response=response)\n1208   \n1209                   if response is None:\n1210                       status_code = 200' session_id=None response_headers=None status_code=None ssl_certificate=None


Failed to crawl: https://www.bolton.ac.uk/assets/Equality-and-diversity/Equality-and-Diversity-Full-Report-2016-17.pdf
Result: url='https://www.bolton.ac.uk/assets/Equality-and-diversity/Equality-and-Diversity-Full-Report-2016-17.pdf' html='' success=False cleaned_html=None media={} links={} downloaded_files=None screenshot=None pdf=None markdown=None markdown_v2=None fit_markdown=None fit_html=None extracted_content=None metadata=None error_message='Unexpected error in _crawl_web at line 1205 in _crawl_web (../../.pyenv/versions/3.12.6/lib/python3.12/site-packages/crawl4ai/async_crawler_strategy.py):\nError: Failed on navigating ACS-GOTO:\nPage.goto: net::ERR_FAILED at https://www.bolton.ac.uk/assets/Equality-and-diversity/Equality-and-Diversity-Full-Report-2016-17.pdf\nCall log:\n  - navigating to "https://www.bolton.ac.uk/assets/Equality-and-diversity/Equality-and-Diversity-Full-Report-2016-17.pdf", waiting until "domcontentloaded"\n\n\nCode context:\n1200   \n1201                       response = await page.goto(\n1202                           url, wait_until=config.wait_until, timeout=config.page_timeout\n1203                       )\n1204                   except Error as e:\n1205 →                     raise RuntimeError(f"Failed on navigating ACS-GOTO:\\n{str(e)}")\n1206   \n1207                   await self.execute_hook("after_goto", page, context=context, url=url, response=response)\n1208   \n1209                   if response is None:\n1210                       status_code = 200' session_id=None response_headers=None status_code=None ssl_certificate=None


Failed to crawl: https://www.bolton.ac.uk/assets/Equality-and-diversity/Draft-Report-2015-2016-v2.pdf
Result: url='https://www.bolton.ac.uk/assets/Equality-and-diversity/Draft-Report-2015-2016-v2.pdf' html='' success=False cleaned_html=None media={} links={} downloaded_files=None screenshot=None pdf=None markdown=None markdown_v2=None fit_markdown=None fit_html=None extracted_content=None metadata=None error_message='Unexpected error in _crawl_web at line 1205 in _crawl_web (../../.pyenv/versions/3.12.6/lib/python3.12/site-packages/crawl4ai/async_crawler_strategy.py):\nError: Failed on navigating ACS-GOTO:\nPage.goto: net::ERR_FAILED at https://www.bolton.ac.uk/assets/Equality-and-diversity/Draft-Report-2015-2016-v2.pdf\nCall log:\n  - navigating to "https://www.bolton.ac.uk/assets/Equality-and-diversity/Draft-Report-2015-2016-v2.pdf", waiting until "domcontentloaded"\n\n\nCode context:\n1200   \n1201                       response = await page.goto(\n1202                           url, wait_until=config.wait_until, timeout=config.page_timeout\n1203                       )\n1204                   except Error as e:\n1205 →                     raise RuntimeError(f"Failed on navigating ACS-GOTO:\\n{str(e)}")\n1206   \n1207                   await self.execute_hook("after_goto", page, context=context, url=url, response=response)\n1208   \n1209                   if response is None:\n1210                       status_code = 200' session_id=None response_headers=None status_code=None ssl_certificate=None


Failed to crawl: https://www.bolton.ac.uk/assets/Equal-Opportunities-Policy-November-2021.pdf
Result: url='https://www.bolton.ac.uk/assets/Equal-Opportunities-Policy-November-2021.pdf' html='' success=False cleaned_html=None media={} links={} downloaded_files=None screenshot=None pdf=None markdown=None markdown_v2=None fit_markdown=None fit_html=None extracted_content=None metadata=None error_message='Unexpected error in _crawl_web at line 1205 in _crawl_web (../../.pyenv/versions/3.12.6/lib/python3.12/site-packages/crawl4ai/async_crawler_strategy.py):\nError: Failed on navigating ACS-GOTO:\nPage.goto: net::ERR_FAILED at https://www.bolton.ac.uk/assets/Equal-Opportunities-Policy-November-2021.pdf\nCall log:\n  - navigating to "https://www.bolton.ac.uk/assets/Equal-Opportunities-Policy-November-2021.pdf", waiting until "domcontentloaded"\n\n\nCode context:\n1200   \n1201                       response = await page.goto(\n1202                           url, wait_until=config.wait_until, timeout=config.page_timeout\n1203                       )\n1204                   except Error as e:\n1205 →                     raise RuntimeError(f"Failed on navigating ACS-GOTO:\\n{str(e)}")\n1206   \n1207                   await self.execute_hook("after_goto", page, context=context, url=url, response=response)\n1208   \n1209                   if response is None:\n1210                       status_code = 200' session_id=None response_headers=None status_code=None ssl_certificate=None


Failed to crawl: https://www.bolton.ac.uk/assets/Equality-and-diversity/StudentHarassmentBullyingPolicy.pdf
Result: url='https://www.bolton.ac.uk/assets/Equality-and-diversity/StudentHarassmentBullyingPolicy.pdf' html='' success=False cleaned_html=None media={} links={} downloaded_files=None screenshot=None pdf=None markdown=None markdown_v2=None fit_markdown=None fit_html=None extracted_content=None metadata=None error_message='Unexpected error in _crawl_web at line 1205 in _crawl_web (../../.pyenv/versions/3.12.6/lib/python3.12/site-packages/crawl4ai/async_crawler_strategy.py):\nError: Failed on navigating ACS-GOTO:\nPage.goto: net::ERR_FAILED at https://www.bolton.ac.uk/assets/Equality-and-diversity/StudentHarassmentBullyingPolicy.pdf\nCall log:\n  - navigating to "https://www.bolton.ac.uk/assets/Equality-and-diversity/StudentHarassmentBullyingPolicy.pdf", waiting until "domcontentloaded"\n\n\nCode context:\n1200   \n1201                       response = await page.goto(\n1202                           url, wait_until=config.wait_until, timeout=config.page_timeout\n1203                       )\n1204                   except Error as e:\n1205 →                     raise RuntimeError(f"Failed on navigating ACS-GOTO:\\n{str(e)}")\n1206   \n1207                   await self.execute_hook("after_goto", page, context=context, url=url, response=response)\n1208   \n1209                   if response is None:\n1210                       status_code = 200' session_id=None response_headers=None status_code=None ssl_certificate=None


Failed to crawl: https://www.bolton.ac.uk/assets/Uploads/7.-UoBSSF-Checklist-for-applicants-2020-21-.pdf
Result: url='https://www.bolton.ac.uk/assets/Uploads/7.-UoBSSF-Checklist-for-applicants-2020-21-.pdf' html='' success=False cleaned_html=None media={} links={} downloaded_files=None screenshot=None pdf=None markdown=None markdown_v2=None fit_markdown=None fit_html=None extracted_content=None metadata=None error_message='Unexpected error in _crawl_web at line 1205 in _crawl_web (../../.pyenv/versions/3.12.6/lib/python3.12/site-packages/crawl4ai/async_crawler_strategy.py):\nError: Failed on navigating ACS-GOTO:\nPage.goto: net::ERR_FAILED at https://www.bolton.ac.uk/assets/Uploads/7.-UoBSSF-Checklist-for-applicants-2020-21-.pdf\nCall log:\n  - navigating to "https://www.bolton.ac.uk/assets/Uploads/7.-UoBSSF-Checklist-for-applicants-2020-21-.pdf", waiting until "domcontentloaded"\n\n\nCode context:\n1200   \n1201                       response = await page.goto(\n1202                           url, wait_until=config.wait_until, timeout=config.page_timeout\n1203                       )\n1204                   except Error as e:\n1205 →                     raise RuntimeError(f"Failed on navigating ACS-GOTO:\\n{str(e)}")\n1206   \n1207                   await self.execute_hook("after_goto", page, context=context, url=url, response=response)\n1208   \n1209                   if response is None:\n1210                       status_code = 200' session_id=None response_headers=None status_code=None ssl_certificate=None


Failed to crawl: https://www.bolton.ac.uk/blogs/what-a-career-in-law-looks-like
Result: url='https://www.bolton.ac.uk/blogs/what-a-career-in-law-looks-like' html='' success=False cleaned_html=None media={} links={} downloaded_files=None screenshot=None pdf=None markdown=None markdown_v2=None fit_markdown=None fit_html=None extracted_content=None metadata=None error_message='Unexpected error in _crawl_web at line 1205 in _crawl_web (../../.pyenv/versions/3.12.6/lib/python3.12/site-packages/crawl4ai/async_crawler_strategy.py):\nError: Failed on navigating ACS-GOTO:\nPage.goto: net::ERR_INSUFFICIENT_RESOURCES at https://www.bolton.ac.uk/blogs/what-a-career-in-law-looks-like\nCall log:\n  - navigating to "https://www.bolton.ac.uk/blogs/what-a-career-in-law-looks-like", waiting until "domcontentloaded"\n\n\nCode context:\n1200   \n1201                       response = await page.goto(\n1202                           url, wait_until=config.wait_until, timeout=config.page_timeout\n1203                       )\n1204                   except Error as e:\n1205 →                     raise RuntimeError(f"Failed on navigating ACS-GOTO:\\n{str(e)}")\n1206   \n1207                   await self.execute_hook("after_goto", page, context=context, url=url, response=response)\n1208   \n1209                   if response is None:\n1210                       status_code = 200' session_id=None response_headers=None status_code=None ssl_certificate=None


Failed to crawl: https://www.bolton.ac.uk/blogs/law-degree-entry-requirements-you-will-require
Result: url='https://www.bolton.ac.uk/blogs/law-degree-entry-requirements-you-will-require' html='' success=False cleaned_html=None media={} links={} downloaded_files=None screenshot=None pdf=None markdown=None markdown_v2=None fit_markdown=None fit_html=None extracted_content=None metadata=None error_message='Unexpected error in _crawl_web at line 1205 in _crawl_web (../../.pyenv/versions/3.12.6/lib/python3.12/site-packages/crawl4ai/async_crawler_strategy.py):\nError: Failed on navigating ACS-GOTO:\nPage.goto: net::ERR_NAME_NOT_RESOLVED at https://www.bolton.ac.uk/blogs/law-degree-entry-requirements-you-will-require\nCall log:\n  - navigating to "https://www.bolton.ac.uk/blogs/law-degree-entry-requirements-you-will-require", waiting until "domcontentloaded"\n\n\nCode context:\n1200   \n1201                       response = await page.goto(\n1202                           url, wait_until=config.wait_until, timeout=config.page_timeout\n1203                       )\n1204                   except Error as e:\n1205 →                     raise RuntimeError(f"Failed on navigating ACS-GOTO:\\n{str(e)}")\n1206   \n1207                   await self.execute_hook("after_goto", page, context=context, url=url, response=response)\n1208   \n1209                   if response is None:\n1210                       status_code = 200' session_id=None response_headers=None status_code=None ssl_certificate=None


Failed to crawl: https://www.bolton.ac.uk/blogs/what-does-a-dental-technician-do
Result: url='https://www.bolton.ac.uk/blogs/what-does-a-dental-technician-do' html='' success=False cleaned_html=None media={} links={} downloaded_files=None screenshot=None pdf=None markdown=None markdown_v2=None fit_markdown=None fit_html=None extracted_content=None metadata=None error_message='Unexpected error in _crawl_web at line 1205 in _crawl_web (../../.pyenv/versions/3.12.6/lib/python3.12/site-packages/crawl4ai/async_crawler_strategy.py):\nError: Failed on navigating ACS-GOTO:\nPage.goto: net::ERR_NAME_NOT_RESOLVED at https://www.bolton.ac.uk/blogs/what-does-a-dental-technician-do\nCall log:\n  - navigating to "https://www.bolton.ac.uk/blogs/what-does-a-dental-technician-do", waiting until "domcontentloaded"\n\n\nCode context:\n1200   \n1201                       response = await page.goto(\n1202                           url, wait_until=config.wait_until, timeout=config.page_timeout\n1203                       )\n1204                   except Error as e:\n1205 →                     raise RuntimeError(f"Failed on navigating ACS-GOTO:\\n{str(e)}")\n1206   \n1207                   await self.execute_hook("after_goto", page, context=context, url=url, response=response)\n1208   \n1209                   if response is None:\n1210                       status_code = 200' session_id=None response_headers=None status_code=None ssl_certificate=None


Failed to crawl: https://www.bolton.ac.uk/blogs/why-going-to-a-nursery-is-vital-for-a-childs-development
Result: url='https://www.bolton.ac.uk/blogs/why-going-to-a-nursery-is-vital-for-a-childs-development' html='' success=False cleaned_html=None media={} links={} downloaded_files=None screenshot=None pdf=None markdown=None markdown_v2=None fit_markdown=None fit_html=None extracted_content=None metadata=None error_message='Unexpected error in _crawl_web at line 1205 in _crawl_web (../../.pyenv/versions/3.12.6/lib/python3.12/site-packages/crawl4ai/async_crawler_strategy.py):\nError: Failed on navigating ACS-GOTO:\nPage.goto: net::ERR_NAME_NOT_RESOLVED at https://www.bolton.ac.uk/blogs/why-going-to-a-nursery-is-vital-for-a-childs-development\nCall log:\n  - navigating to "https://www.bolton.ac.uk/blogs/why-going-to-a-nursery-is-vital-for-a-childs-development", waiting until "domcontentloaded"\n\n\nCode context:\n1200   \n1201                       response = await page.goto(\n1202                           url, wait_until=config.wait_until, timeout=config.page_timeout\n1203                       )\n1204                   except Error as e:\n1205 →                     raise RuntimeError(f"Failed on navigating ACS-GOTO:\\n{str(e)}")\n1206   \n1207                   await self.execute_hook("after_goto", page, context=context, url=url, response=response)\n1208   \n1209                   if response is None:\n1210                       status_code = 200' session_id=None response_headers=None status_code=None ssl_certificate=None


Failed to crawl: https://www.bolton.ac.uk/blogs/when-was-the-last-time-you-experienced-awe-and-wonder
Result: url='https://www.bolton.ac.uk/blogs/when-was-the-last-time-you-experienced-awe-and-wonder' html='' success=False cleaned_html=None media={} links={} downloaded_files=None screenshot=None pdf=None markdown=None markdown_v2=None fit_markdown=None fit_html=None extracted_content=None metadata=None error_message='Unexpected error in _crawl_web at line 1205 in _crawl_web (../../.pyenv/versions/3.12.6/lib/python3.12/site-packages/crawl4ai/async_crawler_strategy.py):\nError: Failed on navigating ACS-GOTO:\nPage.goto: net::ERR_NAME_NOT_RESOLVED at https://www.bolton.ac.uk/blogs/when-was-the-last-time-you-experienced-awe-and-wonder\nCall log:\n  - navigating to "https://www.bolton.ac.uk/blogs/when-was-the-last-time-you-experienced-awe-and-wonder", waiting until "domcontentloaded"\n\n\nCode context:\n1200   \n1201                       response = await page.goto(\n1202                           url, wait_until=config.wait_until, timeout=config.page_timeout\n1203                       )\n1204                   except Error as e:\n1205 →                     raise RuntimeError(f"Failed on navigating ACS-GOTO:\\n{str(e)}")\n1206   \n1207                   await self.execute_hook("after_goto", page, context=context, url=url, response=response)\n1208   \n1209                   if response is None:\n1210                       status_code = 200' session_id=None response_headers=None status_code=None ssl_certificate=None


Failed to crawl: https://www.bolton.ac.uk/blogs/the-teachers-of-tomorrow
Result: url='https://www.bolton.ac.uk/blogs/the-teachers-of-tomorrow' html='' success=False cleaned_html=None media={} links={} downloaded_files=None screenshot=None pdf=None markdown=None markdown_v2=None fit_markdown=None fit_html=None extracted_content=None metadata=None error_message='Unexpected error in _crawl_web at line 1205 in _crawl_web (../../.pyenv/versions/3.12.6/lib/python3.12/site-packages/crawl4ai/async_crawler_strategy.py):\nError: Failed on navigating ACS-GOTO:\nPage.goto: net::ERR_NAME_NOT_RESOLVED at https://www.bolton.ac.uk/blogs/the-teachers-of-tomorrow\nCall log:\n  - navigating to "https://www.bolton.ac.uk/blogs/the-teachers-of-tomorrow", waiting until "domcontentloaded"\n\n\nCode context:\n1200   \n1201                       response = await page.goto(\n1202                           url, wait_until=config.wait_until, timeout=config.page_timeout\n1203                       )\n1204                   except Error as e:\n1205 →                     raise RuntimeError(f"Failed on navigating ACS-GOTO:\\n{str(e)}")\n1206   \n1207                   await self.execute_hook("after_goto", page, context=context, url=url, response=response)\n1208   \n1209                   if response is None:\n1210                       status_code = 200' session_id=None response_headers=None status_code=None ssl_certificate=None


Failed to crawl: https://www.bolton.ac.uk/blogs/initial-teacher-education-ite-14-programmes
Result: url='https://www.bolton.ac.uk/blogs/initial-teacher-education-ite-14-programmes' html='' success=False cleaned_html=None media={} links={} downloaded_files=None screenshot=None pdf=None markdown=None markdown_v2=None fit_markdown=None fit_html=None extracted_content=None metadata=None error_message='Unexpected error in _crawl_web at line 1205 in _crawl_web (../../.pyenv/versions/3.12.6/lib/python3.12/site-packages/crawl4ai/async_crawler_strategy.py):\nError: Failed on navigating ACS-GOTO:\nPage.goto: net::ERR_NAME_NOT_RESOLVED at https://www.bolton.ac.uk/blogs/initial-teacher-education-ite-14-programmes\nCall log:\n  - navigating to "https://www.bolton.ac.uk/blogs/initial-teacher-education-ite-14-programmes", waiting until "domcontentloaded"\n\n\nCode context:\n1200   \n1201                       response = await page.goto(\n1202                           url, wait_until=config.wait_until, timeout=config.page_timeout\n1203                       )\n1204                   except Error as e:\n1205 →                     raise RuntimeError(f"Failed on navigating ACS-GOTO:\\n{str(e)}")\n1206   \n1207                   await self.execute_hook("after_goto", page, context=context, url=url, response=response)\n1208   \n1209                   if response is None:\n1210                       status_code = 200' session_id=None response_headers=None status_code=None ssl_certificate=None


Failed to crawl: https://www.bolton.ac.uk/blogs/staying-on-at-university-what-can-i-do-with-a-masters-in-electrical-engineering
Result: url='https://www.bolton.ac.uk/blogs/staying-on-at-university-what-can-i-do-with-a-masters-in-electrical-engineering' html='' success=False cleaned_html=None media={} links={} downloaded_files=None screenshot=None pdf=None markdown=None markdown_v2=None fit_markdown=None fit_html=None extracted_content=None metadata=None error_message='Unexpected error in _crawl_web at line 1205 in _crawl_web (../../.pyenv/versions/3.12.6/lib/python3.12/site-packages/crawl4ai/async_crawler_strategy.py):\nError: Failed on navigating ACS-GOTO:\nPage.goto: net::ERR_NAME_NOT_RESOLVED at https://www.bolton.ac.uk/blogs/staying-on-at-university-what-can-i-do-with-a-masters-in-electrical-engineering\nCall log:\n  - navigating to "https://www.bolton.ac.uk/blogs/staying-on-at-university-what-can-i-do-with-a-masters-in-electrical-engineering", waiting until "domcontentloaded"\n\n\nCode context:\n1200   \n1201                       response = await page.goto(\n1202                           url, wait_until=config.wait_until, timeout=config.page_timeout\n1203                       )\n1204                   except Error as e:\n1205 →                     raise RuntimeError(f"Failed on navigating ACS-GOTO:\\n{str(e)}")\n1206   \n1207                   await self.execute_hook("after_goto", page, context=context, url=url, response=response)\n1208   \n1209                   if response is None:\n1210                       status_code = 200' session_id=None response_headers=None status_code=None ssl_certificate=None


Failed to crawl: https://www.bolton.ac.uk/blogs/a-case-study-of-current-study
Result: url='https://www.bolton.ac.uk/blogs/a-case-study-of-current-study' html='' success=False cleaned_html=None media={} links={} downloaded_files=None screenshot=None pdf=None markdown=None markdown_v2=None fit_markdown=None fit_html=None extracted_content=None metadata=None error_message='Unexpected error in _crawl_web at line 1205 in _crawl_web (../../.pyenv/versions/3.12.6/lib/python3.12/site-packages/crawl4ai/async_crawler_strategy.py):\nError: Failed on navigating ACS-GOTO:\nPage.goto: net::ERR_NAME_NOT_RESOLVED at https://www.bolton.ac.uk/blogs/a-case-study-of-current-study\nCall log:\n  - navigating to "https://www.bolton.ac.uk/blogs/a-case-study-of-current-study", waiting until "domcontentloaded"\n\n\nCode context:\n1200   \n1201                       response = await page.goto(\n1202                           url, wait_until=config.wait_until, timeout=config.page_timeout\n1203                       )\n1204                   except Error as e:\n1205 →                     raise RuntimeError(f"Failed on navigating ACS-GOTO:\\n{str(e)}")\n1206   \n1207                   await self.execute_hook("after_goto", page, context=context, url=url, response=response)\n1208   \n1209                   if response is None:\n1210                       status_code = 200' session_id=None response_headers=None status_code=None ssl_certificate=None


Failed to crawl: https://www.bolton.ac.uk/assets/Uploads/Academic-Calendar-2023-24-v2.pdf
Result: url='https://www.bolton.ac.uk/assets/Uploads/Academic-Calendar-2023-24-v2.pdf' html='' success=False cleaned_html=None media={} links={} downloaded_files=None screenshot=None pdf=None markdown=None markdown_v2=None fit_markdown=None fit_html=None extracted_content=None metadata=None error_message='Unexpected error in _crawl_web at line 1205 in _crawl_web (../../.pyenv/versions/3.12.6/lib/python3.12/site-packages/crawl4ai/async_crawler_strategy.py):\nError: Failed on navigating ACS-GOTO:\nPage.goto: net::ERR_FAILED at https://www.bolton.ac.uk/assets/Uploads/Academic-Calendar-2023-24-v2.pdf\nCall log:\n  - navigating to "https://www.bolton.ac.uk/assets/Uploads/Academic-Calendar-2023-24-v2.pdf", waiting until "domcontentloaded"\n\n\nCode context:\n1200   \n1201                       response = await page.goto(\n1202                           url, wait_until=config.wait_until, timeout=config.page_timeout\n1203                       )\n1204                   except Error as e:\n1205 →                     raise RuntimeError(f"Failed on navigating ACS-GOTO:\\n{str(e)}")\n1206   \n1207                   await self.execute_hook("after_goto", page, context=context, url=url, response=response)\n1208   \n1209                   if response is None:\n1210                       status_code = 200' session_id=None response_headers=None status_code=None ssl_certificate=None


Failed to crawl: https://www.bolton.ac.uk/assets/Uploads/Academic-Calendar-2022-23-v2.pdf
Result: url='https://www.bolton.ac.uk/assets/Uploads/Academic-Calendar-2022-23-v2.pdf' html='' success=False cleaned_html=None media={} links={} downloaded_files=None screenshot=None pdf=None markdown=None markdown_v2=None fit_markdown=None fit_html=None extracted_content=None metadata=None error_message='Unexpected error in _crawl_web at line 1205 in _crawl_web (../../.pyenv/versions/3.12.6/lib/python3.12/site-packages/crawl4ai/async_crawler_strategy.py):\nError: Failed on navigating ACS-GOTO:\nPage.goto: net::ERR_FAILED at https://www.bolton.ac.uk/assets/Uploads/Academic-Calendar-2022-23-v2.pdf\nCall log:\n  - navigating to "https://www.bolton.ac.uk/assets/Uploads/Academic-Calendar-2022-23-v2.pdf", waiting until "domcontentloaded"\n\n\nCode context:\n1200   \n1201                       response = await page.goto(\n1202                           url, wait_until=config.wait_until, timeout=config.page_timeout\n1203                       )\n1204                   except Error as e:\n1205 →                     raise RuntimeError(f"Failed on navigating ACS-GOTO:\\n{str(e)}")\n1206   \n1207                   await self.execute_hook("after_goto", page, context=context, url=url, response=response)\n1208   \n1209                   if response is None:\n1210                       status_code = 200' session_id=None response_headers=None status_code=None ssl_certificate=None


Failed to crawl: https://www.bolton.ac.uk/assets/Uploads/Business-Card-Template-Oct-15.xls
Result: url='https://www.bolton.ac.uk/assets/Uploads/Business-Card-Template-Oct-15.xls' html='' success=False cleaned_html=None media={} links={} downloaded_files=None screenshot=None pdf=None markdown=None markdown_v2=None fit_markdown=None fit_html=None extracted_content=None metadata=None error_message='Unexpected error in _crawl_web at line 1205 in _crawl_web (../../.pyenv/versions/3.12.6/lib/python3.12/site-packages/crawl4ai/async_crawler_strategy.py):\nError: Failed on navigating ACS-GOTO:\nPage.goto: net::ERR_FAILED at https://www.bolton.ac.uk/assets/Uploads/Business-Card-Template-Oct-15.xls\nCall log:\n  - navigating to "https://www.bolton.ac.uk/assets/Uploads/Business-Card-Template-Oct-15.xls", waiting until "domcontentloaded"\n\n\nCode context:\n1200   \n1201                       response = await page.goto(\n1202                           url, wait_until=config.wait_until, timeout=config.page_timeout\n1203                       )\n1204                   except Error as e:\n1205 →                     raise RuntimeError(f"Failed on navigating ACS-GOTO:\\n{str(e)}")\n1206   \n1207                   await self.execute_hook("after_goto", page, context=context, url=url, response=response)\n1208   \n1209                   if response is None:\n1210                       status_code = 200' session_id=None response_headers=None status_code=None ssl_certificate=None


Failed to crawl: https://www.bolton.ac.uk/staff-area/professional-services/standards-and-enhancement/review-and-monitoring
Result: url='https://www.bolton.ac.uk/staff-area/professional-services/standards-and-enhancement/review-and-monitoring' html='' success=False cleaned_html=None media={} links={} downloaded_files=None screenshot=None pdf=None markdown=None markdown_v2=None fit_markdown=None fit_html=None extracted_content=None metadata=None error_message='Unexpected error in _crawl_web at line 1205 in _crawl_web (../../.pyenv/versions/3.12.6/lib/python3.12/site-packages/crawl4ai/async_crawler_strategy.py):\nError: Failed on navigating ACS-GOTO:\nPage.goto: net::ERR_NAME_NOT_RESOLVED at https://www.bolton.ac.uk/staff-area/professional-services/standards-and-enhancement/review-and-monitoring\nCall log:\n  - navigating to "https://www.bolton.ac.uk/staff-area/professional-services/standards-and-enhancement/review-and-monitoring", waiting until "domcontentloaded"\n\n\nCode context:\n1200   \n1201                       response = await page.goto(\n1202                           url, wait_until=config.wait_until, timeout=config.page_timeout\n1203                       )\n1204                   except Error as e:\n1205 →                     raise RuntimeError(f"Failed on navigating ACS-GOTO:\\n{str(e)}")\n1206   \n1207                   await self.execute_hook("after_goto", page, context=context, url=url, response=response)\n1208   \n1209                   if response is None:\n1210                       status_code = 200' session_id=None response_headers=None status_code=None ssl_certificate=None


Failed to crawl: https://www.bolton.ac.uk/assets/Uploads/Terms-Conditions-of-Purchase.pdf
Result: url='https://www.bolton.ac.uk/assets/Uploads/Terms-Conditions-of-Purchase.pdf' html='' success=False cleaned_html=None media={} links={} downloaded_files=None screenshot=None pdf=None markdown=None markdown_v2=None fit_markdown=None fit_html=None extracted_content=None metadata=None error_message='Unexpected error in _crawl_web at line 1205 in _crawl_web (../../.pyenv/versions/3.12.6/lib/python3.12/site-packages/crawl4ai/async_crawler_strategy.py):\nError: Failed on navigating ACS-GOTO:\nPage.goto: net::ERR_FAILED at https://www.bolton.ac.uk/assets/Uploads/Terms-Conditions-of-Purchase.pdf\nCall log:\n  - navigating to "https://www.bolton.ac.uk/assets/Uploads/Terms-Conditions-of-Purchase.pdf", waiting until "domcontentloaded"\n\n\nCode context:\n1200   \n1201                       response = await page.goto(\n1202                           url, wait_until=config.wait_until, timeout=config.page_timeout\n1203                       )\n1204                   except Error as e:\n1205 →                     raise RuntimeError(f"Failed on navigating ACS-GOTO:\\n{str(e)}")\n1206   \n1207                   await self.execute_hook("after_goto", page, context=context, url=url, response=response)\n1208   \n1209                   if response is None:\n1210                       status_code = 200' session_id=None response_headers=None status_code=None ssl_certificate=None


Failed to crawl: https://www.bolton.ac.uk/assets/Uploads/Financial-Statements-2021-22.pdf
Result: url='https://www.bolton.ac.uk/assets/Uploads/Financial-Statements-2021-22.pdf' html='' success=False cleaned_html=None media={} links={} downloaded_files=None screenshot=None pdf=None markdown=None markdown_v2=None fit_markdown=None fit_html=None extracted_content=None metadata=None error_message='Unexpected error in _crawl_web at line 1205 in _crawl_web (../../.pyenv/versions/3.12.6/lib/python3.12/site-packages/crawl4ai/async_crawler_strategy.py):\nError: Failed on navigating ACS-GOTO:\nPage.goto: net::ERR_FAILED at https://www.bolton.ac.uk/assets/Uploads/Financial-Statements-2021-22.pdf\nCall log:\n  - navigating to "https://www.bolton.ac.uk/assets/Uploads/Financial-Statements-2021-22.pdf", waiting until "domcontentloaded"\n\n\nCode context:\n1200   \n1201                       response = await page.goto(\n1202                           url, wait_until=config.wait_until, timeout=config.page_timeout\n1203                       )\n1204                   except Error as e:\n1205 →                     raise RuntimeError(f"Failed on navigating ACS-GOTO:\\n{str(e)}")\n1206   \n1207                   await self.execute_hook("after_goto", page, context=context, url=url, response=response)\n1208   \n1209                   if response is None:\n1210                       status_code = 200' session_id=None response_headers=None status_code=None ssl_certificate=None


Failed to crawl: https://www.bolton.ac.uk/assets/Financial-Statements-2020-21-to-audit-27.10.2021_Board.pdf
Result: url='https://www.bolton.ac.uk/assets/Financial-Statements-2020-21-to-audit-27.10.2021_Board.pdf' html='' success=False cleaned_html=None media={} links={} downloaded_files=None screenshot=None pdf=None markdown=None markdown_v2=None fit_markdown=None fit_html=None extracted_content=None metadata=None error_message='Unexpected error in _crawl_web at line 1205 in _crawl_web (../../.pyenv/versions/3.12.6/lib/python3.12/site-packages/crawl4ai/async_crawler_strategy.py):\nError: Failed on navigating ACS-GOTO:\nPage.goto: net::ERR_FAILED at https://www.bolton.ac.uk/assets/Financial-Statements-2020-21-to-audit-27.10.2021_Board.pdf\nCall log:\n  - navigating to "https://www.bolton.ac.uk/assets/Financial-Statements-2020-21-to-audit-27.10.2021_Board.pdf", waiting until "domcontentloaded"\n\n\nCode context:\n1200   \n1201                       response = await page.goto(\n1202                           url, wait_until=config.wait_until, timeout=config.page_timeout\n1203                       )\n1204                   except Error as e:\n1205 →                     raise RuntimeError(f"Failed on navigating ACS-GOTO:\\n{str(e)}")\n1206   \n1207                   await self.execute_hook("after_goto", page, context=context, url=url, response=response)\n1208   \n1209                   if response is None:\n1210                       status_code = 200' session_id=None response_headers=None status_code=None ssl_certificate=None


Failed to crawl: https://www.bolton.ac.uk/assets/Uploads/Financial-Statements-2019-20.pdf
Result: url='https://www.bolton.ac.uk/assets/Uploads/Financial-Statements-2019-20.pdf' html='' success=False cleaned_html=None media={} links={} downloaded_files=None screenshot=None pdf=None markdown=None markdown_v2=None fit_markdown=None fit_html=None extracted_content=None metadata=None error_message='Unexpected error in _crawl_web at line 1205 in _crawl_web (../../.pyenv/versions/3.12.6/lib/python3.12/site-packages/crawl4ai/async_crawler_strategy.py):\nError: Failed on navigating ACS-GOTO:\nPage.goto: net::ERR_FAILED at https://www.bolton.ac.uk/assets/Uploads/Financial-Statements-2019-20.pdf\nCall log:\n  - navigating to "https://www.bolton.ac.uk/assets/Uploads/Financial-Statements-2019-20.pdf", waiting until "domcontentloaded"\n\n\nCode context:\n1200   \n1201                       response = await page.goto(\n1202                           url, wait_until=config.wait_until, timeout=config.page_timeout\n1203                       )\n1204                   except Error as e:\n1205 →                     raise RuntimeError(f"Failed on navigating ACS-GOTO:\\n{str(e)}")\n1206   \n1207                   await self.execute_hook("after_goto", page, context=context, url=url, response=response)\n1208   \n1209                   if response is None:\n1210                       status_code = 200' session_id=None response_headers=None status_code=None ssl_certificate=None


Failed to crawl: https://www.bolton.ac.uk/assets/Uploads/Financial-Statements-2018-19.pdf
Result: url='https://www.bolton.ac.uk/assets/Uploads/Financial-Statements-2018-19.pdf' html='' success=False cleaned_html=None media={} links={} downloaded_files=None screenshot=None pdf=None markdown=None markdown_v2=None fit_markdown=None fit_html=None extracted_content=None metadata=None error_message='Unexpected error in _crawl_web at line 1205 in _crawl_web (../../.pyenv/versions/3.12.6/lib/python3.12/site-packages/crawl4ai/async_crawler_strategy.py):\nError: Failed on navigating ACS-GOTO:\nPage.goto: net::ERR_FAILED at https://www.bolton.ac.uk/assets/Uploads/Financial-Statements-2018-19.pdf\nCall log:\n  - navigating to "https://www.bolton.ac.uk/assets/Uploads/Financial-Statements-2018-19.pdf", waiting until "domcontentloaded"\n\n\nCode context:\n1200   \n1201                       response = await page.goto(\n1202                           url, wait_until=config.wait_until, timeout=config.page_timeout\n1203                       )\n1204                   except Error as e:\n1205 →                     raise RuntimeError(f"Failed on navigating ACS-GOTO:\\n{str(e)}")\n1206   \n1207                   await self.execute_hook("after_goto", page, context=context, url=url, response=response)\n1208   \n1209                   if response is None:\n1210                       status_code = 200' session_id=None response_headers=None status_code=None ssl_certificate=None


Failed to crawl: https://www.bolton.ac.uk/assets/Uploads/Financial-Statements-2017-18-Board-051118-3.pdf
Result: url='https://www.bolton.ac.uk/assets/Uploads/Financial-Statements-2017-18-Board-051118-3.pdf' html='' success=False cleaned_html=None media={} links={} downloaded_files=None screenshot=None pdf=None markdown=None markdown_v2=None fit_markdown=None fit_html=None extracted_content=None metadata=None error_message='Unexpected error in _crawl_web at line 1205 in _crawl_web (../../.pyenv/versions/3.12.6/lib/python3.12/site-packages/crawl4ai/async_crawler_strategy.py):\nError: Failed on navigating ACS-GOTO:\nPage.goto: net::ERR_FAILED at https://www.bolton.ac.uk/assets/Uploads/Financial-Statements-2017-18-Board-051118-3.pdf\nCall log:\n  - navigating to "https://www.bolton.ac.uk/assets/Uploads/Financial-Statements-2017-18-Board-051118-3.pdf", waiting until "domcontentloaded"\n\n\nCode context:\n1200   \n1201                       response = await page.goto(\n1202                           url, wait_until=config.wait_until, timeout=config.page_timeout\n1203                       )\n1204                   except Error as e:\n1205 →                     raise RuntimeError(f"Failed on navigating ACS-GOTO:\\n{str(e)}")\n1206   \n1207                   await self.execute_hook("after_goto", page, context=context, url=url, response=response)\n1208   \n1209                   if response is None:\n1210                       status_code = 200' session_id=None response_headers=None status_code=None ssl_certificate=None


Failed to crawl: https://www.bolton.ac.uk/assets/Uploads/Financial-Statements-2016-17-Board-101118.pdf
Result: url='https://www.bolton.ac.uk/assets/Uploads/Financial-Statements-2016-17-Board-101118.pdf' html='' success=False cleaned_html=None media={} links={} downloaded_files=None screenshot=None pdf=None markdown=None markdown_v2=None fit_markdown=None fit_html=None extracted_content=None metadata=None error_message='Unexpected error in _crawl_web at line 1205 in _crawl_web (../../.pyenv/versions/3.12.6/lib/python3.12/site-packages/crawl4ai/async_crawler_strategy.py):\nError: Failed on navigating ACS-GOTO:\nPage.goto: net::ERR_FAILED at https://www.bolton.ac.uk/assets/Uploads/Financial-Statements-2016-17-Board-101118.pdf\nCall log:\n  - navigating to "https://www.bolton.ac.uk/assets/Uploads/Financial-Statements-2016-17-Board-101118.pdf", waiting until "domcontentloaded"\n\n\nCode context:\n1200   \n1201                       response = await page.goto(\n1202                           url, wait_until=config.wait_until, timeout=config.page_timeout\n1203                       )\n1204                   except Error as e:\n1205 →                     raise RuntimeError(f"Failed on navigating ACS-GOTO:\\n{str(e)}")\n1206   \n1207                   await self.execute_hook("after_goto", page, context=context, url=url, response=response)\n1208   \n1209                   if response is None:\n1210                       status_code = 200' session_id=None response_headers=None status_code=None ssl_certificate=None


Failed to crawl: https://www.bolton.ac.uk/assets/Uploads/Financial-Statements-2015-16-Board-101117.pdf
Result: url='https://www.bolton.ac.uk/assets/Uploads/Financial-Statements-2015-16-Board-101117.pdf' html='' success=False cleaned_html=None media={} links={} downloaded_files=None screenshot=None pdf=None markdown=None markdown_v2=None fit_markdown=None fit_html=None extracted_content=None metadata=None error_message='Unexpected error in _crawl_web at line 1205 in _crawl_web (../../.pyenv/versions/3.12.6/lib/python3.12/site-packages/crawl4ai/async_crawler_strategy.py):\nError: Failed on navigating ACS-GOTO:\nPage.goto: net::ERR_FAILED at https://www.bolton.ac.uk/assets/Uploads/Financial-Statements-2015-16-Board-101117.pdf\nCall log:\n  - navigating to "https://www.bolton.ac.uk/assets/Uploads/Financial-Statements-2015-16-Board-101117.pdf", waiting until "domcontentloaded"\n\n\nCode context:\n1200   \n1201                       response = await page.goto(\n1202                           url, wait_until=config.wait_until, timeout=config.page_timeout\n1203                       )\n1204                   except Error as e:\n1205 →                     raise RuntimeError(f"Failed on navigating ACS-GOTO:\\n{str(e)}")\n1206   \n1207                   await self.execute_hook("after_goto", page, context=context, url=url, response=response)\n1208   \n1209                   if response is None:\n1210                       status_code = 200' session_id=None response_headers=None status_code=None ssl_certificate=None


Failed to crawl: https://www.bolton.ac.uk/assets/Uploads/Financial-Statements-2014-15-Board-1122016.pdf
Result: url='https://www.bolton.ac.uk/assets/Uploads/Financial-Statements-2014-15-Board-1122016.pdf' html='' success=False cleaned_html=None media={} links={} downloaded_files=None screenshot=None pdf=None markdown=None markdown_v2=None fit_markdown=None fit_html=None extracted_content=None metadata=None error_message='Unexpected error in _crawl_web at line 1205 in _crawl_web (../../.pyenv/versions/3.12.6/lib/python3.12/site-packages/crawl4ai/async_crawler_strategy.py):\nError: Failed on navigating ACS-GOTO:\nPage.goto: net::ERR_FAILED at https://www.bolton.ac.uk/assets/Uploads/Financial-Statements-2014-15-Board-1122016.pdf\nCall log:\n  - navigating to "https://www.bolton.ac.uk/assets/Uploads/Financial-Statements-2014-15-Board-1122016.pdf", waiting until "domcontentloaded"\n\n\nCode context:\n1200   \n1201                       response = await page.goto(\n1202                           url, wait_until=config.wait_until, timeout=config.page_timeout\n1203                       )\n1204                   except Error as e:\n1205 →                     raise RuntimeError(f"Failed on navigating ACS-GOTO:\\n{str(e)}")\n1206   \n1207                   await self.execute_hook("after_goto", page, context=context, url=url, response=response)\n1208   \n1209                   if response is None:\n1210                       status_code = 200' session_id=None response_headers=None status_code=None ssl_certificate=None


Failed to crawl: https://www.bolton.ac.uk/assets/Uploads/Financial-Statement-2013-15.pdf
Result: url='https://www.bolton.ac.uk/assets/Uploads/Financial-Statement-2013-15.pdf' html='' success=False cleaned_html=None media={} links={} downloaded_files=None screenshot=None pdf=None markdown=None markdown_v2=None fit_markdown=None fit_html=None extracted_content=None metadata=None error_message='Unexpected error in _crawl_web at line 1205 in _crawl_web (../../.pyenv/versions/3.12.6/lib/python3.12/site-packages/crawl4ai/async_crawler_strategy.py):\nError: Failed on navigating ACS-GOTO:\nPage.goto: net::ERR_FAILED at https://www.bolton.ac.uk/assets/Uploads/Financial-Statement-2013-15.pdf\nCall log:\n  - navigating to "https://www.bolton.ac.uk/assets/Uploads/Financial-Statement-2013-15.pdf", waiting until "domcontentloaded"\n\n\nCode context:\n1200   \n1201                       response = await page.goto(\n1202                           url, wait_until=config.wait_until, timeout=config.page_timeout\n1203                       )\n1204                   except Error as e:\n1205 →                     raise RuntimeError(f"Failed on navigating ACS-GOTO:\\n{str(e)}")\n1206   \n1207                   await self.execute_hook("after_goto", page, context=context, url=url, response=response)\n1208   \n1209                   if response is None:\n1210                       status_code = 200' session_id=None response_headers=None status_code=None ssl_certificate=None


Failed to crawl: https://www.bolton.ac.uk/assets/Uploads/Financial-Statement-2012-14.pdf
Result: url='https://www.bolton.ac.uk/assets/Uploads/Financial-Statement-2012-14.pdf' html='' success=False cleaned_html=None media={} links={} downloaded_files=None screenshot=None pdf=None markdown=None markdown_v2=None fit_markdown=None fit_html=None extracted_content=None metadata=None error_message='Unexpected error in _crawl_web at line 1205 in _crawl_web (../../.pyenv/versions/3.12.6/lib/python3.12/site-packages/crawl4ai/async_crawler_strategy.py):\nError: Failed on navigating ACS-GOTO:\nPage.goto: net::ERR_FAILED at https://www.bolton.ac.uk/assets/Uploads/Financial-Statement-2012-14.pdf\nCall log:\n  - navigating to "https://www.bolton.ac.uk/assets/Uploads/Financial-Statement-2012-14.pdf", waiting until "domcontentloaded"\n\n\nCode context:\n1200   \n1201                       response = await page.goto(\n1202                           url, wait_until=config.wait_until, timeout=config.page_timeout\n1203                       )\n1204                   except Error as e:\n1205 →                     raise RuntimeError(f"Failed on navigating ACS-GOTO:\\n{str(e)}")\n1206   \n1207                   await self.execute_hook("after_goto", page, context=context, url=url, response=response)\n1208   \n1209                   if response is None:\n1210                       status_code = 200' session_id=None response_headers=None status_code=None ssl_certificate=None


Failed to crawl: https://www.bolton.ac.uk/assets/Uploads/FinancialStatement2015.pdf
Result: url='https://www.bolton.ac.uk/assets/Uploads/FinancialStatement2015.pdf' html='' success=False cleaned_html=None media={} links={} downloaded_files=None screenshot=None pdf=None markdown=None markdown_v2=None fit_markdown=None fit_html=None extracted_content=None metadata=None error_message='Unexpected error in _crawl_web at line 1205 in _crawl_web (../../.pyenv/versions/3.12.6/lib/python3.12/site-packages/crawl4ai/async_crawler_strategy.py):\nError: Failed on navigating ACS-GOTO:\nPage.goto: net::ERR_FAILED at https://www.bolton.ac.uk/assets/Uploads/FinancialStatement2015.pdf\nCall log:\n  - navigating to "https://www.bolton.ac.uk/assets/Uploads/FinancialStatement2015.pdf", waiting until "domcontentloaded"\n\n\nCode context:\n1200   \n1201                       response = await page.goto(\n1202                           url, wait_until=config.wait_until, timeout=config.page_timeout\n1203                       )\n1204                   except Error as e:\n1205 →                     raise RuntimeError(f"Failed on navigating ACS-GOTO:\\n{str(e)}")\n1206   \n1207                   await self.execute_hook("after_goto", page, context=context, url=url, response=response)\n1208   \n1209                   if response is None:\n1210                       status_code = 200' session_id=None response_headers=None status_code=None ssl_certificate=None


Failed to crawl: https://www.bolton.ac.uk/assets/Uploads/FinancialStatement2014.pdf
Result: url='https://www.bolton.ac.uk/assets/Uploads/FinancialStatement2014.pdf' html='' success=False cleaned_html=None media={} links={} downloaded_files=None screenshot=None pdf=None markdown=None markdown_v2=None fit_markdown=None fit_html=None extracted_content=None metadata=None error_message='Unexpected error in _crawl_web at line 1205 in _crawl_web (../../.pyenv/versions/3.12.6/lib/python3.12/site-packages/crawl4ai/async_crawler_strategy.py):\nError: Failed on navigating ACS-GOTO:\nPage.goto: net::ERR_FAILED at https://www.bolton.ac.uk/assets/Uploads/FinancialStatement2014.pdf\nCall log:\n  - navigating to "https://www.bolton.ac.uk/assets/Uploads/FinancialStatement2014.pdf", waiting until "domcontentloaded"\n\n\nCode context:\n1200   \n1201                       response = await page.goto(\n1202                           url, wait_until=config.wait_until, timeout=config.page_timeout\n1203                       )\n1204                   except Error as e:\n1205 →                     raise RuntimeError(f"Failed on navigating ACS-GOTO:\\n{str(e)}")\n1206   \n1207                   await self.execute_hook("after_goto", page, context=context, url=url, response=response)\n1208   \n1209                   if response is None:\n1210                       status_code = 200' session_id=None response_headers=None status_code=None ssl_certificate=None


Failed to crawl: https://www.bolton.ac.uk/assets/Uploads/FinancialStatement2012.pdf
Result: url='https://www.bolton.ac.uk/assets/Uploads/FinancialStatement2012.pdf' html='' success=False cleaned_html=None media={} links={} downloaded_files=None screenshot=None pdf=None markdown=None markdown_v2=None fit_markdown=None fit_html=None extracted_content=None metadata=None error_message='Unexpected error in _crawl_web at line 1205 in _crawl_web (../../.pyenv/versions/3.12.6/lib/python3.12/site-packages/crawl4ai/async_crawler_strategy.py):\nError: Failed on navigating ACS-GOTO:\nPage.goto: net::ERR_FAILED at https://www.bolton.ac.uk/assets/Uploads/FinancialStatement2012.pdf\nCall log:\n  - navigating to "https://www.bolton.ac.uk/assets/Uploads/FinancialStatement2012.pdf", waiting until "domcontentloaded"\n\n\nCode context:\n1200   \n1201                       response = await page.goto(\n1202                           url, wait_until=config.wait_until, timeout=config.page_timeout\n1203                       )\n1204                   except Error as e:\n1205 →                     raise RuntimeError(f"Failed on navigating ACS-GOTO:\\n{str(e)}")\n1206   \n1207                   await self.execute_hook("after_goto", page, context=context, url=url, response=response)\n1208   \n1209                   if response is None:\n1210                       status_code = 200' session_id=None response_headers=None status_code=None ssl_certificate=None


Failed to crawl: https://www.bolton.ac.uk/assets/Uploads/FinancialStatements2006-9.pdf
Result: url='https://www.bolton.ac.uk/assets/Uploads/FinancialStatements2006-9.pdf' html='' success=False cleaned_html=None media={} links={} downloaded_files=None screenshot=None pdf=None markdown=None markdown_v2=None fit_markdown=None fit_html=None extracted_content=None metadata=None error_message='Unexpected error in _crawl_web at line 1205 in _crawl_web (../../.pyenv/versions/3.12.6/lib/python3.12/site-packages/crawl4ai/async_crawler_strategy.py):\nError: Failed on navigating ACS-GOTO:\nPage.goto: net::ERR_FAILED at https://www.bolton.ac.uk/assets/Uploads/FinancialStatements2006-9.pdf\nCall log:\n  - navigating to "https://www.bolton.ac.uk/assets/Uploads/FinancialStatements2006-9.pdf", waiting until "domcontentloaded"\n\n\nCode context:\n1200   \n1201                       response = await page.goto(\n1202                           url, wait_until=config.wait_until, timeout=config.page_timeout\n1203                       )\n1204                   except Error as e:\n1205 →                     raise RuntimeError(f"Failed on navigating ACS-GOTO:\\n{str(e)}")\n1206   \n1207                   await self.execute_hook("after_goto", page, context=context, url=url, response=response)\n1208   \n1209                   if response is None:\n1210                       status_code = 200' session_id=None response_headers=None status_code=None ssl_certificate=None


Failed to crawl: https://www.bolton.ac.uk/assets/Uploads/FinancialStatements2005-8.pdf
Result: url='https://www.bolton.ac.uk/assets/Uploads/FinancialStatements2005-8.pdf' html='' success=False cleaned_html=None media={} links={} downloaded_files=None screenshot=None pdf=None markdown=None markdown_v2=None fit_markdown=None fit_html=None extracted_content=None metadata=None error_message='Unexpected error in _crawl_web at line 1205 in _crawl_web (../../.pyenv/versions/3.12.6/lib/python3.12/site-packages/crawl4ai/async_crawler_strategy.py):\nError: Failed on navigating ACS-GOTO:\nPage.goto: net::ERR_FAILED at https://www.bolton.ac.uk/assets/Uploads/FinancialStatements2005-8.pdf\nCall log:\n  - navigating to "https://www.bolton.ac.uk/assets/Uploads/FinancialStatements2005-8.pdf", waiting until "domcontentloaded"\n\n\nCode context:\n1200   \n1201                       response = await page.goto(\n1202                           url, wait_until=config.wait_until, timeout=config.page_timeout\n1203                       )\n1204                   except Error as e:\n1205 →                     raise RuntimeError(f"Failed on navigating ACS-GOTO:\\n{str(e)}")\n1206   \n1207                   await self.execute_hook("after_goto", page, context=context, url=url, response=response)\n1208   \n1209                   if response is None:\n1210                       status_code = 200' session_id=None response_headers=None status_code=None ssl_certificate=None


Failed to crawl: https://www.bolton.ac.uk/assets/Uploads/FinancialStatements2004-6.pdf
Result: url='https://www.bolton.ac.uk/assets/Uploads/FinancialStatements2004-6.pdf' html='' success=False cleaned_html=None media={} links={} downloaded_files=None screenshot=None pdf=None markdown=None markdown_v2=None fit_markdown=None fit_html=None extracted_content=None metadata=None error_message='Unexpected error in _crawl_web at line 1205 in _crawl_web (../../.pyenv/versions/3.12.6/lib/python3.12/site-packages/crawl4ai/async_crawler_strategy.py):\nError: Failed on navigating ACS-GOTO:\nPage.goto: net::ERR_FAILED at https://www.bolton.ac.uk/assets/Uploads/FinancialStatements2004-6.pdf\nCall log:\n  - navigating to "https://www.bolton.ac.uk/assets/Uploads/FinancialStatements2004-6.pdf", waiting until "domcontentloaded"\n\n\nCode context:\n1200   \n1201                       response = await page.goto(\n1202                           url, wait_until=config.wait_until, timeout=config.page_timeout\n1203                       )\n1204                   except Error as e:\n1205 →                     raise RuntimeError(f"Failed on navigating ACS-GOTO:\\n{str(e)}")\n1206   \n1207                   await self.execute_hook("after_goto", page, context=context, url=url, response=response)\n1208   \n1209                   if response is None:\n1210                       status_code = 200' session_id=None response_headers=None status_code=None ssl_certificate=None


Failed to crawl: https://www.bolton.ac.uk/assets/Uploads/FinancialStatements2003-5.pdf
Result: url='https://www.bolton.ac.uk/assets/Uploads/FinancialStatements2003-5.pdf' html='' success=False cleaned_html=None media={} links={} downloaded_files=None screenshot=None pdf=None markdown=None markdown_v2=None fit_markdown=None fit_html=None extracted_content=None metadata=None error_message='Unexpected error in _crawl_web at line 1205 in _crawl_web (../../.pyenv/versions/3.12.6/lib/python3.12/site-packages/crawl4ai/async_crawler_strategy.py):\nError: Failed on navigating ACS-GOTO:\nPage.goto: net::ERR_FAILED at https://www.bolton.ac.uk/assets/Uploads/FinancialStatements2003-5.pdf\nCall log:\n  - navigating to "https://www.bolton.ac.uk/assets/Uploads/FinancialStatements2003-5.pdf", waiting until "domcontentloaded"\n\n\nCode context:\n1200   \n1201                       response = await page.goto(\n1202                           url, wait_until=config.wait_until, timeout=config.page_timeout\n1203                       )\n1204                   except Error as e:\n1205 →                     raise RuntimeError(f"Failed on navigating ACS-GOTO:\\n{str(e)}")\n1206   \n1207                   await self.execute_hook("after_goto", page, context=context, url=url, response=response)\n1208   \n1209                   if response is None:\n1210                       status_code = 200' session_id=None response_headers=None status_code=None ssl_certificate=None


Failed to crawl: https://www.bolton.ac.uk/assets/Uploads/Terms-Conditions-of-Purchase-1.pdf
Result: url='https://www.bolton.ac.uk/assets/Uploads/Terms-Conditions-of-Purchase-1.pdf' html='' success=False cleaned_html=None media={} links={} downloaded_files=None screenshot=None pdf=None markdown=None markdown_v2=None fit_markdown=None fit_html=None extracted_content=None metadata=None error_message='Unexpected error in _crawl_web at line 1205 in _crawl_web (../../.pyenv/versions/3.12.6/lib/python3.12/site-packages/crawl4ai/async_crawler_strategy.py):\nError: Failed on navigating ACS-GOTO:\nPage.goto: net::ERR_FAILED at https://www.bolton.ac.uk/assets/Uploads/Terms-Conditions-of-Purchase-1.pdf\nCall log:\n  - navigating to "https://www.bolton.ac.uk/assets/Uploads/Terms-Conditions-of-Purchase-1.pdf", waiting until "domcontentloaded"\n\n\nCode context:\n1200   \n1201                       response = await page.goto(\n1202                           url, wait_until=config.wait_until, timeout=config.page_timeout\n1203                       )\n1204                   except Error as e:\n1205 →                     raise RuntimeError(f"Failed on navigating ACS-GOTO:\\n{str(e)}")\n1206   \n1207                   await self.execute_hook("after_goto", page, context=context, url=url, response=response)\n1208   \n1209                   if response is None:\n1210                       status_code = 200' session_id=None response_headers=None status_code=None ssl_certificate=None


Failed to crawl: https://www.bolton.ac.uk/our-staff/new-page-staff-profile-447
Result: url='https://www.bolton.ac.uk/our-staff/new-page-staff-profile-447' html='' success=False cleaned_html=None media={} links={} downloaded_files=None screenshot=None pdf=None markdown=None markdown_v2=None fit_markdown=None fit_html=None extracted_content=None metadata=None error_message='Unexpected error in _crawl_web at line 1205 in _crawl_web (../../.pyenv/versions/3.12.6/lib/python3.12/site-packages/crawl4ai/async_crawler_strategy.py):\nError: Failed on navigating ACS-GOTO:\nPage.goto: net::ERR_NAME_NOT_RESOLVED at https://www.bolton.ac.uk/our-staff/new-page-staff-profile-447\nCall log:\n  - navigating to "https://www.bolton.ac.uk/our-staff/new-page-staff-profile-447", waiting until "domcontentloaded"\n\n\nCode context:\n1200   \n1201                       response = await page.goto(\n1202                           url, wait_until=config.wait_until, timeout=config.page_timeout\n1203                       )\n1204                   except Error as e:\n1205 →                     raise RuntimeError(f"Failed on navigating ACS-GOTO:\\n{str(e)}")\n1206   \n1207                   await self.execute_hook("after_goto", page, context=context, url=url, response=response)\n1208   \n1209                   if response is None:\n1210                       status_code = 200' session_id=None response_headers=None status_code=None ssl_certificate=None


Failed to crawl: https://www.bolton.ac.uk/our-staff/dr-lisa-cove
Result: url='https://www.bolton.ac.uk/our-staff/dr-lisa-cove' html='' success=False cleaned_html=None media={} links={} downloaded_files=None screenshot=None pdf=None markdown=None markdown_v2=None fit_markdown=None fit_html=None extracted_content=None metadata=None error_message='Unexpected error in _crawl_web at line 1205 in _crawl_web (../../.pyenv/versions/3.12.6/lib/python3.12/site-packages/crawl4ai/async_crawler_strategy.py):\nError: Failed on navigating ACS-GOTO:\nPage.goto: net::ERR_NAME_NOT_RESOLVED at https://www.bolton.ac.uk/our-staff/dr-lisa-cove\nCall log:\n  - navigating to "https://www.bolton.ac.uk/our-staff/dr-lisa-cove", waiting until "domcontentloaded"\n\n\nCode context:\n1200   \n1201                       response = await page.goto(\n1202                           url, wait_until=config.wait_until, timeout=config.page_timeout\n1203                       )\n1204                   except Error as e:\n1205 →                     raise RuntimeError(f"Failed on navigating ACS-GOTO:\\n{str(e)}")\n1206   \n1207                   await self.execute_hook("after_goto", page, context=context, url=url, response=response)\n1208   \n1209                   if response is None:\n1210                       status_code = 200' session_id=None response_headers=None status_code=None ssl_certificate=None


Failed to crawl: https://www.bolton.ac.uk/our-staff/new-page-staff-profile-479
Result: url='https://www.bolton.ac.uk/our-staff/new-page-staff-profile-479' html='' success=False cleaned_html=None media={} links={} downloaded_files=None screenshot=None pdf=None markdown=None markdown_v2=None fit_markdown=None fit_html=None extracted_content=None metadata=None error_message='Unexpected error in _crawl_web at line 1205 in _crawl_web (../../.pyenv/versions/3.12.6/lib/python3.12/site-packages/crawl4ai/async_crawler_strategy.py):\nError: Failed on navigating ACS-GOTO:\nPage.goto: net::ERR_NAME_NOT_RESOLVED at https://www.bolton.ac.uk/our-staff/new-page-staff-profile-479\nCall log:\n  - navigating to "https://www.bolton.ac.uk/our-staff/new-page-staff-profile-479", waiting until "domcontentloaded"\n\n\nCode context:\n1200   \n1201                       response = await page.goto(\n1202                           url, wait_until=config.wait_until, timeout=config.page_timeout\n1203                       )\n1204                   except Error as e:\n1205 →                     raise RuntimeError(f"Failed on navigating ACS-GOTO:\\n{str(e)}")\n1206   \n1207                   await self.execute_hook("after_goto", page, context=context, url=url, response=response)\n1208   \n1209                   if response is None:\n1210                       status_code = 200' session_id=None response_headers=None status_code=None ssl_certificate=None


Failed to crawl: https://www.bolton.ac.uk/our-staff/new-page-staff-profile-487
Result: url='https://www.bolton.ac.uk/our-staff/new-page-staff-profile-487' html='' success=False cleaned_html=None media={} links={} downloaded_files=None screenshot=None pdf=None markdown=None markdown_v2=None fit_markdown=None fit_html=None extracted_content=None metadata=None error_message='Unexpected error in _crawl_web at line 1205 in _crawl_web (../../.pyenv/versions/3.12.6/lib/python3.12/site-packages/crawl4ai/async_crawler_strategy.py):\nError: Failed on navigating ACS-GOTO:\nPage.goto: net::ERR_NAME_NOT_RESOLVED at https://www.bolton.ac.uk/our-staff/new-page-staff-profile-487\nCall log:\n  - navigating to "https://www.bolton.ac.uk/our-staff/new-page-staff-profile-487", waiting until "domcontentloaded"\n\n\nCode context:\n1200   \n1201                       response = await page.goto(\n1202                           url, wait_until=config.wait_until, timeout=config.page_timeout\n1203                       )\n1204                   except Error as e:\n1205 →                     raise RuntimeError(f"Failed on navigating ACS-GOTO:\\n{str(e)}")\n1206   \n1207                   await self.execute_hook("after_goto", page, context=context, url=url, response=response)\n1208   \n1209                   if response is None:\n1210                       status_code = 200' session_id=None response_headers=None status_code=None ssl_certificate=None


Failed to crawl: https://www.bolton.ac.uk/our-staff/new-page-staff-profile-527
Result: url='https://www.bolton.ac.uk/our-staff/new-page-staff-profile-527' html='' success=False cleaned_html=None media={} links={} downloaded_files=None screenshot=None pdf=None markdown=None markdown_v2=None fit_markdown=None fit_html=None extracted_content=None metadata=None error_message='Unexpected error in _crawl_web at line 1205 in _crawl_web (../../.pyenv/versions/3.12.6/lib/python3.12/site-packages/crawl4ai/async_crawler_strategy.py):\nError: Failed on navigating ACS-GOTO:\nPage.goto: net::ERR_NAME_NOT_RESOLVED at https://www.bolton.ac.uk/our-staff/new-page-staff-profile-527\nCall log:\n  - navigating to "https://www.bolton.ac.uk/our-staff/new-page-staff-profile-527", waiting until "domcontentloaded"\n\n\nCode context:\n1200   \n1201                       response = await page.goto(\n1202                           url, wait_until=config.wait_until, timeout=config.page_timeout\n1203                       )\n1204                   except Error as e:\n1205 →                     raise RuntimeError(f"Failed on navigating ACS-GOTO:\\n{str(e)}")\n1206   \n1207                   await self.execute_hook("after_goto", page, context=context, url=url, response=response)\n1208   \n1209                   if response is None:\n1210                       status_code = 200' session_id=None response_headers=None status_code=None ssl_certificate=None


Failed to crawl: https://www.bolton.ac.uk/our-staff/kay-loxham
Result: url='https://www.bolton.ac.uk/our-staff/kay-loxham' html='' success=False cleaned_html=None media={} links={} downloaded_files=None screenshot=None pdf=None markdown=None markdown_v2=None fit_markdown=None fit_html=None extracted_content=None metadata=None error_message='Unexpected error in _crawl_web at line 1205 in _crawl_web (../../.pyenv/versions/3.12.6/lib/python3.12/site-packages/crawl4ai/async_crawler_strategy.py):\nError: Failed on navigating ACS-GOTO:\nPage.goto: net::ERR_NAME_NOT_RESOLVED at https://www.bolton.ac.uk/our-staff/kay-loxham\nCall log:\n  - navigating to "https://www.bolton.ac.uk/our-staff/kay-loxham", waiting until "domcontentloaded"\n\n\nCode context:\n1200   \n1201                       response = await page.goto(\n1202                           url, wait_until=config.wait_until, timeout=config.page_timeout\n1203                       )\n1204                   except Error as e:\n1205 →                     raise RuntimeError(f"Failed on navigating ACS-GOTO:\\n{str(e)}")\n1206   \n1207                   await self.execute_hook("after_goto", page, context=context, url=url, response=response)\n1208   \n1209                   if response is None:\n1210                       status_code = 200' session_id=None response_headers=None status_code=None ssl_certificate=None


Failed to crawl: https://www.bolton.ac.uk/our-staff/professor-mohammed-abdel-haq
Result: url='https://www.bolton.ac.uk/our-staff/professor-mohammed-abdel-haq' html='' success=False cleaned_html=None media={} links={} downloaded_files=None screenshot=None pdf=None markdown=None markdown_v2=None fit_markdown=None fit_html=None extracted_content=None metadata=None error_message='Unexpected error in _crawl_web at line 1205 in _crawl_web (../../.pyenv/versions/3.12.6/lib/python3.12/site-packages/crawl4ai/async_crawler_strategy.py):\nError: Failed on navigating ACS-GOTO:\nPage.goto: net::ERR_NAME_NOT_RESOLVED at https://www.bolton.ac.uk/our-staff/professor-mohammed-abdel-haq\nCall log:\n  - navigating to "https://www.bolton.ac.uk/our-staff/professor-mohammed-abdel-haq", waiting until "domcontentloaded"\n\n\nCode context:\n1200   \n1201                       response = await page.goto(\n1202                           url, wait_until=config.wait_until, timeout=config.page_timeout\n1203                       )\n1204                   except Error as e:\n1205 →                     raise RuntimeError(f"Failed on navigating ACS-GOTO:\\n{str(e)}")\n1206   \n1207                   await self.execute_hook("after_goto", page, context=context, url=url, response=response)\n1208   \n1209                   if response is None:\n1210                       status_code = 200' session_id=None response_headers=None status_code=None ssl_certificate=None


Failed to crawl: https://www.bolton.ac.uk/our-staff/ian-smith
Result: url='https://www.bolton.ac.uk/our-staff/ian-smith' html='' success=False cleaned_html=None media={} links={} downloaded_files=None screenshot=None pdf=None markdown=None markdown_v2=None fit_markdown=None fit_html=None extracted_content=None metadata=None error_message='Unexpected error in _crawl_web at line 1205 in _crawl_web (../../.pyenv/versions/3.12.6/lib/python3.12/site-packages/crawl4ai/async_crawler_strategy.py):\nError: Failed on navigating ACS-GOTO:\nPage.goto: net::ERR_NAME_NOT_RESOLVED at https://www.bolton.ac.uk/our-staff/ian-smith\nCall log:\n  - navigating to "https://www.bolton.ac.uk/our-staff/ian-smith", waiting until "domcontentloaded"\n\n\nCode context:\n1200   \n1201                       response = await page.goto(\n1202                           url, wait_until=config.wait_until, timeout=config.page_timeout\n1203                       )\n1204                   except Error as e:\n1205 →                     raise RuntimeError(f"Failed on navigating ACS-GOTO:\\n{str(e)}")\n1206   \n1207                   await self.execute_hook("after_goto", page, context=context, url=url, response=response)\n1208   \n1209                   if response is None:\n1210                       status_code = 200' session_id=None response_headers=None status_code=None ssl_certificate=None


Failed to crawl: https://www.bolton.ac.uk/our-staff/george
Result: url='https://www.bolton.ac.uk/our-staff/george' html='' success=False cleaned_html=None media={} links={} downloaded_files=None screenshot=None pdf=None markdown=None markdown_v2=None fit_markdown=None fit_html=None extracted_content=None metadata=None error_message='Unexpected error in _crawl_web at line 1205 in _crawl_web (../../.pyenv/versions/3.12.6/lib/python3.12/site-packages/crawl4ai/async_crawler_strategy.py):\nError: Failed on navigating ACS-GOTO:\nPage.goto: net::ERR_NAME_NOT_RESOLVED at https://www.bolton.ac.uk/our-staff/george\nCall log:\n  - navigating to "https://www.bolton.ac.uk/our-staff/george", waiting until "domcontentloaded"\n\n\nCode context:\n1200   \n1201                       response = await page.goto(\n1202                           url, wait_until=config.wait_until, timeout=config.page_timeout\n1203                       )\n1204                   except Error as e:\n1205 →                     raise RuntimeError(f"Failed on navigating ACS-GOTO:\\n{str(e)}")\n1206   \n1207                   await self.execute_hook("after_goto", page, context=context, url=url, response=response)\n1208   \n1209                   if response is None:\n1210                       status_code = 200' session_id=None response_headers=None status_code=None ssl_certificate=None


Failed to crawl: https://www.bolton.ac.uk/our-staff/baroness-morris-of-bolton
Result: url='https://www.bolton.ac.uk/our-staff/baroness-morris-of-bolton' html='' success=False cleaned_html=None media={} links={} downloaded_files=None screenshot=None pdf=None markdown=None markdown_v2=None fit_markdown=None fit_html=None extracted_content=None metadata=None error_message='Unexpected error in _crawl_web at line 1205 in _crawl_web (../../.pyenv/versions/3.12.6/lib/python3.12/site-packages/crawl4ai/async_crawler_strategy.py):\nError: Failed on navigating ACS-GOTO:\nPage.goto: net::ERR_NAME_NOT_RESOLVED at https://www.bolton.ac.uk/our-staff/baroness-morris-of-bolton\nCall log:\n  - navigating to "https://www.bolton.ac.uk/our-staff/baroness-morris-of-bolton", waiting until "domcontentloaded"\n\n\nCode context:\n1200   \n1201                       response = await page.goto(\n1202                           url, wait_until=config.wait_until, timeout=config.page_timeout\n1203                       )\n1204                   except Error as e:\n1205 →                     raise RuntimeError(f"Failed on navigating ACS-GOTO:\\n{str(e)}")\n1206   \n1207                   await self.execute_hook("after_goto", page, context=context, url=url, response=response)\n1208   \n1209                   if response is None:\n1210                       status_code = 200' session_id=None response_headers=None status_code=None ssl_certificate=None


Failed to crawl: https://www.bolton.ac.uk/our-staff/baroness-newlove-of-warrington
Result: url='https://www.bolton.ac.uk/our-staff/baroness-newlove-of-warrington' html='' success=False cleaned_html=None media={} links={} downloaded_files=None screenshot=None pdf=None markdown=None markdown_v2=None fit_markdown=None fit_html=None extracted_content=None metadata=None error_message='Unexpected error in _crawl_web at line 1205 in _crawl_web (../../.pyenv/versions/3.12.6/lib/python3.12/site-packages/crawl4ai/async_crawler_strategy.py):\nError: Failed on navigating ACS-GOTO:\nPage.goto: net::ERR_NAME_NOT_RESOLVED at https://www.bolton.ac.uk/our-staff/baroness-newlove-of-warrington\nCall log:\n  - navigating to "https://www.bolton.ac.uk/our-staff/baroness-newlove-of-warrington", waiting until "domcontentloaded"\n\n\nCode context:\n1200   \n1201                       response = await page.goto(\n1202                           url, wait_until=config.wait_until, timeout=config.page_timeout\n1203                       )\n1204                   except Error as e:\n1205 →                     raise RuntimeError(f"Failed on navigating ACS-GOTO:\\n{str(e)}")\n1206   \n1207                   await self.execute_hook("after_goto", page, context=context, url=url, response=response)\n1208   \n1209                   if response is None:\n1210                       status_code = 200' session_id=None response_headers=None status_code=None ssl_certificate=None


Failed to crawl: https://www.bolton.ac.uk/our-staff/chris-poyner
Result: url='https://www.bolton.ac.uk/our-staff/chris-poyner' html='' success=False cleaned_html=None media={} links={} downloaded_files=None screenshot=None pdf=None markdown=None markdown_v2=None fit_markdown=None fit_html=None extracted_content=None metadata=None error_message='Unexpected error in _crawl_web at line 1205 in _crawl_web (../../.pyenv/versions/3.12.6/lib/python3.12/site-packages/crawl4ai/async_crawler_strategy.py):\nError: Failed on navigating ACS-GOTO:\nPage.goto: net::ERR_NAME_NOT_RESOLVED at https://www.bolton.ac.uk/our-staff/chris-poyner\nCall log:\n  - navigating to "https://www.bolton.ac.uk/our-staff/chris-poyner", waiting until "domcontentloaded"\n\n\nCode context:\n1200   \n1201                       response = await page.goto(\n1202                           url, wait_until=config.wait_until, timeout=config.page_timeout\n1203                       )\n1204                   except Error as e:\n1205 →                     raise RuntimeError(f"Failed on navigating ACS-GOTO:\\n{str(e)}")\n1206   \n1207                   await self.execute_hook("after_goto", page, context=context, url=url, response=response)\n1208   \n1209                   if response is None:\n1210                       status_code = 200' session_id=None response_headers=None status_code=None ssl_certificate=None


Failed to crawl: https://www.bolton.ac.uk/assets/Uploads/StudentFAQsMarch2021.pdf
Result: url='https://www.bolton.ac.uk/assets/Uploads/StudentFAQsMarch2021.pdf' html='' success=False cleaned_html=None media={} links={} downloaded_files=None screenshot=None pdf=None markdown=None markdown_v2=None fit_markdown=None fit_html=None extracted_content=None metadata=None error_message='Unexpected error in _crawl_web at line 1205 in _crawl_web (../../.pyenv/versions/3.12.6/lib/python3.12/site-packages/crawl4ai/async_crawler_strategy.py):\nError: Failed on navigating ACS-GOTO:\nPage.goto: net::ERR_FAILED at https://www.bolton.ac.uk/assets/Uploads/StudentFAQsMarch2021.pdf\nCall log:\n  - navigating to "https://www.bolton.ac.uk/assets/Uploads/StudentFAQsMarch2021.pdf", waiting until "domcontentloaded"\n\n\nCode context:\n1200   \n1201                       response = await page.goto(\n1202                           url, wait_until=config.wait_until, timeout=config.page_timeout\n1203                       )\n1204                   except Error as e:\n1205 →                     raise RuntimeError(f"Failed on navigating ACS-GOTO:\\n{str(e)}")\n1206   \n1207                   await self.execute_hook("after_goto", page, context=context, url=url, response=response)\n1208   \n1209                   if response is None:\n1210                       status_code = 200' session_id=None response_headers=None status_code=None ssl_certificate=None


Failed to crawl: https://www.bolton.ac.uk/assets/Covid-19-Guidance.pdf
Result: url='https://www.bolton.ac.uk/assets/Covid-19-Guidance.pdf' html='' success=False cleaned_html=None media={} links={} downloaded_files=None screenshot=None pdf=None markdown=None markdown_v2=None fit_markdown=None fit_html=None extracted_content=None metadata=None error_message='Unexpected error in _crawl_web at line 1205 in _crawl_web (../../.pyenv/versions/3.12.6/lib/python3.12/site-packages/crawl4ai/async_crawler_strategy.py):\nError: Failed on navigating ACS-GOTO:\nPage.goto: net::ERR_FAILED at https://www.bolton.ac.uk/assets/Covid-19-Guidance.pdf\nCall log:\n  - navigating to "https://www.bolton.ac.uk/assets/Covid-19-Guidance.pdf", waiting until "domcontentloaded"\n\n\nCode context:\n1200   \n1201                       response = await page.goto(\n1202                           url, wait_until=config.wait_until, timeout=config.page_timeout\n1203                       )\n1204                   except Error as e:\n1205 →                     raise RuntimeError(f"Failed on navigating ACS-GOTO:\\n{str(e)}")\n1206   \n1207                   await self.execute_hook("after_goto", page, context=context, url=url, response=response)\n1208   \n1209                   if response is None:\n1210                       status_code = 200' session_id=None response_headers=None status_code=None ssl_certificate=None


Failed to crawl: https://www.bolton.ac.uk/assets/Uploads/Student-Social-Media-Guidance-2018-22.pdf
Result: url='https://www.bolton.ac.uk/assets/Uploads/Student-Social-Media-Guidance-2018-22.pdf' html='' success=False cleaned_html=None media={} links={} downloaded_files=None screenshot=None pdf=None markdown=None markdown_v2=None fit_markdown=None fit_html=None extracted_content=None metadata=None error_message='Unexpected error in _crawl_web at line 1205 in _crawl_web (../../.pyenv/versions/3.12.6/lib/python3.12/site-packages/crawl4ai/async_crawler_strategy.py):\nError: Failed on navigating ACS-GOTO:\nPage.goto: net::ERR_FAILED at https://www.bolton.ac.uk/assets/Uploads/Student-Social-Media-Guidance-2018-22.pdf\nCall log:\n  - navigating to "https://www.bolton.ac.uk/assets/Uploads/Student-Social-Media-Guidance-2018-22.pdf", waiting until "domcontentloaded"\n\n\nCode context:\n1200   \n1201                       response = await page.goto(\n1202                           url, wait_until=config.wait_until, timeout=config.page_timeout\n1203                       )\n1204                   except Error as e:\n1205 →                     raise RuntimeError(f"Failed on navigating ACS-GOTO:\\n{str(e)}")\n1206   \n1207                   await self.execute_hook("after_goto", page, context=context, url=url, response=response)\n1208   \n1209                   if response is None:\n1210                       status_code = 200' session_id=None response_headers=None status_code=None ssl_certificate=None


Failed to crawl: https://www.bolton.ac.uk/assets/Uploads/Student-Non-Academic-Conduct-and-Disciplinary-Policy-and-Procedure-2019-22.pdf
Result: url='https://www.bolton.ac.uk/assets/Uploads/Student-Non-Academic-Conduct-and-Disciplinary-Policy-and-Procedure-2019-22.pdf' html='' success=False cleaned_html=None media={} links={} downloaded_files=None screenshot=None pdf=None markdown=None markdown_v2=None fit_markdown=None fit_html=None extracted_content=None metadata=None error_message='Unexpected error in _crawl_web at line 1205 in _crawl_web (../../.pyenv/versions/3.12.6/lib/python3.12/site-packages/crawl4ai/async_crawler_strategy.py):\nError: Failed on navigating ACS-GOTO:\nPage.goto: net::ERR_FAILED at https://www.bolton.ac.uk/assets/Uploads/Student-Non-Academic-Conduct-and-Disciplinary-Policy-and-Procedure-2019-22.pdf\nCall log:\n  - navigating to "https://www.bolton.ac.uk/assets/Uploads/Student-Non-Academic-Conduct-and-Disciplinary-Policy-and-Procedure-2019-22.pdf", waiting until "domcontentloaded"\n\n\nCode context:\n1200   \n1201                       response = await page.goto(\n1202                           url, wait_until=config.wait_until, timeout=config.page_timeout\n1203                       )\n1204                   except Error as e:\n1205 →                     raise RuntimeError(f"Failed on navigating ACS-GOTO:\\n{str(e)}")\n1206   \n1207                   await self.execute_hook("after_goto", page, context=context, url=url, response=response)\n1208   \n1209                   if response is None:\n1210                       status_code = 200' session_id=None response_headers=None status_code=None ssl_certificate=None


Failed to crawl: https://www.bolton.ac.uk/assets/Hosted/Student-Access-Protocol.pdf
Result: url='https://www.bolton.ac.uk/assets/Hosted/Student-Access-Protocol.pdf' html='' success=False cleaned_html=None media={} links={} downloaded_files=None screenshot=None pdf=None markdown=None markdown_v2=None fit_markdown=None fit_html=None extracted_content=None metadata=None error_message='Unexpected error in _crawl_web at line 1205 in _crawl_web (../../.pyenv/versions/3.12.6/lib/python3.12/site-packages/crawl4ai/async_crawler_strategy.py):\nError: Failed on navigating ACS-GOTO:\nPage.goto: net::ERR_FAILED at https://www.bolton.ac.uk/assets/Hosted/Student-Access-Protocol.pdf\nCall log:\n  - navigating to "https://www.bolton.ac.uk/assets/Hosted/Student-Access-Protocol.pdf", waiting until "domcontentloaded"\n\n\nCode context:\n1200   \n1201                       response = await page.goto(\n1202                           url, wait_until=config.wait_until, timeout=config.page_timeout\n1203                       )\n1204                   except Error as e:\n1205 →                     raise RuntimeError(f"Failed on navigating ACS-GOTO:\\n{str(e)}")\n1206   \n1207                   await self.execute_hook("after_goto", page, context=context, url=url, response=response)\n1208   \n1209                   if response is None:\n1210                       status_code = 200' session_id=None response_headers=None status_code=None ssl_certificate=None


Failed to crawl: https://www.bolton.ac.uk/assets/Hosted/Bolton-Student-Pledge.pdf
Result: url='https://www.bolton.ac.uk/assets/Hosted/Bolton-Student-Pledge.pdf' html='' success=False cleaned_html=None media={} links={} downloaded_files=None screenshot=None pdf=None markdown=None markdown_v2=None fit_markdown=None fit_html=None extracted_content=None metadata=None error_message='Unexpected error in _crawl_web at line 1205 in _crawl_web (../../.pyenv/versions/3.12.6/lib/python3.12/site-packages/crawl4ai/async_crawler_strategy.py):\nError: Failed on navigating ACS-GOTO:\nPage.goto: net::ERR_FAILED at https://www.bolton.ac.uk/assets/Hosted/Bolton-Student-Pledge.pdf\nCall log:\n  - navigating to "https://www.bolton.ac.uk/assets/Hosted/Bolton-Student-Pledge.pdf", waiting until "domcontentloaded"\n\n\nCode context:\n1200   \n1201                       response = await page.goto(\n1202                           url, wait_until=config.wait_until, timeout=config.page_timeout\n1203                       )\n1204                   except Error as e:\n1205 →                     raise RuntimeError(f"Failed on navigating ACS-GOTO:\\n{str(e)}")\n1206   \n1207                   await self.execute_hook("after_goto", page, context=context, url=url, response=response)\n1208   \n1209                   if response is None:\n1210                       status_code = 200' session_id=None response_headers=None status_code=None ssl_certificate=None


Failed to crawl: https://www.bolton.ac.uk/assets/Hosted/Classroom-Etiquette-Poster.pdf
Result: url='https://www.bolton.ac.uk/assets/Hosted/Classroom-Etiquette-Poster.pdf' html='' success=False cleaned_html=None media={} links={} downloaded_files=None screenshot=None pdf=None markdown=None markdown_v2=None fit_markdown=None fit_html=None extracted_content=None metadata=None error_message='Unexpected error in _crawl_web at line 1205 in _crawl_web (../../.pyenv/versions/3.12.6/lib/python3.12/site-packages/crawl4ai/async_crawler_strategy.py):\nError: Failed on navigating ACS-GOTO:\nPage.goto: net::ERR_FAILED at https://www.bolton.ac.uk/assets/Hosted/Classroom-Etiquette-Poster.pdf\nCall log:\n  - navigating to "https://www.bolton.ac.uk/assets/Hosted/Classroom-Etiquette-Poster.pdf", waiting until "domcontentloaded"\n\n\nCode context:\n1200   \n1201                       response = await page.goto(\n1202                           url, wait_until=config.wait_until, timeout=config.page_timeout\n1203                       )\n1204                   except Error as e:\n1205 →                     raise RuntimeError(f"Failed on navigating ACS-GOTO:\\n{str(e)}")\n1206   \n1207                   await self.execute_hook("after_goto", page, context=context, url=url, response=response)\n1208   \n1209                   if response is None:\n1210                       status_code = 200' session_id=None response_headers=None status_code=None ssl_certificate=None


Failed to crawl: https://www.bolton.ac.uk/assets/Hosted/GMCA-Information-for-Students.pdf
Result: url='https://www.bolton.ac.uk/assets/Hosted/GMCA-Information-for-Students.pdf' html='' success=False cleaned_html=None media={} links={} downloaded_files=None screenshot=None pdf=None markdown=None markdown_v2=None fit_markdown=None fit_html=None extracted_content=None metadata=None error_message='Unexpected error in _crawl_web at line 1205 in _crawl_web (../../.pyenv/versions/3.12.6/lib/python3.12/site-packages/crawl4ai/async_crawler_strategy.py):\nError: Failed on navigating ACS-GOTO:\nPage.goto: net::ERR_FAILED at https://www.bolton.ac.uk/assets/Hosted/GMCA-Information-for-Students.pdf\nCall log:\n  - navigating to "https://www.bolton.ac.uk/assets/Hosted/GMCA-Information-for-Students.pdf", waiting until "domcontentloaded"\n\n\nCode context:\n1200   \n1201                       response = await page.goto(\n1202                           url, wait_until=config.wait_until, timeout=config.page_timeout\n1203                       )\n1204                   except Error as e:\n1205 →                     raise RuntimeError(f"Failed on navigating ACS-GOTO:\\n{str(e)}")\n1206   \n1207                   await self.execute_hook("after_goto", page, context=context, url=url, response=response)\n1208   \n1209                   if response is None:\n1210                       status_code = 200' session_id=None response_headers=None status_code=None ssl_certificate=None


Failed to crawl: https://leaponline.bolton.ac.uk/My-Personal-Development/My-Personal-Effectiveness/Prevent.aspx
Result: url='https://leaponline.bolton.ac.uk/My-Personal-Development/My-Personal-Effectiveness/Prevent.aspx' html='' success=False cleaned_html=None media={} links={} downloaded_files=None screenshot=None pdf=None markdown=None markdown_v2=None fit_markdown=None fit_html=None extracted_content=None metadata=None error_message='Unexpected error in _crawl_web at line 1205 in _crawl_web (../../.pyenv/versions/3.12.6/lib/python3.12/site-packages/crawl4ai/async_crawler_strategy.py):\nError: Failed on navigating ACS-GOTO:\nPage.goto: net::ERR_NAME_NOT_RESOLVED at https://leaponline.bolton.ac.uk/My-Personal-Development/My-Personal-Effectiveness/Prevent.aspx\nCall log:\n  - navigating to "https://leaponline.bolton.ac.uk/My-Personal-Development/My-Personal-Effectiveness/Prevent.aspx", waiting until "domcontentloaded"\n\n\nCode context:\n1200   \n1201                       response = await page.goto(\n1202                           url, wait_until=config.wait_until, timeout=config.page_timeout\n1203                       )\n1204                   except Error as e:\n1205 →                     raise RuntimeError(f"Failed on navigating ACS-GOTO:\\n{str(e)}")\n1206   \n1207                   await self.execute_hook("after_goto", page, context=context, url=url, response=response)\n1208   \n1209                   if response is None:\n1210                       status_code = 200' session_id=None response_headers=None status_code=None ssl_certificate=None


Failed to crawl: https://www.bolton.ac.uk/assets/Uploads/ID-Card-Procedure-March-2021.pdf
Result: url='https://www.bolton.ac.uk/assets/Uploads/ID-Card-Procedure-March-2021.pdf' html='' success=False cleaned_html=None media={} links={} downloaded_files=None screenshot=None pdf=None markdown=None markdown_v2=None fit_markdown=None fit_html=None extracted_content=None metadata=None error_message='Unexpected error in _crawl_web at line 1205 in _crawl_web (../../.pyenv/versions/3.12.6/lib/python3.12/site-packages/crawl4ai/async_crawler_strategy.py):\nError: Failed on navigating ACS-GOTO:\nPage.goto: net::ERR_FAILED at https://www.bolton.ac.uk/assets/Uploads/ID-Card-Procedure-March-2021.pdf\nCall log:\n  - navigating to "https://www.bolton.ac.uk/assets/Uploads/ID-Card-Procedure-March-2021.pdf", waiting until "domcontentloaded"\n\n\nCode context:\n1200   \n1201                       response = await page.goto(\n1202                           url, wait_until=config.wait_until, timeout=config.page_timeout\n1203                       )\n1204                   except Error as e:\n1205 →                     raise RuntimeError(f"Failed on navigating ACS-GOTO:\\n{str(e)}")\n1206   \n1207                   await self.execute_hook("after_goto", page, context=context, url=url, response=response)\n1208   \n1209                   if response is None:\n1210                       status_code = 200' session_id=None response_headers=None status_code=None ssl_certificate=None


Failed to crawl: https://www.bolton.ac.uk/assets/Uploads/Student-Services-Charges-updated-March-2022.pdf
Result: url='https://www.bolton.ac.uk/assets/Uploads/Student-Services-Charges-updated-March-2022.pdf' html='' success=False cleaned_html=None media={} links={} downloaded_files=None screenshot=None pdf=None markdown=None markdown_v2=None fit_markdown=None fit_html=None extracted_content=None metadata=None error_message='Unexpected error in _crawl_web at line 1205 in _crawl_web (../../.pyenv/versions/3.12.6/lib/python3.12/site-packages/crawl4ai/async_crawler_strategy.py):\nError: Failed on navigating ACS-GOTO:\nPage.goto: net::ERR_FAILED at https://www.bolton.ac.uk/assets/Uploads/Student-Services-Charges-updated-March-2022.pdf\nCall log:\n  - navigating to "https://www.bolton.ac.uk/assets/Uploads/Student-Services-Charges-updated-March-2022.pdf", waiting until "domcontentloaded"\n\n\nCode context:\n1200   \n1201                       response = await page.goto(\n1202                           url, wait_until=config.wait_until, timeout=config.page_timeout\n1203                       )\n1204                   except Error as e:\n1205 →                     raise RuntimeError(f"Failed on navigating ACS-GOTO:\\n{str(e)}")\n1206   \n1207                   await self.execute_hook("after_goto", page, context=context, url=url, response=response)\n1208   \n1209                   if response is None:\n1210                       status_code = 200' session_id=None response_headers=None status_code=None ssl_certificate=None


Failed to crawl: https://www.bolton.ac.uk/assets/Uploads/Student-Services-Charges-updated-March-2023.pdf
Result: url='https://www.bolton.ac.uk/assets/Uploads/Student-Services-Charges-updated-March-2023.pdf' html='' success=False cleaned_html=None media={} links={} downloaded_files=None screenshot=None pdf=None markdown=None markdown_v2=None fit_markdown=None fit_html=None extracted_content=None metadata=None error_message='Unexpected error in _crawl_web at line 1205 in _crawl_web (../../.pyenv/versions/3.12.6/lib/python3.12/site-packages/crawl4ai/async_crawler_strategy.py):\nError: Failed on navigating ACS-GOTO:\nPage.goto: net::ERR_FAILED at https://www.bolton.ac.uk/assets/Uploads/Student-Services-Charges-updated-March-2023.pdf\nCall log:\n  - navigating to "https://www.bolton.ac.uk/assets/Uploads/Student-Services-Charges-updated-March-2023.pdf", waiting until "domcontentloaded"\n\n\nCode context:\n1200   \n1201                       response = await page.goto(\n1202                           url, wait_until=config.wait_until, timeout=config.page_timeout\n1203                       )\n1204                   except Error as e:\n1205 →                     raise RuntimeError(f"Failed on navigating ACS-GOTO:\\n{str(e)}")\n1206   \n1207                   await self.execute_hook("after_goto", page, context=context, url=url, response=response)\n1208   \n1209                   if response is None:\n1210                       status_code = 200' session_id=None response_headers=None status_code=None ssl_certificate=None


Failed to crawl: https://www.bolton.ac.uk/blogs/the-importance-of-working-capital-management-in-business-accounting
Result: url='https://www.bolton.ac.uk/blogs/the-importance-of-working-capital-management-in-business-accounting' html='' success=False cleaned_html=None media={} links={} downloaded_files=None screenshot=None pdf=None markdown=None markdown_v2=None fit_markdown=None fit_html=None extracted_content=None metadata=None error_message='Unexpected error in _crawl_web at line 1205 in _crawl_web (../../.pyenv/versions/3.12.6/lib/python3.12/site-packages/crawl4ai/async_crawler_strategy.py):\nError: Failed on navigating ACS-GOTO:\nPage.goto: net::ERR_NAME_NOT_RESOLVED at https://www.bolton.ac.uk/blogs/the-importance-of-working-capital-management-in-business-accounting\nCall log:\n  - navigating to "https://www.bolton.ac.uk/blogs/the-importance-of-working-capital-management-in-business-accounting", waiting until "domcontentloaded"\n\n\nCode context:\n1200   \n1201                       response = await page.goto(\n1202                           url, wait_until=config.wait_until, timeout=config.page_timeout\n1203                       )\n1204                   except Error as e:\n1205 →                     raise RuntimeError(f"Failed on navigating ACS-GOTO:\\n{str(e)}")\n1206   \n1207                   await self.execute_hook("after_goto", page, context=context, url=url, response=response)\n1208   \n1209                   if response is None:\n1210                       status_code = 200' session_id=None response_headers=None status_code=None ssl_certificate=None


Failed to crawl: https://www.bolton.ac.uk/blogs/a-role-in-accountancy-adds-up
Result: url='https://www.bolton.ac.uk/blogs/a-role-in-accountancy-adds-up' html='' success=False cleaned_html=None media={} links={} downloaded_files=None screenshot=None pdf=None markdown=None markdown_v2=None fit_markdown=None fit_html=None extracted_content=None metadata=None error_message='Unexpected error in _crawl_web at line 1205 in _crawl_web (../../.pyenv/versions/3.12.6/lib/python3.12/site-packages/crawl4ai/async_crawler_strategy.py):\nError: Failed on navigating ACS-GOTO:\nPage.goto: net::ERR_NAME_NOT_RESOLVED at https://www.bolton.ac.uk/blogs/a-role-in-accountancy-adds-up\nCall log:\n  - navigating to "https://www.bolton.ac.uk/blogs/a-role-in-accountancy-adds-up", waiting until "domcontentloaded"\n\n\nCode context:\n1200   \n1201                       response = await page.goto(\n1202                           url, wait_until=config.wait_until, timeout=config.page_timeout\n1203                       )\n1204                   except Error as e:\n1205 →                     raise RuntimeError(f"Failed on navigating ACS-GOTO:\\n{str(e)}")\n1206   \n1207                   await self.execute_hook("after_goto", page, context=context, url=url, response=response)\n1208   \n1209                   if response is None:\n1210                       status_code = 200' session_id=None response_headers=None status_code=None ssl_certificate=None


Failed to crawl: https://www.bolton.ac.uk/blogs/2020s-demand-for-accountancy-skills
Result: url='https://www.bolton.ac.uk/blogs/2020s-demand-for-accountancy-skills' html='' success=False cleaned_html=None media={} links={} downloaded_files=None screenshot=None pdf=None markdown=None markdown_v2=None fit_markdown=None fit_html=None extracted_content=None metadata=None error_message='Unexpected error in _crawl_web at line 1205 in _crawl_web (../../.pyenv/versions/3.12.6/lib/python3.12/site-packages/crawl4ai/async_crawler_strategy.py):\nError: Failed on navigating ACS-GOTO:\nPage.goto: net::ERR_NAME_NOT_RESOLVED at https://www.bolton.ac.uk/blogs/2020s-demand-for-accountancy-skills\nCall log:\n  - navigating to "https://www.bolton.ac.uk/blogs/2020s-demand-for-accountancy-skills", waiting until "domcontentloaded"\n\n\nCode context:\n1200   \n1201                       response = await page.goto(\n1202                           url, wait_until=config.wait_until, timeout=config.page_timeout\n1203                       )\n1204                   except Error as e:\n1205 →                     raise RuntimeError(f"Failed on navigating ACS-GOTO:\\n{str(e)}")\n1206   \n1207                   await self.execute_hook("after_goto", page, context=context, url=url, response=response)\n1208   \n1209                   if response is None:\n1210                       status_code = 200' session_id=None response_headers=None status_code=None ssl_certificate=None


Failed to crawl: https://www.bolton.ac.uk/blogs/transforming-a-students-life-through-learning
Result: url='https://www.bolton.ac.uk/blogs/transforming-a-students-life-through-learning' html='' success=False cleaned_html=None media={} links={} downloaded_files=None screenshot=None pdf=None markdown=None markdown_v2=None fit_markdown=None fit_html=None extracted_content=None metadata=None error_message='Unexpected error in _crawl_web at line 1205 in _crawl_web (../../.pyenv/versions/3.12.6/lib/python3.12/site-packages/crawl4ai/async_crawler_strategy.py):\nError: Failed on navigating ACS-GOTO:\nPage.goto: net::ERR_NAME_NOT_RESOLVED at https://www.bolton.ac.uk/blogs/transforming-a-students-life-through-learning\nCall log:\n  - navigating to "https://www.bolton.ac.uk/blogs/transforming-a-students-life-through-learning", waiting until "domcontentloaded"\n\n\nCode context:\n1200   \n1201                       response = await page.goto(\n1202                           url, wait_until=config.wait_until, timeout=config.page_timeout\n1203                       )\n1204                   except Error as e:\n1205 →                     raise RuntimeError(f"Failed on navigating ACS-GOTO:\\n{str(e)}")\n1206   \n1207                   await self.execute_hook("after_goto", page, context=context, url=url, response=response)\n1208   \n1209                   if response is None:\n1210                       status_code = 200' session_id=None response_headers=None status_code=None ssl_certificate=None


Failed to crawl: https://www.bolton.ac.uk/blogs/university-of-boltons-sony-collaboration-suite
Result: url='https://www.bolton.ac.uk/blogs/university-of-boltons-sony-collaboration-suite' html='' success=False cleaned_html=None media={} links={} downloaded_files=None screenshot=None pdf=None markdown=None markdown_v2=None fit_markdown=None fit_html=None extracted_content=None metadata=None error_message='Unexpected error in _crawl_web at line 1205 in _crawl_web (../../.pyenv/versions/3.12.6/lib/python3.12/site-packages/crawl4ai/async_crawler_strategy.py):\nError: Failed on navigating ACS-GOTO:\nPage.goto: net::ERR_NAME_NOT_RESOLVED at https://www.bolton.ac.uk/blogs/university-of-boltons-sony-collaboration-suite\nCall log:\n  - navigating to "https://www.bolton.ac.uk/blogs/university-of-boltons-sony-collaboration-suite", waiting until "domcontentloaded"\n\n\nCode context:\n1200   \n1201                       response = await page.goto(\n1202                           url, wait_until=config.wait_until, timeout=config.page_timeout\n1203                       )\n1204                   except Error as e:\n1205 →                     raise RuntimeError(f"Failed on navigating ACS-GOTO:\\n{str(e)}")\n1206   \n1207                   await self.execute_hook("after_goto", page, context=context, url=url, response=response)\n1208   \n1209                   if response is None:\n1210                       status_code = 200' session_id=None response_headers=None status_code=None ssl_certificate=None


Failed to crawl: https://www.bolton.ac.uk/student-life/life-at-bolton/student-experience
Result: url='https://www.bolton.ac.uk/student-life/life-at-bolton/student-experience' html='' success=False cleaned_html=None media={} links={} downloaded_files=None screenshot=None pdf=None markdown=None markdown_v2=None fit_markdown=None fit_html=None extracted_content=None metadata=None error_message='Unexpected error in _crawl_web at line 1205 in _crawl_web (../../.pyenv/versions/3.12.6/lib/python3.12/site-packages/crawl4ai/async_crawler_strategy.py):\nError: Failed on navigating ACS-GOTO:\nPage.goto: net::ERR_NAME_NOT_RESOLVED at https://www.bolton.ac.uk/student-life/life-at-bolton/student-experience\nCall log:\n  - navigating to "https://www.bolton.ac.uk/student-life/life-at-bolton/student-experience", waiting until "domcontentloaded"\n\n\nCode context:\n1200   \n1201                       response = await page.goto(\n1202                           url, wait_until=config.wait_until, timeout=config.page_timeout\n1203                       )\n1204                   except Error as e:\n1205 →                     raise RuntimeError(f"Failed on navigating ACS-GOTO:\\n{str(e)}")\n1206   \n1207                   await self.execute_hook("after_goto", page, context=context, url=url, response=response)\n1208   \n1209                   if response is None:\n1210                       status_code = 200' session_id=None response_headers=None status_code=None ssl_certificate=None


Failed to crawl: https://www.bolton.ac.uk/blogs/the-one-question-i-always-get-asked
Result: url='https://www.bolton.ac.uk/blogs/the-one-question-i-always-get-asked' html='' success=False cleaned_html=None media={} links={} downloaded_files=None screenshot=None pdf=None markdown=None markdown_v2=None fit_markdown=None fit_html=None extracted_content=None metadata=None error_message='Unexpected error in _crawl_web at line 1205 in _crawl_web (../../.pyenv/versions/3.12.6/lib/python3.12/site-packages/crawl4ai/async_crawler_strategy.py):\nError: Failed on navigating ACS-GOTO:\nPage.goto: net::ERR_NAME_NOT_RESOLVED at https://www.bolton.ac.uk/blogs/the-one-question-i-always-get-asked\nCall log:\n  - navigating to "https://www.bolton.ac.uk/blogs/the-one-question-i-always-get-asked", waiting until "domcontentloaded"\n\n\nCode context:\n1200   \n1201                       response = await page.goto(\n1202                           url, wait_until=config.wait_until, timeout=config.page_timeout\n1203                       )\n1204                   except Error as e:\n1205 →                     raise RuntimeError(f"Failed on navigating ACS-GOTO:\\n{str(e)}")\n1206   \n1207                   await self.execute_hook("after_goto", page, context=context, url=url, response=response)\n1208   \n1209                   if response is None:\n1210                       status_code = 200' session_id=None response_headers=None status_code=None ssl_certificate=None


Failed to crawl: https://www.bolton.ac.uk/university-group-business-services/recruit-new-talent
Result: url='https://www.bolton.ac.uk/university-group-business-services/recruit-new-talent' html='' success=False cleaned_html=None media={} links={} downloaded_files=None screenshot=None pdf=None markdown=None markdown_v2=None fit_markdown=None fit_html=None extracted_content=None metadata=None error_message='Unexpected error in _crawl_web at line 1205 in _crawl_web (../../.pyenv/versions/3.12.6/lib/python3.12/site-packages/crawl4ai/async_crawler_strategy.py):\nError: Failed on navigating ACS-GOTO:\nPage.goto: net::ERR_NAME_NOT_RESOLVED at https://www.bolton.ac.uk/university-group-business-services/recruit-new-talent\nCall log:\n  - navigating to "https://www.bolton.ac.uk/university-group-business-services/recruit-new-talent", waiting until "domcontentloaded"\n\n\nCode context:\n1200   \n1201                       response = await page.goto(\n1202                           url, wait_until=config.wait_until, timeout=config.page_timeout\n1203                       )\n1204                   except Error as e:\n1205 →                     raise RuntimeError(f"Failed on navigating ACS-GOTO:\\n{str(e)}")\n1206   \n1207                   await self.execute_hook("after_goto", page, context=context, url=url, response=response)\n1208   \n1209                   if response is None:\n1210                       status_code = 200' session_id=None response_headers=None status_code=None ssl_certificate=None


Failed to crawl: https://www.bolton.ac.uk/university-group-business-services/apprenticeships/employers/apprenticeship-process
Result: url='https://www.bolton.ac.uk/university-group-business-services/apprenticeships/employers/apprenticeship-process' html='' success=False cleaned_html=None media={} links={} downloaded_files=None screenshot=None pdf=None markdown=None markdown_v2=None fit_markdown=None fit_html=None extracted_content=None metadata=None error_message='Unexpected error in _crawl_web at line 1205 in _crawl_web (../../.pyenv/versions/3.12.6/lib/python3.12/site-packages/crawl4ai/async_crawler_strategy.py):\nError: Failed on navigating ACS-GOTO:\nPage.goto: net::ERR_NAME_NOT_RESOLVED at https://www.bolton.ac.uk/university-group-business-services/apprenticeships/employers/apprenticeship-process\nCall log:\n  - navigating to "https://www.bolton.ac.uk/university-group-business-services/apprenticeships/employers/apprenticeship-process", waiting until "domcontentloaded"\n\n\nCode context:\n1200   \n1201                       response = await page.goto(\n1202                           url, wait_until=config.wait_until, timeout=config.page_timeout\n1203                       )\n1204                   except Error as e:\n1205 →                     raise RuntimeError(f"Failed on navigating ACS-GOTO:\\n{str(e)}")\n1206   \n1207                   await self.execute_hook("after_goto", page, context=context, url=url, response=response)\n1208   \n1209                   if response is None:\n1210                       status_code = 200' session_id=None response_headers=None status_code=None ssl_certificate=None


Failed to crawl: https://www.bolton.ac.uk/university-group-business-services/apprenticeships/employers/degree-apprenticeship-courses
Result: url='https://www.bolton.ac.uk/university-group-business-services/apprenticeships/employers/degree-apprenticeship-courses' html='' success=False cleaned_html=None media={} links={} downloaded_files=None screenshot=None pdf=None markdown=None markdown_v2=None fit_markdown=None fit_html=None extracted_content=None metadata=None error_message='Unexpected error in _crawl_web at line 1205 in _crawl_web (../../.pyenv/versions/3.12.6/lib/python3.12/site-packages/crawl4ai/async_crawler_strategy.py):\nError: Failed on navigating ACS-GOTO:\nPage.goto: net::ERR_NAME_NOT_RESOLVED at https://www.bolton.ac.uk/university-group-business-services/apprenticeships/employers/degree-apprenticeship-courses\nCall log:\n  - navigating to "https://www.bolton.ac.uk/university-group-business-services/apprenticeships/employers/degree-apprenticeship-courses", waiting until "domcontentloaded"\n\n\nCode context:\n1200   \n1201                       response = await page.goto(\n1202                           url, wait_until=config.wait_until, timeout=config.page_timeout\n1203                       )\n1204                   except Error as e:\n1205 →                     raise RuntimeError(f"Failed on navigating ACS-GOTO:\\n{str(e)}")\n1206   \n1207                   await self.execute_hook("after_goto", page, context=context, url=url, response=response)\n1208   \n1209                   if response is None:\n1210                       status_code = 200' session_id=None response_headers=None status_code=None ssl_certificate=None


Failed to crawl: https://www.bolton.ac.uk/university-group-business-services/apprenticeships/employers/employer-faqs
Result: url='https://www.bolton.ac.uk/university-group-business-services/apprenticeships/employers/employer-faqs' html='' success=False cleaned_html=None media={} links={} downloaded_files=None screenshot=None pdf=None markdown=None markdown_v2=None fit_markdown=None fit_html=None extracted_content=None metadata=None error_message='Unexpected error in _crawl_web at line 1205 in _crawl_web (../../.pyenv/versions/3.12.6/lib/python3.12/site-packages/crawl4ai/async_crawler_strategy.py):\nError: Failed on navigating ACS-GOTO:\nPage.goto: net::ERR_NAME_NOT_RESOLVED at https://www.bolton.ac.uk/university-group-business-services/apprenticeships/employers/employer-faqs\nCall log:\n  - navigating to "https://www.bolton.ac.uk/university-group-business-services/apprenticeships/employers/employer-faqs", waiting until "domcontentloaded"\n\n\nCode context:\n1200   \n1201                       response = await page.goto(\n1202                           url, wait_until=config.wait_until, timeout=config.page_timeout\n1203                       )\n1204                   except Error as e:\n1205 →                     raise RuntimeError(f"Failed on navigating ACS-GOTO:\\n{str(e)}")\n1206   \n1207                   await self.execute_hook("after_goto", page, context=context, url=url, response=response)\n1208   \n1209                   if response is None:\n1210                       status_code = 200' session_id=None response_headers=None status_code=None ssl_certificate=None


Failed to crawl: https://www.bolton.ac.uk/university-group-business-services/apprenticeships/employers/employer-partnerships
Result: url='https://www.bolton.ac.uk/university-group-business-services/apprenticeships/employers/employer-partnerships' html='' success=False cleaned_html=None media={} links={} downloaded_files=None screenshot=None pdf=None markdown=None markdown_v2=None fit_markdown=None fit_html=None extracted_content=None metadata=None error_message='Unexpected error in _crawl_web at line 1205 in _crawl_web (../../.pyenv/versions/3.12.6/lib/python3.12/site-packages/crawl4ai/async_crawler_strategy.py):\nError: Failed on navigating ACS-GOTO:\nPage.goto: net::ERR_NAME_NOT_RESOLVED at https://www.bolton.ac.uk/university-group-business-services/apprenticeships/employers/employer-partnerships\nCall log:\n  - navigating to "https://www.bolton.ac.uk/university-group-business-services/apprenticeships/employers/employer-partnerships", waiting until "domcontentloaded"\n\n\nCode context:\n1200   \n1201                       response = await page.goto(\n1202                           url, wait_until=config.wait_until, timeout=config.page_timeout\n1203                       )\n1204                   except Error as e:\n1205 →                     raise RuntimeError(f"Failed on navigating ACS-GOTO:\\n{str(e)}")\n1206   \n1207                   await self.execute_hook("after_goto", page, context=context, url=url, response=response)\n1208   \n1209                   if response is None:\n1210                       status_code = 200' session_id=None response_headers=None status_code=None ssl_certificate=None


Failed to crawl: https://www.bolton.ac.uk/blogs/biomedical-engineering-delivers-great-opportunities
Result: url='https://www.bolton.ac.uk/blogs/biomedical-engineering-delivers-great-opportunities' html='' success=False cleaned_html=None media={} links={} downloaded_files=None screenshot=None pdf=None markdown=None markdown_v2=None fit_markdown=None fit_html=None extracted_content=None metadata=None error_message='Unexpected error in _crawl_web at line 1205 in _crawl_web (../../.pyenv/versions/3.12.6/lib/python3.12/site-packages/crawl4ai/async_crawler_strategy.py):\nError: Failed on navigating ACS-GOTO:\nPage.goto: net::ERR_NAME_NOT_RESOLVED at https://www.bolton.ac.uk/blogs/biomedical-engineering-delivers-great-opportunities\nCall log:\n  - navigating to "https://www.bolton.ac.uk/blogs/biomedical-engineering-delivers-great-opportunities", waiting until "domcontentloaded"\n\n\nCode context:\n1200   \n1201                       response = await page.goto(\n1202                           url, wait_until=config.wait_until, timeout=config.page_timeout\n1203                       )\n1204                   except Error as e:\n1205 →                     raise RuntimeError(f"Failed on navigating ACS-GOTO:\\n{str(e)}")\n1206   \n1207                   await self.execute_hook("after_goto", page, context=context, url=url, response=response)\n1208   \n1209                   if response is None:\n1210                       status_code = 200' session_id=None response_headers=None status_code=None ssl_certificate=None


Failed to crawl: https://www.bolton.ac.uk/blogs/biomedical-and-medical-engineering-how-technology-is-the-future-of-good-healthcare
Result: url='https://www.bolton.ac.uk/blogs/biomedical-and-medical-engineering-how-technology-is-the-future-of-good-healthcare' html='' success=False cleaned_html=None media={} links={} downloaded_files=None screenshot=None pdf=None markdown=None markdown_v2=None fit_markdown=None fit_html=None extracted_content=None metadata=None error_message='Unexpected error in _crawl_web at line 1205 in _crawl_web (../../.pyenv/versions/3.12.6/lib/python3.12/site-packages/crawl4ai/async_crawler_strategy.py):\nError: Failed on navigating ACS-GOTO:\nPage.goto: net::ERR_NAME_NOT_RESOLVED at https://www.bolton.ac.uk/blogs/biomedical-and-medical-engineering-how-technology-is-the-future-of-good-healthcare\nCall log:\n  - navigating to "https://www.bolton.ac.uk/blogs/biomedical-and-medical-engineering-how-technology-is-the-future-of-good-healthcare", waiting until "domcontentloaded"\n\n\nCode context:\n1200   \n1201                       response = await page.goto(\n1202                           url, wait_until=config.wait_until, timeout=config.page_timeout\n1203                       )\n1204                   except Error as e:\n1205 →                     raise RuntimeError(f"Failed on navigating ACS-GOTO:\\n{str(e)}")\n1206   \n1207                   await self.execute_hook("after_goto", page, context=context, url=url, response=response)\n1208   \n1209                   if response is None:\n1210                       status_code = 200' session_id=None response_headers=None status_code=None ssl_certificate=None


Failed to crawl: https://www.bolton.ac.uk/blogs/4-biomedical-advancements-to-inspire-biomedical-engineering-masters-students
Result: url='https://www.bolton.ac.uk/blogs/4-biomedical-advancements-to-inspire-biomedical-engineering-masters-students' html='' success=False cleaned_html=None media={} links={} downloaded_files=None screenshot=None pdf=None markdown=None markdown_v2=None fit_markdown=None fit_html=None extracted_content=None metadata=None error_message='Unexpected error in _crawl_web at line 1205 in _crawl_web (../../.pyenv/versions/3.12.6/lib/python3.12/site-packages/crawl4ai/async_crawler_strategy.py):\nError: Failed on navigating ACS-GOTO:\nPage.goto: net::ERR_NAME_NOT_RESOLVED at https://www.bolton.ac.uk/blogs/4-biomedical-advancements-to-inspire-biomedical-engineering-masters-students\nCall log:\n  - navigating to "https://www.bolton.ac.uk/blogs/4-biomedical-advancements-to-inspire-biomedical-engineering-masters-students", waiting until "domcontentloaded"\n\n\nCode context:\n1200   \n1201                       response = await page.goto(\n1202                           url, wait_until=config.wait_until, timeout=config.page_timeout\n1203                       )\n1204                   except Error as e:\n1205 →                     raise RuntimeError(f"Failed on navigating ACS-GOTO:\\n{str(e)}")\n1206   \n1207                   await self.execute_hook("after_goto", page, context=context, url=url, response=response)\n1208   \n1209                   if response is None:\n1210                       status_code = 200' session_id=None response_headers=None status_code=None ssl_certificate=None


Failed to crawl: https://www.bolton.ac.uk/blogs/how-to-improve-learning-for-an-engineering-masters
Result: url='https://www.bolton.ac.uk/blogs/how-to-improve-learning-for-an-engineering-masters' html='' success=False cleaned_html=None media={} links={} downloaded_files=None screenshot=None pdf=None markdown=None markdown_v2=None fit_markdown=None fit_html=None extracted_content=None metadata=None error_message='Unexpected error in _crawl_web at line 1205 in _crawl_web (../../.pyenv/versions/3.12.6/lib/python3.12/site-packages/crawl4ai/async_crawler_strategy.py):\nError: Failed on navigating ACS-GOTO:\nPage.goto: net::ERR_NAME_NOT_RESOLVED at https://www.bolton.ac.uk/blogs/how-to-improve-learning-for-an-engineering-masters\nCall log:\n  - navigating to "https://www.bolton.ac.uk/blogs/how-to-improve-learning-for-an-engineering-masters", waiting until "domcontentloaded"\n\n\nCode context:\n1200   \n1201                       response = await page.goto(\n1202                           url, wait_until=config.wait_until, timeout=config.page_timeout\n1203                       )\n1204                   except Error as e:\n1205 →                     raise RuntimeError(f"Failed on navigating ACS-GOTO:\\n{str(e)}")\n1206   \n1207                   await self.execute_hook("after_goto", page, context=context, url=url, response=response)\n1208   \n1209                   if response is None:\n1210                       status_code = 200' session_id=None response_headers=None status_code=None ssl_certificate=None


Failed to crawl: https://www.bolton.ac.uk/blogs/what-a-career-in-biomedical-and-medical-engineering-looks-like
Result: url='https://www.bolton.ac.uk/blogs/what-a-career-in-biomedical-and-medical-engineering-looks-like' html='' success=False cleaned_html=None media={} links={} downloaded_files=None screenshot=None pdf=None markdown=None markdown_v2=None fit_markdown=None fit_html=None extracted_content=None metadata=None error_message='Unexpected error in _crawl_web at line 1205 in _crawl_web (../../.pyenv/versions/3.12.6/lib/python3.12/site-packages/crawl4ai/async_crawler_strategy.py):\nError: Failed on navigating ACS-GOTO:\nPage.goto: net::ERR_NAME_NOT_RESOLVED at https://www.bolton.ac.uk/blogs/what-a-career-in-biomedical-and-medical-engineering-looks-like\nCall log:\n  - navigating to "https://www.bolton.ac.uk/blogs/what-a-career-in-biomedical-and-medical-engineering-looks-like", waiting until "domcontentloaded"\n\n\nCode context:\n1200   \n1201                       response = await page.goto(\n1202                           url, wait_until=config.wait_until, timeout=config.page_timeout\n1203                       )\n1204                   except Error as e:\n1205 →                     raise RuntimeError(f"Failed on navigating ACS-GOTO:\\n{str(e)}")\n1206   \n1207                   await self.execute_hook("after_goto", page, context=context, url=url, response=response)\n1208   \n1209                   if response is None:\n1210                       status_code = 200' session_id=None response_headers=None status_code=None ssl_certificate=None


Failed to crawl: https://www.bolton.ac.uk/blogs/how-you-can-help-change-the-lives-of-disabled-people-with-engineering
Result: url='https://www.bolton.ac.uk/blogs/how-you-can-help-change-the-lives-of-disabled-people-with-engineering' html='' success=False cleaned_html=None media={} links={} downloaded_files=None screenshot=None pdf=None markdown=None markdown_v2=None fit_markdown=None fit_html=None extracted_content=None metadata=None error_message='Unexpected error in _crawl_web at line 1205 in _crawl_web (../../.pyenv/versions/3.12.6/lib/python3.12/site-packages/crawl4ai/async_crawler_strategy.py):\nError: Failed on navigating ACS-GOTO:\nPage.goto: net::ERR_NAME_NOT_RESOLVED at https://www.bolton.ac.uk/blogs/how-you-can-help-change-the-lives-of-disabled-people-with-engineering\nCall log:\n  - navigating to "https://www.bolton.ac.uk/blogs/how-you-can-help-change-the-lives-of-disabled-people-with-engineering", waiting until "domcontentloaded"\n\n\nCode context:\n1200   \n1201                       response = await page.goto(\n1202                           url, wait_until=config.wait_until, timeout=config.page_timeout\n1203                       )\n1204                   except Error as e:\n1205 →                     raise RuntimeError(f"Failed on navigating ACS-GOTO:\\n{str(e)}")\n1206   \n1207                   await self.execute_hook("after_goto", page, context=context, url=url, response=response)\n1208   \n1209                   if response is None:\n1210                       status_code = 200' session_id=None response_headers=None status_code=None ssl_certificate=None


Failed to crawl: https://www.bolton.ac.uk/blogs/why-biomedical-engineering-is-in-the-top-40-of-careers-for-career-satisfaction
Result: url='https://www.bolton.ac.uk/blogs/why-biomedical-engineering-is-in-the-top-40-of-careers-for-career-satisfaction' html='' success=False cleaned_html=None media={} links={} downloaded_files=None screenshot=None pdf=None markdown=None markdown_v2=None fit_markdown=None fit_html=None extracted_content=None metadata=None error_message='Unexpected error in _crawl_web at line 1205 in _crawl_web (../../.pyenv/versions/3.12.6/lib/python3.12/site-packages/crawl4ai/async_crawler_strategy.py):\nError: Failed on navigating ACS-GOTO:\nPage.goto: net::ERR_NAME_NOT_RESOLVED at https://www.bolton.ac.uk/blogs/why-biomedical-engineering-is-in-the-top-40-of-careers-for-career-satisfaction\nCall log:\n  - navigating to "https://www.bolton.ac.uk/blogs/why-biomedical-engineering-is-in-the-top-40-of-careers-for-career-satisfaction", waiting until "domcontentloaded"\n\n\nCode context:\n1200   \n1201                       response = await page.goto(\n1202                           url, wait_until=config.wait_until, timeout=config.page_timeout\n1203                       )\n1204                   except Error as e:\n1205 →                     raise RuntimeError(f"Failed on navigating ACS-GOTO:\\n{str(e)}")\n1206   \n1207                   await self.execute_hook("after_goto", page, context=context, url=url, response=response)\n1208   \n1209                   if response is None:\n1210                       status_code = 200' session_id=None response_headers=None status_code=None ssl_certificate=None


Failed to crawl: https://www.bolton.ac.uk/blogs/famous-businesspeople-and-how-they-started
Result: url='https://www.bolton.ac.uk/blogs/famous-businesspeople-and-how-they-started' html='' success=False cleaned_html=None media={} links={} downloaded_files=None screenshot=None pdf=None markdown=None markdown_v2=None fit_markdown=None fit_html=None extracted_content=None metadata=None error_message='Unexpected error in _crawl_web at line 1205 in _crawl_web (../../.pyenv/versions/3.12.6/lib/python3.12/site-packages/crawl4ai/async_crawler_strategy.py):\nError: Failed on navigating ACS-GOTO:\nPage.goto: net::ERR_NAME_NOT_RESOLVED at https://www.bolton.ac.uk/blogs/famous-businesspeople-and-how-they-started\nCall log:\n  - navigating to "https://www.bolton.ac.uk/blogs/famous-businesspeople-and-how-they-started", waiting until "domcontentloaded"\n\n\nCode context:\n1200   \n1201                       response = await page.goto(\n1202                           url, wait_until=config.wait_until, timeout=config.page_timeout\n1203                       )\n1204                   except Error as e:\n1205 →                     raise RuntimeError(f"Failed on navigating ACS-GOTO:\\n{str(e)}")\n1206   \n1207                   await self.execute_hook("after_goto", page, context=context, url=url, response=response)\n1208   \n1209                   if response is None:\n1210                       status_code = 200' session_id=None response_headers=None status_code=None ssl_certificate=None


Failed to crawl: https://www.bolton.ac.uk/blogs/the-most-in-demand-business-administration-skills
Result: url='https://www.bolton.ac.uk/blogs/the-most-in-demand-business-administration-skills' html='' success=False cleaned_html=None media={} links={} downloaded_files=None screenshot=None pdf=None markdown=None markdown_v2=None fit_markdown=None fit_html=None extracted_content=None metadata=None error_message='Unexpected error in _crawl_web at line 1205 in _crawl_web (../../.pyenv/versions/3.12.6/lib/python3.12/site-packages/crawl4ai/async_crawler_strategy.py):\nError: Failed on navigating ACS-GOTO:\nPage.goto: net::ERR_NAME_NOT_RESOLVED at https://www.bolton.ac.uk/blogs/the-most-in-demand-business-administration-skills\nCall log:\n  - navigating to "https://www.bolton.ac.uk/blogs/the-most-in-demand-business-administration-skills", waiting until "domcontentloaded"\n\n\nCode context:\n1200   \n1201                       response = await page.goto(\n1202                           url, wait_until=config.wait_until, timeout=config.page_timeout\n1203                       )\n1204                   except Error as e:\n1205 →                     raise RuntimeError(f"Failed on navigating ACS-GOTO:\\n{str(e)}")\n1206   \n1207                   await self.execute_hook("after_goto", page, context=context, url=url, response=response)\n1208   \n1209                   if response is None:\n1210                       status_code = 200' session_id=None response_headers=None status_code=None ssl_certificate=None


Failed to crawl: https://www.bolton.ac.uk/blogs/why-a-business-start-up-degree-at-bolton-university-is-a-great-choice
Result: url='https://www.bolton.ac.uk/blogs/why-a-business-start-up-degree-at-bolton-university-is-a-great-choice' html='' success=False cleaned_html=None media={} links={} downloaded_files=None screenshot=None pdf=None markdown=None markdown_v2=None fit_markdown=None fit_html=None extracted_content=None metadata=None error_message='Unexpected error in _crawl_web at line 1205 in _crawl_web (../../.pyenv/versions/3.12.6/lib/python3.12/site-packages/crawl4ai/async_crawler_strategy.py):\nError: Failed on navigating ACS-GOTO:\nPage.goto: net::ERR_NAME_NOT_RESOLVED at https://www.bolton.ac.uk/blogs/why-a-business-start-up-degree-at-bolton-university-is-a-great-choice\nCall log:\n  - navigating to "https://www.bolton.ac.uk/blogs/why-a-business-start-up-degree-at-bolton-university-is-a-great-choice", waiting until "domcontentloaded"\n\n\nCode context:\n1200   \n1201                       response = await page.goto(\n1202                           url, wait_until=config.wait_until, timeout=config.page_timeout\n1203                       )\n1204                   except Error as e:\n1205 →                     raise RuntimeError(f"Failed on navigating ACS-GOTO:\\n{str(e)}")\n1206   \n1207                   await self.execute_hook("after_goto", page, context=context, url=url, response=response)\n1208   \n1209                   if response is None:\n1210                       status_code = 200' session_id=None response_headers=None status_code=None ssl_certificate=None


Failed to crawl: https://www.bolton.ac.uk/blogs/enjoy-personal-development-with-a-master-of-business-administration-mba
Result: url='https://www.bolton.ac.uk/blogs/enjoy-personal-development-with-a-master-of-business-administration-mba' html='' success=False cleaned_html=None media={} links={} downloaded_files=None screenshot=None pdf=None markdown=None markdown_v2=None fit_markdown=None fit_html=None extracted_content=None metadata=None error_message='Unexpected error in _crawl_web at line 1205 in _crawl_web (../../.pyenv/versions/3.12.6/lib/python3.12/site-packages/crawl4ai/async_crawler_strategy.py):\nError: Failed on navigating ACS-GOTO:\nPage.goto: net::ERR_NAME_NOT_RESOLVED at https://www.bolton.ac.uk/blogs/enjoy-personal-development-with-a-master-of-business-administration-mba\nCall log:\n  - navigating to "https://www.bolton.ac.uk/blogs/enjoy-personal-development-with-a-master-of-business-administration-mba", waiting until "domcontentloaded"\n\n\nCode context:\n1200   \n1201                       response = await page.goto(\n1202                           url, wait_until=config.wait_until, timeout=config.page_timeout\n1203                       )\n1204                   except Error as e:\n1205 →                     raise RuntimeError(f"Failed on navigating ACS-GOTO:\\n{str(e)}")\n1206   \n1207                   await self.execute_hook("after_goto", page, context=context, url=url, response=response)\n1208   \n1209                   if response is None:\n1210                       status_code = 200' session_id=None response_headers=None status_code=None ssl_certificate=None


Failed to crawl: https://www.bolton.ac.uk/blogs/where-will-my-degree-in-business-management-take-me
Result: url='https://www.bolton.ac.uk/blogs/where-will-my-degree-in-business-management-take-me' html='' success=False cleaned_html=None media={} links={} downloaded_files=None screenshot=None pdf=None markdown=None markdown_v2=None fit_markdown=None fit_html=None extracted_content=None metadata=None error_message='Unexpected error in _crawl_web at line 1205 in _crawl_web (../../.pyenv/versions/3.12.6/lib/python3.12/site-packages/crawl4ai/async_crawler_strategy.py):\nError: Failed on navigating ACS-GOTO:\nPage.goto: net::ERR_NAME_NOT_RESOLVED at https://www.bolton.ac.uk/blogs/where-will-my-degree-in-business-management-take-me\nCall log:\n  - navigating to "https://www.bolton.ac.uk/blogs/where-will-my-degree-in-business-management-take-me", waiting until "domcontentloaded"\n\n\nCode context:\n1200   \n1201                       response = await page.goto(\n1202                           url, wait_until=config.wait_until, timeout=config.page_timeout\n1203                       )\n1204                   except Error as e:\n1205 →                     raise RuntimeError(f"Failed on navigating ACS-GOTO:\\n{str(e)}")\n1206   \n1207                   await self.execute_hook("after_goto", page, context=context, url=url, response=response)\n1208   \n1209                   if response is None:\n1210                       status_code = 200' session_id=None response_headers=None status_code=None ssl_certificate=None


Failed to crawl: https://www.bolton.ac.uk/blogs/amazon-continue-to-disrupt-the-retail-industry
Result: url='https://www.bolton.ac.uk/blogs/amazon-continue-to-disrupt-the-retail-industry' html='' success=False cleaned_html=None media={} links={} downloaded_files=None screenshot=None pdf=None markdown=None markdown_v2=None fit_markdown=None fit_html=None extracted_content=None metadata=None error_message='Unexpected error in _crawl_web at line 1205 in _crawl_web (../../.pyenv/versions/3.12.6/lib/python3.12/site-packages/crawl4ai/async_crawler_strategy.py):\nError: Failed on navigating ACS-GOTO:\nPage.goto: net::ERR_NAME_NOT_RESOLVED at https://www.bolton.ac.uk/blogs/amazon-continue-to-disrupt-the-retail-industry\nCall log:\n  - navigating to "https://www.bolton.ac.uk/blogs/amazon-continue-to-disrupt-the-retail-industry", waiting until "domcontentloaded"\n\n\nCode context:\n1200   \n1201                       response = await page.goto(\n1202                           url, wait_until=config.wait_until, timeout=config.page_timeout\n1203                       )\n1204                   except Error as e:\n1205 →                     raise RuntimeError(f"Failed on navigating ACS-GOTO:\\n{str(e)}")\n1206   \n1207                   await self.execute_hook("after_goto", page, context=context, url=url, response=response)\n1208   \n1209                   if response is None:\n1210                       status_code = 200' session_id=None response_headers=None status_code=None ssl_certificate=None


Failed to crawl: https://www.bolton.ac.uk/blogs/being-a-mature-student
Result: url='https://www.bolton.ac.uk/blogs/being-a-mature-student' html='' success=False cleaned_html=None media={} links={} downloaded_files=None screenshot=None pdf=None markdown=None markdown_v2=None fit_markdown=None fit_html=None extracted_content=None metadata=None error_message='Unexpected error in _crawl_web at line 1205 in _crawl_web (../../.pyenv/versions/3.12.6/lib/python3.12/site-packages/crawl4ai/async_crawler_strategy.py):\nError: Failed on navigating ACS-GOTO:\nPage.goto: net::ERR_NAME_NOT_RESOLVED at https://www.bolton.ac.uk/blogs/being-a-mature-student\nCall log:\n  - navigating to "https://www.bolton.ac.uk/blogs/being-a-mature-student", waiting until "domcontentloaded"\n\n\nCode context:\n1200   \n1201                       response = await page.goto(\n1202                           url, wait_until=config.wait_until, timeout=config.page_timeout\n1203                       )\n1204                   except Error as e:\n1205 →                     raise RuntimeError(f"Failed on navigating ACS-GOTO:\\n{str(e)}")\n1206   \n1207                   await self.execute_hook("after_goto", page, context=context, url=url, response=response)\n1208   \n1209                   if response is None:\n1210                       status_code = 200' session_id=None response_headers=None status_code=None ssl_certificate=None


Failed to crawl: https://www.bolton.ac.uk/blogs/key-principles-of-engineering-management-for-masters-students
Result: url='https://www.bolton.ac.uk/blogs/key-principles-of-engineering-management-for-masters-students' html='' success=False cleaned_html=None media={} links={} downloaded_files=None screenshot=None pdf=None markdown=None markdown_v2=None fit_markdown=None fit_html=None extracted_content=None metadata=None error_message='Unexpected error in _crawl_web at line 1205 in _crawl_web (../../.pyenv/versions/3.12.6/lib/python3.12/site-packages/crawl4ai/async_crawler_strategy.py):\nError: Failed on navigating ACS-GOTO:\nPage.goto: Timeout 10000ms exceeded.\nCall log:\n  - navigating to "https://www.bolton.ac.uk/blogs/key-principles-of-engineering-management-for-masters-students", waiting until "domcontentloaded"\n\n\nCode context:\n1200   \n1201                       response = await page.goto(\n1202                           url, wait_until=config.wait_until, timeout=config.page_timeout\n1203                       )\n1204                   except Error as e:\n1205 →                     raise RuntimeError(f"Failed on navigating ACS-GOTO:\\n{str(e)}")\n1206   \n1207                   await self.execute_hook("after_goto", page, context=context, url=url, response=response)\n1208   \n1209                   if response is None:\n1210                       status_code = 200' session_id=None response_headers=None status_code=None ssl_certificate=None


Failed to crawl: https://www.bolton.ac.uk/blogs/2022-celebrating-women-in-civil-engineering
Result: url='https://www.bolton.ac.uk/blogs/2022-celebrating-women-in-civil-engineering' html='' success=False cleaned_html=None media={} links={} downloaded_files=None screenshot=None pdf=None markdown=None markdown_v2=None fit_markdown=None fit_html=None extracted_content=None metadata=None error_message='Unexpected error in _crawl_web at line 1205 in _crawl_web (../../.pyenv/versions/3.12.6/lib/python3.12/site-packages/crawl4ai/async_crawler_strategy.py):\nError: Failed on navigating ACS-GOTO:\nPage.goto: net::ERR_INSUFFICIENT_RESOURCES at https://www.bolton.ac.uk/blogs/2022-celebrating-women-in-civil-engineering\nCall log:\n  - navigating to "https://www.bolton.ac.uk/blogs/2022-celebrating-women-in-civil-engineering", waiting until "domcontentloaded"\n\n\nCode context:\n1200   \n1201                       response = await page.goto(\n1202                           url, wait_until=config.wait_until, timeout=config.page_timeout\n1203                       )\n1204                   except Error as e:\n1205 →                     raise RuntimeError(f"Failed on navigating ACS-GOTO:\\n{str(e)}")\n1206   \n1207                   await self.execute_hook("after_goto", page, context=context, url=url, response=response)\n1208   \n1209                   if response is None:\n1210                       status_code = 200' session_id=None response_headers=None status_code=None ssl_certificate=None


Failed to crawl: https://www.bolton.ac.uk/blogs/global-civil-engineering-news-stories
Result: url='https://www.bolton.ac.uk/blogs/global-civil-engineering-news-stories' html='' success=False cleaned_html=None media={} links={} downloaded_files=None screenshot=None pdf=None markdown=None markdown_v2=None fit_markdown=None fit_html=None extracted_content=None metadata=None error_message='Unexpected error in _crawl_web at line 1205 in _crawl_web (../../.pyenv/versions/3.12.6/lib/python3.12/site-packages/crawl4ai/async_crawler_strategy.py):\nError: Failed on navigating ACS-GOTO:\nPage.goto: Timeout 10000ms exceeded.\nCall log:\n  - navigating to "https://www.bolton.ac.uk/blogs/global-civil-engineering-news-stories", waiting until "domcontentloaded"\n\n\nCode context:\n1200   \n1201                       response = await page.goto(\n1202                           url, wait_until=config.wait_until, timeout=config.page_timeout\n1203                       )\n1204                   except Error as e:\n1205 →                     raise RuntimeError(f"Failed on navigating ACS-GOTO:\\n{str(e)}")\n1206   \n1207                   await self.execute_hook("after_goto", page, context=context, url=url, response=response)\n1208   \n1209                   if response is None:\n1210                       status_code = 200' session_id=None response_headers=None status_code=None ssl_certificate=None


Failed to crawl: https://www.bolton.ac.uk/blogs/why-every-civil-engineering-student-should-consider-a-masters
Result: url='https://www.bolton.ac.uk/blogs/why-every-civil-engineering-student-should-consider-a-masters' html='' success=False cleaned_html=None media={} links={} downloaded_files=None screenshot=None pdf=None markdown=None markdown_v2=None fit_markdown=None fit_html=None extracted_content=None metadata=None error_message='Unexpected error in _crawl_web at line 1205 in _crawl_web (../../.pyenv/versions/3.12.6/lib/python3.12/site-packages/crawl4ai/async_crawler_strategy.py):\nError: Failed on navigating ACS-GOTO:\nPage.goto: net::ERR_NAME_NOT_RESOLVED at https://www.bolton.ac.uk/blogs/why-every-civil-engineering-student-should-consider-a-masters\nCall log:\n  - navigating to "https://www.bolton.ac.uk/blogs/why-every-civil-engineering-student-should-consider-a-masters", waiting until "domcontentloaded"\n\n\nCode context:\n1200   \n1201                       response = await page.goto(\n1202                           url, wait_until=config.wait_until, timeout=config.page_timeout\n1203                       )\n1204                   except Error as e:\n1205 →                     raise RuntimeError(f"Failed on navigating ACS-GOTO:\\n{str(e)}")\n1206   \n1207                   await self.execute_hook("after_goto", page, context=context, url=url, response=response)\n1208   \n1209                   if response is None:\n1210                       status_code = 200' session_id=None response_headers=None status_code=None ssl_certificate=None


Failed to crawl: https://www.bolton.ac.uk/blogs/five-different-engineering-career-paths-you-can-take
Result: url='https://www.bolton.ac.uk/blogs/five-different-engineering-career-paths-you-can-take' html='' success=False cleaned_html=None media={} links={} downloaded_files=None screenshot=None pdf=None markdown=None markdown_v2=None fit_markdown=None fit_html=None extracted_content=None metadata=None error_message='Unexpected error in _crawl_web at line 1205 in _crawl_web (../../.pyenv/versions/3.12.6/lib/python3.12/site-packages/crawl4ai/async_crawler_strategy.py):\nError: Failed on navigating ACS-GOTO:\nPage.goto: Timeout 10000ms exceeded.\nCall log:\n  - navigating to "https://www.bolton.ac.uk/blogs/five-different-engineering-career-paths-you-can-take", waiting until "domcontentloaded"\n\n\nCode context:\n1200   \n1201                       response = await page.goto(\n1202                           url, wait_until=config.wait_until, timeout=config.page_timeout\n1203                       )\n1204                   except Error as e:\n1205 →                     raise RuntimeError(f"Failed on navigating ACS-GOTO:\\n{str(e)}")\n1206   \n1207                   await self.execute_hook("after_goto", page, context=context, url=url, response=response)\n1208   \n1209                   if response is None:\n1210                       status_code = 200' session_id=None response_headers=None status_code=None ssl_certificate=None


Failed to crawl: https://www.bolton.ac.uk/blogs/will-hs2-be-a-civil-engineering-success
Result: url='https://www.bolton.ac.uk/blogs/will-hs2-be-a-civil-engineering-success' html='' success=False cleaned_html=None media={} links={} downloaded_files=None screenshot=None pdf=None markdown=None markdown_v2=None fit_markdown=None fit_html=None extracted_content=None metadata=None error_message='Unexpected error in _crawl_web at line 1205 in _crawl_web (../../.pyenv/versions/3.12.6/lib/python3.12/site-packages/crawl4ai/async_crawler_strategy.py):\nError: Failed on navigating ACS-GOTO:\nPage.goto: Timeout 10000ms exceeded.\nCall log:\n  - navigating to "https://www.bolton.ac.uk/blogs/will-hs2-be-a-civil-engineering-success", waiting until "domcontentloaded"\n\n\nCode context:\n1200   \n1201                       response = await page.goto(\n1202                           url, wait_until=config.wait_until, timeout=config.page_timeout\n1203                       )\n1204                   except Error as e:\n1205 →                     raise RuntimeError(f"Failed on navigating ACS-GOTO:\\n{str(e)}")\n1206   \n1207                   await self.execute_hook("after_goto", page, context=context, url=url, response=response)\n1208   \n1209                   if response is None:\n1210                       status_code = 200' session_id=None response_headers=None status_code=None ssl_certificate=None


Failed to crawl: https://www.bolton.ac.uk/blogs/historical-figures-in-engineering-imhotep
Result: url='https://www.bolton.ac.uk/blogs/historical-figures-in-engineering-imhotep' html='' success=False cleaned_html=None media={} links={} downloaded_files=None screenshot=None pdf=None markdown=None markdown_v2=None fit_markdown=None fit_html=None extracted_content=None metadata=None error_message='Unexpected error in _crawl_web at line 1205 in _crawl_web (../../.pyenv/versions/3.12.6/lib/python3.12/site-packages/crawl4ai/async_crawler_strategy.py):\nError: Failed on navigating ACS-GOTO:\nPage.goto: net::ERR_NAME_NOT_RESOLVED at https://www.bolton.ac.uk/blogs/historical-figures-in-engineering-imhotep\nCall log:\n  - navigating to "https://www.bolton.ac.uk/blogs/historical-figures-in-engineering-imhotep", waiting until "domcontentloaded"\n\n\nCode context:\n1200   \n1201                       response = await page.goto(\n1202                           url, wait_until=config.wait_until, timeout=config.page_timeout\n1203                       )\n1204                   except Error as e:\n1205 →                     raise RuntimeError(f"Failed on navigating ACS-GOTO:\\n{str(e)}")\n1206   \n1207                   await self.execute_hook("after_goto", page, context=context, url=url, response=response)\n1208   \n1209                   if response is None:\n1210                       status_code = 200' session_id=None response_headers=None status_code=None ssl_certificate=None


Failed to crawl: https://www.bolton.ac.uk/blogs/new-page-articlehow-to-help-the-environment-6-ways-you-can-get-involved
Result: url='https://www.bolton.ac.uk/blogs/new-page-articlehow-to-help-the-environment-6-ways-you-can-get-involved' html='' success=False cleaned_html=None media={} links={} downloaded_files=None screenshot=None pdf=None markdown=None markdown_v2=None fit_markdown=None fit_html=None extracted_content=None metadata=None error_message='Unexpected error in _crawl_web at line 1205 in _crawl_web (../../.pyenv/versions/3.12.6/lib/python3.12/site-packages/crawl4ai/async_crawler_strategy.py):\nError: Failed on navigating ACS-GOTO:\nPage.goto: Timeout 10000ms exceeded.\nCall log:\n  - navigating to "https://www.bolton.ac.uk/blogs/new-page-articlehow-to-help-the-environment-6-ways-you-can-get-involved", waiting until "domcontentloaded"\n\n\nCode context:\n1200   \n1201                       response = await page.goto(\n1202                           url, wait_until=config.wait_until, timeout=config.page_timeout\n1203                       )\n1204                   except Error as e:\n1205 →                     raise RuntimeError(f"Failed on navigating ACS-GOTO:\\n{str(e)}")\n1206   \n1207                   await self.execute_hook("after_goto", page, context=context, url=url, response=response)\n1208   \n1209                   if response is None:\n1210                       status_code = 200' session_id=None response_headers=None status_code=None ssl_certificate=None


Failed to crawl: https://www.bolton.ac.uk/blogs/the-future-of-civil-engineering-sustainability-matters
Result: url='https://www.bolton.ac.uk/blogs/the-future-of-civil-engineering-sustainability-matters' html='' success=False cleaned_html=None media={} links={} downloaded_files=None screenshot=None pdf=None markdown=None markdown_v2=None fit_markdown=None fit_html=None extracted_content=None metadata=None error_message='Unexpected error in _crawl_web at line 1205 in _crawl_web (../../.pyenv/versions/3.12.6/lib/python3.12/site-packages/crawl4ai/async_crawler_strategy.py):\nError: Failed on navigating ACS-GOTO:\nPage.goto: net::ERR_NAME_NOT_RESOLVED at https://www.bolton.ac.uk/blogs/the-future-of-civil-engineering-sustainability-matters\nCall log:\n  - navigating to "https://www.bolton.ac.uk/blogs/the-future-of-civil-engineering-sustainability-matters", waiting until "domcontentloaded"\n\n\nCode context:\n1200   \n1201                       response = await page.goto(\n1202                           url, wait_until=config.wait_until, timeout=config.page_timeout\n1203                       )\n1204                   except Error as e:\n1205 →                     raise RuntimeError(f"Failed on navigating ACS-GOTO:\\n{str(e)}")\n1206   \n1207                   await self.execute_hook("after_goto", page, context=context, url=url, response=response)\n1208   \n1209                   if response is None:\n1210                       status_code = 200' session_id=None response_headers=None status_code=None ssl_certificate=None


Failed to crawl: https://www.bolton.ac.uk/blogs/its-not-too-late-to-begin-your-biomedical-career
Result: url='https://www.bolton.ac.uk/blogs/its-not-too-late-to-begin-your-biomedical-career' html='' success=False cleaned_html=None media={} links={} downloaded_files=None screenshot=None pdf=None markdown=None markdown_v2=None fit_markdown=None fit_html=None extracted_content=None metadata=None error_message='Unexpected error in _crawl_web at line 1205 in _crawl_web (../../.pyenv/versions/3.12.6/lib/python3.12/site-packages/crawl4ai/async_crawler_strategy.py):\nError: Failed on navigating ACS-GOTO:\nPage.goto: Timeout 10000ms exceeded.\nCall log:\n  - navigating to "https://www.bolton.ac.uk/blogs/its-not-too-late-to-begin-your-biomedical-career", waiting until "domcontentloaded"\n\n\nCode context:\n1200   \n1201                       response = await page.goto(\n1202                           url, wait_until=config.wait_until, timeout=config.page_timeout\n1203                       )\n1204                   except Error as e:\n1205 →                     raise RuntimeError(f"Failed on navigating ACS-GOTO:\\n{str(e)}")\n1206   \n1207                   await self.execute_hook("after_goto", page, context=context, url=url, response=response)\n1208   \n1209                   if response is None:\n1210                       status_code = 200' session_id=None response_headers=None status_code=None ssl_certificate=None


Failed to crawl: https://www.bolton.ac.uk/blogs/the-three-ps-to-identifying-high-risk-crime-to-youths
Result: url='https://www.bolton.ac.uk/blogs/the-three-ps-to-identifying-high-risk-crime-to-youths' html='' success=False cleaned_html=None media={} links={} downloaded_files=None screenshot=None pdf=None markdown=None markdown_v2=None fit_markdown=None fit_html=None extracted_content=None metadata=None error_message='Unexpected error in _crawl_web at line 1205 in _crawl_web (../../.pyenv/versions/3.12.6/lib/python3.12/site-packages/crawl4ai/async_crawler_strategy.py):\nError: Failed on navigating ACS-GOTO:\nPage.goto: Timeout 10000ms exceeded.\nCall log:\n  - navigating to "https://www.bolton.ac.uk/blogs/the-three-ps-to-identifying-high-risk-crime-to-youths", waiting until "domcontentloaded"\n\n\nCode context:\n1200   \n1201                       response = await page.goto(\n1202                           url, wait_until=config.wait_until, timeout=config.page_timeout\n1203                       )\n1204                   except Error as e:\n1205 →                     raise RuntimeError(f"Failed on navigating ACS-GOTO:\\n{str(e)}")\n1206   \n1207                   await self.execute_hook("after_goto", page, context=context, url=url, response=response)\n1208   \n1209                   if response is None:\n1210                       status_code = 200' session_id=None response_headers=None status_code=None ssl_certificate=None


Failed to crawl: https://www.bolton.ac.uk/blogs/community-development-how-community-spirit-has-lifted-the-nation-in-recent-times
Result: url='https://www.bolton.ac.uk/blogs/community-development-how-community-spirit-has-lifted-the-nation-in-recent-times' html='' success=False cleaned_html=None media={} links={} downloaded_files=None screenshot=None pdf=None markdown=None markdown_v2=None fit_markdown=None fit_html=None extracted_content=None metadata=None error_message='Unexpected error in _crawl_web at line 1205 in _crawl_web (../../.pyenv/versions/3.12.6/lib/python3.12/site-packages/crawl4ai/async_crawler_strategy.py):\nError: Failed on navigating ACS-GOTO:\nPage.goto: Timeout 10000ms exceeded.\nCall log:\n  - navigating to "https://www.bolton.ac.uk/blogs/community-development-how-community-spirit-has-lifted-the-nation-in-recent-times", waiting until "domcontentloaded"\n\n\nCode context:\n1200   \n1201                       response = await page.goto(\n1202                           url, wait_until=config.wait_until, timeout=config.page_timeout\n1203                       )\n1204                   except Error as e:\n1205 →                     raise RuntimeError(f"Failed on navigating ACS-GOTO:\\n{str(e)}")\n1206   \n1207                   await self.execute_hook("after_goto", page, context=context, url=url, response=response)\n1208   \n1209                   if response is None:\n1210                       status_code = 200' session_id=None response_headers=None status_code=None ssl_certificate=None


Failed to crawl: https://www.bolton.ac.uk/blogs/inspiring-others-as-a-youth-and-community-volunteer
Result: url='https://www.bolton.ac.uk/blogs/inspiring-others-as-a-youth-and-community-volunteer' html='' success=False cleaned_html=None media={} links={} downloaded_files=None screenshot=None pdf=None markdown=None markdown_v2=None fit_markdown=None fit_html=None extracted_content=None metadata=None error_message='Unexpected error in _crawl_web at line 1205 in _crawl_web (../../.pyenv/versions/3.12.6/lib/python3.12/site-packages/crawl4ai/async_crawler_strategy.py):\nError: Failed on navigating ACS-GOTO:\nPage.goto: Timeout 10000ms exceeded.\nCall log:\n  - navigating to "https://www.bolton.ac.uk/blogs/inspiring-others-as-a-youth-and-community-volunteer", waiting until "domcontentloaded"\n\n\nCode context:\n1200   \n1201                       response = await page.goto(\n1202                           url, wait_until=config.wait_until, timeout=config.page_timeout\n1203                       )\n1204                   except Error as e:\n1205 →                     raise RuntimeError(f"Failed on navigating ACS-GOTO:\\n{str(e)}")\n1206   \n1207                   await self.execute_hook("after_goto", page, context=context, url=url, response=response)\n1208   \n1209                   if response is None:\n1210                       status_code = 200' session_id=None response_headers=None status_code=None ssl_certificate=None


Failed to crawl: https://www.bolton.ac.uk/blogs/teams-fringe-benefits-community-development-and-youth-work
Result: url='https://www.bolton.ac.uk/blogs/teams-fringe-benefits-community-development-and-youth-work' html='' success=False cleaned_html=None media={} links={} downloaded_files=None screenshot=None pdf=None markdown=None markdown_v2=None fit_markdown=None fit_html=None extracted_content=None metadata=None error_message='Unexpected error in _crawl_web at line 1205 in _crawl_web (../../.pyenv/versions/3.12.6/lib/python3.12/site-packages/crawl4ai/async_crawler_strategy.py):\nError: Failed on navigating ACS-GOTO:\nPage.goto: Timeout 10000ms exceeded.\nCall log:\n  - navigating to "https://www.bolton.ac.uk/blogs/teams-fringe-benefits-community-development-and-youth-work", waiting until "domcontentloaded"\n\n\nCode context:\n1200   \n1201                       response = await page.goto(\n1202                           url, wait_until=config.wait_until, timeout=config.page_timeout\n1203                       )\n1204                   except Error as e:\n1205 →                     raise RuntimeError(f"Failed on navigating ACS-GOTO:\\n{str(e)}")\n1206   \n1207                   await self.execute_hook("after_goto", page, context=context, url=url, response=response)\n1208   \n1209                   if response is None:\n1210                       status_code = 200' session_id=None response_headers=None status_code=None ssl_certificate=None


Failed to crawl: https://www.bolton.ac.uk/blogs/embracing-a-technological-world-powered-by-ai
Result: url='https://www.bolton.ac.uk/blogs/embracing-a-technological-world-powered-by-ai' html='' success=False cleaned_html=None media={} links={} downloaded_files=None screenshot=None pdf=None markdown=None markdown_v2=None fit_markdown=None fit_html=None extracted_content=None metadata=None error_message='Unexpected error in _crawl_web at line 1205 in _crawl_web (../../.pyenv/versions/3.12.6/lib/python3.12/site-packages/crawl4ai/async_crawler_strategy.py):\nError: Failed on navigating ACS-GOTO:\nPage.goto: Timeout 10000ms exceeded.\nCall log:\n  - navigating to "https://www.bolton.ac.uk/blogs/embracing-a-technological-world-powered-by-ai", waiting until "domcontentloaded"\n\n\nCode context:\n1200   \n1201                       response = await page.goto(\n1202                           url, wait_until=config.wait_until, timeout=config.page_timeout\n1203                       )\n1204                   except Error as e:\n1205 →                     raise RuntimeError(f"Failed on navigating ACS-GOTO:\\n{str(e)}")\n1206   \n1207                   await self.execute_hook("after_goto", page, context=context, url=url, response=response)\n1208   \n1209                   if response is None:\n1210                       status_code = 200' session_id=None response_headers=None status_code=None ssl_certificate=None


Failed to crawl: https://www.bolton.ac.uk/blogs/what-is-artificial-intelligence
Result: url='https://www.bolton.ac.uk/blogs/what-is-artificial-intelligence' html='' success=False cleaned_html=None media={} links={} downloaded_files=None screenshot=None pdf=None markdown=None markdown_v2=None fit_markdown=None fit_html=None extracted_content=None metadata=None error_message='Unexpected error in _crawl_web at line 1205 in _crawl_web (../../.pyenv/versions/3.12.6/lib/python3.12/site-packages/crawl4ai/async_crawler_strategy.py):\nError: Failed on navigating ACS-GOTO:\nPage.goto: Timeout 10000ms exceeded.\nCall log:\n  - navigating to "https://www.bolton.ac.uk/blogs/what-is-artificial-intelligence", waiting until "domcontentloaded"\n\n\nCode context:\n1200   \n1201                       response = await page.goto(\n1202                           url, wait_until=config.wait_until, timeout=config.page_timeout\n1203                       )\n1204                   except Error as e:\n1205 →                     raise RuntimeError(f"Failed on navigating ACS-GOTO:\\n{str(e)}")\n1206   \n1207                   await self.execute_hook("after_goto", page, context=context, url=url, response=response)\n1208   \n1209                   if response is None:\n1210                       status_code = 200' session_id=None response_headers=None status_code=None ssl_certificate=None


Failed to crawl: https://www.bolton.ac.uk/blogs/five-hidden-gems-for-software-engineering-students
Result: url='https://www.bolton.ac.uk/blogs/five-hidden-gems-for-software-engineering-students' html='' success=False cleaned_html=None media={} links={} downloaded_files=None screenshot=None pdf=None markdown=None markdown_v2=None fit_markdown=None fit_html=None extracted_content=None metadata=None error_message='Unexpected error in _crawl_web at line 1205 in _crawl_web (../../.pyenv/versions/3.12.6/lib/python3.12/site-packages/crawl4ai/async_crawler_strategy.py):\nError: Failed on navigating ACS-GOTO:\nPage.goto: Timeout 10000ms exceeded.\nCall log:\n  - navigating to "https://www.bolton.ac.uk/blogs/five-hidden-gems-for-software-engineering-students", waiting until "domcontentloaded"\n\n\nCode context:\n1200   \n1201                       response = await page.goto(\n1202                           url, wait_until=config.wait_until, timeout=config.page_timeout\n1203                       )\n1204                   except Error as e:\n1205 →                     raise RuntimeError(f"Failed on navigating ACS-GOTO:\\n{str(e)}")\n1206   \n1207                   await self.execute_hook("after_goto", page, context=context, url=url, response=response)\n1208   \n1209                   if response is None:\n1210                       status_code = 200' session_id=None response_headers=None status_code=None ssl_certificate=None


Failed to crawl: https://www.bolton.ac.uk/blogs/the-role-of-ethical-hacking-in-cybersecurity
Result: url='https://www.bolton.ac.uk/blogs/the-role-of-ethical-hacking-in-cybersecurity' html='' success=False cleaned_html=None media={} links={} downloaded_files=None screenshot=None pdf=None markdown=None markdown_v2=None fit_markdown=None fit_html=None extracted_content=None metadata=None error_message='Unexpected error in _crawl_web at line 1205 in _crawl_web (../../.pyenv/versions/3.12.6/lib/python3.12/site-packages/crawl4ai/async_crawler_strategy.py):\nError: Failed on navigating ACS-GOTO:\nPage.goto: Timeout 10000ms exceeded.\nCall log:\n  - navigating to "https://www.bolton.ac.uk/blogs/the-role-of-ethical-hacking-in-cybersecurity", waiting until "domcontentloaded"\n\n\nCode context:\n1200   \n1201                       response = await page.goto(\n1202                           url, wait_until=config.wait_until, timeout=config.page_timeout\n1203                       )\n1204                   except Error as e:\n1205 →                     raise RuntimeError(f"Failed on navigating ACS-GOTO:\\n{str(e)}")\n1206   \n1207                   await self.execute_hook("after_goto", page, context=context, url=url, response=response)\n1208   \n1209                   if response is None:\n1210                       status_code = 200' session_id=None response_headers=None status_code=None ssl_certificate=None


Failed to crawl: https://www.bolton.ac.uk/blogs/the-case-for-artificial-intelligence-in-art
Result: url='https://www.bolton.ac.uk/blogs/the-case-for-artificial-intelligence-in-art' html='' success=False cleaned_html=None media={} links={} downloaded_files=None screenshot=None pdf=None markdown=None markdown_v2=None fit_markdown=None fit_html=None extracted_content=None metadata=None error_message='Unexpected error in _crawl_web at line 1205 in _crawl_web (../../.pyenv/versions/3.12.6/lib/python3.12/site-packages/crawl4ai/async_crawler_strategy.py):\nError: Failed on navigating ACS-GOTO:\nPage.goto: Timeout 10000ms exceeded.\nCall log:\n  - navigating to "https://www.bolton.ac.uk/blogs/the-case-for-artificial-intelligence-in-art", waiting until "domcontentloaded"\n\n\nCode context:\n1200   \n1201                       response = await page.goto(\n1202                           url, wait_until=config.wait_until, timeout=config.page_timeout\n1203                       )\n1204                   except Error as e:\n1205 →                     raise RuntimeError(f"Failed on navigating ACS-GOTO:\\n{str(e)}")\n1206   \n1207                   await self.execute_hook("after_goto", page, context=context, url=url, response=response)\n1208   \n1209                   if response is None:\n1210                       status_code = 200' session_id=None response_headers=None status_code=None ssl_certificate=None


Failed to crawl: https://www.bolton.ac.uk/blogs/3-big-technologies-to-look-out-for-in-2023
Result: url='https://www.bolton.ac.uk/blogs/3-big-technologies-to-look-out-for-in-2023' html='' success=False cleaned_html=None media={} links={} downloaded_files=None screenshot=None pdf=None markdown=None markdown_v2=None fit_markdown=None fit_html=None extracted_content=None metadata=None error_message='Unexpected error in _crawl_web at line 1205 in _crawl_web (../../.pyenv/versions/3.12.6/lib/python3.12/site-packages/crawl4ai/async_crawler_strategy.py):\nError: Failed on navigating ACS-GOTO:\nPage.goto: Timeout 10000ms exceeded.\nCall log:\n  - navigating to "https://www.bolton.ac.uk/blogs/3-big-technologies-to-look-out-for-in-2023", waiting until "domcontentloaded"\n\n\nCode context:\n1200   \n1201                       response = await page.goto(\n1202                           url, wait_until=config.wait_until, timeout=config.page_timeout\n1203                       )\n1204                   except Error as e:\n1205 →                     raise RuntimeError(f"Failed on navigating ACS-GOTO:\\n{str(e)}")\n1206   \n1207                   await self.execute_hook("after_goto", page, context=context, url=url, response=response)\n1208   \n1209                   if response is None:\n1210                       status_code = 200' session_id=None response_headers=None status_code=None ssl_certificate=None


Failed to crawl: https://www.bolton.ac.uk/blogs/masters-in-software-engineering-how-to-get-hired
Result: url='https://www.bolton.ac.uk/blogs/masters-in-software-engineering-how-to-get-hired' html='' success=False cleaned_html=None media={} links={} downloaded_files=None screenshot=None pdf=None markdown=None markdown_v2=None fit_markdown=None fit_html=None extracted_content=None metadata=None error_message='Unexpected error in _crawl_web at line 1205 in _crawl_web (../../.pyenv/versions/3.12.6/lib/python3.12/site-packages/crawl4ai/async_crawler_strategy.py):\nError: Failed on navigating ACS-GOTO:\nPage.goto: Timeout 10000ms exceeded.\nCall log:\n  - navigating to "https://www.bolton.ac.uk/blogs/masters-in-software-engineering-how-to-get-hired", waiting until "domcontentloaded"\n\n\nCode context:\n1200   \n1201                       response = await page.goto(\n1202                           url, wait_until=config.wait_until, timeout=config.page_timeout\n1203                       )\n1204                   except Error as e:\n1205 →                     raise RuntimeError(f"Failed on navigating ACS-GOTO:\\n{str(e)}")\n1206   \n1207                   await self.execute_hook("after_goto", page, context=context, url=url, response=response)\n1208   \n1209                   if response is None:\n1210                       status_code = 200' session_id=None response_headers=None status_code=None ssl_certificate=None


Failed to crawl: https://www.bolton.ac.uk/blogs/today-is-world-computer-literacy-day
Result: url='https://www.bolton.ac.uk/blogs/today-is-world-computer-literacy-day' html='' success=False cleaned_html=None media={} links={} downloaded_files=None screenshot=None pdf=None markdown=None markdown_v2=None fit_markdown=None fit_html=None extracted_content=None metadata=None error_message='Unexpected error in _crawl_web at line 1205 in _crawl_web (../../.pyenv/versions/3.12.6/lib/python3.12/site-packages/crawl4ai/async_crawler_strategy.py):\nError: Failed on navigating ACS-GOTO:\nPage.goto: Timeout 10000ms exceeded.\nCall log:\n  - navigating to "https://www.bolton.ac.uk/blogs/today-is-world-computer-literacy-day", waiting until "domcontentloaded"\n\n\nCode context:\n1200   \n1201                       response = await page.goto(\n1202                           url, wait_until=config.wait_until, timeout=config.page_timeout\n1203                       )\n1204                   except Error as e:\n1205 →                     raise RuntimeError(f"Failed on navigating ACS-GOTO:\\n{str(e)}")\n1206   \n1207                   await self.execute_hook("after_goto", page, context=context, url=url, response=response)\n1208   \n1209                   if response is None:\n1210                       status_code = 200' session_id=None response_headers=None status_code=None ssl_certificate=None


Failed to crawl: https://www.bolton.ac.uk/blogs/what-are-the-best-paid-computer-science-jobs
Result: url='https://www.bolton.ac.uk/blogs/what-are-the-best-paid-computer-science-jobs' html='' success=False cleaned_html=None media={} links={} downloaded_files=None screenshot=None pdf=None markdown=None markdown_v2=None fit_markdown=None fit_html=None extracted_content=None metadata=None error_message='Unexpected error in _crawl_web at line 1205 in _crawl_web (../../.pyenv/versions/3.12.6/lib/python3.12/site-packages/crawl4ai/async_crawler_strategy.py):\nError: Failed on navigating ACS-GOTO:\nPage.goto: Timeout 10000ms exceeded.\nCall log:\n  - navigating to "https://www.bolton.ac.uk/blogs/what-are-the-best-paid-computer-science-jobs", waiting until "domcontentloaded"\n\n\nCode context:\n1200   \n1201                       response = await page.goto(\n1202                           url, wait_until=config.wait_until, timeout=config.page_timeout\n1203                       )\n1204                   except Error as e:\n1205 →                     raise RuntimeError(f"Failed on navigating ACS-GOTO:\\n{str(e)}")\n1206   \n1207                   await self.execute_hook("after_goto", page, context=context, url=url, response=response)\n1208   \n1209                   if response is None:\n1210                       status_code = 200' session_id=None response_headers=None status_code=None ssl_certificate=None


Failed to crawl: https://www.bolton.ac.uk/blogs/how-to-be-successful-in-computing
Result: url='https://www.bolton.ac.uk/blogs/how-to-be-successful-in-computing' html='' success=False cleaned_html=None media={} links={} downloaded_files=None screenshot=None pdf=None markdown=None markdown_v2=None fit_markdown=None fit_html=None extracted_content=None metadata=None error_message='Unexpected error in _crawl_web at line 1205 in _crawl_web (../../.pyenv/versions/3.12.6/lib/python3.12/site-packages/crawl4ai/async_crawler_strategy.py):\nError: Failed on navigating ACS-GOTO:\nPage.goto: Timeout 10000ms exceeded.\nCall log:\n  - navigating to "https://www.bolton.ac.uk/blogs/how-to-be-successful-in-computing", waiting until "domcontentloaded"\n\n\nCode context:\n1200   \n1201                       response = await page.goto(\n1202                           url, wait_until=config.wait_until, timeout=config.page_timeout\n1203                       )\n1204                   except Error as e:\n1205 →                     raise RuntimeError(f"Failed on navigating ACS-GOTO:\\n{str(e)}")\n1206   \n1207                   await self.execute_hook("after_goto", page, context=context, url=url, response=response)\n1208   \n1209                   if response is None:\n1210                       status_code = 200' session_id=None response_headers=None status_code=None ssl_certificate=None


Failed to crawl: https://www.bolton.ac.uk/blogs/what-are-the-most-in-demand-cyber-security-jobs-right-now
Result: url='https://www.bolton.ac.uk/blogs/what-are-the-most-in-demand-cyber-security-jobs-right-now' html='' success=False cleaned_html=None media={} links={} downloaded_files=None screenshot=None pdf=None markdown=None markdown_v2=None fit_markdown=None fit_html=None extracted_content=None metadata=None error_message='Unexpected error in _crawl_web at line 1205 in _crawl_web (../../.pyenv/versions/3.12.6/lib/python3.12/site-packages/crawl4ai/async_crawler_strategy.py):\nError: Failed on navigating ACS-GOTO:\nPage.goto: Timeout 10000ms exceeded.\nCall log:\n  - navigating to "https://www.bolton.ac.uk/blogs/what-are-the-most-in-demand-cyber-security-jobs-right-now", waiting until "domcontentloaded"\n\n\nCode context:\n1200   \n1201                       response = await page.goto(\n1202                           url, wait_until=config.wait_until, timeout=config.page_timeout\n1203                       )\n1204                   except Error as e:\n1205 →                     raise RuntimeError(f"Failed on navigating ACS-GOTO:\\n{str(e)}")\n1206   \n1207                   await self.execute_hook("after_goto", page, context=context, url=url, response=response)\n1208   \n1209                   if response is None:\n1210                       status_code = 200' session_id=None response_headers=None status_code=None ssl_certificate=None


Failed to crawl: https://www.bolton.ac.uk/blogs/what-jobs-can-you-get-with-a-computing-degree
Result: url='https://www.bolton.ac.uk/blogs/what-jobs-can-you-get-with-a-computing-degree' html='' success=False cleaned_html=None media={} links={} downloaded_files=None screenshot=None pdf=None markdown=None markdown_v2=None fit_markdown=None fit_html=None extracted_content=None metadata=None error_message='Unexpected error in _crawl_web at line 1205 in _crawl_web (../../.pyenv/versions/3.12.6/lib/python3.12/site-packages/crawl4ai/async_crawler_strategy.py):\nError: Failed on navigating ACS-GOTO:\nPage.goto: Timeout 10000ms exceeded.\nCall log:\n  - navigating to "https://www.bolton.ac.uk/blogs/what-jobs-can-you-get-with-a-computing-degree", waiting until "domcontentloaded"\n\n\nCode context:\n1200   \n1201                       response = await page.goto(\n1202                           url, wait_until=config.wait_until, timeout=config.page_timeout\n1203                       )\n1204                   except Error as e:\n1205 →                     raise RuntimeError(f"Failed on navigating ACS-GOTO:\\n{str(e)}")\n1206   \n1207                   await self.execute_hook("after_goto", page, context=context, url=url, response=response)\n1208   \n1209                   if response is None:\n1210                       status_code = 200' session_id=None response_headers=None status_code=None ssl_certificate=None


Failed to crawl: https://www.bolton.ac.uk/blogs/how-to-choose-the-right-computing-degree
Result: url='https://www.bolton.ac.uk/blogs/how-to-choose-the-right-computing-degree' html='' success=False cleaned_html=None media={} links={} downloaded_files=None screenshot=None pdf=None markdown=None markdown_v2=None fit_markdown=None fit_html=None extracted_content=None metadata=None error_message='Unexpected error in _crawl_web at line 1205 in _crawl_web (../../.pyenv/versions/3.12.6/lib/python3.12/site-packages/crawl4ai/async_crawler_strategy.py):\nError: Failed on navigating ACS-GOTO:\nPage.goto: Timeout 10000ms exceeded.\nCall log:\n  - navigating to "https://www.bolton.ac.uk/blogs/how-to-choose-the-right-computing-degree", waiting until "domcontentloaded"\n\n\nCode context:\n1200   \n1201                       response = await page.goto(\n1202                           url, wait_until=config.wait_until, timeout=config.page_timeout\n1203                       )\n1204                   except Error as e:\n1205 →                     raise RuntimeError(f"Failed on navigating ACS-GOTO:\\n{str(e)}")\n1206   \n1207                   await self.execute_hook("after_goto", page, context=context, url=url, response=response)\n1208   \n1209                   if response is None:\n1210                       status_code = 200' session_id=None response_headers=None status_code=None ssl_certificate=None


Failed to crawl: https://www.bolton.ac.uk/blogs/top-perks-of-building-your-career-in-cloud
Result: url='https://www.bolton.ac.uk/blogs/top-perks-of-building-your-career-in-cloud' html='' success=False cleaned_html=None media={} links={} downloaded_files=None screenshot=None pdf=None markdown=None markdown_v2=None fit_markdown=None fit_html=None extracted_content=None metadata=None error_message='Unexpected error in _crawl_web at line 1205 in _crawl_web (../../.pyenv/versions/3.12.6/lib/python3.12/site-packages/crawl4ai/async_crawler_strategy.py):\nError: Failed on navigating ACS-GOTO:\nPage.goto: Timeout 10000ms exceeded.\nCall log:\n  - navigating to "https://www.bolton.ac.uk/blogs/top-perks-of-building-your-career-in-cloud", waiting until "domcontentloaded"\n\n\nCode context:\n1200   \n1201                       response = await page.goto(\n1202                           url, wait_until=config.wait_until, timeout=config.page_timeout\n1203                       )\n1204                   except Error as e:\n1205 →                     raise RuntimeError(f"Failed on navigating ACS-GOTO:\\n{str(e)}")\n1206   \n1207                   await self.execute_hook("after_goto", page, context=context, url=url, response=response)\n1208   \n1209                   if response is None:\n1210                       status_code = 200' session_id=None response_headers=None status_code=None ssl_certificate=None


Failed to crawl: https://www.bolton.ac.uk/blogs/software-engineer-courses-why-choose-the-university-of-bolton
Result: url='https://www.bolton.ac.uk/blogs/software-engineer-courses-why-choose-the-university-of-bolton' html='' success=False cleaned_html=None media={} links={} downloaded_files=None screenshot=None pdf=None markdown=None markdown_v2=None fit_markdown=None fit_html=None extracted_content=None metadata=None error_message='Unexpected error in _crawl_web at line 1205 in _crawl_web (../../.pyenv/versions/3.12.6/lib/python3.12/site-packages/crawl4ai/async_crawler_strategy.py):\nError: Failed on navigating ACS-GOTO:\nPage.goto: Timeout 10000ms exceeded.\nCall log:\n  - navigating to "https://www.bolton.ac.uk/blogs/software-engineer-courses-why-choose-the-university-of-bolton", waiting until "domcontentloaded"\n\n\nCode context:\n1200   \n1201                       response = await page.goto(\n1202                           url, wait_until=config.wait_until, timeout=config.page_timeout\n1203                       )\n1204                   except Error as e:\n1205 →                     raise RuntimeError(f"Failed on navigating ACS-GOTO:\\n{str(e)}")\n1206   \n1207                   await self.execute_hook("after_goto", page, context=context, url=url, response=response)\n1208   \n1209                   if response is None:\n1210                       status_code = 200' session_id=None response_headers=None status_code=None ssl_certificate=None


Failed to crawl: https://www.bolton.ac.uk/blogs/cloud-spending-booms-in-2021-the-future-proofed-cloud-computing-career-path
Result: url='https://www.bolton.ac.uk/blogs/cloud-spending-booms-in-2021-the-future-proofed-cloud-computing-career-path' html='' success=False cleaned_html=None media={} links={} downloaded_files=None screenshot=None pdf=None markdown=None markdown_v2=None fit_markdown=None fit_html=None extracted_content=None metadata=None error_message='Unexpected error in _crawl_web at line 1205 in _crawl_web (../../.pyenv/versions/3.12.6/lib/python3.12/site-packages/crawl4ai/async_crawler_strategy.py):\nError: Failed on navigating ACS-GOTO:\nPage.goto: Timeout 10000ms exceeded.\nCall log:\n  - navigating to "https://www.bolton.ac.uk/blogs/cloud-spending-booms-in-2021-the-future-proofed-cloud-computing-career-path", waiting until "domcontentloaded"\n\n\nCode context:\n1200   \n1201                       response = await page.goto(\n1202                           url, wait_until=config.wait_until, timeout=config.page_timeout\n1203                       )\n1204                   except Error as e:\n1205 →                     raise RuntimeError(f"Failed on navigating ACS-GOTO:\\n{str(e)}")\n1206   \n1207                   await self.execute_hook("after_goto", page, context=context, url=url, response=response)\n1208   \n1209                   if response is None:\n1210                       status_code = 200' session_id=None response_headers=None status_code=None ssl_certificate=None


Failed to crawl: https://www.bolton.ac.uk/blogs/become-a-highly-successful-software-engineer-with-personal-development
Result: url='https://www.bolton.ac.uk/blogs/become-a-highly-successful-software-engineer-with-personal-development' html='' success=False cleaned_html=None media={} links={} downloaded_files=None screenshot=None pdf=None markdown=None markdown_v2=None fit_markdown=None fit_html=None extracted_content=None metadata=None error_message='Unexpected error in _crawl_web at line 1246 in _crawl_web (../../.pyenv/versions/3.12.6/lib/python3.12/site-packages/crawl4ai/async_crawler_strategy.py):\nError: \'AsyncPlaywrightCrawlerStrategy\' object has no attribute \'config\'\n\nCode context:\n1241                       raise Error(f"Body element is hidden: {visibility_info}")\n1242   \n1243               except Error as e:\n1244                   visibility_info = await self.check_visibility(page)\n1245   \n1246 →                 if self.config.verbose:\n1247                       self.logger.debug(\n1248                           message="Body visibility info: {info}",\n1249                           tag="DEBUG",\n1250                           params={"info": visibility_info},\n1251                       )' session_id=None response_headers=None status_code=None ssl_certificate=None


Failed to crawl: https://www.bolton.ac.uk/blogs/take-your-career-to-the-cloud-with-the-remote-msc-cloud-and-network-security-course
Result: url='https://www.bolton.ac.uk/blogs/take-your-career-to-the-cloud-with-the-remote-msc-cloud-and-network-security-course' html='' success=False cleaned_html=None media={} links={} downloaded_files=None screenshot=None pdf=None markdown=None markdown_v2=None fit_markdown=None fit_html=None extracted_content=None metadata=None error_message='Unexpected error in _crawl_web at line 1205 in _crawl_web (../../.pyenv/versions/3.12.6/lib/python3.12/site-packages/crawl4ai/async_crawler_strategy.py):\nError: Failed on navigating ACS-GOTO:\nPage.goto: Timeout 10000ms exceeded.\nCall log:\n  - navigating to "https://www.bolton.ac.uk/blogs/take-your-career-to-the-cloud-with-the-remote-msc-cloud-and-network-security-course", waiting until "domcontentloaded"\n\n\nCode context:\n1200   \n1201                       response = await page.goto(\n1202                           url, wait_until=config.wait_until, timeout=config.page_timeout\n1203                       )\n1204                   except Error as e:\n1205 →                     raise RuntimeError(f"Failed on navigating ACS-GOTO:\\n{str(e)}")\n1206   \n1207                   await self.execute_hook("after_goto", page, context=context, url=url, response=response)\n1208   \n1209                   if response is None:\n1210                       status_code = 200' session_id=None response_headers=None status_code=None ssl_certificate=None


Failed to crawl: https://www.bolton.ac.uk/blogs/looking-for-a-career-path-get-a-degree-in-computing
Result: url='https://www.bolton.ac.uk/blogs/looking-for-a-career-path-get-a-degree-in-computing' html='' success=False cleaned_html=None media={} links={} downloaded_files=None screenshot=None pdf=None markdown=None markdown_v2=None fit_markdown=None fit_html=None extracted_content=None metadata=None error_message='Unexpected error in _crawl_web at line 1205 in _crawl_web (../../.pyenv/versions/3.12.6/lib/python3.12/site-packages/crawl4ai/async_crawler_strategy.py):\nError: Failed on navigating ACS-GOTO:\nPage.goto: Timeout 10000ms exceeded.\nCall log:\n  - navigating to "https://www.bolton.ac.uk/blogs/looking-for-a-career-path-get-a-degree-in-computing", waiting until "domcontentloaded"\n\n\nCode context:\n1200   \n1201                       response = await page.goto(\n1202                           url, wait_until=config.wait_until, timeout=config.page_timeout\n1203                       )\n1204                   except Error as e:\n1205 →                     raise RuntimeError(f"Failed on navigating ACS-GOTO:\\n{str(e)}")\n1206   \n1207                   await self.execute_hook("after_goto", page, context=context, url=url, response=response)\n1208   \n1209                   if response is None:\n1210                       status_code = 200' session_id=None response_headers=None status_code=None ssl_certificate=None


Failed to crawl: https://www.bolton.ac.uk/blogs/what-a-career-in-computing-looks-like
Result: url='https://www.bolton.ac.uk/blogs/what-a-career-in-computing-looks-like' html='' success=False cleaned_html=None media={} links={} downloaded_files=None screenshot=None pdf=None markdown=None markdown_v2=None fit_markdown=None fit_html=None extracted_content=None metadata=None error_message='Unexpected error in _crawl_web at line 1205 in _crawl_web (../../.pyenv/versions/3.12.6/lib/python3.12/site-packages/crawl4ai/async_crawler_strategy.py):\nError: Failed on navigating ACS-GOTO:\nPage.goto: Timeout 10000ms exceeded.\nCall log:\n  - navigating to "https://www.bolton.ac.uk/blogs/what-a-career-in-computing-looks-like", waiting until "domcontentloaded"\n\n\nCode context:\n1200   \n1201                       response = await page.goto(\n1202                           url, wait_until=config.wait_until, timeout=config.page_timeout\n1203                       )\n1204                   except Error as e:\n1205 →                     raise RuntimeError(f"Failed on navigating ACS-GOTO:\\n{str(e)}")\n1206   \n1207                   await self.execute_hook("after_goto", page, context=context, url=url, response=response)\n1208   \n1209                   if response is None:\n1210                       status_code = 200' session_id=None response_headers=None status_code=None ssl_certificate=None


Failed to crawl: https://www.bolton.ac.uk/blogs/which-internet-browser-should-you-use-to-protect-your-personal-information
Result: url='https://www.bolton.ac.uk/blogs/which-internet-browser-should-you-use-to-protect-your-personal-information' html='' success=False cleaned_html=None media={} links={} downloaded_files=None screenshot=None pdf=None markdown=None markdown_v2=None fit_markdown=None fit_html=None extracted_content=None metadata=None error_message='Unexpected error in _crawl_web at line 1205 in _crawl_web (../../.pyenv/versions/3.12.6/lib/python3.12/site-packages/crawl4ai/async_crawler_strategy.py):\nError: Failed on navigating ACS-GOTO:\nPage.goto: Timeout 10000ms exceeded.\nCall log:\n  - navigating to "https://www.bolton.ac.uk/blogs/which-internet-browser-should-you-use-to-protect-your-personal-information", waiting until "domcontentloaded"\n\n\nCode context:\n1200   \n1201                       response = await page.goto(\n1202                           url, wait_until=config.wait_until, timeout=config.page_timeout\n1203                       )\n1204                   except Error as e:\n1205 →                     raise RuntimeError(f"Failed on navigating ACS-GOTO:\\n{str(e)}")\n1206   \n1207                   await self.execute_hook("after_goto", page, context=context, url=url, response=response)\n1208   \n1209                   if response is None:\n1210                       status_code = 200' session_id=None response_headers=None status_code=None ssl_certificate=None


Failed to crawl: https://www.bolton.ac.uk/blogs/mac-vs-pc-the-computing-debate
Result: url='https://www.bolton.ac.uk/blogs/mac-vs-pc-the-computing-debate' html='' success=False cleaned_html=None media={} links={} downloaded_files=None screenshot=None pdf=None markdown=None markdown_v2=None fit_markdown=None fit_html=None extracted_content=None metadata=None error_message='Unexpected error in _crawl_web at line 1205 in _crawl_web (../../.pyenv/versions/3.12.6/lib/python3.12/site-packages/crawl4ai/async_crawler_strategy.py):\nError: Failed on navigating ACS-GOTO:\nPage.goto: Timeout 10000ms exceeded.\nCall log:\n  - navigating to "https://www.bolton.ac.uk/blogs/mac-vs-pc-the-computing-debate", waiting until "domcontentloaded"\n\n\nCode context:\n1200   \n1201                       response = await page.goto(\n1202                           url, wait_until=config.wait_until, timeout=config.page_timeout\n1203                       )\n1204                   except Error as e:\n1205 →                     raise RuntimeError(f"Failed on navigating ACS-GOTO:\\n{str(e)}")\n1206   \n1207                   await self.execute_hook("after_goto", page, context=context, url=url, response=response)\n1208   \n1209                   if response is None:\n1210                       status_code = 200' session_id=None response_headers=None status_code=None ssl_certificate=None


Failed to crawl: https://www.bolton.ac.uk/blogs/computing-software-that-has-seen-dramatic-increase-in-popularity
Result: url='https://www.bolton.ac.uk/blogs/computing-software-that-has-seen-dramatic-increase-in-popularity' html='' success=False cleaned_html=None media={} links={} downloaded_files=None screenshot=None pdf=None markdown=None markdown_v2=None fit_markdown=None fit_html=None extracted_content=None metadata=None error_message='Unexpected error in _crawl_web at line 1205 in _crawl_web (../../.pyenv/versions/3.12.6/lib/python3.12/site-packages/crawl4ai/async_crawler_strategy.py):\nError: Failed on navigating ACS-GOTO:\nPage.goto: Timeout 10000ms exceeded.\nCall log:\n  - navigating to "https://www.bolton.ac.uk/blogs/computing-software-that-has-seen-dramatic-increase-in-popularity", waiting until "domcontentloaded"\n\n\nCode context:\n1200   \n1201                       response = await page.goto(\n1202                           url, wait_until=config.wait_until, timeout=config.page_timeout\n1203                       )\n1204                   except Error as e:\n1205 →                     raise RuntimeError(f"Failed on navigating ACS-GOTO:\\n{str(e)}")\n1206   \n1207                   await self.execute_hook("after_goto", page, context=context, url=url, response=response)\n1208   \n1209                   if response is None:\n1210                       status_code = 200' session_id=None response_headers=None status_code=None ssl_certificate=None


Failed to crawl: https://www.bolton.ac.uk/blogs/what-can-i-do-with-a-computing-degree
Result: url='https://www.bolton.ac.uk/blogs/what-can-i-do-with-a-computing-degree' html='' success=False cleaned_html=None media={} links={} downloaded_files=None screenshot=None pdf=None markdown=None markdown_v2=None fit_markdown=None fit_html=None extracted_content=None metadata=None error_message='Unexpected error in _crawl_web at line 1205 in _crawl_web (../../.pyenv/versions/3.12.6/lib/python3.12/site-packages/crawl4ai/async_crawler_strategy.py):\nError: Failed on navigating ACS-GOTO:\nPage.goto: Timeout 10000ms exceeded.\nCall log:\n  - navigating to "https://www.bolton.ac.uk/blogs/what-can-i-do-with-a-computing-degree", waiting until "domcontentloaded"\n\n\nCode context:\n1200   \n1201                       response = await page.goto(\n1202                           url, wait_until=config.wait_until, timeout=config.page_timeout\n1203                       )\n1204                   except Error as e:\n1205 →                     raise RuntimeError(f"Failed on navigating ACS-GOTO:\\n{str(e)}")\n1206   \n1207                   await self.execute_hook("after_goto", page, context=context, url=url, response=response)\n1208   \n1209                   if response is None:\n1210                       status_code = 200' session_id=None response_headers=None status_code=None ssl_certificate=None


Failed to crawl: https://www.bolton.ac.uk/blogs/how-to-become-a-construction-manager-by-upskilling-2
Result: url='https://www.bolton.ac.uk/blogs/how-to-become-a-construction-manager-by-upskilling-2' html='' success=False cleaned_html=None media={} links={} downloaded_files=None screenshot=None pdf=None markdown=None markdown_v2=None fit_markdown=None fit_html=None extracted_content=None metadata=None error_message='Unexpected error in _crawl_web at line 1205 in _crawl_web (../../.pyenv/versions/3.12.6/lib/python3.12/site-packages/crawl4ai/async_crawler_strategy.py):\nError: Failed on navigating ACS-GOTO:\nPage.goto: Timeout 10000ms exceeded.\nCall log:\n  - navigating to "https://www.bolton.ac.uk/blogs/how-to-become-a-construction-manager-by-upskilling-2", waiting until "domcontentloaded"\n\n\nCode context:\n1200   \n1201                       response = await page.goto(\n1202                           url, wait_until=config.wait_until, timeout=config.page_timeout\n1203                       )\n1204                   except Error as e:\n1205 →                     raise RuntimeError(f"Failed on navigating ACS-GOTO:\\n{str(e)}")\n1206   \n1207                   await self.execute_hook("after_goto", page, context=context, url=url, response=response)\n1208   \n1209                   if response is None:\n1210                       status_code = 200' session_id=None response_headers=None status_code=None ssl_certificate=None


Failed to crawl: https://www.bolton.ac.uk/blogs/what-a-career-in-construction-looks-like
Result: url='https://www.bolton.ac.uk/blogs/what-a-career-in-construction-looks-like' html='' success=False cleaned_html=None media={} links={} downloaded_files=None screenshot=None pdf=None markdown=None markdown_v2=None fit_markdown=None fit_html=None extracted_content=None metadata=None error_message='Unexpected error in _crawl_web at line 1205 in _crawl_web (../../.pyenv/versions/3.12.6/lib/python3.12/site-packages/crawl4ai/async_crawler_strategy.py):\nError: Failed on navigating ACS-GOTO:\nPage.goto: Timeout 10000ms exceeded.\nCall log:\n  - navigating to "https://www.bolton.ac.uk/blogs/what-a-career-in-construction-looks-like", waiting until "domcontentloaded"\n\n\nCode context:\n1200   \n1201                       response = await page.goto(\n1202                           url, wait_until=config.wait_until, timeout=config.page_timeout\n1203                       )\n1204                   except Error as e:\n1205 →                     raise RuntimeError(f"Failed on navigating ACS-GOTO:\\n{str(e)}")\n1206   \n1207                   await self.execute_hook("after_goto", page, context=context, url=url, response=response)\n1208   \n1209                   if response is None:\n1210                       status_code = 200' session_id=None response_headers=None status_code=None ssl_certificate=None


Failed to crawl: https://www.bolton.ac.uk/blogs/unconventional-homes-around-the-world
Result: url='https://www.bolton.ac.uk/blogs/unconventional-homes-around-the-world' html='' success=False cleaned_html=None media={} links={} downloaded_files=None screenshot=None pdf=None markdown=None markdown_v2=None fit_markdown=None fit_html=None extracted_content=None metadata=None error_message='Unexpected error in _crawl_web at line 1205 in _crawl_web (../../.pyenv/versions/3.12.6/lib/python3.12/site-packages/crawl4ai/async_crawler_strategy.py):\nError: Failed on navigating ACS-GOTO:\nPage.goto: Timeout 10000ms exceeded.\nCall log:\n  - navigating to "https://www.bolton.ac.uk/blogs/unconventional-homes-around-the-world", waiting until "domcontentloaded"\n\n\nCode context:\n1200   \n1201                       response = await page.goto(\n1202                           url, wait_until=config.wait_until, timeout=config.page_timeout\n1203                       )\n1204                   except Error as e:\n1205 →                     raise RuntimeError(f"Failed on navigating ACS-GOTO:\\n{str(e)}")\n1206   \n1207                   await self.execute_hook("after_goto", page, context=context, url=url, response=response)\n1208   \n1209                   if response is None:\n1210                       status_code = 200' session_id=None response_headers=None status_code=None ssl_certificate=None


Failed to crawl: https://www.bolton.ac.uk/blogs/five-celebrities-who-also-trained-as-police-officers
Result: url='https://www.bolton.ac.uk/blogs/five-celebrities-who-also-trained-as-police-officers' html='' success=False cleaned_html=None media={} links={} downloaded_files=None screenshot=None pdf=None markdown=None markdown_v2=None fit_markdown=None fit_html=None extracted_content=None metadata=None error_message='Unexpected error in _crawl_web at line 1205 in _crawl_web (../../.pyenv/versions/3.12.6/lib/python3.12/site-packages/crawl4ai/async_crawler_strategy.py):\nError: Failed on navigating ACS-GOTO:\nPage.goto: Timeout 10000ms exceeded.\nCall log:\n  - navigating to "https://www.bolton.ac.uk/blogs/five-celebrities-who-also-trained-as-police-officers", waiting until "domcontentloaded"\n\n\nCode context:\n1200   \n1201                       response = await page.goto(\n1202                           url, wait_until=config.wait_until, timeout=config.page_timeout\n1203                       )\n1204                   except Error as e:\n1205 →                     raise RuntimeError(f"Failed on navigating ACS-GOTO:\\n{str(e)}")\n1206   \n1207                   await self.execute_hook("after_goto", page, context=context, url=url, response=response)\n1208   \n1209                   if response is None:\n1210                       status_code = 200' session_id=None response_headers=None status_code=None ssl_certificate=None


Failed to crawl: https://www.bolton.ac.uk/blogs/personalise-your-postgraduate-education-with-an-mamsc-professional-practice-degree-at-bolton-university
Result: url='https://www.bolton.ac.uk/blogs/personalise-your-postgraduate-education-with-an-mamsc-professional-practice-degree-at-bolton-university' html='' success=False cleaned_html=None media={} links={} downloaded_files=None screenshot=None pdf=None markdown=None markdown_v2=None fit_markdown=None fit_html=None extracted_content=None metadata=None error_message='Unexpected error in _crawl_web at line 1205 in _crawl_web (../../.pyenv/versions/3.12.6/lib/python3.12/site-packages/crawl4ai/async_crawler_strategy.py):\nError: Failed on navigating ACS-GOTO:\nPage.goto: Timeout 10000ms exceeded.\nCall log:\n  - navigating to "https://www.bolton.ac.uk/blogs/personalise-your-postgraduate-education-with-an-mamsc-professional-practice-degree-at-bolton-university", waiting until "domcontentloaded"\n\n\nCode context:\n1200   \n1201                       response = await page.goto(\n1202                           url, wait_until=config.wait_until, timeout=config.page_timeout\n1203                       )\n1204                   except Error as e:\n1205 →                     raise RuntimeError(f"Failed on navigating ACS-GOTO:\\n{str(e)}")\n1206   \n1207                   await self.execute_hook("after_goto", page, context=context, url=url, response=response)\n1208   \n1209                   if response is None:\n1210                       status_code = 200' session_id=None response_headers=None status_code=None ssl_certificate=None


Failed to crawl: https://www.bolton.ac.uk/blogs/crime-and-criminal-management-justice-why-the-chicago-7-made-it-to-netflix
Result: url='https://www.bolton.ac.uk/blogs/crime-and-criminal-management-justice-why-the-chicago-7-made-it-to-netflix' html='' success=False cleaned_html=None media={} links={} downloaded_files=None screenshot=None pdf=None markdown=None markdown_v2=None fit_markdown=None fit_html=None extracted_content=None metadata=None error_message='Unexpected error in _crawl_web at line 1205 in _crawl_web (../../.pyenv/versions/3.12.6/lib/python3.12/site-packages/crawl4ai/async_crawler_strategy.py):\nError: Failed on navigating ACS-GOTO:\nPage.goto: Timeout 10000ms exceeded.\nCall log:\n  - navigating to "https://www.bolton.ac.uk/blogs/crime-and-criminal-management-justice-why-the-chicago-7-made-it-to-netflix", waiting until "domcontentloaded"\n\n\nCode context:\n1200   \n1201                       response = await page.goto(\n1202                           url, wait_until=config.wait_until, timeout=config.page_timeout\n1203                       )\n1204                   except Error as e:\n1205 →                     raise RuntimeError(f"Failed on navigating ACS-GOTO:\\n{str(e)}")\n1206   \n1207                   await self.execute_hook("after_goto", page, context=context, url=url, response=response)\n1208   \n1209                   if response is None:\n1210                       status_code = 200' session_id=None response_headers=None status_code=None ssl_certificate=None


Failed to crawl: https://www.bolton.ac.uk/blogs/crimes-that-were-solved-in-crazy-ways
Result: url='https://www.bolton.ac.uk/blogs/crimes-that-were-solved-in-crazy-ways' html='' success=False cleaned_html=None media={} links={} downloaded_files=None screenshot=None pdf=None markdown=None markdown_v2=None fit_markdown=None fit_html=None extracted_content=None metadata=None error_message='Unexpected error in _crawl_web at line 1205 in _crawl_web (../../.pyenv/versions/3.12.6/lib/python3.12/site-packages/crawl4ai/async_crawler_strategy.py):\nError: Failed on navigating ACS-GOTO:\nPage.goto: Timeout 10000ms exceeded.\nCall log:\n  - navigating to "https://www.bolton.ac.uk/blogs/crimes-that-were-solved-in-crazy-ways", waiting until "domcontentloaded"\n\n\nCode context:\n1200   \n1201                       response = await page.goto(\n1202                           url, wait_until=config.wait_until, timeout=config.page_timeout\n1203                       )\n1204                   except Error as e:\n1205 →                     raise RuntimeError(f"Failed on navigating ACS-GOTO:\\n{str(e)}")\n1206   \n1207                   await self.execute_hook("after_goto", page, context=context, url=url, response=response)\n1208   \n1209                   if response is None:\n1210                       status_code = 200' session_id=None response_headers=None status_code=None ssl_certificate=None


Failed to crawl: https://www.bolton.ac.uk/blogs/why-volunteering-supports-your-crime-and-criminal-justice-career
Result: url='https://www.bolton.ac.uk/blogs/why-volunteering-supports-your-crime-and-criminal-justice-career' html='' success=False cleaned_html=None media={} links={} downloaded_files=None screenshot=None pdf=None markdown=None markdown_v2=None fit_markdown=None fit_html=None extracted_content=None metadata=None error_message='Unexpected error in _crawl_web at line 1205 in _crawl_web (../../.pyenv/versions/3.12.6/lib/python3.12/site-packages/crawl4ai/async_crawler_strategy.py):\nError: Failed on navigating ACS-GOTO:\nPage.goto: Timeout 10000ms exceeded.\nCall log:\n  - navigating to "https://www.bolton.ac.uk/blogs/why-volunteering-supports-your-crime-and-criminal-justice-career", waiting until "domcontentloaded"\n\n\nCode context:\n1200   \n1201                       response = await page.goto(\n1202                           url, wait_until=config.wait_until, timeout=config.page_timeout\n1203                       )\n1204                   except Error as e:\n1205 →                     raise RuntimeError(f"Failed on navigating ACS-GOTO:\\n{str(e)}")\n1206   \n1207                   await self.execute_hook("after_goto", page, context=context, url=url, response=response)\n1208   \n1209                   if response is None:\n1210                       status_code = 200' session_id=None response_headers=None status_code=None ssl_certificate=None


Failed to crawl: https://www.bolton.ac.uk/blogs/ba-hons-crime-and-criminal-justice
Result: url='https://www.bolton.ac.uk/blogs/ba-hons-crime-and-criminal-justice' html='' success=False cleaned_html=None media={} links={} downloaded_files=None screenshot=None pdf=None markdown=None markdown_v2=None fit_markdown=None fit_html=None extracted_content=None metadata=None error_message='Unexpected error in _crawl_web at line 1205 in _crawl_web (../../.pyenv/versions/3.12.6/lib/python3.12/site-packages/crawl4ai/async_crawler_strategy.py):\nError: Failed on navigating ACS-GOTO:\nPage.goto: Timeout 10000ms exceeded.\nCall log:\n  - navigating to "https://www.bolton.ac.uk/blogs/ba-hons-crime-and-criminal-justice", waiting until "domcontentloaded"\n\n\nCode context:\n1200   \n1201                       response = await page.goto(\n1202                           url, wait_until=config.wait_until, timeout=config.page_timeout\n1203                       )\n1204                   except Error as e:\n1205 →                     raise RuntimeError(f"Failed on navigating ACS-GOTO:\\n{str(e)}")\n1206   \n1207                   await self.execute_hook("after_goto", page, context=context, url=url, response=response)\n1208   \n1209                   if response is None:\n1210                       status_code = 200' session_id=None response_headers=None status_code=None ssl_certificate=None


Failed to crawl: https://www.bolton.ac.uk/blogs/dental-technology-then-and-now
Result: url='https://www.bolton.ac.uk/blogs/dental-technology-then-and-now' html='' success=False cleaned_html=None media={} links={} downloaded_files=None screenshot=None pdf=None markdown=None markdown_v2=None fit_markdown=None fit_html=None extracted_content=None metadata=None error_message='Unexpected error in _crawl_web at line 1205 in _crawl_web (../../.pyenv/versions/3.12.6/lib/python3.12/site-packages/crawl4ai/async_crawler_strategy.py):\nError: Failed on navigating ACS-GOTO:\nPage.goto: Timeout 10000ms exceeded.\nCall log:\n  - navigating to "https://www.bolton.ac.uk/blogs/dental-technology-then-and-now", waiting until "domcontentloaded"\n\n\nCode context:\n1200   \n1201                       response = await page.goto(\n1202                           url, wait_until=config.wait_until, timeout=config.page_timeout\n1203                       )\n1204                   except Error as e:\n1205 →                     raise RuntimeError(f"Failed on navigating ACS-GOTO:\\n{str(e)}")\n1206   \n1207                   await self.execute_hook("after_goto", page, context=context, url=url, response=response)\n1208   \n1209                   if response is None:\n1210                       status_code = 200' session_id=None response_headers=None status_code=None ssl_certificate=None


Failed to crawl: https://www.bolton.ac.uk/blogs/how-dental-technology-can-benefit-patients-and-dentists-worldwide
Result: url='https://www.bolton.ac.uk/blogs/how-dental-technology-can-benefit-patients-and-dentists-worldwide' html='' success=False cleaned_html=None media={} links={} downloaded_files=None screenshot=None pdf=None markdown=None markdown_v2=None fit_markdown=None fit_html=None extracted_content=None metadata=None error_message='Unexpected error in _crawl_web at line 1205 in _crawl_web (../../.pyenv/versions/3.12.6/lib/python3.12/site-packages/crawl4ai/async_crawler_strategy.py):\nError: Failed on navigating ACS-GOTO:\nPage.goto: Timeout 10000ms exceeded.\nCall log:\n  - navigating to "https://www.bolton.ac.uk/blogs/how-dental-technology-can-benefit-patients-and-dentists-worldwide", waiting until "domcontentloaded"\n\n\nCode context:\n1200   \n1201                       response = await page.goto(\n1202                           url, wait_until=config.wait_until, timeout=config.page_timeout\n1203                       )\n1204                   except Error as e:\n1205 →                     raise RuntimeError(f"Failed on navigating ACS-GOTO:\\n{str(e)}")\n1206   \n1207                   await self.execute_hook("after_goto", page, context=context, url=url, response=response)\n1208   \n1209                   if response is None:\n1210                       status_code = 200' session_id=None response_headers=None status_code=None ssl_certificate=None


Failed to crawl: https://www.bolton.ac.uk/blogs/how-dental-technology-is-transforming-the-dental-industry
Result: url='https://www.bolton.ac.uk/blogs/how-dental-technology-is-transforming-the-dental-industry' html='' success=False cleaned_html=None media={} links={} downloaded_files=None screenshot=None pdf=None markdown=None markdown_v2=None fit_markdown=None fit_html=None extracted_content=None metadata=None error_message='Unexpected error in _crawl_web at line 1205 in _crawl_web (../../.pyenv/versions/3.12.6/lib/python3.12/site-packages/crawl4ai/async_crawler_strategy.py):\nError: Failed on navigating ACS-GOTO:\nPage.goto: Timeout 10000ms exceeded.\nCall log:\n  - navigating to "https://www.bolton.ac.uk/blogs/how-dental-technology-is-transforming-the-dental-industry", waiting until "domcontentloaded"\n\n\nCode context:\n1200   \n1201                       response = await page.goto(\n1202                           url, wait_until=config.wait_until, timeout=config.page_timeout\n1203                       )\n1204                   except Error as e:\n1205 →                     raise RuntimeError(f"Failed on navigating ACS-GOTO:\\n{str(e)}")\n1206   \n1207                   await self.execute_hook("after_goto", page, context=context, url=url, response=response)\n1208   \n1209                   if response is None:\n1210                       status_code = 200' session_id=None response_headers=None status_code=None ssl_certificate=None


Failed to crawl: https://www.bolton.ac.uk/blogs/regenerative-dentistry-can-you-really-regrow-your-teeth
Result: url='https://www.bolton.ac.uk/blogs/regenerative-dentistry-can-you-really-regrow-your-teeth' html='' success=False cleaned_html=None media={} links={} downloaded_files=None screenshot=None pdf=None markdown=None markdown_v2=None fit_markdown=None fit_html=None extracted_content=None metadata=None error_message='Unexpected error in _crawl_web at line 1205 in _crawl_web (../../.pyenv/versions/3.12.6/lib/python3.12/site-packages/crawl4ai/async_crawler_strategy.py):\nError: Failed on navigating ACS-GOTO:\nPage.goto: Timeout 10000ms exceeded.\nCall log:\n  - navigating to "https://www.bolton.ac.uk/blogs/regenerative-dentistry-can-you-really-regrow-your-teeth", waiting until "domcontentloaded"\n\n\nCode context:\n1200   \n1201                       response = await page.goto(\n1202                           url, wait_until=config.wait_until, timeout=config.page_timeout\n1203                       )\n1204                   except Error as e:\n1205 →                     raise RuntimeError(f"Failed on navigating ACS-GOTO:\\n{str(e)}")\n1206   \n1207                   await self.execute_hook("after_goto", page, context=context, url=url, response=response)\n1208   \n1209                   if response is None:\n1210                       status_code = 200' session_id=None response_headers=None status_code=None ssl_certificate=None


Failed to crawl: https://www.bolton.ac.uk/blogs/boost-earnings-with-a-masters-in-dental-technology
Result: url='https://www.bolton.ac.uk/blogs/boost-earnings-with-a-masters-in-dental-technology' html='' success=False cleaned_html=None media={} links={} downloaded_files=None screenshot=None pdf=None markdown=None markdown_v2=None fit_markdown=None fit_html=None extracted_content=None metadata=None error_message='Unexpected error in _crawl_web at line 1205 in _crawl_web (../../.pyenv/versions/3.12.6/lib/python3.12/site-packages/crawl4ai/async_crawler_strategy.py):\nError: Failed on navigating ACS-GOTO:\nPage.goto: Timeout 10000ms exceeded.\nCall log:\n  - navigating to "https://www.bolton.ac.uk/blogs/boost-earnings-with-a-masters-in-dental-technology", waiting until "domcontentloaded"\n\n\nCode context:\n1200   \n1201                       response = await page.goto(\n1202                           url, wait_until=config.wait_until, timeout=config.page_timeout\n1203                       )\n1204                   except Error as e:\n1205 →                     raise RuntimeError(f"Failed on navigating ACS-GOTO:\\n{str(e)}")\n1206   \n1207                   await self.execute_hook("after_goto", page, context=context, url=url, response=response)\n1208   \n1209                   if response is None:\n1210                       status_code = 200' session_id=None response_headers=None status_code=None ssl_certificate=None


Failed to crawl: https://www.bolton.ac.uk/blogs/how-ai-is-changing-the-world-of-dental-technology
Result: url='https://www.bolton.ac.uk/blogs/how-ai-is-changing-the-world-of-dental-technology' html='' success=False cleaned_html=None media={} links={} downloaded_files=None screenshot=None pdf=None markdown=None markdown_v2=None fit_markdown=None fit_html=None extracted_content=None metadata=None error_message='Unexpected error in _crawl_web at line 1205 in _crawl_web (../../.pyenv/versions/3.12.6/lib/python3.12/site-packages/crawl4ai/async_crawler_strategy.py):\nError: Failed on navigating ACS-GOTO:\nPage.goto: Timeout 10000ms exceeded.\nCall log:\n  - navigating to "https://www.bolton.ac.uk/blogs/how-ai-is-changing-the-world-of-dental-technology", waiting until "domcontentloaded"\n\n\nCode context:\n1200   \n1201                       response = await page.goto(\n1202                           url, wait_until=config.wait_until, timeout=config.page_timeout\n1203                       )\n1204                   except Error as e:\n1205 →                     raise RuntimeError(f"Failed on navigating ACS-GOTO:\\n{str(e)}")\n1206   \n1207                   await self.execute_hook("after_goto", page, context=context, url=url, response=response)\n1208   \n1209                   if response is None:\n1210                       status_code = 200' session_id=None response_headers=None status_code=None ssl_certificate=None


Failed to crawl: https://www.bolton.ac.uk/blogs/get-to-grips-with-game-changing-dental-technology
Result: url='https://www.bolton.ac.uk/blogs/get-to-grips-with-game-changing-dental-technology' html='' success=False cleaned_html=None media={} links={} downloaded_files=None screenshot=None pdf=None markdown=None markdown_v2=None fit_markdown=None fit_html=None extracted_content=None metadata=None error_message='Unexpected error in _crawl_web at line 1205 in _crawl_web (../../.pyenv/versions/3.12.6/lib/python3.12/site-packages/crawl4ai/async_crawler_strategy.py):\nError: Failed on navigating ACS-GOTO:\nPage.goto: Timeout 10000ms exceeded.\nCall log:\n  - navigating to "https://www.bolton.ac.uk/blogs/get-to-grips-with-game-changing-dental-technology", waiting until "domcontentloaded"\n\n\nCode context:\n1200   \n1201                       response = await page.goto(\n1202                           url, wait_until=config.wait_until, timeout=config.page_timeout\n1203                       )\n1204                   except Error as e:\n1205 →                     raise RuntimeError(f"Failed on navigating ACS-GOTO:\\n{str(e)}")\n1206   \n1207                   await self.execute_hook("after_goto", page, context=context, url=url, response=response)\n1208   \n1209                   if response is None:\n1210                       status_code = 200' session_id=None response_headers=None status_code=None ssl_certificate=None


Failed to crawl: https://www.bolton.ac.uk/blogs/3-reasons-to-pursue-a-dental-technology-degree
Result: url='https://www.bolton.ac.uk/blogs/3-reasons-to-pursue-a-dental-technology-degree' html='' success=False cleaned_html=None media={} links={} downloaded_files=None screenshot=None pdf=None markdown=None markdown_v2=None fit_markdown=None fit_html=None extracted_content=None metadata=None error_message='Unexpected error in _crawl_web at line 1205 in _crawl_web (../../.pyenv/versions/3.12.6/lib/python3.12/site-packages/crawl4ai/async_crawler_strategy.py):\nError: Failed on navigating ACS-GOTO:\nPage.goto: Timeout 10000ms exceeded.\nCall log:\n  - navigating to "https://www.bolton.ac.uk/blogs/3-reasons-to-pursue-a-dental-technology-degree", waiting until "domcontentloaded"\n\n\nCode context:\n1200   \n1201                       response = await page.goto(\n1202                           url, wait_until=config.wait_until, timeout=config.page_timeout\n1203                       )\n1204                   except Error as e:\n1205 →                     raise RuntimeError(f"Failed on navigating ACS-GOTO:\\n{str(e)}")\n1206   \n1207                   await self.execute_hook("after_goto", page, context=context, url=url, response=response)\n1208   \n1209                   if response is None:\n1210                       status_code = 200' session_id=None response_headers=None status_code=None ssl_certificate=None


Failed to crawl: https://www.bolton.ac.uk/blogs/5-reasons-to-study-a-dental-technology-degree-with-the-university-of-bolton
Result: url='https://www.bolton.ac.uk/blogs/5-reasons-to-study-a-dental-technology-degree-with-the-university-of-bolton' html='' success=False cleaned_html=None media={} links={} downloaded_files=None screenshot=None pdf=None markdown=None markdown_v2=None fit_markdown=None fit_html=None extracted_content=None metadata=None error_message='Unexpected error in _crawl_web at line 1205 in _crawl_web (../../.pyenv/versions/3.12.6/lib/python3.12/site-packages/crawl4ai/async_crawler_strategy.py):\nError: Failed on navigating ACS-GOTO:\nPage.goto: Timeout 10000ms exceeded.\nCall log:\n  - navigating to "https://www.bolton.ac.uk/blogs/5-reasons-to-study-a-dental-technology-degree-with-the-university-of-bolton", waiting until "domcontentloaded"\n\n\nCode context:\n1200   \n1201                       response = await page.goto(\n1202                           url, wait_until=config.wait_until, timeout=config.page_timeout\n1203                       )\n1204                   except Error as e:\n1205 →                     raise RuntimeError(f"Failed on navigating ACS-GOTO:\\n{str(e)}")\n1206   \n1207                   await self.execute_hook("after_goto", page, context=context, url=url, response=response)\n1208   \n1209                   if response is None:\n1210                       status_code = 200' session_id=None response_headers=None status_code=None ssl_certificate=None


Failed to crawl: https://www.bolton.ac.uk/blogs/5-strange-facts-about-false-teeth
Result: url='https://www.bolton.ac.uk/blogs/5-strange-facts-about-false-teeth' html='' success=False cleaned_html=None media={} links={} downloaded_files=None screenshot=None pdf=None markdown=None markdown_v2=None fit_markdown=None fit_html=None extracted_content=None metadata=None error_message='Unexpected error in _crawl_web at line 1205 in _crawl_web (../../.pyenv/versions/3.12.6/lib/python3.12/site-packages/crawl4ai/async_crawler_strategy.py):\nError: Failed on navigating ACS-GOTO:\nPage.goto: Timeout 10000ms exceeded.\nCall log:\n  - navigating to "https://www.bolton.ac.uk/blogs/5-strange-facts-about-false-teeth", waiting until "domcontentloaded"\n\n\nCode context:\n1200   \n1201                       response = await page.goto(\n1202                           url, wait_until=config.wait_until, timeout=config.page_timeout\n1203                       )\n1204                   except Error as e:\n1205 →                     raise RuntimeError(f"Failed on navigating ACS-GOTO:\\n{str(e)}")\n1206   \n1207                   await self.execute_hook("after_goto", page, context=context, url=url, response=response)\n1208   \n1209                   if response is None:\n1210                       status_code = 200' session_id=None response_headers=None status_code=None ssl_certificate=None


Failed to crawl: https://www.bolton.ac.uk/blogs/does-3d-printing-have-a-place-in-dentistry
Result: url='https://www.bolton.ac.uk/blogs/does-3d-printing-have-a-place-in-dentistry' html='' success=False cleaned_html=None media={} links={} downloaded_files=None screenshot=None pdf=None markdown=None markdown_v2=None fit_markdown=None fit_html=None extracted_content=None metadata=None error_message='Unexpected error in _crawl_web at line 1205 in _crawl_web (../../.pyenv/versions/3.12.6/lib/python3.12/site-packages/crawl4ai/async_crawler_strategy.py):\nError: Failed on navigating ACS-GOTO:\nPage.goto: Timeout 10000ms exceeded.\nCall log:\n  - navigating to "https://www.bolton.ac.uk/blogs/does-3d-printing-have-a-place-in-dentistry", waiting until "domcontentloaded"\n\n\nCode context:\n1200   \n1201                       response = await page.goto(\n1202                           url, wait_until=config.wait_until, timeout=config.page_timeout\n1203                       )\n1204                   except Error as e:\n1205 →                     raise RuntimeError(f"Failed on navigating ACS-GOTO:\\n{str(e)}")\n1206   \n1207                   await self.execute_hook("after_goto", page, context=context, url=url, response=response)\n1208   \n1209                   if response is None:\n1210                       status_code = 200' session_id=None response_headers=None status_code=None ssl_certificate=None


Failed to crawl: https://www.bolton.ac.uk/blogs/access-4-8m-industry-standard-labs-on-our-dental-technology-degree
Result: url='https://www.bolton.ac.uk/blogs/access-4-8m-industry-standard-labs-on-our-dental-technology-degree' html='' success=False cleaned_html=None media={} links={} downloaded_files=None screenshot=None pdf=None markdown=None markdown_v2=None fit_markdown=None fit_html=None extracted_content=None metadata=None error_message='Unexpected error in _crawl_web at line 1205 in _crawl_web (../../.pyenv/versions/3.12.6/lib/python3.12/site-packages/crawl4ai/async_crawler_strategy.py):\nError: Failed on navigating ACS-GOTO:\nPage.goto: Timeout 10000ms exceeded.\nCall log:\n  - navigating to "https://www.bolton.ac.uk/blogs/access-4-8m-industry-standard-labs-on-our-dental-technology-degree", waiting until "domcontentloaded"\n\n\nCode context:\n1200   \n1201                       response = await page.goto(\n1202                           url, wait_until=config.wait_until, timeout=config.page_timeout\n1203                       )\n1204                   except Error as e:\n1205 →                     raise RuntimeError(f"Failed on navigating ACS-GOTO:\\n{str(e)}")\n1206   \n1207                   await self.execute_hook("after_goto", page, context=context, url=url, response=response)\n1208   \n1209                   if response is None:\n1210                       status_code = 200' session_id=None response_headers=None status_code=None ssl_certificate=None


Failed to crawl: https://www.bolton.ac.uk/blogs/get-inspired-get-a-degree-in-bsc-dental-technology
Result: url='https://www.bolton.ac.uk/blogs/get-inspired-get-a-degree-in-bsc-dental-technology' html='' success=False cleaned_html=None media={} links={} downloaded_files=None screenshot=None pdf=None markdown=None markdown_v2=None fit_markdown=None fit_html=None extracted_content=None metadata=None error_message='Unexpected error in _crawl_web at line 1205 in _crawl_web (../../.pyenv/versions/3.12.6/lib/python3.12/site-packages/crawl4ai/async_crawler_strategy.py):\nError: Failed on navigating ACS-GOTO:\nPage.goto: Timeout 10000ms exceeded.\nCall log:\n  - navigating to "https://www.bolton.ac.uk/blogs/get-inspired-get-a-degree-in-bsc-dental-technology", waiting until "domcontentloaded"\n\n\nCode context:\n1200   \n1201                       response = await page.goto(\n1202                           url, wait_until=config.wait_until, timeout=config.page_timeout\n1203                       )\n1204                   except Error as e:\n1205 →                     raise RuntimeError(f"Failed on navigating ACS-GOTO:\\n{str(e)}")\n1206   \n1207                   await self.execute_hook("after_goto", page, context=context, url=url, response=response)\n1208   \n1209                   if response is None:\n1210                       status_code = 200' session_id=None response_headers=None status_code=None ssl_certificate=None


Failed to crawl: https://www.bolton.ac.uk/blogs/looking-for-a-career-path-get-a-degree-in-dental-technology
Result: url='https://www.bolton.ac.uk/blogs/looking-for-a-career-path-get-a-degree-in-dental-technology' html='' success=False cleaned_html=None media={} links={} downloaded_files=None screenshot=None pdf=None markdown=None markdown_v2=None fit_markdown=None fit_html=None extracted_content=None metadata=None error_message='Unexpected error in _crawl_web at line 1205 in _crawl_web (../../.pyenv/versions/3.12.6/lib/python3.12/site-packages/crawl4ai/async_crawler_strategy.py):\nError: Failed on navigating ACS-GOTO:\nPage.goto: Timeout 10000ms exceeded.\nCall log:\n  - navigating to "https://www.bolton.ac.uk/blogs/looking-for-a-career-path-get-a-degree-in-dental-technology", waiting until "domcontentloaded"\n\n\nCode context:\n1200   \n1201                       response = await page.goto(\n1202                           url, wait_until=config.wait_until, timeout=config.page_timeout\n1203                       )\n1204                   except Error as e:\n1205 →                     raise RuntimeError(f"Failed on navigating ACS-GOTO:\\n{str(e)}")\n1206   \n1207                   await self.execute_hook("after_goto", page, context=context, url=url, response=response)\n1208   \n1209                   if response is None:\n1210                       status_code = 200' session_id=None response_headers=None status_code=None ssl_certificate=None


Failed to crawl: https://www.bolton.ac.uk/blogs/what-a-career-in-dental-technology-looks-like
Result: url='https://www.bolton.ac.uk/blogs/what-a-career-in-dental-technology-looks-like' html='' success=False cleaned_html=None media={} links={} downloaded_files=None screenshot=None pdf=None markdown=None markdown_v2=None fit_markdown=None fit_html=None extracted_content=None metadata=None error_message='Unexpected error in _crawl_web at line 1205 in _crawl_web (../../.pyenv/versions/3.12.6/lib/python3.12/site-packages/crawl4ai/async_crawler_strategy.py):\nError: Failed on navigating ACS-GOTO:\nPage.goto: Timeout 10000ms exceeded.\nCall log:\n  - navigating to "https://www.bolton.ac.uk/blogs/what-a-career-in-dental-technology-looks-like", waiting until "domcontentloaded"\n\n\nCode context:\n1200   \n1201                       response = await page.goto(\n1202                           url, wait_until=config.wait_until, timeout=config.page_timeout\n1203                       )\n1204                   except Error as e:\n1205 →                     raise RuntimeError(f"Failed on navigating ACS-GOTO:\\n{str(e)}")\n1206   \n1207                   await self.execute_hook("after_goto", page, context=context, url=url, response=response)\n1208   \n1209                   if response is None:\n1210                       status_code = 200' session_id=None response_headers=None status_code=None ssl_certificate=None


Failed to crawl: https://www.bolton.ac.uk/blogs/the-rapid-increase-of-dental-issues-for-young-people-in-the-uk
Result: url='https://www.bolton.ac.uk/blogs/the-rapid-increase-of-dental-issues-for-young-people-in-the-uk' html='' success=False cleaned_html=None media={} links={} downloaded_files=None screenshot=None pdf=None markdown=None markdown_v2=None fit_markdown=None fit_html=None extracted_content=None metadata=None error_message='Unexpected error in _crawl_web at line 1205 in _crawl_web (../../.pyenv/versions/3.12.6/lib/python3.12/site-packages/crawl4ai/async_crawler_strategy.py):\nError: Failed on navigating ACS-GOTO:\nPage.goto: Timeout 10000ms exceeded.\nCall log:\n  - navigating to "https://www.bolton.ac.uk/blogs/the-rapid-increase-of-dental-issues-for-young-people-in-the-uk", waiting until "domcontentloaded"\n\n\nCode context:\n1200   \n1201                       response = await page.goto(\n1202                           url, wait_until=config.wait_until, timeout=config.page_timeout\n1203                       )\n1204                   except Error as e:\n1205 →                     raise RuntimeError(f"Failed on navigating ACS-GOTO:\\n{str(e)}")\n1206   \n1207                   await self.execute_hook("after_goto", page, context=context, url=url, response=response)\n1208   \n1209                   if response is None:\n1210                       status_code = 200' session_id=None response_headers=None status_code=None ssl_certificate=None


Failed to crawl: https://www.bolton.ac.uk/blogs/my-dental-technology-bsc-hons-and-fdsc-experience
Result: url='https://www.bolton.ac.uk/blogs/my-dental-technology-bsc-hons-and-fdsc-experience' html='' success=False cleaned_html=None media={} links={} downloaded_files=None screenshot=None pdf=None markdown=None markdown_v2=None fit_markdown=None fit_html=None extracted_content=None metadata=None error_message='Unexpected error in _crawl_web at line 1205 in _crawl_web (../../.pyenv/versions/3.12.6/lib/python3.12/site-packages/crawl4ai/async_crawler_strategy.py):\nError: Failed on navigating ACS-GOTO:\nPage.goto: Timeout 10000ms exceeded.\nCall log:\n  - navigating to "https://www.bolton.ac.uk/blogs/my-dental-technology-bsc-hons-and-fdsc-experience", waiting until "domcontentloaded"\n\n\nCode context:\n1200   \n1201                       response = await page.goto(\n1202                           url, wait_until=config.wait_until, timeout=config.page_timeout\n1203                       )\n1204                   except Error as e:\n1205 →                     raise RuntimeError(f"Failed on navigating ACS-GOTO:\\n{str(e)}")\n1206   \n1207                   await self.execute_hook("after_goto", page, context=context, url=url, response=response)\n1208   \n1209                   if response is None:\n1210                       status_code = 200' session_id=None response_headers=None status_code=None ssl_certificate=None


Failed to crawl: https://www.bolton.ac.uk/blogs/north-west-study-club-for-dental-technicians
Result: url='https://www.bolton.ac.uk/blogs/north-west-study-club-for-dental-technicians' html='' success=False cleaned_html=None media={} links={} downloaded_files=None screenshot=None pdf=None markdown=None markdown_v2=None fit_markdown=None fit_html=None extracted_content=None metadata=None error_message='Unexpected error in _crawl_web at line 1205 in _crawl_web (../../.pyenv/versions/3.12.6/lib/python3.12/site-packages/crawl4ai/async_crawler_strategy.py):\nError: Failed on navigating ACS-GOTO:\nPage.goto: Timeout 10000ms exceeded.\nCall log:\n  - navigating to "https://www.bolton.ac.uk/blogs/north-west-study-club-for-dental-technicians", waiting until "domcontentloaded"\n\n\nCode context:\n1200   \n1201                       response = await page.goto(\n1202                           url, wait_until=config.wait_until, timeout=config.page_timeout\n1203                       )\n1204                   except Error as e:\n1205 →                     raise RuntimeError(f"Failed on navigating ACS-GOTO:\\n{str(e)}")\n1206   \n1207                   await self.execute_hook("after_goto", page, context=context, url=url, response=response)\n1208   \n1209                   if response is None:\n1210                       status_code = 200' session_id=None response_headers=None status_code=None ssl_certificate=None


Failed to crawl: https://www.bolton.ac.uk/blogs/variety-of-dental-research-projects
Result: url='https://www.bolton.ac.uk/blogs/variety-of-dental-research-projects' html='' success=False cleaned_html=None media={} links={} downloaded_files=None screenshot=None pdf=None markdown=None markdown_v2=None fit_markdown=None fit_html=None extracted_content=None metadata=None error_message='Unexpected error in _crawl_web at line 1205 in _crawl_web (../../.pyenv/versions/3.12.6/lib/python3.12/site-packages/crawl4ai/async_crawler_strategy.py):\nError: Failed on navigating ACS-GOTO:\nPage.goto: Timeout 10000ms exceeded.\nCall log:\n  - navigating to "https://www.bolton.ac.uk/blogs/variety-of-dental-research-projects", waiting until "domcontentloaded"\n\n\nCode context:\n1200   \n1201                       response = await page.goto(\n1202                           url, wait_until=config.wait_until, timeout=config.page_timeout\n1203                       )\n1204                   except Error as e:\n1205 →                     raise RuntimeError(f"Failed on navigating ACS-GOTO:\\n{str(e)}")\n1206   \n1207                   await self.execute_hook("after_goto", page, context=context, url=url, response=response)\n1208   \n1209                   if response is None:\n1210                       status_code = 200' session_id=None response_headers=None status_code=None ssl_certificate=None


Failed to crawl: https://www.bolton.ac.uk/blogs/ma-early-childhood-careers-hospital-play-therapist
Result: url='https://www.bolton.ac.uk/blogs/ma-early-childhood-careers-hospital-play-therapist' html='' success=False cleaned_html=None media={} links={} downloaded_files=None screenshot=None pdf=None markdown=None markdown_v2=None fit_markdown=None fit_html=None extracted_content=None metadata=None error_message='Unexpected error in _crawl_web at line 1205 in _crawl_web (../../.pyenv/versions/3.12.6/lib/python3.12/site-packages/crawl4ai/async_crawler_strategy.py):\nError: Failed on navigating ACS-GOTO:\nPage.goto: Timeout 10000ms exceeded.\nCall log:\n  - navigating to "https://www.bolton.ac.uk/blogs/ma-early-childhood-careers-hospital-play-therapist", waiting until "domcontentloaded"\n\n\nCode context:\n1200   \n1201                       response = await page.goto(\n1202                           url, wait_until=config.wait_until, timeout=config.page_timeout\n1203                       )\n1204                   except Error as e:\n1205 →                     raise RuntimeError(f"Failed on navigating ACS-GOTO:\\n{str(e)}")\n1206   \n1207                   await self.execute_hook("after_goto", page, context=context, url=url, response=response)\n1208   \n1209                   if response is None:\n1210                       status_code = 200' session_id=None response_headers=None status_code=None ssl_certificate=None


Failed to crawl: https://www.bolton.ac.uk/blogs/play-your-part-in-developing-the-learners-of-the-future
Result: url='https://www.bolton.ac.uk/blogs/play-your-part-in-developing-the-learners-of-the-future' html='' success=False cleaned_html=None media={} links={} downloaded_files=None screenshot=None pdf=None markdown=None markdown_v2=None fit_markdown=None fit_html=None extracted_content=None metadata=None error_message='Unexpected error in _crawl_web at line 1205 in _crawl_web (../../.pyenv/versions/3.12.6/lib/python3.12/site-packages/crawl4ai/async_crawler_strategy.py):\nError: Failed on navigating ACS-GOTO:\nPage.goto: Timeout 10000ms exceeded.\nCall log:\n  - navigating to "https://www.bolton.ac.uk/blogs/play-your-part-in-developing-the-learners-of-the-future", waiting until "domcontentloaded"\n\n\nCode context:\n1200   \n1201                       response = await page.goto(\n1202                           url, wait_until=config.wait_until, timeout=config.page_timeout\n1203                       )\n1204                   except Error as e:\n1205 →                     raise RuntimeError(f"Failed on navigating ACS-GOTO:\\n{str(e)}")\n1206   \n1207                   await self.execute_hook("after_goto", page, context=context, url=url, response=response)\n1208   \n1209                   if response is None:\n1210                       status_code = 200' session_id=None response_headers=None status_code=None ssl_certificate=None


Failed to crawl: https://www.bolton.ac.uk/blogs/are-babies-of-lockdown-at-a-disadvantage
Result: url='https://www.bolton.ac.uk/blogs/are-babies-of-lockdown-at-a-disadvantage' html='' success=False cleaned_html=None media={} links={} downloaded_files=None screenshot=None pdf=None markdown=None markdown_v2=None fit_markdown=None fit_html=None extracted_content=None metadata=None error_message='Unexpected error in _crawl_web at line 1205 in _crawl_web (../../.pyenv/versions/3.12.6/lib/python3.12/site-packages/crawl4ai/async_crawler_strategy.py):\nError: Failed on navigating ACS-GOTO:\nPage.goto: Timeout 10000ms exceeded.\nCall log:\n  - navigating to "https://www.bolton.ac.uk/blogs/are-babies-of-lockdown-at-a-disadvantage", waiting until "domcontentloaded"\n\n\nCode context:\n1200   \n1201                       response = await page.goto(\n1202                           url, wait_until=config.wait_until, timeout=config.page_timeout\n1203                       )\n1204                   except Error as e:\n1205 →                     raise RuntimeError(f"Failed on navigating ACS-GOTO:\\n{str(e)}")\n1206   \n1207                   await self.execute_hook("after_goto", page, context=context, url=url, response=response)\n1208   \n1209                   if response is None:\n1210                       status_code = 200' session_id=None response_headers=None status_code=None ssl_certificate=None


Failed to crawl: https://www.bolton.ac.uk/blogs/looking-for-a-career-path-get-a-degree-in-early-years-and-childhood-studies
Result: url='https://www.bolton.ac.uk/blogs/looking-for-a-career-path-get-a-degree-in-early-years-and-childhood-studies' html='' success=False cleaned_html=None media={} links={} downloaded_files=None screenshot=None pdf=None markdown=None markdown_v2=None fit_markdown=None fit_html=None extracted_content=None metadata=None error_message='Unexpected error in _crawl_web at line 1205 in _crawl_web (../../.pyenv/versions/3.12.6/lib/python3.12/site-packages/crawl4ai/async_crawler_strategy.py):\nError: Failed on navigating ACS-GOTO:\nPage.goto: Timeout 10000ms exceeded.\nCall log:\n  - navigating to "https://www.bolton.ac.uk/blogs/looking-for-a-career-path-get-a-degree-in-early-years-and-childhood-studies", waiting until "domcontentloaded"\n\n\nCode context:\n1200   \n1201                       response = await page.goto(\n1202                           url, wait_until=config.wait_until, timeout=config.page_timeout\n1203                       )\n1204                   except Error as e:\n1205 →                     raise RuntimeError(f"Failed on navigating ACS-GOTO:\\n{str(e)}")\n1206   \n1207                   await self.execute_hook("after_goto", page, context=context, url=url, response=response)\n1208   \n1209                   if response is None:\n1210                       status_code = 200' session_id=None response_headers=None status_code=None ssl_certificate=None


Failed to crawl: https://www.bolton.ac.uk/blogs/what-a-career-in-early-years-and-childhood-studies-looks-like
Result: url='https://www.bolton.ac.uk/blogs/what-a-career-in-early-years-and-childhood-studies-looks-like' html='' success=False cleaned_html=None media={} links={} downloaded_files=None screenshot=None pdf=None markdown=None markdown_v2=None fit_markdown=None fit_html=None extracted_content=None metadata=None error_message='Unexpected error in _crawl_web at line 1205 in _crawl_web (../../.pyenv/versions/3.12.6/lib/python3.12/site-packages/crawl4ai/async_crawler_strategy.py):\nError: Failed on navigating ACS-GOTO:\nPage.goto: Timeout 10000ms exceeded.\nCall log:\n  - navigating to "https://www.bolton.ac.uk/blogs/what-a-career-in-early-years-and-childhood-studies-looks-like", waiting until "domcontentloaded"\n\n\nCode context:\n1200   \n1201                       response = await page.goto(\n1202                           url, wait_until=config.wait_until, timeout=config.page_timeout\n1203                       )\n1204                   except Error as e:\n1205 →                     raise RuntimeError(f"Failed on navigating ACS-GOTO:\\n{str(e)}")\n1206   \n1207                   await self.execute_hook("after_goto", page, context=context, url=url, response=response)\n1208   \n1209                   if response is None:\n1210                       status_code = 200' session_id=None response_headers=None status_code=None ssl_certificate=None


Failed to crawl: https://www.bolton.ac.uk/blogs/help-a-child-find-their-identity-through-literature
Result: url='https://www.bolton.ac.uk/blogs/help-a-child-find-their-identity-through-literature' html='' success=False cleaned_html=None media={} links={} downloaded_files=None screenshot=None pdf=None markdown=None markdown_v2=None fit_markdown=None fit_html=None extracted_content=None metadata=None error_message='Unexpected error in _crawl_web at line 1205 in _crawl_web (../../.pyenv/versions/3.12.6/lib/python3.12/site-packages/crawl4ai/async_crawler_strategy.py):\nError: Failed on navigating ACS-GOTO:\nPage.goto: Timeout 10000ms exceeded.\nCall log:\n  - navigating to "https://www.bolton.ac.uk/blogs/help-a-child-find-their-identity-through-literature", waiting until "domcontentloaded"\n\n\nCode context:\n1200   \n1201                       response = await page.goto(\n1202                           url, wait_until=config.wait_until, timeout=config.page_timeout\n1203                       )\n1204                   except Error as e:\n1205 →                     raise RuntimeError(f"Failed on navigating ACS-GOTO:\\n{str(e)}")\n1206   \n1207                   await self.execute_hook("after_goto", page, context=context, url=url, response=response)\n1208   \n1209                   if response is None:\n1210                       status_code = 200' session_id=None response_headers=None status_code=None ssl_certificate=None


Failed to crawl: https://www.bolton.ac.uk/blogs/men-in-early-years
Result: url='https://www.bolton.ac.uk/blogs/men-in-early-years' html='' success=False cleaned_html=None media={} links={} downloaded_files=None screenshot=None pdf=None markdown=None markdown_v2=None fit_markdown=None fit_html=None extracted_content=None metadata=None error_message='Unexpected error in _crawl_web at line 1205 in _crawl_web (../../.pyenv/versions/3.12.6/lib/python3.12/site-packages/crawl4ai/async_crawler_strategy.py):\nError: Failed on navigating ACS-GOTO:\nPage.goto: Timeout 10000ms exceeded.\nCall log:\n  - navigating to "https://www.bolton.ac.uk/blogs/men-in-early-years", waiting until "domcontentloaded"\n\n\nCode context:\n1200   \n1201                       response = await page.goto(\n1202                           url, wait_until=config.wait_until, timeout=config.page_timeout\n1203                       )\n1204                   except Error as e:\n1205 →                     raise RuntimeError(f"Failed on navigating ACS-GOTO:\\n{str(e)}")\n1206   \n1207                   await self.execute_hook("after_goto", page, context=context, url=url, response=response)\n1208   \n1209                   if response is None:\n1210                       status_code = 200' session_id=None response_headers=None status_code=None ssl_certificate=None


Failed to crawl: https://www.bolton.ac.uk/blogs/training-as-a-teacher
Result: url='https://www.bolton.ac.uk/blogs/training-as-a-teacher' html='' success=False cleaned_html=None media={} links={} downloaded_files=None screenshot=None pdf=None markdown=None markdown_v2=None fit_markdown=None fit_html=None extracted_content=None metadata=None error_message='Unexpected error in _crawl_web at line 1205 in _crawl_web (../../.pyenv/versions/3.12.6/lib/python3.12/site-packages/crawl4ai/async_crawler_strategy.py):\nError: Failed on navigating ACS-GOTO:\nPage.goto: Timeout 10000ms exceeded.\nCall log:\n  - navigating to "https://www.bolton.ac.uk/blogs/training-as-a-teacher", waiting until "domcontentloaded"\n\n\nCode context:\n1200   \n1201                       response = await page.goto(\n1202                           url, wait_until=config.wait_until, timeout=config.page_timeout\n1203                       )\n1204                   except Error as e:\n1205 →                     raise RuntimeError(f"Failed on navigating ACS-GOTO:\\n{str(e)}")\n1206   \n1207                   await self.execute_hook("after_goto", page, context=context, url=url, response=response)\n1208   \n1209                   if response is None:\n1210                       status_code = 200' session_id=None response_headers=None status_code=None ssl_certificate=None


Failed to crawl: https://www.bolton.ac.uk/blogs/the-centre-of-pedagogy-present-celebrating-teaching-and-learning-what-makes-great-teaching
Result: url='https://www.bolton.ac.uk/blogs/the-centre-of-pedagogy-present-celebrating-teaching-and-learning-what-makes-great-teaching' html='' success=False cleaned_html=None media={} links={} downloaded_files=None screenshot=None pdf=None markdown=None markdown_v2=None fit_markdown=None fit_html=None extracted_content=None metadata=None error_message='Unexpected error in _crawl_web at line 1205 in _crawl_web (../../.pyenv/versions/3.12.6/lib/python3.12/site-packages/crawl4ai/async_crawler_strategy.py):\nError: Failed on navigating ACS-GOTO:\nPage.goto: Timeout 10000ms exceeded.\nCall log:\n  - navigating to "https://www.bolton.ac.uk/blogs/the-centre-of-pedagogy-present-celebrating-teaching-and-learning-what-makes-great-teaching", waiting until "domcontentloaded"\n\n\nCode context:\n1200   \n1201                       response = await page.goto(\n1202                           url, wait_until=config.wait_until, timeout=config.page_timeout\n1203                       )\n1204                   except Error as e:\n1205 →                     raise RuntimeError(f"Failed on navigating ACS-GOTO:\\n{str(e)}")\n1206   \n1207                   await self.execute_hook("after_goto", page, context=context, url=url, response=response)\n1208   \n1209                   if response is None:\n1210                       status_code = 200' session_id=None response_headers=None status_code=None ssl_certificate=None


Failed to crawl: https://www.bolton.ac.uk/blogs/med-professional-development-what-can-you-expect
Result: url='https://www.bolton.ac.uk/blogs/med-professional-development-what-can-you-expect' html='' success=False cleaned_html=None media={} links={} downloaded_files=None screenshot=None pdf=None markdown=None markdown_v2=None fit_markdown=None fit_html=None extracted_content=None metadata=None error_message='Unexpected error in _crawl_web at line 1205 in _crawl_web (../../.pyenv/versions/3.12.6/lib/python3.12/site-packages/crawl4ai/async_crawler_strategy.py):\nError: Failed on navigating ACS-GOTO:\nPage.goto: Timeout 10000ms exceeded.\nCall log:\n  - navigating to "https://www.bolton.ac.uk/blogs/med-professional-development-what-can-you-expect", waiting until "domcontentloaded"\n\n\nCode context:\n1200   \n1201                       response = await page.goto(\n1202                           url, wait_until=config.wait_until, timeout=config.page_timeout\n1203                       )\n1204                   except Error as e:\n1205 →                     raise RuntimeError(f"Failed on navigating ACS-GOTO:\\n{str(e)}")\n1206   \n1207                   await self.execute_hook("after_goto", page, context=context, url=url, response=response)\n1208   \n1209                   if response is None:\n1210                       status_code = 200' session_id=None response_headers=None status_code=None ssl_certificate=None


Failed to crawl: https://www.bolton.ac.uk/blogs/how-inclusive-education-is-reshaping-the-national-curriculum
Result: url='https://www.bolton.ac.uk/blogs/how-inclusive-education-is-reshaping-the-national-curriculum' html='' success=False cleaned_html=None media={} links={} downloaded_files=None screenshot=None pdf=None markdown=None markdown_v2=None fit_markdown=None fit_html=None extracted_content=None metadata=None error_message='Unexpected error in _crawl_web at line 1205 in _crawl_web (../../.pyenv/versions/3.12.6/lib/python3.12/site-packages/crawl4ai/async_crawler_strategy.py):\nError: Failed on navigating ACS-GOTO:\nPage.goto: Timeout 10000ms exceeded.\nCall log:\n  - navigating to "https://www.bolton.ac.uk/blogs/how-inclusive-education-is-reshaping-the-national-curriculum", waiting until "domcontentloaded"\n\n\nCode context:\n1200   \n1201                       response = await page.goto(\n1202                           url, wait_until=config.wait_until, timeout=config.page_timeout\n1203                       )\n1204                   except Error as e:\n1205 →                     raise RuntimeError(f"Failed on navigating ACS-GOTO:\\n{str(e)}")\n1206   \n1207                   await self.execute_hook("after_goto", page, context=context, url=url, response=response)\n1208   \n1209                   if response is None:\n1210                       status_code = 200' session_id=None response_headers=None status_code=None ssl_certificate=None


Failed to crawl: https://www.bolton.ac.uk/blogs/initial-teacher-training-itt-secondary-11-16-programmes
Result: url='https://www.bolton.ac.uk/blogs/initial-teacher-training-itt-secondary-11-16-programmes' html='' success=False cleaned_html=None media={} links={} downloaded_files=None screenshot=None pdf=None markdown=None markdown_v2=None fit_markdown=None fit_html=None extracted_content=None metadata=None error_message='Unexpected error in _crawl_web at line 1205 in _crawl_web (../../.pyenv/versions/3.12.6/lib/python3.12/site-packages/crawl4ai/async_crawler_strategy.py):\nError: Failed on navigating ACS-GOTO:\nPage.goto: Timeout 10000ms exceeded.\nCall log:\n  - navigating to "https://www.bolton.ac.uk/blogs/initial-teacher-training-itt-secondary-11-16-programmes", waiting until "domcontentloaded"\n\n\nCode context:\n1200   \n1201                       response = await page.goto(\n1202                           url, wait_until=config.wait_until, timeout=config.page_timeout\n1203                       )\n1204                   except Error as e:\n1205 →                     raise RuntimeError(f"Failed on navigating ACS-GOTO:\\n{str(e)}")\n1206   \n1207                   await self.execute_hook("after_goto", page, context=context, url=url, response=response)\n1208   \n1209                   if response is None:\n1210                       status_code = 200' session_id=None response_headers=None status_code=None ssl_certificate=None


Failed to crawl: https://www.bolton.ac.uk/blogs/masters-degree-in-inclusive-education-connected-classrooms
Result: url='https://www.bolton.ac.uk/blogs/masters-degree-in-inclusive-education-connected-classrooms' html='' success=False cleaned_html=None media={} links={} downloaded_files=None screenshot=None pdf=None markdown=None markdown_v2=None fit_markdown=None fit_html=None extracted_content=None metadata=None error_message='Unexpected error in _crawl_web at line 1205 in _crawl_web (../../.pyenv/versions/3.12.6/lib/python3.12/site-packages/crawl4ai/async_crawler_strategy.py):\nError: Failed on navigating ACS-GOTO:\nPage.goto: Timeout 10000ms exceeded.\nCall log:\n  - navigating to "https://www.bolton.ac.uk/blogs/masters-degree-in-inclusive-education-connected-classrooms", waiting until "domcontentloaded"\n\n\nCode context:\n1200   \n1201                       response = await page.goto(\n1202                           url, wait_until=config.wait_until, timeout=config.page_timeout\n1203                       )\n1204                   except Error as e:\n1205 →                     raise RuntimeError(f"Failed on navigating ACS-GOTO:\\n{str(e)}")\n1206   \n1207                   await self.execute_hook("after_goto", page, context=context, url=url, response=response)\n1208   \n1209                   if response is None:\n1210                       status_code = 200' session_id=None response_headers=None status_code=None ssl_certificate=None


Failed to crawl: https://www.bolton.ac.uk/blogs/its-world-teachers-day
Result: url='https://www.bolton.ac.uk/blogs/its-world-teachers-day' html='' success=False cleaned_html=None media={} links={} downloaded_files=None screenshot=None pdf=None markdown=None markdown_v2=None fit_markdown=None fit_html=None extracted_content=None metadata=None error_message='Unexpected error in _crawl_web at line 1205 in _crawl_web (../../.pyenv/versions/3.12.6/lib/python3.12/site-packages/crawl4ai/async_crawler_strategy.py):\nError: Failed on navigating ACS-GOTO:\nPage.goto: Timeout 10000ms exceeded.\nCall log:\n  - navigating to "https://www.bolton.ac.uk/blogs/its-world-teachers-day", waiting until "domcontentloaded"\n\n\nCode context:\n1200   \n1201                       response = await page.goto(\n1202                           url, wait_until=config.wait_until, timeout=config.page_timeout\n1203                       )\n1204                   except Error as e:\n1205 →                     raise RuntimeError(f"Failed on navigating ACS-GOTO:\\n{str(e)}")\n1206   \n1207                   await self.execute_hook("after_goto", page, context=context, url=url, response=response)\n1208   \n1209                   if response is None:\n1210                       status_code = 200' session_id=None response_headers=None status_code=None ssl_certificate=None


Failed to crawl: https://www.bolton.ac.uk/blogs/tips-to-improve-creativity-as-a-performing-arts-teacher
Result: url='https://www.bolton.ac.uk/blogs/tips-to-improve-creativity-as-a-performing-arts-teacher' html='' success=False cleaned_html=None media={} links={} downloaded_files=None screenshot=None pdf=None markdown=None markdown_v2=None fit_markdown=None fit_html=None extracted_content=None metadata=None error_message='Unexpected error in _crawl_web at line 1205 in _crawl_web (../../.pyenv/versions/3.12.6/lib/python3.12/site-packages/crawl4ai/async_crawler_strategy.py):\nError: Failed on navigating ACS-GOTO:\nPage.goto: Timeout 10000ms exceeded.\nCall log:\n  - navigating to "https://www.bolton.ac.uk/blogs/tips-to-improve-creativity-as-a-performing-arts-teacher", waiting until "domcontentloaded"\n\n\nCode context:\n1200   \n1201                       response = await page.goto(\n1202                           url, wait_until=config.wait_until, timeout=config.page_timeout\n1203                       )\n1204                   except Error as e:\n1205 →                     raise RuntimeError(f"Failed on navigating ACS-GOTO:\\n{str(e)}")\n1206   \n1207                   await self.execute_hook("after_goto", page, context=context, url=url, response=response)\n1208   \n1209                   if response is None:\n1210                       status_code = 200' session_id=None response_headers=None status_code=None ssl_certificate=None


Failed to crawl: https://www.bolton.ac.uk/blogs/education-in-the-context-of-globalisation-and-how-it-impacts-teachers
Result: url='https://www.bolton.ac.uk/blogs/education-in-the-context-of-globalisation-and-how-it-impacts-teachers' html='' success=False cleaned_html=None media={} links={} downloaded_files=None screenshot=None pdf=None markdown=None markdown_v2=None fit_markdown=None fit_html=None extracted_content=None metadata=None error_message='Unexpected error in _crawl_web at line 1205 in _crawl_web (../../.pyenv/versions/3.12.6/lib/python3.12/site-packages/crawl4ai/async_crawler_strategy.py):\nError: Failed on navigating ACS-GOTO:\nPage.goto: Timeout 10000ms exceeded.\nCall log:\n  - navigating to "https://www.bolton.ac.uk/blogs/education-in-the-context-of-globalisation-and-how-it-impacts-teachers", waiting until "domcontentloaded"\n\n\nCode context:\n1200   \n1201                       response = await page.goto(\n1202                           url, wait_until=config.wait_until, timeout=config.page_timeout\n1203                       )\n1204                   except Error as e:\n1205 →                     raise RuntimeError(f"Failed on navigating ACS-GOTO:\\n{str(e)}")\n1206   \n1207                   await self.execute_hook("after_goto", page, context=context, url=url, response=response)\n1208   \n1209                   if response is None:\n1210                       status_code = 200' session_id=None response_headers=None status_code=None ssl_certificate=None


Failed to crawl: https://www.bolton.ac.uk/blogs/how-educational-research-skills-can-further-your-career-in-leadership
Result: url='https://www.bolton.ac.uk/blogs/how-educational-research-skills-can-further-your-career-in-leadership' html='' success=False cleaned_html=None media={} links={} downloaded_files=None screenshot=None pdf=None markdown=None markdown_v2=None fit_markdown=None fit_html=None extracted_content=None metadata=None error_message='Unexpected error in _crawl_web at line 1205 in _crawl_web (../../.pyenv/versions/3.12.6/lib/python3.12/site-packages/crawl4ai/async_crawler_strategy.py):\nError: Failed on navigating ACS-GOTO:\nPage.goto: Timeout 10000ms exceeded.\nCall log:\n  - navigating to "https://www.bolton.ac.uk/blogs/how-educational-research-skills-can-further-your-career-in-leadership", waiting until "domcontentloaded"\n\n\nCode context:\n1200   \n1201                       response = await page.goto(\n1202                           url, wait_until=config.wait_until, timeout=config.page_timeout\n1203                       )\n1204                   except Error as e:\n1205 →                     raise RuntimeError(f"Failed on navigating ACS-GOTO:\\n{str(e)}")\n1206   \n1207                   await self.execute_hook("after_goto", page, context=context, url=url, response=response)\n1208   \n1209                   if response is None:\n1210                       status_code = 200' session_id=None response_headers=None status_code=None ssl_certificate=None


Failed to crawl: https://www.bolton.ac.uk/blogs/inclusive-practice-in-schools-is-no-longer-optional
Result: url='https://www.bolton.ac.uk/blogs/inclusive-practice-in-schools-is-no-longer-optional' html='' success=False cleaned_html=None media={} links={} downloaded_files=None screenshot=None pdf=None markdown=None markdown_v2=None fit_markdown=None fit_html=None extracted_content=None metadata=None error_message='Unexpected error in _crawl_web at line 1205 in _crawl_web (../../.pyenv/versions/3.12.6/lib/python3.12/site-packages/crawl4ai/async_crawler_strategy.py):\nError: Failed on navigating ACS-GOTO:\nPage.goto: Timeout 10000ms exceeded.\nCall log:\n  - navigating to "https://www.bolton.ac.uk/blogs/inclusive-practice-in-schools-is-no-longer-optional", waiting until "domcontentloaded"\n\n\nCode context:\n1200   \n1201                       response = await page.goto(\n1202                           url, wait_until=config.wait_until, timeout=config.page_timeout\n1203                       )\n1204                   except Error as e:\n1205 →                     raise RuntimeError(f"Failed on navigating ACS-GOTO:\\n{str(e)}")\n1206   \n1207                   await self.execute_hook("after_goto", page, context=context, url=url, response=response)\n1208   \n1209                   if response is None:\n1210                       status_code = 200' session_id=None response_headers=None status_code=None ssl_certificate=None


Failed to crawl: https://www.bolton.ac.uk/blogs/do-you-have-the-leadership-skills-for-teacher-motivation-and-retention
Result: url='https://www.bolton.ac.uk/blogs/do-you-have-the-leadership-skills-for-teacher-motivation-and-retention' html='' success=False cleaned_html=None media={} links={} downloaded_files=None screenshot=None pdf=None markdown=None markdown_v2=None fit_markdown=None fit_html=None extracted_content=None metadata=None error_message='Unexpected error in _crawl_web at line 1205 in _crawl_web (../../.pyenv/versions/3.12.6/lib/python3.12/site-packages/crawl4ai/async_crawler_strategy.py):\nError: Failed on navigating ACS-GOTO:\nPage.goto: Timeout 10000ms exceeded.\nCall log:\n  - navigating to "https://www.bolton.ac.uk/blogs/do-you-have-the-leadership-skills-for-teacher-motivation-and-retention", waiting until "domcontentloaded"\n\n\nCode context:\n1200   \n1201                       response = await page.goto(\n1202                           url, wait_until=config.wait_until, timeout=config.page_timeout\n1203                       )\n1204                   except Error as e:\n1205 →                     raise RuntimeError(f"Failed on navigating ACS-GOTO:\\n{str(e)}")\n1206   \n1207                   await self.execute_hook("after_goto", page, context=context, url=url, response=response)\n1208   \n1209                   if response is None:\n1210                       status_code = 200' session_id=None response_headers=None status_code=None ssl_certificate=None


Failed to crawl: https://www.bolton.ac.uk/blogs/good-leadership-is-essential-for-preventing-teacher-burnout
Result: url='https://www.bolton.ac.uk/blogs/good-leadership-is-essential-for-preventing-teacher-burnout' html='' success=False cleaned_html=None media={} links={} downloaded_files=None screenshot=None pdf=None markdown=None markdown_v2=None fit_markdown=None fit_html=None extracted_content=None metadata=None error_message='Unexpected error in _crawl_web at line 1205 in _crawl_web (../../.pyenv/versions/3.12.6/lib/python3.12/site-packages/crawl4ai/async_crawler_strategy.py):\nError: Failed on navigating ACS-GOTO:\nPage.goto: Timeout 10000ms exceeded.\nCall log:\n  - navigating to "https://www.bolton.ac.uk/blogs/good-leadership-is-essential-for-preventing-teacher-burnout", waiting until "domcontentloaded"\n\n\nCode context:\n1200   \n1201                       response = await page.goto(\n1202                           url, wait_until=config.wait_until, timeout=config.page_timeout\n1203                       )\n1204                   except Error as e:\n1205 →                     raise RuntimeError(f"Failed on navigating ACS-GOTO:\\n{str(e)}")\n1206   \n1207                   await self.execute_hook("after_goto", page, context=context, url=url, response=response)\n1208   \n1209                   if response is None:\n1210                       status_code = 200' session_id=None response_headers=None status_code=None ssl_certificate=None


Failed to crawl: https://www.bolton.ac.uk/blogs/looking-for-a-career-path-get-a-degree-in-education-and-teacher-training
Result: url='https://www.bolton.ac.uk/blogs/looking-for-a-career-path-get-a-degree-in-education-and-teacher-training' html='' success=False cleaned_html=None media={} links={} downloaded_files=None screenshot=None pdf=None markdown=None markdown_v2=None fit_markdown=None fit_html=None extracted_content=None metadata=None error_message='Unexpected error in _crawl_web at line 1205 in _crawl_web (../../.pyenv/versions/3.12.6/lib/python3.12/site-packages/crawl4ai/async_crawler_strategy.py):\nError: Failed on navigating ACS-GOTO:\nPage.goto: Timeout 10000ms exceeded.\nCall log:\n  - navigating to "https://www.bolton.ac.uk/blogs/looking-for-a-career-path-get-a-degree-in-education-and-teacher-training", waiting until "domcontentloaded"\n\n\nCode context:\n1200   \n1201                       response = await page.goto(\n1202                           url, wait_until=config.wait_until, timeout=config.page_timeout\n1203                       )\n1204                   except Error as e:\n1205 →                     raise RuntimeError(f"Failed on navigating ACS-GOTO:\\n{str(e)}")\n1206   \n1207                   await self.execute_hook("after_goto", page, context=context, url=url, response=response)\n1208   \n1209                   if response is None:\n1210                       status_code = 200' session_id=None response_headers=None status_code=None ssl_certificate=None


Failed to crawl: https://www.bolton.ac.uk/blogs/upskilling-teachers-through-professional-development-powerful-stats-to-know
Result: url='https://www.bolton.ac.uk/blogs/upskilling-teachers-through-professional-development-powerful-stats-to-know' html='' success=False cleaned_html=None media={} links={} downloaded_files=None screenshot=None pdf=None markdown=None markdown_v2=None fit_markdown=None fit_html=None extracted_content=None metadata=None error_message='Unexpected error in _crawl_web at line 1205 in _crawl_web (../../.pyenv/versions/3.12.6/lib/python3.12/site-packages/crawl4ai/async_crawler_strategy.py):\nError: Failed on navigating ACS-GOTO:\nPage.goto: Timeout 10000ms exceeded.\nCall log:\n  - navigating to "https://www.bolton.ac.uk/blogs/upskilling-teachers-through-professional-development-powerful-stats-to-know", waiting until "domcontentloaded"\n\n\nCode context:\n1200   \n1201                       response = await page.goto(\n1202                           url, wait_until=config.wait_until, timeout=config.page_timeout\n1203                       )\n1204                   except Error as e:\n1205 →                     raise RuntimeError(f"Failed on navigating ACS-GOTO:\\n{str(e)}")\n1206   \n1207                   await self.execute_hook("after_goto", page, context=context, url=url, response=response)\n1208   \n1209                   if response is None:\n1210                       status_code = 200' session_id=None response_headers=None status_code=None ssl_certificate=None


Failed to crawl: https://www.bolton.ac.uk/blogs/the-importance-of-teacher-professional-development-and-retraining
Result: url='https://www.bolton.ac.uk/blogs/the-importance-of-teacher-professional-development-and-retraining' html='' success=False cleaned_html=None media={} links={} downloaded_files=None screenshot=None pdf=None markdown=None markdown_v2=None fit_markdown=None fit_html=None extracted_content=None metadata=None error_message='Unexpected error in _crawl_web at line 1205 in _crawl_web (../../.pyenv/versions/3.12.6/lib/python3.12/site-packages/crawl4ai/async_crawler_strategy.py):\nError: Failed on navigating ACS-GOTO:\nPage.goto: Timeout 10000ms exceeded.\nCall log:\n  - navigating to "https://www.bolton.ac.uk/blogs/the-importance-of-teacher-professional-development-and-retraining", waiting until "domcontentloaded"\n\n\nCode context:\n1200   \n1201                       response = await page.goto(\n1202                           url, wait_until=config.wait_until, timeout=config.page_timeout\n1203                       )\n1204                   except Error as e:\n1205 →                     raise RuntimeError(f"Failed on navigating ACS-GOTO:\\n{str(e)}")\n1206   \n1207                   await self.execute_hook("after_goto", page, context=context, url=url, response=response)\n1208   \n1209                   if response is None:\n1210                       status_code = 200' session_id=None response_headers=None status_code=None ssl_certificate=None


Failed to crawl: https://www.bolton.ac.uk/blogs/the-inclusive-classroom-calls-for-skilled-teachers-retrain-in-2021
Result: url='https://www.bolton.ac.uk/blogs/the-inclusive-classroom-calls-for-skilled-teachers-retrain-in-2021' html='' success=False cleaned_html=None media={} links={} downloaded_files=None screenshot=None pdf=None markdown=None markdown_v2=None fit_markdown=None fit_html=None extracted_content=None metadata=None error_message='Unexpected error in _crawl_web at line 1205 in _crawl_web (../../.pyenv/versions/3.12.6/lib/python3.12/site-packages/crawl4ai/async_crawler_strategy.py):\nError: Failed on navigating ACS-GOTO:\nPage.goto: Timeout 10000ms exceeded.\nCall log:\n  - navigating to "https://www.bolton.ac.uk/blogs/the-inclusive-classroom-calls-for-skilled-teachers-retrain-in-2021", waiting until "domcontentloaded"\n\n\nCode context:\n1200   \n1201                       response = await page.goto(\n1202                           url, wait_until=config.wait_until, timeout=config.page_timeout\n1203                       )\n1204                   except Error as e:\n1205 →                     raise RuntimeError(f"Failed on navigating ACS-GOTO:\\n{str(e)}")\n1206   \n1207                   await self.execute_hook("after_goto", page, context=context, url=url, response=response)\n1208   \n1209                   if response is None:\n1210                       status_code = 200' session_id=None response_headers=None status_code=None ssl_certificate=None


Failed to crawl: https://www.bolton.ac.uk/blogs/retraining-in-educational-leadership-is-it-for-you
Result: url='https://www.bolton.ac.uk/blogs/retraining-in-educational-leadership-is-it-for-you' html='' success=False cleaned_html=None media={} links={} downloaded_files=None screenshot=None pdf=None markdown=None markdown_v2=None fit_markdown=None fit_html=None extracted_content=None metadata=None error_message='Unexpected error in _crawl_web at line 1205 in _crawl_web (../../.pyenv/versions/3.12.6/lib/python3.12/site-packages/crawl4ai/async_crawler_strategy.py):\nError: Failed on navigating ACS-GOTO:\nPage.goto: Timeout 10000ms exceeded.\nCall log:\n  - navigating to "https://www.bolton.ac.uk/blogs/retraining-in-educational-leadership-is-it-for-you", waiting until "domcontentloaded"\n\n\nCode context:\n1200   \n1201                       response = await page.goto(\n1202                           url, wait_until=config.wait_until, timeout=config.page_timeout\n1203                       )\n1204                   except Error as e:\n1205 →                     raise RuntimeError(f"Failed on navigating ACS-GOTO:\\n{str(e)}")\n1206   \n1207                   await self.execute_hook("after_goto", page, context=context, url=url, response=response)\n1208   \n1209                   if response is None:\n1210                       status_code = 200' session_id=None response_headers=None status_code=None ssl_certificate=None


Failed to crawl: https://www.bolton.ac.uk/blogs/explore-the-power-of-teaching-ba-hons-education-and-learning
Result: url='https://www.bolton.ac.uk/blogs/explore-the-power-of-teaching-ba-hons-education-and-learning' html='' success=False cleaned_html=None media={} links={} downloaded_files=None screenshot=None pdf=None markdown=None markdown_v2=None fit_markdown=None fit_html=None extracted_content=None metadata=None error_message='Unexpected error in _crawl_web at line 1205 in _crawl_web (../../.pyenv/versions/3.12.6/lib/python3.12/site-packages/crawl4ai/async_crawler_strategy.py):\nError: Failed on navigating ACS-GOTO:\nPage.goto: Timeout 10000ms exceeded.\nCall log:\n  - navigating to "https://www.bolton.ac.uk/blogs/explore-the-power-of-teaching-ba-hons-education-and-learning", waiting until "domcontentloaded"\n\n\nCode context:\n1200   \n1201                       response = await page.goto(\n1202                           url, wait_until=config.wait_until, timeout=config.page_timeout\n1203                       )\n1204                   except Error as e:\n1205 →                     raise RuntimeError(f"Failed on navigating ACS-GOTO:\\n{str(e)}")\n1206   \n1207                   await self.execute_hook("after_goto", page, context=context, url=url, response=response)\n1208   \n1209                   if response is None:\n1210                       status_code = 200' session_id=None response_headers=None status_code=None ssl_certificate=None


Failed to crawl: https://www.bolton.ac.uk/blogs/why-educators-need-professional-development-to-stay-competent
Result: url='https://www.bolton.ac.uk/blogs/why-educators-need-professional-development-to-stay-competent' html='' success=False cleaned_html=None media={} links={} downloaded_files=None screenshot=None pdf=None markdown=None markdown_v2=None fit_markdown=None fit_html=None extracted_content=None metadata=None error_message='Unexpected error in _crawl_web at line 1205 in _crawl_web (../../.pyenv/versions/3.12.6/lib/python3.12/site-packages/crawl4ai/async_crawler_strategy.py):\nError: Failed on navigating ACS-GOTO:\nPage.goto: Timeout 10000ms exceeded.\nCall log:\n  - navigating to "https://www.bolton.ac.uk/blogs/why-educators-need-professional-development-to-stay-competent", waiting until "domcontentloaded"\n\n\nCode context:\n1200   \n1201                       response = await page.goto(\n1202                           url, wait_until=config.wait_until, timeout=config.page_timeout\n1203                       )\n1204                   except Error as e:\n1205 →                     raise RuntimeError(f"Failed on navigating ACS-GOTO:\\n{str(e)}")\n1206   \n1207                   await self.execute_hook("after_goto", page, context=context, url=url, response=response)\n1208   \n1209                   if response is None:\n1210                       status_code = 200' session_id=None response_headers=None status_code=None ssl_certificate=None


Failed to crawl: https://www.bolton.ac.uk/blogs/why-german-is-a-great-language-to-teach
Result: url='https://www.bolton.ac.uk/blogs/why-german-is-a-great-language-to-teach' html='' success=False cleaned_html=None media={} links={} downloaded_files=None screenshot=None pdf=None markdown=None markdown_v2=None fit_markdown=None fit_html=None extracted_content=None metadata=None error_message='Unexpected error in _crawl_web at line 1205 in _crawl_web (../../.pyenv/versions/3.12.6/lib/python3.12/site-packages/crawl4ai/async_crawler_strategy.py):\nError: Failed on navigating ACS-GOTO:\nPage.goto: Timeout 10000ms exceeded.\nCall log:\n  - navigating to "https://www.bolton.ac.uk/blogs/why-german-is-a-great-language-to-teach", waiting until "domcontentloaded"\n\n\nCode context:\n1200   \n1201                       response = await page.goto(\n1202                           url, wait_until=config.wait_until, timeout=config.page_timeout\n1203                       )\n1204                   except Error as e:\n1205 →                     raise RuntimeError(f"Failed on navigating ACS-GOTO:\\n{str(e)}")\n1206   \n1207                   await self.execute_hook("after_goto", page, context=context, url=url, response=response)\n1208   \n1209                   if response is None:\n1210                       status_code = 200' session_id=None response_headers=None status_code=None ssl_certificate=None


Failed to crawl: https://www.bolton.ac.uk/blogs/why-train-as-a-computer-science-teacher
Result: url='https://www.bolton.ac.uk/blogs/why-train-as-a-computer-science-teacher' html='' success=False cleaned_html=None media={} links={} downloaded_files=None screenshot=None pdf=None markdown=None markdown_v2=None fit_markdown=None fit_html=None extracted_content=None metadata=None error_message='Unexpected error in _crawl_web at line 1205 in _crawl_web (../../.pyenv/versions/3.12.6/lib/python3.12/site-packages/crawl4ai/async_crawler_strategy.py):\nError: Failed on navigating ACS-GOTO:\nPage.goto: Timeout 10000ms exceeded.\nCall log:\n  - navigating to "https://www.bolton.ac.uk/blogs/why-train-as-a-computer-science-teacher", waiting until "domcontentloaded"\n\n\nCode context:\n1200   \n1201                       response = await page.goto(\n1202                           url, wait_until=config.wait_until, timeout=config.page_timeout\n1203                       )\n1204                   except Error as e:\n1205 →                     raise RuntimeError(f"Failed on navigating ACS-GOTO:\\n{str(e)}")\n1206   \n1207                   await self.execute_hook("after_goto", page, context=context, url=url, response=response)\n1208   \n1209                   if response is None:\n1210                       status_code = 200' session_id=None response_headers=None status_code=None ssl_certificate=None


Failed to crawl: https://www.bolton.ac.uk/blogs/inspiring-others-in-education-ma-educational-leadership
Result: url='https://www.bolton.ac.uk/blogs/inspiring-others-in-education-ma-educational-leadership' html='' success=False cleaned_html=None media={} links={} downloaded_files=None screenshot=None pdf=None markdown=None markdown_v2=None fit_markdown=None fit_html=None extracted_content=None metadata=None error_message='Unexpected error in _crawl_web at line 1205 in _crawl_web (../../.pyenv/versions/3.12.6/lib/python3.12/site-packages/crawl4ai/async_crawler_strategy.py):\nError: Failed on navigating ACS-GOTO:\nPage.goto: Timeout 10000ms exceeded.\nCall log:\n  - navigating to "https://www.bolton.ac.uk/blogs/inspiring-others-in-education-ma-educational-leadership", waiting until "domcontentloaded"\n\n\nCode context:\n1200   \n1201                       response = await page.goto(\n1202                           url, wait_until=config.wait_until, timeout=config.page_timeout\n1203                       )\n1204                   except Error as e:\n1205 →                     raise RuntimeError(f"Failed on navigating ACS-GOTO:\\n{str(e)}")\n1206   \n1207                   await self.execute_hook("after_goto", page, context=context, url=url, response=response)\n1208   \n1209                   if response is None:\n1210                       status_code = 200' session_id=None response_headers=None status_code=None ssl_certificate=None


Failed to crawl: https://www.bolton.ac.uk/blogs/no-teaching-experience-is-needed-to-teach-the-trade-you-love
Result: url='https://www.bolton.ac.uk/blogs/no-teaching-experience-is-needed-to-teach-the-trade-you-love' html='' success=False cleaned_html=None media={} links={} downloaded_files=None screenshot=None pdf=None markdown=None markdown_v2=None fit_markdown=None fit_html=None extracted_content=None metadata=None error_message='Unexpected error in _crawl_web at line 1205 in _crawl_web (../../.pyenv/versions/3.12.6/lib/python3.12/site-packages/crawl4ai/async_crawler_strategy.py):\nError: Failed on navigating ACS-GOTO:\nPage.goto: Timeout 10000ms exceeded.\nCall log:\n  - navigating to "https://www.bolton.ac.uk/blogs/no-teaching-experience-is-needed-to-teach-the-trade-you-love", waiting until "domcontentloaded"\n\n\nCode context:\n1200   \n1201                       response = await page.goto(\n1202                           url, wait_until=config.wait_until, timeout=config.page_timeout\n1203                       )\n1204                   except Error as e:\n1205 →                     raise RuntimeError(f"Failed on navigating ACS-GOTO:\\n{str(e)}")\n1206   \n1207                   await self.execute_hook("after_goto", page, context=context, url=url, response=response)\n1208   \n1209                   if response is None:\n1210                       status_code = 200' session_id=None response_headers=None status_code=None ssl_certificate=None


Failed to crawl: https://www.bolton.ac.uk/blogs/how-can-you-get-into-teaching-overseas
Result: url='https://www.bolton.ac.uk/blogs/how-can-you-get-into-teaching-overseas' html='' success=False cleaned_html=None media={} links={} downloaded_files=None screenshot=None pdf=None markdown=None markdown_v2=None fit_markdown=None fit_html=None extracted_content=None metadata=None error_message='Unexpected error in _crawl_web at line 1205 in _crawl_web (../../.pyenv/versions/3.12.6/lib/python3.12/site-packages/crawl4ai/async_crawler_strategy.py):\nError: Failed on navigating ACS-GOTO:\nPage.goto: Timeout 10000ms exceeded.\nCall log:\n  - navigating to "https://www.bolton.ac.uk/blogs/how-can-you-get-into-teaching-overseas", waiting until "domcontentloaded"\n\n\nCode context:\n1200   \n1201                       response = await page.goto(\n1202                           url, wait_until=config.wait_until, timeout=config.page_timeout\n1203                       )\n1204                   except Error as e:\n1205 →                     raise RuntimeError(f"Failed on navigating ACS-GOTO:\\n{str(e)}")\n1206   \n1207                   await self.execute_hook("after_goto", page, context=context, url=url, response=response)\n1208   \n1209                   if response is None:\n1210                       status_code = 200' session_id=None response_headers=None status_code=None ssl_certificate=None


Failed to crawl: https://www.bolton.ac.uk/blogs/john-zavos-has-just-graduated-from-his-pgce-post-graduate-certificate-in-education
Result: url='https://www.bolton.ac.uk/blogs/john-zavos-has-just-graduated-from-his-pgce-post-graduate-certificate-in-education' html='' success=False cleaned_html=None media={} links={} downloaded_files=None screenshot=None pdf=None markdown=None markdown_v2=None fit_markdown=None fit_html=None extracted_content=None metadata=None error_message='Unexpected error in _crawl_web at line 1205 in _crawl_web (../../.pyenv/versions/3.12.6/lib/python3.12/site-packages/crawl4ai/async_crawler_strategy.py):\nError: Failed on navigating ACS-GOTO:\nPage.goto: Timeout 10000ms exceeded.\nCall log:\n  - navigating to "https://www.bolton.ac.uk/blogs/john-zavos-has-just-graduated-from-his-pgce-post-graduate-certificate-in-education", waiting until "domcontentloaded"\n\n\nCode context:\n1200   \n1201                       response = await page.goto(\n1202                           url, wait_until=config.wait_until, timeout=config.page_timeout\n1203                       )\n1204                   except Error as e:\n1205 →                     raise RuntimeError(f"Failed on navigating ACS-GOTO:\\n{str(e)}")\n1206   \n1207                   await self.execute_hook("after_goto", page, context=context, url=url, response=response)\n1208   \n1209                   if response is None:\n1210                       status_code = 200' session_id=None response_headers=None status_code=None ssl_certificate=None


Failed to crawl: https://www.bolton.ac.uk/blogs/why-consider-a-career-in-electrical-engineering
Result: url='https://www.bolton.ac.uk/blogs/why-consider-a-career-in-electrical-engineering' html='' success=False cleaned_html=None media={} links={} downloaded_files=None screenshot=None pdf=None markdown=None markdown_v2=None fit_markdown=None fit_html=None extracted_content=None metadata=None error_message='Unexpected error in _crawl_web at line 1205 in _crawl_web (../../.pyenv/versions/3.12.6/lib/python3.12/site-packages/crawl4ai/async_crawler_strategy.py):\nError: Failed on navigating ACS-GOTO:\nPage.goto: Timeout 10000ms exceeded.\nCall log:\n  - navigating to "https://www.bolton.ac.uk/blogs/why-consider-a-career-in-electrical-engineering", waiting until "domcontentloaded"\n\n\nCode context:\n1200   \n1201                       response = await page.goto(\n1202                           url, wait_until=config.wait_until, timeout=config.page_timeout\n1203                       )\n1204                   except Error as e:\n1205 →                     raise RuntimeError(f"Failed on navigating ACS-GOTO:\\n{str(e)}")\n1206   \n1207                   await self.execute_hook("after_goto", page, context=context, url=url, response=response)\n1208   \n1209                   if response is None:\n1210                       status_code = 200' session_id=None response_headers=None status_code=None ssl_certificate=None


Failed to crawl: https://www.bolton.ac.uk/blogs/2023-electronic-engineering-trends-that-you-need-to-know
Result: url='https://www.bolton.ac.uk/blogs/2023-electronic-engineering-trends-that-you-need-to-know' html='' success=False cleaned_html=None media={} links={} downloaded_files=None screenshot=None pdf=None markdown=None markdown_v2=None fit_markdown=None fit_html=None extracted_content=None metadata=None error_message='Unexpected error in _crawl_web at line 1205 in _crawl_web (../../.pyenv/versions/3.12.6/lib/python3.12/site-packages/crawl4ai/async_crawler_strategy.py):\nError: Failed on navigating ACS-GOTO:\nPage.goto: Timeout 10000ms exceeded.\nCall log:\n  - navigating to "https://www.bolton.ac.uk/blogs/2023-electronic-engineering-trends-that-you-need-to-know", waiting until "domcontentloaded"\n\n\nCode context:\n1200   \n1201                       response = await page.goto(\n1202                           url, wait_until=config.wait_until, timeout=config.page_timeout\n1203                       )\n1204                   except Error as e:\n1205 →                     raise RuntimeError(f"Failed on navigating ACS-GOTO:\\n{str(e)}")\n1206   \n1207                   await self.execute_hook("after_goto", page, context=context, url=url, response=response)\n1208   \n1209                   if response is None:\n1210                       status_code = 200' session_id=None response_headers=None status_code=None ssl_certificate=None


Failed to crawl: https://www.bolton.ac.uk/blogs/mr-bean-is-an-electrical-engineer
Result: url='https://www.bolton.ac.uk/blogs/mr-bean-is-an-electrical-engineer' html='' success=False cleaned_html=None media={} links={} downloaded_files=None screenshot=None pdf=None markdown=None markdown_v2=None fit_markdown=None fit_html=None extracted_content=None metadata=None error_message='Unexpected error in _crawl_web at line 1205 in _crawl_web (../../.pyenv/versions/3.12.6/lib/python3.12/site-packages/crawl4ai/async_crawler_strategy.py):\nError: Failed on navigating ACS-GOTO:\nPage.goto: Timeout 10000ms exceeded.\nCall log:\n  - navigating to "https://www.bolton.ac.uk/blogs/mr-bean-is-an-electrical-engineer", waiting until "domcontentloaded"\n\n\nCode context:\n1200   \n1201                       response = await page.goto(\n1202                           url, wait_until=config.wait_until, timeout=config.page_timeout\n1203                       )\n1204                   except Error as e:\n1205 →                     raise RuntimeError(f"Failed on navigating ACS-GOTO:\\n{str(e)}")\n1206   \n1207                   await self.execute_hook("after_goto", page, context=context, url=url, response=response)\n1208   \n1209                   if response is None:\n1210                       status_code = 200' session_id=None response_headers=None status_code=None ssl_certificate=None


Failed to crawl: https://www.bolton.ac.uk/blogs/sustainable-solar-farm-visit-for-environmental-management-and-electrical-engineering-students
Result: url='https://www.bolton.ac.uk/blogs/sustainable-solar-farm-visit-for-environmental-management-and-electrical-engineering-students' html='' success=False cleaned_html=None media={} links={} downloaded_files=None screenshot=None pdf=None markdown=None markdown_v2=None fit_markdown=None fit_html=None extracted_content=None metadata=None error_message='Unexpected error in _crawl_web at line 1205 in _crawl_web (../../.pyenv/versions/3.12.6/lib/python3.12/site-packages/crawl4ai/async_crawler_strategy.py):\nError: Failed on navigating ACS-GOTO:\nPage.goto: Timeout 10000ms exceeded.\nCall log:\n  - navigating to "https://www.bolton.ac.uk/blogs/sustainable-solar-farm-visit-for-environmental-management-and-electrical-engineering-students", waiting until "domcontentloaded"\n\n\nCode context:\n1200   \n1201                       response = await page.goto(\n1202                           url, wait_until=config.wait_until, timeout=config.page_timeout\n1203                       )\n1204                   except Error as e:\n1205 →                     raise RuntimeError(f"Failed on navigating ACS-GOTO:\\n{str(e)}")\n1206   \n1207                   await self.execute_hook("after_goto", page, context=context, url=url, response=response)\n1208   \n1209                   if response is None:\n1210                       status_code = 200' session_id=None response_headers=None status_code=None ssl_certificate=None


Failed to crawl: https://www.bolton.ac.uk/blogs/masters-in-electrical-engineering-spotlight-on-sowmya-nagesh
Result: url='https://www.bolton.ac.uk/blogs/masters-in-electrical-engineering-spotlight-on-sowmya-nagesh' html='' success=False cleaned_html=None media={} links={} downloaded_files=None screenshot=None pdf=None markdown=None markdown_v2=None fit_markdown=None fit_html=None extracted_content=None metadata=None error_message='Unexpected error in _crawl_web at line 1205 in _crawl_web (../../.pyenv/versions/3.12.6/lib/python3.12/site-packages/crawl4ai/async_crawler_strategy.py):\nError: Failed on navigating ACS-GOTO:\nPage.goto: Timeout 10000ms exceeded.\nCall log:\n  - navigating to "https://www.bolton.ac.uk/blogs/masters-in-electrical-engineering-spotlight-on-sowmya-nagesh", waiting until "domcontentloaded"\n\n\nCode context:\n1200   \n1201                       response = await page.goto(\n1202                           url, wait_until=config.wait_until, timeout=config.page_timeout\n1203                       )\n1204                   except Error as e:\n1205 →                     raise RuntimeError(f"Failed on navigating ACS-GOTO:\\n{str(e)}")\n1206   \n1207                   await self.execute_hook("after_goto", page, context=context, url=url, response=response)\n1208   \n1209                   if response is None:\n1210                       status_code = 200' session_id=None response_headers=None status_code=None ssl_certificate=None


Failed to crawl: https://www.bolton.ac.uk/blogs/engineering-managers-are-in-demand-but-soft-skills-are-vital
Result: url='https://www.bolton.ac.uk/blogs/engineering-managers-are-in-demand-but-soft-skills-are-vital' html='' success=False cleaned_html=None media={} links={} downloaded_files=None screenshot=None pdf=None markdown=None markdown_v2=None fit_markdown=None fit_html=None extracted_content=None metadata=None error_message='Unexpected error in _crawl_web at line 1205 in _crawl_web (../../.pyenv/versions/3.12.6/lib/python3.12/site-packages/crawl4ai/async_crawler_strategy.py):\nError: Failed on navigating ACS-GOTO:\nPage.goto: Timeout 10000ms exceeded.\nCall log:\n  - navigating to "https://www.bolton.ac.uk/blogs/engineering-managers-are-in-demand-but-soft-skills-are-vital", waiting until "domcontentloaded"\n\n\nCode context:\n1200   \n1201                       response = await page.goto(\n1202                           url, wait_until=config.wait_until, timeout=config.page_timeout\n1203                       )\n1204                   except Error as e:\n1205 →                     raise RuntimeError(f"Failed on navigating ACS-GOTO:\\n{str(e)}")\n1206   \n1207                   await self.execute_hook("after_goto", page, context=context, url=url, response=response)\n1208   \n1209                   if response is None:\n1210                       status_code = 200' session_id=None response_headers=None status_code=None ssl_certificate=None


Failed to crawl: https://www.bolton.ac.uk/blogs/engineering-leadership-careers-in-the-time-of-robotics
Result: url='https://www.bolton.ac.uk/blogs/engineering-leadership-careers-in-the-time-of-robotics' html='' success=False cleaned_html=None media={} links={} downloaded_files=None screenshot=None pdf=None markdown=None markdown_v2=None fit_markdown=None fit_html=None extracted_content=None metadata=None error_message='Unexpected error in _crawl_web at line 1205 in _crawl_web (../../.pyenv/versions/3.12.6/lib/python3.12/site-packages/crawl4ai/async_crawler_strategy.py):\nError: Failed on navigating ACS-GOTO:\nPage.goto: Timeout 10000ms exceeded.\nCall log:\n  - navigating to "https://www.bolton.ac.uk/blogs/engineering-leadership-careers-in-the-time-of-robotics", waiting until "domcontentloaded"\n\n\nCode context:\n1200   \n1201                       response = await page.goto(\n1202                           url, wait_until=config.wait_until, timeout=config.page_timeout\n1203                       )\n1204                   except Error as e:\n1205 →                     raise RuntimeError(f"Failed on navigating ACS-GOTO:\\n{str(e)}")\n1206   \n1207                   await self.execute_hook("after_goto", page, context=context, url=url, response=response)\n1208   \n1209                   if response is None:\n1210                       status_code = 200' session_id=None response_headers=None status_code=None ssl_certificate=None


Failed to crawl: https://www.bolton.ac.uk/blogs/why-choose-an-accredited-electronic-engineering-course
Result: url='https://www.bolton.ac.uk/blogs/why-choose-an-accredited-electronic-engineering-course' html='' success=False cleaned_html=None media={} links={} downloaded_files=None screenshot=None pdf=None markdown=None markdown_v2=None fit_markdown=None fit_html=None extracted_content=None metadata=None error_message='Unexpected error in _crawl_web at line 1205 in _crawl_web (../../.pyenv/versions/3.12.6/lib/python3.12/site-packages/crawl4ai/async_crawler_strategy.py):\nError: Failed on navigating ACS-GOTO:\nPage.goto: Timeout 10000ms exceeded.\nCall log:\n  - navigating to "https://www.bolton.ac.uk/blogs/why-choose-an-accredited-electronic-engineering-course", waiting until "domcontentloaded"\n\n\nCode context:\n1200   \n1201                       response = await page.goto(\n1202                           url, wait_until=config.wait_until, timeout=config.page_timeout\n1203                       )\n1204                   except Error as e:\n1205 →                     raise RuntimeError(f"Failed on navigating ACS-GOTO:\\n{str(e)}")\n1206   \n1207                   await self.execute_hook("after_goto", page, context=context, url=url, response=response)\n1208   \n1209                   if response is None:\n1210                       status_code = 200' session_id=None response_headers=None status_code=None ssl_certificate=None


Failed to crawl: https://www.bolton.ac.uk/blogs/why-analogue-engineering-is-still-important
Result: url='https://www.bolton.ac.uk/blogs/why-analogue-engineering-is-still-important' html='' success=False cleaned_html=None media={} links={} downloaded_files=None screenshot=None pdf=None markdown=None markdown_v2=None fit_markdown=None fit_html=None extracted_content=None metadata=None error_message='Unexpected error in _crawl_web at line 1205 in _crawl_web (../../.pyenv/versions/3.12.6/lib/python3.12/site-packages/crawl4ai/async_crawler_strategy.py):\nError: Failed on navigating ACS-GOTO:\nPage.goto: Timeout 10000ms exceeded.\nCall log:\n  - navigating to "https://www.bolton.ac.uk/blogs/why-analogue-engineering-is-still-important", waiting until "domcontentloaded"\n\n\nCode context:\n1200   \n1201                       response = await page.goto(\n1202                           url, wait_until=config.wait_until, timeout=config.page_timeout\n1203                       )\n1204                   except Error as e:\n1205 →                     raise RuntimeError(f"Failed on navigating ACS-GOTO:\\n{str(e)}")\n1206   \n1207                   await self.execute_hook("after_goto", page, context=context, url=url, response=response)\n1208   \n1209                   if response is None:\n1210                       status_code = 200' session_id=None response_headers=None status_code=None ssl_certificate=None


Failed to crawl: https://www.bolton.ac.uk/blogs/why-choose-the-university-of-bolton-for-upskilling-in-electrical-engineering
Result: url='https://www.bolton.ac.uk/blogs/why-choose-the-university-of-bolton-for-upskilling-in-electrical-engineering' html='' success=False cleaned_html=None media={} links={} downloaded_files=None screenshot=None pdf=None markdown=None markdown_v2=None fit_markdown=None fit_html=None extracted_content=None metadata=None error_message='Unexpected error in _crawl_web at line 1205 in _crawl_web (../../.pyenv/versions/3.12.6/lib/python3.12/site-packages/crawl4ai/async_crawler_strategy.py):\nError: Failed on navigating ACS-GOTO:\nPage.goto: Timeout 10000ms exceeded.\nCall log:\n  - navigating to "https://www.bolton.ac.uk/blogs/why-choose-the-university-of-bolton-for-upskilling-in-electrical-engineering", waiting until "domcontentloaded"\n\n\nCode context:\n1200   \n1201                       response = await page.goto(\n1202                           url, wait_until=config.wait_until, timeout=config.page_timeout\n1203                       )\n1204                   except Error as e:\n1205 →                     raise RuntimeError(f"Failed on navigating ACS-GOTO:\\n{str(e)}")\n1206   \n1207                   await self.execute_hook("after_goto", page, context=context, url=url, response=response)\n1208   \n1209                   if response is None:\n1210                       status_code = 200' session_id=None response_headers=None status_code=None ssl_certificate=None


Failed to crawl: https://www.bolton.ac.uk/blogs/5-reasons-to-retrain-with-a-masters-degree-in-electrical-engineering
Result: url='https://www.bolton.ac.uk/blogs/5-reasons-to-retrain-with-a-masters-degree-in-electrical-engineering' html='' success=False cleaned_html=None media={} links={} downloaded_files=None screenshot=None pdf=None markdown=None markdown_v2=None fit_markdown=None fit_html=None extracted_content=None metadata=None error_message='Unexpected error in _crawl_web at line 1205 in _crawl_web (../../.pyenv/versions/3.12.6/lib/python3.12/site-packages/crawl4ai/async_crawler_strategy.py):\nError: Failed on navigating ACS-GOTO:\nPage.goto: Timeout 10000ms exceeded.\nCall log:\n  - navigating to "https://www.bolton.ac.uk/blogs/5-reasons-to-retrain-with-a-masters-degree-in-electrical-engineering", waiting until "domcontentloaded"\n\n\nCode context:\n1200   \n1201                       response = await page.goto(\n1202                           url, wait_until=config.wait_until, timeout=config.page_timeout\n1203                       )\n1204                   except Error as e:\n1205 →                     raise RuntimeError(f"Failed on navigating ACS-GOTO:\\n{str(e)}")\n1206   \n1207                   await self.execute_hook("after_goto", page, context=context, url=url, response=response)\n1208   \n1209                   if response is None:\n1210                       status_code = 200' session_id=None response_headers=None status_code=None ssl_certificate=None


Failed to crawl: https://www.bolton.ac.uk/blogs/mechanical-and-electronic-engineering-courses-you-can-still-apply-with-us
Result: url='https://www.bolton.ac.uk/blogs/mechanical-and-electronic-engineering-courses-you-can-still-apply-with-us' html='' success=False cleaned_html=None media={} links={} downloaded_files=None screenshot=None pdf=None markdown=None markdown_v2=None fit_markdown=None fit_html=None extracted_content=None metadata=None error_message='Unexpected error in _crawl_web at line 1205 in _crawl_web (../../.pyenv/versions/3.12.6/lib/python3.12/site-packages/crawl4ai/async_crawler_strategy.py):\nError: Failed on navigating ACS-GOTO:\nPage.goto: Timeout 10000ms exceeded.\nCall log:\n  - navigating to "https://www.bolton.ac.uk/blogs/mechanical-and-electronic-engineering-courses-you-can-still-apply-with-us", waiting until "domcontentloaded"\n\n\nCode context:\n1200   \n1201                       response = await page.goto(\n1202                           url, wait_until=config.wait_until, timeout=config.page_timeout\n1203                       )\n1204                   except Error as e:\n1205 →                     raise RuntimeError(f"Failed on navigating ACS-GOTO:\\n{str(e)}")\n1206   \n1207                   await self.execute_hook("after_goto", page, context=context, url=url, response=response)\n1208   \n1209                   if response is None:\n1210                       status_code = 200' session_id=None response_headers=None status_code=None ssl_certificate=None


Failed to crawl: https://www.bolton.ac.uk/blogs/looking-for-a-career-path-get-a-degree-in-electrical-and-electronic-engineering
Result: url='https://www.bolton.ac.uk/blogs/looking-for-a-career-path-get-a-degree-in-electrical-and-electronic-engineering' html='' success=False cleaned_html=None media={} links={} downloaded_files=None screenshot=None pdf=None markdown=None markdown_v2=None fit_markdown=None fit_html=None extracted_content=None metadata=None error_message='Unexpected error in _crawl_web at line 1205 in _crawl_web (../../.pyenv/versions/3.12.6/lib/python3.12/site-packages/crawl4ai/async_crawler_strategy.py):\nError: Failed on navigating ACS-GOTO:\nPage.goto: Timeout 10000ms exceeded.\nCall log:\n  - navigating to "https://www.bolton.ac.uk/blogs/looking-for-a-career-path-get-a-degree-in-electrical-and-electronic-engineering", waiting until "domcontentloaded"\n\n\nCode context:\n1200   \n1201                       response = await page.goto(\n1202                           url, wait_until=config.wait_until, timeout=config.page_timeout\n1203                       )\n1204                   except Error as e:\n1205 →                     raise RuntimeError(f"Failed on navigating ACS-GOTO:\\n{str(e)}")\n1206   \n1207                   await self.execute_hook("after_goto", page, context=context, url=url, response=response)\n1208   \n1209                   if response is None:\n1210                       status_code = 200' session_id=None response_headers=None status_code=None ssl_certificate=None


Failed to crawl: https://www.bolton.ac.uk/blogs/electrical-and-electronic-engineering-new-3d-printed-products-that-are-helping-the-nhs-2
Result: url='https://www.bolton.ac.uk/blogs/electrical-and-electronic-engineering-new-3d-printed-products-that-are-helping-the-nhs-2' html='' success=False cleaned_html=None media={} links={} downloaded_files=None screenshot=None pdf=None markdown=None markdown_v2=None fit_markdown=None fit_html=None extracted_content=None metadata=None error_message='Unexpected error in _crawl_web at line 1205 in _crawl_web (../../.pyenv/versions/3.12.6/lib/python3.12/site-packages/crawl4ai/async_crawler_strategy.py):\nError: Failed on navigating ACS-GOTO:\nPage.goto: Timeout 10000ms exceeded.\nCall log:\n  - navigating to "https://www.bolton.ac.uk/blogs/electrical-and-electronic-engineering-new-3d-printed-products-that-are-helping-the-nhs-2", waiting until "domcontentloaded"\n\n\nCode context:\n1200   \n1201                       response = await page.goto(\n1202                           url, wait_until=config.wait_until, timeout=config.page_timeout\n1203                       )\n1204                   except Error as e:\n1205 →                     raise RuntimeError(f"Failed on navigating ACS-GOTO:\\n{str(e)}")\n1206   \n1207                   await self.execute_hook("after_goto", page, context=context, url=url, response=response)\n1208   \n1209                   if response is None:\n1210                       status_code = 200' session_id=None response_headers=None status_code=None ssl_certificate=None


Failed to crawl: https://www.bolton.ac.uk/blogs/presentation-of-student-projects-at-open-day
Result: url='https://www.bolton.ac.uk/blogs/presentation-of-student-projects-at-open-day' html='' success=False cleaned_html=None media={} links={} downloaded_files=None screenshot=None pdf=None markdown=None markdown_v2=None fit_markdown=None fit_html=None extracted_content=None metadata=None error_message='Unexpected error in _crawl_web at line 1205 in _crawl_web (../../.pyenv/versions/3.12.6/lib/python3.12/site-packages/crawl4ai/async_crawler_strategy.py):\nError: Failed on navigating ACS-GOTO:\nPage.goto: Timeout 10000ms exceeded.\nCall log:\n  - navigating to "https://www.bolton.ac.uk/blogs/presentation-of-student-projects-at-open-day", waiting until "domcontentloaded"\n\n\nCode context:\n1200   \n1201                       response = await page.goto(\n1202                           url, wait_until=config.wait_until, timeout=config.page_timeout\n1203                       )\n1204                   except Error as e:\n1205 →                     raise RuntimeError(f"Failed on navigating ACS-GOTO:\\n{str(e)}")\n1206   \n1207                   await self.execute_hook("after_goto", page, context=context, url=url, response=response)\n1208   \n1209                   if response is None:\n1210                       status_code = 200' session_id=None response_headers=None status_code=None ssl_certificate=None


Failed to crawl: https://www.bolton.ac.uk/blogs/state-of-the-art-facilities-for-smart-grids-and-renewable-energy
Result: url='https://www.bolton.ac.uk/blogs/state-of-the-art-facilities-for-smart-grids-and-renewable-energy' html='' success=False cleaned_html=None media={} links={} downloaded_files=None screenshot=None pdf=None markdown=None markdown_v2=None fit_markdown=None fit_html=None extracted_content=None metadata=None error_message='Unexpected error in _crawl_web at line 1205 in _crawl_web (../../.pyenv/versions/3.12.6/lib/python3.12/site-packages/crawl4ai/async_crawler_strategy.py):\nError: Failed on navigating ACS-GOTO:\nPage.goto: Timeout 10000ms exceeded.\nCall log:\n  - navigating to "https://www.bolton.ac.uk/blogs/state-of-the-art-facilities-for-smart-grids-and-renewable-energy", waiting until "domcontentloaded"\n\n\nCode context:\n1200   \n1201                       response = await page.goto(\n1202                           url, wait_until=config.wait_until, timeout=config.page_timeout\n1203                       )\n1204                   except Error as e:\n1205 →                     raise RuntimeError(f"Failed on navigating ACS-GOTO:\\n{str(e)}")\n1206   \n1207                   await self.execute_hook("after_goto", page, context=context, url=url, response=response)\n1208   \n1209                   if response is None:\n1210                       status_code = 200' session_id=None response_headers=None status_code=None ssl_certificate=None


Failed to crawl: https://www.bolton.ac.uk/blogs/express-your-creative-thinking-with-an-english-degree
Result: url='https://www.bolton.ac.uk/blogs/express-your-creative-thinking-with-an-english-degree' html='' success=False cleaned_html=None media={} links={} downloaded_files=None screenshot=None pdf=None markdown=None markdown_v2=None fit_markdown=None fit_html=None extracted_content=None metadata=None error_message='Unexpected error in _crawl_web at line 1205 in _crawl_web (../../.pyenv/versions/3.12.6/lib/python3.12/site-packages/crawl4ai/async_crawler_strategy.py):\nError: Failed on navigating ACS-GOTO:\nPage.goto: Timeout 10000ms exceeded.\nCall log:\n  - navigating to "https://www.bolton.ac.uk/blogs/express-your-creative-thinking-with-an-english-degree", waiting until "domcontentloaded"\n\n\nCode context:\n1200   \n1201                       response = await page.goto(\n1202                           url, wait_until=config.wait_until, timeout=config.page_timeout\n1203                       )\n1204                   except Error as e:\n1205 →                     raise RuntimeError(f"Failed on navigating ACS-GOTO:\\n{str(e)}")\n1206   \n1207                   await self.execute_hook("after_goto", page, context=context, url=url, response=response)\n1208   \n1209                   if response is None:\n1210                       status_code = 200' session_id=None response_headers=None status_code=None ssl_certificate=None


Failed to crawl: https://www.bolton.ac.uk/news/the-power-of-the-written-word
Result: url='https://www.bolton.ac.uk/news/the-power-of-the-written-word' html='' success=False cleaned_html=None media={} links={} downloaded_files=None screenshot=None pdf=None markdown=None markdown_v2=None fit_markdown=None fit_html=None extracted_content=None metadata=None error_message='Unexpected error in _crawl_web at line 1205 in _crawl_web (../../.pyenv/versions/3.12.6/lib/python3.12/site-packages/crawl4ai/async_crawler_strategy.py):\nError: Failed on navigating ACS-GOTO:\nPage.goto: Timeout 10000ms exceeded.\nCall log:\n  - navigating to "https://www.bolton.ac.uk/news/the-power-of-the-written-word", waiting until "domcontentloaded"\n\n\nCode context:\n1200   \n1201                       response = await page.goto(\n1202                           url, wait_until=config.wait_until, timeout=config.page_timeout\n1203                       )\n1204                   except Error as e:\n1205 →                     raise RuntimeError(f"Failed on navigating ACS-GOTO:\\n{str(e)}")\n1206   \n1207                   await self.execute_hook("after_goto", page, context=context, url=url, response=response)\n1208   \n1209                   if response is None:\n1210                       status_code = 200' session_id=None response_headers=None status_code=None ssl_certificate=None


Failed to crawl: https://www.bolton.ac.uk/blogs/new-words-for-2021
Result: url='https://www.bolton.ac.uk/blogs/new-words-for-2021' html='' success=False cleaned_html=None media={} links={} downloaded_files=None screenshot=None pdf=None markdown=None markdown_v2=None fit_markdown=None fit_html=None extracted_content=None metadata=None error_message='Unexpected error in _crawl_web at line 1205 in _crawl_web (../../.pyenv/versions/3.12.6/lib/python3.12/site-packages/crawl4ai/async_crawler_strategy.py):\nError: Failed on navigating ACS-GOTO:\nPage.goto: Timeout 10000ms exceeded.\nCall log:\n  - navigating to "https://www.bolton.ac.uk/blogs/new-words-for-2021", waiting until "domcontentloaded"\n\n\nCode context:\n1200   \n1201                       response = await page.goto(\n1202                           url, wait_until=config.wait_until, timeout=config.page_timeout\n1203                       )\n1204                   except Error as e:\n1205 →                     raise RuntimeError(f"Failed on navigating ACS-GOTO:\\n{str(e)}")\n1206   \n1207                   await self.execute_hook("after_goto", page, context=context, url=url, response=response)\n1208   \n1209                   if response is None:\n1210                       status_code = 200' session_id=None response_headers=None status_code=None ssl_certificate=None


Failed to crawl: https://www.bolton.ac.uk/blogs/should-books-ever-be-banned
Result: url='https://www.bolton.ac.uk/blogs/should-books-ever-be-banned' html='' success=False cleaned_html=None media={} links={} downloaded_files=None screenshot=None pdf=None markdown=None markdown_v2=None fit_markdown=None fit_html=None extracted_content=None metadata=None error_message='Unexpected error in _crawl_web at line 1205 in _crawl_web (../../.pyenv/versions/3.12.6/lib/python3.12/site-packages/crawl4ai/async_crawler_strategy.py):\nError: Failed on navigating ACS-GOTO:\nPage.goto: Timeout 10000ms exceeded.\nCall log:\n  - navigating to "https://www.bolton.ac.uk/blogs/should-books-ever-be-banned", waiting until "domcontentloaded"\n\n\nCode context:\n1200   \n1201                       response = await page.goto(\n1202                           url, wait_until=config.wait_until, timeout=config.page_timeout\n1203                       )\n1204                   except Error as e:\n1205 →                     raise RuntimeError(f"Failed on navigating ACS-GOTO:\\n{str(e)}")\n1206   \n1207                   await self.execute_hook("after_goto", page, context=context, url=url, response=response)\n1208   \n1209                   if response is None:\n1210                       status_code = 200' session_id=None response_headers=None status_code=None ssl_certificate=None


Failed to crawl: https://www.bolton.ac.uk/blogs/5-reasons-why-an-english-degree-will-improve-your-employability
Result: url='https://www.bolton.ac.uk/blogs/5-reasons-why-an-english-degree-will-improve-your-employability' html='' success=False cleaned_html=None media={} links={} downloaded_files=None screenshot=None pdf=None markdown=None markdown_v2=None fit_markdown=None fit_html=None extracted_content=None metadata=None error_message='Unexpected error in _crawl_web at line 1205 in _crawl_web (../../.pyenv/versions/3.12.6/lib/python3.12/site-packages/crawl4ai/async_crawler_strategy.py):\nError: Failed on navigating ACS-GOTO:\nPage.goto: Timeout 10000ms exceeded.\nCall log:\n  - navigating to "https://www.bolton.ac.uk/blogs/5-reasons-why-an-english-degree-will-improve-your-employability", waiting until "domcontentloaded"\n\n\nCode context:\n1200   \n1201                       response = await page.goto(\n1202                           url, wait_until=config.wait_until, timeout=config.page_timeout\n1203                       )\n1204                   except Error as e:\n1205 →                     raise RuntimeError(f"Failed on navigating ACS-GOTO:\\n{str(e)}")\n1206   \n1207                   await self.execute_hook("after_goto", page, context=context, url=url, response=response)\n1208   \n1209                   if response is None:\n1210                       status_code = 200' session_id=None response_headers=None status_code=None ssl_certificate=None


Failed to crawl: https://www.bolton.ac.uk/blogs/looking-for-a-career-path-get-a-degree-in-english-and-creative-writing
Result: url='https://www.bolton.ac.uk/blogs/looking-for-a-career-path-get-a-degree-in-english-and-creative-writing' html='' success=False cleaned_html=None media={} links={} downloaded_files=None screenshot=None pdf=None markdown=None markdown_v2=None fit_markdown=None fit_html=None extracted_content=None metadata=None error_message='Unexpected error in _crawl_web at line 1205 in _crawl_web (../../.pyenv/versions/3.12.6/lib/python3.12/site-packages/crawl4ai/async_crawler_strategy.py):\nError: Failed on navigating ACS-GOTO:\nPage.goto: Timeout 10000ms exceeded.\nCall log:\n  - navigating to "https://www.bolton.ac.uk/blogs/looking-for-a-career-path-get-a-degree-in-english-and-creative-writing", waiting until "domcontentloaded"\n\n\nCode context:\n1200   \n1201                       response = await page.goto(\n1202                           url, wait_until=config.wait_until, timeout=config.page_timeout\n1203                       )\n1204                   except Error as e:\n1205 →                     raise RuntimeError(f"Failed on navigating ACS-GOTO:\\n{str(e)}")\n1206   \n1207                   await self.execute_hook("after_goto", page, context=context, url=url, response=response)\n1208   \n1209                   if response is None:\n1210                       status_code = 200' session_id=None response_headers=None status_code=None ssl_certificate=None


Failed to crawl: https://www.bolton.ac.uk/blogs/what-a-career-in-english-and-creative-writing-looks-like
Result: url='https://www.bolton.ac.uk/blogs/what-a-career-in-english-and-creative-writing-looks-like' html='' success=False cleaned_html=None media={} links={} downloaded_files=None screenshot=None pdf=None markdown=None markdown_v2=None fit_markdown=None fit_html=None extracted_content=None metadata=None error_message='Unexpected error in _crawl_web at line 1205 in _crawl_web (../../.pyenv/versions/3.12.6/lib/python3.12/site-packages/crawl4ai/async_crawler_strategy.py):\nError: Failed on navigating ACS-GOTO:\nPage.goto: Timeout 10000ms exceeded.\nCall log:\n  - navigating to "https://www.bolton.ac.uk/blogs/what-a-career-in-english-and-creative-writing-looks-like", waiting until "domcontentloaded"\n\n\nCode context:\n1200   \n1201                       response = await page.goto(\n1202                           url, wait_until=config.wait_until, timeout=config.page_timeout\n1203                       )\n1204                   except Error as e:\n1205 →                     raise RuntimeError(f"Failed on navigating ACS-GOTO:\\n{str(e)}")\n1206   \n1207                   await self.execute_hook("after_goto", page, context=context, url=url, response=response)\n1208   \n1209                   if response is None:\n1210                       status_code = 200' session_id=None response_headers=None status_code=None ssl_certificate=None


Failed to crawl: https://www.bolton.ac.uk/blogs/what-can-i-do-with-an-english-and-creative-writing-degree
Result: url='https://www.bolton.ac.uk/blogs/what-can-i-do-with-an-english-and-creative-writing-degree' html='' success=False cleaned_html=None media={} links={} downloaded_files=None screenshot=None pdf=None markdown=None markdown_v2=None fit_markdown=None fit_html=None extracted_content=None metadata=None error_message='Unexpected error in _crawl_web at line 1205 in _crawl_web (../../.pyenv/versions/3.12.6/lib/python3.12/site-packages/crawl4ai/async_crawler_strategy.py):\nError: Failed on navigating ACS-GOTO:\nPage.goto: Timeout 10000ms exceeded.\nCall log:\n  - navigating to "https://www.bolton.ac.uk/blogs/what-can-i-do-with-an-english-and-creative-writing-degree", waiting until "domcontentloaded"\n\n\nCode context:\n1200   \n1201                       response = await page.goto(\n1202                           url, wait_until=config.wait_until, timeout=config.page_timeout\n1203                       )\n1204                   except Error as e:\n1205 →                     raise RuntimeError(f"Failed on navigating ACS-GOTO:\\n{str(e)}")\n1206   \n1207                   await self.execute_hook("after_goto", page, context=context, url=url, response=response)\n1208   \n1209                   if response is None:\n1210                       status_code = 200' session_id=None response_headers=None status_code=None ssl_certificate=None


Failed to crawl: https://www.bolton.ac.uk/blogs/top-print-designer-leads-a-workshop-with-the-university-of-bolton-fashion-students
Result: url='https://www.bolton.ac.uk/blogs/top-print-designer-leads-a-workshop-with-the-university-of-bolton-fashion-students' html='' success=False cleaned_html=None media={} links={} downloaded_files=None screenshot=None pdf=None markdown=None markdown_v2=None fit_markdown=None fit_html=None extracted_content=None metadata=None error_message='Unexpected error in _crawl_web at line 1205 in _crawl_web (../../.pyenv/versions/3.12.6/lib/python3.12/site-packages/crawl4ai/async_crawler_strategy.py):\nError: Failed on navigating ACS-GOTO:\nPage.goto: Timeout 10000ms exceeded.\nCall log:\n  - navigating to "https://www.bolton.ac.uk/blogs/top-print-designer-leads-a-workshop-with-the-university-of-bolton-fashion-students", waiting until "domcontentloaded"\n\n\nCode context:\n1200   \n1201                       response = await page.goto(\n1202                           url, wait_until=config.wait_until, timeout=config.page_timeout\n1203                       )\n1204                   except Error as e:\n1205 →                     raise RuntimeError(f"Failed on navigating ACS-GOTO:\\n{str(e)}")\n1206   \n1207                   await self.execute_hook("after_goto", page, context=context, url=url, response=response)\n1208   \n1209                   if response is None:\n1210                       status_code = 200' session_id=None response_headers=None status_code=None ssl_certificate=None


Failed to crawl: https://www.bolton.ac.uk/blogs/what-a-career-in-fashion-and-textiles-looks-like
Result: url='https://www.bolton.ac.uk/blogs/what-a-career-in-fashion-and-textiles-looks-like' html='' success=False cleaned_html=None media={} links={} downloaded_files=None screenshot=None pdf=None markdown=None markdown_v2=None fit_markdown=None fit_html=None extracted_content=None metadata=None error_message='Unexpected error in _crawl_web at line 1205 in _crawl_web (../../.pyenv/versions/3.12.6/lib/python3.12/site-packages/crawl4ai/async_crawler_strategy.py):\nError: Failed on navigating ACS-GOTO:\nPage.goto: Timeout 10000ms exceeded.\nCall log:\n  - navigating to "https://www.bolton.ac.uk/blogs/what-a-career-in-fashion-and-textiles-looks-like", waiting until "domcontentloaded"\n\n\nCode context:\n1200   \n1201                       response = await page.goto(\n1202                           url, wait_until=config.wait_until, timeout=config.page_timeout\n1203                       )\n1204                   except Error as e:\n1205 →                     raise RuntimeError(f"Failed on navigating ACS-GOTO:\\n{str(e)}")\n1206   \n1207                   await self.execute_hook("after_goto", page, context=context, url=url, response=response)\n1208   \n1209                   if response is None:\n1210                       status_code = 200' session_id=None response_headers=None status_code=None ssl_certificate=None


Failed to crawl: https://www.bolton.ac.uk/blogs/fashion-icon-stella-mccartney-turns-50
Result: url='https://www.bolton.ac.uk/blogs/fashion-icon-stella-mccartney-turns-50' html='' success=False cleaned_html=None media={} links={} downloaded_files=None screenshot=None pdf=None markdown=None markdown_v2=None fit_markdown=None fit_html=None extracted_content=None metadata=None error_message='Unexpected error in _crawl_web at line 1205 in _crawl_web (../../.pyenv/versions/3.12.6/lib/python3.12/site-packages/crawl4ai/async_crawler_strategy.py):\nError: Failed on navigating ACS-GOTO:\nPage.goto: Timeout 10000ms exceeded.\nCall log:\n  - navigating to "https://www.bolton.ac.uk/blogs/fashion-icon-stella-mccartney-turns-50", waiting until "domcontentloaded"\n\n\nCode context:\n1200   \n1201                       response = await page.goto(\n1202                           url, wait_until=config.wait_until, timeout=config.page_timeout\n1203                       )\n1204                   except Error as e:\n1205 →                     raise RuntimeError(f"Failed on navigating ACS-GOTO:\\n{str(e)}")\n1206   \n1207                   await self.execute_hook("after_goto", page, context=context, url=url, response=response)\n1208   \n1209                   if response is None:\n1210                       status_code = 200' session_id=None response_headers=None status_code=None ssl_certificate=None


Failed to crawl: https://www.bolton.ac.uk/blogs/fashion-students-work-with-local-brands-to-highlight-sustainability
Result: url='https://www.bolton.ac.uk/blogs/fashion-students-work-with-local-brands-to-highlight-sustainability' html='' success=False cleaned_html=None media={} links={} downloaded_files=None screenshot=None pdf=None markdown=None markdown_v2=None fit_markdown=None fit_html=None extracted_content=None metadata=None error_message='Unexpected error in _crawl_web at line 1205 in _crawl_web (../../.pyenv/versions/3.12.6/lib/python3.12/site-packages/crawl4ai/async_crawler_strategy.py):\nError: Failed on navigating ACS-GOTO:\nPage.goto: Timeout 10000ms exceeded.\nCall log:\n  - navigating to "https://www.bolton.ac.uk/blogs/fashion-students-work-with-local-brands-to-highlight-sustainability", waiting until "domcontentloaded"\n\n\nCode context:\n1200   \n1201                       response = await page.goto(\n1202                           url, wait_until=config.wait_until, timeout=config.page_timeout\n1203                       )\n1204                   except Error as e:\n1205 →                     raise RuntimeError(f"Failed on navigating ACS-GOTO:\\n{str(e)}")\n1206   \n1207                   await self.execute_hook("after_goto", page, context=context, url=url, response=response)\n1208   \n1209                   if response is None:\n1210                       status_code = 200' session_id=None response_headers=None status_code=None ssl_certificate=None


Failed to crawl: https://www.bolton.ac.uk/blogs/why-study-fashion-at-the-university-of-bolton
Result: url='https://www.bolton.ac.uk/blogs/why-study-fashion-at-the-university-of-bolton' html='' success=False cleaned_html=None media={} links={} downloaded_files=None screenshot=None pdf=None markdown=None markdown_v2=None fit_markdown=None fit_html=None extracted_content=None metadata=None error_message='Unexpected error in _crawl_web at line 1205 in _crawl_web (../../.pyenv/versions/3.12.6/lib/python3.12/site-packages/crawl4ai/async_crawler_strategy.py):\nError: Failed on navigating ACS-GOTO:\nPage.goto: Timeout 10000ms exceeded.\nCall log:\n  - navigating to "https://www.bolton.ac.uk/blogs/why-study-fashion-at-the-university-of-bolton", waiting until "domcontentloaded"\n\n\nCode context:\n1200   \n1201                       response = await page.goto(\n1202                           url, wait_until=config.wait_until, timeout=config.page_timeout\n1203                       )\n1204                   except Error as e:\n1205 →                     raise RuntimeError(f"Failed on navigating ACS-GOTO:\\n{str(e)}")\n1206   \n1207                   await self.execute_hook("after_goto", page, context=context, url=url, response=response)\n1208   \n1209                   if response is None:\n1210                       status_code = 200' session_id=None response_headers=None status_code=None ssl_certificate=None


Failed to crawl: https://www.bolton.ac.uk/blogs/top-special-effects-make-up-artists-to-look-out-for
Result: url='https://www.bolton.ac.uk/blogs/top-special-effects-make-up-artists-to-look-out-for' html='' success=False cleaned_html=None media={} links={} downloaded_files=None screenshot=None pdf=None markdown=None markdown_v2=None fit_markdown=None fit_html=None extracted_content=None metadata=None error_message='Unexpected error in _crawl_web at line 1205 in _crawl_web (../../.pyenv/versions/3.12.6/lib/python3.12/site-packages/crawl4ai/async_crawler_strategy.py):\nError: Failed on navigating ACS-GOTO:\nPage.goto: Timeout 10000ms exceeded.\nCall log:\n  - navigating to "https://www.bolton.ac.uk/blogs/top-special-effects-make-up-artists-to-look-out-for", waiting until "domcontentloaded"\n\n\nCode context:\n1200   \n1201                       response = await page.goto(\n1202                           url, wait_until=config.wait_until, timeout=config.page_timeout\n1203                       )\n1204                   except Error as e:\n1205 →                     raise RuntimeError(f"Failed on navigating ACS-GOTO:\\n{str(e)}")\n1206   \n1207                   await self.execute_hook("after_goto", page, context=context, url=url, response=response)\n1208   \n1209                   if response is None:\n1210                       status_code = 200' session_id=None response_headers=None status_code=None ssl_certificate=None


Failed to crawl: https://www.bolton.ac.uk/blogs/what-do-we-know-about-the-new-alien-tv-show
Result: url='https://www.bolton.ac.uk/blogs/what-do-we-know-about-the-new-alien-tv-show' html='' success=False cleaned_html=None media={} links={} downloaded_files=None screenshot=None pdf=None markdown=None markdown_v2=None fit_markdown=None fit_html=None extracted_content=None metadata=None error_message='Unexpected error in _crawl_web at line 1205 in _crawl_web (../../.pyenv/versions/3.12.6/lib/python3.12/site-packages/crawl4ai/async_crawler_strategy.py):\nError: Failed on navigating ACS-GOTO:\nPage.goto: Timeout 10000ms exceeded.\nCall log:\n  - navigating to "https://www.bolton.ac.uk/blogs/what-do-we-know-about-the-new-alien-tv-show", waiting until "domcontentloaded"\n\n\nCode context:\n1200   \n1201                       response = await page.goto(\n1202                           url, wait_until=config.wait_until, timeout=config.page_timeout\n1203                       )\n1204                   except Error as e:\n1205 →                     raise RuntimeError(f"Failed on navigating ACS-GOTO:\\n{str(e)}")\n1206   \n1207                   await self.execute_hook("after_goto", page, context=context, url=url, response=response)\n1208   \n1209                   if response is None:\n1210                       status_code = 200' session_id=None response_headers=None status_code=None ssl_certificate=None


Failed to crawl: https://www.bolton.ac.uk/blogs/want-to-work-in-film-fx-heres-why-you-need-a-film-masters-degree
Result: url='https://www.bolton.ac.uk/blogs/want-to-work-in-film-fx-heres-why-you-need-a-film-masters-degree' html='' success=False cleaned_html=None media={} links={} downloaded_files=None screenshot=None pdf=None markdown=None markdown_v2=None fit_markdown=None fit_html=None extracted_content=None metadata=None error_message='Unexpected error in _crawl_web at line 1205 in _crawl_web (../../.pyenv/versions/3.12.6/lib/python3.12/site-packages/crawl4ai/async_crawler_strategy.py):\nError: Failed on navigating ACS-GOTO:\nPage.goto: Timeout 10000ms exceeded.\nCall log:\n  - navigating to "https://www.bolton.ac.uk/blogs/want-to-work-in-film-fx-heres-why-you-need-a-film-masters-degree", waiting until "domcontentloaded"\n\n\nCode context:\n1200   \n1201                       response = await page.goto(\n1202                           url, wait_until=config.wait_until, timeout=config.page_timeout\n1203                       )\n1204                   except Error as e:\n1205 →                     raise RuntimeError(f"Failed on navigating ACS-GOTO:\\n{str(e)}")\n1206   \n1207                   await self.execute_hook("after_goto", page, context=context, url=url, response=response)\n1208   \n1209                   if response is None:\n1210                       status_code = 200' session_id=None response_headers=None status_code=None ssl_certificate=None


Failed to crawl: https://www.bolton.ac.uk/blogs/film-student-stereotypes-have-you-heard-any-of-these
Result: url='https://www.bolton.ac.uk/blogs/film-student-stereotypes-have-you-heard-any-of-these' html='' success=False cleaned_html=None media={} links={} downloaded_files=None screenshot=None pdf=None markdown=None markdown_v2=None fit_markdown=None fit_html=None extracted_content=None metadata=None error_message='Unexpected error in _crawl_web at line 1205 in _crawl_web (../../.pyenv/versions/3.12.6/lib/python3.12/site-packages/crawl4ai/async_crawler_strategy.py):\nError: Failed on navigating ACS-GOTO:\nPage.goto: Timeout 10000ms exceeded.\nCall log:\n  - navigating to "https://www.bolton.ac.uk/blogs/film-student-stereotypes-have-you-heard-any-of-these", waiting until "domcontentloaded"\n\n\nCode context:\n1200   \n1201                       response = await page.goto(\n1202                           url, wait_until=config.wait_until, timeout=config.page_timeout\n1203                       )\n1204                   except Error as e:\n1205 →                     raise RuntimeError(f"Failed on navigating ACS-GOTO:\\n{str(e)}")\n1206   \n1207                   await self.execute_hook("after_goto", page, context=context, url=url, response=response)\n1208   \n1209                   if response is None:\n1210                       status_code = 200' session_id=None response_headers=None status_code=None ssl_certificate=None


Failed to crawl: https://www.bolton.ac.uk/blogs/time-to-shine-on-screen
Result: url='https://www.bolton.ac.uk/blogs/time-to-shine-on-screen' html='' success=False cleaned_html=None media={} links={} downloaded_files=None screenshot=None pdf=None markdown=None markdown_v2=None fit_markdown=None fit_html=None extracted_content=None metadata=None error_message='Unexpected error in _crawl_web at line 1205 in _crawl_web (../../.pyenv/versions/3.12.6/lib/python3.12/site-packages/crawl4ai/async_crawler_strategy.py):\nError: Failed on navigating ACS-GOTO:\nPage.goto: Timeout 10000ms exceeded.\nCall log:\n  - navigating to "https://www.bolton.ac.uk/blogs/time-to-shine-on-screen", waiting until "domcontentloaded"\n\n\nCode context:\n1200   \n1201                       response = await page.goto(\n1202                           url, wait_until=config.wait_until, timeout=config.page_timeout\n1203                       )\n1204                   except Error as e:\n1205 →                     raise RuntimeError(f"Failed on navigating ACS-GOTO:\\n{str(e)}")\n1206   \n1207                   await self.execute_hook("after_goto", page, context=context, url=url, response=response)\n1208   \n1209                   if response is None:\n1210                       status_code = 200' session_id=None response_headers=None status_code=None ssl_certificate=None


Failed to crawl: https://www.bolton.ac.uk/blogs/how-the-matrix-movie-changed-film-forever
Result: url='https://www.bolton.ac.uk/blogs/how-the-matrix-movie-changed-film-forever' html='' success=False cleaned_html=None media={} links={} downloaded_files=None screenshot=None pdf=None markdown=None markdown_v2=None fit_markdown=None fit_html=None extracted_content=None metadata=None error_message='Unexpected error in _crawl_web at line 1205 in _crawl_web (../../.pyenv/versions/3.12.6/lib/python3.12/site-packages/crawl4ai/async_crawler_strategy.py):\nError: Failed on navigating ACS-GOTO:\nPage.goto: Timeout 10000ms exceeded.\nCall log:\n  - navigating to "https://www.bolton.ac.uk/blogs/how-the-matrix-movie-changed-film-forever", waiting until "domcontentloaded"\n\n\nCode context:\n1200   \n1201                       response = await page.goto(\n1202                           url, wait_until=config.wait_until, timeout=config.page_timeout\n1203                       )\n1204                   except Error as e:\n1205 →                     raise RuntimeError(f"Failed on navigating ACS-GOTO:\\n{str(e)}")\n1206   \n1207                   await self.execute_hook("after_goto", page, context=context, url=url, response=response)\n1208   \n1209                   if response is None:\n1210                       status_code = 200' session_id=None response_headers=None status_code=None ssl_certificate=None


Failed to crawl: https://www.bolton.ac.uk/blogs/what-can-you-do-with-a-special-effects-degree
Result: url='https://www.bolton.ac.uk/blogs/what-can-you-do-with-a-special-effects-degree' html='' success=False cleaned_html=None media={} links={} downloaded_files=None screenshot=None pdf=None markdown=None markdown_v2=None fit_markdown=None fit_html=None extracted_content=None metadata=None error_message='Unexpected error in _crawl_web at line 1205 in _crawl_web (../../.pyenv/versions/3.12.6/lib/python3.12/site-packages/crawl4ai/async_crawler_strategy.py):\nError: Failed on navigating ACS-GOTO:\nPage.goto: Timeout 10000ms exceeded.\nCall log:\n  - navigating to "https://www.bolton.ac.uk/blogs/what-can-you-do-with-a-special-effects-degree", waiting until "domcontentloaded"\n\n\nCode context:\n1200   \n1201                       response = await page.goto(\n1202                           url, wait_until=config.wait_until, timeout=config.page_timeout\n1203                       )\n1204                   except Error as e:\n1205 →                     raise RuntimeError(f"Failed on navigating ACS-GOTO:\\n{str(e)}")\n1206   \n1207                   await self.execute_hook("after_goto", page, context=context, url=url, response=response)\n1208   \n1209                   if response is None:\n1210                       status_code = 200' session_id=None response_headers=None status_code=None ssl_certificate=None


Failed to crawl: https://www.bolton.ac.uk/blogs/sfx-master-chris-corbould-on-james-bond
Result: url='https://www.bolton.ac.uk/blogs/sfx-master-chris-corbould-on-james-bond' html='' success=False cleaned_html=None media={} links={} downloaded_files=None screenshot=None pdf=None markdown=None markdown_v2=None fit_markdown=None fit_html=None extracted_content=None metadata=None error_message='Unexpected error in _crawl_web at line 1205 in _crawl_web (../../.pyenv/versions/3.12.6/lib/python3.12/site-packages/crawl4ai/async_crawler_strategy.py):\nError: Failed on navigating ACS-GOTO:\nPage.goto: Timeout 10000ms exceeded.\nCall log:\n  - navigating to "https://www.bolton.ac.uk/blogs/sfx-master-chris-corbould-on-james-bond", waiting until "domcontentloaded"\n\n\nCode context:\n1200   \n1201                       response = await page.goto(\n1202                           url, wait_until=config.wait_until, timeout=config.page_timeout\n1203                       )\n1204                   except Error as e:\n1205 →                     raise RuntimeError(f"Failed on navigating ACS-GOTO:\\n{str(e)}")\n1206   \n1207                   await self.execute_hook("after_goto", page, context=context, url=url, response=response)\n1208   \n1209                   if response is None:\n1210                       status_code = 200' session_id=None response_headers=None status_code=None ssl_certificate=None


Failed to crawl: https://www.bolton.ac.uk/blogs/what-a-career-in-film-fx-looks-like
Result: url='https://www.bolton.ac.uk/blogs/what-a-career-in-film-fx-looks-like' html='' success=False cleaned_html=None media={} links={} downloaded_files=None screenshot=None pdf=None markdown=None markdown_v2=None fit_markdown=None fit_html=None extracted_content=None metadata=None error_message='Unexpected error in _crawl_web at line 1205 in _crawl_web (../../.pyenv/versions/3.12.6/lib/python3.12/site-packages/crawl4ai/async_crawler_strategy.py):\nError: Failed on navigating ACS-GOTO:\nPage.goto: Timeout 10000ms exceeded.\nCall log:\n  - navigating to "https://www.bolton.ac.uk/blogs/what-a-career-in-film-fx-looks-like", waiting until "domcontentloaded"\n\n\nCode context:\n1200   \n1201                       response = await page.goto(\n1202                           url, wait_until=config.wait_until, timeout=config.page_timeout\n1203                       )\n1204                   except Error as e:\n1205 →                     raise RuntimeError(f"Failed on navigating ACS-GOTO:\\n{str(e)}")\n1206   \n1207                   await self.execute_hook("after_goto", page, context=context, url=url, response=response)\n1208   \n1209                   if response is None:\n1210                       status_code = 200' session_id=None response_headers=None status_code=None ssl_certificate=None


Failed to crawl: https://www.bolton.ac.uk/blogs/films-that-changed-the-industry
Result: url='https://www.bolton.ac.uk/blogs/films-that-changed-the-industry' html='' success=False cleaned_html=None media={} links={} downloaded_files=None screenshot=None pdf=None markdown=None markdown_v2=None fit_markdown=None fit_html=None extracted_content=None metadata=None error_message='Unexpected error in _crawl_web at line 1205 in _crawl_web (../../.pyenv/versions/3.12.6/lib/python3.12/site-packages/crawl4ai/async_crawler_strategy.py):\nError: Failed on navigating ACS-GOTO:\nPage.goto: Timeout 10000ms exceeded.\nCall log:\n  - navigating to "https://www.bolton.ac.uk/blogs/films-that-changed-the-industry", waiting until "domcontentloaded"\n\n\nCode context:\n1200   \n1201                       response = await page.goto(\n1202                           url, wait_until=config.wait_until, timeout=config.page_timeout\n1203                       )\n1204                   except Error as e:\n1205 →                     raise RuntimeError(f"Failed on navigating ACS-GOTO:\\n{str(e)}")\n1206   \n1207                   await self.execute_hook("after_goto", page, context=context, url=url, response=response)\n1208   \n1209                   if response is None:\n1210                       status_code = 200' session_id=None response_headers=None status_code=None ssl_certificate=None


Failed to crawl: https://www.bolton.ac.uk/blogs/spotlight-on-special-effects-creator-stan-winston
Result: url='https://www.bolton.ac.uk/blogs/spotlight-on-special-effects-creator-stan-winston' html='' success=False cleaned_html=None media={} links={} downloaded_files=None screenshot=None pdf=None markdown=None markdown_v2=None fit_markdown=None fit_html=None extracted_content=None metadata=None error_message='Unexpected error in _crawl_web at line 1205 in _crawl_web (../../.pyenv/versions/3.12.6/lib/python3.12/site-packages/crawl4ai/async_crawler_strategy.py):\nError: Failed on navigating ACS-GOTO:\nPage.goto: Timeout 10000ms exceeded.\nCall log:\n  - navigating to "https://www.bolton.ac.uk/blogs/spotlight-on-special-effects-creator-stan-winston", waiting until "domcontentloaded"\n\n\nCode context:\n1200   \n1201                       response = await page.goto(\n1202                           url, wait_until=config.wait_until, timeout=config.page_timeout\n1203                       )\n1204                   except Error as e:\n1205 →                     raise RuntimeError(f"Failed on navigating ACS-GOTO:\\n{str(e)}")\n1206   \n1207                   await self.execute_hook("after_goto", page, context=context, url=url, response=response)\n1208   \n1209                   if response is None:\n1210                       status_code = 200' session_id=None response_headers=None status_code=None ssl_certificate=None


Failed to crawl: https://www.bolton.ac.uk/blogs/visual-effects-and-animation-graduate-joins-university-as-a-lecturer
Result: url='https://www.bolton.ac.uk/blogs/visual-effects-and-animation-graduate-joins-university-as-a-lecturer' html='' success=False cleaned_html=None media={} links={} downloaded_files=None screenshot=None pdf=None markdown=None markdown_v2=None fit_markdown=None fit_html=None extracted_content=None metadata=None error_message='Unexpected error in _crawl_web at line 1205 in _crawl_web (../../.pyenv/versions/3.12.6/lib/python3.12/site-packages/crawl4ai/async_crawler_strategy.py):\nError: Failed on navigating ACS-GOTO:\nPage.goto: Timeout 10000ms exceeded.\nCall log:\n  - navigating to "https://www.bolton.ac.uk/blogs/visual-effects-and-animation-graduate-joins-university-as-a-lecturer", waiting until "domcontentloaded"\n\n\nCode context:\n1200   \n1201                       response = await page.goto(\n1202                           url, wait_until=config.wait_until, timeout=config.page_timeout\n1203                       )\n1204                   except Error as e:\n1205 →                     raise RuntimeError(f"Failed on navigating ACS-GOTO:\\n{str(e)}")\n1206   \n1207                   await self.execute_hook("after_goto", page, context=context, url=url, response=response)\n1208   \n1209                   if response is None:\n1210                       status_code = 200' session_id=None response_headers=None status_code=None ssl_certificate=None


Failed to crawl: https://www.bolton.ac.uk/blogs/sfx-graduate-secures-job-on-doctor-who
Result: url='https://www.bolton.ac.uk/blogs/sfx-graduate-secures-job-on-doctor-who' html='' success=False cleaned_html=None media={} links={} downloaded_files=None screenshot=None pdf=None markdown=None markdown_v2=None fit_markdown=None fit_html=None extracted_content=None metadata=None error_message='Unexpected error in _crawl_web at line 1205 in _crawl_web (../../.pyenv/versions/3.12.6/lib/python3.12/site-packages/crawl4ai/async_crawler_strategy.py):\nError: Failed on navigating ACS-GOTO:\nPage.goto: Timeout 10000ms exceeded.\nCall log:\n  - navigating to "https://www.bolton.ac.uk/blogs/sfx-graduate-secures-job-on-doctor-who", waiting until "domcontentloaded"\n\n\nCode context:\n1200   \n1201                       response = await page.goto(\n1202                           url, wait_until=config.wait_until, timeout=config.page_timeout\n1203                       )\n1204                   except Error as e:\n1205 →                     raise RuntimeError(f"Failed on navigating ACS-GOTO:\\n{str(e)}")\n1206   \n1207                   await self.execute_hook("after_goto", page, context=context, url=url, response=response)\n1208   \n1209                   if response is None:\n1210                       status_code = 200' session_id=None response_headers=None status_code=None ssl_certificate=None


Failed to crawl: https://www.bolton.ac.uk/blogs/academics-from-visual-effects-and-animation-work-on-top-netflix-movie
Result: url='https://www.bolton.ac.uk/blogs/academics-from-visual-effects-and-animation-work-on-top-netflix-movie' html='' success=False cleaned_html=None media={} links={} downloaded_files=None screenshot=None pdf=None markdown=None markdown_v2=None fit_markdown=None fit_html=None extracted_content=None metadata=None error_message='Unexpected error in _crawl_web at line 1205 in _crawl_web (../../.pyenv/versions/3.12.6/lib/python3.12/site-packages/crawl4ai/async_crawler_strategy.py):\nError: Failed on navigating ACS-GOTO:\nPage.goto: Timeout 10000ms exceeded.\nCall log:\n  - navigating to "https://www.bolton.ac.uk/blogs/academics-from-visual-effects-and-animation-work-on-top-netflix-movie", waiting until "domcontentloaded"\n\n\nCode context:\n1200   \n1201                       response = await page.goto(\n1202                           url, wait_until=config.wait_until, timeout=config.page_timeout\n1203                       )\n1204                   except Error as e:\n1205 →                     raise RuntimeError(f"Failed on navigating ACS-GOTO:\\n{str(e)}")\n1206   \n1207                   await self.execute_hook("after_goto", page, context=context, url=url, response=response)\n1208   \n1209                   if response is None:\n1210                       status_code = 200' session_id=None response_headers=None status_code=None ssl_certificate=None


Failed to crawl: https://www.bolton.ac.uk/blogs/top-tips-for-sfx-students-from-industry-experts
Result: url='https://www.bolton.ac.uk/blogs/top-tips-for-sfx-students-from-industry-experts' html='' success=False cleaned_html=None media={} links={} downloaded_files=None screenshot=None pdf=None markdown=None markdown_v2=None fit_markdown=None fit_html=None extracted_content=None metadata=None error_message='Unexpected error in _crawl_web at line 1205 in _crawl_web (../../.pyenv/versions/3.12.6/lib/python3.12/site-packages/crawl4ai/async_crawler_strategy.py):\nError: Failed on navigating ACS-GOTO:\nPage.goto: Timeout 10000ms exceeded.\nCall log:\n  - navigating to "https://www.bolton.ac.uk/blogs/top-tips-for-sfx-students-from-industry-experts", waiting until "domcontentloaded"\n\n\nCode context:\n1200   \n1201                       response = await page.goto(\n1202                           url, wait_until=config.wait_until, timeout=config.page_timeout\n1203                       )\n1204                   except Error as e:\n1205 →                     raise RuntimeError(f"Failed on navigating ACS-GOTO:\\n{str(e)}")\n1206   \n1207                   await self.execute_hook("after_goto", page, context=context, url=url, response=response)\n1208   \n1209                   if response is None:\n1210                       status_code = 200' session_id=None response_headers=None status_code=None ssl_certificate=None


Failed to crawl: https://www.bolton.ac.uk/blogs/what-is-visual-effects-and-animation
Result: url='https://www.bolton.ac.uk/blogs/what-is-visual-effects-and-animation' html='' success=False cleaned_html=None media={} links={} downloaded_files=None screenshot=None pdf=None markdown=None markdown_v2=None fit_markdown=None fit_html=None extracted_content=None metadata=None error_message='Unexpected error in _crawl_web at line 1205 in _crawl_web (../../.pyenv/versions/3.12.6/lib/python3.12/site-packages/crawl4ai/async_crawler_strategy.py):\nError: Failed on navigating ACS-GOTO:\nPage.goto: Timeout 10000ms exceeded.\nCall log:\n  - navigating to "https://www.bolton.ac.uk/blogs/what-is-visual-effects-and-animation", waiting until "domcontentloaded"\n\n\nCode context:\n1200   \n1201                       response = await page.goto(\n1202                           url, wait_until=config.wait_until, timeout=config.page_timeout\n1203                       )\n1204                   except Error as e:\n1205 →                     raise RuntimeError(f"Failed on navigating ACS-GOTO:\\n{str(e)}")\n1206   \n1207                   await self.execute_hook("after_goto", page, context=context, url=url, response=response)\n1208   \n1209                   if response is None:\n1210                       status_code = 200' session_id=None response_headers=None status_code=None ssl_certificate=None


Failed to crawl: https://www.bolton.ac.uk/blogs/top-5-highest-grossing-films-with-cgi-and-how-you-can-be-involved-in-the-next-blockbuster
Result: url='https://www.bolton.ac.uk/blogs/top-5-highest-grossing-films-with-cgi-and-how-you-can-be-involved-in-the-next-blockbuster' html='' success=False cleaned_html=None media={} links={} downloaded_files=None screenshot=None pdf=None markdown=None markdown_v2=None fit_markdown=None fit_html=None extracted_content=None metadata=None error_message='Unexpected error in _crawl_web at line 1205 in _crawl_web (../../.pyenv/versions/3.12.6/lib/python3.12/site-packages/crawl4ai/async_crawler_strategy.py):\nError: Failed on navigating ACS-GOTO:\nPage.goto: Timeout 10000ms exceeded.\nCall log:\n  - navigating to "https://www.bolton.ac.uk/blogs/top-5-highest-grossing-films-with-cgi-and-how-you-can-be-involved-in-the-next-blockbuster", waiting until "domcontentloaded"\n\n\nCode context:\n1200   \n1201                       response = await page.goto(\n1202                           url, wait_until=config.wait_until, timeout=config.page_timeout\n1203                       )\n1204                   except Error as e:\n1205 →                     raise RuntimeError(f"Failed on navigating ACS-GOTO:\\n{str(e)}")\n1206   \n1207                   await self.execute_hook("after_goto", page, context=context, url=url, response=response)\n1208   \n1209                   if response is None:\n1210                       status_code = 200' session_id=None response_headers=None status_code=None ssl_certificate=None


Failed to crawl: https://www.bolton.ac.uk/blogs/five-celebrities-who-enjoy-gaming
Result: url='https://www.bolton.ac.uk/blogs/five-celebrities-who-enjoy-gaming' html='' success=False cleaned_html=None media={} links={} downloaded_files=None screenshot=None pdf=None markdown=None markdown_v2=None fit_markdown=None fit_html=None extracted_content=None metadata=None error_message='Unexpected error in _crawl_web at line 1205 in _crawl_web (../../.pyenv/versions/3.12.6/lib/python3.12/site-packages/crawl4ai/async_crawler_strategy.py):\nError: Failed on navigating ACS-GOTO:\nPage.goto: Timeout 10000ms exceeded.\nCall log:\n  - navigating to "https://www.bolton.ac.uk/blogs/five-celebrities-who-enjoy-gaming", waiting until "domcontentloaded"\n\n\nCode context:\n1200   \n1201                       response = await page.goto(\n1202                           url, wait_until=config.wait_until, timeout=config.page_timeout\n1203                       )\n1204                   except Error as e:\n1205 →                     raise RuntimeError(f"Failed on navigating ACS-GOTO:\\n{str(e)}")\n1206   \n1207                   await self.execute_hook("after_goto", page, context=context, url=url, response=response)\n1208   \n1209                   if response is None:\n1210                       status_code = 200' session_id=None response_headers=None status_code=None ssl_certificate=None


Failed to crawl: https://www.bolton.ac.uk/blogs/learn-how-to-create-the-next-top-selling-game
Result: url='https://www.bolton.ac.uk/blogs/learn-how-to-create-the-next-top-selling-game' html='' success=False cleaned_html=None media={} links={} downloaded_files=None screenshot=None pdf=None markdown=None markdown_v2=None fit_markdown=None fit_html=None extracted_content=None metadata=None error_message='Unexpected error in _crawl_web at line 1205 in _crawl_web (../../.pyenv/versions/3.12.6/lib/python3.12/site-packages/crawl4ai/async_crawler_strategy.py):\nError: Failed on navigating ACS-GOTO:\nPage.goto: Timeout 10000ms exceeded.\nCall log:\n  - navigating to "https://www.bolton.ac.uk/blogs/learn-how-to-create-the-next-top-selling-game", waiting until "domcontentloaded"\n\n\nCode context:\n1200   \n1201                       response = await page.goto(\n1202                           url, wait_until=config.wait_until, timeout=config.page_timeout\n1203                       )\n1204                   except Error as e:\n1205 →                     raise RuntimeError(f"Failed on navigating ACS-GOTO:\\n{str(e)}")\n1206   \n1207                   await self.execute_hook("after_goto", page, context=context, url=url, response=response)\n1208   \n1209                   if response is None:\n1210                       status_code = 200' session_id=None response_headers=None status_code=None ssl_certificate=None


Failed to crawl: https://www.bolton.ac.uk/blogs/games-development-a-multi-disciplinary-field
Result: url='https://www.bolton.ac.uk/blogs/games-development-a-multi-disciplinary-field' html='' success=False cleaned_html=None media={} links={} downloaded_files=None screenshot=None pdf=None markdown=None markdown_v2=None fit_markdown=None fit_html=None extracted_content=None metadata=None error_message='Unexpected error in _crawl_web at line 1205 in _crawl_web (../../.pyenv/versions/3.12.6/lib/python3.12/site-packages/crawl4ai/async_crawler_strategy.py):\nError: Failed on navigating ACS-GOTO:\nPage.goto: Timeout 10000ms exceeded.\nCall log:\n  - navigating to "https://www.bolton.ac.uk/blogs/games-development-a-multi-disciplinary-field", waiting until "domcontentloaded"\n\n\nCode context:\n1200   \n1201                       response = await page.goto(\n1202                           url, wait_until=config.wait_until, timeout=config.page_timeout\n1203                       )\n1204                   except Error as e:\n1205 →                     raise RuntimeError(f"Failed on navigating ACS-GOTO:\\n{str(e)}")\n1206   \n1207                   await self.execute_hook("after_goto", page, context=context, url=url, response=response)\n1208   \n1209                   if response is None:\n1210                       status_code = 200' session_id=None response_headers=None status_code=None ssl_certificate=None


Failed to crawl: https://www.bolton.ac.uk/blogs/super-mario-bros-a-game-design-masterclass
Result: url='https://www.bolton.ac.uk/blogs/super-mario-bros-a-game-design-masterclass' html='' success=False cleaned_html=None media={} links={} downloaded_files=None screenshot=None pdf=None markdown=None markdown_v2=None fit_markdown=None fit_html=None extracted_content=None metadata=None error_message='Unexpected error in _crawl_web at line 1205 in _crawl_web (../../.pyenv/versions/3.12.6/lib/python3.12/site-packages/crawl4ai/async_crawler_strategy.py):\nError: Failed on navigating ACS-GOTO:\nPage.goto: Timeout 10000ms exceeded.\nCall log:\n  - navigating to "https://www.bolton.ac.uk/blogs/super-mario-bros-a-game-design-masterclass", waiting until "domcontentloaded"\n\n\nCode context:\n1200   \n1201                       response = await page.goto(\n1202                           url, wait_until=config.wait_until, timeout=config.page_timeout\n1203                       )\n1204                   except Error as e:\n1205 →                     raise RuntimeError(f"Failed on navigating ACS-GOTO:\\n{str(e)}")\n1206   \n1207                   await self.execute_hook("after_goto", page, context=context, url=url, response=response)\n1208   \n1209                   if response is None:\n1210                       status_code = 200' session_id=None response_headers=None status_code=None ssl_certificate=None


Failed to crawl: https://www.bolton.ac.uk/blogs/the-rise-of-elderly-gaming
Result: url='https://www.bolton.ac.uk/blogs/the-rise-of-elderly-gaming' html='' success=False cleaned_html=None media={} links={} downloaded_files=None screenshot=None pdf=None markdown=None markdown_v2=None fit_markdown=None fit_html=None extracted_content=None metadata=None error_message='Unexpected error in _crawl_web at line 1205 in _crawl_web (../../.pyenv/versions/3.12.6/lib/python3.12/site-packages/crawl4ai/async_crawler_strategy.py):\nError: Failed on navigating ACS-GOTO:\nPage.goto: Timeout 10000ms exceeded.\nCall log:\n  - navigating to "https://www.bolton.ac.uk/blogs/the-rise-of-elderly-gaming", waiting until "domcontentloaded"\n\n\nCode context:\n1200   \n1201                       response = await page.goto(\n1202                           url, wait_until=config.wait_until, timeout=config.page_timeout\n1203                       )\n1204                   except Error as e:\n1205 →                     raise RuntimeError(f"Failed on navigating ACS-GOTO:\\n{str(e)}")\n1206   \n1207                   await self.execute_hook("after_goto", page, context=context, url=url, response=response)\n1208   \n1209                   if response is None:\n1210                       status_code = 200' session_id=None response_headers=None status_code=None ssl_certificate=None


Failed to crawl: https://www.bolton.ac.uk/blogs/why-do-a-masters-degree-in-games-development
Result: url='https://www.bolton.ac.uk/blogs/why-do-a-masters-degree-in-games-development' html='' success=False cleaned_html=None media={} links={} downloaded_files=None screenshot=None pdf=None markdown=None markdown_v2=None fit_markdown=None fit_html=None extracted_content=None metadata=None error_message='Unexpected error in _crawl_web at line 1205 in _crawl_web (../../.pyenv/versions/3.12.6/lib/python3.12/site-packages/crawl4ai/async_crawler_strategy.py):\nError: Failed on navigating ACS-GOTO:\nPage.goto: Timeout 10000ms exceeded.\nCall log:\n  - navigating to "https://www.bolton.ac.uk/blogs/why-do-a-masters-degree-in-games-development", waiting until "domcontentloaded"\n\n\nCode context:\n1200   \n1201                       response = await page.goto(\n1202                           url, wait_until=config.wait_until, timeout=config.page_timeout\n1203                       )\n1204                   except Error as e:\n1205 →                     raise RuntimeError(f"Failed on navigating ACS-GOTO:\\n{str(e)}")\n1206   \n1207                   await self.execute_hook("after_goto", page, context=context, url=url, response=response)\n1208   \n1209                   if response is None:\n1210                       status_code = 200' session_id=None response_headers=None status_code=None ssl_certificate=None


Failed to crawl: https://www.bolton.ac.uk/blogs/is-gaming-good-for-brain-health-or-not
Result: url='https://www.bolton.ac.uk/blogs/is-gaming-good-for-brain-health-or-not' html='' success=False cleaned_html=None media={} links={} downloaded_files=None screenshot=None pdf=None markdown=None markdown_v2=None fit_markdown=None fit_html=None extracted_content=None metadata=None error_message='Unexpected error in _crawl_web at line 1205 in _crawl_web (../../.pyenv/versions/3.12.6/lib/python3.12/site-packages/crawl4ai/async_crawler_strategy.py):\nError: Failed on navigating ACS-GOTO:\nPage.goto: Timeout 10000ms exceeded.\nCall log:\n  - navigating to "https://www.bolton.ac.uk/blogs/is-gaming-good-for-brain-health-or-not", waiting until "domcontentloaded"\n\n\nCode context:\n1200   \n1201                       response = await page.goto(\n1202                           url, wait_until=config.wait_until, timeout=config.page_timeout\n1203                       )\n1204                   except Error as e:\n1205 →                     raise RuntimeError(f"Failed on navigating ACS-GOTO:\\n{str(e)}")\n1206   \n1207                   await self.execute_hook("after_goto", page, context=context, url=url, response=response)\n1208   \n1209                   if response is None:\n1210                       status_code = 200' session_id=None response_headers=None status_code=None ssl_certificate=None


Failed to crawl: https://www.bolton.ac.uk/blogs/kick-starting-your-career-as-a-games-designer
Result: url='https://www.bolton.ac.uk/blogs/kick-starting-your-career-as-a-games-designer' html='' success=False cleaned_html=None media={} links={} downloaded_files=None screenshot=None pdf=None markdown=None markdown_v2=None fit_markdown=None fit_html=None extracted_content=None metadata=None error_message='Unexpected error in _crawl_web at line 1205 in _crawl_web (../../.pyenv/versions/3.12.6/lib/python3.12/site-packages/crawl4ai/async_crawler_strategy.py):\nError: Failed on navigating ACS-GOTO:\nPage.goto: Timeout 10000ms exceeded.\nCall log:\n  - navigating to "https://www.bolton.ac.uk/blogs/kick-starting-your-career-as-a-games-designer", waiting until "domcontentloaded"\n\n\nCode context:\n1200   \n1201                       response = await page.goto(\n1202                           url, wait_until=config.wait_until, timeout=config.page_timeout\n1203                       )\n1204                   except Error as e:\n1205 →                     raise RuntimeError(f"Failed on navigating ACS-GOTO:\\n{str(e)}")\n1206   \n1207                   await self.execute_hook("after_goto", page, context=context, url=url, response=response)\n1208   \n1209                   if response is None:\n1210                       status_code = 200' session_id=None response_headers=None status_code=None ssl_certificate=None


Failed to crawl: https://www.bolton.ac.uk/blogs/how-to-make-the-most-of-your-games-design-degree
Result: url='https://www.bolton.ac.uk/blogs/how-to-make-the-most-of-your-games-design-degree' html='' success=False cleaned_html=None media={} links={} downloaded_files=None screenshot=None pdf=None markdown=None markdown_v2=None fit_markdown=None fit_html=None extracted_content=None metadata=None error_message='Unexpected error in _crawl_web at line 1205 in _crawl_web (../../.pyenv/versions/3.12.6/lib/python3.12/site-packages/crawl4ai/async_crawler_strategy.py):\nError: Failed on navigating ACS-GOTO:\nPage.goto: Timeout 10000ms exceeded.\nCall log:\n  - navigating to "https://www.bolton.ac.uk/blogs/how-to-make-the-most-of-your-games-design-degree", waiting until "domcontentloaded"\n\n\nCode context:\n1200   \n1201                       response = await page.goto(\n1202                           url, wait_until=config.wait_until, timeout=config.page_timeout\n1203                       )\n1204                   except Error as e:\n1205 →                     raise RuntimeError(f"Failed on navigating ACS-GOTO:\\n{str(e)}")\n1206   \n1207                   await self.execute_hook("after_goto", page, context=context, url=url, response=response)\n1208   \n1209                   if response is None:\n1210                       status_code = 200' session_id=None response_headers=None status_code=None ssl_certificate=None


Failed to crawl: https://www.bolton.ac.uk/blogs/what-makes-a-great-games-designer
Result: url='https://www.bolton.ac.uk/blogs/what-makes-a-great-games-designer' html='' success=False cleaned_html=None media={} links={} downloaded_files=None screenshot=None pdf=None markdown=None markdown_v2=None fit_markdown=None fit_html=None extracted_content=None metadata=None error_message='Unexpected error in _crawl_web at line 1205 in _crawl_web (../../.pyenv/versions/3.12.6/lib/python3.12/site-packages/crawl4ai/async_crawler_strategy.py):\nError: Failed on navigating ACS-GOTO:\nPage.goto: Timeout 10000ms exceeded.\nCall log:\n  - navigating to "https://www.bolton.ac.uk/blogs/what-makes-a-great-games-designer", waiting until "domcontentloaded"\n\n\nCode context:\n1200   \n1201                       response = await page.goto(\n1202                           url, wait_until=config.wait_until, timeout=config.page_timeout\n1203                       )\n1204                   except Error as e:\n1205 →                     raise RuntimeError(f"Failed on navigating ACS-GOTO:\\n{str(e)}")\n1206   \n1207                   await self.execute_hook("after_goto", page, context=context, url=url, response=response)\n1208   \n1209                   if response is None:\n1210                       status_code = 200' session_id=None response_headers=None status_code=None ssl_certificate=None


Failed to crawl: https://www.bolton.ac.uk/blogs/careers-in-the-creative-industries-with-a-gaming-degree
Result: url='https://www.bolton.ac.uk/blogs/careers-in-the-creative-industries-with-a-gaming-degree' html='' success=False cleaned_html=None media={} links={} downloaded_files=None screenshot=None pdf=None markdown=None markdown_v2=None fit_markdown=None fit_html=None extracted_content=None metadata=None error_message='Unexpected error in _crawl_web at line 1205 in _crawl_web (../../.pyenv/versions/3.12.6/lib/python3.12/site-packages/crawl4ai/async_crawler_strategy.py):\nError: Failed on navigating ACS-GOTO:\nPage.goto: Timeout 10000ms exceeded.\nCall log:\n  - navigating to "https://www.bolton.ac.uk/blogs/careers-in-the-creative-industries-with-a-gaming-degree", waiting until "domcontentloaded"\n\n\nCode context:\n1200   \n1201                       response = await page.goto(\n1202                           url, wait_until=config.wait_until, timeout=config.page_timeout\n1203                       )\n1204                   except Error as e:\n1205 →                     raise RuntimeError(f"Failed on navigating ACS-GOTO:\\n{str(e)}")\n1206   \n1207                   await self.execute_hook("after_goto", page, context=context, url=url, response=response)\n1208   \n1209                   if response is None:\n1210                       status_code = 200' session_id=None response_headers=None status_code=None ssl_certificate=None


Failed to crawl: https://www.bolton.ac.uk/blogs/is-cloud-gaming-the-future
Result: url='https://www.bolton.ac.uk/blogs/is-cloud-gaming-the-future' html='' success=False cleaned_html=None media={} links={} downloaded_files=None screenshot=None pdf=None markdown=None markdown_v2=None fit_markdown=None fit_html=None extracted_content=None metadata=None error_message='Unexpected error in _crawl_web at line 1205 in _crawl_web (../../.pyenv/versions/3.12.6/lib/python3.12/site-packages/crawl4ai/async_crawler_strategy.py):\nError: Failed on navigating ACS-GOTO:\nPage.goto: Timeout 10000ms exceeded.\nCall log:\n  - navigating to "https://www.bolton.ac.uk/blogs/is-cloud-gaming-the-future", waiting until "domcontentloaded"\n\n\nCode context:\n1200   \n1201                       response = await page.goto(\n1202                           url, wait_until=config.wait_until, timeout=config.page_timeout\n1203                       )\n1204                   except Error as e:\n1205 →                     raise RuntimeError(f"Failed on navigating ACS-GOTO:\\n{str(e)}")\n1206   \n1207                   await self.execute_hook("after_goto", page, context=context, url=url, response=response)\n1208   \n1209                   if response is None:\n1210                       status_code = 200' session_id=None response_headers=None status_code=None ssl_certificate=None


Failed to crawl: https://www.bolton.ac.uk/blogs/will-vr-gaming-ever-be-the-norm
Result: url='https://www.bolton.ac.uk/blogs/will-vr-gaming-ever-be-the-norm' html='' success=False cleaned_html=None media={} links={} downloaded_files=None screenshot=None pdf=None markdown=None markdown_v2=None fit_markdown=None fit_html=None extracted_content=None metadata=None error_message='Unexpected error in _crawl_web at line 1205 in _crawl_web (../../.pyenv/versions/3.12.6/lib/python3.12/site-packages/crawl4ai/async_crawler_strategy.py):\nError: Failed on navigating ACS-GOTO:\nPage.goto: Timeout 10000ms exceeded.\nCall log:\n  - navigating to "https://www.bolton.ac.uk/blogs/will-vr-gaming-ever-be-the-norm", waiting until "domcontentloaded"\n\n\nCode context:\n1200   \n1201                       response = await page.goto(\n1202                           url, wait_until=config.wait_until, timeout=config.page_timeout\n1203                       )\n1204                   except Error as e:\n1205 →                     raise RuntimeError(f"Failed on navigating ACS-GOTO:\\n{str(e)}")\n1206   \n1207                   await self.execute_hook("after_goto", page, context=context, url=url, response=response)\n1208   \n1209                   if response is None:\n1210                       status_code = 200' session_id=None response_headers=None status_code=None ssl_certificate=None


Failed to crawl: https://www.bolton.ac.uk/blogs/what-does-the-future-hold-for-roblox
Result: url='https://www.bolton.ac.uk/blogs/what-does-the-future-hold-for-roblox' html='' success=False cleaned_html=None media={} links={} downloaded_files=None screenshot=None pdf=None markdown=None markdown_v2=None fit_markdown=None fit_html=None extracted_content=None metadata=None error_message='Unexpected error in _crawl_web at line 1205 in _crawl_web (../../.pyenv/versions/3.12.6/lib/python3.12/site-packages/crawl4ai/async_crawler_strategy.py):\nError: Failed on navigating ACS-GOTO:\nPage.goto: Timeout 10000ms exceeded.\nCall log:\n  - navigating to "https://www.bolton.ac.uk/blogs/what-does-the-future-hold-for-roblox", waiting until "domcontentloaded"\n\n\nCode context:\n1200   \n1201                       response = await page.goto(\n1202                           url, wait_until=config.wait_until, timeout=config.page_timeout\n1203                       )\n1204                   except Error as e:\n1205 →                     raise RuntimeError(f"Failed on navigating ACS-GOTO:\\n{str(e)}")\n1206   \n1207                   await self.execute_hook("after_goto", page, context=context, url=url, response=response)\n1208   \n1209                   if response is None:\n1210                       status_code = 200' session_id=None response_headers=None status_code=None ssl_certificate=None


Failed to crawl: https://www.bolton.ac.uk/blogs/university-of-bolton-joins-forces-with-northwest-based-gaming-company
Result: url='https://www.bolton.ac.uk/blogs/university-of-bolton-joins-forces-with-northwest-based-gaming-company' html='' success=False cleaned_html=None media={} links={} downloaded_files=None screenshot=None pdf=None markdown=None markdown_v2=None fit_markdown=None fit_html=None extracted_content=None metadata=None error_message='Unexpected error in _crawl_web at line 1205 in _crawl_web (../../.pyenv/versions/3.12.6/lib/python3.12/site-packages/crawl4ai/async_crawler_strategy.py):\nError: Failed on navigating ACS-GOTO:\nPage.goto: Timeout 10000ms exceeded.\nCall log:\n  - navigating to "https://www.bolton.ac.uk/blogs/university-of-bolton-joins-forces-with-northwest-based-gaming-company", waiting until "domcontentloaded"\n\n\nCode context:\n1200   \n1201                       response = await page.goto(\n1202                           url, wait_until=config.wait_until, timeout=config.page_timeout\n1203                       )\n1204                   except Error as e:\n1205 →                     raise RuntimeError(f"Failed on navigating ACS-GOTO:\\n{str(e)}")\n1206   \n1207                   await self.execute_hook("after_goto", page, context=context, url=url, response=response)\n1208   \n1209                   if response is None:\n1210                       status_code = 200' session_id=None response_headers=None status_code=None ssl_certificate=None


Failed to crawl: https://www.bolton.ac.uk/blogs/setting-up-your-own-graphic-design-business
Result: url='https://www.bolton.ac.uk/blogs/setting-up-your-own-graphic-design-business' html='' success=False cleaned_html=None media={} links={} downloaded_files=None screenshot=None pdf=None markdown=None markdown_v2=None fit_markdown=None fit_html=None extracted_content=None metadata=None error_message='Unexpected error in _crawl_web at line 1205 in _crawl_web (../../.pyenv/versions/3.12.6/lib/python3.12/site-packages/crawl4ai/async_crawler_strategy.py):\nError: Failed on navigating ACS-GOTO:\nPage.goto: Timeout 10000ms exceeded.\nCall log:\n  - navigating to "https://www.bolton.ac.uk/blogs/setting-up-your-own-graphic-design-business", waiting until "domcontentloaded"\n\n\nCode context:\n1200   \n1201                       response = await page.goto(\n1202                           url, wait_until=config.wait_until, timeout=config.page_timeout\n1203                       )\n1204                   except Error as e:\n1205 →                     raise RuntimeError(f"Failed on navigating ACS-GOTO:\\n{str(e)}")\n1206   \n1207                   await self.execute_hook("after_goto", page, context=context, url=url, response=response)\n1208   \n1209                   if response is None:\n1210                       status_code = 200' session_id=None response_headers=None status_code=None ssl_certificate=None


Failed to crawl: https://www.bolton.ac.uk/blogs/fortalice
Result: url='https://www.bolton.ac.uk/blogs/fortalice' html='' success=False cleaned_html=None media={} links={} downloaded_files=None screenshot=None pdf=None markdown=None markdown_v2=None fit_markdown=None fit_html=None extracted_content=None metadata=None error_message='Unexpected error in _crawl_web at line 1205 in _crawl_web (../../.pyenv/versions/3.12.6/lib/python3.12/site-packages/crawl4ai/async_crawler_strategy.py):\nError: Failed on navigating ACS-GOTO:\nPage.goto: Timeout 10000ms exceeded.\nCall log:\n  - navigating to "https://www.bolton.ac.uk/blogs/fortalice", waiting until "domcontentloaded"\n\n\nCode context:\n1200   \n1201                       response = await page.goto(\n1202                           url, wait_until=config.wait_until, timeout=config.page_timeout\n1203                       )\n1204                   except Error as e:\n1205 →                     raise RuntimeError(f"Failed on navigating ACS-GOTO:\\n{str(e)}")\n1206   \n1207                   await self.execute_hook("after_goto", page, context=context, url=url, response=response)\n1208   \n1209                   if response is None:\n1210                       status_code = 200' session_id=None response_headers=None status_code=None ssl_certificate=None


Failed to crawl: https://www.bolton.ac.uk/blogs/studio-up-north
Result: url='https://www.bolton.ac.uk/blogs/studio-up-north' html='' success=False cleaned_html=None media={} links={} downloaded_files=None screenshot=None pdf=None markdown=None markdown_v2=None fit_markdown=None fit_html=None extracted_content=None metadata=None error_message='Unexpected error in _crawl_web at line 1205 in _crawl_web (../../.pyenv/versions/3.12.6/lib/python3.12/site-packages/crawl4ai/async_crawler_strategy.py):\nError: Failed on navigating ACS-GOTO:\nPage.goto: Timeout 10000ms exceeded.\nCall log:\n  - navigating to "https://www.bolton.ac.uk/blogs/studio-up-north", waiting until "domcontentloaded"\n\n\nCode context:\n1200   \n1201                       response = await page.goto(\n1202                           url, wait_until=config.wait_until, timeout=config.page_timeout\n1203                       )\n1204                   except Error as e:\n1205 →                     raise RuntimeError(f"Failed on navigating ACS-GOTO:\\n{str(e)}")\n1206   \n1207                   await self.execute_hook("after_goto", page, context=context, url=url, response=response)\n1208   \n1209                   if response is None:\n1210                       status_code = 200' session_id=None response_headers=None status_code=None ssl_certificate=None


Failed to crawl: https://www.bolton.ac.uk/blogs/students-from-the-ba-hons-graphic-design-programme-once-again-work-with-prevent-breast-cancer-uk
Result: url='https://www.bolton.ac.uk/blogs/students-from-the-ba-hons-graphic-design-programme-once-again-work-with-prevent-breast-cancer-uk' html='' success=False cleaned_html=None media={} links={} downloaded_files=None screenshot=None pdf=None markdown=None markdown_v2=None fit_markdown=None fit_html=None extracted_content=None metadata=None error_message='Unexpected error in _crawl_web at line 1205 in _crawl_web (../../.pyenv/versions/3.12.6/lib/python3.12/site-packages/crawl4ai/async_crawler_strategy.py):\nError: Failed on navigating ACS-GOTO:\nPage.goto: Timeout 10000ms exceeded.\nCall log:\n  - navigating to "https://www.bolton.ac.uk/blogs/students-from-the-ba-hons-graphic-design-programme-once-again-work-with-prevent-breast-cancer-uk", waiting until "domcontentloaded"\n\n\nCode context:\n1200   \n1201                       response = await page.goto(\n1202                           url, wait_until=config.wait_until, timeout=config.page_timeout\n1203                       )\n1204                   except Error as e:\n1205 →                     raise RuntimeError(f"Failed on navigating ACS-GOTO:\\n{str(e)}")\n1206   \n1207                   await self.execute_hook("after_goto", page, context=context, url=url, response=response)\n1208   \n1209                   if response is None:\n1210                       status_code = 200' session_id=None response_headers=None status_code=None ssl_certificate=None


Failed to crawl: https://www.bolton.ac.uk/blogs/top-healthcare-trends-we-can-expect-to-see-in-2023
Result: url='https://www.bolton.ac.uk/blogs/top-healthcare-trends-we-can-expect-to-see-in-2023' html='' success=False cleaned_html=None media={} links={} downloaded_files=None screenshot=None pdf=None markdown=None markdown_v2=None fit_markdown=None fit_html=None extracted_content=None metadata=None error_message='Unexpected error in _crawl_web at line 1205 in _crawl_web (../../.pyenv/versions/3.12.6/lib/python3.12/site-packages/crawl4ai/async_crawler_strategy.py):\nError: Failed on navigating ACS-GOTO:\nPage.goto: Timeout 10000ms exceeded.\nCall log:\n  - navigating to "https://www.bolton.ac.uk/blogs/top-healthcare-trends-we-can-expect-to-see-in-2023", waiting until "domcontentloaded"\n\n\nCode context:\n1200   \n1201                       response = await page.goto(\n1202                           url, wait_until=config.wait_until, timeout=config.page_timeout\n1203                       )\n1204                   except Error as e:\n1205 →                     raise RuntimeError(f"Failed on navigating ACS-GOTO:\\n{str(e)}")\n1206   \n1207                   await self.execute_hook("after_goto", page, context=context, url=url, response=response)\n1208   \n1209                   if response is None:\n1210                       status_code = 200' session_id=None response_headers=None status_code=None ssl_certificate=None


Failed to crawl: https://www.bolton.ac.uk/blogs/healthcare-what-is-neurodiversity
Result: url='https://www.bolton.ac.uk/blogs/healthcare-what-is-neurodiversity' html='' success=False cleaned_html=None media={} links={} downloaded_files=None screenshot=None pdf=None markdown=None markdown_v2=None fit_markdown=None fit_html=None extracted_content=None metadata=None error_message='Unexpected error in _crawl_web at line 1205 in _crawl_web (../../.pyenv/versions/3.12.6/lib/python3.12/site-packages/crawl4ai/async_crawler_strategy.py):\nError: Failed on navigating ACS-GOTO:\nPage.goto: Timeout 10000ms exceeded.\nCall log:\n  - navigating to "https://www.bolton.ac.uk/blogs/healthcare-what-is-neurodiversity", waiting until "domcontentloaded"\n\n\nCode context:\n1200   \n1201                       response = await page.goto(\n1202                           url, wait_until=config.wait_until, timeout=config.page_timeout\n1203                       )\n1204                   except Error as e:\n1205 →                     raise RuntimeError(f"Failed on navigating ACS-GOTO:\\n{str(e)}")\n1206   \n1207                   await self.execute_hook("after_goto", page, context=context, url=url, response=response)\n1208   \n1209                   if response is None:\n1210                       status_code = 200' session_id=None response_headers=None status_code=None ssl_certificate=None


Failed to crawl: https://www.bolton.ac.uk/blogs/best-practice-in-safeguarding-training
Result: url='https://www.bolton.ac.uk/blogs/best-practice-in-safeguarding-training' html='' success=False cleaned_html=None media={} links={} downloaded_files=None screenshot=None pdf=None markdown=None markdown_v2=None fit_markdown=None fit_html=None extracted_content=None metadata=None error_message='Unexpected error in _crawl_web at line 1205 in _crawl_web (../../.pyenv/versions/3.12.6/lib/python3.12/site-packages/crawl4ai/async_crawler_strategy.py):\nError: Failed on navigating ACS-GOTO:\nPage.goto: Timeout 10000ms exceeded.\nCall log:\n  - navigating to "https://www.bolton.ac.uk/blogs/best-practice-in-safeguarding-training", waiting until "domcontentloaded"\n\n\nCode context:\n1200   \n1201                       response = await page.goto(\n1202                           url, wait_until=config.wait_until, timeout=config.page_timeout\n1203                       )\n1204                   except Error as e:\n1205 →                     raise RuntimeError(f"Failed on navigating ACS-GOTO:\\n{str(e)}")\n1206   \n1207                   await self.execute_hook("after_goto", page, context=context, url=url, response=response)\n1208   \n1209                   if response is None:\n1210                       status_code = 200' session_id=None response_headers=None status_code=None ssl_certificate=None


Failed to crawl: https://www.bolton.ac.uk/blogs/health-and-social-care-the-rising-demand-for-workers
Result: url='https://www.bolton.ac.uk/blogs/health-and-social-care-the-rising-demand-for-workers' html='' success=False cleaned_html=None media={} links={} downloaded_files=None screenshot=None pdf=None markdown=None markdown_v2=None fit_markdown=None fit_html=None extracted_content=None metadata=None error_message='Unexpected error in _crawl_web at line 1205 in _crawl_web (../../.pyenv/versions/3.12.6/lib/python3.12/site-packages/crawl4ai/async_crawler_strategy.py):\nError: Failed on navigating ACS-GOTO:\nPage.goto: Timeout 10000ms exceeded.\nCall log:\n  - navigating to "https://www.bolton.ac.uk/blogs/health-and-social-care-the-rising-demand-for-workers", waiting until "domcontentloaded"\n\n\nCode context:\n1200   \n1201                       response = await page.goto(\n1202                           url, wait_until=config.wait_until, timeout=config.page_timeout\n1203                       )\n1204                   except Error as e:\n1205 →                     raise RuntimeError(f"Failed on navigating ACS-GOTO:\\n{str(e)}")\n1206   \n1207                   await self.execute_hook("after_goto", page, context=context, url=url, response=response)\n1208   \n1209                   if response is None:\n1210                       status_code = 200' session_id=None response_headers=None status_code=None ssl_certificate=None


Failed to crawl: https://www.bolton.ac.uk/blogs/why-the-health-and-social-care-industry-is-in-need-of-graduates
Result: url='https://www.bolton.ac.uk/blogs/why-the-health-and-social-care-industry-is-in-need-of-graduates' html='' success=False cleaned_html=None media={} links={} downloaded_files=None screenshot=None pdf=None markdown=None markdown_v2=None fit_markdown=None fit_html=None extracted_content=None metadata=None error_message='Unexpected error in _crawl_web at line 1205 in _crawl_web (../../.pyenv/versions/3.12.6/lib/python3.12/site-packages/crawl4ai/async_crawler_strategy.py):\nError: Failed on navigating ACS-GOTO:\nPage.goto: Timeout 10000ms exceeded.\nCall log:\n  - navigating to "https://www.bolton.ac.uk/blogs/why-the-health-and-social-care-industry-is-in-need-of-graduates", waiting until "domcontentloaded"\n\n\nCode context:\n1200   \n1201                       response = await page.goto(\n1202                           url, wait_until=config.wait_until, timeout=config.page_timeout\n1203                       )\n1204                   except Error as e:\n1205 →                     raise RuntimeError(f"Failed on navigating ACS-GOTO:\\n{str(e)}")\n1206   \n1207                   await self.execute_hook("after_goto", page, context=context, url=url, response=response)\n1208   \n1209                   if response is None:\n1210                       status_code = 200' session_id=None response_headers=None status_code=None ssl_certificate=None


Failed to crawl: https://www.bolton.ac.uk/blogs/hear-from-our-health-and-wellbeing-expert
Result: url='https://www.bolton.ac.uk/blogs/hear-from-our-health-and-wellbeing-expert' html='' success=False cleaned_html=None media={} links={} downloaded_files=None screenshot=None pdf=None markdown=None markdown_v2=None fit_markdown=None fit_html=None extracted_content=None metadata=None error_message='Unexpected error in _crawl_web at line 1205 in _crawl_web (../../.pyenv/versions/3.12.6/lib/python3.12/site-packages/crawl4ai/async_crawler_strategy.py):\nError: Failed on navigating ACS-GOTO:\nPage.goto: Timeout 10000ms exceeded.\nCall log:\n  - navigating to "https://www.bolton.ac.uk/blogs/hear-from-our-health-and-wellbeing-expert", waiting until "domcontentloaded"\n\n\nCode context:\n1200   \n1201                       response = await page.goto(\n1202                           url, wait_until=config.wait_until, timeout=config.page_timeout\n1203                       )\n1204                   except Error as e:\n1205 →                     raise RuntimeError(f"Failed on navigating ACS-GOTO:\\n{str(e)}")\n1206   \n1207                   await self.execute_hook("after_goto", page, context=context, url=url, response=response)\n1208   \n1209                   if response is None:\n1210                       status_code = 200' session_id=None response_headers=None status_code=None ssl_certificate=None


Failed to crawl: https://www.bolton.ac.uk/blogs/how-does-the-ageing-population-affect-social-care
Result: url='https://www.bolton.ac.uk/blogs/how-does-the-ageing-population-affect-social-care' html='' success=False cleaned_html=None media={} links={} downloaded_files=None screenshot=None pdf=None markdown=None markdown_v2=None fit_markdown=None fit_html=None extracted_content=None metadata=None error_message='Unexpected error in _crawl_web at line 1205 in _crawl_web (../../.pyenv/versions/3.12.6/lib/python3.12/site-packages/crawl4ai/async_crawler_strategy.py):\nError: Failed on navigating ACS-GOTO:\nPage.goto: Timeout 10000ms exceeded.\nCall log:\n  - navigating to "https://www.bolton.ac.uk/blogs/how-does-the-ageing-population-affect-social-care", waiting until "domcontentloaded"\n\n\nCode context:\n1200   \n1201                       response = await page.goto(\n1202                           url, wait_until=config.wait_until, timeout=config.page_timeout\n1203                       )\n1204                   except Error as e:\n1205 →                     raise RuntimeError(f"Failed on navigating ACS-GOTO:\\n{str(e)}")\n1206   \n1207                   await self.execute_hook("after_goto", page, context=context, url=url, response=response)\n1208   \n1209                   if response is None:\n1210                       status_code = 200' session_id=None response_headers=None status_code=None ssl_certificate=None


Failed to crawl: https://www.bolton.ac.uk/blogs/hear-from-our-health-and-social-care-expert
Result: url='https://www.bolton.ac.uk/blogs/hear-from-our-health-and-social-care-expert' html='' success=False cleaned_html=None media={} links={} downloaded_files=None screenshot=None pdf=None markdown=None markdown_v2=None fit_markdown=None fit_html=None extracted_content=None metadata=None error_message='Unexpected error in _crawl_web at line 1205 in _crawl_web (../../.pyenv/versions/3.12.6/lib/python3.12/site-packages/crawl4ai/async_crawler_strategy.py):\nError: Failed on navigating ACS-GOTO:\nPage.goto: Timeout 10000ms exceeded.\nCall log:\n  - navigating to "https://www.bolton.ac.uk/blogs/hear-from-our-health-and-social-care-expert", waiting until "domcontentloaded"\n\n\nCode context:\n1200   \n1201                       response = await page.goto(\n1202                           url, wait_until=config.wait_until, timeout=config.page_timeout\n1203                       )\n1204                   except Error as e:\n1205 →                     raise RuntimeError(f"Failed on navigating ACS-GOTO:\\n{str(e)}")\n1206   \n1207                   await self.execute_hook("after_goto", page, context=context, url=url, response=response)\n1208   \n1209                   if response is None:\n1210                       status_code = 200' session_id=None response_headers=None status_code=None ssl_certificate=None


Failed to crawl: https://www.bolton.ac.uk/blogs/entry-routes-for-a-masters-in-social-care-staying-on-at-university
Result: url='https://www.bolton.ac.uk/blogs/entry-routes-for-a-masters-in-social-care-staying-on-at-university' html='' success=False cleaned_html=None media={} links={} downloaded_files=None screenshot=None pdf=None markdown=None markdown_v2=None fit_markdown=None fit_html=None extracted_content=None metadata=None error_message='Unexpected error in _crawl_web at line 1205 in _crawl_web (../../.pyenv/versions/3.12.6/lib/python3.12/site-packages/crawl4ai/async_crawler_strategy.py):\nError: Failed on navigating ACS-GOTO:\nPage.goto: Timeout 10000ms exceeded.\nCall log:\n  - navigating to "https://www.bolton.ac.uk/blogs/entry-routes-for-a-masters-in-social-care-staying-on-at-university", waiting until "domcontentloaded"\n\n\nCode context:\n1200   \n1201                       response = await page.goto(\n1202                           url, wait_until=config.wait_until, timeout=config.page_timeout\n1203                       )\n1204                   except Error as e:\n1205 →                     raise RuntimeError(f"Failed on navigating ACS-GOTO:\\n{str(e)}")\n1206   \n1207                   await self.execute_hook("after_goto", page, context=context, url=url, response=response)\n1208   \n1209                   if response is None:\n1210                       status_code = 200' session_id=None response_headers=None status_code=None ssl_certificate=None


Failed to crawl: https://www.bolton.ac.uk/blogs/8-study-tips-for-your-msc-health-and-social-care-degree
Result: url='https://www.bolton.ac.uk/blogs/8-study-tips-for-your-msc-health-and-social-care-degree' html='' success=False cleaned_html=None media={} links={} downloaded_files=None screenshot=None pdf=None markdown=None markdown_v2=None fit_markdown=None fit_html=None extracted_content=None metadata=None error_message='Unexpected error in _crawl_web at line 1205 in _crawl_web (../../.pyenv/versions/3.12.6/lib/python3.12/site-packages/crawl4ai/async_crawler_strategy.py):\nError: Failed on navigating ACS-GOTO:\nPage.goto: Timeout 10000ms exceeded.\nCall log:\n  - navigating to "https://www.bolton.ac.uk/blogs/8-study-tips-for-your-msc-health-and-social-care-degree", waiting until "domcontentloaded"\n\n\nCode context:\n1200   \n1201                       response = await page.goto(\n1202                           url, wait_until=config.wait_until, timeout=config.page_timeout\n1203                       )\n1204                   except Error as e:\n1205 →                     raise RuntimeError(f"Failed on navigating ACS-GOTO:\\n{str(e)}")\n1206   \n1207                   await self.execute_hook("after_goto", page, context=context, url=url, response=response)\n1208   \n1209                   if response is None:\n1210                       status_code = 200' session_id=None response_headers=None status_code=None ssl_certificate=None


Failed to crawl: https://www.bolton.ac.uk/blogs/what-a-career-in-health-and-social-care-looks-like
Result: url='https://www.bolton.ac.uk/blogs/what-a-career-in-health-and-social-care-looks-like' html='' success=False cleaned_html=None media={} links={} downloaded_files=None screenshot=None pdf=None markdown=None markdown_v2=None fit_markdown=None fit_html=None extracted_content=None metadata=None error_message='Unexpected error in _crawl_web at line 1205 in _crawl_web (../../.pyenv/versions/3.12.6/lib/python3.12/site-packages/crawl4ai/async_crawler_strategy.py):\nError: Failed on navigating ACS-GOTO:\nPage.goto: Timeout 10000ms exceeded.\nCall log:\n  - navigating to "https://www.bolton.ac.uk/blogs/what-a-career-in-health-and-social-care-looks-like", waiting until "domcontentloaded"\n\n\nCode context:\n1200   \n1201                       response = await page.goto(\n1202                           url, wait_until=config.wait_until, timeout=config.page_timeout\n1203                       )\n1204                   except Error as e:\n1205 →                     raise RuntimeError(f"Failed on navigating ACS-GOTO:\\n{str(e)}")\n1206   \n1207                   await self.execute_hook("after_goto", page, context=context, url=url, response=response)\n1208   \n1209                   if response is None:\n1210                       status_code = 200' session_id=None response_headers=None status_code=None ssl_certificate=None


Failed to crawl: https://www.bolton.ac.uk/blogs/how-student-internships-help-the-health-and-social-care-sector
Result: url='https://www.bolton.ac.uk/blogs/how-student-internships-help-the-health-and-social-care-sector' html='' success=False cleaned_html=None media={} links={} downloaded_files=None screenshot=None pdf=None markdown=None markdown_v2=None fit_markdown=None fit_html=None extracted_content=None metadata=None error_message='Unexpected error in _crawl_web at line 1205 in _crawl_web (../../.pyenv/versions/3.12.6/lib/python3.12/site-packages/crawl4ai/async_crawler_strategy.py):\nError: Failed on navigating ACS-GOTO:\nPage.goto: Timeout 10000ms exceeded.\nCall log:\n  - navigating to "https://www.bolton.ac.uk/blogs/how-student-internships-help-the-health-and-social-care-sector", waiting until "domcontentloaded"\n\n\nCode context:\n1200   \n1201                       response = await page.goto(\n1202                           url, wait_until=config.wait_until, timeout=config.page_timeout\n1203                       )\n1204                   except Error as e:\n1205 →                     raise RuntimeError(f"Failed on navigating ACS-GOTO:\\n{str(e)}")\n1206   \n1207                   await self.execute_hook("after_goto", page, context=context, url=url, response=response)\n1208   \n1209                   if response is None:\n1210                       status_code = 200' session_id=None response_headers=None status_code=None ssl_certificate=None


Failed to crawl: https://www.bolton.ac.uk/news/create-tailored-learning-experiences-for-your-health-and-social-apprentices
Result: url='https://www.bolton.ac.uk/news/create-tailored-learning-experiences-for-your-health-and-social-apprentices' html='' success=False cleaned_html=None media={} links={} downloaded_files=None screenshot=None pdf=None markdown=None markdown_v2=None fit_markdown=None fit_html=None extracted_content=None metadata=None error_message='Unexpected error in _crawl_web at line 1205 in _crawl_web (../../.pyenv/versions/3.12.6/lib/python3.12/site-packages/crawl4ai/async_crawler_strategy.py):\nError: Failed on navigating ACS-GOTO:\nPage.goto: Timeout 10000ms exceeded.\nCall log:\n  - navigating to "https://www.bolton.ac.uk/news/create-tailored-learning-experiences-for-your-health-and-social-apprentices", waiting until "domcontentloaded"\n\n\nCode context:\n1200   \n1201                       response = await page.goto(\n1202                           url, wait_until=config.wait_until, timeout=config.page_timeout\n1203                       )\n1204                   except Error as e:\n1205 →                     raise RuntimeError(f"Failed on navigating ACS-GOTO:\\n{str(e)}")\n1206   \n1207                   await self.execute_hook("after_goto", page, context=context, url=url, response=response)\n1208   \n1209                   if response is None:\n1210                       status_code = 200' session_id=None response_headers=None status_code=None ssl_certificate=None


Failed to crawl: https://www.bolton.ac.uk/blogs/why-upskill-with-a-masters-degree-in-health-and-social-care-2
Result: url='https://www.bolton.ac.uk/blogs/why-upskill-with-a-masters-degree-in-health-and-social-care-2' html='' success=False cleaned_html=None media={} links={} downloaded_files=None screenshot=None pdf=None markdown=None markdown_v2=None fit_markdown=None fit_html=None extracted_content=None metadata=None error_message='Unexpected error in _crawl_web at line 1205 in _crawl_web (../../.pyenv/versions/3.12.6/lib/python3.12/site-packages/crawl4ai/async_crawler_strategy.py):\nError: Failed on navigating ACS-GOTO:\nPage.goto: Timeout 10000ms exceeded.\nCall log:\n  - navigating to "https://www.bolton.ac.uk/blogs/why-upskill-with-a-masters-degree-in-health-and-social-care-2", waiting until "domcontentloaded"\n\n\nCode context:\n1200   \n1201                       response = await page.goto(\n1202                           url, wait_until=config.wait_until, timeout=config.page_timeout\n1203                       )\n1204                   except Error as e:\n1205 →                     raise RuntimeError(f"Failed on navigating ACS-GOTO:\\n{str(e)}")\n1206   \n1207                   await self.execute_hook("after_goto", page, context=context, url=url, response=response)\n1208   \n1209                   if response is None:\n1210                       status_code = 200' session_id=None response_headers=None status_code=None ssl_certificate=None


Failed to crawl: https://www.bolton.ac.uk/blogs/how-to-boost-your-earning-potential-in-health-and-social-care
Result: url='https://www.bolton.ac.uk/blogs/how-to-boost-your-earning-potential-in-health-and-social-care' html='' success=False cleaned_html=None media={} links={} downloaded_files=None screenshot=None pdf=None markdown=None markdown_v2=None fit_markdown=None fit_html=None extracted_content=None metadata=None error_message='Unexpected error in _crawl_web at line 1205 in _crawl_web (../../.pyenv/versions/3.12.6/lib/python3.12/site-packages/crawl4ai/async_crawler_strategy.py):\nError: Failed on navigating ACS-GOTO:\nPage.goto: Timeout 10000ms exceeded.\nCall log:\n  - navigating to "https://www.bolton.ac.uk/blogs/how-to-boost-your-earning-potential-in-health-and-social-care", waiting until "domcontentloaded"\n\n\nCode context:\n1200   \n1201                       response = await page.goto(\n1202                           url, wait_until=config.wait_until, timeout=config.page_timeout\n1203                       )\n1204                   except Error as e:\n1205 →                     raise RuntimeError(f"Failed on navigating ACS-GOTO:\\n{str(e)}")\n1206   \n1207                   await self.execute_hook("after_goto", page, context=context, url=url, response=response)\n1208   \n1209                   if response is None:\n1210                       status_code = 200' session_id=None response_headers=None status_code=None ssl_certificate=None


Failed to crawl: https://www.bolton.ac.uk/blogs/benefits-of-personal-development-and-social-worker-training
Result: url='https://www.bolton.ac.uk/blogs/benefits-of-personal-development-and-social-worker-training' html='' success=False cleaned_html=None media={} links={} downloaded_files=None screenshot=None pdf=None markdown=None markdown_v2=None fit_markdown=None fit_html=None extracted_content=None metadata=None error_message='Unexpected error in _crawl_web at line 1205 in _crawl_web (../../.pyenv/versions/3.12.6/lib/python3.12/site-packages/crawl4ai/async_crawler_strategy.py):\nError: Failed on navigating ACS-GOTO:\nPage.goto: Timeout 10000ms exceeded.\nCall log:\n  - navigating to "https://www.bolton.ac.uk/blogs/benefits-of-personal-development-and-social-worker-training", waiting until "domcontentloaded"\n\n\nCode context:\n1200   \n1201                       response = await page.goto(\n1202                           url, wait_until=config.wait_until, timeout=config.page_timeout\n1203                       )\n1204                   except Error as e:\n1205 →                     raise RuntimeError(f"Failed on navigating ACS-GOTO:\\n{str(e)}")\n1206   \n1207                   await self.execute_hook("after_goto", page, context=context, url=url, response=response)\n1208   \n1209                   if response is None:\n1210                       status_code = 200' session_id=None response_headers=None status_code=None ssl_certificate=None


Failed to crawl: https://www.bolton.ac.uk/blogs/its-not-too-late-to-apply-for-a-health-and-social-care-degree-course
Result: url='https://www.bolton.ac.uk/blogs/its-not-too-late-to-apply-for-a-health-and-social-care-degree-course' html='' success=False cleaned_html=None media={} links={} downloaded_files=None screenshot=None pdf=None markdown=None markdown_v2=None fit_markdown=None fit_html=None extracted_content=None metadata=None error_message='Unexpected error in _crawl_web at line 1205 in _crawl_web (../../.pyenv/versions/3.12.6/lib/python3.12/site-packages/crawl4ai/async_crawler_strategy.py):\nError: Failed on navigating ACS-GOTO:\nPage.goto: Timeout 10000ms exceeded.\nCall log:\n  - navigating to "https://www.bolton.ac.uk/blogs/its-not-too-late-to-apply-for-a-health-and-social-care-degree-course", waiting until "domcontentloaded"\n\n\nCode context:\n1200   \n1201                       response = await page.goto(\n1202                           url, wait_until=config.wait_until, timeout=config.page_timeout\n1203                       )\n1204                   except Error as e:\n1205 →                     raise RuntimeError(f"Failed on navigating ACS-GOTO:\\n{str(e)}")\n1206   \n1207                   await self.execute_hook("after_goto", page, context=context, url=url, response=response)\n1208   \n1209                   if response is None:\n1210                       status_code = 200' session_id=None response_headers=None status_code=None ssl_certificate=None


Failed to crawl: https://www.bolton.ac.uk/blogs/looking-for-a-career-path-get-a-degree-in-health-and-social-care
Result: url='https://www.bolton.ac.uk/blogs/looking-for-a-career-path-get-a-degree-in-health-and-social-care' html='' success=False cleaned_html=None media={} links={} downloaded_files=None screenshot=None pdf=None markdown=None markdown_v2=None fit_markdown=None fit_html=None extracted_content=None metadata=None error_message='Unexpected error in _crawl_web at line 1205 in _crawl_web (../../.pyenv/versions/3.12.6/lib/python3.12/site-packages/crawl4ai/async_crawler_strategy.py):\nError: Failed on navigating ACS-GOTO:\nPage.goto: Timeout 10000ms exceeded.\nCall log:\n  - navigating to "https://www.bolton.ac.uk/blogs/looking-for-a-career-path-get-a-degree-in-health-and-social-care", waiting until "domcontentloaded"\n\n\nCode context:\n1200   \n1201                       response = await page.goto(\n1202                           url, wait_until=config.wait_until, timeout=config.page_timeout\n1203                       )\n1204                   except Error as e:\n1205 →                     raise RuntimeError(f"Failed on navigating ACS-GOTO:\\n{str(e)}")\n1206   \n1207                   await self.execute_hook("after_goto", page, context=context, url=url, response=response)\n1208   \n1209                   if response is None:\n1210                       status_code = 200' session_id=None response_headers=None status_code=None ssl_certificate=None


Failed to crawl: https://www.bolton.ac.uk/blogs/health-and-social-care-degrees-benefit-you-and-the-lives-of-others
Result: url='https://www.bolton.ac.uk/blogs/health-and-social-care-degrees-benefit-you-and-the-lives-of-others' html='' success=False cleaned_html=None media={} links={} downloaded_files=None screenshot=None pdf=None markdown=None markdown_v2=None fit_markdown=None fit_html=None extracted_content=None metadata=None error_message='Unexpected error in _crawl_web at line 1205 in _crawl_web (../../.pyenv/versions/3.12.6/lib/python3.12/site-packages/crawl4ai/async_crawler_strategy.py):\nError: Failed on navigating ACS-GOTO:\nPage.goto: Timeout 10000ms exceeded.\nCall log:\n  - navigating to "https://www.bolton.ac.uk/blogs/health-and-social-care-degrees-benefit-you-and-the-lives-of-others", waiting until "domcontentloaded"\n\n\nCode context:\n1200   \n1201                       response = await page.goto(\n1202                           url, wait_until=config.wait_until, timeout=config.page_timeout\n1203                       )\n1204                   except Error as e:\n1205 →                     raise RuntimeError(f"Failed on navigating ACS-GOTO:\\n{str(e)}")\n1206   \n1207                   await self.execute_hook("after_goto", page, context=context, url=url, response=response)\n1208   \n1209                   if response is None:\n1210                       status_code = 200' session_id=None response_headers=None status_code=None ssl_certificate=None


Failed to crawl: https://www.bolton.ac.uk/blogs/can-robots-solve-the-social-care-crisis
Result: url='https://www.bolton.ac.uk/blogs/can-robots-solve-the-social-care-crisis' html='' success=False cleaned_html=None media={} links={} downloaded_files=None screenshot=None pdf=None markdown=None markdown_v2=None fit_markdown=None fit_html=None extracted_content=None metadata=None error_message='Unexpected error in _crawl_web at line 1205 in _crawl_web (../../.pyenv/versions/3.12.6/lib/python3.12/site-packages/crawl4ai/async_crawler_strategy.py):\nError: Failed on navigating ACS-GOTO:\nPage.goto: Timeout 10000ms exceeded.\nCall log:\n  - navigating to "https://www.bolton.ac.uk/blogs/can-robots-solve-the-social-care-crisis", waiting until "domcontentloaded"\n\n\nCode context:\n1200   \n1201                       response = await page.goto(\n1202                           url, wait_until=config.wait_until, timeout=config.page_timeout\n1203                       )\n1204                   except Error as e:\n1205 →                     raise RuntimeError(f"Failed on navigating ACS-GOTO:\\n{str(e)}")\n1206   \n1207                   await self.execute_hook("after_goto", page, context=context, url=url, response=response)\n1208   \n1209                   if response is None:\n1210                       status_code = 200' session_id=None response_headers=None status_code=None ssl_certificate=None


Failed to crawl: https://www.bolton.ac.uk/blogs/what-can-i-do-with-a-health-and-social-care-degree
Result: url='https://www.bolton.ac.uk/blogs/what-can-i-do-with-a-health-and-social-care-degree' html='' success=False cleaned_html=None media={} links={} downloaded_files=None screenshot=None pdf=None markdown=None markdown_v2=None fit_markdown=None fit_html=None extracted_content=None metadata=None error_message='Unexpected error in _crawl_web at line 1205 in _crawl_web (../../.pyenv/versions/3.12.6/lib/python3.12/site-packages/crawl4ai/async_crawler_strategy.py):\nError: Failed on navigating ACS-GOTO:\nPage.goto: Timeout 10000ms exceeded.\nCall log:\n  - navigating to "https://www.bolton.ac.uk/blogs/what-can-i-do-with-a-health-and-social-care-degree", waiting until "domcontentloaded"\n\n\nCode context:\n1200   \n1201                       response = await page.goto(\n1202                           url, wait_until=config.wait_until, timeout=config.page_timeout\n1203                       )\n1204                   except Error as e:\n1205 →                     raise RuntimeError(f"Failed on navigating ACS-GOTO:\\n{str(e)}")\n1206   \n1207                   await self.execute_hook("after_goto", page, context=context, url=url, response=response)\n1208   \n1209                   if response is None:\n1210                       status_code = 200' session_id=None response_headers=None status_code=None ssl_certificate=None


Failed to crawl: https://www.bolton.ac.uk/blogs/real-success-stories-fda-and-apprenticeship-health-and-social-care
Result: url='https://www.bolton.ac.uk/blogs/real-success-stories-fda-and-apprenticeship-health-and-social-care' html='' success=False cleaned_html=None media={} links={} downloaded_files=None screenshot=None pdf=None markdown=None markdown_v2=None fit_markdown=None fit_html=None extracted_content=None metadata=None error_message='Unexpected error in _crawl_web at line 1205 in _crawl_web (../../.pyenv/versions/3.12.6/lib/python3.12/site-packages/crawl4ai/async_crawler_strategy.py):\nError: Failed on navigating ACS-GOTO:\nPage.goto: Timeout 10000ms exceeded.\nCall log:\n  - navigating to "https://www.bolton.ac.uk/blogs/real-success-stories-fda-and-apprenticeship-health-and-social-care", waiting until "domcontentloaded"\n\n\nCode context:\n1200   \n1201                       response = await page.goto(\n1202                           url, wait_until=config.wait_until, timeout=config.page_timeout\n1203                       )\n1204                   except Error as e:\n1205 →                     raise RuntimeError(f"Failed on navigating ACS-GOTO:\\n{str(e)}")\n1206   \n1207                   await self.execute_hook("after_goto", page, context=context, url=url, response=response)\n1208   \n1209                   if response is None:\n1210                       status_code = 200' session_id=None response_headers=None status_code=None ssl_certificate=None


Failed to crawl: https://www.bolton.ac.uk/blogs/extending-career-opportunities-bsc-and-hnd-health-and-social-care
Result: url='https://www.bolton.ac.uk/blogs/extending-career-opportunities-bsc-and-hnd-health-and-social-care' html='' success=False cleaned_html=None media={} links={} downloaded_files=None screenshot=None pdf=None markdown=None markdown_v2=None fit_markdown=None fit_html=None extracted_content=None metadata=None error_message='Unexpected error in _crawl_web at line 1205 in _crawl_web (../../.pyenv/versions/3.12.6/lib/python3.12/site-packages/crawl4ai/async_crawler_strategy.py):\nError: Failed on navigating ACS-GOTO:\nPage.goto: Timeout 10000ms exceeded.\nCall log:\n  - navigating to "https://www.bolton.ac.uk/blogs/extending-career-opportunities-bsc-and-hnd-health-and-social-care", waiting until "domcontentloaded"\n\n\nCode context:\n1200   \n1201                       response = await page.goto(\n1202                           url, wait_until=config.wait_until, timeout=config.page_timeout\n1203                       )\n1204                   except Error as e:\n1205 →                     raise RuntimeError(f"Failed on navigating ACS-GOTO:\\n{str(e)}")\n1206   \n1207                   await self.execute_hook("after_goto", page, context=context, url=url, response=response)\n1208   \n1209                   if response is None:\n1210                       status_code = 200' session_id=None response_headers=None status_code=None ssl_certificate=None


Failed to crawl: https://www.bolton.ac.uk/blogs/health-visiting
Result: url='https://www.bolton.ac.uk/blogs/health-visiting' html='' success=False cleaned_html=None media={} links={} downloaded_files=None screenshot=None pdf=None markdown=None markdown_v2=None fit_markdown=None fit_html=None extracted_content=None metadata=None error_message='Unexpected error in _crawl_web at line 1205 in _crawl_web (../../.pyenv/versions/3.12.6/lib/python3.12/site-packages/crawl4ai/async_crawler_strategy.py):\nError: Failed on navigating ACS-GOTO:\nPage.goto: Timeout 10000ms exceeded.\nCall log:\n  - navigating to "https://www.bolton.ac.uk/blogs/health-visiting", waiting until "domcontentloaded"\n\n\nCode context:\n1200   \n1201                       response = await page.goto(\n1202                           url, wait_until=config.wait_until, timeout=config.page_timeout\n1203                       )\n1204                   except Error as e:\n1205 →                     raise RuntimeError(f"Failed on navigating ACS-GOTO:\\n{str(e)}")\n1206   \n1207                   await self.execute_hook("after_goto", page, context=context, url=url, response=response)\n1208   \n1209                   if response is None:\n1210                       status_code = 200' session_id=None response_headers=None status_code=None ssl_certificate=None


Failed to crawl: https://www.bolton.ac.uk/blogs/university-of-bolton-shortlisted-for-the-student-nursing-times-award
Result: url='https://www.bolton.ac.uk/blogs/university-of-bolton-shortlisted-for-the-student-nursing-times-award' html='' success=False cleaned_html=None media={} links={} downloaded_files=None screenshot=None pdf=None markdown=None markdown_v2=None fit_markdown=None fit_html=None extracted_content=None metadata=None error_message='Unexpected error in _crawl_web at line 1205 in _crawl_web (../../.pyenv/versions/3.12.6/lib/python3.12/site-packages/crawl4ai/async_crawler_strategy.py):\nError: Failed on navigating ACS-GOTO:\nPage.goto: Timeout 10000ms exceeded.\nCall log:\n  - navigating to "https://www.bolton.ac.uk/blogs/university-of-bolton-shortlisted-for-the-student-nursing-times-award", waiting until "domcontentloaded"\n\n\nCode context:\n1200   \n1201                       response = await page.goto(\n1202                           url, wait_until=config.wait_until, timeout=config.page_timeout\n1203                       )\n1204                   except Error as e:\n1205 →                     raise RuntimeError(f"Failed on navigating ACS-GOTO:\\n{str(e)}")\n1206   \n1207                   await self.execute_hook("after_goto", page, context=context, url=url, response=response)\n1208   \n1209                   if response is None:\n1210                       status_code = 200' session_id=None response_headers=None status_code=None ssl_certificate=None


Failed to crawl: https://www.bolton.ac.uk/blogs/three-new-laws-coming-this-year
Result: url='https://www.bolton.ac.uk/blogs/three-new-laws-coming-this-year' html='' success=False cleaned_html=None media={} links={} downloaded_files=None screenshot=None pdf=None markdown=None markdown_v2=None fit_markdown=None fit_html=None extracted_content=None metadata=None error_message='Unexpected error in _crawl_web at line 1205 in _crawl_web (../../.pyenv/versions/3.12.6/lib/python3.12/site-packages/crawl4ai/async_crawler_strategy.py):\nError: Failed on navigating ACS-GOTO:\nPage.goto: Timeout 10000ms exceeded.\nCall log:\n  - navigating to "https://www.bolton.ac.uk/blogs/three-new-laws-coming-this-year", waiting until "domcontentloaded"\n\n\nCode context:\n1200   \n1201                       response = await page.goto(\n1202                           url, wait_until=config.wait_until, timeout=config.page_timeout\n1203                       )\n1204                   except Error as e:\n1205 →                     raise RuntimeError(f"Failed on navigating ACS-GOTO:\\n{str(e)}")\n1206   \n1207                   await self.execute_hook("after_goto", page, context=context, url=url, response=response)\n1208   \n1209                   if response is None:\n1210                       status_code = 200' session_id=None response_headers=None status_code=None ssl_certificate=None


Failed to crawl: https://www.bolton.ac.uk/blogs/gain-legal-experience-while-you-study
Result: url='https://www.bolton.ac.uk/blogs/gain-legal-experience-while-you-study' html='' success=False cleaned_html=None media={} links={} downloaded_files=None screenshot=None pdf=None markdown=None markdown_v2=None fit_markdown=None fit_html=None extracted_content=None metadata=None error_message='Unexpected error in _crawl_web at line 1205 in _crawl_web (../../.pyenv/versions/3.12.6/lib/python3.12/site-packages/crawl4ai/async_crawler_strategy.py):\nError: Failed on navigating ACS-GOTO:\nPage.goto: Timeout 10000ms exceeded.\nCall log:\n  - navigating to "https://www.bolton.ac.uk/blogs/gain-legal-experience-while-you-study", waiting until "domcontentloaded"\n\n\nCode context:\n1200   \n1201                       response = await page.goto(\n1202                           url, wait_until=config.wait_until, timeout=config.page_timeout\n1203                       )\n1204                   except Error as e:\n1205 →                     raise RuntimeError(f"Failed on navigating ACS-GOTO:\\n{str(e)}")\n1206   \n1207                   await self.execute_hook("after_goto", page, context=context, url=url, response=response)\n1208   \n1209                   if response is None:\n1210                       status_code = 200' session_id=None response_headers=None status_code=None ssl_certificate=None


Failed to crawl: https://www.bolton.ac.uk/blogs/how-the-legal-profession-is-becoming-more-diverse
Result: url='https://www.bolton.ac.uk/blogs/how-the-legal-profession-is-becoming-more-diverse' html='' success=False cleaned_html=None media={} links={} downloaded_files=None screenshot=None pdf=None markdown=None markdown_v2=None fit_markdown=None fit_html=None extracted_content=None metadata=None error_message='Unexpected error in _crawl_web at line 1205 in _crawl_web (../../.pyenv/versions/3.12.6/lib/python3.12/site-packages/crawl4ai/async_crawler_strategy.py):\nError: Failed on navigating ACS-GOTO:\nPage.goto: Timeout 10000ms exceeded.\nCall log:\n  - navigating to "https://www.bolton.ac.uk/blogs/how-the-legal-profession-is-becoming-more-diverse", waiting until "domcontentloaded"\n\n\nCode context:\n1200   \n1201                       response = await page.goto(\n1202                           url, wait_until=config.wait_until, timeout=config.page_timeout\n1203                       )\n1204                   except Error as e:\n1205 →                     raise RuntimeError(f"Failed on navigating ACS-GOTO:\\n{str(e)}")\n1206   \n1207                   await self.execute_hook("after_goto", page, context=context, url=url, response=response)\n1208   \n1209                   if response is None:\n1210                       status_code = 200' session_id=None response_headers=None status_code=None ssl_certificate=None


Failed to crawl: https://www.bolton.ac.uk/blogs/lawyer-vs-solicitor-what-is-the-difference
Result: url='https://www.bolton.ac.uk/blogs/lawyer-vs-solicitor-what-is-the-difference' html='' success=False cleaned_html=None media={} links={} downloaded_files=None screenshot=None pdf=None markdown=None markdown_v2=None fit_markdown=None fit_html=None extracted_content=None metadata=None error_message='Unexpected error in _crawl_web at line 1205 in _crawl_web (../../.pyenv/versions/3.12.6/lib/python3.12/site-packages/crawl4ai/async_crawler_strategy.py):\nError: Failed on navigating ACS-GOTO:\nPage.goto: Timeout 10000ms exceeded.\nCall log:\n  - navigating to "https://www.bolton.ac.uk/blogs/lawyer-vs-solicitor-what-is-the-difference", waiting until "domcontentloaded"\n\n\nCode context:\n1200   \n1201                       response = await page.goto(\n1202                           url, wait_until=config.wait_until, timeout=config.page_timeout\n1203                       )\n1204                   except Error as e:\n1205 →                     raise RuntimeError(f"Failed on navigating ACS-GOTO:\\n{str(e)}")\n1206   \n1207                   await self.execute_hook("after_goto", page, context=context, url=url, response=response)\n1208   \n1209                   if response is None:\n1210                       status_code = 200' session_id=None response_headers=None status_code=None ssl_certificate=None


Failed to crawl: https://www.bolton.ac.uk/blogs/i-fought-the-law-and-the-law-won
Result: url='https://www.bolton.ac.uk/blogs/i-fought-the-law-and-the-law-won' html='' success=False cleaned_html=None media={} links={} downloaded_files=None screenshot=None pdf=None markdown=None markdown_v2=None fit_markdown=None fit_html=None extracted_content=None metadata=None error_message='Unexpected error in _crawl_web at line 1205 in _crawl_web (../../.pyenv/versions/3.12.6/lib/python3.12/site-packages/crawl4ai/async_crawler_strategy.py):\nError: Failed on navigating ACS-GOTO:\nPage.goto: Timeout 10000ms exceeded.\nCall log:\n  - navigating to "https://www.bolton.ac.uk/blogs/i-fought-the-law-and-the-law-won", waiting until "domcontentloaded"\n\n\nCode context:\n1200   \n1201                       response = await page.goto(\n1202                           url, wait_until=config.wait_until, timeout=config.page_timeout\n1203                       )\n1204                   except Error as e:\n1205 →                     raise RuntimeError(f"Failed on navigating ACS-GOTO:\\n{str(e)}")\n1206   \n1207                   await self.execute_hook("after_goto", page, context=context, url=url, response=response)\n1208   \n1209                   if response is None:\n1210                       status_code = 200' session_id=None response_headers=None status_code=None ssl_certificate=None


Failed to crawl: https://www.bolton.ac.uk/blogs/the-top-five-law-changes-that-graduates-need-to-know
Result: url='https://www.bolton.ac.uk/blogs/the-top-five-law-changes-that-graduates-need-to-know' html='' success=False cleaned_html=None media={} links={} downloaded_files=None screenshot=None pdf=None markdown=None markdown_v2=None fit_markdown=None fit_html=None extracted_content=None metadata=None error_message='Unexpected error in _crawl_web at line 1205 in _crawl_web (../../.pyenv/versions/3.12.6/lib/python3.12/site-packages/crawl4ai/async_crawler_strategy.py):\nError: Failed on navigating ACS-GOTO:\nPage.goto: Timeout 10000ms exceeded.\nCall log:\n  - navigating to "https://www.bolton.ac.uk/blogs/the-top-five-law-changes-that-graduates-need-to-know", waiting until "domcontentloaded"\n\n\nCode context:\n1200   \n1201                       response = await page.goto(\n1202                           url, wait_until=config.wait_until, timeout=config.page_timeout\n1203                       )\n1204                   except Error as e:\n1205 →                     raise RuntimeError(f"Failed on navigating ACS-GOTO:\\n{str(e)}")\n1206   \n1207                   await self.execute_hook("after_goto", page, context=context, url=url, response=response)\n1208   \n1209                   if response is None:\n1210                       status_code = 200' session_id=None response_headers=None status_code=None ssl_certificate=None


Failed to crawl: https://www.bolton.ac.uk/blogs/challenges-in-international-space-law
Result: url='https://www.bolton.ac.uk/blogs/challenges-in-international-space-law' html='' success=False cleaned_html=None media={} links={} downloaded_files=None screenshot=None pdf=None markdown=None markdown_v2=None fit_markdown=None fit_html=None extracted_content=None metadata=None error_message='Unexpected error in _crawl_web at line 1205 in _crawl_web (../../.pyenv/versions/3.12.6/lib/python3.12/site-packages/crawl4ai/async_crawler_strategy.py):\nError: Failed on navigating ACS-GOTO:\nPage.goto: Timeout 10000ms exceeded.\nCall log:\n  - navigating to "https://www.bolton.ac.uk/blogs/challenges-in-international-space-law", waiting until "domcontentloaded"\n\n\nCode context:\n1200   \n1201                       response = await page.goto(\n1202                           url, wait_until=config.wait_until, timeout=config.page_timeout\n1203                       )\n1204                   except Error as e:\n1205 →                     raise RuntimeError(f"Failed on navigating ACS-GOTO:\\n{str(e)}")\n1206   \n1207                   await self.execute_hook("after_goto", page, context=context, url=url, response=response)\n1208   \n1209                   if response is None:\n1210                       status_code = 200' session_id=None response_headers=None status_code=None ssl_certificate=None


Failed to crawl: https://www.bolton.ac.uk/blogs/benefits-of-llm-degree
Result: url='https://www.bolton.ac.uk/blogs/benefits-of-llm-degree' html='' success=False cleaned_html=None media={} links={} downloaded_files=None screenshot=None pdf=None markdown=None markdown_v2=None fit_markdown=None fit_html=None extracted_content=None metadata=None error_message='Unexpected error in _crawl_web at line 1205 in _crawl_web (../../.pyenv/versions/3.12.6/lib/python3.12/site-packages/crawl4ai/async_crawler_strategy.py):\nError: Failed on navigating ACS-GOTO:\nPage.goto: Timeout 10000ms exceeded.\nCall log:\n  - navigating to "https://www.bolton.ac.uk/blogs/benefits-of-llm-degree", waiting until "domcontentloaded"\n\n\nCode context:\n1200   \n1201                       response = await page.goto(\n1202                           url, wait_until=config.wait_until, timeout=config.page_timeout\n1203                       )\n1204                   except Error as e:\n1205 →                     raise RuntimeError(f"Failed on navigating ACS-GOTO:\\n{str(e)}")\n1206   \n1207                   await self.execute_hook("after_goto", page, context=context, url=url, response=response)\n1208   \n1209                   if response is None:\n1210                       status_code = 200' session_id=None response_headers=None status_code=None ssl_certificate=None


Failed to crawl: https://www.bolton.ac.uk/blogs/5-reasons-why-a-business-and-law-degree-is-the-right-choice-for-your-masters
Result: url='https://www.bolton.ac.uk/blogs/5-reasons-why-a-business-and-law-degree-is-the-right-choice-for-your-masters' html='' success=False cleaned_html=None media={} links={} downloaded_files=None screenshot=None pdf=None markdown=None markdown_v2=None fit_markdown=None fit_html=None extracted_content=None metadata=None error_message='Unexpected error in _crawl_web at line 1205 in _crawl_web (../../.pyenv/versions/3.12.6/lib/python3.12/site-packages/crawl4ai/async_crawler_strategy.py):\nError: Failed on navigating ACS-GOTO:\nPage.goto: Timeout 10000ms exceeded.\nCall log:\n  - navigating to "https://www.bolton.ac.uk/blogs/5-reasons-why-a-business-and-law-degree-is-the-right-choice-for-your-masters", waiting until "domcontentloaded"\n\n\nCode context:\n1200   \n1201                       response = await page.goto(\n1202                           url, wait_until=config.wait_until, timeout=config.page_timeout\n1203                       )\n1204                   except Error as e:\n1205 →                     raise RuntimeError(f"Failed on navigating ACS-GOTO:\\n{str(e)}")\n1206   \n1207                   await self.execute_hook("after_goto", page, context=context, url=url, response=response)\n1208   \n1209                   if response is None:\n1210                       status_code = 200' session_id=None response_headers=None status_code=None ssl_certificate=None


Failed to crawl: https://www.bolton.ac.uk/blogs/is-the-llm-international-business-law-masters-degree-good-for-career-growth
Result: url='https://www.bolton.ac.uk/blogs/is-the-llm-international-business-law-masters-degree-good-for-career-growth' html='' success=False cleaned_html=None media={} links={} downloaded_files=None screenshot=None pdf=None markdown=None markdown_v2=None fit_markdown=None fit_html=None extracted_content=None metadata=None error_message='Unexpected error in _crawl_web at line 1205 in _crawl_web (../../.pyenv/versions/3.12.6/lib/python3.12/site-packages/crawl4ai/async_crawler_strategy.py):\nError: Failed on navigating ACS-GOTO:\nPage.goto: Timeout 10000ms exceeded.\nCall log:\n  - navigating to "https://www.bolton.ac.uk/blogs/is-the-llm-international-business-law-masters-degree-good-for-career-growth", waiting until "domcontentloaded"\n\n\nCode context:\n1200   \n1201                       response = await page.goto(\n1202                           url, wait_until=config.wait_until, timeout=config.page_timeout\n1203                       )\n1204                   except Error as e:\n1205 →                     raise RuntimeError(f"Failed on navigating ACS-GOTO:\\n{str(e)}")\n1206   \n1207                   await self.execute_hook("after_goto", page, context=context, url=url, response=response)\n1208   \n1209                   if response is None:\n1210                       status_code = 200' session_id=None response_headers=None status_code=None ssl_certificate=None


Failed to crawl: https://www.bolton.ac.uk/blogs/how-to-have-a-strong-moral-compass-in-business-law
Result: url='https://www.bolton.ac.uk/blogs/how-to-have-a-strong-moral-compass-in-business-law' html='' success=False cleaned_html=None media={} links={} downloaded_files=None screenshot=None pdf=None markdown=None markdown_v2=None fit_markdown=None fit_html=None extracted_content=None metadata=None error_message='Unexpected error in _crawl_web at line 1205 in _crawl_web (../../.pyenv/versions/3.12.6/lib/python3.12/site-packages/crawl4ai/async_crawler_strategy.py):\nError: Failed on navigating ACS-GOTO:\nPage.goto: Timeout 10000ms exceeded.\nCall log:\n  - navigating to "https://www.bolton.ac.uk/blogs/how-to-have-a-strong-moral-compass-in-business-law", waiting until "domcontentloaded"\n\n\nCode context:\n1200   \n1201                       response = await page.goto(\n1202                           url, wait_until=config.wait_until, timeout=config.page_timeout\n1203                       )\n1204                   except Error as e:\n1205 →                     raise RuntimeError(f"Failed on navigating ACS-GOTO:\\n{str(e)}")\n1206   \n1207                   await self.execute_hook("after_goto", page, context=context, url=url, response=response)\n1208   \n1209                   if response is None:\n1210                       status_code = 200' session_id=None response_headers=None status_code=None ssl_certificate=None


Failed to crawl: https://www.bolton.ac.uk/blogs/whats-the-difference-between-a-solicitor-and-a-barrister
Result: url='https://www.bolton.ac.uk/blogs/whats-the-difference-between-a-solicitor-and-a-barrister' html='' success=False cleaned_html=None media={} links={} downloaded_files=None screenshot=None pdf=None markdown=None markdown_v2=None fit_markdown=None fit_html=None extracted_content=None metadata=None error_message='Unexpected error in _crawl_web at line 1205 in _crawl_web (../../.pyenv/versions/3.12.6/lib/python3.12/site-packages/crawl4ai/async_crawler_strategy.py):\nError: Failed on navigating ACS-GOTO:\nPage.goto: Timeout 10000ms exceeded.\nCall log:\n  - navigating to "https://www.bolton.ac.uk/blogs/whats-the-difference-between-a-solicitor-and-a-barrister", waiting until "domcontentloaded"\n\n\nCode context:\n1200   \n1201                       response = await page.goto(\n1202                           url, wait_until=config.wait_until, timeout=config.page_timeout\n1203                       )\n1204                   except Error as e:\n1205 →                     raise RuntimeError(f"Failed on navigating ACS-GOTO:\\n{str(e)}")\n1206   \n1207                   await self.execute_hook("after_goto", page, context=context, url=url, response=response)\n1208   \n1209                   if response is None:\n1210                       status_code = 200' session_id=None response_headers=None status_code=None ssl_certificate=None


Failed to crawl: https://www.bolton.ac.uk/blogs/best-books-for-law-students-doing-llm-master-of-laws
Result: url='https://www.bolton.ac.uk/blogs/best-books-for-law-students-doing-llm-master-of-laws' html='' success=False cleaned_html=None media={} links={} downloaded_files=None screenshot=None pdf=None markdown=None markdown_v2=None fit_markdown=None fit_html=None extracted_content=None metadata=None error_message='Unexpected error in _crawl_web at line 1205 in _crawl_web (../../.pyenv/versions/3.12.6/lib/python3.12/site-packages/crawl4ai/async_crawler_strategy.py):\nError: Failed on navigating ACS-GOTO:\nPage.goto: Timeout 10000ms exceeded.\nCall log:\n  - navigating to "https://www.bolton.ac.uk/blogs/best-books-for-law-students-doing-llm-master-of-laws", waiting until "domcontentloaded"\n\n\nCode context:\n1200   \n1201                       response = await page.goto(\n1202                           url, wait_until=config.wait_until, timeout=config.page_timeout\n1203                       )\n1204                   except Error as e:\n1205 →                     raise RuntimeError(f"Failed on navigating ACS-GOTO:\\n{str(e)}")\n1206   \n1207                   await self.execute_hook("after_goto", page, context=context, url=url, response=response)\n1208   \n1209                   if response is None:\n1210                       status_code = 200' session_id=None response_headers=None status_code=None ssl_certificate=None


Failed to crawl: https://www.bolton.ac.uk/blogs/what-can-you-do-with-a-law-degree-2
Result: url='https://www.bolton.ac.uk/blogs/what-can-you-do-with-a-law-degree-2' html='' success=False cleaned_html=None media={} links={} downloaded_files=None screenshot=None pdf=None markdown=None markdown_v2=None fit_markdown=None fit_html=None extracted_content=None metadata=None error_message='Unexpected error in _crawl_web at line 1205 in _crawl_web (../../.pyenv/versions/3.12.6/lib/python3.12/site-packages/crawl4ai/async_crawler_strategy.py):\nError: Failed on navigating ACS-GOTO:\nPage.goto: Timeout 10000ms exceeded.\nCall log:\n  - navigating to "https://www.bolton.ac.uk/blogs/what-can-you-do-with-a-law-degree-2", waiting until "domcontentloaded"\n\n\nCode context:\n1200   \n1201                       response = await page.goto(\n1202                           url, wait_until=config.wait_until, timeout=config.page_timeout\n1203                       )\n1204                   except Error as e:\n1205 →                     raise RuntimeError(f"Failed on navigating ACS-GOTO:\\n{str(e)}")\n1206   \n1207                   await self.execute_hook("after_goto", page, context=context, url=url, response=response)\n1208   \n1209                   if response is None:\n1210                       status_code = 200' session_id=None response_headers=None status_code=None ssl_certificate=None


Failed to crawl: https://www.bolton.ac.uk/blogs/looking-for-a-career-path-get-a-degree-in-law
Result: url='https://www.bolton.ac.uk/blogs/looking-for-a-career-path-get-a-degree-in-law' html='' success=False cleaned_html=None media={} links={} downloaded_files=None screenshot=None pdf=None markdown=None markdown_v2=None fit_markdown=None fit_html=None extracted_content=None metadata=None error_message='Unexpected error in _crawl_web at line 1246 in _crawl_web (../../.pyenv/versions/3.12.6/lib/python3.12/site-packages/crawl4ai/async_crawler_strategy.py):\nError: \'AsyncPlaywrightCrawlerStrategy\' object has no attribute \'config\'\n\nCode context:\n1241                       raise Error(f"Body element is hidden: {visibility_info}")\n1242   \n1243               except Error as e:\n1244                   visibility_info = await self.check_visibility(page)\n1245   \n1246 →                 if self.config.verbose:\n1247                       self.logger.debug(\n1248                           message="Body visibility info: {info}",\n1249                           tag="DEBUG",\n1250                           params={"info": visibility_info},\n1251                       )' session_id=None response_headers=None status_code=None ssl_certificate=None


Failed to crawl: https://www.bolton.ac.uk/blogs/the-solicitors-qualification-examination-will-it-all-end-in-tiers
Result: url='https://www.bolton.ac.uk/blogs/the-solicitors-qualification-examination-will-it-all-end-in-tiers' html='' success=False cleaned_html=None media={} links={} downloaded_files=None screenshot=None pdf=None markdown=None markdown_v2=None fit_markdown=None fit_html=None extracted_content=None metadata=None error_message='Unexpected error in _crawl_web at line 1246 in _crawl_web (../../.pyenv/versions/3.12.6/lib/python3.12/site-packages/crawl4ai/async_crawler_strategy.py):\nError: \'AsyncPlaywrightCrawlerStrategy\' object has no attribute \'config\'\n\nCode context:\n1241                       raise Error(f"Body element is hidden: {visibility_info}")\n1242   \n1243               except Error as e:\n1244                   visibility_info = await self.check_visibility(page)\n1245   \n1246 →                 if self.config.verbose:\n1247                       self.logger.debug(\n1248                           message="Body visibility info: {info}",\n1249                           tag="DEBUG",\n1250                           params={"info": visibility_info},\n1251                       )' session_id=None response_headers=None status_code=None ssl_certificate=None


Failed to crawl: https://www.bolton.ac.uk/blogs/uncovering-invisible-children-a-commentary-on-the-consultation-children-not-in-school
Result: url='https://www.bolton.ac.uk/blogs/uncovering-invisible-children-a-commentary-on-the-consultation-children-not-in-school' html='' success=False cleaned_html=None media={} links={} downloaded_files=None screenshot=None pdf=None markdown=None markdown_v2=None fit_markdown=None fit_html=None extracted_content=None metadata=None error_message='Unexpected error in _crawl_web at line 1246 in _crawl_web (../../.pyenv/versions/3.12.6/lib/python3.12/site-packages/crawl4ai/async_crawler_strategy.py):\nError: \'AsyncPlaywrightCrawlerStrategy\' object has no attribute \'config\'\n\nCode context:\n1241                       raise Error(f"Body element is hidden: {visibility_info}")\n1242   \n1243               except Error as e:\n1244                   visibility_info = await self.check_visibility(page)\n1245   \n1246 →                 if self.config.verbose:\n1247                       self.logger.debug(\n1248                           message="Body visibility info: {info}",\n1249                           tag="DEBUG",\n1250                           params={"info": visibility_info},\n1251                       )' session_id=None response_headers=None status_code=None ssl_certificate=None


Failed to crawl: https://www.bolton.ac.uk/blogs/a-new-party-leader-and-a-new-prime-minister
Result: url='https://www.bolton.ac.uk/blogs/a-new-party-leader-and-a-new-prime-minister' html='' success=False cleaned_html=None media={} links={} downloaded_files=None screenshot=None pdf=None markdown=None markdown_v2=None fit_markdown=None fit_html=None extracted_content=None metadata=None error_message='Unexpected error in _crawl_web at line 1246 in _crawl_web (../../.pyenv/versions/3.12.6/lib/python3.12/site-packages/crawl4ai/async_crawler_strategy.py):\nError: \'AsyncPlaywrightCrawlerStrategy\' object has no attribute \'config\'\n\nCode context:\n1241                       raise Error(f"Body element is hidden: {visibility_info}")\n1242   \n1243               except Error as e:\n1244                   visibility_info = await self.check_visibility(page)\n1245   \n1246 →                 if self.config.verbose:\n1247                       self.logger.debug(\n1248                           message="Body visibility info: {info}",\n1249                           tag="DEBUG",\n1250                           params={"info": visibility_info},\n1251                       )' session_id=None response_headers=None status_code=None ssl_certificate=None


Failed to crawl: https://www.bolton.ac.uk/blogs/what-can-we-expect-electric-vehicle-technology-to-look-like
Result: url='https://www.bolton.ac.uk/blogs/what-can-we-expect-electric-vehicle-technology-to-look-like' html='' success=False cleaned_html=None media={} links={} downloaded_files=None screenshot=None pdf=None markdown=None markdown_v2=None fit_markdown=None fit_html=None extracted_content=None metadata=None error_message='Unexpected error in _crawl_web at line 1205 in _crawl_web (../../.pyenv/versions/3.12.6/lib/python3.12/site-packages/crawl4ai/async_crawler_strategy.py):\nError: Failed on navigating ACS-GOTO:\nPage.goto: Timeout 10000ms exceeded.\nCall log:\n  - navigating to "https://www.bolton.ac.uk/blogs/what-can-we-expect-electric-vehicle-technology-to-look-like", waiting until "domcontentloaded"\n\n\nCode context:\n1200   \n1201                       response = await page.goto(\n1202                           url, wait_until=config.wait_until, timeout=config.page_timeout\n1203                       )\n1204                   except Error as e:\n1205 →                     raise RuntimeError(f"Failed on navigating ACS-GOTO:\\n{str(e)}")\n1206   \n1207                   await self.execute_hook("after_goto", page, context=context, url=url, response=response)\n1208   \n1209                   if response is None:\n1210                       status_code = 200' session_id=None response_headers=None status_code=None ssl_certificate=None


Failed to crawl: https://www.bolton.ac.uk/blogs/emerging-global-technologies-in-mechanical-engineering
Result: url='https://www.bolton.ac.uk/blogs/emerging-global-technologies-in-mechanical-engineering' html='' success=False cleaned_html=None media={} links={} downloaded_files=None screenshot=None pdf=None markdown=None markdown_v2=None fit_markdown=None fit_html=None extracted_content=None metadata=None error_message='Unexpected error in _crawl_web at line 1205 in _crawl_web (../../.pyenv/versions/3.12.6/lib/python3.12/site-packages/crawl4ai/async_crawler_strategy.py):\nError: Failed on navigating ACS-GOTO:\nPage.goto: Timeout 10000ms exceeded.\nCall log:\n  - navigating to "https://www.bolton.ac.uk/blogs/emerging-global-technologies-in-mechanical-engineering", waiting until "domcontentloaded"\n\n\nCode context:\n1200   \n1201                       response = await page.goto(\n1202                           url, wait_until=config.wait_until, timeout=config.page_timeout\n1203                       )\n1204                   except Error as e:\n1205 →                     raise RuntimeError(f"Failed on navigating ACS-GOTO:\\n{str(e)}")\n1206   \n1207                   await self.execute_hook("after_goto", page, context=context, url=url, response=response)\n1208   \n1209                   if response is None:\n1210                       status_code = 200' session_id=None response_headers=None status_code=None ssl_certificate=None


Failed to crawl: https://www.bolton.ac.uk/blogs/the-future-of-robotics-what-you-need-to-know
Result: url='https://www.bolton.ac.uk/blogs/the-future-of-robotics-what-you-need-to-know' html='' success=False cleaned_html=None media={} links={} downloaded_files=None screenshot=None pdf=None markdown=None markdown_v2=None fit_markdown=None fit_html=None extracted_content=None metadata=None error_message='Unexpected error in _crawl_web at line 1246 in _crawl_web (../../.pyenv/versions/3.12.6/lib/python3.12/site-packages/crawl4ai/async_crawler_strategy.py):\nError: \'AsyncPlaywrightCrawlerStrategy\' object has no attribute \'config\'\n\nCode context:\n1241                       raise Error(f"Body element is hidden: {visibility_info}")\n1242   \n1243               except Error as e:\n1244                   visibility_info = await self.check_visibility(page)\n1245   \n1246 →                 if self.config.verbose:\n1247                       self.logger.debug(\n1248                           message="Body visibility info: {info}",\n1249                           tag="DEBUG",\n1250                           params={"info": visibility_info},\n1251                       )' session_id=None response_headers=None status_code=None ssl_certificate=None


Failed to crawl: https://www.bolton.ac.uk/blogs/thinking-of-becoming-an-engineer-heres-why-you-should-pick-mechanical
Result: url='https://www.bolton.ac.uk/blogs/thinking-of-becoming-an-engineer-heres-why-you-should-pick-mechanical' html='' success=False cleaned_html=None media={} links={} downloaded_files=None screenshot=None pdf=None markdown=None markdown_v2=None fit_markdown=None fit_html=None extracted_content=None metadata=None error_message='Unexpected error in _crawl_web at line 1205 in _crawl_web (../../.pyenv/versions/3.12.6/lib/python3.12/site-packages/crawl4ai/async_crawler_strategy.py):\nError: Failed on navigating ACS-GOTO:\nPage.goto: Timeout 10000ms exceeded.\nCall log:\n  - navigating to "https://www.bolton.ac.uk/blogs/thinking-of-becoming-an-engineer-heres-why-you-should-pick-mechanical", waiting until "domcontentloaded"\n\n\nCode context:\n1200   \n1201                       response = await page.goto(\n1202                           url, wait_until=config.wait_until, timeout=config.page_timeout\n1203                       )\n1204                   except Error as e:\n1205 →                     raise RuntimeError(f"Failed on navigating ACS-GOTO:\\n{str(e)}")\n1206   \n1207                   await self.execute_hook("after_goto", page, context=context, url=url, response=response)\n1208   \n1209                   if response is None:\n1210                       status_code = 200' session_id=None response_headers=None status_code=None ssl_certificate=None


Failed to crawl: https://www.bolton.ac.uk/blogs/what-can-i-do-with-a-mechanical-engineering-degree
Result: url='https://www.bolton.ac.uk/blogs/what-can-i-do-with-a-mechanical-engineering-degree' html='' success=False cleaned_html=None media={} links={} downloaded_files=None screenshot=None pdf=None markdown=None markdown_v2=None fit_markdown=None fit_html=None extracted_content=None metadata=None error_message='Unexpected error in _crawl_web at line 1205 in _crawl_web (../../.pyenv/versions/3.12.6/lib/python3.12/site-packages/crawl4ai/async_crawler_strategy.py):\nError: Failed on navigating ACS-GOTO:\nPage.goto: Timeout 10000ms exceeded.\nCall log:\n  - navigating to "https://www.bolton.ac.uk/blogs/what-can-i-do-with-a-mechanical-engineering-degree", waiting until "domcontentloaded"\n\n\nCode context:\n1200   \n1201                       response = await page.goto(\n1202                           url, wait_until=config.wait_until, timeout=config.page_timeout\n1203                       )\n1204                   except Error as e:\n1205 →                     raise RuntimeError(f"Failed on navigating ACS-GOTO:\\n{str(e)}")\n1206   \n1207                   await self.execute_hook("after_goto", page, context=context, url=url, response=response)\n1208   \n1209                   if response is None:\n1210                       status_code = 200' session_id=None response_headers=None status_code=None ssl_certificate=None


Failed to crawl: https://www.bolton.ac.uk/blogs/get-inspired-study-beng-mechanical-engineering
Result: url='https://www.bolton.ac.uk/blogs/get-inspired-study-beng-mechanical-engineering' html='' success=False cleaned_html=None media={} links={} downloaded_files=None screenshot=None pdf=None markdown=None markdown_v2=None fit_markdown=None fit_html=None extracted_content=None metadata=None error_message='Unexpected error in _crawl_web at line 1205 in _crawl_web (../../.pyenv/versions/3.12.6/lib/python3.12/site-packages/crawl4ai/async_crawler_strategy.py):\nError: Failed on navigating ACS-GOTO:\nPage.goto: Timeout 10000ms exceeded.\nCall log:\n  - navigating to "https://www.bolton.ac.uk/blogs/get-inspired-study-beng-mechanical-engineering", waiting until "domcontentloaded"\n\n\nCode context:\n1200   \n1201                       response = await page.goto(\n1202                           url, wait_until=config.wait_until, timeout=config.page_timeout\n1203                       )\n1204                   except Error as e:\n1205 →                     raise RuntimeError(f"Failed on navigating ACS-GOTO:\\n{str(e)}")\n1206   \n1207                   await self.execute_hook("after_goto", page, context=context, url=url, response=response)\n1208   \n1209                   if response is None:\n1210                       status_code = 200' session_id=None response_headers=None status_code=None ssl_certificate=None


Failed to crawl: https://www.bolton.ac.uk/blogs/looking-for-a-career-path-get-a-degree-in-mechanical-engineering
Result: url='https://www.bolton.ac.uk/blogs/looking-for-a-career-path-get-a-degree-in-mechanical-engineering' html='' success=False cleaned_html=None media={} links={} downloaded_files=None screenshot=None pdf=None markdown=None markdown_v2=None fit_markdown=None fit_html=None extracted_content=None metadata=None error_message='Unexpected error in _crawl_web at line 1205 in _crawl_web (../../.pyenv/versions/3.12.6/lib/python3.12/site-packages/crawl4ai/async_crawler_strategy.py):\nError: Failed on navigating ACS-GOTO:\nPage.goto: Timeout 10000ms exceeded.\nCall log:\n  - navigating to "https://www.bolton.ac.uk/blogs/looking-for-a-career-path-get-a-degree-in-mechanical-engineering", waiting until "domcontentloaded"\n\n\nCode context:\n1200   \n1201                       response = await page.goto(\n1202                           url, wait_until=config.wait_until, timeout=config.page_timeout\n1203                       )\n1204                   except Error as e:\n1205 →                     raise RuntimeError(f"Failed on navigating ACS-GOTO:\\n{str(e)}")\n1206   \n1207                   await self.execute_hook("after_goto", page, context=context, url=url, response=response)\n1208   \n1209                   if response is None:\n1210                       status_code = 200' session_id=None response_headers=None status_code=None ssl_certificate=None


Failed to crawl: https://www.bolton.ac.uk/blogs/what-a-career-in-mechanical-engineering-looks-like
Result: url='https://www.bolton.ac.uk/blogs/what-a-career-in-mechanical-engineering-looks-like' html='' success=False cleaned_html=None media={} links={} downloaded_files=None screenshot=None pdf=None markdown=None markdown_v2=None fit_markdown=None fit_html=None extracted_content=None metadata=None error_message='Unexpected error in _crawl_web at line 1205 in _crawl_web (../../.pyenv/versions/3.12.6/lib/python3.12/site-packages/crawl4ai/async_crawler_strategy.py):\nError: Failed on navigating ACS-GOTO:\nPage.goto: Timeout 10000ms exceeded.\nCall log:\n  - navigating to "https://www.bolton.ac.uk/blogs/what-a-career-in-mechanical-engineering-looks-like", waiting until "domcontentloaded"\n\n\nCode context:\n1200   \n1201                       response = await page.goto(\n1202                           url, wait_until=config.wait_until, timeout=config.page_timeout\n1203                       )\n1204                   except Error as e:\n1205 →                     raise RuntimeError(f"Failed on navigating ACS-GOTO:\\n{str(e)}")\n1206   \n1207                   await self.execute_hook("after_goto", page, context=context, url=url, response=response)\n1208   \n1209                   if response is None:\n1210                       status_code = 200' session_id=None response_headers=None status_code=None ssl_certificate=None


Failed to crawl: https://www.bolton.ac.uk/blogs/mechanical-engineering-ranks-first-in-the-north-west-for-teaching-quality
Result: url='https://www.bolton.ac.uk/blogs/mechanical-engineering-ranks-first-in-the-north-west-for-teaching-quality' html='' success=False cleaned_html=None media={} links={} downloaded_files=None screenshot=None pdf=None markdown=None markdown_v2=None fit_markdown=None fit_html=None extracted_content=None metadata=None error_message='Unexpected error in _crawl_web at line 1205 in _crawl_web (../../.pyenv/versions/3.12.6/lib/python3.12/site-packages/crawl4ai/async_crawler_strategy.py):\nError: Failed on navigating ACS-GOTO:\nPage.goto: Timeout 10000ms exceeded.\nCall log:\n  - navigating to "https://www.bolton.ac.uk/blogs/mechanical-engineering-ranks-first-in-the-north-west-for-teaching-quality", waiting until "domcontentloaded"\n\n\nCode context:\n1200   \n1201                       response = await page.goto(\n1202                           url, wait_until=config.wait_until, timeout=config.page_timeout\n1203                       )\n1204                   except Error as e:\n1205 →                     raise RuntimeError(f"Failed on navigating ACS-GOTO:\\n{str(e)}")\n1206   \n1207                   await self.execute_hook("after_goto", page, context=context, url=url, response=response)\n1208   \n1209                   if response is None:\n1210                       status_code = 200' session_id=None response_headers=None status_code=None ssl_certificate=None


Failed to crawl: https://www.bolton.ac.uk/blogs/professional-body-accreditation-by-imeche
Result: url='https://www.bolton.ac.uk/blogs/professional-body-accreditation-by-imeche' html='' success=False cleaned_html=None media={} links={} downloaded_files=None screenshot=None pdf=None markdown=None markdown_v2=None fit_markdown=None fit_html=None extracted_content=None metadata=None error_message='Unexpected error in _crawl_web at line 1205 in _crawl_web (../../.pyenv/versions/3.12.6/lib/python3.12/site-packages/crawl4ai/async_crawler_strategy.py):\nError: Failed on navigating ACS-GOTO:\nPage.goto: Timeout 10000ms exceeded.\nCall log:\n  - navigating to "https://www.bolton.ac.uk/blogs/professional-body-accreditation-by-imeche", waiting until "domcontentloaded"\n\n\nCode context:\n1200   \n1201                       response = await page.goto(\n1202                           url, wait_until=config.wait_until, timeout=config.page_timeout\n1203                       )\n1204                   except Error as e:\n1205 →                     raise RuntimeError(f"Failed on navigating ACS-GOTO:\\n{str(e)}")\n1206   \n1207                   await self.execute_hook("after_goto", page, context=context, url=url, response=response)\n1208   \n1209                   if response is None:\n1210                       status_code = 200' session_id=None response_headers=None status_code=None ssl_certificate=None


Failed to crawl: https://www.bolton.ac.uk/blogs/guest-lecture-mr-rob-harvey-horiba-mira-ltd
Result: url='https://www.bolton.ac.uk/blogs/guest-lecture-mr-rob-harvey-horiba-mira-ltd' html='' success=False cleaned_html=None media={} links={} downloaded_files=None screenshot=None pdf=None markdown=None markdown_v2=None fit_markdown=None fit_html=None extracted_content=None metadata=None error_message='Unexpected error in _crawl_web at line 1205 in _crawl_web (../../.pyenv/versions/3.12.6/lib/python3.12/site-packages/crawl4ai/async_crawler_strategy.py):\nError: Failed on navigating ACS-GOTO:\nPage.goto: Timeout 10000ms exceeded.\nCall log:\n  - navigating to "https://www.bolton.ac.uk/blogs/guest-lecture-mr-rob-harvey-horiba-mira-ltd", waiting until "domcontentloaded"\n\n\nCode context:\n1200   \n1201                       response = await page.goto(\n1202                           url, wait_until=config.wait_until, timeout=config.page_timeout\n1203                       )\n1204                   except Error as e:\n1205 →                     raise RuntimeError(f"Failed on navigating ACS-GOTO:\\n{str(e)}")\n1206   \n1207                   await self.execute_hook("after_goto", page, context=context, url=url, response=response)\n1208   \n1209                   if response is None:\n1210                       status_code = 200' session_id=None response_headers=None status_code=None ssl_certificate=None


Failed to crawl: https://www.bolton.ac.uk/blogs/research-opportunity-for-bsc-hons-mechatronics-top-up-graduate
Result: url='https://www.bolton.ac.uk/blogs/research-opportunity-for-bsc-hons-mechatronics-top-up-graduate' html='' success=False cleaned_html=None media={} links={} downloaded_files=None screenshot=None pdf=None markdown=None markdown_v2=None fit_markdown=None fit_html=None extracted_content=None metadata=None error_message='Unexpected error in _crawl_web at line 1205 in _crawl_web (../../.pyenv/versions/3.12.6/lib/python3.12/site-packages/crawl4ai/async_crawler_strategy.py):\nError: Failed on navigating ACS-GOTO:\nPage.goto: Timeout 10000ms exceeded.\nCall log:\n  - navigating to "https://www.bolton.ac.uk/blogs/research-opportunity-for-bsc-hons-mechatronics-top-up-graduate", waiting until "domcontentloaded"\n\n\nCode context:\n1200   \n1201                       response = await page.goto(\n1202                           url, wait_until=config.wait_until, timeout=config.page_timeout\n1203                       )\n1204                   except Error as e:\n1205 →                     raise RuntimeError(f"Failed on navigating ACS-GOTO:\\n{str(e)}")\n1206   \n1207                   await self.execute_hook("after_goto", page, context=context, url=url, response=response)\n1208   \n1209                   if response is None:\n1210                       status_code = 200' session_id=None response_headers=None status_code=None ssl_certificate=None


Failed to crawl: https://www.bolton.ac.uk/blogs/five-visual-journalism-tips-to-make-your-work-stand-out
Result: url='https://www.bolton.ac.uk/blogs/five-visual-journalism-tips-to-make-your-work-stand-out' html='' success=False cleaned_html=None media={} links={} downloaded_files=None screenshot=None pdf=None markdown=None markdown_v2=None fit_markdown=None fit_html=None extracted_content=None metadata=None error_message='Unexpected error in _crawl_web at line 1205 in _crawl_web (../../.pyenv/versions/3.12.6/lib/python3.12/site-packages/crawl4ai/async_crawler_strategy.py):\nError: Failed on navigating ACS-GOTO:\nPage.goto: Timeout 10000ms exceeded.\nCall log:\n  - navigating to "https://www.bolton.ac.uk/blogs/five-visual-journalism-tips-to-make-your-work-stand-out", waiting until "domcontentloaded"\n\n\nCode context:\n1200   \n1201                       response = await page.goto(\n1202                           url, wait_until=config.wait_until, timeout=config.page_timeout\n1203                       )\n1204                   except Error as e:\n1205 →                     raise RuntimeError(f"Failed on navigating ACS-GOTO:\\n{str(e)}")\n1206   \n1207                   await self.execute_hook("after_goto", page, context=context, url=url, response=response)\n1208   \n1209                   if response is None:\n1210                       status_code = 200' session_id=None response_headers=None status_code=None ssl_certificate=None


Failed to crawl: https://www.bolton.ac.uk/blogs/behind-the-scenes-of-film-making
Result: url='https://www.bolton.ac.uk/blogs/behind-the-scenes-of-film-making' html='' success=False cleaned_html=None media={} links={} downloaded_files=None screenshot=None pdf=None markdown=None markdown_v2=None fit_markdown=None fit_html=None extracted_content=None metadata=None error_message='Unexpected error in _crawl_web at line 1205 in _crawl_web (../../.pyenv/versions/3.12.6/lib/python3.12/site-packages/crawl4ai/async_crawler_strategy.py):\nError: Failed on navigating ACS-GOTO:\nPage.goto: Timeout 10000ms exceeded.\nCall log:\n  - navigating to "https://www.bolton.ac.uk/blogs/behind-the-scenes-of-film-making", waiting until "domcontentloaded"\n\n\nCode context:\n1200   \n1201                       response = await page.goto(\n1202                           url, wait_until=config.wait_until, timeout=config.page_timeout\n1203                       )\n1204                   except Error as e:\n1205 →                     raise RuntimeError(f"Failed on navigating ACS-GOTO:\\n{str(e)}")\n1206   \n1207                   await self.execute_hook("after_goto", page, context=context, url=url, response=response)\n1208   \n1209                   if response is None:\n1210                       status_code = 200' session_id=None response_headers=None status_code=None ssl_certificate=None


Failed to crawl: https://www.bolton.ac.uk/blogs/digital-content-creation-the-internets-most-lucrative-market
Result: url='https://www.bolton.ac.uk/blogs/digital-content-creation-the-internets-most-lucrative-market' html='' success=False cleaned_html=None media={} links={} downloaded_files=None screenshot=None pdf=None markdown=None markdown_v2=None fit_markdown=None fit_html=None extracted_content=None metadata=None error_message='Unexpected error in _crawl_web at line 1205 in _crawl_web (../../.pyenv/versions/3.12.6/lib/python3.12/site-packages/crawl4ai/async_crawler_strategy.py):\nError: Failed on navigating ACS-GOTO:\nPage.goto: Timeout 10000ms exceeded.\nCall log:\n  - navigating to "https://www.bolton.ac.uk/blogs/digital-content-creation-the-internets-most-lucrative-market", waiting until "domcontentloaded"\n\n\nCode context:\n1200   \n1201                       response = await page.goto(\n1202                           url, wait_until=config.wait_until, timeout=config.page_timeout\n1203                       )\n1204                   except Error as e:\n1205 →                     raise RuntimeError(f"Failed on navigating ACS-GOTO:\\n{str(e)}")\n1206   \n1207                   await self.execute_hook("after_goto", page, context=context, url=url, response=response)\n1208   \n1209                   if response is None:\n1210                       status_code = 200' session_id=None response_headers=None status_code=None ssl_certificate=None


Failed to crawl: https://www.bolton.ac.uk/blogs/inclusivity-in-the-film-industry-is-it-time-for-change
Result: url='https://www.bolton.ac.uk/blogs/inclusivity-in-the-film-industry-is-it-time-for-change' html='' success=False cleaned_html=None media={} links={} downloaded_files=None screenshot=None pdf=None markdown=None markdown_v2=None fit_markdown=None fit_html=None extracted_content=None metadata=None error_message='Unexpected error in _crawl_web at line 1205 in _crawl_web (../../.pyenv/versions/3.12.6/lib/python3.12/site-packages/crawl4ai/async_crawler_strategy.py):\nError: Failed on navigating ACS-GOTO:\nPage.goto: Timeout 10000ms exceeded.\nCall log:\n  - navigating to "https://www.bolton.ac.uk/blogs/inclusivity-in-the-film-industry-is-it-time-for-change", waiting until "domcontentloaded"\n\n\nCode context:\n1200   \n1201                       response = await page.goto(\n1202                           url, wait_until=config.wait_until, timeout=config.page_timeout\n1203                       )\n1204                   except Error as e:\n1205 →                     raise RuntimeError(f"Failed on navigating ACS-GOTO:\\n{str(e)}")\n1206   \n1207                   await self.execute_hook("after_goto", page, context=context, url=url, response=response)\n1208   \n1209                   if response is None:\n1210                       status_code = 200' session_id=None response_headers=None status_code=None ssl_certificate=None


Failed to crawl: https://www.bolton.ac.uk/blogs/defining-war-photos
Result: url='https://www.bolton.ac.uk/blogs/defining-war-photos' html='' success=False cleaned_html=None media={} links={} downloaded_files=None screenshot=None pdf=None markdown=None markdown_v2=None fit_markdown=None fit_html=None extracted_content=None metadata=None error_message='Unexpected error in _crawl_web at line 1205 in _crawl_web (../../.pyenv/versions/3.12.6/lib/python3.12/site-packages/crawl4ai/async_crawler_strategy.py):\nError: Failed on navigating ACS-GOTO:\nPage.goto: Timeout 10000ms exceeded.\nCall log:\n  - navigating to "https://www.bolton.ac.uk/blogs/defining-war-photos", waiting until "domcontentloaded"\n\n\nCode context:\n1200   \n1201                       response = await page.goto(\n1202                           url, wait_until=config.wait_until, timeout=config.page_timeout\n1203                       )\n1204                   except Error as e:\n1205 →                     raise RuntimeError(f"Failed on navigating ACS-GOTO:\\n{str(e)}")\n1206   \n1207                   await self.execute_hook("after_goto", page, context=context, url=url, response=response)\n1208   \n1209                   if response is None:\n1210                       status_code = 200' session_id=None response_headers=None status_code=None ssl_certificate=None


Failed to crawl: https://www.bolton.ac.uk/blogs/legendary-photos-agencys-75th-anniversary
Result: url='https://www.bolton.ac.uk/blogs/legendary-photos-agencys-75th-anniversary' html='' success=False cleaned_html=None media={} links={} downloaded_files=None screenshot=None pdf=None markdown=None markdown_v2=None fit_markdown=None fit_html=None extracted_content=None metadata=None error_message='Unexpected error in _crawl_web at line 1205 in _crawl_web (../../.pyenv/versions/3.12.6/lib/python3.12/site-packages/crawl4ai/async_crawler_strategy.py):\nError: Failed on navigating ACS-GOTO:\nPage.goto: Timeout 10000ms exceeded.\nCall log:\n  - navigating to "https://www.bolton.ac.uk/blogs/legendary-photos-agencys-75th-anniversary", waiting until "domcontentloaded"\n\n\nCode context:\n1200   \n1201                       response = await page.goto(\n1202                           url, wait_until=config.wait_until, timeout=config.page_timeout\n1203                       )\n1204                   except Error as e:\n1205 →                     raise RuntimeError(f"Failed on navigating ACS-GOTO:\\n{str(e)}")\n1206   \n1207                   await self.execute_hook("after_goto", page, context=context, url=url, response=response)\n1208   \n1209                   if response is None:\n1210                       status_code = 200' session_id=None response_headers=None status_code=None ssl_certificate=None


Failed to crawl: https://www.bolton.ac.uk/blogs/silencing-your-inner-critic-during-a-creative-masters
Result: url='https://www.bolton.ac.uk/blogs/silencing-your-inner-critic-during-a-creative-masters' html='' success=False cleaned_html=None media={} links={} downloaded_files=None screenshot=None pdf=None markdown=None markdown_v2=None fit_markdown=None fit_html=None extracted_content=None metadata=None error_message='Unexpected error in _crawl_web at line 1205 in _crawl_web (../../.pyenv/versions/3.12.6/lib/python3.12/site-packages/crawl4ai/async_crawler_strategy.py):\nError: Failed on navigating ACS-GOTO:\nPage.goto: Timeout 10000ms exceeded.\nCall log:\n  - navigating to "https://www.bolton.ac.uk/blogs/silencing-your-inner-critic-during-a-creative-masters", waiting until "domcontentloaded"\n\n\nCode context:\n1200   \n1201                       response = await page.goto(\n1202                           url, wait_until=config.wait_until, timeout=config.page_timeout\n1203                       )\n1204                   except Error as e:\n1205 →                     raise RuntimeError(f"Failed on navigating ACS-GOTO:\\n{str(e)}")\n1206   \n1207                   await self.execute_hook("after_goto", page, context=context, url=url, response=response)\n1208   \n1209                   if response is None:\n1210                       status_code = 200' session_id=None response_headers=None status_code=None ssl_certificate=None


Failed to crawl: https://www.bolton.ac.uk/blogs/make-life-through-a-lens-a-reality
Result: url='https://www.bolton.ac.uk/blogs/make-life-through-a-lens-a-reality' html='' success=False cleaned_html=None media={} links={} downloaded_files=None screenshot=None pdf=None markdown=None markdown_v2=None fit_markdown=None fit_html=None extracted_content=None metadata=None error_message='Unexpected error in _crawl_web at line 1205 in _crawl_web (../../.pyenv/versions/3.12.6/lib/python3.12/site-packages/crawl4ai/async_crawler_strategy.py):\nError: Failed on navigating ACS-GOTO:\nPage.goto: Timeout 10000ms exceeded.\nCall log:\n  - navigating to "https://www.bolton.ac.uk/blogs/make-life-through-a-lens-a-reality", waiting until "domcontentloaded"\n\n\nCode context:\n1200   \n1201                       response = await page.goto(\n1202                           url, wait_until=config.wait_until, timeout=config.page_timeout\n1203                       )\n1204                   except Error as e:\n1205 →                     raise RuntimeError(f"Failed on navigating ACS-GOTO:\\n{str(e)}")\n1206   \n1207                   await self.execute_hook("after_goto", page, context=context, url=url, response=response)\n1208   \n1209                   if response is None:\n1210                       status_code = 200' session_id=None response_headers=None status_code=None ssl_certificate=None


Failed to crawl: https://www.bolton.ac.uk/blogs/what-can-i-do-with-a-media-and-photography-degree
Result: url='https://www.bolton.ac.uk/blogs/what-can-i-do-with-a-media-and-photography-degree' html='' success=False cleaned_html=None media={} links={} downloaded_files=None screenshot=None pdf=None markdown=None markdown_v2=None fit_markdown=None fit_html=None extracted_content=None metadata=None error_message='Unexpected error in _crawl_web at line 1205 in _crawl_web (../../.pyenv/versions/3.12.6/lib/python3.12/site-packages/crawl4ai/async_crawler_strategy.py):\nError: Failed on navigating ACS-GOTO:\nPage.goto: Timeout 10000ms exceeded.\nCall log:\n  - navigating to "https://www.bolton.ac.uk/blogs/what-can-i-do-with-a-media-and-photography-degree", waiting until "domcontentloaded"\n\n\nCode context:\n1200   \n1201                       response = await page.goto(\n1202                           url, wait_until=config.wait_until, timeout=config.page_timeout\n1203                       )\n1204                   except Error as e:\n1205 →                     raise RuntimeError(f"Failed on navigating ACS-GOTO:\\n{str(e)}")\n1206   \n1207                   await self.execute_hook("after_goto", page, context=context, url=url, response=response)\n1208   \n1209                   if response is None:\n1210                       status_code = 200' session_id=None response_headers=None status_code=None ssl_certificate=None


Failed to crawl: https://www.bolton.ac.uk/blogs/recognising-bias-in-the-media
Result: url='https://www.bolton.ac.uk/blogs/recognising-bias-in-the-media' html='' success=False cleaned_html=None media={} links={} downloaded_files=None screenshot=None pdf=None markdown=None markdown_v2=None fit_markdown=None fit_html=None extracted_content=None metadata=None error_message='Unexpected error in _crawl_web at line 1205 in _crawl_web (../../.pyenv/versions/3.12.6/lib/python3.12/site-packages/crawl4ai/async_crawler_strategy.py):\nError: Failed on navigating ACS-GOTO:\nPage.goto: Timeout 10000ms exceeded.\nCall log:\n  - navigating to "https://www.bolton.ac.uk/blogs/recognising-bias-in-the-media", waiting until "domcontentloaded"\n\n\nCode context:\n1200   \n1201                       response = await page.goto(\n1202                           url, wait_until=config.wait_until, timeout=config.page_timeout\n1203                       )\n1204                   except Error as e:\n1205 →                     raise RuntimeError(f"Failed on navigating ACS-GOTO:\\n{str(e)}")\n1206   \n1207                   await self.execute_hook("after_goto", page, context=context, url=url, response=response)\n1208   \n1209                   if response is None:\n1210                       status_code = 200' session_id=None response_headers=None status_code=None ssl_certificate=None


Failed to crawl: https://www.bolton.ac.uk/blogs/why-thinking-ahead-is-important-when-choosing-your-media-production-courses
Result: url='https://www.bolton.ac.uk/blogs/why-thinking-ahead-is-important-when-choosing-your-media-production-courses' html='' success=False cleaned_html=None media={} links={} downloaded_files=None screenshot=None pdf=None markdown=None markdown_v2=None fit_markdown=None fit_html=None extracted_content=None metadata=None error_message='Unexpected error in _crawl_web at line 1205 in _crawl_web (../../.pyenv/versions/3.12.6/lib/python3.12/site-packages/crawl4ai/async_crawler_strategy.py):\nError: Failed on navigating ACS-GOTO:\nPage.goto: Timeout 10000ms exceeded.\nCall log:\n  - navigating to "https://www.bolton.ac.uk/blogs/why-thinking-ahead-is-important-when-choosing-your-media-production-courses", waiting until "domcontentloaded"\n\n\nCode context:\n1200   \n1201                       response = await page.goto(\n1202                           url, wait_until=config.wait_until, timeout=config.page_timeout\n1203                       )\n1204                   except Error as e:\n1205 →                     raise RuntimeError(f"Failed on navigating ACS-GOTO:\\n{str(e)}")\n1206   \n1207                   await self.execute_hook("after_goto", page, context=context, url=url, response=response)\n1208   \n1209                   if response is None:\n1210                       status_code = 200' session_id=None response_headers=None status_code=None ssl_certificate=None


Failed to crawl: https://www.bolton.ac.uk/blogs/former-student-snaps-up-top-award
Result: url='https://www.bolton.ac.uk/blogs/former-student-snaps-up-top-award' html='' success=False cleaned_html=None media={} links={} downloaded_files=None screenshot=None pdf=None markdown=None markdown_v2=None fit_markdown=None fit_html=None extracted_content=None metadata=None error_message='Unexpected error in _crawl_web at line 1205 in _crawl_web (../../.pyenv/versions/3.12.6/lib/python3.12/site-packages/crawl4ai/async_crawler_strategy.py):\nError: Failed on navigating ACS-GOTO:\nPage.goto: Timeout 10000ms exceeded.\nCall log:\n  - navigating to "https://www.bolton.ac.uk/blogs/former-student-snaps-up-top-award", waiting until "domcontentloaded"\n\n\nCode context:\n1200   \n1201                       response = await page.goto(\n1202                           url, wait_until=config.wait_until, timeout=config.page_timeout\n1203                       )\n1204                   except Error as e:\n1205 →                     raise RuntimeError(f"Failed on navigating ACS-GOTO:\\n{str(e)}")\n1206   \n1207                   await self.execute_hook("after_goto", page, context=context, url=url, response=response)\n1208   \n1209                   if response is None:\n1210                       status_code = 200' session_id=None response_headers=None status_code=None ssl_certificate=None


Failed to crawl: https://www.bolton.ac.uk/blogs/what-a-career-in-media-and-photography-looks-like
Result: url='https://www.bolton.ac.uk/blogs/what-a-career-in-media-and-photography-looks-like' html='' success=False cleaned_html=None media={} links={} downloaded_files=None screenshot=None pdf=None markdown=None markdown_v2=None fit_markdown=None fit_html=None extracted_content=None metadata=None error_message='Unexpected error in _crawl_web at line 1205 in _crawl_web (../../.pyenv/versions/3.12.6/lib/python3.12/site-packages/crawl4ai/async_crawler_strategy.py):\nError: Failed on navigating ACS-GOTO:\nPage.goto: Timeout 10000ms exceeded.\nCall log:\n  - navigating to "https://www.bolton.ac.uk/blogs/what-a-career-in-media-and-photography-looks-like", waiting until "domcontentloaded"\n\n\nCode context:\n1200   \n1201                       response = await page.goto(\n1202                           url, wait_until=config.wait_until, timeout=config.page_timeout\n1203                       )\n1204                   except Error as e:\n1205 →                     raise RuntimeError(f"Failed on navigating ACS-GOTO:\\n{str(e)}")\n1206   \n1207                   await self.execute_hook("after_goto", page, context=context, url=url, response=response)\n1208   \n1209                   if response is None:\n1210                       status_code = 200' session_id=None response_headers=None status_code=None ssl_certificate=None


Failed to crawl: https://www.bolton.ac.uk/blogs/putting-media-and-photography-in-focus
Result: url='https://www.bolton.ac.uk/blogs/putting-media-and-photography-in-focus' html='' success=False cleaned_html=None media={} links={} downloaded_files=None screenshot=None pdf=None markdown=None markdown_v2=None fit_markdown=None fit_html=None extracted_content=None metadata=None error_message='Unexpected error in _crawl_web at line 1205 in _crawl_web (../../.pyenv/versions/3.12.6/lib/python3.12/site-packages/crawl4ai/async_crawler_strategy.py):\nError: Failed on navigating ACS-GOTO:\nPage.goto: Timeout 10000ms exceeded.\nCall log:\n  - navigating to "https://www.bolton.ac.uk/blogs/putting-media-and-photography-in-focus", waiting until "domcontentloaded"\n\n\nCode context:\n1200   \n1201                       response = await page.goto(\n1202                           url, wait_until=config.wait_until, timeout=config.page_timeout\n1203                       )\n1204                   except Error as e:\n1205 →                     raise RuntimeError(f"Failed on navigating ACS-GOTO:\\n{str(e)}")\n1206   \n1207                   await self.execute_hook("after_goto", page, context=context, url=url, response=response)\n1208   \n1209                   if response is None:\n1210                       status_code = 200' session_id=None response_headers=None status_code=None ssl_certificate=None


Failed to crawl: https://www.bolton.ac.uk/blogs/is-print-media-dying
Result: url='https://www.bolton.ac.uk/blogs/is-print-media-dying' html='' success=False cleaned_html=None media={} links={} downloaded_files=None screenshot=None pdf=None markdown=None markdown_v2=None fit_markdown=None fit_html=None extracted_content=None metadata=None error_message='Unexpected error in _crawl_web at line 1205 in _crawl_web (../../.pyenv/versions/3.12.6/lib/python3.12/site-packages/crawl4ai/async_crawler_strategy.py):\nError: Failed on navigating ACS-GOTO:\nPage.goto: Timeout 10000ms exceeded.\nCall log:\n  - navigating to "https://www.bolton.ac.uk/blogs/is-print-media-dying", waiting until "domcontentloaded"\n\n\nCode context:\n1200   \n1201                       response = await page.goto(\n1202                           url, wait_until=config.wait_until, timeout=config.page_timeout\n1203                       )\n1204                   except Error as e:\n1205 →                     raise RuntimeError(f"Failed on navigating ACS-GOTO:\\n{str(e)}")\n1206   \n1207                   await self.execute_hook("after_goto", page, context=context, url=url, response=response)\n1208   \n1209                   if response is None:\n1210                       status_code = 200' session_id=None response_headers=None status_code=None ssl_certificate=None


Failed to crawl: https://www.bolton.ac.uk/blogs/looking-for-a-career-path-get-a-degree-in-medical-biology
Result: url='https://www.bolton.ac.uk/blogs/looking-for-a-career-path-get-a-degree-in-medical-biology' html='' success=False cleaned_html=None media={} links={} downloaded_files=None screenshot=None pdf=None markdown=None markdown_v2=None fit_markdown=None fit_html=None extracted_content=None metadata=None error_message='Unexpected error in _crawl_web at line 1205 in _crawl_web (../../.pyenv/versions/3.12.6/lib/python3.12/site-packages/crawl4ai/async_crawler_strategy.py):\nError: Failed on navigating ACS-GOTO:\nPage.goto: Timeout 10000ms exceeded.\nCall log:\n  - navigating to "https://www.bolton.ac.uk/blogs/looking-for-a-career-path-get-a-degree-in-medical-biology", waiting until "domcontentloaded"\n\n\nCode context:\n1200   \n1201                       response = await page.goto(\n1202                           url, wait_until=config.wait_until, timeout=config.page_timeout\n1203                       )\n1204                   except Error as e:\n1205 →                     raise RuntimeError(f"Failed on navigating ACS-GOTO:\\n{str(e)}")\n1206   \n1207                   await self.execute_hook("after_goto", page, context=context, url=url, response=response)\n1208   \n1209                   if response is None:\n1210                       status_code = 200' session_id=None response_headers=None status_code=None ssl_certificate=None


Failed to crawl: https://www.bolton.ac.uk/blogs/student-visit-bolton-hospital-laboratories
Result: url='https://www.bolton.ac.uk/blogs/student-visit-bolton-hospital-laboratories' html='' success=False cleaned_html=None media={} links={} downloaded_files=None screenshot=None pdf=None markdown=None markdown_v2=None fit_markdown=None fit_html=None extracted_content=None metadata=None error_message='Unexpected error in _crawl_web at line 1205 in _crawl_web (../../.pyenv/versions/3.12.6/lib/python3.12/site-packages/crawl4ai/async_crawler_strategy.py):\nError: Failed on navigating ACS-GOTO:\nPage.goto: Timeout 10000ms exceeded.\nCall log:\n  - navigating to "https://www.bolton.ac.uk/blogs/student-visit-bolton-hospital-laboratories", waiting until "domcontentloaded"\n\n\nCode context:\n1200   \n1201                       response = await page.goto(\n1202                           url, wait_until=config.wait_until, timeout=config.page_timeout\n1203                       )\n1204                   except Error as e:\n1205 →                     raise RuntimeError(f"Failed on navigating ACS-GOTO:\\n{str(e)}")\n1206   \n1207                   await self.execute_hook("after_goto", page, context=context, url=url, response=response)\n1208   \n1209                   if response is None:\n1210                       status_code = 200' session_id=None response_headers=None status_code=None ssl_certificate=None


Failed to crawl: https://www.bolton.ac.uk/blogs/student-visit-thackray-medical-museum-leeds
Result: url='https://www.bolton.ac.uk/blogs/student-visit-thackray-medical-museum-leeds' html='' success=False cleaned_html=None media={} links={} downloaded_files=None screenshot=None pdf=None markdown=None markdown_v2=None fit_markdown=None fit_html=None extracted_content=None metadata=None error_message='Unexpected error in _crawl_web at line 1205 in _crawl_web (../../.pyenv/versions/3.12.6/lib/python3.12/site-packages/crawl4ai/async_crawler_strategy.py):\nError: Failed on navigating ACS-GOTO:\nPage.goto: Timeout 10000ms exceeded.\nCall log:\n  - navigating to "https://www.bolton.ac.uk/blogs/student-visit-thackray-medical-museum-leeds", waiting until "domcontentloaded"\n\n\nCode context:\n1200   \n1201                       response = await page.goto(\n1202                           url, wait_until=config.wait_until, timeout=config.page_timeout\n1203                       )\n1204                   except Error as e:\n1205 →                     raise RuntimeError(f"Failed on navigating ACS-GOTO:\\n{str(e)}")\n1206   \n1207                   await self.execute_hook("after_goto", page, context=context, url=url, response=response)\n1208   \n1209                   if response is None:\n1210                       status_code = 200' session_id=None response_headers=None status_code=None ssl_certificate=None


Failed to crawl: https://www.bolton.ac.uk/blogs/electric-car-sales-and-their-impact-on-air-quality
Result: url='https://www.bolton.ac.uk/blogs/electric-car-sales-and-their-impact-on-air-quality' html='' success=False cleaned_html=None media={} links={} downloaded_files=None screenshot=None pdf=None markdown=None markdown_v2=None fit_markdown=None fit_html=None extracted_content=None metadata=None error_message='Unexpected error in _crawl_web at line 1205 in _crawl_web (../../.pyenv/versions/3.12.6/lib/python3.12/site-packages/crawl4ai/async_crawler_strategy.py):\nError: Failed on navigating ACS-GOTO:\nPage.goto: Timeout 10000ms exceeded.\nCall log:\n  - navigating to "https://www.bolton.ac.uk/blogs/electric-car-sales-and-their-impact-on-air-quality", waiting until "domcontentloaded"\n\n\nCode context:\n1200   \n1201                       response = await page.goto(\n1202                           url, wait_until=config.wait_until, timeout=config.page_timeout\n1203                       )\n1204                   except Error as e:\n1205 →                     raise RuntimeError(f"Failed on navigating ACS-GOTO:\\n{str(e)}")\n1206   \n1207                   await self.execute_hook("after_goto", page, context=context, url=url, response=response)\n1208   \n1209                   if response is None:\n1210                       status_code = 200' session_id=None response_headers=None status_code=None ssl_certificate=None


Failed to crawl: https://www.bolton.ac.uk/blogs/new-developments-in-motorsport-engineering
Result: url='https://www.bolton.ac.uk/blogs/new-developments-in-motorsport-engineering' html='' success=False cleaned_html=None media={} links={} downloaded_files=None screenshot=None pdf=None markdown=None markdown_v2=None fit_markdown=None fit_html=None extracted_content=None metadata=None error_message='Unexpected error in _crawl_web at line 1205 in _crawl_web (../../.pyenv/versions/3.12.6/lib/python3.12/site-packages/crawl4ai/async_crawler_strategy.py):\nError: Failed on navigating ACS-GOTO:\nPage.goto: Timeout 10000ms exceeded.\nCall log:\n  - navigating to "https://www.bolton.ac.uk/blogs/new-developments-in-motorsport-engineering", waiting until "domcontentloaded"\n\n\nCode context:\n1200   \n1201                       response = await page.goto(\n1202                           url, wait_until=config.wait_until, timeout=config.page_timeout\n1203                       )\n1204                   except Error as e:\n1205 →                     raise RuntimeError(f"Failed on navigating ACS-GOTO:\\n{str(e)}")\n1206   \n1207                   await self.execute_hook("after_goto", page, context=context, url=url, response=response)\n1208   \n1209                   if response is None:\n1210                       status_code = 200' session_id=None response_headers=None status_code=None ssl_certificate=None


Failed to crawl: https://www.bolton.ac.uk/blogs/sports-science-graduates-where-are-they-now
Result: url='https://www.bolton.ac.uk/blogs/sports-science-graduates-where-are-they-now' html='' success=False cleaned_html=None media={} links={} downloaded_files=None screenshot=None pdf=None markdown=None markdown_v2=None fit_markdown=None fit_html=None extracted_content=None metadata=None error_message='Unexpected error in _crawl_web at line 1205 in _crawl_web (../../.pyenv/versions/3.12.6/lib/python3.12/site-packages/crawl4ai/async_crawler_strategy.py):\nError: Failed on navigating ACS-GOTO:\nPage.goto: Timeout 10000ms exceeded.\nCall log:\n  - navigating to "https://www.bolton.ac.uk/blogs/sports-science-graduates-where-are-they-now", waiting until "domcontentloaded"\n\n\nCode context:\n1200   \n1201                       response = await page.goto(\n1202                           url, wait_until=config.wait_until, timeout=config.page_timeout\n1203                       )\n1204                   except Error as e:\n1205 →                     raise RuntimeError(f"Failed on navigating ACS-GOTO:\\n{str(e)}")\n1206   \n1207                   await self.execute_hook("after_goto", page, context=context, url=url, response=response)\n1208   \n1209                   if response is None:\n1210                       status_code = 200' session_id=None response_headers=None status_code=None ssl_certificate=None


Failed to crawl: https://www.bolton.ac.uk/blogs/why-you-should-train-for-a-career-in-sport
Result: url='https://www.bolton.ac.uk/blogs/why-you-should-train-for-a-career-in-sport' html='' success=False cleaned_html=None media={} links={} downloaded_files=None screenshot=None pdf=None markdown=None markdown_v2=None fit_markdown=None fit_html=None extracted_content=None metadata=None error_message='Unexpected error in _crawl_web at line 1205 in _crawl_web (../../.pyenv/versions/3.12.6/lib/python3.12/site-packages/crawl4ai/async_crawler_strategy.py):\nError: Failed on navigating ACS-GOTO:\nPage.goto: Timeout 10000ms exceeded.\nCall log:\n  - navigating to "https://www.bolton.ac.uk/blogs/why-you-should-train-for-a-career-in-sport", waiting until "domcontentloaded"\n\n\nCode context:\n1200   \n1201                       response = await page.goto(\n1202                           url, wait_until=config.wait_until, timeout=config.page_timeout\n1203                       )\n1204                   except Error as e:\n1205 →                     raise RuntimeError(f"Failed on navigating ACS-GOTO:\\n{str(e)}")\n1206   \n1207                   await self.execute_hook("after_goto", page, context=context, url=url, response=response)\n1208   \n1209                   if response is None:\n1210                       status_code = 200' session_id=None response_headers=None status_code=None ssl_certificate=None


Failed to crawl: https://www.bolton.ac.uk/blogs/why-your-warm-up-and-cool-down-are-the-essential-parts-of-your-workout
Result: url='https://www.bolton.ac.uk/blogs/why-your-warm-up-and-cool-down-are-the-essential-parts-of-your-workout' html='' success=False cleaned_html=None media={} links={} downloaded_files=None screenshot=None pdf=None markdown=None markdown_v2=None fit_markdown=None fit_html=None extracted_content=None metadata=None error_message='Unexpected error in _crawl_web at line 1205 in _crawl_web (../../.pyenv/versions/3.12.6/lib/python3.12/site-packages/crawl4ai/async_crawler_strategy.py):\nError: Failed on navigating ACS-GOTO:\nPage.goto: Timeout 10000ms exceeded.\nCall log:\n  - navigating to "https://www.bolton.ac.uk/blogs/why-your-warm-up-and-cool-down-are-the-essential-parts-of-your-workout", waiting until "domcontentloaded"\n\n\nCode context:\n1200   \n1201                       response = await page.goto(\n1202                           url, wait_until=config.wait_until, timeout=config.page_timeout\n1203                       )\n1204                   except Error as e:\n1205 →                     raise RuntimeError(f"Failed on navigating ACS-GOTO:\\n{str(e)}")\n1206   \n1207                   await self.execute_hook("after_goto", page, context=context, url=url, response=response)\n1208   \n1209                   if response is None:\n1210                       status_code = 200' session_id=None response_headers=None status_code=None ssl_certificate=None


Failed to crawl: https://www.bolton.ac.uk/blogs/why-you-should-train-for-a-career-in-sport-2
Result: url='https://www.bolton.ac.uk/blogs/why-you-should-train-for-a-career-in-sport-2' html='' success=False cleaned_html=None media={} links={} downloaded_files=None screenshot=None pdf=None markdown=None markdown_v2=None fit_markdown=None fit_html=None extracted_content=None metadata=None error_message='Unexpected error in _crawl_web at line 1205 in _crawl_web (../../.pyenv/versions/3.12.6/lib/python3.12/site-packages/crawl4ai/async_crawler_strategy.py):\nError: Failed on navigating ACS-GOTO:\nPage.goto: Timeout 10000ms exceeded.\nCall log:\n  - navigating to "https://www.bolton.ac.uk/blogs/why-you-should-train-for-a-career-in-sport-2", waiting until "domcontentloaded"\n\n\nCode context:\n1200   \n1201                       response = await page.goto(\n1202                           url, wait_until=config.wait_until, timeout=config.page_timeout\n1203                       )\n1204                   except Error as e:\n1205 →                     raise RuntimeError(f"Failed on navigating ACS-GOTO:\\n{str(e)}")\n1206   \n1207                   await self.execute_hook("after_goto", page, context=context, url=url, response=response)\n1208   \n1209                   if response is None:\n1210                       status_code = 200' session_id=None response_headers=None status_code=None ssl_certificate=None


Failed to crawl: https://www.bolton.ac.uk/blogs/charity-spotlight-muscular-dystrophy-uk
Result: url='https://www.bolton.ac.uk/blogs/charity-spotlight-muscular-dystrophy-uk' html='' success=False cleaned_html=None media={} links={} downloaded_files=None screenshot=None pdf=None markdown=None markdown_v2=None fit_markdown=None fit_html=None extracted_content=None metadata=None error_message='Unexpected error in _crawl_web at line 1205 in _crawl_web (../../.pyenv/versions/3.12.6/lib/python3.12/site-packages/crawl4ai/async_crawler_strategy.py):\nError: Failed on navigating ACS-GOTO:\nPage.goto: Timeout 10000ms exceeded.\nCall log:\n  - navigating to "https://www.bolton.ac.uk/blogs/charity-spotlight-muscular-dystrophy-uk", waiting until "domcontentloaded"\n\n\nCode context:\n1200   \n1201                       response = await page.goto(\n1202                           url, wait_until=config.wait_until, timeout=config.page_timeout\n1203                       )\n1204                   except Error as e:\n1205 →                     raise RuntimeError(f"Failed on navigating ACS-GOTO:\\n{str(e)}")\n1206   \n1207                   await self.execute_hook("after_goto", page, context=context, url=url, response=response)\n1208   \n1209                   if response is None:\n1210                       status_code = 200' session_id=None response_headers=None status_code=None ssl_certificate=None


Failed to crawl: https://www.bolton.ac.uk/blogs/physiotherapy-make-a-difference-to-someones-lifestyle
Result: url='https://www.bolton.ac.uk/blogs/physiotherapy-make-a-difference-to-someones-lifestyle' html='' success=False cleaned_html=None media={} links={} downloaded_files=None screenshot=None pdf=None markdown=None markdown_v2=None fit_markdown=None fit_html=None extracted_content=None metadata=None error_message='Unexpected error in _crawl_web at line 1205 in _crawl_web (../../.pyenv/versions/3.12.6/lib/python3.12/site-packages/crawl4ai/async_crawler_strategy.py):\nError: Failed on navigating ACS-GOTO:\nPage.goto: Timeout 10000ms exceeded.\nCall log:\n  - navigating to "https://www.bolton.ac.uk/blogs/physiotherapy-make-a-difference-to-someones-lifestyle", waiting until "domcontentloaded"\n\n\nCode context:\n1200   \n1201                       response = await page.goto(\n1202                           url, wait_until=config.wait_until, timeout=config.page_timeout\n1203                       )\n1204                   except Error as e:\n1205 →                     raise RuntimeError(f"Failed on navigating ACS-GOTO:\\n{str(e)}")\n1206   \n1207                   await self.execute_hook("after_goto", page, context=context, url=url, response=response)\n1208   \n1209                   if response is None:\n1210                       status_code = 200' session_id=None response_headers=None status_code=None ssl_certificate=None


Failed to crawl: https://www.bolton.ac.uk/blogs/the-importance-of-placements-for-sport-rehabilitation-courses
Result: url='https://www.bolton.ac.uk/blogs/the-importance-of-placements-for-sport-rehabilitation-courses' html='' success=False cleaned_html=None media={} links={} downloaded_files=None screenshot=None pdf=None markdown=None markdown_v2=None fit_markdown=None fit_html=None extracted_content=None metadata=None error_message='Unexpected error in _crawl_web at line 1205 in _crawl_web (../../.pyenv/versions/3.12.6/lib/python3.12/site-packages/crawl4ai/async_crawler_strategy.py):\nError: Failed on navigating ACS-GOTO:\nPage.goto: Timeout 10000ms exceeded.\nCall log:\n  - navigating to "https://www.bolton.ac.uk/blogs/the-importance-of-placements-for-sport-rehabilitation-courses", waiting until "domcontentloaded"\n\n\nCode context:\n1200   \n1201                       response = await page.goto(\n1202                           url, wait_until=config.wait_until, timeout=config.page_timeout\n1203                       )\n1204                   except Error as e:\n1205 →                     raise RuntimeError(f"Failed on navigating ACS-GOTO:\\n{str(e)}")\n1206   \n1207                   await self.execute_hook("after_goto", page, context=context, url=url, response=response)\n1208   \n1209                   if response is None:\n1210                       status_code = 200' session_id=None response_headers=None status_code=None ssl_certificate=None


Failed to crawl: https://www.bolton.ac.uk/blogs/why-your-fitness-matters
Result: url='https://www.bolton.ac.uk/blogs/why-your-fitness-matters' html='' success=False cleaned_html=None media={} links={} downloaded_files=None screenshot=None pdf=None markdown=None markdown_v2=None fit_markdown=None fit_html=None extracted_content=None metadata=None error_message='Unexpected error in _crawl_web at line 1205 in _crawl_web (../../.pyenv/versions/3.12.6/lib/python3.12/site-packages/crawl4ai/async_crawler_strategy.py):\nError: Failed on navigating ACS-GOTO:\nPage.goto: Timeout 10000ms exceeded.\nCall log:\n  - navigating to "https://www.bolton.ac.uk/blogs/why-your-fitness-matters", waiting until "domcontentloaded"\n\n\nCode context:\n1200   \n1201                       response = await page.goto(\n1202                           url, wait_until=config.wait_until, timeout=config.page_timeout\n1203                       )\n1204                   except Error as e:\n1205 →                     raise RuntimeError(f"Failed on navigating ACS-GOTO:\\n{str(e)}")\n1206   \n1207                   await self.execute_hook("after_goto", page, context=context, url=url, response=response)\n1208   \n1209                   if response is None:\n1210                       status_code = 200' session_id=None response_headers=None status_code=None ssl_certificate=None


Failed to crawl: https://www.bolton.ac.uk/blogs/strength-and-conditioning-how-it-improves-mental-health
Result: url='https://www.bolton.ac.uk/blogs/strength-and-conditioning-how-it-improves-mental-health' html='' success=False cleaned_html=None media={} links={} downloaded_files=None screenshot=None pdf=None markdown=None markdown_v2=None fit_markdown=None fit_html=None extracted_content=None metadata=None error_message='Unexpected error in _crawl_web at line 1205 in _crawl_web (../../.pyenv/versions/3.12.6/lib/python3.12/site-packages/crawl4ai/async_crawler_strategy.py):\nError: Failed on navigating ACS-GOTO:\nPage.goto: Timeout 10000ms exceeded.\nCall log:\n  - navigating to "https://www.bolton.ac.uk/blogs/strength-and-conditioning-how-it-improves-mental-health", waiting until "domcontentloaded"\n\n\nCode context:\n1200   \n1201                       response = await page.goto(\n1202                           url, wait_until=config.wait_until, timeout=config.page_timeout\n1203                       )\n1204                   except Error as e:\n1205 →                     raise RuntimeError(f"Failed on navigating ACS-GOTO:\\n{str(e)}")\n1206   \n1207                   await self.execute_hook("after_goto", page, context=context, url=url, response=response)\n1208   \n1209                   if response is None:\n1210                       status_code = 200' session_id=None response_headers=None status_code=None ssl_certificate=None


Failed to crawl: https://www.bolton.ac.uk/assets/Apprentice-and-Employer-Complaint-Policy-and-Procedure-December-2021-APPROVED-V2.pdf
Result: url='https://www.bolton.ac.uk/assets/Apprentice-and-Employer-Complaint-Policy-and-Procedure-December-2021-APPROVED-V2.pdf' html='' success=False cleaned_html=None media={} links={} downloaded_files=None screenshot=None pdf=None markdown=None markdown_v2=None fit_markdown=None fit_html=None extracted_content=None metadata=None error_message='Unexpected error in _crawl_web at line 1205 in _crawl_web (../../.pyenv/versions/3.12.6/lib/python3.12/site-packages/crawl4ai/async_crawler_strategy.py):\nError: Failed on navigating ACS-GOTO:\nPage.goto: net::ERR_FAILED at https://www.bolton.ac.uk/assets/Apprentice-and-Employer-Complaint-Policy-and-Procedure-December-2021-APPROVED-V2.pdf\nCall log:\n  - navigating to "https://www.bolton.ac.uk/assets/Apprentice-and-Employer-Complaint-Policy-and-Procedure-December-2021-APPROVED-V2.pdf", waiting until "domcontentloaded"\n\n\nCode context:\n1200   \n1201                       response = await page.goto(\n1202                           url, wait_until=config.wait_until, timeout=config.page_timeout\n1203                       )\n1204                   except Error as e:\n1205 →                     raise RuntimeError(f"Failed on navigating ACS-GOTO:\\n{str(e)}")\n1206   \n1207                   await self.execute_hook("after_goto", page, context=context, url=url, response=response)\n1208   \n1209                   if response is None:\n1210                       status_code = 200' session_id=None response_headers=None status_code=None ssl_certificate=None


Failed to crawl: https://www.bolton.ac.uk/assets/Student-Complaints-Procedure-2021-22-Approved-Senate-170122-v2.pdf
Result: url='https://www.bolton.ac.uk/assets/Student-Complaints-Procedure-2021-22-Approved-Senate-170122-v2.pdf' html='' success=False cleaned_html=None media={} links={} downloaded_files=None screenshot=None pdf=None markdown=None markdown_v2=None fit_markdown=None fit_html=None extracted_content=None metadata=None error_message='Unexpected error in _crawl_web at line 1205 in _crawl_web (../../.pyenv/versions/3.12.6/lib/python3.12/site-packages/crawl4ai/async_crawler_strategy.py):\nError: Failed on navigating ACS-GOTO:\nPage.goto: net::ERR_FAILED at https://www.bolton.ac.uk/assets/Student-Complaints-Procedure-2021-22-Approved-Senate-170122-v2.pdf\nCall log:\n  - navigating to "https://www.bolton.ac.uk/assets/Student-Complaints-Procedure-2021-22-Approved-Senate-170122-v2.pdf", waiting until "domcontentloaded"\n\n\nCode context:\n1200   \n1201                       response = await page.goto(\n1202                           url, wait_until=config.wait_until, timeout=config.page_timeout\n1203                       )\n1204                   except Error as e:\n1205 →                     raise RuntimeError(f"Failed on navigating ACS-GOTO:\\n{str(e)}")\n1206   \n1207                   await self.execute_hook("after_goto", page, context=context, url=url, response=response)\n1208   \n1209                   if response is None:\n1210                       status_code = 200' session_id=None response_headers=None status_code=None ssl_certificate=None


Failed to crawl: https://www.bolton.ac.uk/assets/Uploads/Stage-2-Complaints-Guidance-for-Investigating-Officers-1.pdf
Result: url='https://www.bolton.ac.uk/assets/Uploads/Stage-2-Complaints-Guidance-for-Investigating-Officers-1.pdf' html='' success=False cleaned_html=None media={} links={} downloaded_files=None screenshot=None pdf=None markdown=None markdown_v2=None fit_markdown=None fit_html=None extracted_content=None metadata=None error_message='Unexpected error in _crawl_web at line 1205 in _crawl_web (../../.pyenv/versions/3.12.6/lib/python3.12/site-packages/crawl4ai/async_crawler_strategy.py):\nError: Failed on navigating ACS-GOTO:\nPage.goto: net::ERR_FAILED at https://www.bolton.ac.uk/assets/Uploads/Stage-2-Complaints-Guidance-for-Investigating-Officers-1.pdf\nCall log:\n  - navigating to "https://www.bolton.ac.uk/assets/Uploads/Stage-2-Complaints-Guidance-for-Investigating-Officers-1.pdf", waiting until "domcontentloaded"\n\n\nCode context:\n1200   \n1201                       response = await page.goto(\n1202                           url, wait_until=config.wait_until, timeout=config.page_timeout\n1203                       )\n1204                   except Error as e:\n1205 →                     raise RuntimeError(f"Failed on navigating ACS-GOTO:\\n{str(e)}")\n1206   \n1207                   await self.execute_hook("after_goto", page, context=context, url=url, response=response)\n1208   \n1209                   if response is None:\n1210                       status_code = 200' session_id=None response_headers=None status_code=None ssl_certificate=None


Failed to crawl: https://www.bolton.ac.uk/assets/Uploads/Health-Wellbeing-and-Supported-Study-Policy-2020-21-Final2.pdf
Result: url='https://www.bolton.ac.uk/assets/Uploads/Health-Wellbeing-and-Supported-Study-Policy-2020-21-Final2.pdf' html='' success=False cleaned_html=None media={} links={} downloaded_files=None screenshot=None pdf=None markdown=None markdown_v2=None fit_markdown=None fit_html=None extracted_content=None metadata=None error_message='Unexpected error in _crawl_web at line 1205 in _crawl_web (../../.pyenv/versions/3.12.6/lib/python3.12/site-packages/crawl4ai/async_crawler_strategy.py):\nError: Failed on navigating ACS-GOTO:\nPage.goto: net::ERR_FAILED at https://www.bolton.ac.uk/assets/Uploads/Health-Wellbeing-and-Supported-Study-Policy-2020-21-Final2.pdf\nCall log:\n  - navigating to "https://www.bolton.ac.uk/assets/Uploads/Health-Wellbeing-and-Supported-Study-Policy-2020-21-Final2.pdf", waiting until "domcontentloaded"\n\n\nCode context:\n1200   \n1201                       response = await page.goto(\n1202                           url, wait_until=config.wait_until, timeout=config.page_timeout\n1203                       )\n1204                   except Error as e:\n1205 →                     raise RuntimeError(f"Failed on navigating ACS-GOTO:\\n{str(e)}")\n1206   \n1207                   await self.execute_hook("after_goto", page, context=context, url=url, response=response)\n1208   \n1209                   if response is None:\n1210                       status_code = 200' session_id=None response_headers=None status_code=None ssl_certificate=None


Failed to crawl: https://www.bolton.ac.uk/assets/Downloadable-Files/Health-Wellbeing-and-Supported-Study-Policy-2020-21-Final.pdf
Result: url='https://www.bolton.ac.uk/assets/Downloadable-Files/Health-Wellbeing-and-Supported-Study-Policy-2020-21-Final.pdf' html='' success=False cleaned_html=None media={} links={} downloaded_files=None screenshot=None pdf=None markdown=None markdown_v2=None fit_markdown=None fit_html=None extracted_content=None metadata=None error_message='Unexpected error in _crawl_web at line 1205 in _crawl_web (../../.pyenv/versions/3.12.6/lib/python3.12/site-packages/crawl4ai/async_crawler_strategy.py):\nError: Failed on navigating ACS-GOTO:\nPage.goto: net::ERR_FAILED at https://www.bolton.ac.uk/assets/Downloadable-Files/Health-Wellbeing-and-Supported-Study-Policy-2020-21-Final.pdf\nCall log:\n  - navigating to "https://www.bolton.ac.uk/assets/Downloadable-Files/Health-Wellbeing-and-Supported-Study-Policy-2020-21-Final.pdf", waiting until "domcontentloaded"\n\n\nCode context:\n1200   \n1201                       response = await page.goto(\n1202                           url, wait_until=config.wait_until, timeout=config.page_timeout\n1203                       )\n1204                   except Error as e:\n1205 →                     raise RuntimeError(f"Failed on navigating ACS-GOTO:\\n{str(e)}")\n1206   \n1207                   await self.execute_hook("after_goto", page, context=context, url=url, response=response)\n1208   \n1209                   if response is None:\n1210                       status_code = 200' session_id=None response_headers=None status_code=None ssl_certificate=None


Failed to crawl: https://www.bolton.ac.uk/assets/Uploads/Health-Wellbeing-and-Supported-Study-Procedures-2020-21-Final2.pdf
Result: url='https://www.bolton.ac.uk/assets/Uploads/Health-Wellbeing-and-Supported-Study-Procedures-2020-21-Final2.pdf' html='' success=False cleaned_html=None media={} links={} downloaded_files=None screenshot=None pdf=None markdown=None markdown_v2=None fit_markdown=None fit_html=None extracted_content=None metadata=None error_message='Unexpected error in _crawl_web at line 1205 in _crawl_web (../../.pyenv/versions/3.12.6/lib/python3.12/site-packages/crawl4ai/async_crawler_strategy.py):\nError: Failed on navigating ACS-GOTO:\nPage.goto: net::ERR_FAILED at https://www.bolton.ac.uk/assets/Uploads/Health-Wellbeing-and-Supported-Study-Procedures-2020-21-Final2.pdf\nCall log:\n  - navigating to "https://www.bolton.ac.uk/assets/Uploads/Health-Wellbeing-and-Supported-Study-Procedures-2020-21-Final2.pdf", waiting until "domcontentloaded"\n\n\nCode context:\n1200   \n1201                       response = await page.goto(\n1202                           url, wait_until=config.wait_until, timeout=config.page_timeout\n1203                       )\n1204                   except Error as e:\n1205 →                     raise RuntimeError(f"Failed on navigating ACS-GOTO:\\n{str(e)}")\n1206   \n1207                   await self.execute_hook("after_goto", page, context=context, url=url, response=response)\n1208   \n1209                   if response is None:\n1210                       status_code = 200' session_id=None response_headers=None status_code=None ssl_certificate=None


Failed to crawl: https://www.bolton.ac.uk/assets/Uploads/Academic-Appeals-Regulations-and-Procedures-2021-22.pdf
Result: url='https://www.bolton.ac.uk/assets/Uploads/Academic-Appeals-Regulations-and-Procedures-2021-22.pdf' html='' success=False cleaned_html=None media={} links={} downloaded_files=None screenshot=None pdf=None markdown=None markdown_v2=None fit_markdown=None fit_html=None extracted_content=None metadata=None error_message='Unexpected error in _crawl_web at line 1205 in _crawl_web (../../.pyenv/versions/3.12.6/lib/python3.12/site-packages/crawl4ai/async_crawler_strategy.py):\nError: Failed on navigating ACS-GOTO:\nPage.goto: net::ERR_FAILED at https://www.bolton.ac.uk/assets/Uploads/Academic-Appeals-Regulations-and-Procedures-2021-22.pdf\nCall log:\n  - navigating to "https://www.bolton.ac.uk/assets/Uploads/Academic-Appeals-Regulations-and-Procedures-2021-22.pdf", waiting until "domcontentloaded"\n\n\nCode context:\n1200   \n1201                       response = await page.goto(\n1202                           url, wait_until=config.wait_until, timeout=config.page_timeout\n1203                       )\n1204                   except Error as e:\n1205 →                     raise RuntimeError(f"Failed on navigating ACS-GOTO:\\n{str(e)}")\n1206   \n1207                   await self.execute_hook("after_goto", page, context=context, url=url, response=response)\n1208   \n1209                   if response is None:\n1210                       status_code = 200' session_id=None response_headers=None status_code=None ssl_certificate=None


Failed to crawl: https://www.bolton.ac.uk/assets/Uploads/Academic-Misconduct-Regulations-and-Procedures-2020-21-Final3.pdf
Result: url='https://www.bolton.ac.uk/assets/Uploads/Academic-Misconduct-Regulations-and-Procedures-2020-21-Final3.pdf' html='' success=False cleaned_html=None media={} links={} downloaded_files=None screenshot=None pdf=None markdown=None markdown_v2=None fit_markdown=None fit_html=None extracted_content=None metadata=None error_message='Unexpected error in _crawl_web at line 1205 in _crawl_web (../../.pyenv/versions/3.12.6/lib/python3.12/site-packages/crawl4ai/async_crawler_strategy.py):\nError: Failed on navigating ACS-GOTO:\nPage.goto: net::ERR_FAILED at https://www.bolton.ac.uk/assets/Uploads/Academic-Misconduct-Regulations-and-Procedures-2020-21-Final3.pdf\nCall log:\n  - navigating to "https://www.bolton.ac.uk/assets/Uploads/Academic-Misconduct-Regulations-and-Procedures-2020-21-Final3.pdf", waiting until "domcontentloaded"\n\n\nCode context:\n1200   \n1201                       response = await page.goto(\n1202                           url, wait_until=config.wait_until, timeout=config.page_timeout\n1203                       )\n1204                   except Error as e:\n1205 →                     raise RuntimeError(f"Failed on navigating ACS-GOTO:\\n{str(e)}")\n1206   \n1207                   await self.execute_hook("after_goto", page, context=context, url=url, response=response)\n1208   \n1209                   if response is None:\n1210                       status_code = 200' session_id=None response_headers=None status_code=None ssl_certificate=None


Failed to crawl: https://www.bolton.ac.uk/assets/Uploads/MItigating-Circumstances-Regulations-and-Procedures-2021-22.pdf
Result: url='https://www.bolton.ac.uk/assets/Uploads/MItigating-Circumstances-Regulations-and-Procedures-2021-22.pdf' html='' success=False cleaned_html=None media={} links={} downloaded_files=None screenshot=None pdf=None markdown=None markdown_v2=None fit_markdown=None fit_html=None extracted_content=None metadata=None error_message='Unexpected error in _crawl_web at line 1205 in _crawl_web (../../.pyenv/versions/3.12.6/lib/python3.12/site-packages/crawl4ai/async_crawler_strategy.py):\nError: Failed on navigating ACS-GOTO:\nPage.goto: net::ERR_FAILED at https://www.bolton.ac.uk/assets/Uploads/MItigating-Circumstances-Regulations-and-Procedures-2021-22.pdf\nCall log:\n  - navigating to "https://www.bolton.ac.uk/assets/Uploads/MItigating-Circumstances-Regulations-and-Procedures-2021-22.pdf", waiting until "domcontentloaded"\n\n\nCode context:\n1200   \n1201                       response = await page.goto(\n1202                           url, wait_until=config.wait_until, timeout=config.page_timeout\n1203                       )\n1204                   except Error as e:\n1205 →                     raise RuntimeError(f"Failed on navigating ACS-GOTO:\\n{str(e)}")\n1206   \n1207                   await self.execute_hook("after_goto", page, context=context, url=url, response=response)\n1208   \n1209                   if response is None:\n1210                       status_code = 200' session_id=None response_headers=None status_code=None ssl_certificate=None


Failed to crawl: https://www.bolton.ac.uk/assets/Uploads/SN07049.pdf
Result: url='https://www.bolton.ac.uk/assets/Uploads/SN07049.pdf' html='' success=False cleaned_html=None media={} links={} downloaded_files=None screenshot=None pdf=None markdown=None markdown_v2=None fit_markdown=None fit_html=None extracted_content=None metadata=None error_message='Unexpected error in _crawl_web at line 1205 in _crawl_web (../../.pyenv/versions/3.12.6/lib/python3.12/site-packages/crawl4ai/async_crawler_strategy.py):\nError: Failed on navigating ACS-GOTO:\nPage.goto: net::ERR_FAILED at https://www.bolton.ac.uk/assets/Uploads/SN07049.pdf\nCall log:\n  - navigating to "https://www.bolton.ac.uk/assets/Uploads/SN07049.pdf", waiting until "domcontentloaded"\n\n\nCode context:\n1200   \n1201                       response = await page.goto(\n1202                           url, wait_until=config.wait_until, timeout=config.page_timeout\n1203                       )\n1204                   except Error as e:\n1205 →                     raise RuntimeError(f"Failed on navigating ACS-GOTO:\\n{str(e)}")\n1206   \n1207                   await self.execute_hook("after_goto", page, context=context, url=url, response=response)\n1208   \n1209                   if response is None:\n1210                       status_code = 200' session_id=None response_headers=None status_code=None ssl_certificate=None


Failed to crawl: https://www.bolton.ac.uk/assets/Uploads/Researcher-Development-Concordat-Sept2020.pdf
Result: url='https://www.bolton.ac.uk/assets/Uploads/Researcher-Development-Concordat-Sept2020.pdf' html='' success=False cleaned_html=None media={} links={} downloaded_files=None screenshot=None pdf=None markdown=None markdown_v2=None fit_markdown=None fit_html=None extracted_content=None metadata=None error_message='Unexpected error in _crawl_web at line 1205 in _crawl_web (../../.pyenv/versions/3.12.6/lib/python3.12/site-packages/crawl4ai/async_crawler_strategy.py):\nError: Failed on navigating ACS-GOTO:\nPage.goto: net::ERR_FAILED at https://www.bolton.ac.uk/assets/Uploads/Researcher-Development-Concordat-Sept2020.pdf\nCall log:\n  - navigating to "https://www.bolton.ac.uk/assets/Uploads/Researcher-Development-Concordat-Sept2020.pdf", waiting until "domcontentloaded"\n\n\nCode context:\n1200   \n1201                       response = await page.goto(\n1202                           url, wait_until=config.wait_until, timeout=config.page_timeout\n1203                       )\n1204                   except Error as e:\n1205 →                     raise RuntimeError(f"Failed on navigating ACS-GOTO:\\n{str(e)}")\n1206   \n1207                   await self.execute_hook("after_goto", page, context=context, url=url, response=response)\n1208   \n1209                   if response is None:\n1210                       status_code = 200' session_id=None response_headers=None status_code=None ssl_certificate=None


Failed to crawl: https://www.bolton.ac.uk/assets/Uploads/Researcher-Development-Concordat-Sept2019-1.pdf
Result: url='https://www.bolton.ac.uk/assets/Uploads/Researcher-Development-Concordat-Sept2019-1.pdf' html='' success=False cleaned_html=None media={} links={} downloaded_files=None screenshot=None pdf=None markdown=None markdown_v2=None fit_markdown=None fit_html=None extracted_content=None metadata=None error_message='Unexpected error in _crawl_web at line 1205 in _crawl_web (../../.pyenv/versions/3.12.6/lib/python3.12/site-packages/crawl4ai/async_crawler_strategy.py):\nError: Failed on navigating ACS-GOTO:\nPage.goto: net::ERR_FAILED at https://www.bolton.ac.uk/assets/Uploads/Researcher-Development-Concordat-Sept2019-1.pdf\nCall log:\n  - navigating to "https://www.bolton.ac.uk/assets/Uploads/Researcher-Development-Concordat-Sept2019-1.pdf", waiting until "domcontentloaded"\n\n\nCode context:\n1200   \n1201                       response = await page.goto(\n1202                           url, wait_until=config.wait_until, timeout=config.page_timeout\n1203                       )\n1204                   except Error as e:\n1205 →                     raise RuntimeError(f"Failed on navigating ACS-GOTO:\\n{str(e)}")\n1206   \n1207                   await self.execute_hook("after_goto", page, context=context, url=url, response=response)\n1208   \n1209                   if response is None:\n1210                       status_code = 200' session_id=None response_headers=None status_code=None ssl_certificate=None


Failed to crawl: https://www.bolton.ac.uk/assets/Uploads/RDM-Policy-Oct-2022.pdf
Result: url='https://www.bolton.ac.uk/assets/Uploads/RDM-Policy-Oct-2022.pdf' html='' success=False cleaned_html=None media={} links={} downloaded_files=None screenshot=None pdf=None markdown=None markdown_v2=None fit_markdown=None fit_html=None extracted_content=None metadata=None error_message='Unexpected error in _crawl_web at line 1205 in _crawl_web (../../.pyenv/versions/3.12.6/lib/python3.12/site-packages/crawl4ai/async_crawler_strategy.py):\nError: Failed on navigating ACS-GOTO:\nPage.goto: net::ERR_FAILED at https://www.bolton.ac.uk/assets/Uploads/RDM-Policy-Oct-2022.pdf\nCall log:\n  - navigating to "https://www.bolton.ac.uk/assets/Uploads/RDM-Policy-Oct-2022.pdf", waiting until "domcontentloaded"\n\n\nCode context:\n1200   \n1201                       response = await page.goto(\n1202                           url, wait_until=config.wait_until, timeout=config.page_timeout\n1203                       )\n1204                   except Error as e:\n1205 →                     raise RuntimeError(f"Failed on navigating ACS-GOTO:\\n{str(e)}")\n1206   \n1207                   await self.execute_hook("after_goto", page, context=context, url=url, response=response)\n1208   \n1209                   if response is None:\n1210                       status_code = 200' session_id=None response_headers=None status_code=None ssl_certificate=None


Failed to crawl: https://www.bolton.ac.uk/assets/Item-5-RDM-1-Data-Management-Plan-Guidelines.pdf
Result: url='https://www.bolton.ac.uk/assets/Item-5-RDM-1-Data-Management-Plan-Guidelines.pdf' html='' success=False cleaned_html=None media={} links={} downloaded_files=None screenshot=None pdf=None markdown=None markdown_v2=None fit_markdown=None fit_html=None extracted_content=None metadata=None error_message='Unexpected error in _crawl_web at line 1205 in _crawl_web (../../.pyenv/versions/3.12.6/lib/python3.12/site-packages/crawl4ai/async_crawler_strategy.py):\nError: Failed on navigating ACS-GOTO:\nPage.goto: net::ERR_FAILED at https://www.bolton.ac.uk/assets/Item-5-RDM-1-Data-Management-Plan-Guidelines.pdf\nCall log:\n  - navigating to "https://www.bolton.ac.uk/assets/Item-5-RDM-1-Data-Management-Plan-Guidelines.pdf", waiting until "domcontentloaded"\n\n\nCode context:\n1200   \n1201                       response = await page.goto(\n1202                           url, wait_until=config.wait_until, timeout=config.page_timeout\n1203                       )\n1204                   except Error as e:\n1205 →                     raise RuntimeError(f"Failed on navigating ACS-GOTO:\\n{str(e)}")\n1206   \n1207                   await self.execute_hook("after_goto", page, context=context, url=url, response=response)\n1208   \n1209                   if response is None:\n1210                       status_code = 200' session_id=None response_headers=None status_code=None ssl_certificate=None


Failed to crawl: https://www.bolton.ac.uk/assets/Registration-and-Storage-of-Human-Tissue-for-the-Purpose-of-Research-Nov-2017.pdf
Result: url='https://www.bolton.ac.uk/assets/Registration-and-Storage-of-Human-Tissue-for-the-Purpose-of-Research-Nov-2017.pdf' html='' success=False cleaned_html=None media={} links={} downloaded_files=None screenshot=None pdf=None markdown=None markdown_v2=None fit_markdown=None fit_html=None extracted_content=None metadata=None error_message='Unexpected error in _crawl_web at line 1205 in _crawl_web (../../.pyenv/versions/3.12.6/lib/python3.12/site-packages/crawl4ai/async_crawler_strategy.py):\nError: Failed on navigating ACS-GOTO:\nPage.goto: net::ERR_FAILED at https://www.bolton.ac.uk/assets/Registration-and-Storage-of-Human-Tissue-for-the-Purpose-of-Research-Nov-2017.pdf\nCall log:\n  - navigating to "https://www.bolton.ac.uk/assets/Registration-and-Storage-of-Human-Tissue-for-the-Purpose-of-Research-Nov-2017.pdf", waiting until "domcontentloaded"\n\n\nCode context:\n1200   \n1201                       response = await page.goto(\n1202                           url, wait_until=config.wait_until, timeout=config.page_timeout\n1203                       )\n1204                   except Error as e:\n1205 →                     raise RuntimeError(f"Failed on navigating ACS-GOTO:\\n{str(e)}")\n1206   \n1207                   await self.execute_hook("after_goto", page, context=context, url=url, response=response)\n1208   \n1209                   if response is None:\n1210                       status_code = 200' session_id=None response_headers=None status_code=None ssl_certificate=None


Failed to crawl: https://www.bolton.ac.uk/assets/ConcordatonOpenResearchData.pdf
Result: url='https://www.bolton.ac.uk/assets/ConcordatonOpenResearchData.pdf' html='' success=False cleaned_html=None media={} links={} downloaded_files=None screenshot=None pdf=None markdown=None markdown_v2=None fit_markdown=None fit_html=None extracted_content=None metadata=None error_message='Unexpected error in _crawl_web at line 1205 in _crawl_web (../../.pyenv/versions/3.12.6/lib/python3.12/site-packages/crawl4ai/async_crawler_strategy.py):\nError: Failed on navigating ACS-GOTO:\nPage.goto: net::ERR_FAILED at https://www.bolton.ac.uk/assets/ConcordatonOpenResearchData.pdf\nCall log:\n  - navigating to "https://www.bolton.ac.uk/assets/ConcordatonOpenResearchData.pdf", waiting until "domcontentloaded"\n\n\nCode context:\n1200   \n1201                       response = await page.goto(\n1202                           url, wait_until=config.wait_until, timeout=config.page_timeout\n1203                       )\n1204                   except Error as e:\n1205 →                     raise RuntimeError(f"Failed on navigating ACS-GOTO:\\n{str(e)}")\n1206   \n1207                   await self.execute_hook("after_goto", page, context=context, url=url, response=response)\n1208   \n1209                   if response is None:\n1210                       status_code = 200' session_id=None response_headers=None status_code=None ssl_certificate=None


Failed to crawl: https://www.bolton.ac.uk/assets/Uploads/JFL00105-ORCID-FOR-RESEARCHERS-LEAFLET-A5-APRIL2019-v1.pdf
Result: url='https://www.bolton.ac.uk/assets/Uploads/JFL00105-ORCID-FOR-RESEARCHERS-LEAFLET-A5-APRIL2019-v1.pdf' html='' success=False cleaned_html=None media={} links={} downloaded_files=None screenshot=None pdf=None markdown=None markdown_v2=None fit_markdown=None fit_html=None extracted_content=None metadata=None error_message='Unexpected error in _crawl_web at line 1205 in _crawl_web (../../.pyenv/versions/3.12.6/lib/python3.12/site-packages/crawl4ai/async_crawler_strategy.py):\nError: Failed on navigating ACS-GOTO:\nPage.goto: net::ERR_FAILED at https://www.bolton.ac.uk/assets/Uploads/JFL00105-ORCID-FOR-RESEARCHERS-LEAFLET-A5-APRIL2019-v1.pdf\nCall log:\n  - navigating to "https://www.bolton.ac.uk/assets/Uploads/JFL00105-ORCID-FOR-RESEARCHERS-LEAFLET-A5-APRIL2019-v1.pdf", waiting until "domcontentloaded"\n\n\nCode context:\n1200   \n1201                       response = await page.goto(\n1202                           url, wait_until=config.wait_until, timeout=config.page_timeout\n1203                       )\n1204                   except Error as e:\n1205 →                     raise RuntimeError(f"Failed on navigating ACS-GOTO:\\n{str(e)}")\n1206   \n1207                   await self.execute_hook("after_goto", page, context=context, url=url, response=response)\n1208   \n1209                   if response is None:\n1210                       status_code = 200' session_id=None response_headers=None status_code=None ssl_certificate=None


Failed to crawl: https://www.bolton.ac.uk/assets/Uploads/38-ORCID.pdf
Result: url='https://www.bolton.ac.uk/assets/Uploads/38-ORCID.pdf' html='' success=False cleaned_html=None media={} links={} downloaded_files=None screenshot=None pdf=None markdown=None markdown_v2=None fit_markdown=None fit_html=None extracted_content=None metadata=None error_message='Unexpected error in _crawl_web at line 1205 in _crawl_web (../../.pyenv/versions/3.12.6/lib/python3.12/site-packages/crawl4ai/async_crawler_strategy.py):\nError: Failed on navigating ACS-GOTO:\nPage.goto: net::ERR_FAILED at https://www.bolton.ac.uk/assets/Uploads/38-ORCID.pdf\nCall log:\n  - navigating to "https://www.bolton.ac.uk/assets/Uploads/38-ORCID.pdf", waiting until "domcontentloaded"\n\n\nCode context:\n1200   \n1201                       response = await page.goto(\n1202                           url, wait_until=config.wait_until, timeout=config.page_timeout\n1203                       )\n1204                   except Error as e:\n1205 →                     raise RuntimeError(f"Failed on navigating ACS-GOTO:\\n{str(e)}")\n1206   \n1207                   await self.execute_hook("after_goto", page, context=context, url=url, response=response)\n1208   \n1209                   if response is None:\n1210                       status_code = 200' session_id=None response_headers=None status_code=None ssl_certificate=None


Failed to crawl: https://www.bolton.ac.uk/assets/Uploads/Third-Party-Consent-to-Share-2018.pdf
Result: url='https://www.bolton.ac.uk/assets/Uploads/Third-Party-Consent-to-Share-2018.pdf' html='' success=False cleaned_html=None media={} links={} downloaded_files=None screenshot=None pdf=None markdown=None markdown_v2=None fit_markdown=None fit_html=None extracted_content=None metadata=None error_message='Unexpected error in _crawl_web at line 1205 in _crawl_web (../../.pyenv/versions/3.12.6/lib/python3.12/site-packages/crawl4ai/async_crawler_strategy.py):\nError: Failed on navigating ACS-GOTO:\nPage.goto: net::ERR_FAILED at https://www.bolton.ac.uk/assets/Uploads/Third-Party-Consent-to-Share-2018.pdf\nCall log:\n  - navigating to "https://www.bolton.ac.uk/assets/Uploads/Third-Party-Consent-to-Share-2018.pdf", waiting until "domcontentloaded"\n\n\nCode context:\n1200   \n1201                       response = await page.goto(\n1202                           url, wait_until=config.wait_until, timeout=config.page_timeout\n1203                       )\n1204                   except Error as e:\n1205 →                     raise RuntimeError(f"Failed on navigating ACS-GOTO:\\n{str(e)}")\n1206   \n1207                   await self.execute_hook("after_goto", page, context=context, url=url, response=response)\n1208   \n1209                   if response is None:\n1210                       status_code = 200' session_id=None response_headers=None status_code=None ssl_certificate=None


Failed to crawl: https://www.bolton.ac.uk/assets/Uploads/220526-University-of-VBolton-student-Services-CSE-Certificate.pdf
Result: url='https://www.bolton.ac.uk/assets/Uploads/220526-University-of-VBolton-student-Services-CSE-Certificate.pdf' html='' success=False cleaned_html=None media={} links={} downloaded_files=None screenshot=None pdf=None markdown=None markdown_v2=None fit_markdown=None fit_html=None extracted_content=None metadata=None error_message='Unexpected error in _crawl_web at line 1205 in _crawl_web (../../.pyenv/versions/3.12.6/lib/python3.12/site-packages/crawl4ai/async_crawler_strategy.py):\nError: Failed on navigating ACS-GOTO:\nPage.goto: net::ERR_FAILED at https://www.bolton.ac.uk/assets/Uploads/220526-University-of-VBolton-student-Services-CSE-Certificate.pdf\nCall log:\n  - navigating to "https://www.bolton.ac.uk/assets/Uploads/220526-University-of-VBolton-student-Services-CSE-Certificate.pdf", waiting until "domcontentloaded"\n\n\nCode context:\n1200   \n1201                       response = await page.goto(\n1202                           url, wait_until=config.wait_until, timeout=config.page_timeout\n1203                       )\n1204                   except Error as e:\n1205 →                     raise RuntimeError(f"Failed on navigating ACS-GOTO:\\n{str(e)}")\n1206   \n1207                   await self.execute_hook("after_goto", page, context=context, url=url, response=response)\n1208   \n1209                   if response is None:\n1210                       status_code = 200' session_id=None response_headers=None status_code=None ssl_certificate=None


Failed to crawl: https://www.bolton.ac.uk/assets/Uploads/Sport-Wellness-Customer-Service-Standards.pdf
Result: url='https://www.bolton.ac.uk/assets/Uploads/Sport-Wellness-Customer-Service-Standards.pdf' html='' success=False cleaned_html=None media={} links={} downloaded_files=None screenshot=None pdf=None markdown=None markdown_v2=None fit_markdown=None fit_html=None extracted_content=None metadata=None error_message='Unexpected error in _crawl_web at line 1205 in _crawl_web (../../.pyenv/versions/3.12.6/lib/python3.12/site-packages/crawl4ai/async_crawler_strategy.py):\nError: Failed on navigating ACS-GOTO:\nPage.goto: net::ERR_FAILED at https://www.bolton.ac.uk/assets/Uploads/Sport-Wellness-Customer-Service-Standards.pdf\nCall log:\n  - navigating to "https://www.bolton.ac.uk/assets/Uploads/Sport-Wellness-Customer-Service-Standards.pdf", waiting until "domcontentloaded"\n\n\nCode context:\n1200   \n1201                       response = await page.goto(\n1202                           url, wait_until=config.wait_until, timeout=config.page_timeout\n1203                       )\n1204                   except Error as e:\n1205 →                     raise RuntimeError(f"Failed on navigating ACS-GOTO:\\n{str(e)}")\n1206   \n1207                   await self.execute_hook("after_goto", page, context=context, url=url, response=response)\n1208   \n1209                   if response is None:\n1210                       status_code = 200' session_id=None response_headers=None status_code=None ssl_certificate=None


Failed to crawl: https://www.bolton.ac.uk/assets/Uploads/HowToFindUsMainReception4.pdf
Result: url='https://www.bolton.ac.uk/assets/Uploads/HowToFindUsMainReception4.pdf' html='' success=False cleaned_html=None media={} links={} downloaded_files=None screenshot=None pdf=None markdown=None markdown_v2=None fit_markdown=None fit_html=None extracted_content=None metadata=None error_message='Unexpected error in _crawl_web at line 1205 in _crawl_web (../../.pyenv/versions/3.12.6/lib/python3.12/site-packages/crawl4ai/async_crawler_strategy.py):\nError: Failed on navigating ACS-GOTO:\nPage.goto: net::ERR_FAILED at https://www.bolton.ac.uk/assets/Uploads/HowToFindUsMainReception4.pdf\nCall log:\n  - navigating to "https://www.bolton.ac.uk/assets/Uploads/HowToFindUsMainReception4.pdf", waiting until "domcontentloaded"\n\n\nCode context:\n1200   \n1201                       response = await page.goto(\n1202                           url, wait_until=config.wait_until, timeout=config.page_timeout\n1203                       )\n1204                   except Error as e:\n1205 →                     raise RuntimeError(f"Failed on navigating ACS-GOTO:\\n{str(e)}")\n1206   \n1207                   await self.execute_hook("after_goto", page, context=context, url=url, response=response)\n1208   \n1209                   if response is None:\n1210                       status_code = 200' session_id=None response_headers=None status_code=None ssl_certificate=None


Failed to crawl: https://www.bolton.ac.uk/news/business-secretary-visits-universitys-innovative-national-centre-for-motorsport-engineering
Result: url='https://www.bolton.ac.uk/news/business-secretary-visits-universitys-innovative-national-centre-for-motorsport-engineering' html='' success=False cleaned_html=None media={} links={} downloaded_files=None screenshot=None pdf=None markdown=None markdown_v2=None fit_markdown=None fit_html=None extracted_content=None metadata=None error_message='Unexpected error in _crawl_web at line 1205 in _crawl_web (../../.pyenv/versions/3.12.6/lib/python3.12/site-packages/crawl4ai/async_crawler_strategy.py):\nError: Failed on navigating ACS-GOTO:\nPage.goto: Timeout 10000ms exceeded.\nCall log:\n  - navigating to "https://www.bolton.ac.uk/news/business-secretary-visits-universitys-innovative-national-centre-for-motorsport-engineering", waiting until "domcontentloaded"\n\n\nCode context:\n1200   \n1201                       response = await page.goto(\n1202                           url, wait_until=config.wait_until, timeout=config.page_timeout\n1203                       )\n1204                   except Error as e:\n1205 →                     raise RuntimeError(f"Failed on navigating ACS-GOTO:\\n{str(e)}")\n1206   \n1207                   await self.execute_hook("after_goto", page, context=context, url=url, response=response)\n1208   \n1209                   if response is None:\n1210                       status_code = 200' session_id=None response_headers=None status_code=None ssl_certificate=None


Failed to crawl: https://www.bolton.ac.uk/assets/Uploads/Sustainable-Futures-Week-2022.pdf
Result: url='https://www.bolton.ac.uk/assets/Uploads/Sustainable-Futures-Week-2022.pdf' html='' success=False cleaned_html=None media={} links={} downloaded_files=None screenshot=None pdf=None markdown=None markdown_v2=None fit_markdown=None fit_html=None extracted_content=None metadata=None error_message='Unexpected error in _crawl_web at line 1205 in _crawl_web (../../.pyenv/versions/3.12.6/lib/python3.12/site-packages/crawl4ai/async_crawler_strategy.py):\nError: Failed on navigating ACS-GOTO:\nPage.goto: net::ERR_FAILED at https://www.bolton.ac.uk/assets/Uploads/Sustainable-Futures-Week-2022.pdf\nCall log:\n  - navigating to "https://www.bolton.ac.uk/assets/Uploads/Sustainable-Futures-Week-2022.pdf", waiting until "domcontentloaded"\n\n\nCode context:\n1200   \n1201                       response = await page.goto(\n1202                           url, wait_until=config.wait_until, timeout=config.page_timeout\n1203                       )\n1204                   except Error as e:\n1205 →                     raise RuntimeError(f"Failed on navigating ACS-GOTO:\\n{str(e)}")\n1206   \n1207                   await self.execute_hook("after_goto", page, context=context, url=url, response=response)\n1208   \n1209                   if response is None:\n1210                       status_code = 200' session_id=None response_headers=None status_code=None ssl_certificate=None


Failed to crawl: https://www.bolton.ac.uk/assets/109198-Clearing-StudyAdv-A5-6pp_AW2-DIGI.pdf
Result: url='https://www.bolton.ac.uk/assets/109198-Clearing-StudyAdv-A5-6pp_AW2-DIGI.pdf' html='' success=False cleaned_html=None media={} links={} downloaded_files=None screenshot=None pdf=None markdown=None markdown_v2=None fit_markdown=None fit_html=None extracted_content=None metadata=None error_message='Unexpected error in _crawl_web at line 1205 in _crawl_web (../../.pyenv/versions/3.12.6/lib/python3.12/site-packages/crawl4ai/async_crawler_strategy.py):\nError: Failed on navigating ACS-GOTO:\nPage.goto: net::ERR_FAILED at https://www.bolton.ac.uk/assets/109198-Clearing-StudyAdv-A5-6pp_AW2-DIGI.pdf\nCall log:\n  - navigating to "https://www.bolton.ac.uk/assets/109198-Clearing-StudyAdv-A5-6pp_AW2-DIGI.pdf", waiting until "domcontentloaded"\n\n\nCode context:\n1200   \n1201                       response = await page.goto(\n1202                           url, wait_until=config.wait_until, timeout=config.page_timeout\n1203                       )\n1204                   except Error as e:\n1205 →                     raise RuntimeError(f"Failed on navigating ACS-GOTO:\\n{str(e)}")\n1206   \n1207                   await self.execute_hook("after_goto", page, context=context, url=url, response=response)\n1208   \n1209                   if response is None:\n1210                       status_code = 200' session_id=None response_headers=None status_code=None ssl_certificate=None


Failed to crawl: https://www.bolton.ac.uk/assets/Open-Day-programme-A5-March2022_V2.pdf
Result: url='https://www.bolton.ac.uk/assets/Open-Day-programme-A5-March2022_V2.pdf' html='' success=False cleaned_html=None media={} links={} downloaded_files=None screenshot=None pdf=None markdown=None markdown_v2=None fit_markdown=None fit_html=None extracted_content=None metadata=None error_message='Unexpected error in _crawl_web at line 1205 in _crawl_web (../../.pyenv/versions/3.12.6/lib/python3.12/site-packages/crawl4ai/async_crawler_strategy.py):\nError: Failed on navigating ACS-GOTO:\nPage.goto: net::ERR_FAILED at https://www.bolton.ac.uk/assets/Open-Day-programme-A5-March2022_V2.pdf\nCall log:\n  - navigating to "https://www.bolton.ac.uk/assets/Open-Day-programme-A5-March2022_V2.pdf", waiting until "domcontentloaded"\n\n\nCode context:\n1200   \n1201                       response = await page.goto(\n1202                           url, wait_until=config.wait_until, timeout=config.page_timeout\n1203                       )\n1204                   except Error as e:\n1205 →                     raise RuntimeError(f"Failed on navigating ACS-GOTO:\\n{str(e)}")\n1206   \n1207                   await self.execute_hook("after_goto", page, context=context, url=url, response=response)\n1208   \n1209                   if response is None:\n1210                       status_code = 200' session_id=None response_headers=None status_code=None ssl_certificate=None


Failed to crawl: https://www.bolton.ac.uk/assets/Uploads/Acceptable-English-Language-Tests-v2.pdf
Result: url='https://www.bolton.ac.uk/assets/Uploads/Acceptable-English-Language-Tests-v2.pdf' html='' success=False cleaned_html=None media={} links={} downloaded_files=None screenshot=None pdf=None markdown=None markdown_v2=None fit_markdown=None fit_html=None extracted_content=None metadata=None error_message='Unexpected error in _crawl_web at line 1205 in _crawl_web (../../.pyenv/versions/3.12.6/lib/python3.12/site-packages/crawl4ai/async_crawler_strategy.py):\nError: Failed on navigating ACS-GOTO:\nPage.goto: net::ERR_FAILED at https://www.bolton.ac.uk/assets/Uploads/Acceptable-English-Language-Tests-v2.pdf\nCall log:\n  - navigating to "https://www.bolton.ac.uk/assets/Uploads/Acceptable-English-Language-Tests-v2.pdf", waiting until "domcontentloaded"\n\n\nCode context:\n1200   \n1201                       response = await page.goto(\n1202                           url, wait_until=config.wait_until, timeout=config.page_timeout\n1203                       )\n1204                   except Error as e:\n1205 →                     raise RuntimeError(f"Failed on navigating ACS-GOTO:\\n{str(e)}")\n1206   \n1207                   await self.execute_hook("after_goto", page, context=context, url=url, response=response)\n1208   \n1209                   if response is None:\n1210                       status_code = 200' session_id=None response_headers=None status_code=None ssl_certificate=None


Failed to crawl: https://www.bolton.ac.uk/assets/Uploads/Alumni-Loyalty-Discount-Application-18-19-v2.pdf
Result: url='https://www.bolton.ac.uk/assets/Uploads/Alumni-Loyalty-Discount-Application-18-19-v2.pdf' html='' success=False cleaned_html=None media={} links={} downloaded_files=None screenshot=None pdf=None markdown=None markdown_v2=None fit_markdown=None fit_html=None extracted_content=None metadata=None error_message='Unexpected error in _crawl_web at line 1205 in _crawl_web (../../.pyenv/versions/3.12.6/lib/python3.12/site-packages/crawl4ai/async_crawler_strategy.py):\nError: Failed on navigating ACS-GOTO:\nPage.goto: net::ERR_FAILED at https://www.bolton.ac.uk/assets/Uploads/Alumni-Loyalty-Discount-Application-18-19-v2.pdf\nCall log:\n  - navigating to "https://www.bolton.ac.uk/assets/Uploads/Alumni-Loyalty-Discount-Application-18-19-v2.pdf", waiting until "domcontentloaded"\n\n\nCode context:\n1200   \n1201                       response = await page.goto(\n1202                           url, wait_until=config.wait_until, timeout=config.page_timeout\n1203                       )\n1204                   except Error as e:\n1205 →                     raise RuntimeError(f"Failed on navigating ACS-GOTO:\\n{str(e)}")\n1206   \n1207                   await self.execute_hook("after_goto", page, context=context, url=url, response=response)\n1208   \n1209                   if response is None:\n1210                       status_code = 200' session_id=None response_headers=None status_code=None ssl_certificate=None


Failed to crawl: https://www.bolton.ac.uk/assets/Student-Policy-Zone-2023-24/Apprentice-and-Employer-Complaint-Policy-and-Procedure-December-2021-APPROVED-V2.pdf
Result: url='https://www.bolton.ac.uk/assets/Student-Policy-Zone-2023-24/Apprentice-and-Employer-Complaint-Policy-and-Procedure-December-2021-APPROVED-V2.pdf' html='' success=False cleaned_html=None media={} links={} downloaded_files=None screenshot=None pdf=None markdown=None markdown_v2=None fit_markdown=None fit_html=None extracted_content=None metadata=None error_message='Unexpected error in _crawl_web at line 1205 in _crawl_web (../../.pyenv/versions/3.12.6/lib/python3.12/site-packages/crawl4ai/async_crawler_strategy.py):\nError: Failed on navigating ACS-GOTO:\nPage.goto: net::ERR_FAILED at https://www.bolton.ac.uk/assets/Student-Policy-Zone-2023-24/Apprentice-and-Employer-Complaint-Policy-and-Procedure-December-2021-APPROVED-V2.pdf\nCall log:\n  - navigating to "https://www.bolton.ac.uk/assets/Student-Policy-Zone-2023-24/Apprentice-and-Employer-Complaint-Policy-and-Procedure-December-2021-APPROVED-V2.pdf", waiting until "domcontentloaded"\n\n\nCode context:\n1200   \n1201                       response = await page.goto(\n1202                           url, wait_until=config.wait_until, timeout=config.page_timeout\n1203                       )\n1204                   except Error as e:\n1205 →                     raise RuntimeError(f"Failed on navigating ACS-GOTO:\\n{str(e)}")\n1206   \n1207                   await self.execute_hook("after_goto", page, context=context, url=url, response=response)\n1208   \n1209                   if response is None:\n1210                       status_code = 200' session_id=None response_headers=None status_code=None ssl_certificate=None


Failed to crawl: https://www.bolton.ac.uk/assets/Student-Policy-Zone-2023-24/Student-Complaints-Procedure-2023-24.pdf
Result: url='https://www.bolton.ac.uk/assets/Student-Policy-Zone-2023-24/Student-Complaints-Procedure-2023-24.pdf' html='' success=False cleaned_html=None media={} links={} downloaded_files=None screenshot=None pdf=None markdown=None markdown_v2=None fit_markdown=None fit_html=None extracted_content=None metadata=None error_message='Unexpected error in _crawl_web at line 1205 in _crawl_web (../../.pyenv/versions/3.12.6/lib/python3.12/site-packages/crawl4ai/async_crawler_strategy.py):\nError: Failed on navigating ACS-GOTO:\nPage.goto: net::ERR_FAILED at https://www.bolton.ac.uk/assets/Student-Policy-Zone-2023-24/Student-Complaints-Procedure-2023-24.pdf\nCall log:\n  - navigating to "https://www.bolton.ac.uk/assets/Student-Policy-Zone-2023-24/Student-Complaints-Procedure-2023-24.pdf", waiting until "domcontentloaded"\n\n\nCode context:\n1200   \n1201                       response = await page.goto(\n1202                           url, wait_until=config.wait_until, timeout=config.page_timeout\n1203                       )\n1204                   except Error as e:\n1205 →                     raise RuntimeError(f"Failed on navigating ACS-GOTO:\\n{str(e)}")\n1206   \n1207                   await self.execute_hook("after_goto", page, context=context, url=url, response=response)\n1208   \n1209                   if response is None:\n1210                       status_code = 200' session_id=None response_headers=None status_code=None ssl_certificate=None


Failed to crawl: https://www.bolton.ac.uk/assets/Student-Policy-Zone-2023-24/Stage-2-Complaints-Guidance-for-Investigating-Officers.pdf
Result: url='https://www.bolton.ac.uk/assets/Student-Policy-Zone-2023-24/Stage-2-Complaints-Guidance-for-Investigating-Officers.pdf' html='' success=False cleaned_html=None media={} links={} downloaded_files=None screenshot=None pdf=None markdown=None markdown_v2=None fit_markdown=None fit_html=None extracted_content=None metadata=None error_message='Unexpected error in _crawl_web at line 1205 in _crawl_web (../../.pyenv/versions/3.12.6/lib/python3.12/site-packages/crawl4ai/async_crawler_strategy.py):\nError: Failed on navigating ACS-GOTO:\nPage.goto: net::ERR_FAILED at https://www.bolton.ac.uk/assets/Student-Policy-Zone-2023-24/Stage-2-Complaints-Guidance-for-Investigating-Officers.pdf\nCall log:\n  - navigating to "https://www.bolton.ac.uk/assets/Student-Policy-Zone-2023-24/Stage-2-Complaints-Guidance-for-Investigating-Officers.pdf", waiting until "domcontentloaded"\n\n\nCode context:\n1200   \n1201                       response = await page.goto(\n1202                           url, wait_until=config.wait_until, timeout=config.page_timeout\n1203                       )\n1204                   except Error as e:\n1205 →                     raise RuntimeError(f"Failed on navigating ACS-GOTO:\\n{str(e)}")\n1206   \n1207                   await self.execute_hook("after_goto", page, context=context, url=url, response=response)\n1208   \n1209                   if response is None:\n1210                       status_code = 200' session_id=None response_headers=None status_code=None ssl_certificate=None


Failed to crawl: https://www.bolton.ac.uk/assets/Uploads/Student-Non-Academic-Conduct-and-Disciplinary-Policy-and-Procedure-2022-23.pdf
Result: url='https://www.bolton.ac.uk/assets/Uploads/Student-Non-Academic-Conduct-and-Disciplinary-Policy-and-Procedure-2022-23.pdf' html='' success=False cleaned_html=None media={} links={} downloaded_files=None screenshot=None pdf=None markdown=None markdown_v2=None fit_markdown=None fit_html=None extracted_content=None metadata=None error_message='Unexpected error in _crawl_web at line 1205 in _crawl_web (../../.pyenv/versions/3.12.6/lib/python3.12/site-packages/crawl4ai/async_crawler_strategy.py):\nError: Failed on navigating ACS-GOTO:\nPage.goto: net::ERR_FAILED at https://www.bolton.ac.uk/assets/Uploads/Student-Non-Academic-Conduct-and-Disciplinary-Policy-and-Procedure-2022-23.pdf\nCall log:\n  - navigating to "https://www.bolton.ac.uk/assets/Uploads/Student-Non-Academic-Conduct-and-Disciplinary-Policy-and-Procedure-2022-23.pdf", waiting until "domcontentloaded"\n\n\nCode context:\n1200   \n1201                       response = await page.goto(\n1202                           url, wait_until=config.wait_until, timeout=config.page_timeout\n1203                       )\n1204                   except Error as e:\n1205 →                     raise RuntimeError(f"Failed on navigating ACS-GOTO:\\n{str(e)}")\n1206   \n1207                   await self.execute_hook("after_goto", page, context=context, url=url, response=response)\n1208   \n1209                   if response is None:\n1210                       status_code = 200' session_id=None response_headers=None status_code=None ssl_certificate=None


Failed to crawl: https://www.bolton.ac.uk/assets/Student-Policy-Zone-2023-24/Health-Wellbeing-and-Supported-Study-Policy-2023-24-Final.pdf
Result: url='https://www.bolton.ac.uk/assets/Student-Policy-Zone-2023-24/Health-Wellbeing-and-Supported-Study-Policy-2023-24-Final.pdf' html='' success=False cleaned_html=None media={} links={} downloaded_files=None screenshot=None pdf=None markdown=None markdown_v2=None fit_markdown=None fit_html=None extracted_content=None metadata=None error_message='Unexpected error in _crawl_web at line 1205 in _crawl_web (../../.pyenv/versions/3.12.6/lib/python3.12/site-packages/crawl4ai/async_crawler_strategy.py):\nError: Failed on navigating ACS-GOTO:\nPage.goto: net::ERR_FAILED at https://www.bolton.ac.uk/assets/Student-Policy-Zone-2023-24/Health-Wellbeing-and-Supported-Study-Policy-2023-24-Final.pdf\nCall log:\n  - navigating to "https://www.bolton.ac.uk/assets/Student-Policy-Zone-2023-24/Health-Wellbeing-and-Supported-Study-Policy-2023-24-Final.pdf", waiting until "domcontentloaded"\n\n\nCode context:\n1200   \n1201                       response = await page.goto(\n1202                           url, wait_until=config.wait_until, timeout=config.page_timeout\n1203                       )\n1204                   except Error as e:\n1205 →                     raise RuntimeError(f"Failed on navigating ACS-GOTO:\\n{str(e)}")\n1206   \n1207                   await self.execute_hook("after_goto", page, context=context, url=url, response=response)\n1208   \n1209                   if response is None:\n1210                       status_code = 200' session_id=None response_headers=None status_code=None ssl_certificate=None


Failed to crawl: https://www.bolton.ac.uk/assets/Student-Policy-Zone-2023-24/Health-Wellbeing-and-Supported-Study-Procedures-2023-24-Final.pdf
Result: url='https://www.bolton.ac.uk/assets/Student-Policy-Zone-2023-24/Health-Wellbeing-and-Supported-Study-Procedures-2023-24-Final.pdf' html='' success=False cleaned_html=None media={} links={} downloaded_files=None screenshot=None pdf=None markdown=None markdown_v2=None fit_markdown=None fit_html=None extracted_content=None metadata=None error_message='Unexpected error in _crawl_web at line 1205 in _crawl_web (../../.pyenv/versions/3.12.6/lib/python3.12/site-packages/crawl4ai/async_crawler_strategy.py):\nError: Failed on navigating ACS-GOTO:\nPage.goto: net::ERR_FAILED at https://www.bolton.ac.uk/assets/Student-Policy-Zone-2023-24/Health-Wellbeing-and-Supported-Study-Procedures-2023-24-Final.pdf\nCall log:\n  - navigating to "https://www.bolton.ac.uk/assets/Student-Policy-Zone-2023-24/Health-Wellbeing-and-Supported-Study-Procedures-2023-24-Final.pdf", waiting until "domcontentloaded"\n\n\nCode context:\n1200   \n1201                       response = await page.goto(\n1202                           url, wait_until=config.wait_until, timeout=config.page_timeout\n1203                       )\n1204                   except Error as e:\n1205 →                     raise RuntimeError(f"Failed on navigating ACS-GOTO:\\n{str(e)}")\n1206   \n1207                   await self.execute_hook("after_goto", page, context=context, url=url, response=response)\n1208   \n1209                   if response is None:\n1210                       status_code = 200' session_id=None response_headers=None status_code=None ssl_certificate=None


Failed to crawl: https://www.bolton.ac.uk/assets/Academic-Appeals-Regulations-and-Procedures-2023-24-Approved-by-Senate-June-2023.pdf
Result: url='https://www.bolton.ac.uk/assets/Academic-Appeals-Regulations-and-Procedures-2023-24-Approved-by-Senate-June-2023.pdf' html='' success=False cleaned_html=None media={} links={} downloaded_files=None screenshot=None pdf=None markdown=None markdown_v2=None fit_markdown=None fit_html=None extracted_content=None metadata=None error_message='Unexpected error in _crawl_web at line 1205 in _crawl_web (../../.pyenv/versions/3.12.6/lib/python3.12/site-packages/crawl4ai/async_crawler_strategy.py):\nError: Failed on navigating ACS-GOTO:\nPage.goto: net::ERR_FAILED at https://www.bolton.ac.uk/assets/Academic-Appeals-Regulations-and-Procedures-2023-24-Approved-by-Senate-June-2023.pdf\nCall log:\n  - navigating to "https://www.bolton.ac.uk/assets/Academic-Appeals-Regulations-and-Procedures-2023-24-Approved-by-Senate-June-2023.pdf", waiting until "domcontentloaded"\n\n\nCode context:\n1200   \n1201                       response = await page.goto(\n1202                           url, wait_until=config.wait_until, timeout=config.page_timeout\n1203                       )\n1204                   except Error as e:\n1205 →                     raise RuntimeError(f"Failed on navigating ACS-GOTO:\\n{str(e)}")\n1206   \n1207                   await self.execute_hook("after_goto", page, context=context, url=url, response=response)\n1208   \n1209                   if response is None:\n1210                       status_code = 200' session_id=None response_headers=None status_code=None ssl_certificate=None


Failed to crawl: https://www.bolton.ac.uk/assets/Academic-Misconduct-Regulations-and-Procedures-2023-24-June-2023.pdf
Result: url='https://www.bolton.ac.uk/assets/Academic-Misconduct-Regulations-and-Procedures-2023-24-June-2023.pdf' html='' success=False cleaned_html=None media={} links={} downloaded_files=None screenshot=None pdf=None markdown=None markdown_v2=None fit_markdown=None fit_html=None extracted_content=None metadata=None error_message='Unexpected error in _crawl_web at line 1205 in _crawl_web (../../.pyenv/versions/3.12.6/lib/python3.12/site-packages/crawl4ai/async_crawler_strategy.py):\nError: Failed on navigating ACS-GOTO:\nPage.goto: net::ERR_FAILED at https://www.bolton.ac.uk/assets/Academic-Misconduct-Regulations-and-Procedures-2023-24-June-2023.pdf\nCall log:\n  - navigating to "https://www.bolton.ac.uk/assets/Academic-Misconduct-Regulations-and-Procedures-2023-24-June-2023.pdf", waiting until "domcontentloaded"\n\n\nCode context:\n1200   \n1201                       response = await page.goto(\n1202                           url, wait_until=config.wait_until, timeout=config.page_timeout\n1203                       )\n1204                   except Error as e:\n1205 →                     raise RuntimeError(f"Failed on navigating ACS-GOTO:\\n{str(e)}")\n1206   \n1207                   await self.execute_hook("after_goto", page, context=context, url=url, response=response)\n1208   \n1209                   if response is None:\n1210                       status_code = 200' session_id=None response_headers=None status_code=None ssl_certificate=None


Failed to crawl: https://www.bolton.ac.uk/assets/Student-Policy-Zone-2023-24/MItigating-Circumstances-Regulations-and-Procedures-2023-24.pdf
Result: url='https://www.bolton.ac.uk/assets/Student-Policy-Zone-2023-24/MItigating-Circumstances-Regulations-and-Procedures-2023-24.pdf' html='' success=False cleaned_html=None media={} links={} downloaded_files=None screenshot=None pdf=None markdown=None markdown_v2=None fit_markdown=None fit_html=None extracted_content=None metadata=None error_message='Unexpected error in _crawl_web at line 1205 in _crawl_web (../../.pyenv/versions/3.12.6/lib/python3.12/site-packages/crawl4ai/async_crawler_strategy.py):\nError: Failed on navigating ACS-GOTO:\nPage.goto: net::ERR_FAILED at https://www.bolton.ac.uk/assets/Student-Policy-Zone-2023-24/MItigating-Circumstances-Regulations-and-Procedures-2023-24.pdf\nCall log:\n  - navigating to "https://www.bolton.ac.uk/assets/Student-Policy-Zone-2023-24/MItigating-Circumstances-Regulations-and-Procedures-2023-24.pdf", waiting until "domcontentloaded"\n\n\nCode context:\n1200   \n1201                       response = await page.goto(\n1202                           url, wait_until=config.wait_until, timeout=config.page_timeout\n1203                       )\n1204                   except Error as e:\n1205 →                     raise RuntimeError(f"Failed on navigating ACS-GOTO:\\n{str(e)}")\n1206   \n1207                   await self.execute_hook("after_goto", page, context=context, url=url, response=response)\n1208   \n1209                   if response is None:\n1210                       status_code = 200' session_id=None response_headers=None status_code=None ssl_certificate=None


Failed to crawl: https://www.bolton.ac.uk/assets/Student-Policy-Zone-2023-24/Regulations-and-Policy-for-the-Recognition-of-Prior-Learning-2023-24.pdf
Result: url='https://www.bolton.ac.uk/assets/Student-Policy-Zone-2023-24/Regulations-and-Policy-for-the-Recognition-of-Prior-Learning-2023-24.pdf' html='' success=False cleaned_html=None media={} links={} downloaded_files=None screenshot=None pdf=None markdown=None markdown_v2=None fit_markdown=None fit_html=None extracted_content=None metadata=None error_message='Unexpected error in _crawl_web at line 1205 in _crawl_web (../../.pyenv/versions/3.12.6/lib/python3.12/site-packages/crawl4ai/async_crawler_strategy.py):\nError: Failed on navigating ACS-GOTO:\nPage.goto: net::ERR_FAILED at https://www.bolton.ac.uk/assets/Student-Policy-Zone-2023-24/Regulations-and-Policy-for-the-Recognition-of-Prior-Learning-2023-24.pdf\nCall log:\n  - navigating to "https://www.bolton.ac.uk/assets/Student-Policy-Zone-2023-24/Regulations-and-Policy-for-the-Recognition-of-Prior-Learning-2023-24.pdf", waiting until "domcontentloaded"\n\n\nCode context:\n1200   \n1201                       response = await page.goto(\n1202                           url, wait_until=config.wait_until, timeout=config.page_timeout\n1203                       )\n1204                   except Error as e:\n1205 →                     raise RuntimeError(f"Failed on navigating ACS-GOTO:\\n{str(e)}")\n1206   \n1207                   await self.execute_hook("after_goto", page, context=context, url=url, response=response)\n1208   \n1209                   if response is None:\n1210                       status_code = 200' session_id=None response_headers=None status_code=None ssl_certificate=None


Failed to crawl: https://www.bolton.ac.uk/assets/Apprentice-and-Employer-Complaint-Policy-and-Procedure-December-2021-APPROVED-V2-v2.pdf
Result: url='https://www.bolton.ac.uk/assets/Apprentice-and-Employer-Complaint-Policy-and-Procedure-December-2021-APPROVED-V2-v2.pdf' html='' success=False cleaned_html=None media={} links={} downloaded_files=None screenshot=None pdf=None markdown=None markdown_v2=None fit_markdown=None fit_html=None extracted_content=None metadata=None error_message='Unexpected error in _crawl_web at line 1205 in _crawl_web (../../.pyenv/versions/3.12.6/lib/python3.12/site-packages/crawl4ai/async_crawler_strategy.py):\nError: Failed on navigating ACS-GOTO:\nPage.goto: net::ERR_FAILED at https://www.bolton.ac.uk/assets/Apprentice-and-Employer-Complaint-Policy-and-Procedure-December-2021-APPROVED-V2-v2.pdf\nCall log:\n  - navigating to "https://www.bolton.ac.uk/assets/Apprentice-and-Employer-Complaint-Policy-and-Procedure-December-2021-APPROVED-V2-v2.pdf", waiting until "domcontentloaded"\n\n\nCode context:\n1200   \n1201                       response = await page.goto(\n1202                           url, wait_until=config.wait_until, timeout=config.page_timeout\n1203                       )\n1204                   except Error as e:\n1205 →                     raise RuntimeError(f"Failed on navigating ACS-GOTO:\\n{str(e)}")\n1206   \n1207                   await self.execute_hook("after_goto", page, context=context, url=url, response=response)\n1208   \n1209                   if response is None:\n1210                       status_code = 200' session_id=None response_headers=None status_code=None ssl_certificate=None


Failed to crawl: https://www.bolton.ac.uk/assets/Apprentice-and-Employer-Complaint-Policy-and-Procedure-December-2021-APPROVED-V2-v4.pdf
Result: url='https://www.bolton.ac.uk/assets/Apprentice-and-Employer-Complaint-Policy-and-Procedure-December-2021-APPROVED-V2-v4.pdf' html='' success=False cleaned_html=None media={} links={} downloaded_files=None screenshot=None pdf=None markdown=None markdown_v2=None fit_markdown=None fit_html=None extracted_content=None metadata=None error_message='Unexpected error in _crawl_web at line 1205 in _crawl_web (../../.pyenv/versions/3.12.6/lib/python3.12/site-packages/crawl4ai/async_crawler_strategy.py):\nError: Failed on navigating ACS-GOTO:\nPage.goto: net::ERR_FAILED at https://www.bolton.ac.uk/assets/Apprentice-and-Employer-Complaint-Policy-and-Procedure-December-2021-APPROVED-V2-v4.pdf\nCall log:\n  - navigating to "https://www.bolton.ac.uk/assets/Apprentice-and-Employer-Complaint-Policy-and-Procedure-December-2021-APPROVED-V2-v4.pdf", waiting until "domcontentloaded"\n\n\nCode context:\n1200   \n1201                       response = await page.goto(\n1202                           url, wait_until=config.wait_until, timeout=config.page_timeout\n1203                       )\n1204                   except Error as e:\n1205 →                     raise RuntimeError(f"Failed on navigating ACS-GOTO:\\n{str(e)}")\n1206   \n1207                   await self.execute_hook("after_goto", page, context=context, url=url, response=response)\n1208   \n1209                   if response is None:\n1210                       status_code = 200' session_id=None response_headers=None status_code=None ssl_certificate=None


Failed to crawl: https://www.bolton.ac.uk/assets/Student-Complaints-Procedure-2022-23-Approved-Senate-170122-v4.pdf
Result: url='https://www.bolton.ac.uk/assets/Student-Complaints-Procedure-2022-23-Approved-Senate-170122-v4.pdf' html='' success=False cleaned_html=None media={} links={} downloaded_files=None screenshot=None pdf=None markdown=None markdown_v2=None fit_markdown=None fit_html=None extracted_content=None metadata=None error_message='Unexpected error in _crawl_web at line 1205 in _crawl_web (../../.pyenv/versions/3.12.6/lib/python3.12/site-packages/crawl4ai/async_crawler_strategy.py):\nError: Failed on navigating ACS-GOTO:\nPage.goto: net::ERR_FAILED at https://www.bolton.ac.uk/assets/Student-Complaints-Procedure-2022-23-Approved-Senate-170122-v4.pdf\nCall log:\n  - navigating to "https://www.bolton.ac.uk/assets/Student-Complaints-Procedure-2022-23-Approved-Senate-170122-v4.pdf", waiting until "domcontentloaded"\n\n\nCode context:\n1200   \n1201                       response = await page.goto(\n1202                           url, wait_until=config.wait_until, timeout=config.page_timeout\n1203                       )\n1204                   except Error as e:\n1205 →                     raise RuntimeError(f"Failed on navigating ACS-GOTO:\\n{str(e)}")\n1206   \n1207                   await self.execute_hook("after_goto", page, context=context, url=url, response=response)\n1208   \n1209                   if response is None:\n1210                       status_code = 200' session_id=None response_headers=None status_code=None ssl_certificate=None


Failed to crawl: https://www.bolton.ac.uk/assets/Stage-2-Complaints-Guidance-for-Investigating-Officers.pdf
Result: url='https://www.bolton.ac.uk/assets/Stage-2-Complaints-Guidance-for-Investigating-Officers.pdf' html='' success=False cleaned_html=None media={} links={} downloaded_files=None screenshot=None pdf=None markdown=None markdown_v2=None fit_markdown=None fit_html=None extracted_content=None metadata=None error_message='Unexpected error in _crawl_web at line 1205 in _crawl_web (../../.pyenv/versions/3.12.6/lib/python3.12/site-packages/crawl4ai/async_crawler_strategy.py):\nError: Failed on navigating ACS-GOTO:\nPage.goto: net::ERR_FAILED at https://www.bolton.ac.uk/assets/Stage-2-Complaints-Guidance-for-Investigating-Officers.pdf\nCall log:\n  - navigating to "https://www.bolton.ac.uk/assets/Stage-2-Complaints-Guidance-for-Investigating-Officers.pdf", waiting until "domcontentloaded"\n\n\nCode context:\n1200   \n1201                       response = await page.goto(\n1202                           url, wait_until=config.wait_until, timeout=config.page_timeout\n1203                       )\n1204                   except Error as e:\n1205 →                     raise RuntimeError(f"Failed on navigating ACS-GOTO:\\n{str(e)}")\n1206   \n1207                   await self.execute_hook("after_goto", page, context=context, url=url, response=response)\n1208   \n1209                   if response is None:\n1210                       status_code = 200' session_id=None response_headers=None status_code=None ssl_certificate=None


Failed to crawl: https://www.bolton.ac.uk/assets/Academic-Appeals-Regulations-and-Procedures-2022-23.pdf
Result: url='https://www.bolton.ac.uk/assets/Academic-Appeals-Regulations-and-Procedures-2022-23.pdf' html='' success=False cleaned_html=None media={} links={} downloaded_files=None screenshot=None pdf=None markdown=None markdown_v2=None fit_markdown=None fit_html=None extracted_content=None metadata=None error_message='Unexpected error in _crawl_web at line 1205 in _crawl_web (../../.pyenv/versions/3.12.6/lib/python3.12/site-packages/crawl4ai/async_crawler_strategy.py):\nError: Failed on navigating ACS-GOTO:\nPage.goto: net::ERR_FAILED at https://www.bolton.ac.uk/assets/Academic-Appeals-Regulations-and-Procedures-2022-23.pdf\nCall log:\n  - navigating to "https://www.bolton.ac.uk/assets/Academic-Appeals-Regulations-and-Procedures-2022-23.pdf", waiting until "domcontentloaded"\n\n\nCode context:\n1200   \n1201                       response = await page.goto(\n1202                           url, wait_until=config.wait_until, timeout=config.page_timeout\n1203                       )\n1204                   except Error as e:\n1205 →                     raise RuntimeError(f"Failed on navigating ACS-GOTO:\\n{str(e)}")\n1206   \n1207                   await self.execute_hook("after_goto", page, context=context, url=url, response=response)\n1208   \n1209                   if response is None:\n1210                       status_code = 200' session_id=None response_headers=None status_code=None ssl_certificate=None


Failed to crawl: https://www.bolton.ac.uk/assets/Academic-Misconduct-Regulations-and-Procedures-2022-23-Final-Jan-2023-v2.pdf
Result: url='https://www.bolton.ac.uk/assets/Academic-Misconduct-Regulations-and-Procedures-2022-23-Final-Jan-2023-v2.pdf' html='' success=False cleaned_html=None media={} links={} downloaded_files=None screenshot=None pdf=None markdown=None markdown_v2=None fit_markdown=None fit_html=None extracted_content=None metadata=None error_message='Unexpected error in _crawl_web at line 1205 in _crawl_web (../../.pyenv/versions/3.12.6/lib/python3.12/site-packages/crawl4ai/async_crawler_strategy.py):\nError: Failed on navigating ACS-GOTO:\nPage.goto: net::ERR_FAILED at https://www.bolton.ac.uk/assets/Academic-Misconduct-Regulations-and-Procedures-2022-23-Final-Jan-2023-v2.pdf\nCall log:\n  - navigating to "https://www.bolton.ac.uk/assets/Academic-Misconduct-Regulations-and-Procedures-2022-23-Final-Jan-2023-v2.pdf", waiting until "domcontentloaded"\n\n\nCode context:\n1200   \n1201                       response = await page.goto(\n1202                           url, wait_until=config.wait_until, timeout=config.page_timeout\n1203                       )\n1204                   except Error as e:\n1205 →                     raise RuntimeError(f"Failed on navigating ACS-GOTO:\\n{str(e)}")\n1206   \n1207                   await self.execute_hook("after_goto", page, context=context, url=url, response=response)\n1208   \n1209                   if response is None:\n1210                       status_code = 200' session_id=None response_headers=None status_code=None ssl_certificate=None


Failed to crawl: https://www.bolton.ac.uk/assets/Academic-Misconduct-Regulations-and-Procedures-2022-23-Final-v2.pdf
Result: url='https://www.bolton.ac.uk/assets/Academic-Misconduct-Regulations-and-Procedures-2022-23-Final-v2.pdf' html='' success=False cleaned_html=None media={} links={} downloaded_files=None screenshot=None pdf=None markdown=None markdown_v2=None fit_markdown=None fit_html=None extracted_content=None metadata=None error_message='Unexpected error in _crawl_web at line 1205 in _crawl_web (../../.pyenv/versions/3.12.6/lib/python3.12/site-packages/crawl4ai/async_crawler_strategy.py):\nError: Failed on navigating ACS-GOTO:\nPage.goto: net::ERR_FAILED at https://www.bolton.ac.uk/assets/Academic-Misconduct-Regulations-and-Procedures-2022-23-Final-v2.pdf\nCall log:\n  - navigating to "https://www.bolton.ac.uk/assets/Academic-Misconduct-Regulations-and-Procedures-2022-23-Final-v2.pdf", waiting until "domcontentloaded"\n\n\nCode context:\n1200   \n1201                       response = await page.goto(\n1202                           url, wait_until=config.wait_until, timeout=config.page_timeout\n1203                       )\n1204                   except Error as e:\n1205 →                     raise RuntimeError(f"Failed on navigating ACS-GOTO:\\n{str(e)}")\n1206   \n1207                   await self.execute_hook("after_goto", page, context=context, url=url, response=response)\n1208   \n1209                   if response is None:\n1210                       status_code = 200' session_id=None response_headers=None status_code=None ssl_certificate=None


Failed to crawl: https://www.bolton.ac.uk/assets/Student-Policy-Zone-2022-23/Academic-Regulations-and-Procedures/Code-of-Practice-for-Work-Based-and-Placement-Learning-2022-23.pdf
Result: url='https://www.bolton.ac.uk/assets/Student-Policy-Zone-2022-23/Academic-Regulations-and-Procedures/Code-of-Practice-for-Work-Based-and-Placement-Learning-2022-23.pdf' html='' success=False cleaned_html=None media={} links={} downloaded_files=None screenshot=None pdf=None markdown=None markdown_v2=None fit_markdown=None fit_html=None extracted_content=None metadata=None error_message='Unexpected error in _crawl_web at line 1205 in _crawl_web (../../.pyenv/versions/3.12.6/lib/python3.12/site-packages/crawl4ai/async_crawler_strategy.py):\nError: Failed on navigating ACS-GOTO:\nPage.goto: net::ERR_FAILED at https://www.bolton.ac.uk/assets/Student-Policy-Zone-2022-23/Academic-Regulations-and-Procedures/Code-of-Practice-for-Work-Based-and-Placement-Learning-2022-23.pdf\nCall log:\n  - navigating to "https://www.bolton.ac.uk/assets/Student-Policy-Zone-2022-23/Academic-Regulations-and-Procedures/Code-of-Practice-for-Work-Based-and-Placement-Learning-2022-23.pdf", waiting until "domcontentloaded"\n\n\nCode context:\n1200   \n1201                       response = await page.goto(\n1202                           url, wait_until=config.wait_until, timeout=config.page_timeout\n1203                       )\n1204                   except Error as e:\n1205 →                     raise RuntimeError(f"Failed on navigating ACS-GOTO:\\n{str(e)}")\n1206   \n1207                   await self.execute_hook("after_goto", page, context=context, url=url, response=response)\n1208   \n1209                   if response is None:\n1210                       status_code = 200' session_id=None response_headers=None status_code=None ssl_certificate=None


Failed to crawl: https://www.bolton.ac.uk/assets/Uploads/MItigating-Circumstances-Regulations-and-Procedures-2022-23-v2.pdf
Result: url='https://www.bolton.ac.uk/assets/Uploads/MItigating-Circumstances-Regulations-and-Procedures-2022-23-v2.pdf' html='' success=False cleaned_html=None media={} links={} downloaded_files=None screenshot=None pdf=None markdown=None markdown_v2=None fit_markdown=None fit_html=None extracted_content=None metadata=None error_message='Unexpected error in _crawl_web at line 1205 in _crawl_web (../../.pyenv/versions/3.12.6/lib/python3.12/site-packages/crawl4ai/async_crawler_strategy.py):\nError: Failed on navigating ACS-GOTO:\nPage.goto: net::ERR_FAILED at https://www.bolton.ac.uk/assets/Uploads/MItigating-Circumstances-Regulations-and-Procedures-2022-23-v2.pdf\nCall log:\n  - navigating to "https://www.bolton.ac.uk/assets/Uploads/MItigating-Circumstances-Regulations-and-Procedures-2022-23-v2.pdf", waiting until "domcontentloaded"\n\n\nCode context:\n1200   \n1201                       response = await page.goto(\n1202                           url, wait_until=config.wait_until, timeout=config.page_timeout\n1203                       )\n1204                   except Error as e:\n1205 →                     raise RuntimeError(f"Failed on navigating ACS-GOTO:\\n{str(e)}")\n1206   \n1207                   await self.execute_hook("after_goto", page, context=context, url=url, response=response)\n1208   \n1209                   if response is None:\n1210                       status_code = 200' session_id=None response_headers=None status_code=None ssl_certificate=None


Failed to crawl: https://www.bolton.ac.uk/assets/Regulations-and-Policy-for-the-Recognition-of-Prior-Learning-2022-23.pdf
Result: url='https://www.bolton.ac.uk/assets/Regulations-and-Policy-for-the-Recognition-of-Prior-Learning-2022-23.pdf' html='' success=False cleaned_html=None media={} links={} downloaded_files=None screenshot=None pdf=None markdown=None markdown_v2=None fit_markdown=None fit_html=None extracted_content=None metadata=None error_message='Unexpected error in _crawl_web at line 1205 in _crawl_web (../../.pyenv/versions/3.12.6/lib/python3.12/site-packages/crawl4ai/async_crawler_strategy.py):\nError: Failed on navigating ACS-GOTO:\nPage.goto: net::ERR_FAILED at https://www.bolton.ac.uk/assets/Regulations-and-Policy-for-the-Recognition-of-Prior-Learning-2022-23.pdf\nCall log:\n  - navigating to "https://www.bolton.ac.uk/assets/Regulations-and-Policy-for-the-Recognition-of-Prior-Learning-2022-23.pdf", waiting until "domcontentloaded"\n\n\nCode context:\n1200   \n1201                       response = await page.goto(\n1202                           url, wait_until=config.wait_until, timeout=config.page_timeout\n1203                       )\n1204                   except Error as e:\n1205 →                     raise RuntimeError(f"Failed on navigating ACS-GOTO:\\n{str(e)}")\n1206   \n1207                   await self.execute_hook("after_goto", page, context=context, url=url, response=response)\n1208   \n1209                   if response is None:\n1210                       status_code = 200' session_id=None response_headers=None status_code=None ssl_certificate=None


Failed to crawl: https://www.bolton.ac.uk/assets/Hosted/APP-Impact-Report-2019-20_10006841.pdf
Result: url='https://www.bolton.ac.uk/assets/Hosted/APP-Impact-Report-2019-20_10006841.pdf' html='' success=False cleaned_html=None media={} links={} downloaded_files=None screenshot=None pdf=None markdown=None markdown_v2=None fit_markdown=None fit_html=None extracted_content=None metadata=None error_message='Unexpected error in _crawl_web at line 1205 in _crawl_web (../../.pyenv/versions/3.12.6/lib/python3.12/site-packages/crawl4ai/async_crawler_strategy.py):\nError: Failed on navigating ACS-GOTO:\nPage.goto: net::ERR_FAILED at https://www.bolton.ac.uk/assets/Hosted/APP-Impact-Report-2019-20_10006841.pdf\nCall log:\n  - navigating to "https://www.bolton.ac.uk/assets/Hosted/APP-Impact-Report-2019-20_10006841.pdf", waiting until "domcontentloaded"\n\n\nCode context:\n1200   \n1201                       response = await page.goto(\n1202                           url, wait_until=config.wait_until, timeout=config.page_timeout\n1203                       )\n1204                   except Error as e:\n1205 →                     raise RuntimeError(f"Failed on navigating ACS-GOTO:\\n{str(e)}")\n1206   \n1207                   await self.execute_hook("after_goto", page, context=context, url=url, response=response)\n1208   \n1209                   if response is None:\n1210                       status_code = 200' session_id=None response_headers=None status_code=None ssl_certificate=None


Failed to crawl: https://www.bolton.ac.uk/assets/Downloadable-Files/Documents-for-Reference/Access-and-participation-19-20-uob.pdf
Result: url='https://www.bolton.ac.uk/assets/Downloadable-Files/Documents-for-Reference/Access-and-participation-19-20-uob.pdf' html='' success=False cleaned_html=None media={} links={} downloaded_files=None screenshot=None pdf=None markdown=None markdown_v2=None fit_markdown=None fit_html=None extracted_content=None metadata=None error_message='Unexpected error in _crawl_web at line 1205 in _crawl_web (../../.pyenv/versions/3.12.6/lib/python3.12/site-packages/crawl4ai/async_crawler_strategy.py):\nError: Failed on navigating ACS-GOTO:\nPage.goto: net::ERR_FAILED at https://www.bolton.ac.uk/assets/Downloadable-Files/Documents-for-Reference/Access-and-participation-19-20-uob.pdf\nCall log:\n  - navigating to "https://www.bolton.ac.uk/assets/Downloadable-Files/Documents-for-Reference/Access-and-participation-19-20-uob.pdf", waiting until "domcontentloaded"\n\n\nCode context:\n1200   \n1201                       response = await page.goto(\n1202                           url, wait_until=config.wait_until, timeout=config.page_timeout\n1203                       )\n1204                   except Error as e:\n1205 →                     raise RuntimeError(f"Failed on navigating ACS-GOTO:\\n{str(e)}")\n1206   \n1207                   await self.execute_hook("after_goto", page, context=context, url=url, response=response)\n1208   \n1209                   if response is None:\n1210                       status_code = 200' session_id=None response_headers=None status_code=None ssl_certificate=None


Failed to crawl: https://www.bolton.ac.uk/assets/Uploads/A-Best-Practice-Guide-to-Curriculum-Design-2022.pdf
Result: url='https://www.bolton.ac.uk/assets/Uploads/A-Best-Practice-Guide-to-Curriculum-Design-2022.pdf' html='' success=False cleaned_html=None media={} links={} downloaded_files=None screenshot=None pdf=None markdown=None markdown_v2=None fit_markdown=None fit_html=None extracted_content=None metadata=None error_message='Unexpected error in _crawl_web at line 1205 in _crawl_web (../../.pyenv/versions/3.12.6/lib/python3.12/site-packages/crawl4ai/async_crawler_strategy.py):\nError: Failed on navigating ACS-GOTO:\nPage.goto: net::ERR_FAILED at https://www.bolton.ac.uk/assets/Uploads/A-Best-Practice-Guide-to-Curriculum-Design-2022.pdf\nCall log:\n  - navigating to "https://www.bolton.ac.uk/assets/Uploads/A-Best-Practice-Guide-to-Curriculum-Design-2022.pdf", waiting until "domcontentloaded"\n\n\nCode context:\n1200   \n1201                       response = await page.goto(\n1202                           url, wait_until=config.wait_until, timeout=config.page_timeout\n1203                       )\n1204                   except Error as e:\n1205 →                     raise RuntimeError(f"Failed on navigating ACS-GOTO:\\n{str(e)}")\n1206   \n1207                   await self.execute_hook("after_goto", page, context=context, url=url, response=response)\n1208   \n1209                   if response is None:\n1210                       status_code = 200' session_id=None response_headers=None status_code=None ssl_certificate=None


Failed to crawl: https://www.bolton.ac.uk/assets/Uploads/Guidlines-for-Preparing-a-Programme-Specification-2022.pdf
Result: url='https://www.bolton.ac.uk/assets/Uploads/Guidlines-for-Preparing-a-Programme-Specification-2022.pdf' html='' success=False cleaned_html=None media={} links={} downloaded_files=None screenshot=None pdf=None markdown=None markdown_v2=None fit_markdown=None fit_html=None extracted_content=None metadata=None error_message='Unexpected error in _crawl_web at line 1205 in _crawl_web (../../.pyenv/versions/3.12.6/lib/python3.12/site-packages/crawl4ai/async_crawler_strategy.py):\nError: Failed on navigating ACS-GOTO:\nPage.goto: net::ERR_FAILED at https://www.bolton.ac.uk/assets/Uploads/Guidlines-for-Preparing-a-Programme-Specification-2022.pdf\nCall log:\n  - navigating to "https://www.bolton.ac.uk/assets/Uploads/Guidlines-for-Preparing-a-Programme-Specification-2022.pdf", waiting until "domcontentloaded"\n\n\nCode context:\n1200   \n1201                       response = await page.goto(\n1202                           url, wait_until=config.wait_until, timeout=config.page_timeout\n1203                       )\n1204                   except Error as e:\n1205 →                     raise RuntimeError(f"Failed on navigating ACS-GOTO:\\n{str(e)}")\n1206   \n1207                   await self.execute_hook("after_goto", page, context=context, url=url, response=response)\n1208   \n1209                   if response is None:\n1210                       status_code = 200' session_id=None response_headers=None status_code=None ssl_certificate=None


Failed to crawl: https://www.bolton.ac.uk/assets/Uploads/Guidelines-for-Preparing-a-Module-Specification-2022.pdf
Result: url='https://www.bolton.ac.uk/assets/Uploads/Guidelines-for-Preparing-a-Module-Specification-2022.pdf' html='' success=False cleaned_html=None media={} links={} downloaded_files=None screenshot=None pdf=None markdown=None markdown_v2=None fit_markdown=None fit_html=None extracted_content=None metadata=None error_message='Unexpected error in _crawl_web at line 1205 in _crawl_web (../../.pyenv/versions/3.12.6/lib/python3.12/site-packages/crawl4ai/async_crawler_strategy.py):\nError: Failed on navigating ACS-GOTO:\nPage.goto: net::ERR_FAILED at https://www.bolton.ac.uk/assets/Uploads/Guidelines-for-Preparing-a-Module-Specification-2022.pdf\nCall log:\n  - navigating to "https://www.bolton.ac.uk/assets/Uploads/Guidelines-for-Preparing-a-Module-Specification-2022.pdf", waiting until "domcontentloaded"\n\n\nCode context:\n1200   \n1201                       response = await page.goto(\n1202                           url, wait_until=config.wait_until, timeout=config.page_timeout\n1203                       )\n1204                   except Error as e:\n1205 →                     raise RuntimeError(f"Failed on navigating ACS-GOTO:\\n{str(e)}")\n1206   \n1207                   await self.execute_hook("after_goto", page, context=context, url=url, response=response)\n1208   \n1209                   if response is None:\n1210                       status_code = 200' session_id=None response_headers=None status_code=None ssl_certificate=None


Failed to crawl: https://www.bolton.ac.uk/assets/Uploads/Financial-Statements-2015-16-Board-101116.pdf
Result: url='https://www.bolton.ac.uk/assets/Uploads/Financial-Statements-2015-16-Board-101116.pdf' html='' success=False cleaned_html=None media={} links={} downloaded_files=None screenshot=None pdf=None markdown=None markdown_v2=None fit_markdown=None fit_html=None extracted_content=None metadata=None error_message='Unexpected error in _crawl_web at line 1205 in _crawl_web (../../.pyenv/versions/3.12.6/lib/python3.12/site-packages/crawl4ai/async_crawler_strategy.py):\nError: Failed on navigating ACS-GOTO:\nPage.goto: net::ERR_FAILED at https://www.bolton.ac.uk/assets/Uploads/Financial-Statements-2015-16-Board-101116.pdf\nCall log:\n  - navigating to "https://www.bolton.ac.uk/assets/Uploads/Financial-Statements-2015-16-Board-101116.pdf", waiting until "domcontentloaded"\n\n\nCode context:\n1200   \n1201                       response = await page.goto(\n1202                           url, wait_until=config.wait_until, timeout=config.page_timeout\n1203                       )\n1204                   except Error as e:\n1205 →                     raise RuntimeError(f"Failed on navigating ACS-GOTO:\\n{str(e)}")\n1206   \n1207                   await self.execute_hook("after_goto", page, context=context, url=url, response=response)\n1208   \n1209                   if response is None:\n1210                       status_code = 200' session_id=None response_headers=None status_code=None ssl_certificate=None


Failed to crawl: https://www.bolton.ac.uk/assets/Student-Policy-Zone-2022-23/Student-Services/Safeguarding-Policy-and-Procedure-v-4-2022-23.pdf
Result: url='https://www.bolton.ac.uk/assets/Student-Policy-Zone-2022-23/Student-Services/Safeguarding-Policy-and-Procedure-v-4-2022-23.pdf' html='' success=False cleaned_html=None media={} links={} downloaded_files=None screenshot=None pdf=None markdown=None markdown_v2=None fit_markdown=None fit_html=None extracted_content=None metadata=None error_message='Unexpected error in _crawl_web at line 1205 in _crawl_web (../../.pyenv/versions/3.12.6/lib/python3.12/site-packages/crawl4ai/async_crawler_strategy.py):\nError: Failed on navigating ACS-GOTO:\nPage.goto: net::ERR_FAILED at https://www.bolton.ac.uk/assets/Student-Policy-Zone-2022-23/Student-Services/Safeguarding-Policy-and-Procedure-v-4-2022-23.pdf\nCall log:\n  - navigating to "https://www.bolton.ac.uk/assets/Student-Policy-Zone-2022-23/Student-Services/Safeguarding-Policy-and-Procedure-v-4-2022-23.pdf", waiting until "domcontentloaded"\n\n\nCode context:\n1200   \n1201                       response = await page.goto(\n1202                           url, wait_until=config.wait_until, timeout=config.page_timeout\n1203                       )\n1204                   except Error as e:\n1205 →                     raise RuntimeError(f"Failed on navigating ACS-GOTO:\\n{str(e)}")\n1206   \n1207                   await self.execute_hook("after_goto", page, context=context, url=url, response=response)\n1208   \n1209                   if response is None:\n1210                       status_code = 200' session_id=None response_headers=None status_code=None ssl_certificate=None


Failed to crawl: https://www.bolton.ac.uk/blogs/explore-art-and-design-with-the-experts
Result: url='https://www.bolton.ac.uk/blogs/explore-art-and-design-with-the-experts' html='' success=False cleaned_html=None media={} links={} downloaded_files=None screenshot=None pdf=None markdown=None markdown_v2=None fit_markdown=None fit_html=None extracted_content=None metadata=None error_message='Unexpected error in _crawl_web at line 1205 in _crawl_web (../../.pyenv/versions/3.12.6/lib/python3.12/site-packages/crawl4ai/async_crawler_strategy.py):\nError: Failed on navigating ACS-GOTO:\nPage.goto: Timeout 10000ms exceeded.\nCall log:\n  - navigating to "https://www.bolton.ac.uk/blogs/explore-art-and-design-with-the-experts", waiting until "domcontentloaded"\n\n\nCode context:\n1200   \n1201                       response = await page.goto(\n1202                           url, wait_until=config.wait_until, timeout=config.page_timeout\n1203                       )\n1204                   except Error as e:\n1205 →                     raise RuntimeError(f"Failed on navigating ACS-GOTO:\\n{str(e)}")\n1206   \n1207                   await self.execute_hook("after_goto", page, context=context, url=url, response=response)\n1208   \n1209                   if response is None:\n1210                       status_code = 200' session_id=None response_headers=None status_code=None ssl_certificate=None


Failed to crawl: https://www.bolton.ac.uk/news/bolton-honorary-doctorate-celebrates-queens-award
Result: url='https://www.bolton.ac.uk/news/bolton-honorary-doctorate-celebrates-queens-award' html='' success=False cleaned_html=None media={} links={} downloaded_files=None screenshot=None pdf=None markdown=None markdown_v2=None fit_markdown=None fit_html=None extracted_content=None metadata=None error_message='Unexpected error in _crawl_web at line 1205 in _crawl_web (../../.pyenv/versions/3.12.6/lib/python3.12/site-packages/crawl4ai/async_crawler_strategy.py):\nError: Failed on navigating ACS-GOTO:\nPage.goto: Timeout 10000ms exceeded.\nCall log:\n  - navigating to "https://www.bolton.ac.uk/news/bolton-honorary-doctorate-celebrates-queens-award", waiting until "domcontentloaded"\n\n\nCode context:\n1200   \n1201                       response = await page.goto(\n1202                           url, wait_until=config.wait_until, timeout=config.page_timeout\n1203                       )\n1204                   except Error as e:\n1205 →                     raise RuntimeError(f"Failed on navigating ACS-GOTO:\\n{str(e)}")\n1206   \n1207                   await self.execute_hook("after_goto", page, context=context, url=url, response=response)\n1208   \n1209                   if response is None:\n1210                       status_code = 200' session_id=None response_headers=None status_code=None ssl_certificate=None


Failed to crawl: https://www.bolton.ac.uk/assets/Uploads/Medical-evidence-guidance-1.pdf
Result: url='https://www.bolton.ac.uk/assets/Uploads/Medical-evidence-guidance-1.pdf' html='' success=False cleaned_html=None media={} links={} downloaded_files=None screenshot=None pdf=None markdown=None markdown_v2=None fit_markdown=None fit_html=None extracted_content=None metadata=None error_message='Unexpected error in _crawl_web at line 1205 in _crawl_web (../../.pyenv/versions/3.12.6/lib/python3.12/site-packages/crawl4ai/async_crawler_strategy.py):\nError: Failed on navigating ACS-GOTO:\nPage.goto: net::ERR_FAILED at https://www.bolton.ac.uk/assets/Uploads/Medical-evidence-guidance-1.pdf\nCall log:\n  - navigating to "https://www.bolton.ac.uk/assets/Uploads/Medical-evidence-guidance-1.pdf", waiting until "domcontentloaded"\n\n\nCode context:\n1200   \n1201                       response = await page.goto(\n1202                           url, wait_until=config.wait_until, timeout=config.page_timeout\n1203                       )\n1204                   except Error as e:\n1205 →                     raise RuntimeError(f"Failed on navigating ACS-GOTO:\\n{str(e)}")\n1206   \n1207                   await self.execute_hook("after_goto", page, context=context, url=url, response=response)\n1208   \n1209                   if response is None:\n1210                       status_code = 200' session_id=None response_headers=None status_code=None ssl_certificate=None


Failed to crawl: https://www.bolton.ac.uk/assets/Uploads/Student-Disability-Survey-results-analysis-report.pdf
Result: url='https://www.bolton.ac.uk/assets/Uploads/Student-Disability-Survey-results-analysis-report.pdf' html='' success=False cleaned_html=None media={} links={} downloaded_files=None screenshot=None pdf=None markdown=None markdown_v2=None fit_markdown=None fit_html=None extracted_content=None metadata=None error_message='Unexpected error in _crawl_web at line 1205 in _crawl_web (../../.pyenv/versions/3.12.6/lib/python3.12/site-packages/crawl4ai/async_crawler_strategy.py):\nError: Failed on navigating ACS-GOTO:\nPage.goto: net::ERR_FAILED at https://www.bolton.ac.uk/assets/Uploads/Student-Disability-Survey-results-analysis-report.pdf\nCall log:\n  - navigating to "https://www.bolton.ac.uk/assets/Uploads/Student-Disability-Survey-results-analysis-report.pdf", waiting until "domcontentloaded"\n\n\nCode context:\n1200   \n1201                       response = await page.goto(\n1202                           url, wait_until=config.wait_until, timeout=config.page_timeout\n1203                       )\n1204                   except Error as e:\n1205 →                     raise RuntimeError(f"Failed on navigating ACS-GOTO:\\n{str(e)}")\n1206   \n1207                   await self.execute_hook("after_goto", page, context=context, url=url, response=response)\n1208   \n1209                   if response is None:\n1210                       status_code = 200' session_id=None response_headers=None status_code=None ssl_certificate=None


Failed to crawl: https://www.bolton.ac.uk/assets/Uploads/Disability-Services-Feedback-Survey-Results-1416.pdf
Result: url='https://www.bolton.ac.uk/assets/Uploads/Disability-Services-Feedback-Survey-Results-1416.pdf' html='' success=False cleaned_html=None media={} links={} downloaded_files=None screenshot=None pdf=None markdown=None markdown_v2=None fit_markdown=None fit_html=None extracted_content=None metadata=None error_message='Unexpected error in _crawl_web at line 1205 in _crawl_web (../../.pyenv/versions/3.12.6/lib/python3.12/site-packages/crawl4ai/async_crawler_strategy.py):\nError: Failed on navigating ACS-GOTO:\nPage.goto: net::ERR_FAILED at https://www.bolton.ac.uk/assets/Uploads/Disability-Services-Feedback-Survey-Results-1416.pdf\nCall log:\n  - navigating to "https://www.bolton.ac.uk/assets/Uploads/Disability-Services-Feedback-Survey-Results-1416.pdf", waiting until "domcontentloaded"\n\n\nCode context:\n1200   \n1201                       response = await page.goto(\n1202                           url, wait_until=config.wait_until, timeout=config.page_timeout\n1203                       )\n1204                   except Error as e:\n1205 →                     raise RuntimeError(f"Failed on navigating ACS-GOTO:\\n{str(e)}")\n1206   \n1207                   await self.execute_hook("after_goto", page, context=context, url=url, response=response)\n1208   \n1209                   if response is None:\n1210                       status_code = 200' session_id=None response_headers=None status_code=None ssl_certificate=None


Failed to crawl: https://www.bolton.ac.uk/assets/Uploads/Disability-Services-Feedback-Survey-Results-1517.pdf
Result: url='https://www.bolton.ac.uk/assets/Uploads/Disability-Services-Feedback-Survey-Results-1517.pdf' html='' success=False cleaned_html=None media={} links={} downloaded_files=None screenshot=None pdf=None markdown=None markdown_v2=None fit_markdown=None fit_html=None extracted_content=None metadata=None error_message='Unexpected error in _crawl_web at line 1205 in _crawl_web (../../.pyenv/versions/3.12.6/lib/python3.12/site-packages/crawl4ai/async_crawler_strategy.py):\nError: Failed on navigating ACS-GOTO:\nPage.goto: net::ERR_FAILED at https://www.bolton.ac.uk/assets/Uploads/Disability-Services-Feedback-Survey-Results-1517.pdf\nCall log:\n  - navigating to "https://www.bolton.ac.uk/assets/Uploads/Disability-Services-Feedback-Survey-Results-1517.pdf", waiting until "domcontentloaded"\n\n\nCode context:\n1200   \n1201                       response = await page.goto(\n1202                           url, wait_until=config.wait_until, timeout=config.page_timeout\n1203                       )\n1204                   except Error as e:\n1205 →                     raise RuntimeError(f"Failed on navigating ACS-GOTO:\\n{str(e)}")\n1206   \n1207                   await self.execute_hook("after_goto", page, context=context, url=url, response=response)\n1208   \n1209                   if response is None:\n1210                       status_code = 200' session_id=None response_headers=None status_code=None ssl_certificate=None


Failed to crawl: https://www.bolton.ac.uk/assets/Uploads/Support-Satisfaction-Survey-2015-report2.pdf
Result: url='https://www.bolton.ac.uk/assets/Uploads/Support-Satisfaction-Survey-2015-report2.pdf' html='' success=False cleaned_html=None media={} links={} downloaded_files=None screenshot=None pdf=None markdown=None markdown_v2=None fit_markdown=None fit_html=None extracted_content=None metadata=None error_message='Unexpected error in _crawl_web at line 1205 in _crawl_web (../../.pyenv/versions/3.12.6/lib/python3.12/site-packages/crawl4ai/async_crawler_strategy.py):\nError: Failed on navigating ACS-GOTO:\nPage.goto: net::ERR_FAILED at https://www.bolton.ac.uk/assets/Uploads/Support-Satisfaction-Survey-2015-report2.pdf\nCall log:\n  - navigating to "https://www.bolton.ac.uk/assets/Uploads/Support-Satisfaction-Survey-2015-report2.pdf", waiting until "domcontentloaded"\n\n\nCode context:\n1200   \n1201                       response = await page.goto(\n1202                           url, wait_until=config.wait_until, timeout=config.page_timeout\n1203                       )\n1204                   except Error as e:\n1205 →                     raise RuntimeError(f"Failed on navigating ACS-GOTO:\\n{str(e)}")\n1206   \n1207                   await self.execute_hook("after_goto", page, context=context, url=url, response=response)\n1208   \n1209                   if response is None:\n1210                       status_code = 200' session_id=None response_headers=None status_code=None ssl_certificate=None


Failed to crawl: https://www.bolton.ac.uk/assets/Uploads/Support-Satisfaction-Survey-2016-report2.pdf
Result: url='https://www.bolton.ac.uk/assets/Uploads/Support-Satisfaction-Survey-2016-report2.pdf' html='' success=False cleaned_html=None media={} links={} downloaded_files=None screenshot=None pdf=None markdown=None markdown_v2=None fit_markdown=None fit_html=None extracted_content=None metadata=None error_message='Unexpected error in _crawl_web at line 1205 in _crawl_web (../../.pyenv/versions/3.12.6/lib/python3.12/site-packages/crawl4ai/async_crawler_strategy.py):\nError: Failed on navigating ACS-GOTO:\nPage.goto: net::ERR_FAILED at https://www.bolton.ac.uk/assets/Uploads/Support-Satisfaction-Survey-2016-report2.pdf\nCall log:\n  - navigating to "https://www.bolton.ac.uk/assets/Uploads/Support-Satisfaction-Survey-2016-report2.pdf", waiting until "domcontentloaded"\n\n\nCode context:\n1200   \n1201                       response = await page.goto(\n1202                           url, wait_until=config.wait_until, timeout=config.page_timeout\n1203                       )\n1204                   except Error as e:\n1205 →                     raise RuntimeError(f"Failed on navigating ACS-GOTO:\\n{str(e)}")\n1206   \n1207                   await self.execute_hook("after_goto", page, context=context, url=url, response=response)\n1208   \n1209                   if response is None:\n1210                       status_code = 200' session_id=None response_headers=None status_code=None ssl_certificate=None


Failed to crawl: https://www.bolton.ac.uk/assets/Uploads/Examination-procedure-2014-old.pdf
Result: url='https://www.bolton.ac.uk/assets/Uploads/Examination-procedure-2014-old.pdf' html='' success=False cleaned_html=None media={} links={} downloaded_files=None screenshot=None pdf=None markdown=None markdown_v2=None fit_markdown=None fit_html=None extracted_content=None metadata=None error_message='Unexpected error in _crawl_web at line 1205 in _crawl_web (../../.pyenv/versions/3.12.6/lib/python3.12/site-packages/crawl4ai/async_crawler_strategy.py):\nError: Failed on navigating ACS-GOTO:\nPage.goto: net::ERR_FAILED at https://www.bolton.ac.uk/assets/Uploads/Examination-procedure-2014-old.pdf\nCall log:\n  - navigating to "https://www.bolton.ac.uk/assets/Uploads/Examination-procedure-2014-old.pdf", waiting until "domcontentloaded"\n\n\nCode context:\n1200   \n1201                       response = await page.goto(\n1202                           url, wait_until=config.wait_until, timeout=config.page_timeout\n1203                       )\n1204                   except Error as e:\n1205 →                     raise RuntimeError(f"Failed on navigating ACS-GOTO:\\n{str(e)}")\n1206   \n1207                   await self.execute_hook("after_goto", page, context=context, url=url, response=response)\n1208   \n1209                   if response is None:\n1210                       status_code = 200' session_id=None response_headers=None status_code=None ssl_certificate=None


Failed to crawl: https://www.bolton.ac.uk/assets/Uploads/Exam-Flow-chart.pdf
Result: url='https://www.bolton.ac.uk/assets/Uploads/Exam-Flow-chart.pdf' html='' success=False cleaned_html=None media={} links={} downloaded_files=None screenshot=None pdf=None markdown=None markdown_v2=None fit_markdown=None fit_html=None extracted_content=None metadata=None error_message='Unexpected error in _crawl_web at line 1205 in _crawl_web (../../.pyenv/versions/3.12.6/lib/python3.12/site-packages/crawl4ai/async_crawler_strategy.py):\nError: Failed on navigating ACS-GOTO:\nPage.goto: net::ERR_FAILED at https://www.bolton.ac.uk/assets/Uploads/Exam-Flow-chart.pdf\nCall log:\n  - navigating to "https://www.bolton.ac.uk/assets/Uploads/Exam-Flow-chart.pdf", waiting until "domcontentloaded"\n\n\nCode context:\n1200   \n1201                       response = await page.goto(\n1202                           url, wait_until=config.wait_until, timeout=config.page_timeout\n1203                       )\n1204                   except Error as e:\n1205 →                     raise RuntimeError(f"Failed on navigating ACS-GOTO:\\n{str(e)}")\n1206   \n1207                   await self.execute_hook("after_goto", page, context=context, url=url, response=response)\n1208   \n1209                   if response is None:\n1210                       status_code = 200' session_id=None response_headers=None status_code=None ssl_certificate=None


Failed to crawl: https://www.bolton.ac.uk/assets/Uploads/MItigating-Circumstances-Regulations-and-Procedures-2018-20.pdf
Result: url='https://www.bolton.ac.uk/assets/Uploads/MItigating-Circumstances-Regulations-and-Procedures-2018-20.pdf' html='' success=False cleaned_html=None media={} links={} downloaded_files=None screenshot=None pdf=None markdown=None markdown_v2=None fit_markdown=None fit_html=None extracted_content=None metadata=None error_message='Unexpected error in _crawl_web at line 1205 in _crawl_web (../../.pyenv/versions/3.12.6/lib/python3.12/site-packages/crawl4ai/async_crawler_strategy.py):\nError: Failed on navigating ACS-GOTO:\nPage.goto: net::ERR_FAILED at https://www.bolton.ac.uk/assets/Uploads/MItigating-Circumstances-Regulations-and-Procedures-2018-20.pdf\nCall log:\n  - navigating to "https://www.bolton.ac.uk/assets/Uploads/MItigating-Circumstances-Regulations-and-Procedures-2018-20.pdf", waiting until "domcontentloaded"\n\n\nCode context:\n1200   \n1201                       response = await page.goto(\n1202                           url, wait_until=config.wait_until, timeout=config.page_timeout\n1203                       )\n1204                   except Error as e:\n1205 →                     raise RuntimeError(f"Failed on navigating ACS-GOTO:\\n{str(e)}")\n1206   \n1207                   await self.execute_hook("after_goto", page, context=context, url=url, response=response)\n1208   \n1209                   if response is None:\n1210                       status_code = 200' session_id=None response_headers=None status_code=None ssl_certificate=None


Failed to crawl: https://www.bolton.ac.uk/assets/Uploads/Disclosure-Form.pdf
Result: url='https://www.bolton.ac.uk/assets/Uploads/Disclosure-Form.pdf' html='' success=False cleaned_html=None media={} links={} downloaded_files=None screenshot=None pdf=None markdown=None markdown_v2=None fit_markdown=None fit_html=None extracted_content=None metadata=None error_message='Unexpected error in _crawl_web at line 1205 in _crawl_web (../../.pyenv/versions/3.12.6/lib/python3.12/site-packages/crawl4ai/async_crawler_strategy.py):\nError: Failed on navigating ACS-GOTO:\nPage.goto: net::ERR_FAILED at https://www.bolton.ac.uk/assets/Uploads/Disclosure-Form.pdf\nCall log:\n  - navigating to "https://www.bolton.ac.uk/assets/Uploads/Disclosure-Form.pdf", waiting until "domcontentloaded"\n\n\nCode context:\n1200   \n1201                       response = await page.goto(\n1202                           url, wait_until=config.wait_until, timeout=config.page_timeout\n1203                       )\n1204                   except Error as e:\n1205 →                     raise RuntimeError(f"Failed on navigating ACS-GOTO:\\n{str(e)}")\n1206   \n1207                   await self.execute_hook("after_goto", page, context=context, url=url, response=response)\n1208   \n1209                   if response is None:\n1210                       status_code = 200' session_id=None response_headers=None status_code=None ssl_certificate=None


Failed to crawl: https://www.bolton.ac.uk/assets/Uploads/Disclosure-Guide.pdf
Result: url='https://www.bolton.ac.uk/assets/Uploads/Disclosure-Guide.pdf' html='' success=False cleaned_html=None media={} links={} downloaded_files=None screenshot=None pdf=None markdown=None markdown_v2=None fit_markdown=None fit_html=None extracted_content=None metadata=None error_message='Unexpected error in _crawl_web at line 1205 in _crawl_web (../../.pyenv/versions/3.12.6/lib/python3.12/site-packages/crawl4ai/async_crawler_strategy.py):\nError: Failed on navigating ACS-GOTO:\nPage.goto: net::ERR_FAILED at https://www.bolton.ac.uk/assets/Uploads/Disclosure-Guide.pdf\nCall log:\n  - navigating to "https://www.bolton.ac.uk/assets/Uploads/Disclosure-Guide.pdf", waiting until "domcontentloaded"\n\n\nCode context:\n1200   \n1201                       response = await page.goto(\n1202                           url, wait_until=config.wait_until, timeout=config.page_timeout\n1203                       )\n1204                   except Error as e:\n1205 →                     raise RuntimeError(f"Failed on navigating ACS-GOTO:\\n{str(e)}")\n1206   \n1207                   await self.execute_hook("after_goto", page, context=context, url=url, response=response)\n1208   \n1209                   if response is None:\n1210                       status_code = 200' session_id=None response_headers=None status_code=None ssl_certificate=None


Failed to crawl: https://www.bolton.ac.uk/assets/Notification-Policy-2021.pdf
Result: url='https://www.bolton.ac.uk/assets/Notification-Policy-2021.pdf' html='' success=False cleaned_html=None media={} links={} downloaded_files=None screenshot=None pdf=None markdown=None markdown_v2=None fit_markdown=None fit_html=None extracted_content=None metadata=None error_message='Unexpected error in _crawl_web at line 1205 in _crawl_web (../../.pyenv/versions/3.12.6/lib/python3.12/site-packages/crawl4ai/async_crawler_strategy.py):\nError: Failed on navigating ACS-GOTO:\nPage.goto: net::ERR_FAILED at https://www.bolton.ac.uk/assets/Notification-Policy-2021.pdf\nCall log:\n  - navigating to "https://www.bolton.ac.uk/assets/Notification-Policy-2021.pdf", waiting until "domcontentloaded"\n\n\nCode context:\n1200   \n1201                       response = await page.goto(\n1202                           url, wait_until=config.wait_until, timeout=config.page_timeout\n1203                       )\n1204                   except Error as e:\n1205 →                     raise RuntimeError(f"Failed on navigating ACS-GOTO:\\n{str(e)}")\n1206   \n1207                   await self.execute_hook("after_goto", page, context=context, url=url, response=response)\n1208   \n1209                   if response is None:\n1210                       status_code = 200' session_id=None response_headers=None status_code=None ssl_certificate=None


Failed to crawl: https://www.bolton.ac.uk/assets/Uploads/Procedure-for-individual-exams-arrangements-Aug-2021.pdf
Result: url='https://www.bolton.ac.uk/assets/Uploads/Procedure-for-individual-exams-arrangements-Aug-2021.pdf' html='' success=False cleaned_html=None media={} links={} downloaded_files=None screenshot=None pdf=None markdown=None markdown_v2=None fit_markdown=None fit_html=None extracted_content=None metadata=None error_message='Unexpected error in _crawl_web at line 1205 in _crawl_web (../../.pyenv/versions/3.12.6/lib/python3.12/site-packages/crawl4ai/async_crawler_strategy.py):\nError: Failed on navigating ACS-GOTO:\nPage.goto: net::ERR_FAILED at https://www.bolton.ac.uk/assets/Uploads/Procedure-for-individual-exams-arrangements-Aug-2021.pdf\nCall log:\n  - navigating to "https://www.bolton.ac.uk/assets/Uploads/Procedure-for-individual-exams-arrangements-Aug-2021.pdf", waiting until "domcontentloaded"\n\n\nCode context:\n1200   \n1201                       response = await page.goto(\n1202                           url, wait_until=config.wait_until, timeout=config.page_timeout\n1203                       )\n1204                   except Error as e:\n1205 →                     raise RuntimeError(f"Failed on navigating ACS-GOTO:\\n{str(e)}")\n1206   \n1207                   await self.execute_hook("after_goto", page, context=context, url=url, response=response)\n1208   \n1209                   if response is None:\n1210                       status_code = 200' session_id=None response_headers=None status_code=None ssl_certificate=None


Failed to crawl: https://www.bolton.ac.uk/assets/Uploads/Exam-Flow-chart-August-2021.pdf
Result: url='https://www.bolton.ac.uk/assets/Uploads/Exam-Flow-chart-August-2021.pdf' html='' success=False cleaned_html=None media={} links={} downloaded_files=None screenshot=None pdf=None markdown=None markdown_v2=None fit_markdown=None fit_html=None extracted_content=None metadata=None error_message='Unexpected error in _crawl_web at line 1205 in _crawl_web (../../.pyenv/versions/3.12.6/lib/python3.12/site-packages/crawl4ai/async_crawler_strategy.py):\nError: Failed on navigating ACS-GOTO:\nPage.goto: net::ERR_FAILED at https://www.bolton.ac.uk/assets/Uploads/Exam-Flow-chart-August-2021.pdf\nCall log:\n  - navigating to "https://www.bolton.ac.uk/assets/Uploads/Exam-Flow-chart-August-2021.pdf", waiting until "domcontentloaded"\n\n\nCode context:\n1200   \n1201                       response = await page.goto(\n1202                           url, wait_until=config.wait_until, timeout=config.page_timeout\n1203                       )\n1204                   except Error as e:\n1205 →                     raise RuntimeError(f"Failed on navigating ACS-GOTO:\\n{str(e)}")\n1206   \n1207                   await self.execute_hook("after_goto", page, context=context, url=url, response=response)\n1208   \n1209                   if response is None:\n1210                       status_code = 200' session_id=None response_headers=None status_code=None ssl_certificate=None


Failed to crawl: https://www.bolton.ac.uk/assets/Uploads/mentalhealthpolicyv6.pdf
Result: url='https://www.bolton.ac.uk/assets/Uploads/mentalhealthpolicyv6.pdf' html='' success=False cleaned_html=None media={} links={} downloaded_files=None screenshot=None pdf=None markdown=None markdown_v2=None fit_markdown=None fit_html=None extracted_content=None metadata=None error_message='Unexpected error in _crawl_web at line 1205 in _crawl_web (../../.pyenv/versions/3.12.6/lib/python3.12/site-packages/crawl4ai/async_crawler_strategy.py):\nError: Failed on navigating ACS-GOTO:\nPage.goto: net::ERR_FAILED at https://www.bolton.ac.uk/assets/Uploads/mentalhealthpolicyv6.pdf\nCall log:\n  - navigating to "https://www.bolton.ac.uk/assets/Uploads/mentalhealthpolicyv6.pdf", waiting until "domcontentloaded"\n\n\nCode context:\n1200   \n1201                       response = await page.goto(\n1202                           url, wait_until=config.wait_until, timeout=config.page_timeout\n1203                       )\n1204                   except Error as e:\n1205 →                     raise RuntimeError(f"Failed on navigating ACS-GOTO:\\n{str(e)}")\n1206   \n1207                   await self.execute_hook("after_goto", page, context=context, url=url, response=response)\n1208   \n1209                   if response is None:\n1210                       status_code = 200' session_id=None response_headers=None status_code=None ssl_certificate=None


Failed to crawl: https://www.bolton.ac.uk/assets/Uploads/Guidelines-on-Student-Mental-Health-and-Wellbeing-14.pdf
Result: url='https://www.bolton.ac.uk/assets/Uploads/Guidelines-on-Student-Mental-Health-and-Wellbeing-14.pdf' html='' success=False cleaned_html=None media={} links={} downloaded_files=None screenshot=None pdf=None markdown=None markdown_v2=None fit_markdown=None fit_html=None extracted_content=None metadata=None error_message='Unexpected error in _crawl_web at line 1205 in _crawl_web (../../.pyenv/versions/3.12.6/lib/python3.12/site-packages/crawl4ai/async_crawler_strategy.py):\nError: Failed on navigating ACS-GOTO:\nPage.goto: net::ERR_FAILED at https://www.bolton.ac.uk/assets/Uploads/Guidelines-on-Student-Mental-Health-and-Wellbeing-14.pdf\nCall log:\n  - navigating to "https://www.bolton.ac.uk/assets/Uploads/Guidelines-on-Student-Mental-Health-and-Wellbeing-14.pdf", waiting until "domcontentloaded"\n\n\nCode context:\n1200   \n1201                       response = await page.goto(\n1202                           url, wait_until=config.wait_until, timeout=config.page_timeout\n1203                       )\n1204                   except Error as e:\n1205 →                     raise RuntimeError(f"Failed on navigating ACS-GOTO:\\n{str(e)}")\n1206   \n1207                   await self.execute_hook("after_goto", page, context=context, url=url, response=response)\n1208   \n1209                   if response is None:\n1210                       status_code = 200' session_id=None response_headers=None status_code=None ssl_certificate=None


Failed to crawl: https://www.bolton.ac.uk/assets/Uploads/SupportSources.pdf
Result: url='https://www.bolton.ac.uk/assets/Uploads/SupportSources.pdf' html='' success=False cleaned_html=None media={} links={} downloaded_files=None screenshot=None pdf=None markdown=None markdown_v2=None fit_markdown=None fit_html=None extracted_content=None metadata=None error_message='Unexpected error in _crawl_web at line 1205 in _crawl_web (../../.pyenv/versions/3.12.6/lib/python3.12/site-packages/crawl4ai/async_crawler_strategy.py):\nError: Failed on navigating ACS-GOTO:\nPage.goto: net::ERR_FAILED at https://www.bolton.ac.uk/assets/Uploads/SupportSources.pdf\nCall log:\n  - navigating to "https://www.bolton.ac.uk/assets/Uploads/SupportSources.pdf", waiting until "domcontentloaded"\n\n\nCode context:\n1200   \n1201                       response = await page.goto(\n1202                           url, wait_until=config.wait_until, timeout=config.page_timeout\n1203                       )\n1204                   except Error as e:\n1205 →                     raise RuntimeError(f"Failed on navigating ACS-GOTO:\\n{str(e)}")\n1206   \n1207                   await self.execute_hook("after_goto", page, context=context, url=url, response=response)\n1208   \n1209                   if response is None:\n1210                       status_code = 200' session_id=None response_headers=None status_code=None ssl_certificate=None


Failed to crawl: https://www.bolton.ac.uk/assets/Uploads/NMH-Charter-and-Precepts-May-2014.pdf
Result: url='https://www.bolton.ac.uk/assets/Uploads/NMH-Charter-and-Precepts-May-2014.pdf' html='' success=False cleaned_html=None media={} links={} downloaded_files=None screenshot=None pdf=None markdown=None markdown_v2=None fit_markdown=None fit_html=None extracted_content=None metadata=None error_message='Unexpected error in _crawl_web at line 1205 in _crawl_web (../../.pyenv/versions/3.12.6/lib/python3.12/site-packages/crawl4ai/async_crawler_strategy.py):\nError: Failed on navigating ACS-GOTO:\nPage.goto: net::ERR_FAILED at https://www.bolton.ac.uk/assets/Uploads/NMH-Charter-and-Precepts-May-2014.pdf\nCall log:\n  - navigating to "https://www.bolton.ac.uk/assets/Uploads/NMH-Charter-and-Precepts-May-2014.pdf", waiting until "domcontentloaded"\n\n\nCode context:\n1200   \n1201                       response = await page.goto(\n1202                           url, wait_until=config.wait_until, timeout=config.page_timeout\n1203                       )\n1204                   except Error as e:\n1205 →                     raise RuntimeError(f"Failed on navigating ACS-GOTO:\\n{str(e)}")\n1206   \n1207                   await self.execute_hook("after_goto", page, context=context, url=url, response=response)\n1208   \n1209                   if response is None:\n1210                       status_code = 200' session_id=None response_headers=None status_code=None ssl_certificate=None


Failed to crawl: https://www.bolton.ac.uk/assets/Uploads/UoB-NMH-Student-Own-Provision.pdf
Result: url='https://www.bolton.ac.uk/assets/Uploads/UoB-NMH-Student-Own-Provision.pdf' html='' success=False cleaned_html=None media={} links={} downloaded_files=None screenshot=None pdf=None markdown=None markdown_v2=None fit_markdown=None fit_html=None extracted_content=None metadata=None error_message='Unexpected error in _crawl_web at line 1205 in _crawl_web (../../.pyenv/versions/3.12.6/lib/python3.12/site-packages/crawl4ai/async_crawler_strategy.py):\nError: Failed on navigating ACS-GOTO:\nPage.goto: net::ERR_FAILED at https://www.bolton.ac.uk/assets/Uploads/UoB-NMH-Student-Own-Provision.pdf\nCall log:\n  - navigating to "https://www.bolton.ac.uk/assets/Uploads/UoB-NMH-Student-Own-Provision.pdf", waiting until "domcontentloaded"\n\n\nCode context:\n1200   \n1201                       response = await page.goto(\n1202                           url, wait_until=config.wait_until, timeout=config.page_timeout\n1203                       )\n1204                   except Error as e:\n1205 →                     raise RuntimeError(f"Failed on navigating ACS-GOTO:\\n{str(e)}")\n1206   \n1207                   await self.execute_hook("after_goto", page, context=context, url=url, response=response)\n1208   \n1209                   if response is None:\n1210                       status_code = 200' session_id=None response_headers=None status_code=None ssl_certificate=None


Failed to crawl: https://www.bolton.ac.uk/assets/Archived-Hosted-Files/SPLD-Marking-Guidelines-April-2014.pdf
Result: url='https://www.bolton.ac.uk/assets/Archived-Hosted-Files/SPLD-Marking-Guidelines-April-2014.pdf' html='' success=False cleaned_html=None media={} links={} downloaded_files=None screenshot=None pdf=None markdown=None markdown_v2=None fit_markdown=None fit_html=None extracted_content=None metadata=None error_message='Unexpected error in _crawl_web at line 1205 in _crawl_web (../../.pyenv/versions/3.12.6/lib/python3.12/site-packages/crawl4ai/async_crawler_strategy.py):\nError: Failed on navigating ACS-GOTO:\nPage.goto: net::ERR_FAILED at https://www.bolton.ac.uk/assets/Archived-Hosted-Files/SPLD-Marking-Guidelines-April-2014.pdf\nCall log:\n  - navigating to "https://www.bolton.ac.uk/assets/Archived-Hosted-Files/SPLD-Marking-Guidelines-April-2014.pdf", waiting until "domcontentloaded"\n\n\nCode context:\n1200   \n1201                       response = await page.goto(\n1202                           url, wait_until=config.wait_until, timeout=config.page_timeout\n1203                       )\n1204                   except Error as e:\n1205 →                     raise RuntimeError(f"Failed on navigating ACS-GOTO:\\n{str(e)}")\n1206   \n1207                   await self.execute_hook("after_goto", page, context=context, url=url, response=response)\n1208   \n1209                   if response is None:\n1210                       status_code = 200' session_id=None response_headers=None status_code=None ssl_certificate=None


Failed to crawl: https://www.bolton.ac.uk/assets/Uploads/Terms-and-Conditions-relating-to-Additional-Costs-for-Undergraduate-Students-Entry-2016-17.pdf
Result: url='https://www.bolton.ac.uk/assets/Uploads/Terms-and-Conditions-relating-to-Additional-Costs-for-Undergraduate-Students-Entry-2016-17.pdf' html='' success=False cleaned_html=None media={} links={} downloaded_files=None screenshot=None pdf=None markdown=None markdown_v2=None fit_markdown=None fit_html=None extracted_content=None metadata=None error_message='Unexpected error in _crawl_web at line 1205 in _crawl_web (../../.pyenv/versions/3.12.6/lib/python3.12/site-packages/crawl4ai/async_crawler_strategy.py):\nError: Failed on navigating ACS-GOTO:\nPage.goto: net::ERR_FAILED at https://www.bolton.ac.uk/assets/Uploads/Terms-and-Conditions-relating-to-Additional-Costs-for-Undergraduate-Students-Entry-2016-17.pdf\nCall log:\n  - navigating to "https://www.bolton.ac.uk/assets/Uploads/Terms-and-Conditions-relating-to-Additional-Costs-for-Undergraduate-Students-Entry-2016-17.pdf", waiting until "domcontentloaded"\n\n\nCode context:\n1200   \n1201                       response = await page.goto(\n1202                           url, wait_until=config.wait_until, timeout=config.page_timeout\n1203                       )\n1204                   except Error as e:\n1205 →                     raise RuntimeError(f"Failed on navigating ACS-GOTO:\\n{str(e)}")\n1206   \n1207                   await self.execute_hook("after_goto", page, context=context, url=url, response=response)\n1208   \n1209                   if response is None:\n1210                       status_code = 200' session_id=None response_headers=None status_code=None ssl_certificate=None


Failed to crawl: https://www.bolton.ac.uk/assets/Health-Wellbeing-and-Supported-Study-Policy-2022-23-Final-v2.pdf
Result: url='https://www.bolton.ac.uk/assets/Health-Wellbeing-and-Supported-Study-Policy-2022-23-Final-v2.pdf' html='' success=False cleaned_html=None media={} links={} downloaded_files=None screenshot=None pdf=None markdown=None markdown_v2=None fit_markdown=None fit_html=None extracted_content=None metadata=None error_message='Unexpected error in _crawl_web at line 1205 in _crawl_web (../../.pyenv/versions/3.12.6/lib/python3.12/site-packages/crawl4ai/async_crawler_strategy.py):\nError: Failed on navigating ACS-GOTO:\nPage.goto: net::ERR_FAILED at https://www.bolton.ac.uk/assets/Health-Wellbeing-and-Supported-Study-Policy-2022-23-Final-v2.pdf\nCall log:\n  - navigating to "https://www.bolton.ac.uk/assets/Health-Wellbeing-and-Supported-Study-Policy-2022-23-Final-v2.pdf", waiting until "domcontentloaded"\n\n\nCode context:\n1200   \n1201                       response = await page.goto(\n1202                           url, wait_until=config.wait_until, timeout=config.page_timeout\n1203                       )\n1204                   except Error as e:\n1205 →                     raise RuntimeError(f"Failed on navigating ACS-GOTO:\\n{str(e)}")\n1206   \n1207                   await self.execute_hook("after_goto", page, context=context, url=url, response=response)\n1208   \n1209                   if response is None:\n1210                       status_code = 200' session_id=None response_headers=None status_code=None ssl_certificate=None


Failed to crawl: https://www.bolton.ac.uk/assets/Health-Wellbeing-and-Supported-Study-Procedures-2022-23-Final-v2.pdf
Result: url='https://www.bolton.ac.uk/assets/Health-Wellbeing-and-Supported-Study-Procedures-2022-23-Final-v2.pdf' html='' success=False cleaned_html=None media={} links={} downloaded_files=None screenshot=None pdf=None markdown=None markdown_v2=None fit_markdown=None fit_html=None extracted_content=None metadata=None error_message='Unexpected error in _crawl_web at line 1205 in _crawl_web (../../.pyenv/versions/3.12.6/lib/python3.12/site-packages/crawl4ai/async_crawler_strategy.py):\nError: Failed on navigating ACS-GOTO:\nPage.goto: net::ERR_FAILED at https://www.bolton.ac.uk/assets/Health-Wellbeing-and-Supported-Study-Procedures-2022-23-Final-v2.pdf\nCall log:\n  - navigating to "https://www.bolton.ac.uk/assets/Health-Wellbeing-and-Supported-Study-Procedures-2022-23-Final-v2.pdf", waiting until "domcontentloaded"\n\n\nCode context:\n1200   \n1201                       response = await page.goto(\n1202                           url, wait_until=config.wait_until, timeout=config.page_timeout\n1203                       )\n1204                   except Error as e:\n1205 →                     raise RuntimeError(f"Failed on navigating ACS-GOTO:\\n{str(e)}")\n1206   \n1207                   await self.execute_hook("after_goto", page, context=context, url=url, response=response)\n1208   \n1209                   if response is None:\n1210                       status_code = 200' session_id=None response_headers=None status_code=None ssl_certificate=None


Failed to crawl: https://www.bolton.ac.uk/assets/Uploads/May-2023-Periodic-Quality-Assurance-Review-Process-for-Postgraduate-Research-Degree-Provision.pdf
Result: url='https://www.bolton.ac.uk/assets/Uploads/May-2023-Periodic-Quality-Assurance-Review-Process-for-Postgraduate-Research-Degree-Provision.pdf' html='' success=False cleaned_html=None media={} links={} downloaded_files=None screenshot=None pdf=None markdown=None markdown_v2=None fit_markdown=None fit_html=None extracted_content=None metadata=None error_message='Unexpected error in _crawl_web at line 1205 in _crawl_web (../../.pyenv/versions/3.12.6/lib/python3.12/site-packages/crawl4ai/async_crawler_strategy.py):\nError: Failed on navigating ACS-GOTO:\nPage.goto: net::ERR_FAILED at https://www.bolton.ac.uk/assets/Uploads/May-2023-Periodic-Quality-Assurance-Review-Process-for-Postgraduate-Research-Degree-Provision.pdf\nCall log:\n  - navigating to "https://www.bolton.ac.uk/assets/Uploads/May-2023-Periodic-Quality-Assurance-Review-Process-for-Postgraduate-Research-Degree-Provision.pdf", waiting until "domcontentloaded"\n\n\nCode context:\n1200   \n1201                       response = await page.goto(\n1202                           url, wait_until=config.wait_until, timeout=config.page_timeout\n1203                       )\n1204                   except Error as e:\n1205 →                     raise RuntimeError(f"Failed on navigating ACS-GOTO:\\n{str(e)}")\n1206   \n1207                   await self.execute_hook("after_goto", page, context=context, url=url, response=response)\n1208   \n1209                   if response is None:\n1210                       status_code = 200' session_id=None response_headers=None status_code=None ssl_certificate=None


Failed to crawl: https://www.bolton.ac.uk/assets/Uploads/UK-QCfHE-Advice-and-Guidance-Research-Degrees.pdf
Result: url='https://www.bolton.ac.uk/assets/Uploads/UK-QCfHE-Advice-and-Guidance-Research-Degrees.pdf' html='' success=False cleaned_html=None media={} links={} downloaded_files=None screenshot=None pdf=None markdown=None markdown_v2=None fit_markdown=None fit_html=None extracted_content=None metadata=None error_message='Unexpected error in _crawl_web at line 1205 in _crawl_web (../../.pyenv/versions/3.12.6/lib/python3.12/site-packages/crawl4ai/async_crawler_strategy.py):\nError: Failed on navigating ACS-GOTO:\nPage.goto: net::ERR_FAILED at https://www.bolton.ac.uk/assets/Uploads/UK-QCfHE-Advice-and-Guidance-Research-Degrees.pdf\nCall log:\n  - navigating to "https://www.bolton.ac.uk/assets/Uploads/UK-QCfHE-Advice-and-Guidance-Research-Degrees.pdf", waiting until "domcontentloaded"\n\n\nCode context:\n1200   \n1201                       response = await page.goto(\n1202                           url, wait_until=config.wait_until, timeout=config.page_timeout\n1203                       )\n1204                   except Error as e:\n1205 →                     raise RuntimeError(f"Failed on navigating ACS-GOTO:\\n{str(e)}")\n1206   \n1207                   await self.execute_hook("after_goto", page, context=context, url=url, response=response)\n1208   \n1209                   if response is None:\n1210                       status_code = 200' session_id=None response_headers=None status_code=None ssl_certificate=None


Failed to crawl: https://www.bolton.ac.uk/assets/Uploads/UK-QCfHE-Advice-and-Guidance-Partnerships.pdf
Result: url='https://www.bolton.ac.uk/assets/Uploads/UK-QCfHE-Advice-and-Guidance-Partnerships.pdf' html='' success=False cleaned_html=None media={} links={} downloaded_files=None screenshot=None pdf=None markdown=None markdown_v2=None fit_markdown=None fit_html=None extracted_content=None metadata=None error_message='Unexpected error in _crawl_web at line 1205 in _crawl_web (../../.pyenv/versions/3.12.6/lib/python3.12/site-packages/crawl4ai/async_crawler_strategy.py):\nError: Failed on navigating ACS-GOTO:\nPage.goto: net::ERR_FAILED at https://www.bolton.ac.uk/assets/Uploads/UK-QCfHE-Advice-and-Guidance-Partnerships.pdf\nCall log:\n  - navigating to "https://www.bolton.ac.uk/assets/Uploads/UK-QCfHE-Advice-and-Guidance-Partnerships.pdf", waiting until "domcontentloaded"\n\n\nCode context:\n1200   \n1201                       response = await page.goto(\n1202                           url, wait_until=config.wait_until, timeout=config.page_timeout\n1203                       )\n1204                   except Error as e:\n1205 →                     raise RuntimeError(f"Failed on navigating ACS-GOTO:\\n{str(e)}")\n1206   \n1207                   await self.execute_hook("after_goto", page, context=context, url=url, response=response)\n1208   \n1209                   if response is None:\n1210                       status_code = 200' session_id=None response_headers=None status_code=None ssl_certificate=None


Failed to crawl: https://www.bolton.ac.uk/assets/Uploads/Indictive-timescales-and-responsibilities.pdf
Result: url='https://www.bolton.ac.uk/assets/Uploads/Indictive-timescales-and-responsibilities.pdf' html='' success=False cleaned_html=None media={} links={} downloaded_files=None screenshot=None pdf=None markdown=None markdown_v2=None fit_markdown=None fit_html=None extracted_content=None metadata=None error_message='Unexpected error in _crawl_web at line 1205 in _crawl_web (../../.pyenv/versions/3.12.6/lib/python3.12/site-packages/crawl4ai/async_crawler_strategy.py):\nError: Failed on navigating ACS-GOTO:\nPage.goto: net::ERR_FAILED at https://www.bolton.ac.uk/assets/Uploads/Indictive-timescales-and-responsibilities.pdf\nCall log:\n  - navigating to "https://www.bolton.ac.uk/assets/Uploads/Indictive-timescales-and-responsibilities.pdf", waiting until "domcontentloaded"\n\n\nCode context:\n1200   \n1201                       response = await page.goto(\n1202                           url, wait_until=config.wait_until, timeout=config.page_timeout\n1203                       )\n1204                   except Error as e:\n1205 →                     raise RuntimeError(f"Failed on navigating ACS-GOTO:\\n{str(e)}")\n1206   \n1207                   await self.execute_hook("after_goto", page, context=context, url=url, response=response)\n1208   \n1209                   if response is None:\n1210                       status_code = 200' session_id=None response_headers=None status_code=None ssl_certificate=None


Failed to crawl: https://www.bolton.ac.uk/assets/Uploads/Procedures-Professorial-associated-titles-FINAL-March-2023-v5.0-Senate-Approved.pdf
Result: url='https://www.bolton.ac.uk/assets/Uploads/Procedures-Professorial-associated-titles-FINAL-March-2023-v5.0-Senate-Approved.pdf' html='' success=False cleaned_html=None media={} links={} downloaded_files=None screenshot=None pdf=None markdown=None markdown_v2=None fit_markdown=None fit_html=None extracted_content=None metadata=None error_message='Unexpected error in _crawl_web at line 1205 in _crawl_web (../../.pyenv/versions/3.12.6/lib/python3.12/site-packages/crawl4ai/async_crawler_strategy.py):\nError: Failed on navigating ACS-GOTO:\nPage.goto: net::ERR_FAILED at https://www.bolton.ac.uk/assets/Uploads/Procedures-Professorial-associated-titles-FINAL-March-2023-v5.0-Senate-Approved.pdf\nCall log:\n  - navigating to "https://www.bolton.ac.uk/assets/Uploads/Procedures-Professorial-associated-titles-FINAL-March-2023-v5.0-Senate-Approved.pdf", waiting until "domcontentloaded"\n\n\nCode context:\n1200   \n1201                       response = await page.goto(\n1202                           url, wait_until=config.wait_until, timeout=config.page_timeout\n1203                       )\n1204                   except Error as e:\n1205 →                     raise RuntimeError(f"Failed on navigating ACS-GOTO:\\n{str(e)}")\n1206   \n1207                   await self.execute_hook("after_goto", page, context=context, url=url, response=response)\n1208   \n1209                   if response is None:\n1210                       status_code = 200' session_id=None response_headers=None status_code=None ssl_certificate=None


Failed to crawl: https://www.bolton.ac.uk/assets/Uploads/PGR_Regulations_Nov_2022.pdf
Result: url='https://www.bolton.ac.uk/assets/Uploads/PGR_Regulations_Nov_2022.pdf' html='' success=False cleaned_html=None media={} links={} downloaded_files=None screenshot=None pdf=None markdown=None markdown_v2=None fit_markdown=None fit_html=None extracted_content=None metadata=None error_message='Unexpected error in _crawl_web at line 1205 in _crawl_web (../../.pyenv/versions/3.12.6/lib/python3.12/site-packages/crawl4ai/async_crawler_strategy.py):\nError: Failed on navigating ACS-GOTO:\nPage.goto: net::ERR_FAILED at https://www.bolton.ac.uk/assets/Uploads/PGR_Regulations_Nov_2022.pdf\nCall log:\n  - navigating to "https://www.bolton.ac.uk/assets/Uploads/PGR_Regulations_Nov_2022.pdf", waiting until "domcontentloaded"\n\n\nCode context:\n1200   \n1201                       response = await page.goto(\n1202                           url, wait_until=config.wait_until, timeout=config.page_timeout\n1203                       )\n1204                   except Error as e:\n1205 →                     raise RuntimeError(f"Failed on navigating ACS-GOTO:\\n{str(e)}")\n1206   \n1207                   await self.execute_hook("after_goto", page, context=context, url=url, response=response)\n1208   \n1209                   if response is None:\n1210                       status_code = 200' session_id=None response_headers=None status_code=None ssl_certificate=None


Failed to crawl: https://www.bolton.ac.uk/assets/Uploads/Code_of_Practice_Iss_2022v2.pdf
Result: url='https://www.bolton.ac.uk/assets/Uploads/Code_of_Practice_Iss_2022v2.pdf' html='' success=False cleaned_html=None media={} links={} downloaded_files=None screenshot=None pdf=None markdown=None markdown_v2=None fit_markdown=None fit_html=None extracted_content=None metadata=None error_message='Unexpected error in _crawl_web at line 1205 in _crawl_web (../../.pyenv/versions/3.12.6/lib/python3.12/site-packages/crawl4ai/async_crawler_strategy.py):\nError: Failed on navigating ACS-GOTO:\nPage.goto: net::ERR_FAILED at https://www.bolton.ac.uk/assets/Uploads/Code_of_Practice_Iss_2022v2.pdf\nCall log:\n  - navigating to "https://www.bolton.ac.uk/assets/Uploads/Code_of_Practice_Iss_2022v2.pdf", waiting until "domcontentloaded"\n\n\nCode context:\n1200   \n1201                       response = await page.goto(\n1202                           url, wait_until=config.wait_until, timeout=config.page_timeout\n1203                       )\n1204                   except Error as e:\n1205 →                     raise RuntimeError(f"Failed on navigating ACS-GOTO:\\n{str(e)}")\n1206   \n1207                   await self.execute_hook("after_goto", page, context=context, url=url, response=response)\n1208   \n1209                   if response is None:\n1210                       status_code = 200' session_id=None response_headers=None status_code=None ssl_certificate=None


Failed to crawl: https://www.bolton.ac.uk/assets/Uploads/Studentships_TC_Nov_2022.pdf
Result: url='https://www.bolton.ac.uk/assets/Uploads/Studentships_TC_Nov_2022.pdf' html='' success=False cleaned_html=None media={} links={} downloaded_files=None screenshot=None pdf=None markdown=None markdown_v2=None fit_markdown=None fit_html=None extracted_content=None metadata=None error_message='Unexpected error in _crawl_web at line 1205 in _crawl_web (../../.pyenv/versions/3.12.6/lib/python3.12/site-packages/crawl4ai/async_crawler_strategy.py):\nError: Failed on navigating ACS-GOTO:\nPage.goto: net::ERR_FAILED at https://www.bolton.ac.uk/assets/Uploads/Studentships_TC_Nov_2022.pdf\nCall log:\n  - navigating to "https://www.bolton.ac.uk/assets/Uploads/Studentships_TC_Nov_2022.pdf", waiting until "domcontentloaded"\n\n\nCode context:\n1200   \n1201                       response = await page.goto(\n1202                           url, wait_until=config.wait_until, timeout=config.page_timeout\n1203                       )\n1204                   except Error as e:\n1205 →                     raise RuntimeError(f"Failed on navigating ACS-GOTO:\\n{str(e)}")\n1206   \n1207                   await self.execute_hook("after_goto", page, context=context, url=url, response=response)\n1208   \n1209                   if response is None:\n1210                       status_code = 200' session_id=None response_headers=None status_code=None ssl_certificate=None


Failed to crawl: https://www.bolton.ac.uk/assets/Uploads/Guidetogoodpractice.pdf
Result: url='https://www.bolton.ac.uk/assets/Uploads/Guidetogoodpractice.pdf' html='' success=False cleaned_html=None media={} links={} downloaded_files=None screenshot=None pdf=None markdown=None markdown_v2=None fit_markdown=None fit_html=None extracted_content=None metadata=None error_message='Unexpected error in _crawl_web at line 1205 in _crawl_web (../../.pyenv/versions/3.12.6/lib/python3.12/site-packages/crawl4ai/async_crawler_strategy.py):\nError: Failed on navigating ACS-GOTO:\nPage.goto: net::ERR_FAILED at https://www.bolton.ac.uk/assets/Uploads/Guidetogoodpractice.pdf\nCall log:\n  - navigating to "https://www.bolton.ac.uk/assets/Uploads/Guidetogoodpractice.pdf", waiting until "domcontentloaded"\n\n\nCode context:\n1200   \n1201                       response = await page.goto(\n1202                           url, wait_until=config.wait_until, timeout=config.page_timeout\n1203                       )\n1204                   except Error as e:\n1205 →                     raise RuntimeError(f"Failed on navigating ACS-GOTO:\\n{str(e)}")\n1206   \n1207                   await self.execute_hook("after_goto", page, context=context, url=url, response=response)\n1208   \n1209                   if response is None:\n1210                       status_code = 200' session_id=None response_headers=None status_code=None ssl_certificate=None


Failed to crawl: https://www.bolton.ac.uk/assets/Uploads/ATASExampleProps.pdf
Result: url='https://www.bolton.ac.uk/assets/Uploads/ATASExampleProps.pdf' html='' success=False cleaned_html=None media={} links={} downloaded_files=None screenshot=None pdf=None markdown=None markdown_v2=None fit_markdown=None fit_html=None extracted_content=None metadata=None error_message='Unexpected error in _crawl_web at line 1205 in _crawl_web (../../.pyenv/versions/3.12.6/lib/python3.12/site-packages/crawl4ai/async_crawler_strategy.py):\nError: Failed on navigating ACS-GOTO:\nPage.goto: net::ERR_FAILED at https://www.bolton.ac.uk/assets/Uploads/ATASExampleProps.pdf\nCall log:\n  - navigating to "https://www.bolton.ac.uk/assets/Uploads/ATASExampleProps.pdf", waiting until "domcontentloaded"\n\n\nCode context:\n1200   \n1201                       response = await page.goto(\n1202                           url, wait_until=config.wait_until, timeout=config.page_timeout\n1203                       )\n1204                   except Error as e:\n1205 →                     raise RuntimeError(f"Failed on navigating ACS-GOTO:\\n{str(e)}")\n1206   \n1207                   await self.execute_hook("after_goto", page, context=context, url=url, response=response)\n1208   \n1209                   if response is None:\n1210                       status_code = 200' session_id=None response_headers=None status_code=None ssl_certificate=None


Failed to crawl: https://www.bolton.ac.uk/assets/Uploads/Guidance-Notes-Form-R1-Oct-2022.pdf
Result: url='https://www.bolton.ac.uk/assets/Uploads/Guidance-Notes-Form-R1-Oct-2022.pdf' html='' success=False cleaned_html=None media={} links={} downloaded_files=None screenshot=None pdf=None markdown=None markdown_v2=None fit_markdown=None fit_html=None extracted_content=None metadata=None error_message='Unexpected error in _crawl_web at line 1205 in _crawl_web (../../.pyenv/versions/3.12.6/lib/python3.12/site-packages/crawl4ai/async_crawler_strategy.py):\nError: Failed on navigating ACS-GOTO:\nPage.goto: net::ERR_FAILED at https://www.bolton.ac.uk/assets/Uploads/Guidance-Notes-Form-R1-Oct-2022.pdf\nCall log:\n  - navigating to "https://www.bolton.ac.uk/assets/Uploads/Guidance-Notes-Form-R1-Oct-2022.pdf", waiting until "domcontentloaded"\n\n\nCode context:\n1200   \n1201                       response = await page.goto(\n1202                           url, wait_until=config.wait_until, timeout=config.page_timeout\n1203                       )\n1204                   except Error as e:\n1205 →                     raise RuntimeError(f"Failed on navigating ACS-GOTO:\\n{str(e)}")\n1206   \n1207                   await self.execute_hook("after_goto", page, context=context, url=url, response=response)\n1208   \n1209                   if response is None:\n1210                       status_code = 200' session_id=None response_headers=None status_code=None ssl_certificate=None


Failed to crawl: https://www.bolton.ac.uk/assets/Uploads/Guidelines_R2_Aug_2022.pdf
Result: url='https://www.bolton.ac.uk/assets/Uploads/Guidelines_R2_Aug_2022.pdf' html='' success=False cleaned_html=None media={} links={} downloaded_files=None screenshot=None pdf=None markdown=None markdown_v2=None fit_markdown=None fit_html=None extracted_content=None metadata=None error_message='Unexpected error in _crawl_web at line 1205 in _crawl_web (../../.pyenv/versions/3.12.6/lib/python3.12/site-packages/crawl4ai/async_crawler_strategy.py):\nError: Failed on navigating ACS-GOTO:\nPage.goto: net::ERR_FAILED at https://www.bolton.ac.uk/assets/Uploads/Guidelines_R2_Aug_2022.pdf\nCall log:\n  - navigating to "https://www.bolton.ac.uk/assets/Uploads/Guidelines_R2_Aug_2022.pdf", waiting until "domcontentloaded"\n\n\nCode context:\n1200   \n1201                       response = await page.goto(\n1202                           url, wait_until=config.wait_until, timeout=config.page_timeout\n1203                       )\n1204                   except Error as e:\n1205 →                     raise RuntimeError(f"Failed on navigating ACS-GOTO:\\n{str(e)}")\n1206   \n1207                   await self.execute_hook("after_goto", page, context=context, url=url, response=response)\n1208   \n1209                   if response is None:\n1210                       status_code = 200' session_id=None response_headers=None status_code=None ssl_certificate=None


Failed to crawl: https://www.bolton.ac.uk/assets/Uploads/GuidelinesSupervisionCo-authorship.pdf
Result: url='https://www.bolton.ac.uk/assets/Uploads/GuidelinesSupervisionCo-authorship.pdf' html='' success=False cleaned_html=None media={} links={} downloaded_files=None screenshot=None pdf=None markdown=None markdown_v2=None fit_markdown=None fit_html=None extracted_content=None metadata=None error_message='Unexpected error in _crawl_web at line 1205 in _crawl_web (../../.pyenv/versions/3.12.6/lib/python3.12/site-packages/crawl4ai/async_crawler_strategy.py):\nError: Failed on navigating ACS-GOTO:\nPage.goto: net::ERR_FAILED at https://www.bolton.ac.uk/assets/Uploads/GuidelinesSupervisionCo-authorship.pdf\nCall log:\n  - navigating to "https://www.bolton.ac.uk/assets/Uploads/GuidelinesSupervisionCo-authorship.pdf", waiting until "domcontentloaded"\n\n\nCode context:\n1200   \n1201                       response = await page.goto(\n1202                           url, wait_until=config.wait_until, timeout=config.page_timeout\n1203                       )\n1204                   except Error as e:\n1205 →                     raise RuntimeError(f"Failed on navigating ACS-GOTO:\\n{str(e)}")\n1206   \n1207                   await self.execute_hook("after_goto", page, context=context, url=url, response=response)\n1208   \n1209                   if response is None:\n1210                       status_code = 200' session_id=None response_headers=None status_code=None ssl_certificate=None


Failed to crawl: https://www.bolton.ac.uk/assets/Uploads/Code-of-Policy-and-Procedures-for-Investigating-and-Resolving-Allegations-of-Misconduct-in-Research-2019-2020.pdf
Result: url='https://www.bolton.ac.uk/assets/Uploads/Code-of-Policy-and-Procedures-for-Investigating-and-Resolving-Allegations-of-Misconduct-in-Research-2019-2020.pdf' html='' success=False cleaned_html=None media={} links={} downloaded_files=None screenshot=None pdf=None markdown=None markdown_v2=None fit_markdown=None fit_html=None extracted_content=None metadata=None error_message='Unexpected error in _crawl_web at line 1205 in _crawl_web (../../.pyenv/versions/3.12.6/lib/python3.12/site-packages/crawl4ai/async_crawler_strategy.py):\nError: Failed on navigating ACS-GOTO:\nPage.goto: net::ERR_FAILED at https://www.bolton.ac.uk/assets/Uploads/Code-of-Policy-and-Procedures-for-Investigating-and-Resolving-Allegations-of-Misconduct-in-Research-2019-2020.pdf\nCall log:\n  - navigating to "https://www.bolton.ac.uk/assets/Uploads/Code-of-Policy-and-Procedures-for-Investigating-and-Resolving-Allegations-of-Misconduct-in-Research-2019-2020.pdf", waiting until "domcontentloaded"\n\n\nCode context:\n1200   \n1201                       response = await page.goto(\n1202                           url, wait_until=config.wait_until, timeout=config.page_timeout\n1203                       )\n1204                   except Error as e:\n1205 →                     raise RuntimeError(f"Failed on navigating ACS-GOTO:\\n{str(e)}")\n1206   \n1207                   await self.execute_hook("after_goto", page, context=context, url=url, response=response)\n1208   \n1209                   if response is None:\n1210                       status_code = 200' session_id=None response_headers=None status_code=None ssl_certificate=None


Failed to crawl: https://www.bolton.ac.uk/assets/Uploads/SupportinStatsAnalysisandSPSS.pdf
Result: url='https://www.bolton.ac.uk/assets/Uploads/SupportinStatsAnalysisandSPSS.pdf' html='' success=False cleaned_html=None media={} links={} downloaded_files=None screenshot=None pdf=None markdown=None markdown_v2=None fit_markdown=None fit_html=None extracted_content=None metadata=None error_message='Unexpected error in _crawl_web at line 1205 in _crawl_web (../../.pyenv/versions/3.12.6/lib/python3.12/site-packages/crawl4ai/async_crawler_strategy.py):\nError: Failed on navigating ACS-GOTO:\nPage.goto: net::ERR_FAILED at https://www.bolton.ac.uk/assets/Uploads/SupportinStatsAnalysisandSPSS.pdf\nCall log:\n  - navigating to "https://www.bolton.ac.uk/assets/Uploads/SupportinStatsAnalysisandSPSS.pdf", waiting until "domcontentloaded"\n\n\nCode context:\n1200   \n1201                       response = await page.goto(\n1202                           url, wait_until=config.wait_until, timeout=config.page_timeout\n1203                       )\n1204                   except Error as e:\n1205 →                     raise RuntimeError(f"Failed on navigating ACS-GOTO:\\n{str(e)}")\n1206   \n1207                   await self.execute_hook("after_goto", page, context=context, url=url, response=response)\n1208   \n1209                   if response is None:\n1210                       status_code = 200' session_id=None response_headers=None status_code=None ssl_certificate=None


Failed to crawl: https://www.bolton.ac.uk/assets/Uploads/Completing-Skills-Record-rev-Jan-2019.pdf
Result: url='https://www.bolton.ac.uk/assets/Uploads/Completing-Skills-Record-rev-Jan-2019.pdf' html='' success=False cleaned_html=None media={} links={} downloaded_files=None screenshot=None pdf=None markdown=None markdown_v2=None fit_markdown=None fit_html=None extracted_content=None metadata=None error_message='Unexpected error in _crawl_web at line 1205 in _crawl_web (../../.pyenv/versions/3.12.6/lib/python3.12/site-packages/crawl4ai/async_crawler_strategy.py):\nError: Failed on navigating ACS-GOTO:\nPage.goto: net::ERR_FAILED at https://www.bolton.ac.uk/assets/Uploads/Completing-Skills-Record-rev-Jan-2019.pdf\nCall log:\n  - navigating to "https://www.bolton.ac.uk/assets/Uploads/Completing-Skills-Record-rev-Jan-2019.pdf", waiting until "domcontentloaded"\n\n\nCode context:\n1200   \n1201                       response = await page.goto(\n1202                           url, wait_until=config.wait_until, timeout=config.page_timeout\n1203                       )\n1204                   except Error as e:\n1205 →                     raise RuntimeError(f"Failed on navigating ACS-GOTO:\\n{str(e)}")\n1206   \n1207                   await self.execute_hook("after_goto", page, context=context, url=url, response=response)\n1208   \n1209                   if response is None:\n1210                       status_code = 200' session_id=None response_headers=None status_code=None ssl_certificate=None


Failed to crawl: https://www.bolton.ac.uk/assets/Uploads/Online_APR_Jan_2022.pdf
Result: url='https://www.bolton.ac.uk/assets/Uploads/Online_APR_Jan_2022.pdf' html='' success=False cleaned_html=None media={} links={} downloaded_files=None screenshot=None pdf=None markdown=None markdown_v2=None fit_markdown=None fit_html=None extracted_content=None metadata=None error_message='Unexpected error in _crawl_web at line 1205 in _crawl_web (../../.pyenv/versions/3.12.6/lib/python3.12/site-packages/crawl4ai/async_crawler_strategy.py):\nError: Failed on navigating ACS-GOTO:\nPage.goto: net::ERR_FAILED at https://www.bolton.ac.uk/assets/Uploads/Online_APR_Jan_2022.pdf\nCall log:\n  - navigating to "https://www.bolton.ac.uk/assets/Uploads/Online_APR_Jan_2022.pdf", waiting until "domcontentloaded"\n\n\nCode context:\n1200   \n1201                       response = await page.goto(\n1202                           url, wait_until=config.wait_until, timeout=config.page_timeout\n1203                       )\n1204                   except Error as e:\n1205 →                     raise RuntimeError(f"Failed on navigating ACS-GOTO:\\n{str(e)}")\n1206   \n1207                   await self.execute_hook("after_goto", page, context=context, url=url, response=response)\n1208   \n1209                   if response is None:\n1210                       status_code = 200' session_id=None response_headers=None status_code=None ssl_certificate=None


Failed to crawl: https://www.bolton.ac.uk/assets/Uploads/Partner_APR_process_Jan_2022.pdf
Result: url='https://www.bolton.ac.uk/assets/Uploads/Partner_APR_process_Jan_2022.pdf' html='' success=False cleaned_html=None media={} links={} downloaded_files=None screenshot=None pdf=None markdown=None markdown_v2=None fit_markdown=None fit_html=None extracted_content=None metadata=None error_message='Unexpected error in _crawl_web at line 1205 in _crawl_web (../../.pyenv/versions/3.12.6/lib/python3.12/site-packages/crawl4ai/async_crawler_strategy.py):\nError: Failed on navigating ACS-GOTO:\nPage.goto: net::ERR_FAILED at https://www.bolton.ac.uk/assets/Uploads/Partner_APR_process_Jan_2022.pdf\nCall log:\n  - navigating to "https://www.bolton.ac.uk/assets/Uploads/Partner_APR_process_Jan_2022.pdf", waiting until "domcontentloaded"\n\n\nCode context:\n1200   \n1201                       response = await page.goto(\n1202                           url, wait_until=config.wait_until, timeout=config.page_timeout\n1203                       )\n1204                   except Error as e:\n1205 →                     raise RuntimeError(f"Failed on navigating ACS-GOTO:\\n{str(e)}")\n1206   \n1207                   await self.execute_hook("after_goto", page, context=context, url=url, response=response)\n1208   \n1209                   if response is None:\n1210                       status_code = 200' session_id=None response_headers=None status_code=None ssl_certificate=None


Failed to crawl: https://www.bolton.ac.uk/assets/Uploads/REO_11_Jan_2021.pdf
Result: url='https://www.bolton.ac.uk/assets/Uploads/REO_11_Jan_2021.pdf' html='' success=False cleaned_html=None media={} links={} downloaded_files=None screenshot=None pdf=None markdown=None markdown_v2=None fit_markdown=None fit_html=None extracted_content=None metadata=None error_message='Unexpected error in _crawl_web at line 1205 in _crawl_web (../../.pyenv/versions/3.12.6/lib/python3.12/site-packages/crawl4ai/async_crawler_strategy.py):\nError: Failed on navigating ACS-GOTO:\nPage.goto: net::ERR_FAILED at https://www.bolton.ac.uk/assets/Uploads/REO_11_Jan_2021.pdf\nCall log:\n  - navigating to "https://www.bolton.ac.uk/assets/Uploads/REO_11_Jan_2021.pdf", waiting until "domcontentloaded"\n\n\nCode context:\n1200   \n1201                       response = await page.goto(\n1202                           url, wait_until=config.wait_until, timeout=config.page_timeout\n1203                       )\n1204                   except Error as e:\n1205 →                     raise RuntimeError(f"Failed on navigating ACS-GOTO:\\n{str(e)}")\n1206   \n1207                   await self.execute_hook("after_goto", page, context=context, url=url, response=response)\n1208   \n1209                   if response is None:\n1210                       status_code = 200' session_id=None response_headers=None status_code=None ssl_certificate=None


Failed to crawl: https://www.bolton.ac.uk/assets/Uploads/Example-1-Participant-Info-Sheet-April-2018.pdf
Result: url='https://www.bolton.ac.uk/assets/Uploads/Example-1-Participant-Info-Sheet-April-2018.pdf' html='' success=False cleaned_html=None media={} links={} downloaded_files=None screenshot=None pdf=None markdown=None markdown_v2=None fit_markdown=None fit_html=None extracted_content=None metadata=None error_message='Unexpected error in _crawl_web at line 1205 in _crawl_web (../../.pyenv/versions/3.12.6/lib/python3.12/site-packages/crawl4ai/async_crawler_strategy.py):\nError: Failed on navigating ACS-GOTO:\nPage.goto: net::ERR_FAILED at https://www.bolton.ac.uk/assets/Uploads/Example-1-Participant-Info-Sheet-April-2018.pdf\nCall log:\n  - navigating to "https://www.bolton.ac.uk/assets/Uploads/Example-1-Participant-Info-Sheet-April-2018.pdf", waiting until "domcontentloaded"\n\n\nCode context:\n1200   \n1201                       response = await page.goto(\n1202                           url, wait_until=config.wait_until, timeout=config.page_timeout\n1203                       )\n1204                   except Error as e:\n1205 →                     raise RuntimeError(f"Failed on navigating ACS-GOTO:\\n{str(e)}")\n1206   \n1207                   await self.execute_hook("after_goto", page, context=context, url=url, response=response)\n1208   \n1209                   if response is None:\n1210                       status_code = 200' session_id=None response_headers=None status_code=None ssl_certificate=None


Failed to crawl: https://www.bolton.ac.uk/assets/Uploads/Example-2-Consent-Form-April-2018.pdf
Result: url='https://www.bolton.ac.uk/assets/Uploads/Example-2-Consent-Form-April-2018.pdf' html='' success=False cleaned_html=None media={} links={} downloaded_files=None screenshot=None pdf=None markdown=None markdown_v2=None fit_markdown=None fit_html=None extracted_content=None metadata=None error_message='Unexpected error in _crawl_web at line 1205 in _crawl_web (../../.pyenv/versions/3.12.6/lib/python3.12/site-packages/crawl4ai/async_crawler_strategy.py):\nError: Failed on navigating ACS-GOTO:\nPage.goto: net::ERR_FAILED at https://www.bolton.ac.uk/assets/Uploads/Example-2-Consent-Form-April-2018.pdf\nCall log:\n  - navigating to "https://www.bolton.ac.uk/assets/Uploads/Example-2-Consent-Form-April-2018.pdf", waiting until "domcontentloaded"\n\n\nCode context:\n1200   \n1201                       response = await page.goto(\n1202                           url, wait_until=config.wait_until, timeout=config.page_timeout\n1203                       )\n1204                   except Error as e:\n1205 →                     raise RuntimeError(f"Failed on navigating ACS-GOTO:\\n{str(e)}")\n1206   \n1207                   await self.execute_hook("after_goto", page, context=context, url=url, response=response)\n1208   \n1209                   if response is None:\n1210                       status_code = 200' session_id=None response_headers=None status_code=None ssl_certificate=None


Failed to crawl: https://www.bolton.ac.uk/assets/Uploads/Code_of_practice_Ethics_Apr_2018.pdf
Result: url='https://www.bolton.ac.uk/assets/Uploads/Code_of_practice_Ethics_Apr_2018.pdf' html='' success=False cleaned_html=None media={} links={} downloaded_files=None screenshot=None pdf=None markdown=None markdown_v2=None fit_markdown=None fit_html=None extracted_content=None metadata=None error_message='Unexpected error in _crawl_web at line 1205 in _crawl_web (../../.pyenv/versions/3.12.6/lib/python3.12/site-packages/crawl4ai/async_crawler_strategy.py):\nError: Failed on navigating ACS-GOTO:\nPage.goto: net::ERR_FAILED at https://www.bolton.ac.uk/assets/Uploads/Code_of_practice_Ethics_Apr_2018.pdf\nCall log:\n  - navigating to "https://www.bolton.ac.uk/assets/Uploads/Code_of_practice_Ethics_Apr_2018.pdf", waiting until "domcontentloaded"\n\n\nCode context:\n1200   \n1201                       response = await page.goto(\n1202                           url, wait_until=config.wait_until, timeout=config.page_timeout\n1203                       )\n1204                   except Error as e:\n1205 →                     raise RuntimeError(f"Failed on navigating ACS-GOTO:\\n{str(e)}")\n1206   \n1207                   await self.execute_hook("after_goto", page, context=context, url=url, response=response)\n1208   \n1209                   if response is None:\n1210                       status_code = 200' session_id=None response_headers=None status_code=None ssl_certificate=None


Failed to crawl: https://www.bolton.ac.uk/assets/Uploads/Scope-of-Code-of-Practice_Nov_2021_V2.pdf
Result: url='https://www.bolton.ac.uk/assets/Uploads/Scope-of-Code-of-Practice_Nov_2021_V2.pdf' html='' success=False cleaned_html=None media={} links={} downloaded_files=None screenshot=None pdf=None markdown=None markdown_v2=None fit_markdown=None fit_html=None extracted_content=None metadata=None error_message='Unexpected error in _crawl_web at line 1205 in _crawl_web (../../.pyenv/versions/3.12.6/lib/python3.12/site-packages/crawl4ai/async_crawler_strategy.py):\nError: Failed on navigating ACS-GOTO:\nPage.goto: net::ERR_FAILED at https://www.bolton.ac.uk/assets/Uploads/Scope-of-Code-of-Practice_Nov_2021_V2.pdf\nCall log:\n  - navigating to "https://www.bolton.ac.uk/assets/Uploads/Scope-of-Code-of-Practice_Nov_2021_V2.pdf", waiting until "domcontentloaded"\n\n\nCode context:\n1200   \n1201                       response = await page.goto(\n1202                           url, wait_until=config.wait_until, timeout=config.page_timeout\n1203                       )\n1204                   except Error as e:\n1205 →                     raise RuntimeError(f"Failed on navigating ACS-GOTO:\\n{str(e)}")\n1206   \n1207                   await self.execute_hook("after_goto", page, context=context, url=url, response=response)\n1208   \n1209                   if response is None:\n1210                       status_code = 200' session_id=None response_headers=None status_code=None ssl_certificate=None


Failed to crawl: https://www.bolton.ac.uk/assets/Uploads/Guidance-Research-involving-Children-Jun-2018.pdf
Result: url='https://www.bolton.ac.uk/assets/Uploads/Guidance-Research-involving-Children-Jun-2018.pdf' html='' success=False cleaned_html=None media={} links={} downloaded_files=None screenshot=None pdf=None markdown=None markdown_v2=None fit_markdown=None fit_html=None extracted_content=None metadata=None error_message='Unexpected error in _crawl_web at line 1205 in _crawl_web (../../.pyenv/versions/3.12.6/lib/python3.12/site-packages/crawl4ai/async_crawler_strategy.py):\nError: Failed on navigating ACS-GOTO:\nPage.goto: net::ERR_FAILED at https://www.bolton.ac.uk/assets/Uploads/Guidance-Research-involving-Children-Jun-2018.pdf\nCall log:\n  - navigating to "https://www.bolton.ac.uk/assets/Uploads/Guidance-Research-involving-Children-Jun-2018.pdf", waiting until "domcontentloaded"\n\n\nCode context:\n1200   \n1201                       response = await page.goto(\n1202                           url, wait_until=config.wait_until, timeout=config.page_timeout\n1203                       )\n1204                   except Error as e:\n1205 →                     raise RuntimeError(f"Failed on navigating ACS-GOTO:\\n{str(e)}")\n1206   \n1207                   await self.execute_hook("after_goto", page, context=context, url=url, response=response)\n1208   \n1209                   if response is None:\n1210                       status_code = 200' session_id=None response_headers=None status_code=None ssl_certificate=None


Failed to crawl: https://www.bolton.ac.uk/assets/Uploads/Guidance_Human_tissue.pdf
Result: url='https://www.bolton.ac.uk/assets/Uploads/Guidance_Human_tissue.pdf' html='' success=False cleaned_html=None media={} links={} downloaded_files=None screenshot=None pdf=None markdown=None markdown_v2=None fit_markdown=None fit_html=None extracted_content=None metadata=None error_message='Unexpected error in _crawl_web at line 1205 in _crawl_web (../../.pyenv/versions/3.12.6/lib/python3.12/site-packages/crawl4ai/async_crawler_strategy.py):\nError: Failed on navigating ACS-GOTO:\nPage.goto: net::ERR_FAILED at https://www.bolton.ac.uk/assets/Uploads/Guidance_Human_tissue.pdf\nCall log:\n  - navigating to "https://www.bolton.ac.uk/assets/Uploads/Guidance_Human_tissue.pdf", waiting until "domcontentloaded"\n\n\nCode context:\n1200   \n1201                       response = await page.goto(\n1202                           url, wait_until=config.wait_until, timeout=config.page_timeout\n1203                       )\n1204                   except Error as e:\n1205 →                     raise RuntimeError(f"Failed on navigating ACS-GOTO:\\n{str(e)}")\n1206   \n1207                   await self.execute_hook("after_goto", page, context=context, url=url, response=response)\n1208   \n1209                   if response is None:\n1210                       status_code = 200' session_id=None response_headers=None status_code=None ssl_certificate=None


Failed to crawl: https://www.bolton.ac.uk/assets/Uploads/Ethics_approval_procedures_Nov_2021.pdf
Result: url='https://www.bolton.ac.uk/assets/Uploads/Ethics_approval_procedures_Nov_2021.pdf' html='' success=False cleaned_html=None media={} links={} downloaded_files=None screenshot=None pdf=None markdown=None markdown_v2=None fit_markdown=None fit_html=None extracted_content=None metadata=None error_message='Unexpected error in _crawl_web at line 1205 in _crawl_web (../../.pyenv/versions/3.12.6/lib/python3.12/site-packages/crawl4ai/async_crawler_strategy.py):\nError: Failed on navigating ACS-GOTO:\nPage.goto: net::ERR_FAILED at https://www.bolton.ac.uk/assets/Uploads/Ethics_approval_procedures_Nov_2021.pdf\nCall log:\n  - navigating to "https://www.bolton.ac.uk/assets/Uploads/Ethics_approval_procedures_Nov_2021.pdf", waiting until "domcontentloaded"\n\n\nCode context:\n1200   \n1201                       response = await page.goto(\n1202                           url, wait_until=config.wait_until, timeout=config.page_timeout\n1203                       )\n1204                   except Error as e:\n1205 →                     raise RuntimeError(f"Failed on navigating ACS-GOTO:\\n{str(e)}")\n1206   \n1207                   await self.execute_hook("after_goto", page, context=context, url=url, response=response)\n1208   \n1209                   if response is None:\n1210                       status_code = 200' session_id=None response_headers=None status_code=None ssl_certificate=None


Failed to crawl: https://www.bolton.ac.uk/assets/Uploads/Ethics_flowchart_EFIT_Jan_2022.pdf
Result: url='https://www.bolton.ac.uk/assets/Uploads/Ethics_flowchart_EFIT_Jan_2022.pdf' html='' success=False cleaned_html=None media={} links={} downloaded_files=None screenshot=None pdf=None markdown=None markdown_v2=None fit_markdown=None fit_html=None extracted_content=None metadata=None error_message='Unexpected error in _crawl_web at line 1205 in _crawl_web (../../.pyenv/versions/3.12.6/lib/python3.12/site-packages/crawl4ai/async_crawler_strategy.py):\nError: Failed on navigating ACS-GOTO:\nPage.goto: net::ERR_FAILED at https://www.bolton.ac.uk/assets/Uploads/Ethics_flowchart_EFIT_Jan_2022.pdf\nCall log:\n  - navigating to "https://www.bolton.ac.uk/assets/Uploads/Ethics_flowchart_EFIT_Jan_2022.pdf", waiting until "domcontentloaded"\n\n\nCode context:\n1200   \n1201                       response = await page.goto(\n1202                           url, wait_until=config.wait_until, timeout=config.page_timeout\n1203                       )\n1204                   except Error as e:\n1205 →                     raise RuntimeError(f"Failed on navigating ACS-GOTO:\\n{str(e)}")\n1206   \n1207                   await self.execute_hook("after_goto", page, context=context, url=url, response=response)\n1208   \n1209                   if response is None:\n1210                       status_code = 200' session_id=None response_headers=None status_code=None ssl_certificate=None


Failed to crawl: https://www.bolton.ac.uk/assets/Uploads/FAQ-Jun-2018.pdf
Result: url='https://www.bolton.ac.uk/assets/Uploads/FAQ-Jun-2018.pdf' html='' success=False cleaned_html=None media={} links={} downloaded_files=None screenshot=None pdf=None markdown=None markdown_v2=None fit_markdown=None fit_html=None extracted_content=None metadata=None error_message='Unexpected error in _crawl_web at line 1205 in _crawl_web (../../.pyenv/versions/3.12.6/lib/python3.12/site-packages/crawl4ai/async_crawler_strategy.py):\nError: Failed on navigating ACS-GOTO:\nPage.goto: net::ERR_FAILED at https://www.bolton.ac.uk/assets/Uploads/FAQ-Jun-2018.pdf\nCall log:\n  - navigating to "https://www.bolton.ac.uk/assets/Uploads/FAQ-Jun-2018.pdf", waiting until "domcontentloaded"\n\n\nCode context:\n1200   \n1201                       response = await page.goto(\n1202                           url, wait_until=config.wait_until, timeout=config.page_timeout\n1203                       )\n1204                   except Error as e:\n1205 →                     raise RuntimeError(f"Failed on navigating ACS-GOTO:\\n{str(e)}")\n1206   \n1207                   await self.execute_hook("after_goto", page, context=context, url=url, response=response)\n1208   \n1209                   if response is None:\n1210                       status_code = 200' session_id=None response_headers=None status_code=None ssl_certificate=None


Failed to crawl: https://www.bolton.ac.uk/assets/Uploads/Key-Responsibilities-Jun-2018.pdf
Result: url='https://www.bolton.ac.uk/assets/Uploads/Key-Responsibilities-Jun-2018.pdf' html='' success=False cleaned_html=None media={} links={} downloaded_files=None screenshot=None pdf=None markdown=None markdown_v2=None fit_markdown=None fit_html=None extracted_content=None metadata=None error_message='Unexpected error in _crawl_web at line 1205 in _crawl_web (../../.pyenv/versions/3.12.6/lib/python3.12/site-packages/crawl4ai/async_crawler_strategy.py):\nError: Failed on navigating ACS-GOTO:\nPage.goto: net::ERR_FAILED at https://www.bolton.ac.uk/assets/Uploads/Key-Responsibilities-Jun-2018.pdf\nCall log:\n  - navigating to "https://www.bolton.ac.uk/assets/Uploads/Key-Responsibilities-Jun-2018.pdf", waiting until "domcontentloaded"\n\n\nCode context:\n1200   \n1201                       response = await page.goto(\n1202                           url, wait_until=config.wait_until, timeout=config.page_timeout\n1203                       )\n1204                   except Error as e:\n1205 →                     raise RuntimeError(f"Failed on navigating ACS-GOTO:\\n{str(e)}")\n1206   \n1207                   await self.execute_hook("after_goto", page, context=context, url=url, response=response)\n1208   \n1209                   if response is None:\n1210                       status_code = 200' session_id=None response_headers=None status_code=None ssl_certificate=None


Failed to crawl: https://www.bolton.ac.uk/assets/Uploads/DREC_ToR_Jan_2022.pdf
Result: url='https://www.bolton.ac.uk/assets/Uploads/DREC_ToR_Jan_2022.pdf' html='' success=False cleaned_html=None media={} links={} downloaded_files=None screenshot=None pdf=None markdown=None markdown_v2=None fit_markdown=None fit_html=None extracted_content=None metadata=None error_message='Unexpected error in _crawl_web at line 1205 in _crawl_web (../../.pyenv/versions/3.12.6/lib/python3.12/site-packages/crawl4ai/async_crawler_strategy.py):\nError: Failed on navigating ACS-GOTO:\nPage.goto: net::ERR_FAILED at https://www.bolton.ac.uk/assets/Uploads/DREC_ToR_Jan_2022.pdf\nCall log:\n  - navigating to "https://www.bolton.ac.uk/assets/Uploads/DREC_ToR_Jan_2022.pdf", waiting until "domcontentloaded"\n\n\nCode context:\n1200   \n1201                       response = await page.goto(\n1202                           url, wait_until=config.wait_until, timeout=config.page_timeout\n1203                       )\n1204                   except Error as e:\n1205 →                     raise RuntimeError(f"Failed on navigating ACS-GOTO:\\n{str(e)}")\n1206   \n1207                   await self.execute_hook("after_goto", page, context=context, url=url, response=response)\n1208   \n1209                   if response is None:\n1210                       status_code = 200' session_id=None response_headers=None status_code=None ssl_certificate=None


Failed to crawl: https://www.bolton.ac.uk/assets/Uploads/UREC_ToR_Jan_2022.pdf
Result: url='https://www.bolton.ac.uk/assets/Uploads/UREC_ToR_Jan_2022.pdf' html='' success=False cleaned_html=None media={} links={} downloaded_files=None screenshot=None pdf=None markdown=None markdown_v2=None fit_markdown=None fit_html=None extracted_content=None metadata=None error_message='Unexpected error in _crawl_web at line 1205 in _crawl_web (../../.pyenv/versions/3.12.6/lib/python3.12/site-packages/crawl4ai/async_crawler_strategy.py):\nError: Failed on navigating ACS-GOTO:\nPage.goto: net::ERR_FAILED at https://www.bolton.ac.uk/assets/Uploads/UREC_ToR_Jan_2022.pdf\nCall log:\n  - navigating to "https://www.bolton.ac.uk/assets/Uploads/UREC_ToR_Jan_2022.pdf", waiting until "domcontentloaded"\n\n\nCode context:\n1200   \n1201                       response = await page.goto(\n1202                           url, wait_until=config.wait_until, timeout=config.page_timeout\n1203                       )\n1204                   except Error as e:\n1205 →                     raise RuntimeError(f"Failed on navigating ACS-GOTO:\\n{str(e)}")\n1206   \n1207                   await self.execute_hook("after_goto", page, context=context, url=url, response=response)\n1208   \n1209                   if response is None:\n1210                       status_code = 200' session_id=None response_headers=None status_code=None ssl_certificate=None


Failed to crawl: https://www.bolton.ac.uk/assets/Uploads/UKRI_Concordat-to-support-research-integrity.pdf
Result: url='https://www.bolton.ac.uk/assets/Uploads/UKRI_Concordat-to-support-research-integrity.pdf' html='' success=False cleaned_html=None media={} links={} downloaded_files=None screenshot=None pdf=None markdown=None markdown_v2=None fit_markdown=None fit_html=None extracted_content=None metadata=None error_message='Unexpected error in _crawl_web at line 1205 in _crawl_web (../../.pyenv/versions/3.12.6/lib/python3.12/site-packages/crawl4ai/async_crawler_strategy.py):\nError: Failed on navigating ACS-GOTO:\nPage.goto: net::ERR_FAILED at https://www.bolton.ac.uk/assets/Uploads/UKRI_Concordat-to-support-research-integrity.pdf\nCall log:\n  - navigating to "https://www.bolton.ac.uk/assets/Uploads/UKRI_Concordat-to-support-research-integrity.pdf", waiting until "domcontentloaded"\n\n\nCode context:\n1200   \n1201                       response = await page.goto(\n1202                           url, wait_until=config.wait_until, timeout=config.page_timeout\n1203                       )\n1204                   except Error as e:\n1205 →                     raise RuntimeError(f"Failed on navigating ACS-GOTO:\\n{str(e)}")\n1206   \n1207                   await self.execute_hook("after_goto", page, context=context, url=url, response=response)\n1208   \n1209                   if response is None:\n1210                       status_code = 200' session_id=None response_headers=None status_code=None ssl_certificate=None


Failed to crawl: https://www.bolton.ac.uk/assets/Uploads/Concordat-Report-2021-22.pdf
Result: url='https://www.bolton.ac.uk/assets/Uploads/Concordat-Report-2021-22.pdf' html='' success=False cleaned_html=None media={} links={} downloaded_files=None screenshot=None pdf=None markdown=None markdown_v2=None fit_markdown=None fit_html=None extracted_content=None metadata=None error_message='Unexpected error in _crawl_web at line 1205 in _crawl_web (../../.pyenv/versions/3.12.6/lib/python3.12/site-packages/crawl4ai/async_crawler_strategy.py):\nError: Failed on navigating ACS-GOTO:\nPage.goto: net::ERR_FAILED at https://www.bolton.ac.uk/assets/Uploads/Concordat-Report-2021-22.pdf\nCall log:\n  - navigating to "https://www.bolton.ac.uk/assets/Uploads/Concordat-Report-2021-22.pdf", waiting until "domcontentloaded"\n\n\nCode context:\n1200   \n1201                       response = await page.goto(\n1202                           url, wait_until=config.wait_until, timeout=config.page_timeout\n1203                       )\n1204                   except Error as e:\n1205 →                     raise RuntimeError(f"Failed on navigating ACS-GOTO:\\n{str(e)}")\n1206   \n1207                   await self.execute_hook("after_goto", page, context=context, url=url, response=response)\n1208   \n1209                   if response is None:\n1210                       status_code = 200' session_id=None response_headers=None status_code=None ssl_certificate=None


Failed to crawl: https://www.bolton.ac.uk/assets/Uploads/Research-HS-Policy-2019.pdf
Result: url='https://www.bolton.ac.uk/assets/Uploads/Research-HS-Policy-2019.pdf' html='' success=False cleaned_html=None media={} links={} downloaded_files=None screenshot=None pdf=None markdown=None markdown_v2=None fit_markdown=None fit_html=None extracted_content=None metadata=None error_message='Unexpected error in _crawl_web at line 1205 in _crawl_web (../../.pyenv/versions/3.12.6/lib/python3.12/site-packages/crawl4ai/async_crawler_strategy.py):\nError: Failed on navigating ACS-GOTO:\nPage.goto: net::ERR_FAILED at https://www.bolton.ac.uk/assets/Uploads/Research-HS-Policy-2019.pdf\nCall log:\n  - navigating to "https://www.bolton.ac.uk/assets/Uploads/Research-HS-Policy-2019.pdf", waiting until "domcontentloaded"\n\n\nCode context:\n1200   \n1201                       response = await page.goto(\n1202                           url, wait_until=config.wait_until, timeout=config.page_timeout\n1203                       )\n1204                   except Error as e:\n1205 →                     raise RuntimeError(f"Failed on navigating ACS-GOTO:\\n{str(e)}")\n1206   \n1207                   await self.execute_hook("after_goto", page, context=context, url=url, response=response)\n1208   \n1209                   if response is None:\n1210                       status_code = 200' session_id=None response_headers=None status_code=None ssl_certificate=None


Failed to crawl: https://www.bolton.ac.uk/assets/Uploads/Health-and-Safety-Manual-and-Policy-Revised-March-2024.pdf
Result: url='https://www.bolton.ac.uk/assets/Uploads/Health-and-Safety-Manual-and-Policy-Revised-March-2024.pdf' html='' success=False cleaned_html=None media={} links={} downloaded_files=None screenshot=None pdf=None markdown=None markdown_v2=None fit_markdown=None fit_html=None extracted_content=None metadata=None error_message='Unexpected error in _crawl_web at line 1205 in _crawl_web (../../.pyenv/versions/3.12.6/lib/python3.12/site-packages/crawl4ai/async_crawler_strategy.py):\nError: Failed on navigating ACS-GOTO:\nPage.goto: net::ERR_FAILED at https://www.bolton.ac.uk/assets/Uploads/Health-and-Safety-Manual-and-Policy-Revised-March-2024.pdf\nCall log:\n  - navigating to "https://www.bolton.ac.uk/assets/Uploads/Health-and-Safety-Manual-and-Policy-Revised-March-2024.pdf", waiting until "domcontentloaded"\n\n\nCode context:\n1200   \n1201                       response = await page.goto(\n1202                           url, wait_until=config.wait_until, timeout=config.page_timeout\n1203                       )\n1204                   except Error as e:\n1205 →                     raise RuntimeError(f"Failed on navigating ACS-GOTO:\\n{str(e)}")\n1206   \n1207                   await self.execute_hook("after_goto", page, context=context, url=url, response=response)\n1208   \n1209                   if response is None:\n1210                       status_code = 200' session_id=None response_headers=None status_code=None ssl_certificate=None


Failed to crawl: https://www.bolton.ac.uk/assets/Uploads/responsible-research-managing-h-s-in-research2.pdf
Result: url='https://www.bolton.ac.uk/assets/Uploads/responsible-research-managing-h-s-in-research2.pdf' html='' success=False cleaned_html=None media={} links={} downloaded_files=None screenshot=None pdf=None markdown=None markdown_v2=None fit_markdown=None fit_html=None extracted_content=None metadata=None error_message='Unexpected error in _crawl_web at line 1205 in _crawl_web (../../.pyenv/versions/3.12.6/lib/python3.12/site-packages/crawl4ai/async_crawler_strategy.py):\nError: Failed on navigating ACS-GOTO:\nPage.goto: net::ERR_FAILED at https://www.bolton.ac.uk/assets/Uploads/responsible-research-managing-h-s-in-research2.pdf\nCall log:\n  - navigating to "https://www.bolton.ac.uk/assets/Uploads/responsible-research-managing-h-s-in-research2.pdf", waiting until "domcontentloaded"\n\n\nCode context:\n1200   \n1201                       response = await page.goto(\n1202                           url, wait_until=config.wait_until, timeout=config.page_timeout\n1203                       )\n1204                   except Error as e:\n1205 →                     raise RuntimeError(f"Failed on navigating ACS-GOTO:\\n{str(e)}")\n1206   \n1207                   await self.execute_hook("after_goto", page, context=context, url=url, response=response)\n1208   \n1209                   if response is None:\n1210                       status_code = 200' session_id=None response_headers=None status_code=None ssl_certificate=None


Failed to crawl: https://www.bolton.ac.uk/assets/Uploads/Post-Grad-C1-Prof-Conduct-in-Research2.pdf
Result: url='https://www.bolton.ac.uk/assets/Uploads/Post-Grad-C1-Prof-Conduct-in-Research2.pdf' html='' success=False cleaned_html=None media={} links={} downloaded_files=None screenshot=None pdf=None markdown=None markdown_v2=None fit_markdown=None fit_html=None extracted_content=None metadata=None error_message='Unexpected error in _crawl_web at line 1205 in _crawl_web (../../.pyenv/versions/3.12.6/lib/python3.12/site-packages/crawl4ai/async_crawler_strategy.py):\nError: Failed on navigating ACS-GOTO:\nPage.goto: net::ERR_FAILED at https://www.bolton.ac.uk/assets/Uploads/Post-Grad-C1-Prof-Conduct-in-Research2.pdf\nCall log:\n  - navigating to "https://www.bolton.ac.uk/assets/Uploads/Post-Grad-C1-Prof-Conduct-in-Research2.pdf", waiting until "domcontentloaded"\n\n\nCode context:\n1200   \n1201                       response = await page.goto(\n1202                           url, wait_until=config.wait_until, timeout=config.page_timeout\n1203                       )\n1204                   except Error as e:\n1205 →                     raise RuntimeError(f"Failed on navigating ACS-GOTO:\\n{str(e)}")\n1206   \n1207                   await self.execute_hook("after_goto", page, context=context, url=url, response=response)\n1208   \n1209                   if response is None:\n1210                       status_code = 200' session_id=None response_headers=None status_code=None ssl_certificate=None


Failed to crawl: https://www.bolton.ac.uk/assets/Uploads/Social-media-ethics-study-Aberdeen-2019.pdf
Result: url='https://www.bolton.ac.uk/assets/Uploads/Social-media-ethics-study-Aberdeen-2019.pdf' html='' success=False cleaned_html=None media={} links={} downloaded_files=None screenshot=None pdf=None markdown=None markdown_v2=None fit_markdown=None fit_html=None extracted_content=None metadata=None error_message='Unexpected error in _crawl_web at line 1205 in _crawl_web (../../.pyenv/versions/3.12.6/lib/python3.12/site-packages/crawl4ai/async_crawler_strategy.py):\nError: Failed on navigating ACS-GOTO:\nPage.goto: net::ERR_FAILED at https://www.bolton.ac.uk/assets/Uploads/Social-media-ethics-study-Aberdeen-2019.pdf\nCall log:\n  - navigating to "https://www.bolton.ac.uk/assets/Uploads/Social-media-ethics-study-Aberdeen-2019.pdf", waiting until "domcontentloaded"\n\n\nCode context:\n1200   \n1201                       response = await page.goto(\n1202                           url, wait_until=config.wait_until, timeout=config.page_timeout\n1203                       )\n1204                   except Error as e:\n1205 →                     raise RuntimeError(f"Failed on navigating ACS-GOTO:\\n{str(e)}")\n1206   \n1207                   await self.execute_hook("after_goto", page, context=context, url=url, response=response)\n1208   \n1209                   if response is None:\n1210                       status_code = 200' session_id=None response_headers=None status_code=None ssl_certificate=None


Failed to crawl: https://www.gannon.edu/about-gannon/initiatives/grants/cares-act/
Result: url='https://www.gannon.edu/about-gannon/initiatives/grants/cares-act/' html='' success=False cleaned_html=None media={} links={} downloaded_files=None screenshot=None pdf=None markdown=None markdown_v2=None fit_markdown=None fit_html=None extracted_content=None metadata=None error_message='Unexpected error in _crawl_web at line 1205 in _crawl_web (../../.pyenv/versions/3.12.6/lib/python3.12/site-packages/crawl4ai/async_crawler_strategy.py):\nError: Failed on navigating ACS-GOTO:\nPage.goto: Timeout 10000ms exceeded.\nCall log:\n  - navigating to "https://www.gannon.edu/about-gannon/initiatives/grants/cares-act/", waiting until "domcontentloaded"\n\n\nCode context:\n1200   \n1201                       response = await page.goto(\n1202                           url, wait_until=config.wait_until, timeout=config.page_timeout\n1203                       )\n1204                   except Error as e:\n1205 →                     raise RuntimeError(f"Failed on navigating ACS-GOTO:\\n{str(e)}")\n1206   \n1207                   await self.execute_hook("after_goto", page, context=context, url=url, response=response)\n1208   \n1209                   if response is None:\n1210                       status_code = 200' session_id=None response_headers=None status_code=None ssl_certificate=None


Failed to crawl: https://www.gannon.edu/academic-offerings/humanities-education-and-social-sciences/undergraduate/advertising-communication/admission-requirements/
Result: url='https://www.gannon.edu/academic-offerings/humanities-education-and-social-sciences/undergraduate/advertising-communication/admission-requirements/' html='' success=False cleaned_html=None media={} links={} downloaded_files=None screenshot=None pdf=None markdown=None markdown_v2=None fit_markdown=None fit_html=None extracted_content=None metadata=None error_message='Unexpected error in _crawl_web at line 1205 in _crawl_web (../../.pyenv/versions/3.12.6/lib/python3.12/site-packages/crawl4ai/async_crawler_strategy.py):\nError: Failed on navigating ACS-GOTO:\nPage.goto: Timeout 10000ms exceeded.\nCall log:\n  - navigating to "https://www.gannon.edu/academic-offerings/humanities-education-and-social-sciences/undergraduate/advertising-communication/admission-requirements/", waiting until "domcontentloaded"\n\n\nCode context:\n1200   \n1201                       response = await page.goto(\n1202                           url, wait_until=config.wait_until, timeout=config.page_timeout\n1203                       )\n1204                   except Error as e:\n1205 →                     raise RuntimeError(f"Failed on navigating ACS-GOTO:\\n{str(e)}")\n1206   \n1207                   await self.execute_hook("after_goto", page, context=context, url=url, response=response)\n1208   \n1209                   if response is None:\n1210                       status_code = 200' session_id=None response_headers=None status_code=None ssl_certificate=None


Failed to crawl: https://www.gannon.edu/policies/privacy-policy/
Result: url='https://www.gannon.edu/policies/privacy-policy/' html='' success=False cleaned_html=None media={} links={} downloaded_files=None screenshot=None pdf=None markdown=None markdown_v2=None fit_markdown=None fit_html=None extracted_content=None metadata=None error_message='Unexpected error in _crawl_web at line 1205 in _crawl_web (../../.pyenv/versions/3.12.6/lib/python3.12/site-packages/crawl4ai/async_crawler_strategy.py):\nError: Failed on navigating ACS-GOTO:\nPage.goto: Timeout 10000ms exceeded.\nCall log:\n  - navigating to "https://www.gannon.edu/policies/privacy-policy/", waiting until "domcontentloaded"\n\n\nCode context:\n1200   \n1201                       response = await page.goto(\n1202                           url, wait_until=config.wait_until, timeout=config.page_timeout\n1203                       )\n1204                   except Error as e:\n1205 →                     raise RuntimeError(f"Failed on navigating ACS-GOTO:\\n{str(e)}")\n1206   \n1207                   await self.execute_hook("after_goto", page, context=context, url=url, response=response)\n1208   \n1209                   if response is None:\n1210                       status_code = 200' session_id=None response_headers=None status_code=None ssl_certificate=None


Failed to crawl: https://www.gannon.edu/academic-offerings/learning-abroad/gift-courses/
Result: url='https://www.gannon.edu/academic-offerings/learning-abroad/gift-courses/' html='' success=False cleaned_html=None media={} links={} downloaded_files=None screenshot=None pdf=None markdown=None markdown_v2=None fit_markdown=None fit_html=None extracted_content=None metadata=None error_message='Unexpected error in _crawl_web at line 1205 in _crawl_web (../../.pyenv/versions/3.12.6/lib/python3.12/site-packages/crawl4ai/async_crawler_strategy.py):\nError: Failed on navigating ACS-GOTO:\nPage.goto: Timeout 10000ms exceeded.\nCall log:\n  - navigating to "https://www.gannon.edu/academic-offerings/learning-abroad/gift-courses/", waiting until "domcontentloaded"\n\n\nCode context:\n1200   \n1201                       response = await page.goto(\n1202                           url, wait_until=config.wait_until, timeout=config.page_timeout\n1203                       )\n1204                   except Error as e:\n1205 →                     raise RuntimeError(f"Failed on navigating ACS-GOTO:\\n{str(e)}")\n1206   \n1207                   await self.execute_hook("after_goto", page, context=context, url=url, response=response)\n1208   \n1209                   if response is None:\n1210                       status_code = 200' session_id=None response_headers=None status_code=None ssl_certificate=None


Failed to crawl: https://www.gannon.edu/academic-offerings/learning-abroad/spend-a-semester-at-gannon/
Result: url='https://www.gannon.edu/academic-offerings/learning-abroad/spend-a-semester-at-gannon/' html='' success=False cleaned_html=None media={} links={} downloaded_files=None screenshot=None pdf=None markdown=None markdown_v2=None fit_markdown=None fit_html=None extracted_content=None metadata=None error_message='Unexpected error in _crawl_web at line 1205 in _crawl_web (../../.pyenv/versions/3.12.6/lib/python3.12/site-packages/crawl4ai/async_crawler_strategy.py):\nError: Failed on navigating ACS-GOTO:\nPage.goto: Timeout 10000ms exceeded.\nCall log:\n  - navigating to "https://www.gannon.edu/academic-offerings/learning-abroad/spend-a-semester-at-gannon/", waiting until "domcontentloaded"\n\n\nCode context:\n1200   \n1201                       response = await page.goto(\n1202                           url, wait_until=config.wait_until, timeout=config.page_timeout\n1203                       )\n1204                   except Error as e:\n1205 →                     raise RuntimeError(f"Failed on navigating ACS-GOTO:\\n{str(e)}")\n1206   \n1207                   await self.execute_hook("after_goto", page, context=context, url=url, response=response)\n1208   \n1209                   if response is None:\n1210                       status_code = 200' session_id=None response_headers=None status_code=None ssl_certificate=None


Failed to crawl: https://www.gannon.edu/academic-offerings/engineering-and-business/undergraduate/cybersecurity/
Result: url='https://www.gannon.edu/academic-offerings/engineering-and-business/undergraduate/cybersecurity/' html='' success=False cleaned_html=None media={} links={} downloaded_files=None screenshot=None pdf=None markdown=None markdown_v2=None fit_markdown=None fit_html=None extracted_content=None metadata=None error_message='Unexpected error in _crawl_web at line 1205 in _crawl_web (../../.pyenv/versions/3.12.6/lib/python3.12/site-packages/crawl4ai/async_crawler_strategy.py):\nError: Failed on navigating ACS-GOTO:\nPage.goto: Timeout 10000ms exceeded.\nCall log:\n  - navigating to "https://www.gannon.edu/academic-offerings/engineering-and-business/undergraduate/cybersecurity/", waiting until "domcontentloaded"\n\n\nCode context:\n1200   \n1201                       response = await page.goto(\n1202                           url, wait_until=config.wait_until, timeout=config.page_timeout\n1203                       )\n1204                   except Error as e:\n1205 →                     raise RuntimeError(f"Failed on navigating ACS-GOTO:\\n{str(e)}")\n1206   \n1207                   await self.execute_hook("after_goto", page, context=context, url=url, response=response)\n1208   \n1209                   if response is None:\n1210                       status_code = 200' session_id=None response_headers=None status_code=None ssl_certificate=None


Failed to crawl: https://www.gannon.edu/admissions/graduate-admissions/for-accepted-students/
Result: url='https://www.gannon.edu/admissions/graduate-admissions/for-accepted-students/' html='' success=False cleaned_html=None media={} links={} downloaded_files=None screenshot=None pdf=None markdown=None markdown_v2=None fit_markdown=None fit_html=None extracted_content=None metadata=None error_message='Unexpected error in _crawl_web at line 1205 in _crawl_web (../../.pyenv/versions/3.12.6/lib/python3.12/site-packages/crawl4ai/async_crawler_strategy.py):\nError: Failed on navigating ACS-GOTO:\nPage.goto: Timeout 10000ms exceeded.\nCall log:\n  - navigating to "https://www.gannon.edu/admissions/graduate-admissions/for-accepted-students/", waiting until "domcontentloaded"\n\n\nCode context:\n1200   \n1201                       response = await page.goto(\n1202                           url, wait_until=config.wait_until, timeout=config.page_timeout\n1203                       )\n1204                   except Error as e:\n1205 →                     raise RuntimeError(f"Failed on navigating ACS-GOTO:\\n{str(e)}")\n1206   \n1207                   await self.execute_hook("after_goto", page, context=context, url=url, response=response)\n1208   \n1209                   if response is None:\n1210                       status_code = 200' session_id=None response_headers=None status_code=None ssl_certificate=None


Failed to crawl: https://www.gannon.edu/academic-offerings/engineering-and-business/undergraduate/sport-business/
Result: url='https://www.gannon.edu/academic-offerings/engineering-and-business/undergraduate/sport-business/' html='' success=False cleaned_html=None media={} links={} downloaded_files=None screenshot=None pdf=None markdown=None markdown_v2=None fit_markdown=None fit_html=None extracted_content=None metadata=None error_message='Unexpected error in _crawl_web at line 1205 in _crawl_web (../../.pyenv/versions/3.12.6/lib/python3.12/site-packages/crawl4ai/async_crawler_strategy.py):\nError: Failed on navigating ACS-GOTO:\nPage.goto: Timeout 10000ms exceeded.\nCall log:\n  - navigating to "https://www.gannon.edu/academic-offerings/engineering-and-business/undergraduate/sport-business/", waiting until "domcontentloaded"\n\n\nCode context:\n1200   \n1201                       response = await page.goto(\n1202                           url, wait_until=config.wait_until, timeout=config.page_timeout\n1203                       )\n1204                   except Error as e:\n1205 →                     raise RuntimeError(f"Failed on navigating ACS-GOTO:\\n{str(e)}")\n1206   \n1207                   await self.execute_hook("after_goto", page, context=context, url=url, response=response)\n1208   \n1209                   if response is None:\n1210                       status_code = 200' session_id=None response_headers=None status_code=None ssl_certificate=None


Failed to crawl: https://www.gannon.edu/academic-offerings/engineering-and-business/undergraduate/software-engineering-international-degrees/admission-requirements/
Result: url='https://www.gannon.edu/academic-offerings/engineering-and-business/undergraduate/software-engineering-international-degrees/admission-requirements/' html='' success=False cleaned_html=None media={} links={} downloaded_files=None screenshot=None pdf=None markdown=None markdown_v2=None fit_markdown=None fit_html=None extracted_content=None metadata=None error_message='Unexpected error in _crawl_web at line 1205 in _crawl_web (../../.pyenv/versions/3.12.6/lib/python3.12/site-packages/crawl4ai/async_crawler_strategy.py):\nError: Failed on navigating ACS-GOTO:\nPage.goto: Timeout 10000ms exceeded.\nCall log:\n  - navigating to "https://www.gannon.edu/academic-offerings/engineering-and-business/undergraduate/software-engineering-international-degrees/admission-requirements/", waiting until "domcontentloaded"\n\n\nCode context:\n1200   \n1201                       response = await page.goto(\n1202                           url, wait_until=config.wait_until, timeout=config.page_timeout\n1203                       )\n1204                   except Error as e:\n1205 →                     raise RuntimeError(f"Failed on navigating ACS-GOTO:\\n{str(e)}")\n1206   \n1207                   await self.execute_hook("after_goto", page, context=context, url=url, response=response)\n1208   \n1209                   if response is None:\n1210                       status_code = 200' session_id=None response_headers=None status_code=None ssl_certificate=None


Failed to crawl: https://www.gannon.edu/academic-offerings/special-programs/rotc/
Result: url='https://www.gannon.edu/academic-offerings/special-programs/rotc/' html='' success=False cleaned_html=None media={} links={} downloaded_files=None screenshot=None pdf=None markdown=None markdown_v2=None fit_markdown=None fit_html=None extracted_content=None metadata=None error_message='Unexpected error in _crawl_web at line 1205 in _crawl_web (../../.pyenv/versions/3.12.6/lib/python3.12/site-packages/crawl4ai/async_crawler_strategy.py):\nError: Failed on navigating ACS-GOTO:\nPage.goto: Timeout 10000ms exceeded.\nCall log:\n  - navigating to "https://www.gannon.edu/academic-offerings/special-programs/rotc/", waiting until "domcontentloaded"\n\n\nCode context:\n1200   \n1201                       response = await page.goto(\n1202                           url, wait_until=config.wait_until, timeout=config.page_timeout\n1203                       )\n1204                   except Error as e:\n1205 →                     raise RuntimeError(f"Failed on navigating ACS-GOTO:\\n{str(e)}")\n1206   \n1207                   await self.execute_hook("after_goto", page, context=context, url=url, response=response)\n1208   \n1209                   if response is None:\n1210                       status_code = 200' session_id=None response_headers=None status_code=None ssl_certificate=None


Failed to crawl: https://www.gannon.edu/admissions/undergraduate-admissions/for-accepted-students/resource-hub/
Result: url='https://www.gannon.edu/admissions/undergraduate-admissions/for-accepted-students/resource-hub/' html='' success=False cleaned_html=None media={} links={} downloaded_files=None screenshot=None pdf=None markdown=None markdown_v2=None fit_markdown=None fit_html=None extracted_content=None metadata=None error_message='Unexpected error in _crawl_web at line 1205 in _crawl_web (../../.pyenv/versions/3.12.6/lib/python3.12/site-packages/crawl4ai/async_crawler_strategy.py):\nError: Failed on navigating ACS-GOTO:\nPage.goto: Timeout 10000ms exceeded.\nCall log:\n  - navigating to "https://www.gannon.edu/admissions/undergraduate-admissions/for-accepted-students/resource-hub/", waiting until "domcontentloaded"\n\n\nCode context:\n1200   \n1201                       response = await page.goto(\n1202                           url, wait_until=config.wait_until, timeout=config.page_timeout\n1203                       )\n1204                   except Error as e:\n1205 →                     raise RuntimeError(f"Failed on navigating ACS-GOTO:\\n{str(e)}")\n1206   \n1207                   await self.execute_hook("after_goto", page, context=context, url=url, response=response)\n1208   \n1209                   if response is None:\n1210                       status_code = 200' session_id=None response_headers=None status_code=None ssl_certificate=None


Failed to crawl: https://www.gannon.edu/academic-offerings/special-programs/
Result: url='https://www.gannon.edu/academic-offerings/special-programs/' html='' success=False cleaned_html=None media={} links={} downloaded_files=None screenshot=None pdf=None markdown=None markdown_v2=None fit_markdown=None fit_html=None extracted_content=None metadata=None error_message='Unexpected error in _crawl_web at line 1205 in _crawl_web (../../.pyenv/versions/3.12.6/lib/python3.12/site-packages/crawl4ai/async_crawler_strategy.py):\nError: Failed on navigating ACS-GOTO:\nPage.goto: Timeout 10000ms exceeded.\nCall log:\n  - navigating to "https://www.gannon.edu/academic-offerings/special-programs/", waiting until "domcontentloaded"\n\n\nCode context:\n1200   \n1201                       response = await page.goto(\n1202                           url, wait_until=config.wait_until, timeout=config.page_timeout\n1203                       )\n1204                   except Error as e:\n1205 →                     raise RuntimeError(f"Failed on navigating ACS-GOTO:\\n{str(e)}")\n1206   \n1207                   await self.execute_hook("after_goto", page, context=context, url=url, response=response)\n1208   \n1209                   if response is None:\n1210                       status_code = 200' session_id=None response_headers=None status_code=None ssl_certificate=None


Failed to crawl: https://www.gannon.edu/academic-offerings/engineering-and-business/school-of-engineering-and-computing/
Result: url='https://www.gannon.edu/academic-offerings/engineering-and-business/school-of-engineering-and-computing/' html='' success=False cleaned_html=None media={} links={} downloaded_files=None screenshot=None pdf=None markdown=None markdown_v2=None fit_markdown=None fit_html=None extracted_content=None metadata=None error_message='Unexpected error in _crawl_web at line 1205 in _crawl_web (../../.pyenv/versions/3.12.6/lib/python3.12/site-packages/crawl4ai/async_crawler_strategy.py):\nError: Failed on navigating ACS-GOTO:\nPage.goto: Timeout 10000ms exceeded.\nCall log:\n  - navigating to "https://www.gannon.edu/academic-offerings/engineering-and-business/school-of-engineering-and-computing/", waiting until "domcontentloaded"\n\n\nCode context:\n1200   \n1201                       response = await page.goto(\n1202                           url, wait_until=config.wait_until, timeout=config.page_timeout\n1203                       )\n1204                   except Error as e:\n1205 →                     raise RuntimeError(f"Failed on navigating ACS-GOTO:\\n{str(e)}")\n1206   \n1207                   await self.execute_hook("after_goto", page, context=context, url=url, response=response)\n1208   \n1209                   if response is None:\n1210                       status_code = 200' session_id=None response_headers=None status_code=None ssl_certificate=None


Failed to crawl: https://www.gannon.edu/academic-offerings/engineering-and-business/graduate/engineering-management/admission-requirements/
Result: url='https://www.gannon.edu/academic-offerings/engineering-and-business/graduate/engineering-management/admission-requirements/' html='' success=False cleaned_html=None media={} links={} downloaded_files=None screenshot=None pdf=None markdown=None markdown_v2=None fit_markdown=None fit_html=None extracted_content=None metadata=None error_message='Unexpected error in _crawl_web at line 1205 in _crawl_web (../../.pyenv/versions/3.12.6/lib/python3.12/site-packages/crawl4ai/async_crawler_strategy.py):\nError: Failed on navigating ACS-GOTO:\nPage.goto: Timeout 10000ms exceeded.\nCall log:\n  - navigating to "https://www.gannon.edu/academic-offerings/engineering-and-business/graduate/engineering-management/admission-requirements/", waiting until "domcontentloaded"\n\n\nCode context:\n1200   \n1201                       response = await page.goto(\n1202                           url, wait_until=config.wait_until, timeout=config.page_timeout\n1203                       )\n1204                   except Error as e:\n1205 →                     raise RuntimeError(f"Failed on navigating ACS-GOTO:\\n{str(e)}")\n1206   \n1207                   await self.execute_hook("after_goto", page, context=context, url=url, response=response)\n1208   \n1209                   if response is None:\n1210                       status_code = 200' session_id=None response_headers=None status_code=None ssl_certificate=None


Failed to crawl: https://www.gannon.edu/tuition-and-financial-aid/types-of-financial-aid/aid-for-part-time-students/
Result: url='https://www.gannon.edu/tuition-and-financial-aid/types-of-financial-aid/aid-for-part-time-students/' html='' success=False cleaned_html=None media={} links={} downloaded_files=None screenshot=None pdf=None markdown=None markdown_v2=None fit_markdown=None fit_html=None extracted_content=None metadata=None error_message='Unexpected error in _crawl_web at line 1205 in _crawl_web (../../.pyenv/versions/3.12.6/lib/python3.12/site-packages/crawl4ai/async_crawler_strategy.py):\nError: Failed on navigating ACS-GOTO:\nPage.goto: Timeout 10000ms exceeded.\nCall log:\n  - navigating to "https://www.gannon.edu/tuition-and-financial-aid/types-of-financial-aid/aid-for-part-time-students/", waiting until "domcontentloaded"\n\n\nCode context:\n1200   \n1201                       response = await page.goto(\n1202                           url, wait_until=config.wait_until, timeout=config.page_timeout\n1203                       )\n1204                   except Error as e:\n1205 →                     raise RuntimeError(f"Failed on navigating ACS-GOTO:\\n{str(e)}")\n1206   \n1207                   await self.execute_hook("after_goto", page, context=context, url=url, response=response)\n1208   \n1209                   if response is None:\n1210                       status_code = 200' session_id=None response_headers=None status_code=None ssl_certificate=None


Failed to crawl: https://www.gannon.edu/tuition-and-financial-aid/tuition-and-fees/payment-options/
Result: url='https://www.gannon.edu/tuition-and-financial-aid/tuition-and-fees/payment-options/' html='' success=False cleaned_html=None media={} links={} downloaded_files=None screenshot=None pdf=None markdown=None markdown_v2=None fit_markdown=None fit_html=None extracted_content=None metadata=None error_message='Unexpected error in _crawl_web at line 1205 in _crawl_web (../../.pyenv/versions/3.12.6/lib/python3.12/site-packages/crawl4ai/async_crawler_strategy.py):\nError: Failed on navigating ACS-GOTO:\nPage.goto: Timeout 10000ms exceeded.\nCall log:\n  - navigating to "https://www.gannon.edu/tuition-and-financial-aid/tuition-and-fees/payment-options/", waiting until "domcontentloaded"\n\n\nCode context:\n1200   \n1201                       response = await page.goto(\n1202                           url, wait_until=config.wait_until, timeout=config.page_timeout\n1203                       )\n1204                   except Error as e:\n1205 →                     raise RuntimeError(f"Failed on navigating ACS-GOTO:\\n{str(e)}")\n1206   \n1207                   await self.execute_hook("after_goto", page, context=context, url=url, response=response)\n1208   \n1209                   if response is None:\n1210                       status_code = 200' session_id=None response_headers=None status_code=None ssl_certificate=None


Failed to crawl: https://www.gannon.edu/academic-offerings/humanities-education-and-social-sciences/graduate/strategic-communication/
Result: url='https://www.gannon.edu/academic-offerings/humanities-education-and-social-sciences/graduate/strategic-communication/' html='' success=False cleaned_html=None media={} links={} downloaded_files=None screenshot=None pdf=None markdown=None markdown_v2=None fit_markdown=None fit_html=None extracted_content=None metadata=None error_message='Unexpected error in _crawl_web at line 1205 in _crawl_web (../../.pyenv/versions/3.12.6/lib/python3.12/site-packages/crawl4ai/async_crawler_strategy.py):\nError: Failed on navigating ACS-GOTO:\nPage.goto: Timeout 10000ms exceeded.\nCall log:\n  - navigating to "https://www.gannon.edu/academic-offerings/humanities-education-and-social-sciences/graduate/strategic-communication/", waiting until "domcontentloaded"\n\n\nCode context:\n1200   \n1201                       response = await page.goto(\n1202                           url, wait_until=config.wait_until, timeout=config.page_timeout\n1203                       )\n1204                   except Error as e:\n1205 →                     raise RuntimeError(f"Failed on navigating ACS-GOTO:\\n{str(e)}")\n1206   \n1207                   await self.execute_hook("after_goto", page, context=context, url=url, response=response)\n1208   \n1209                   if response is None:\n1210                       status_code = 200' session_id=None response_headers=None status_code=None ssl_certificate=None


Failed to crawl: https://www.gannon.edu/academic-offerings/humanities-education-and-social-sciences/graduate/superintendent-letter-of-eligibility/
Result: url='https://www.gannon.edu/academic-offerings/humanities-education-and-social-sciences/graduate/superintendent-letter-of-eligibility/' html='' success=False cleaned_html=None media={} links={} downloaded_files=None screenshot=None pdf=None markdown=None markdown_v2=None fit_markdown=None fit_html=None extracted_content=None metadata=None error_message='Unexpected error in _crawl_web at line 1205 in _crawl_web (../../.pyenv/versions/3.12.6/lib/python3.12/site-packages/crawl4ai/async_crawler_strategy.py):\nError: Failed on navigating ACS-GOTO:\nPage.goto: Timeout 10000ms exceeded.\nCall log:\n  - navigating to "https://www.gannon.edu/academic-offerings/humanities-education-and-social-sciences/graduate/superintendent-letter-of-eligibility/", waiting until "domcontentloaded"\n\n\nCode context:\n1200   \n1201                       response = await page.goto(\n1202                           url, wait_until=config.wait_until, timeout=config.page_timeout\n1203                       )\n1204                   except Error as e:\n1205 →                     raise RuntimeError(f"Failed on navigating ACS-GOTO:\\n{str(e)}")\n1206   \n1207                   await self.execute_hook("after_goto", page, context=context, url=url, response=response)\n1208   \n1209                   if response is None:\n1210                       status_code = 200' session_id=None response_headers=None status_code=None ssl_certificate=None


Failed to crawl: https://www.gannon.edu/tuition-and-financial-aid/tuition-and-fees/undergraduate-tuition/
Result: url='https://www.gannon.edu/tuition-and-financial-aid/tuition-and-fees/undergraduate-tuition/' html='' success=False cleaned_html=None media={} links={} downloaded_files=None screenshot=None pdf=None markdown=None markdown_v2=None fit_markdown=None fit_html=None extracted_content=None metadata=None error_message='Unexpected error in _crawl_web at line 1205 in _crawl_web (../../.pyenv/versions/3.12.6/lib/python3.12/site-packages/crawl4ai/async_crawler_strategy.py):\nError: Failed on navigating ACS-GOTO:\nPage.goto: Timeout 10000ms exceeded.\nCall log:\n  - navigating to "https://www.gannon.edu/tuition-and-financial-aid/tuition-and-fees/undergraduate-tuition/", waiting until "domcontentloaded"\n\n\nCode context:\n1200   \n1201                       response = await page.goto(\n1202                           url, wait_until=config.wait_until, timeout=config.page_timeout\n1203                       )\n1204                   except Error as e:\n1205 →                     raise RuntimeError(f"Failed on navigating ACS-GOTO:\\n{str(e)}")\n1206   \n1207                   await self.execute_hook("after_goto", page, context=context, url=url, response=response)\n1208   \n1209                   if response is None:\n1210                       status_code = 200' session_id=None response_headers=None status_code=None ssl_certificate=None


Failed to crawl: https://www.gannon.edu/tuition-and-financial-aid/types-of-financial-aid/tuition-exchange-programs/
Result: url='https://www.gannon.edu/tuition-and-financial-aid/types-of-financial-aid/tuition-exchange-programs/' html='' success=False cleaned_html=None media={} links={} downloaded_files=None screenshot=None pdf=None markdown=None markdown_v2=None fit_markdown=None fit_html=None extracted_content=None metadata=None error_message='Unexpected error in _crawl_web at line 1205 in _crawl_web (../../.pyenv/versions/3.12.6/lib/python3.12/site-packages/crawl4ai/async_crawler_strategy.py):\nError: Failed on navigating ACS-GOTO:\nPage.goto: Timeout 10000ms exceeded.\nCall log:\n  - navigating to "https://www.gannon.edu/tuition-and-financial-aid/types-of-financial-aid/tuition-exchange-programs/", waiting until "domcontentloaded"\n\n\nCode context:\n1200   \n1201                       response = await page.goto(\n1202                           url, wait_until=config.wait_until, timeout=config.page_timeout\n1203                       )\n1204                   except Error as e:\n1205 →                     raise RuntimeError(f"Failed on navigating ACS-GOTO:\\n{str(e)}")\n1206   \n1207                   await self.execute_hook("after_goto", page, context=context, url=url, response=response)\n1208   \n1209                   if response is None:\n1210                       status_code = 200' session_id=None response_headers=None status_code=None ssl_certificate=None


Failed to crawl: https://www.gannon.edu/academic-offerings/health-professions-and-sciences/graduate/physical-therapy/
Result: url='https://www.gannon.edu/academic-offerings/health-professions-and-sciences/graduate/physical-therapy/' html='' success=False cleaned_html=None media={} links={} downloaded_files=None screenshot=None pdf=None markdown=None markdown_v2=None fit_markdown=None fit_html=None extracted_content=None metadata=None error_message='Unexpected error in _crawl_web at line 1205 in _crawl_web (../../.pyenv/versions/3.12.6/lib/python3.12/site-packages/crawl4ai/async_crawler_strategy.py):\nError: Failed on navigating ACS-GOTO:\nPage.goto: Timeout 10000ms exceeded.\nCall log:\n  - navigating to "https://www.gannon.edu/academic-offerings/health-professions-and-sciences/graduate/physical-therapy/", waiting until "domcontentloaded"\n\n\nCode context:\n1200   \n1201                       response = await page.goto(\n1202                           url, wait_until=config.wait_until, timeout=config.page_timeout\n1203                       )\n1204                   except Error as e:\n1205 →                     raise RuntimeError(f"Failed on navigating ACS-GOTO:\\n{str(e)}")\n1206   \n1207                   await self.execute_hook("after_goto", page, context=context, url=url, response=response)\n1208   \n1209                   if response is None:\n1210                       status_code = 200' session_id=None response_headers=None status_code=None ssl_certificate=None


Failed to crawl: https://www.gannon.edu/academic-offerings/humanities-education-and-social-sciences/graduate/secondary-teaching-certification/
Result: url='https://www.gannon.edu/academic-offerings/humanities-education-and-social-sciences/graduate/secondary-teaching-certification/' html='' success=False cleaned_html=None media={} links={} downloaded_files=None screenshot=None pdf=None markdown=None markdown_v2=None fit_markdown=None fit_html=None extracted_content=None metadata=None error_message='Unexpected error in _crawl_web at line 1205 in _crawl_web (../../.pyenv/versions/3.12.6/lib/python3.12/site-packages/crawl4ai/async_crawler_strategy.py):\nError: Failed on navigating ACS-GOTO:\nPage.goto: Timeout 10000ms exceeded.\nCall log:\n  - navigating to "https://www.gannon.edu/academic-offerings/humanities-education-and-social-sciences/graduate/secondary-teaching-certification/", waiting until "domcontentloaded"\n\n\nCode context:\n1200   \n1201                       response = await page.goto(\n1202                           url, wait_until=config.wait_until, timeout=config.page_timeout\n1203                       )\n1204                   except Error as e:\n1205 →                     raise RuntimeError(f"Failed on navigating ACS-GOTO:\\n{str(e)}")\n1206   \n1207                   await self.execute_hook("after_goto", page, context=context, url=url, response=response)\n1208   \n1209                   if response is None:\n1210                       status_code = 200' session_id=None response_headers=None status_code=None ssl_certificate=None


Failed to crawl: https://www.gannon.edu/academic-offerings/engineering-and-business/graduate/environmental-science-and-management/
Result: url='https://www.gannon.edu/academic-offerings/engineering-and-business/graduate/environmental-science-and-management/' html='' success=False cleaned_html=None media={} links={} downloaded_files=None screenshot=None pdf=None markdown=None markdown_v2=None fit_markdown=None fit_html=None extracted_content=None metadata=None error_message='Unexpected error in _crawl_web at line 1205 in _crawl_web (../../.pyenv/versions/3.12.6/lib/python3.12/site-packages/crawl4ai/async_crawler_strategy.py):\nError: Failed on navigating ACS-GOTO:\nPage.goto: Timeout 10000ms exceeded.\nCall log:\n  - navigating to "https://www.gannon.edu/academic-offerings/engineering-and-business/graduate/environmental-science-and-management/", waiting until "domcontentloaded"\n\n\nCode context:\n1200   \n1201                       response = await page.goto(\n1202                           url, wait_until=config.wait_until, timeout=config.page_timeout\n1203                       )\n1204                   except Error as e:\n1205 →                     raise RuntimeError(f"Failed on navigating ACS-GOTO:\\n{str(e)}")\n1206   \n1207                   await self.execute_hook("after_goto", page, context=context, url=url, response=response)\n1208   \n1209                   if response is None:\n1210                       status_code = 200' session_id=None response_headers=None status_code=None ssl_certificate=None


Failed to crawl: https://www.gannon.edu/academic-offerings/engineering-and-business/center-for-business-ingenuity/
Result: url='https://www.gannon.edu/academic-offerings/engineering-and-business/center-for-business-ingenuity/' html='' success=False cleaned_html=None media={} links={} downloaded_files=None screenshot=None pdf=None markdown=None markdown_v2=None fit_markdown=None fit_html=None extracted_content=None metadata=None error_message='Unexpected error in _crawl_web at line 1205 in _crawl_web (../../.pyenv/versions/3.12.6/lib/python3.12/site-packages/crawl4ai/async_crawler_strategy.py):\nError: Failed on navigating ACS-GOTO:\nPage.goto: Timeout 10000ms exceeded.\nCall log:\n  - navigating to "https://www.gannon.edu/academic-offerings/engineering-and-business/center-for-business-ingenuity/", waiting until "domcontentloaded"\n\n\nCode context:\n1200   \n1201                       response = await page.goto(\n1202                           url, wait_until=config.wait_until, timeout=config.page_timeout\n1203                       )\n1204                   except Error as e:\n1205 →                     raise RuntimeError(f"Failed on navigating ACS-GOTO:\\n{str(e)}")\n1206   \n1207                   await self.execute_hook("after_goto", page, context=context, url=url, response=response)\n1208   \n1209                   if response is None:\n1210                       status_code = 200' session_id=None response_headers=None status_code=None ssl_certificate=None


Failed to crawl: https://www.gannon.edu/academic-offerings/engineering-and-business/graduate/information-assurance-and-cybersecurity/admission-requirements/
Result: url='https://www.gannon.edu/academic-offerings/engineering-and-business/graduate/information-assurance-and-cybersecurity/admission-requirements/' html='' success=False cleaned_html=None media={} links={} downloaded_files=None screenshot=None pdf=None markdown=None markdown_v2=None fit_markdown=None fit_html=None extracted_content=None metadata=None error_message='Unexpected error in _crawl_web at line 1205 in _crawl_web (../../.pyenv/versions/3.12.6/lib/python3.12/site-packages/crawl4ai/async_crawler_strategy.py):\nError: Failed on navigating ACS-GOTO:\nPage.goto: Timeout 10000ms exceeded.\nCall log:\n  - navigating to "https://www.gannon.edu/academic-offerings/engineering-and-business/graduate/information-assurance-and-cybersecurity/admission-requirements/", waiting until "domcontentloaded"\n\n\nCode context:\n1200   \n1201                       response = await page.goto(\n1202                           url, wait_until=config.wait_until, timeout=config.page_timeout\n1203                       )\n1204                   except Error as e:\n1205 →                     raise RuntimeError(f"Failed on navigating ACS-GOTO:\\n{str(e)}")\n1206   \n1207                   await self.execute_hook("after_goto", page, context=context, url=url, response=response)\n1208   \n1209                   if response is None:\n1210                       status_code = 200' session_id=None response_headers=None status_code=None ssl_certificate=None


Failed to crawl: https://www.gannon.edu/academic-offerings/humanities-education-and-social-sciences/accreditation/
Result: url='https://www.gannon.edu/academic-offerings/humanities-education-and-social-sciences/accreditation/' html='' success=False cleaned_html=None media={} links={} downloaded_files=None screenshot=None pdf=None markdown=None markdown_v2=None fit_markdown=None fit_html=None extracted_content=None metadata=None error_message='Unexpected error in _crawl_web at line 1205 in _crawl_web (../../.pyenv/versions/3.12.6/lib/python3.12/site-packages/crawl4ai/async_crawler_strategy.py):\nError: Failed on navigating ACS-GOTO:\nPage.goto: Timeout 10000ms exceeded.\nCall log:\n  - navigating to "https://www.gannon.edu/academic-offerings/humanities-education-and-social-sciences/accreditation/", waiting until "domcontentloaded"\n\n\nCode context:\n1200   \n1201                       response = await page.goto(\n1202                           url, wait_until=config.wait_until, timeout=config.page_timeout\n1203                       )\n1204                   except Error as e:\n1205 →                     raise RuntimeError(f"Failed on navigating ACS-GOTO:\\n{str(e)}")\n1206   \n1207                   await self.execute_hook("after_goto", page, context=context, url=url, response=response)\n1208   \n1209                   if response is None:\n1210                       status_code = 200' session_id=None response_headers=None status_code=None ssl_certificate=None


Failed to crawl: https://www.gannon.edu/academic-offerings/humanities-education-and-social-sciences/school-of-public-service-and-global-affairs/
Result: url='https://www.gannon.edu/academic-offerings/humanities-education-and-social-sciences/school-of-public-service-and-global-affairs/' html='' success=False cleaned_html=None media={} links={} downloaded_files=None screenshot=None pdf=None markdown=None markdown_v2=None fit_markdown=None fit_html=None extracted_content=None metadata=None error_message='Unexpected error in _crawl_web at line 1205 in _crawl_web (../../.pyenv/versions/3.12.6/lib/python3.12/site-packages/crawl4ai/async_crawler_strategy.py):\nError: Failed on navigating ACS-GOTO:\nPage.goto: Timeout 10000ms exceeded.\nCall log:\n  - navigating to "https://www.gannon.edu/academic-offerings/humanities-education-and-social-sciences/school-of-public-service-and-global-affairs/", waiting until "domcontentloaded"\n\n\nCode context:\n1200   \n1201                       response = await page.goto(\n1202                           url, wait_until=config.wait_until, timeout=config.page_timeout\n1203                       )\n1204                   except Error as e:\n1205 →                     raise RuntimeError(f"Failed on navigating ACS-GOTO:\\n{str(e)}")\n1206   \n1207                   await self.execute_hook("after_goto", page, context=context, url=url, response=response)\n1208   \n1209                   if response is None:\n1210                       status_code = 200' session_id=None response_headers=None status_code=None ssl_certificate=None


Failed to crawl: https://www.gannon.edu/academic-offerings/engineering-and-business/dahlkemper-school-of-business/advisory-board/
Result: url='https://www.gannon.edu/academic-offerings/engineering-and-business/dahlkemper-school-of-business/advisory-board/' html='' success=False cleaned_html=None media={} links={} downloaded_files=None screenshot=None pdf=None markdown=None markdown_v2=None fit_markdown=None fit_html=None extracted_content=None metadata=None error_message='Unexpected error in _crawl_web at line 1205 in _crawl_web (../../.pyenv/versions/3.12.6/lib/python3.12/site-packages/crawl4ai/async_crawler_strategy.py):\nError: Failed on navigating ACS-GOTO:\nPage.goto: Timeout 10000ms exceeded.\nCall log:\n  - navigating to "https://www.gannon.edu/academic-offerings/engineering-and-business/dahlkemper-school-of-business/advisory-board/", waiting until "domcontentloaded"\n\n\nCode context:\n1200   \n1201                       response = await page.goto(\n1202                           url, wait_until=config.wait_until, timeout=config.page_timeout\n1203                       )\n1204                   except Error as e:\n1205 →                     raise RuntimeError(f"Failed on navigating ACS-GOTO:\\n{str(e)}")\n1206   \n1207                   await self.execute_hook("after_goto", page, context=context, url=url, response=response)\n1208   \n1209                   if response is None:\n1210                       status_code = 200' session_id=None response_headers=None status_code=None ssl_certificate=None


Failed to crawl: https://www.gannon.edu/tuition-and-financial-aid/forms-and-documentation/
Result: url='https://www.gannon.edu/tuition-and-financial-aid/forms-and-documentation/' html='' success=False cleaned_html=None media={} links={} downloaded_files=None screenshot=None pdf=None markdown=None markdown_v2=None fit_markdown=None fit_html=None extracted_content=None metadata=None error_message='Unexpected error in _crawl_web at line 1205 in _crawl_web (../../.pyenv/versions/3.12.6/lib/python3.12/site-packages/crawl4ai/async_crawler_strategy.py):\nError: Failed on navigating ACS-GOTO:\nPage.goto: Timeout 10000ms exceeded.\nCall log:\n  - navigating to "https://www.gannon.edu/tuition-and-financial-aid/forms-and-documentation/", waiting until "domcontentloaded"\n\n\nCode context:\n1200   \n1201                       response = await page.goto(\n1202                           url, wait_until=config.wait_until, timeout=config.page_timeout\n1203                       )\n1204                   except Error as e:\n1205 →                     raise RuntimeError(f"Failed on navigating ACS-GOTO:\\n{str(e)}")\n1206   \n1207                   await self.execute_hook("after_goto", page, context=context, url=url, response=response)\n1208   \n1209                   if response is None:\n1210                       status_code = 200' session_id=None response_headers=None status_code=None ssl_certificate=None


Failed to crawl: https://www.gannon.edu/academic-offerings/engineering-and-business/institute-for-health-and-cyber-knowledge/center-for-manufacturing-and-technology/
Result: url='https://www.gannon.edu/academic-offerings/engineering-and-business/institute-for-health-and-cyber-knowledge/center-for-manufacturing-and-technology/' html='' success=False cleaned_html=None media={} links={} downloaded_files=None screenshot=None pdf=None markdown=None markdown_v2=None fit_markdown=None fit_html=None extracted_content=None metadata=None error_message='Unexpected error in _crawl_web at line 1205 in _crawl_web (../../.pyenv/versions/3.12.6/lib/python3.12/site-packages/crawl4ai/async_crawler_strategy.py):\nError: Failed on navigating ACS-GOTO:\nPage.goto: Timeout 10000ms exceeded.\nCall log:\n  - navigating to "https://www.gannon.edu/academic-offerings/engineering-and-business/institute-for-health-and-cyber-knowledge/center-for-manufacturing-and-technology/", waiting until "domcontentloaded"\n\n\nCode context:\n1200   \n1201                       response = await page.goto(\n1202                           url, wait_until=config.wait_until, timeout=config.page_timeout\n1203                       )\n1204                   except Error as e:\n1205 →                     raise RuntimeError(f"Failed on navigating ACS-GOTO:\\n{str(e)}")\n1206   \n1207                   await self.execute_hook("after_goto", page, context=context, url=url, response=response)\n1208   \n1209                   if response is None:\n1210                       status_code = 200' session_id=None response_headers=None status_code=None ssl_certificate=None


Failed to crawl: https://www.gannon.edu/academic-offerings/humanities-education-and-social-sciences/graduate/clinical-mental-health-counseling/admission-requirements/
Result: url='https://www.gannon.edu/academic-offerings/humanities-education-and-social-sciences/graduate/clinical-mental-health-counseling/admission-requirements/' html='' success=False cleaned_html=None media={} links={} downloaded_files=None screenshot=None pdf=None markdown=None markdown_v2=None fit_markdown=None fit_html=None extracted_content=None metadata=None error_message='Unexpected error in _crawl_web at line 1205 in _crawl_web (../../.pyenv/versions/3.12.6/lib/python3.12/site-packages/crawl4ai/async_crawler_strategy.py):\nError: Failed on navigating ACS-GOTO:\nPage.goto: Timeout 10000ms exceeded.\nCall log:\n  - navigating to "https://www.gannon.edu/academic-offerings/humanities-education-and-social-sciences/graduate/clinical-mental-health-counseling/admission-requirements/", waiting until "domcontentloaded"\n\n\nCode context:\n1200   \n1201                       response = await page.goto(\n1202                           url, wait_until=config.wait_until, timeout=config.page_timeout\n1203                       )\n1204                   except Error as e:\n1205 →                     raise RuntimeError(f"Failed on navigating ACS-GOTO:\\n{str(e)}")\n1206   \n1207                   await self.execute_hook("after_goto", page, context=context, url=url, response=response)\n1208   \n1209                   if response is None:\n1210                       status_code = 200' session_id=None response_headers=None status_code=None ssl_certificate=None


Failed to crawl: https://www.gannon.edu/tuition-and-financial-aid/policies/
Result: url='https://www.gannon.edu/tuition-and-financial-aid/policies/' html='' success=False cleaned_html=None media={} links={} downloaded_files=None screenshot=None pdf=None markdown=None markdown_v2=None fit_markdown=None fit_html=None extracted_content=None metadata=None error_message='Unexpected error in _crawl_web at line 1205 in _crawl_web (../../.pyenv/versions/3.12.6/lib/python3.12/site-packages/crawl4ai/async_crawler_strategy.py):\nError: Failed on navigating ACS-GOTO:\nPage.goto: Timeout 10000ms exceeded.\nCall log:\n  - navigating to "https://www.gannon.edu/tuition-and-financial-aid/policies/", waiting until "domcontentloaded"\n\n\nCode context:\n1200   \n1201                       response = await page.goto(\n1202                           url, wait_until=config.wait_until, timeout=config.page_timeout\n1203                       )\n1204                   except Error as e:\n1205 →                     raise RuntimeError(f"Failed on navigating ACS-GOTO:\\n{str(e)}")\n1206   \n1207                   await self.execute_hook("after_goto", page, context=context, url=url, response=response)\n1208   \n1209                   if response is None:\n1210                       status_code = 200' session_id=None response_headers=None status_code=None ssl_certificate=None


Failed to crawl: https://www.gannon.edu/academic-offerings/humanities-education-and-social-sciences/graduate/secondary-teaching-certification/curriculum/
Result: url='https://www.gannon.edu/academic-offerings/humanities-education-and-social-sciences/graduate/secondary-teaching-certification/curriculum/' html='' success=False cleaned_html=None media={} links={} downloaded_files=None screenshot=None pdf=None markdown=None markdown_v2=None fit_markdown=None fit_html=None extracted_content=None metadata=None error_message='Unexpected error in _crawl_web at line 1205 in _crawl_web (../../.pyenv/versions/3.12.6/lib/python3.12/site-packages/crawl4ai/async_crawler_strategy.py):\nError: Failed on navigating ACS-GOTO:\nPage.goto: Timeout 10000ms exceeded.\nCall log:\n  - navigating to "https://www.gannon.edu/academic-offerings/humanities-education-and-social-sciences/graduate/secondary-teaching-certification/curriculum/", waiting until "domcontentloaded"\n\n\nCode context:\n1200   \n1201                       response = await page.goto(\n1202                           url, wait_until=config.wait_until, timeout=config.page_timeout\n1203                       )\n1204                   except Error as e:\n1205 →                     raise RuntimeError(f"Failed on navigating ACS-GOTO:\\n{str(e)}")\n1206   \n1207                   await self.execute_hook("after_goto", page, context=context, url=url, response=response)\n1208   \n1209                   if response is None:\n1210                       status_code = 200' session_id=None response_headers=None status_code=None ssl_certificate=None


Failed to crawl: https://www.gannon.edu/academic-offerings/humanities-education-and-social-sciences/graduate/criminalistics/
Result: url='https://www.gannon.edu/academic-offerings/humanities-education-and-social-sciences/graduate/criminalistics/' html='' success=False cleaned_html=None media={} links={} downloaded_files=None screenshot=None pdf=None markdown=None markdown_v2=None fit_markdown=None fit_html=None extracted_content=None metadata=None error_message='Unexpected error in _crawl_web at line 1205 in _crawl_web (../../.pyenv/versions/3.12.6/lib/python3.12/site-packages/crawl4ai/async_crawler_strategy.py):\nError: Failed on navigating ACS-GOTO:\nPage.goto: Timeout 10000ms exceeded.\nCall log:\n  - navigating to "https://www.gannon.edu/academic-offerings/humanities-education-and-social-sciences/graduate/criminalistics/", waiting until "domcontentloaded"\n\n\nCode context:\n1200   \n1201                       response = await page.goto(\n1202                           url, wait_until=config.wait_until, timeout=config.page_timeout\n1203                       )\n1204                   except Error as e:\n1205 →                     raise RuntimeError(f"Failed on navigating ACS-GOTO:\\n{str(e)}")\n1206   \n1207                   await self.execute_hook("after_goto", page, context=context, url=url, response=response)\n1208   \n1209                   if response is None:\n1210                       status_code = 200' session_id=None response_headers=None status_code=None ssl_certificate=None


Failed to crawl: https://www.gannon.edu/academic-offerings/engineering-and-business/graduate/mechanical-engineering/admission-requirements/
Result: url='https://www.gannon.edu/academic-offerings/engineering-and-business/graduate/mechanical-engineering/admission-requirements/' html='' success=False cleaned_html=None media={} links={} downloaded_files=None screenshot=None pdf=None markdown=None markdown_v2=None fit_markdown=None fit_html=None extracted_content=None metadata=None error_message='Unexpected error in _crawl_web at line 1205 in _crawl_web (../../.pyenv/versions/3.12.6/lib/python3.12/site-packages/crawl4ai/async_crawler_strategy.py):\nError: Failed on navigating ACS-GOTO:\nPage.goto: Timeout 10000ms exceeded.\nCall log:\n  - navigating to "https://www.gannon.edu/academic-offerings/engineering-and-business/graduate/mechanical-engineering/admission-requirements/", waiting until "domcontentloaded"\n\n\nCode context:\n1200   \n1201                       response = await page.goto(\n1202                           url, wait_until=config.wait_until, timeout=config.page_timeout\n1203                       )\n1204                   except Error as e:\n1205 →                     raise RuntimeError(f"Failed on navigating ACS-GOTO:\\n{str(e)}")\n1206   \n1207                   await self.execute_hook("after_goto", page, context=context, url=url, response=response)\n1208   \n1209                   if response is None:\n1210                       status_code = 200' session_id=None response_headers=None status_code=None ssl_certificate=None


Failed to crawl: https://www.gannon.edu/academic-offerings/humanities-education-and-social-sciences/graduate/criminalistics/admission-requirements/
Result: url='https://www.gannon.edu/academic-offerings/humanities-education-and-social-sciences/graduate/criminalistics/admission-requirements/' html='' success=False cleaned_html=None media={} links={} downloaded_files=None screenshot=None pdf=None markdown=None markdown_v2=None fit_markdown=None fit_html=None extracted_content=None metadata=None error_message='Unexpected error in _crawl_web at line 1205 in _crawl_web (../../.pyenv/versions/3.12.6/lib/python3.12/site-packages/crawl4ai/async_crawler_strategy.py):\nError: Failed on navigating ACS-GOTO:\nPage.goto: Timeout 10000ms exceeded.\nCall log:\n  - navigating to "https://www.gannon.edu/academic-offerings/humanities-education-and-social-sciences/graduate/criminalistics/admission-requirements/", waiting until "domcontentloaded"\n\n\nCode context:\n1200   \n1201                       response = await page.goto(\n1202                           url, wait_until=config.wait_until, timeout=config.page_timeout\n1203                       )\n1204                   except Error as e:\n1205 →                     raise RuntimeError(f"Failed on navigating ACS-GOTO:\\n{str(e)}")\n1206   \n1207                   await self.execute_hook("after_goto", page, context=context, url=url, response=response)\n1208   \n1209                   if response is None:\n1210                       status_code = 200' session_id=None response_headers=None status_code=None ssl_certificate=None


Failed to crawl: https://www.gannon.edu/academic-offerings/humanities-education-and-social-sciences/school-of-public-service-and-global-affairs/voices-of-erie/
Result: url='https://www.gannon.edu/academic-offerings/humanities-education-and-social-sciences/school-of-public-service-and-global-affairs/voices-of-erie/' html='' success=False cleaned_html=None media={} links={} downloaded_files=None screenshot=None pdf=None markdown=None markdown_v2=None fit_markdown=None fit_html=None extracted_content=None metadata=None error_message='Unexpected error in _crawl_web at line 1205 in _crawl_web (../../.pyenv/versions/3.12.6/lib/python3.12/site-packages/crawl4ai/async_crawler_strategy.py):\nError: Failed on navigating ACS-GOTO:\nPage.goto: Timeout 10000ms exceeded.\nCall log:\n  - navigating to "https://www.gannon.edu/academic-offerings/humanities-education-and-social-sciences/school-of-public-service-and-global-affairs/voices-of-erie/", waiting until "domcontentloaded"\n\n\nCode context:\n1200   \n1201                       response = await page.goto(\n1202                           url, wait_until=config.wait_until, timeout=config.page_timeout\n1203                       )\n1204                   except Error as e:\n1205 →                     raise RuntimeError(f"Failed on navigating ACS-GOTO:\\n{str(e)}")\n1206   \n1207                   await self.execute_hook("after_goto", page, context=context, url=url, response=response)\n1208   \n1209                   if response is None:\n1210                       status_code = 200' session_id=None response_headers=None status_code=None ssl_certificate=None


Failed to crawl: https://www.gannon.edu/about-gannon/accreditation/engineering-and-business/
Result: url='https://www.gannon.edu/about-gannon/accreditation/engineering-and-business/' html='' success=False cleaned_html=None media={} links={} downloaded_files=None screenshot=None pdf=None markdown=None markdown_v2=None fit_markdown=None fit_html=None extracted_content=None metadata=None error_message='Unexpected error in _crawl_web at line 1205 in _crawl_web (../../.pyenv/versions/3.12.6/lib/python3.12/site-packages/crawl4ai/async_crawler_strategy.py):\nError: Failed on navigating ACS-GOTO:\nPage.goto: Timeout 10000ms exceeded.\nCall log:\n  - navigating to "https://www.gannon.edu/about-gannon/accreditation/engineering-and-business/", waiting until "domcontentloaded"\n\n\nCode context:\n1200   \n1201                       response = await page.goto(\n1202                           url, wait_until=config.wait_until, timeout=config.page_timeout\n1203                       )\n1204                   except Error as e:\n1205 →                     raise RuntimeError(f"Failed on navigating ACS-GOTO:\\n{str(e)}")\n1206   \n1207                   await self.execute_hook("after_goto", page, context=context, url=url, response=response)\n1208   \n1209                   if response is None:\n1210                       status_code = 200' session_id=None response_headers=None status_code=None ssl_certificate=None


Failed to crawl: https://www.gannon.edu/academic-offerings/engineering-and-business/graduate/computer-and-information-science/project-requirements/
Result: url='https://www.gannon.edu/academic-offerings/engineering-and-business/graduate/computer-and-information-science/project-requirements/' html='' success=False cleaned_html=None media={} links={} downloaded_files=None screenshot=None pdf=None markdown=None markdown_v2=None fit_markdown=None fit_html=None extracted_content=None metadata=None error_message='Unexpected error in _crawl_web at line 1205 in _crawl_web (../../.pyenv/versions/3.12.6/lib/python3.12/site-packages/crawl4ai/async_crawler_strategy.py):\nError: Failed on navigating ACS-GOTO:\nPage.goto: Timeout 10000ms exceeded.\nCall log:\n  - navigating to "https://www.gannon.edu/academic-offerings/engineering-and-business/graduate/computer-and-information-science/project-requirements/", waiting until "domcontentloaded"\n\n\nCode context:\n1200   \n1201                       response = await page.goto(\n1202                           url, wait_until=config.wait_until, timeout=config.page_timeout\n1203                       )\n1204                   except Error as e:\n1205 →                     raise RuntimeError(f"Failed on navigating ACS-GOTO:\\n{str(e)}")\n1206   \n1207                   await self.execute_hook("after_goto", page, context=context, url=url, response=response)\n1208   \n1209                   if response is None:\n1210                       status_code = 200' session_id=None response_headers=None status_code=None ssl_certificate=None


Failed to crawl: https://www.gannon.edu/academic-offerings/humanities-education-and-social-sciences/graduate/strategic-communication/admission-requirements/
Result: url='https://www.gannon.edu/academic-offerings/humanities-education-and-social-sciences/graduate/strategic-communication/admission-requirements/' html='' success=False cleaned_html=None media={} links={} downloaded_files=None screenshot=None pdf=None markdown=None markdown_v2=None fit_markdown=None fit_html=None extracted_content=None metadata=None error_message='Unexpected error in _crawl_web at line 1205 in _crawl_web (../../.pyenv/versions/3.12.6/lib/python3.12/site-packages/crawl4ai/async_crawler_strategy.py):\nError: Failed on navigating ACS-GOTO:\nPage.goto: Timeout 10000ms exceeded.\nCall log:\n  - navigating to "https://www.gannon.edu/academic-offerings/humanities-education-and-social-sciences/graduate/strategic-communication/admission-requirements/", waiting until "domcontentloaded"\n\n\nCode context:\n1200   \n1201                       response = await page.goto(\n1202                           url, wait_until=config.wait_until, timeout=config.page_timeout\n1203                       )\n1204                   except Error as e:\n1205 →                     raise RuntimeError(f"Failed on navigating ACS-GOTO:\\n{str(e)}")\n1206   \n1207                   await self.execute_hook("after_goto", page, context=context, url=url, response=response)\n1208   \n1209                   if response is None:\n1210                       status_code = 200' session_id=None response_headers=None status_code=None ssl_certificate=None


Failed to crawl: https://www.gannon.edu/academic-offerings/health-professions-and-sciences/graduate/occupational-therapy/
Result: url='https://www.gannon.edu/academic-offerings/health-professions-and-sciences/graduate/occupational-therapy/' html='' success=False cleaned_html=None media={} links={} downloaded_files=None screenshot=None pdf=None markdown=None markdown_v2=None fit_markdown=None fit_html=None extracted_content=None metadata=None error_message='Unexpected error in _crawl_web at line 1205 in _crawl_web (../../.pyenv/versions/3.12.6/lib/python3.12/site-packages/crawl4ai/async_crawler_strategy.py):\nError: Failed on navigating ACS-GOTO:\nPage.goto: Timeout 10000ms exceeded.\nCall log:\n  - navigating to "https://www.gannon.edu/academic-offerings/health-professions-and-sciences/graduate/occupational-therapy/", waiting until "domcontentloaded"\n\n\nCode context:\n1200   \n1201                       response = await page.goto(\n1202                           url, wait_until=config.wait_until, timeout=config.page_timeout\n1203                       )\n1204                   except Error as e:\n1205 →                     raise RuntimeError(f"Failed on navigating ACS-GOTO:\\n{str(e)}")\n1206   \n1207                   await self.execute_hook("after_goto", page, context=context, url=url, response=response)\n1208   \n1209                   if response is None:\n1210                       status_code = 200' session_id=None response_headers=None status_code=None ssl_certificate=None


Failed to crawl: https://www.gannon.edu/academic-offerings/engineering-and-business/graduate/business-administration/admission-requirements/
Result: url='https://www.gannon.edu/academic-offerings/engineering-and-business/graduate/business-administration/admission-requirements/' html='' success=False cleaned_html=None media={} links={} downloaded_files=None screenshot=None pdf=None markdown=None markdown_v2=None fit_markdown=None fit_html=None extracted_content=None metadata=None error_message='Unexpected error in _crawl_web at line 1205 in _crawl_web (../../.pyenv/versions/3.12.6/lib/python3.12/site-packages/crawl4ai/async_crawler_strategy.py):\nError: Failed on navigating ACS-GOTO:\nPage.goto: Timeout 10000ms exceeded.\nCall log:\n  - navigating to "https://www.gannon.edu/academic-offerings/engineering-and-business/graduate/business-administration/admission-requirements/", waiting until "domcontentloaded"\n\n\nCode context:\n1200   \n1201                       response = await page.goto(\n1202                           url, wait_until=config.wait_until, timeout=config.page_timeout\n1203                       )\n1204                   except Error as e:\n1205 →                     raise RuntimeError(f"Failed on navigating ACS-GOTO:\\n{str(e)}")\n1206   \n1207                   await self.execute_hook("after_goto", page, context=context, url=url, response=response)\n1208   \n1209                   if response is None:\n1210                       status_code = 200' session_id=None response_headers=None status_code=None ssl_certificate=None


Failed to crawl: https://www.gannon.edu/academic-offerings/health-professions-and-sciences/graduate/speech-language-pathology/curriculum-summary/
Result: url='https://www.gannon.edu/academic-offerings/health-professions-and-sciences/graduate/speech-language-pathology/curriculum-summary/' html='' success=False cleaned_html=None media={} links={} downloaded_files=None screenshot=None pdf=None markdown=None markdown_v2=None fit_markdown=None fit_html=None extracted_content=None metadata=None error_message='Unexpected error in _crawl_web at line 1205 in _crawl_web (../../.pyenv/versions/3.12.6/lib/python3.12/site-packages/crawl4ai/async_crawler_strategy.py):\nError: Failed on navigating ACS-GOTO:\nPage.goto: Timeout 10000ms exceeded.\nCall log:\n  - navigating to "https://www.gannon.edu/academic-offerings/health-professions-and-sciences/graduate/speech-language-pathology/curriculum-summary/", waiting until "domcontentloaded"\n\n\nCode context:\n1200   \n1201                       response = await page.goto(\n1202                           url, wait_until=config.wait_until, timeout=config.page_timeout\n1203                       )\n1204                   except Error as e:\n1205 →                     raise RuntimeError(f"Failed on navigating ACS-GOTO:\\n{str(e)}")\n1206   \n1207                   await self.execute_hook("after_goto", page, context=context, url=url, response=response)\n1208   \n1209                   if response is None:\n1210                       status_code = 200' session_id=None response_headers=None status_code=None ssl_certificate=None


Failed to crawl: https://www.gannon.edu/academic-offerings/health-professions-and-sciences/graduate/speech-language-pathology/admission-requirements/
Result: url='https://www.gannon.edu/academic-offerings/health-professions-and-sciences/graduate/speech-language-pathology/admission-requirements/' html='' success=False cleaned_html=None media={} links={} downloaded_files=None screenshot=None pdf=None markdown=None markdown_v2=None fit_markdown=None fit_html=None extracted_content=None metadata=None error_message='Unexpected error in _crawl_web at line 1205 in _crawl_web (../../.pyenv/versions/3.12.6/lib/python3.12/site-packages/crawl4ai/async_crawler_strategy.py):\nError: Failed on navigating ACS-GOTO:\nPage.goto: Timeout 10000ms exceeded.\nCall log:\n  - navigating to "https://www.gannon.edu/academic-offerings/health-professions-and-sciences/graduate/speech-language-pathology/admission-requirements/", waiting until "domcontentloaded"\n\n\nCode context:\n1200   \n1201                       response = await page.goto(\n1202                           url, wait_until=config.wait_until, timeout=config.page_timeout\n1203                       )\n1204                   except Error as e:\n1205 →                     raise RuntimeError(f"Failed on navigating ACS-GOTO:\\n{str(e)}")\n1206   \n1207                   await self.execute_hook("after_goto", page, context=context, url=url, response=response)\n1208   \n1209                   if response is None:\n1210                       status_code = 200' session_id=None response_headers=None status_code=None ssl_certificate=None


Failed to crawl: https://www.gannon.edu/academic-offerings/health-professions-and-sciences/ruskin/physician-assistant/clinical-requirements/
Result: url='https://www.gannon.edu/academic-offerings/health-professions-and-sciences/ruskin/physician-assistant/clinical-requirements/' html='' success=False cleaned_html=None media={} links={} downloaded_files=None screenshot=None pdf=None markdown=None markdown_v2=None fit_markdown=None fit_html=None extracted_content=None metadata=None error_message='Unexpected error in _crawl_web at line 1205 in _crawl_web (../../.pyenv/versions/3.12.6/lib/python3.12/site-packages/crawl4ai/async_crawler_strategy.py):\nError: Failed on navigating ACS-GOTO:\nPage.goto: Timeout 10000ms exceeded.\nCall log:\n  - navigating to "https://www.gannon.edu/academic-offerings/health-professions-and-sciences/ruskin/physician-assistant/clinical-requirements/", waiting until "domcontentloaded"\n\n\nCode context:\n1200   \n1201                       response = await page.goto(\n1202                           url, wait_until=config.wait_until, timeout=config.page_timeout\n1203                       )\n1204                   except Error as e:\n1205 →                     raise RuntimeError(f"Failed on navigating ACS-GOTO:\\n{str(e)}")\n1206   \n1207                   await self.execute_hook("after_goto", page, context=context, url=url, response=response)\n1208   \n1209                   if response is None:\n1210                       status_code = 200' session_id=None response_headers=None status_code=None ssl_certificate=None


Failed to crawl: https://www.gannon.edu/academic-offerings/health-professions-and-sciences/ruskin/physician-assistant/accreditation/
Result: url='https://www.gannon.edu/academic-offerings/health-professions-and-sciences/ruskin/physician-assistant/accreditation/' html='' success=False cleaned_html=None media={} links={} downloaded_files=None screenshot=None pdf=None markdown=None markdown_v2=None fit_markdown=None fit_html=None extracted_content=None metadata=None error_message='Unexpected error in _crawl_web at line 1205 in _crawl_web (../../.pyenv/versions/3.12.6/lib/python3.12/site-packages/crawl4ai/async_crawler_strategy.py):\nError: Failed on navigating ACS-GOTO:\nPage.goto: Timeout 10000ms exceeded.\nCall log:\n  - navigating to "https://www.gannon.edu/academic-offerings/health-professions-and-sciences/ruskin/physician-assistant/accreditation/", waiting until "domcontentloaded"\n\n\nCode context:\n1200   \n1201                       response = await page.goto(\n1202                           url, wait_until=config.wait_until, timeout=config.page_timeout\n1203                       )\n1204                   except Error as e:\n1205 →                     raise RuntimeError(f"Failed on navigating ACS-GOTO:\\n{str(e)}")\n1206   \n1207                   await self.execute_hook("after_goto", page, context=context, url=url, response=response)\n1208   \n1209                   if response is None:\n1210                       status_code = 200' session_id=None response_headers=None status_code=None ssl_certificate=None


Failed to crawl: https://www.gannon.edu/academic-offerings/humanities-education-and-social-sciences/undergraduate/archaeology-and-culture/
Result: url='https://www.gannon.edu/academic-offerings/humanities-education-and-social-sciences/undergraduate/archaeology-and-culture/' html='' success=False cleaned_html=None media={} links={} downloaded_files=None screenshot=None pdf=None markdown=None markdown_v2=None fit_markdown=None fit_html=None extracted_content=None metadata=None error_message='Unexpected error in _crawl_web at line 1205 in _crawl_web (../../.pyenv/versions/3.12.6/lib/python3.12/site-packages/crawl4ai/async_crawler_strategy.py):\nError: Failed on navigating ACS-GOTO:\nPage.goto: Timeout 10000ms exceeded.\nCall log:\n  - navigating to "https://www.gannon.edu/academic-offerings/humanities-education-and-social-sciences/undergraduate/archaeology-and-culture/", waiting until "domcontentloaded"\n\n\nCode context:\n1200   \n1201                       response = await page.goto(\n1202                           url, wait_until=config.wait_until, timeout=config.page_timeout\n1203                       )\n1204                   except Error as e:\n1205 →                     raise RuntimeError(f"Failed on navigating ACS-GOTO:\\n{str(e)}")\n1206   \n1207                   await self.execute_hook("after_goto", page, context=context, url=url, response=response)\n1208   \n1209                   if response is None:\n1210                       status_code = 200' session_id=None response_headers=None status_code=None ssl_certificate=None


Failed to crawl: https://www.gannon.edu/academic-offerings/health-professions-and-sciences/ruskin/speech-language-pathology/state-authorization/
Result: url='https://www.gannon.edu/academic-offerings/health-professions-and-sciences/ruskin/speech-language-pathology/state-authorization/' html='' success=False cleaned_html=None media={} links={} downloaded_files=None screenshot=None pdf=None markdown=None markdown_v2=None fit_markdown=None fit_html=None extracted_content=None metadata=None error_message='Unexpected error in _crawl_web at line 1205 in _crawl_web (../../.pyenv/versions/3.12.6/lib/python3.12/site-packages/crawl4ai/async_crawler_strategy.py):\nError: Failed on navigating ACS-GOTO:\nPage.goto: Timeout 10000ms exceeded.\nCall log:\n  - navigating to "https://www.gannon.edu/academic-offerings/health-professions-and-sciences/ruskin/speech-language-pathology/state-authorization/", waiting until "domcontentloaded"\n\n\nCode context:\n1200   \n1201                       response = await page.goto(\n1202                           url, wait_until=config.wait_until, timeout=config.page_timeout\n1203                       )\n1204                   except Error as e:\n1205 →                     raise RuntimeError(f"Failed on navigating ACS-GOTO:\\n{str(e)}")\n1206   \n1207                   await self.execute_hook("after_goto", page, context=context, url=url, response=response)\n1208   \n1209                   if response is None:\n1210                       status_code = 200' session_id=None response_headers=None status_code=None ssl_certificate=None


Failed to crawl: https://www.gannon.edu/academic-offerings/health-professions-and-sciences/ruskin/speech-language-pathology/admission-requirements/
Result: url='https://www.gannon.edu/academic-offerings/health-professions-and-sciences/ruskin/speech-language-pathology/admission-requirements/' html='' success=False cleaned_html=None media={} links={} downloaded_files=None screenshot=None pdf=None markdown=None markdown_v2=None fit_markdown=None fit_html=None extracted_content=None metadata=None error_message='Unexpected error in _crawl_web at line 1205 in _crawl_web (../../.pyenv/versions/3.12.6/lib/python3.12/site-packages/crawl4ai/async_crawler_strategy.py):\nError: Failed on navigating ACS-GOTO:\nPage.goto: Timeout 10000ms exceeded.\nCall log:\n  - navigating to "https://www.gannon.edu/academic-offerings/health-professions-and-sciences/ruskin/speech-language-pathology/admission-requirements/", waiting until "domcontentloaded"\n\n\nCode context:\n1200   \n1201                       response = await page.goto(\n1202                           url, wait_until=config.wait_until, timeout=config.page_timeout\n1203                       )\n1204                   except Error as e:\n1205 →                     raise RuntimeError(f"Failed on navigating ACS-GOTO:\\n{str(e)}")\n1206   \n1207                   await self.execute_hook("after_goto", page, context=context, url=url, response=response)\n1208   \n1209                   if response is None:\n1210                       status_code = 200' session_id=None response_headers=None status_code=None ssl_certificate=None


Failed to crawl: https://www.gannon.edu/academic-offerings/health-professions-and-sciences/ruskin/occupational-therapy/state-authorization/
Result: url='https://www.gannon.edu/academic-offerings/health-professions-and-sciences/ruskin/occupational-therapy/state-authorization/' html='' success=False cleaned_html=None media={} links={} downloaded_files=None screenshot=None pdf=None markdown=None markdown_v2=None fit_markdown=None fit_html=None extracted_content=None metadata=None error_message='Unexpected error in _crawl_web at line 1205 in _crawl_web (../../.pyenv/versions/3.12.6/lib/python3.12/site-packages/crawl4ai/async_crawler_strategy.py):\nError: Failed on navigating ACS-GOTO:\nPage.goto: Timeout 10000ms exceeded.\nCall log:\n  - navigating to "https://www.gannon.edu/academic-offerings/health-professions-and-sciences/ruskin/occupational-therapy/state-authorization/", waiting until "domcontentloaded"\n\n\nCode context:\n1200   \n1201                       response = await page.goto(\n1202                           url, wait_until=config.wait_until, timeout=config.page_timeout\n1203                       )\n1204                   except Error as e:\n1205 →                     raise RuntimeError(f"Failed on navigating ACS-GOTO:\\n{str(e)}")\n1206   \n1207                   await self.execute_hook("after_goto", page, context=context, url=url, response=response)\n1208   \n1209                   if response is None:\n1210                       status_code = 200' session_id=None response_headers=None status_code=None ssl_certificate=None


Failed to crawl: https://www.gannon.edu/academic-offerings/health-professions-and-sciences/ruskin/speech-language-pathology/
Result: url='https://www.gannon.edu/academic-offerings/health-professions-and-sciences/ruskin/speech-language-pathology/' html='' success=False cleaned_html=None media={} links={} downloaded_files=None screenshot=None pdf=None markdown=None markdown_v2=None fit_markdown=None fit_html=None extracted_content=None metadata=None error_message='Unexpected error in _crawl_web at line 1205 in _crawl_web (../../.pyenv/versions/3.12.6/lib/python3.12/site-packages/crawl4ai/async_crawler_strategy.py):\nError: Failed on navigating ACS-GOTO:\nPage.goto: Timeout 10000ms exceeded.\nCall log:\n  - navigating to "https://www.gannon.edu/academic-offerings/health-professions-and-sciences/ruskin/speech-language-pathology/", waiting until "domcontentloaded"\n\n\nCode context:\n1200   \n1201                       response = await page.goto(\n1202                           url, wait_until=config.wait_until, timeout=config.page_timeout\n1203                       )\n1204                   except Error as e:\n1205 →                     raise RuntimeError(f"Failed on navigating ACS-GOTO:\\n{str(e)}")\n1206   \n1207                   await self.execute_hook("after_goto", page, context=context, url=url, response=response)\n1208   \n1209                   if response is None:\n1210                       status_code = 200' session_id=None response_headers=None status_code=None ssl_certificate=None


Failed to crawl: https://www.gannon.edu/academic-offerings/health-professions-and-sciences/ruskin/occupational-therapy/
Result: url='https://www.gannon.edu/academic-offerings/health-professions-and-sciences/ruskin/occupational-therapy/' html='' success=False cleaned_html=None media={} links={} downloaded_files=None screenshot=None pdf=None markdown=None markdown_v2=None fit_markdown=None fit_html=None extracted_content=None metadata=None error_message='Unexpected error in _crawl_web at line 1205 in _crawl_web (../../.pyenv/versions/3.12.6/lib/python3.12/site-packages/crawl4ai/async_crawler_strategy.py):\nError: Failed on navigating ACS-GOTO:\nPage.goto: Timeout 10000ms exceeded.\nCall log:\n  - navigating to "https://www.gannon.edu/academic-offerings/health-professions-and-sciences/ruskin/occupational-therapy/", waiting until "domcontentloaded"\n\n\nCode context:\n1200   \n1201                       response = await page.goto(\n1202                           url, wait_until=config.wait_until, timeout=config.page_timeout\n1203                       )\n1204                   except Error as e:\n1205 →                     raise RuntimeError(f"Failed on navigating ACS-GOTO:\\n{str(e)}")\n1206   \n1207                   await self.execute_hook("after_goto", page, context=context, url=url, response=response)\n1208   \n1209                   if response is None:\n1210                       status_code = 200' session_id=None response_headers=None status_code=None ssl_certificate=None


Failed to crawl: https://www.gannon.edu/academic-offerings/humanities-education-and-social-sciences/chess-speaker-series/nwpa-humanities-and-social-sciences-conference/
Result: url='https://www.gannon.edu/academic-offerings/humanities-education-and-social-sciences/chess-speaker-series/nwpa-humanities-and-social-sciences-conference/' html='' success=False cleaned_html=None media={} links={} downloaded_files=None screenshot=None pdf=None markdown=None markdown_v2=None fit_markdown=None fit_html=None extracted_content=None metadata=None error_message='Unexpected error in _crawl_web at line 1205 in _crawl_web (../../.pyenv/versions/3.12.6/lib/python3.12/site-packages/crawl4ai/async_crawler_strategy.py):\nError: Failed on navigating ACS-GOTO:\nPage.goto: Timeout 10000ms exceeded.\nCall log:\n  - navigating to "https://www.gannon.edu/academic-offerings/humanities-education-and-social-sciences/chess-speaker-series/nwpa-humanities-and-social-sciences-conference/", waiting until "domcontentloaded"\n\n\nCode context:\n1200   \n1201                       response = await page.goto(\n1202                           url, wait_until=config.wait_until, timeout=config.page_timeout\n1203                       )\n1204                   except Error as e:\n1205 →                     raise RuntimeError(f"Failed on navigating ACS-GOTO:\\n{str(e)}")\n1206   \n1207                   await self.execute_hook("after_goto", page, context=context, url=url, response=response)\n1208   \n1209                   if response is None:\n1210                       status_code = 200' session_id=None response_headers=None status_code=None ssl_certificate=None


Failed to crawl: https://www.gannon.edu/academic-offerings/health-professions-and-sciences/ruskin/occupational-therapy/accreditation-licensure-and-certification/
Result: url='https://www.gannon.edu/academic-offerings/health-professions-and-sciences/ruskin/occupational-therapy/accreditation-licensure-and-certification/' html='' success=False cleaned_html=None media={} links={} downloaded_files=None screenshot=None pdf=None markdown=None markdown_v2=None fit_markdown=None fit_html=None extracted_content=None metadata=None error_message='Unexpected error in _crawl_web at line 1205 in _crawl_web (../../.pyenv/versions/3.12.6/lib/python3.12/site-packages/crawl4ai/async_crawler_strategy.py):\nError: Failed on navigating ACS-GOTO:\nPage.goto: Timeout 10000ms exceeded.\nCall log:\n  - navigating to "https://www.gannon.edu/academic-offerings/health-professions-and-sciences/ruskin/occupational-therapy/accreditation-licensure-and-certification/", waiting until "domcontentloaded"\n\n\nCode context:\n1200   \n1201                       response = await page.goto(\n1202                           url, wait_until=config.wait_until, timeout=config.page_timeout\n1203                       )\n1204                   except Error as e:\n1205 →                     raise RuntimeError(f"Failed on navigating ACS-GOTO:\\n{str(e)}")\n1206   \n1207                   await self.execute_hook("after_goto", page, context=context, url=url, response=response)\n1208   \n1209                   if response is None:\n1210                       status_code = 200' session_id=None response_headers=None status_code=None ssl_certificate=None


Failed to crawl: https://www.gannon.edu/academic-offerings/health-professions-and-sciences/undergraduate/radiologic-sciences/program-effectiveness-outcomes/
Result: url='https://www.gannon.edu/academic-offerings/health-professions-and-sciences/undergraduate/radiologic-sciences/program-effectiveness-outcomes/' html='' success=False cleaned_html=None media={} links={} downloaded_files=None screenshot=None pdf=None markdown=None markdown_v2=None fit_markdown=None fit_html=None extracted_content=None metadata=None error_message='Unexpected error in _crawl_web at line 1205 in _crawl_web (../../.pyenv/versions/3.12.6/lib/python3.12/site-packages/crawl4ai/async_crawler_strategy.py):\nError: Failed on navigating ACS-GOTO:\nPage.goto: Timeout 10000ms exceeded.\nCall log:\n  - navigating to "https://www.gannon.edu/academic-offerings/health-professions-and-sciences/undergraduate/radiologic-sciences/program-effectiveness-outcomes/", waiting until "domcontentloaded"\n\n\nCode context:\n1200   \n1201                       response = await page.goto(\n1202                           url, wait_until=config.wait_until, timeout=config.page_timeout\n1203                       )\n1204                   except Error as e:\n1205 →                     raise RuntimeError(f"Failed on navigating ACS-GOTO:\\n{str(e)}")\n1206   \n1207                   await self.execute_hook("after_goto", page, context=context, url=url, response=response)\n1208   \n1209                   if response is None:\n1210                       status_code = 200' session_id=None response_headers=None status_code=None ssl_certificate=None


Failed to crawl: https://www.gannon.edu/academic-offerings/engineering-and-business/minor/geographic-information-systems/
Result: url='https://www.gannon.edu/academic-offerings/engineering-and-business/minor/geographic-information-systems/' html='' success=False cleaned_html=None media={} links={} downloaded_files=None screenshot=None pdf=None markdown=None markdown_v2=None fit_markdown=None fit_html=None extracted_content=None metadata=None error_message='Unexpected error in _crawl_web at line 1205 in _crawl_web (../../.pyenv/versions/3.12.6/lib/python3.12/site-packages/crawl4ai/async_crawler_strategy.py):\nError: Failed on navigating ACS-GOTO:\nPage.goto: Timeout 10000ms exceeded.\nCall log:\n  - navigating to "https://www.gannon.edu/academic-offerings/engineering-and-business/minor/geographic-information-systems/", waiting until "domcontentloaded"\n\n\nCode context:\n1200   \n1201                       response = await page.goto(\n1202                           url, wait_until=config.wait_until, timeout=config.page_timeout\n1203                       )\n1204                   except Error as e:\n1205 →                     raise RuntimeError(f"Failed on navigating ACS-GOTO:\\n{str(e)}")\n1206   \n1207                   await self.execute_hook("after_goto", page, context=context, url=url, response=response)\n1208   \n1209                   if response is None:\n1210                       status_code = 200' session_id=None response_headers=None status_code=None ssl_certificate=None


Failed to crawl: https://www.gannon.edu/academic-offerings/health-professions-and-sciences/undergraduate/radiologic-sciences/program-outcomes-assessment/
Result: url='https://www.gannon.edu/academic-offerings/health-professions-and-sciences/undergraduate/radiologic-sciences/program-outcomes-assessment/' html='' success=False cleaned_html=None media={} links={} downloaded_files=None screenshot=None pdf=None markdown=None markdown_v2=None fit_markdown=None fit_html=None extracted_content=None metadata=None error_message='Unexpected error in _crawl_web at line 1205 in _crawl_web (../../.pyenv/versions/3.12.6/lib/python3.12/site-packages/crawl4ai/async_crawler_strategy.py):\nError: Failed on navigating ACS-GOTO:\nPage.goto: Timeout 10000ms exceeded.\nCall log:\n  - navigating to "https://www.gannon.edu/academic-offerings/health-professions-and-sciences/undergraduate/radiologic-sciences/program-outcomes-assessment/", waiting until "domcontentloaded"\n\n\nCode context:\n1200   \n1201                       response = await page.goto(\n1202                           url, wait_until=config.wait_until, timeout=config.page_timeout\n1203                       )\n1204                   except Error as e:\n1205 →                     raise RuntimeError(f"Failed on navigating ACS-GOTO:\\n{str(e)}")\n1206   \n1207                   await self.execute_hook("after_goto", page, context=context, url=url, response=response)\n1208   \n1209                   if response is None:\n1210                       status_code = 200' session_id=None response_headers=None status_code=None ssl_certificate=None


Failed to crawl: https://www.gannon.edu/academic-offerings/humanities-education-and-social-sciences/minor/gerontology/
Result: url='https://www.gannon.edu/academic-offerings/humanities-education-and-social-sciences/minor/gerontology/' html='' success=False cleaned_html=None media={} links={} downloaded_files=None screenshot=None pdf=None markdown=None markdown_v2=None fit_markdown=None fit_html=None extracted_content=None metadata=None error_message='Unexpected error in _crawl_web at line 1205 in _crawl_web (../../.pyenv/versions/3.12.6/lib/python3.12/site-packages/crawl4ai/async_crawler_strategy.py):\nError: Failed on navigating ACS-GOTO:\nPage.goto: Timeout 10000ms exceeded.\nCall log:\n  - navigating to "https://www.gannon.edu/academic-offerings/humanities-education-and-social-sciences/minor/gerontology/", waiting until "domcontentloaded"\n\n\nCode context:\n1200   \n1201                       response = await page.goto(\n1202                           url, wait_until=config.wait_until, timeout=config.page_timeout\n1203                       )\n1204                   except Error as e:\n1205 →                     raise RuntimeError(f"Failed on navigating ACS-GOTO:\\n{str(e)}")\n1206   \n1207                   await self.execute_hook("after_goto", page, context=context, url=url, response=response)\n1208   \n1209                   if response is None:\n1210                       status_code = 200' session_id=None response_headers=None status_code=None ssl_certificate=None


Failed to crawl: https://www.gannon.edu/academic-offerings/humanities-education-and-social-sciences/minor/healthcare-ethics/
Result: url='https://www.gannon.edu/academic-offerings/humanities-education-and-social-sciences/minor/healthcare-ethics/' html='' success=False cleaned_html=None media={} links={} downloaded_files=None screenshot=None pdf=None markdown=None markdown_v2=None fit_markdown=None fit_html=None extracted_content=None metadata=None error_message='Unexpected error in _crawl_web at line 1205 in _crawl_web (../../.pyenv/versions/3.12.6/lib/python3.12/site-packages/crawl4ai/async_crawler_strategy.py):\nError: Failed on navigating ACS-GOTO:\nPage.goto: Timeout 10000ms exceeded.\nCall log:\n  - navigating to "https://www.gannon.edu/academic-offerings/humanities-education-and-social-sciences/minor/healthcare-ethics/", waiting until "domcontentloaded"\n\n\nCode context:\n1200   \n1201                       response = await page.goto(\n1202                           url, wait_until=config.wait_until, timeout=config.page_timeout\n1203                       )\n1204                   except Error as e:\n1205 →                     raise RuntimeError(f"Failed on navigating ACS-GOTO:\\n{str(e)}")\n1206   \n1207                   await self.execute_hook("after_goto", page, context=context, url=url, response=response)\n1208   \n1209                   if response is None:\n1210                       status_code = 200' session_id=None response_headers=None status_code=None ssl_certificate=None


Failed to crawl: https://www.gannon.edu/academic-offerings/health-professions-and-sciences/undergraduate/radiologic-sciences/mission/
Result: url='https://www.gannon.edu/academic-offerings/health-professions-and-sciences/undergraduate/radiologic-sciences/mission/' html='' success=False cleaned_html=None media={} links={} downloaded_files=None screenshot=None pdf=None markdown=None markdown_v2=None fit_markdown=None fit_html=None extracted_content=None metadata=None error_message='Unexpected error in _crawl_web at line 1205 in _crawl_web (../../.pyenv/versions/3.12.6/lib/python3.12/site-packages/crawl4ai/async_crawler_strategy.py):\nError: Failed on navigating ACS-GOTO:\nPage.goto: Timeout 10000ms exceeded.\nCall log:\n  - navigating to "https://www.gannon.edu/academic-offerings/health-professions-and-sciences/undergraduate/radiologic-sciences/mission/", waiting until "domcontentloaded"\n\n\nCode context:\n1200   \n1201                       response = await page.goto(\n1202                           url, wait_until=config.wait_until, timeout=config.page_timeout\n1203                       )\n1204                   except Error as e:\n1205 →                     raise RuntimeError(f"Failed on navigating ACS-GOTO:\\n{str(e)}")\n1206   \n1207                   await self.execute_hook("after_goto", page, context=context, url=url, response=response)\n1208   \n1209                   if response is None:\n1210                       status_code = 200' session_id=None response_headers=None status_code=None ssl_certificate=None


Failed to crawl: https://www.gannon.edu/academic-offerings/health-professions-and-sciences/undergraduate/radiologic-sciences/lambda-nu/
Result: url='https://www.gannon.edu/academic-offerings/health-professions-and-sciences/undergraduate/radiologic-sciences/lambda-nu/' html='' success=False cleaned_html=None media={} links={} downloaded_files=None screenshot=None pdf=None markdown=None markdown_v2=None fit_markdown=None fit_html=None extracted_content=None metadata=None error_message='Unexpected error in _crawl_web at line 1205 in _crawl_web (../../.pyenv/versions/3.12.6/lib/python3.12/site-packages/crawl4ai/async_crawler_strategy.py):\nError: Failed on navigating ACS-GOTO:\nPage.goto: Timeout 10000ms exceeded.\nCall log:\n  - navigating to "https://www.gannon.edu/academic-offerings/health-professions-and-sciences/undergraduate/radiologic-sciences/lambda-nu/", waiting until "domcontentloaded"\n\n\nCode context:\n1200   \n1201                       response = await page.goto(\n1202                           url, wait_until=config.wait_until, timeout=config.page_timeout\n1203                       )\n1204                   except Error as e:\n1205 →                     raise RuntimeError(f"Failed on navigating ACS-GOTO:\\n{str(e)}")\n1206   \n1207                   await self.execute_hook("after_goto", page, context=context, url=url, response=response)\n1208   \n1209                   if response is None:\n1210                       status_code = 200' session_id=None response_headers=None status_code=None ssl_certificate=None


Failed to crawl: https://www.gannon.edu/academic-offerings/health-professions-and-sciences/undergraduate/radiologic-sciences/program-costs/
Result: url='https://www.gannon.edu/academic-offerings/health-professions-and-sciences/undergraduate/radiologic-sciences/program-costs/' html='' success=False cleaned_html=None media={} links={} downloaded_files=None screenshot=None pdf=None markdown=None markdown_v2=None fit_markdown=None fit_html=None extracted_content=None metadata=None error_message='Unexpected error in _crawl_web at line 1205 in _crawl_web (../../.pyenv/versions/3.12.6/lib/python3.12/site-packages/crawl4ai/async_crawler_strategy.py):\nError: Failed on navigating ACS-GOTO:\nPage.goto: Timeout 10000ms exceeded.\nCall log:\n  - navigating to "https://www.gannon.edu/academic-offerings/health-professions-and-sciences/undergraduate/radiologic-sciences/program-costs/", waiting until "domcontentloaded"\n\n\nCode context:\n1200   \n1201                       response = await page.goto(\n1202                           url, wait_until=config.wait_until, timeout=config.page_timeout\n1203                       )\n1204                   except Error as e:\n1205 →                     raise RuntimeError(f"Failed on navigating ACS-GOTO:\\n{str(e)}")\n1206   \n1207                   await self.execute_hook("after_goto", page, context=context, url=url, response=response)\n1208   \n1209                   if response is None:\n1210                       status_code = 200' session_id=None response_headers=None status_code=None ssl_certificate=None


Failed to crawl: https://www.gannon.edu/academic-offerings/humanities-education-and-social-sciences/undergraduate/education---special/
Result: url='https://www.gannon.edu/academic-offerings/humanities-education-and-social-sciences/undergraduate/education---special/' html='' success=False cleaned_html=None media={} links={} downloaded_files=None screenshot=None pdf=None markdown=None markdown_v2=None fit_markdown=None fit_html=None extracted_content=None metadata=None error_message='Unexpected error in _crawl_web at line 1205 in _crawl_web (../../.pyenv/versions/3.12.6/lib/python3.12/site-packages/crawl4ai/async_crawler_strategy.py):\nError: Failed on navigating ACS-GOTO:\nPage.goto: Timeout 10000ms exceeded.\nCall log:\n  - navigating to "https://www.gannon.edu/academic-offerings/humanities-education-and-social-sciences/undergraduate/education---special/", waiting until "domcontentloaded"\n\n\nCode context:\n1200   \n1201                       response = await page.goto(\n1202                           url, wait_until=config.wait_until, timeout=config.page_timeout\n1203                       )\n1204                   except Error as e:\n1205 →                     raise RuntimeError(f"Failed on navigating ACS-GOTO:\\n{str(e)}")\n1206   \n1207                   await self.execute_hook("after_goto", page, context=context, url=url, response=response)\n1208   \n1209                   if response is None:\n1210                       status_code = 200' session_id=None response_headers=None status_code=None ssl_certificate=None


Failed to crawl: https://www.gannon.edu/academic-offerings/humanities-education-and-social-sciences/undergraduate/education---middle-level/accreditation/
Result: url='https://www.gannon.edu/academic-offerings/humanities-education-and-social-sciences/undergraduate/education---middle-level/accreditation/' html='' success=False cleaned_html=None media={} links={} downloaded_files=None screenshot=None pdf=None markdown=None markdown_v2=None fit_markdown=None fit_html=None extracted_content=None metadata=None error_message='Unexpected error in _crawl_web at line 1205 in _crawl_web (../../.pyenv/versions/3.12.6/lib/python3.12/site-packages/crawl4ai/async_crawler_strategy.py):\nError: Failed on navigating ACS-GOTO:\nPage.goto: Timeout 10000ms exceeded.\nCall log:\n  - navigating to "https://www.gannon.edu/academic-offerings/humanities-education-and-social-sciences/undergraduate/education---middle-level/accreditation/", waiting until "domcontentloaded"\n\n\nCode context:\n1200   \n1201                       response = await page.goto(\n1202                           url, wait_until=config.wait_until, timeout=config.page_timeout\n1203                       )\n1204                   except Error as e:\n1205 →                     raise RuntimeError(f"Failed on navigating ACS-GOTO:\\n{str(e)}")\n1206   \n1207                   await self.execute_hook("after_goto", page, context=context, url=url, response=response)\n1208   \n1209                   if response is None:\n1210                       status_code = 200' session_id=None response_headers=None status_code=None ssl_certificate=None


Failed to crawl: https://www.gannon.edu/academic-offerings/humanities-education-and-social-sciences/undergraduate/education---secondary/accreditation/
Result: url='https://www.gannon.edu/academic-offerings/humanities-education-and-social-sciences/undergraduate/education---secondary/accreditation/' html='' success=False cleaned_html=None media={} links={} downloaded_files=None screenshot=None pdf=None markdown=None markdown_v2=None fit_markdown=None fit_html=None extracted_content=None metadata=None error_message='Unexpected error in _crawl_web at line 1205 in _crawl_web (../../.pyenv/versions/3.12.6/lib/python3.12/site-packages/crawl4ai/async_crawler_strategy.py):\nError: Failed on navigating ACS-GOTO:\nPage.goto: Timeout 10000ms exceeded.\nCall log:\n  - navigating to "https://www.gannon.edu/academic-offerings/humanities-education-and-social-sciences/undergraduate/education---secondary/accreditation/", waiting until "domcontentloaded"\n\n\nCode context:\n1200   \n1201                       response = await page.goto(\n1202                           url, wait_until=config.wait_until, timeout=config.page_timeout\n1203                       )\n1204                   except Error as e:\n1205 →                     raise RuntimeError(f"Failed on navigating ACS-GOTO:\\n{str(e)}")\n1206   \n1207                   await self.execute_hook("after_goto", page, context=context, url=url, response=response)\n1208   \n1209                   if response is None:\n1210                       status_code = 200' session_id=None response_headers=None status_code=None ssl_certificate=None


Failed to crawl: https://www.gannon.edu/academic-offerings/engineering-and-business/minor/
Result: url='https://www.gannon.edu/academic-offerings/engineering-and-business/minor/' html='' success=False cleaned_html=None media={} links={} downloaded_files=None screenshot=None pdf=None markdown=None markdown_v2=None fit_markdown=None fit_html=None extracted_content=None metadata=None error_message='Unexpected error in _crawl_web at line 1205 in _crawl_web (../../.pyenv/versions/3.12.6/lib/python3.12/site-packages/crawl4ai/async_crawler_strategy.py):\nError: Failed on navigating ACS-GOTO:\nPage.goto: Timeout 10000ms exceeded.\nCall log:\n  - navigating to "https://www.gannon.edu/academic-offerings/engineering-and-business/minor/", waiting until "domcontentloaded"\n\n\nCode context:\n1200   \n1201                       response = await page.goto(\n1202                           url, wait_until=config.wait_until, timeout=config.page_timeout\n1203                       )\n1204                   except Error as e:\n1205 →                     raise RuntimeError(f"Failed on navigating ACS-GOTO:\\n{str(e)}")\n1206   \n1207                   await self.execute_hook("after_goto", page, context=context, url=url, response=response)\n1208   \n1209                   if response is None:\n1210                       status_code = 200' session_id=None response_headers=None status_code=None ssl_certificate=None


Failed to crawl: https://www.gannon.edu/academic-offerings/humanities-education-and-social-sciences/undergraduate/education---early-childhood/
Result: url='https://www.gannon.edu/academic-offerings/humanities-education-and-social-sciences/undergraduate/education---early-childhood/' html='' success=False cleaned_html=None media={} links={} downloaded_files=None screenshot=None pdf=None markdown=None markdown_v2=None fit_markdown=None fit_html=None extracted_content=None metadata=None error_message='Unexpected error in _crawl_web at line 1205 in _crawl_web (../../.pyenv/versions/3.12.6/lib/python3.12/site-packages/crawl4ai/async_crawler_strategy.py):\nError: Failed on navigating ACS-GOTO:\nPage.goto: Timeout 10000ms exceeded.\nCall log:\n  - navigating to "https://www.gannon.edu/academic-offerings/humanities-education-and-social-sciences/undergraduate/education---early-childhood/", waiting until "domcontentloaded"\n\n\nCode context:\n1200   \n1201                       response = await page.goto(\n1202                           url, wait_until=config.wait_until, timeout=config.page_timeout\n1203                       )\n1204                   except Error as e:\n1205 →                     raise RuntimeError(f"Failed on navigating ACS-GOTO:\\n{str(e)}")\n1206   \n1207                   await self.execute_hook("after_goto", page, context=context, url=url, response=response)\n1208   \n1209                   if response is None:\n1210                       status_code = 200' session_id=None response_headers=None status_code=None ssl_certificate=None


Failed to crawl: https://www.gannon.edu/academic-offerings/humanities-education-and-social-sciences/undergraduate/education---early-childhood/accreditation/
Result: url='https://www.gannon.edu/academic-offerings/humanities-education-and-social-sciences/undergraduate/education---early-childhood/accreditation/' html='' success=False cleaned_html=None media={} links={} downloaded_files=None screenshot=None pdf=None markdown=None markdown_v2=None fit_markdown=None fit_html=None extracted_content=None metadata=None error_message='Unexpected error in _crawl_web at line 1205 in _crawl_web (../../.pyenv/versions/3.12.6/lib/python3.12/site-packages/crawl4ai/async_crawler_strategy.py):\nError: Failed on navigating ACS-GOTO:\nPage.goto: Timeout 10000ms exceeded.\nCall log:\n  - navigating to "https://www.gannon.edu/academic-offerings/humanities-education-and-social-sciences/undergraduate/education---early-childhood/accreditation/", waiting until "domcontentloaded"\n\n\nCode context:\n1200   \n1201                       response = await page.goto(\n1202                           url, wait_until=config.wait_until, timeout=config.page_timeout\n1203                       )\n1204                   except Error as e:\n1205 →                     raise RuntimeError(f"Failed on navigating ACS-GOTO:\\n{str(e)}")\n1206   \n1207                   await self.execute_hook("after_goto", page, context=context, url=url, response=response)\n1208   \n1209                   if response is None:\n1210                       status_code = 200' session_id=None response_headers=None status_code=None ssl_certificate=None


Failed to crawl: https://www.gannon.edu/academic-offerings/health-professions-and-sciences/undergraduate/pre-medicine/
Result: url='https://www.gannon.edu/academic-offerings/health-professions-and-sciences/undergraduate/pre-medicine/' html='' success=False cleaned_html=None media={} links={} downloaded_files=None screenshot=None pdf=None markdown=None markdown_v2=None fit_markdown=None fit_html=None extracted_content=None metadata=None error_message='Unexpected error in _crawl_web at line 1205 in _crawl_web (../../.pyenv/versions/3.12.6/lib/python3.12/site-packages/crawl4ai/async_crawler_strategy.py):\nError: Failed on navigating ACS-GOTO:\nPage.goto: Timeout 10000ms exceeded.\nCall log:\n  - navigating to "https://www.gannon.edu/academic-offerings/health-professions-and-sciences/undergraduate/pre-medicine/", waiting until "domcontentloaded"\n\n\nCode context:\n1200   \n1201                       response = await page.goto(\n1202                           url, wait_until=config.wait_until, timeout=config.page_timeout\n1203                       )\n1204                   except Error as e:\n1205 →                     raise RuntimeError(f"Failed on navigating ACS-GOTO:\\n{str(e)}")\n1206   \n1207                   await self.execute_hook("after_goto", page, context=context, url=url, response=response)\n1208   \n1209                   if response is None:\n1210                       status_code = 200' session_id=None response_headers=None status_code=None ssl_certificate=None


Failed to crawl: https://www.gannon.edu/academic-offerings/health-professions-and-sciences/undergraduate/pre-optometry/
Result: url='https://www.gannon.edu/academic-offerings/health-professions-and-sciences/undergraduate/pre-optometry/' html='' success=False cleaned_html=None media={} links={} downloaded_files=None screenshot=None pdf=None markdown=None markdown_v2=None fit_markdown=None fit_html=None extracted_content=None metadata=None error_message='Unexpected error in _crawl_web at line 1205 in _crawl_web (../../.pyenv/versions/3.12.6/lib/python3.12/site-packages/crawl4ai/async_crawler_strategy.py):\nError: Failed on navigating ACS-GOTO:\nPage.goto: Timeout 10000ms exceeded.\nCall log:\n  - navigating to "https://www.gannon.edu/academic-offerings/health-professions-and-sciences/undergraduate/pre-optometry/", waiting until "domcontentloaded"\n\n\nCode context:\n1200   \n1201                       response = await page.goto(\n1202                           url, wait_until=config.wait_until, timeout=config.page_timeout\n1203                       )\n1204                   except Error as e:\n1205 →                     raise RuntimeError(f"Failed on navigating ACS-GOTO:\\n{str(e)}")\n1206   \n1207                   await self.execute_hook("after_goto", page, context=context, url=url, response=response)\n1208   \n1209                   if response is None:\n1210                       status_code = 200' session_id=None response_headers=None status_code=None ssl_certificate=None


Failed to crawl: https://www.gannon.edu/about-gannon/celebrate-gannon/
Result: url='https://www.gannon.edu/about-gannon/celebrate-gannon/' html='' success=False cleaned_html=None media={} links={} downloaded_files=None screenshot=None pdf=None markdown=None markdown_v2=None fit_markdown=None fit_html=None extracted_content=None metadata=None error_message='Unexpected error in _crawl_web at line 1205 in _crawl_web (../../.pyenv/versions/3.12.6/lib/python3.12/site-packages/crawl4ai/async_crawler_strategy.py):\nError: Failed on navigating ACS-GOTO:\nPage.goto: Timeout 10000ms exceeded.\nCall log:\n  - navigating to "https://www.gannon.edu/about-gannon/celebrate-gannon/", waiting until "domcontentloaded"\n\n\nCode context:\n1200   \n1201                       response = await page.goto(\n1202                           url, wait_until=config.wait_until, timeout=config.page_timeout\n1203                       )\n1204                   except Error as e:\n1205 →                     raise RuntimeError(f"Failed on navigating ACS-GOTO:\\n{str(e)}")\n1206   \n1207                   await self.execute_hook("after_goto", page, context=context, url=url, response=response)\n1208   \n1209                   if response is None:\n1210                       status_code = 200' session_id=None response_headers=None status_code=None ssl_certificate=None


Failed to crawl: https://www.gannon.edu/academic-offerings/health-professions-and-sciences/undergraduate/occupational-therapy---entry-level/tuition-and-fees/
Result: url='https://www.gannon.edu/academic-offerings/health-professions-and-sciences/undergraduate/occupational-therapy---entry-level/tuition-and-fees/' html='' success=False cleaned_html=None media={} links={} downloaded_files=None screenshot=None pdf=None markdown=None markdown_v2=None fit_markdown=None fit_html=None extracted_content=None metadata=None error_message='Unexpected error in _crawl_web at line 1205 in _crawl_web (../../.pyenv/versions/3.12.6/lib/python3.12/site-packages/crawl4ai/async_crawler_strategy.py):\nError: Failed on navigating ACS-GOTO:\nPage.goto: Timeout 10000ms exceeded.\nCall log:\n  - navigating to "https://www.gannon.edu/academic-offerings/health-professions-and-sciences/undergraduate/occupational-therapy---entry-level/tuition-and-fees/", waiting until "domcontentloaded"\n\n\nCode context:\n1200   \n1201                       response = await page.goto(\n1202                           url, wait_until=config.wait_until, timeout=config.page_timeout\n1203                       )\n1204                   except Error as e:\n1205 →                     raise RuntimeError(f"Failed on navigating ACS-GOTO:\\n{str(e)}")\n1206   \n1207                   await self.execute_hook("after_goto", page, context=context, url=url, response=response)\n1208   \n1209                   if response is None:\n1210                       status_code = 200' session_id=None response_headers=None status_code=None ssl_certificate=None


Failed to crawl: https://www.gannon.edu/academic-offerings/health-professions-and-sciences/undergraduate/pre-health-qualification/admission-requirements/
Result: url='https://www.gannon.edu/academic-offerings/health-professions-and-sciences/undergraduate/pre-health-qualification/admission-requirements/' html='' success=False cleaned_html=None media={} links={} downloaded_files=None screenshot=None pdf=None markdown=None markdown_v2=None fit_markdown=None fit_html=None extracted_content=None metadata=None error_message='Unexpected error in _crawl_web at line 1205 in _crawl_web (../../.pyenv/versions/3.12.6/lib/python3.12/site-packages/crawl4ai/async_crawler_strategy.py):\nError: Failed on navigating ACS-GOTO:\nPage.goto: Timeout 10000ms exceeded.\nCall log:\n  - navigating to "https://www.gannon.edu/academic-offerings/health-professions-and-sciences/undergraduate/pre-health-qualification/admission-requirements/", waiting until "domcontentloaded"\n\n\nCode context:\n1200   \n1201                       response = await page.goto(\n1202                           url, wait_until=config.wait_until, timeout=config.page_timeout\n1203                       )\n1204                   except Error as e:\n1205 →                     raise RuntimeError(f"Failed on navigating ACS-GOTO:\\n{str(e)}")\n1206   \n1207                   await self.execute_hook("after_goto", page, context=context, url=url, response=response)\n1208   \n1209                   if response is None:\n1210                       status_code = 200' session_id=None response_headers=None status_code=None ssl_certificate=None


Failed to crawl: https://www.gannon.edu/academic-offerings/health-professions-and-sciences/undergraduate/pre-health-qualification/
Result: url='https://www.gannon.edu/academic-offerings/health-professions-and-sciences/undergraduate/pre-health-qualification/' html='' success=False cleaned_html=None media={} links={} downloaded_files=None screenshot=None pdf=None markdown=None markdown_v2=None fit_markdown=None fit_html=None extracted_content=None metadata=None error_message='Unexpected error in _crawl_web at line 1205 in _crawl_web (../../.pyenv/versions/3.12.6/lib/python3.12/site-packages/crawl4ai/async_crawler_strategy.py):\nError: Failed on navigating ACS-GOTO:\nPage.goto: Timeout 10000ms exceeded.\nCall log:\n  - navigating to "https://www.gannon.edu/academic-offerings/health-professions-and-sciences/undergraduate/pre-health-qualification/", waiting until "domcontentloaded"\n\n\nCode context:\n1200   \n1201                       response = await page.goto(\n1202                           url, wait_until=config.wait_until, timeout=config.page_timeout\n1203                       )\n1204                   except Error as e:\n1205 →                     raise RuntimeError(f"Failed on navigating ACS-GOTO:\\n{str(e)}")\n1206   \n1207                   await self.execute_hook("after_goto", page, context=context, url=url, response=response)\n1208   \n1209                   if response is None:\n1210                       status_code = 200' session_id=None response_headers=None status_code=None ssl_certificate=None


Failed to crawl: https://www.gannon.edu/academic-offerings/health-professions-and-sciences/undergraduate/pre-pharmacy/
Result: url='https://www.gannon.edu/academic-offerings/health-professions-and-sciences/undergraduate/pre-pharmacy/' html='' success=False cleaned_html=None media={} links={} downloaded_files=None screenshot=None pdf=None markdown=None markdown_v2=None fit_markdown=None fit_html=None extracted_content=None metadata=None error_message='Unexpected error in _crawl_web at line 1205 in _crawl_web (../../.pyenv/versions/3.12.6/lib/python3.12/site-packages/crawl4ai/async_crawler_strategy.py):\nError: Failed on navigating ACS-GOTO:\nPage.goto: Timeout 10000ms exceeded.\nCall log:\n  - navigating to "https://www.gannon.edu/academic-offerings/health-professions-and-sciences/undergraduate/pre-pharmacy/", waiting until "domcontentloaded"\n\n\nCode context:\n1200   \n1201                       response = await page.goto(\n1202                           url, wait_until=config.wait_until, timeout=config.page_timeout\n1203                       )\n1204                   except Error as e:\n1205 →                     raise RuntimeError(f"Failed on navigating ACS-GOTO:\\n{str(e)}")\n1206   \n1207                   await self.execute_hook("after_goto", page, context=context, url=url, response=response)\n1208   \n1209                   if response is None:\n1210                       status_code = 200' session_id=None response_headers=None status_code=None ssl_certificate=None


Failed to crawl: https://www.gannon.edu/academic-offerings/health-professions-and-sciences/undergraduate/pre-veterinary-medicine/
Result: url='https://www.gannon.edu/academic-offerings/health-professions-and-sciences/undergraduate/pre-veterinary-medicine/' html='' success=False cleaned_html=None media={} links={} downloaded_files=None screenshot=None pdf=None markdown=None markdown_v2=None fit_markdown=None fit_html=None extracted_content=None metadata=None error_message='Unexpected error in _crawl_web at line 1205 in _crawl_web (../../.pyenv/versions/3.12.6/lib/python3.12/site-packages/crawl4ai/async_crawler_strategy.py):\nError: Failed on navigating ACS-GOTO:\nPage.goto: Timeout 10000ms exceeded.\nCall log:\n  - navigating to "https://www.gannon.edu/academic-offerings/health-professions-and-sciences/undergraduate/pre-veterinary-medicine/", waiting until "domcontentloaded"\n\n\nCode context:\n1200   \n1201                       response = await page.goto(\n1202                           url, wait_until=config.wait_until, timeout=config.page_timeout\n1203                       )\n1204                   except Error as e:\n1205 →                     raise RuntimeError(f"Failed on navigating ACS-GOTO:\\n{str(e)}")\n1206   \n1207                   await self.execute_hook("after_goto", page, context=context, url=url, response=response)\n1208   \n1209                   if response is None:\n1210                       status_code = 200' session_id=None response_headers=None status_code=None ssl_certificate=None


Failed to crawl: https://www.gannon.edu/academic-offerings/humanities-education-and-social-sciences/department-of-english/writing-contests/
Result: url='https://www.gannon.edu/academic-offerings/humanities-education-and-social-sciences/department-of-english/writing-contests/' html='' success=False cleaned_html=None media={} links={} downloaded_files=None screenshot=None pdf=None markdown=None markdown_v2=None fit_markdown=None fit_html=None extracted_content=None metadata=None error_message='Unexpected error in _crawl_web at line 1205 in _crawl_web (../../.pyenv/versions/3.12.6/lib/python3.12/site-packages/crawl4ai/async_crawler_strategy.py):\nError: Failed on navigating ACS-GOTO:\nPage.goto: Timeout 10000ms exceeded.\nCall log:\n  - navigating to "https://www.gannon.edu/academic-offerings/humanities-education-and-social-sciences/department-of-english/writing-contests/", waiting until "domcontentloaded"\n\n\nCode context:\n1200   \n1201                       response = await page.goto(\n1202                           url, wait_until=config.wait_until, timeout=config.page_timeout\n1203                       )\n1204                   except Error as e:\n1205 →                     raise RuntimeError(f"Failed on navigating ACS-GOTO:\\n{str(e)}")\n1206   \n1207                   await self.execute_hook("after_goto", page, context=context, url=url, response=response)\n1208   \n1209                   if response is None:\n1210                       status_code = 200' session_id=None response_headers=None status_code=None ssl_certificate=None


Failed to crawl: https://www.gannon.edu/academic-offerings/humanities-education-and-social-sciences/minor/special-education-and-diversity/
Result: url='https://www.gannon.edu/academic-offerings/humanities-education-and-social-sciences/minor/special-education-and-diversity/' html='' success=False cleaned_html=None media={} links={} downloaded_files=None screenshot=None pdf=None markdown=None markdown_v2=None fit_markdown=None fit_html=None extracted_content=None metadata=None error_message='Unexpected error in _crawl_web at line 1205 in _crawl_web (../../.pyenv/versions/3.12.6/lib/python3.12/site-packages/crawl4ai/async_crawler_strategy.py):\nError: Failed on navigating ACS-GOTO:\nPage.goto: Timeout 10000ms exceeded.\nCall log:\n  - navigating to "https://www.gannon.edu/academic-offerings/humanities-education-and-social-sciences/minor/special-education-and-diversity/", waiting until "domcontentloaded"\n\n\nCode context:\n1200   \n1201                       response = await page.goto(\n1202                           url, wait_until=config.wait_until, timeout=config.page_timeout\n1203                       )\n1204                   except Error as e:\n1205 →                     raise RuntimeError(f"Failed on navigating ACS-GOTO:\\n{str(e)}")\n1206   \n1207                   await self.execute_hook("after_goto", page, context=context, url=url, response=response)\n1208   \n1209                   if response is None:\n1210                       status_code = 200' session_id=None response_headers=None status_code=None ssl_certificate=None


Failed to crawl: https://www.gannon.edu/admissions/global-admissions-and-outreach/countries/
Result: url='https://www.gannon.edu/admissions/global-admissions-and-outreach/countries/' html='' success=False cleaned_html=None media={} links={} downloaded_files=None screenshot=None pdf=None markdown=None markdown_v2=None fit_markdown=None fit_html=None extracted_content=None metadata=None error_message='Unexpected error in _crawl_web at line 1205 in _crawl_web (../../.pyenv/versions/3.12.6/lib/python3.12/site-packages/crawl4ai/async_crawler_strategy.py):\nError: Failed on navigating ACS-GOTO:\nPage.goto: Timeout 10000ms exceeded.\nCall log:\n  - navigating to "https://www.gannon.edu/admissions/global-admissions-and-outreach/countries/", waiting until "domcontentloaded"\n\n\nCode context:\n1200   \n1201                       response = await page.goto(\n1202                           url, wait_until=config.wait_until, timeout=config.page_timeout\n1203                       )\n1204                   except Error as e:\n1205 →                     raise RuntimeError(f"Failed on navigating ACS-GOTO:\\n{str(e)}")\n1206   \n1207                   await self.execute_hook("after_goto", page, context=context, url=url, response=response)\n1208   \n1209                   if response is None:\n1210                       status_code = 200' session_id=None response_headers=None status_code=None ssl_certificate=None


Failed to crawl: https://www.gannon.edu/academic-offerings/health-professions-and-sciences/graduate/occupational-therapy-doctorate-post-professional/
Result: url='https://www.gannon.edu/academic-offerings/health-professions-and-sciences/graduate/occupational-therapy-doctorate-post-professional/' html='' success=False cleaned_html=None media={} links={} downloaded_files=None screenshot=None pdf=None markdown=None markdown_v2=None fit_markdown=None fit_html=None extracted_content=None metadata=None error_message='Unexpected error in _crawl_web at line 1205 in _crawl_web (../../.pyenv/versions/3.12.6/lib/python3.12/site-packages/crawl4ai/async_crawler_strategy.py):\nError: Failed on navigating ACS-GOTO:\nPage.goto: Timeout 10000ms exceeded.\nCall log:\n  - navigating to "https://www.gannon.edu/academic-offerings/health-professions-and-sciences/graduate/occupational-therapy-doctorate-post-professional/", waiting until "domcontentloaded"\n\n\nCode context:\n1200   \n1201                       response = await page.goto(\n1202                           url, wait_until=config.wait_until, timeout=config.page_timeout\n1203                       )\n1204                   except Error as e:\n1205 →                     raise RuntimeError(f"Failed on navigating ACS-GOTO:\\n{str(e)}")\n1206   \n1207                   await self.execute_hook("after_goto", page, context=context, url=url, response=response)\n1208   \n1209                   if response is None:\n1210                       status_code = 200' session_id=None response_headers=None status_code=None ssl_certificate=None


Failed to crawl: https://www.gannon.edu/academic-offerings/health-professions-and-sciences/school-of-sciences/department-of-chemistry-and-biochemistry/recent-news/news-archive/
Result: url='https://www.gannon.edu/academic-offerings/health-professions-and-sciences/school-of-sciences/department-of-chemistry-and-biochemistry/recent-news/news-archive/' html='' success=False cleaned_html=None media={} links={} downloaded_files=None screenshot=None pdf=None markdown=None markdown_v2=None fit_markdown=None fit_html=None extracted_content=None metadata=None error_message='Unexpected error in _crawl_web at line 1205 in _crawl_web (../../.pyenv/versions/3.12.6/lib/python3.12/site-packages/crawl4ai/async_crawler_strategy.py):\nError: Failed on navigating ACS-GOTO:\nPage.goto: Timeout 10000ms exceeded.\nCall log:\n  - navigating to "https://www.gannon.edu/academic-offerings/health-professions-and-sciences/school-of-sciences/department-of-chemistry-and-biochemistry/recent-news/news-archive/", waiting until "domcontentloaded"\n\n\nCode context:\n1200   \n1201                       response = await page.goto(\n1202                           url, wait_until=config.wait_until, timeout=config.page_timeout\n1203                       )\n1204                   except Error as e:\n1205 →                     raise RuntimeError(f"Failed on navigating ACS-GOTO:\\n{str(e)}")\n1206   \n1207                   await self.execute_hook("after_goto", page, context=context, url=url, response=response)\n1208   \n1209                   if response is None:\n1210                       status_code = 200' session_id=None response_headers=None status_code=None ssl_certificate=None


Failed to crawl: https://www.gannon.edu/academic-offerings/health-professions-and-sciences/school-of-medical-sciences/department-of-physician-assistant/faculty/
Result: url='https://www.gannon.edu/academic-offerings/health-professions-and-sciences/school-of-medical-sciences/department-of-physician-assistant/faculty/' html='' success=False cleaned_html=None media={} links={} downloaded_files=None screenshot=None pdf=None markdown=None markdown_v2=None fit_markdown=None fit_html=None extracted_content=None metadata=None error_message='Unexpected error in _crawl_web at line 1205 in _crawl_web (../../.pyenv/versions/3.12.6/lib/python3.12/site-packages/crawl4ai/async_crawler_strategy.py):\nError: Failed on navigating ACS-GOTO:\nPage.goto: Timeout 10000ms exceeded.\nCall log:\n  - navigating to "https://www.gannon.edu/academic-offerings/health-professions-and-sciences/school-of-medical-sciences/department-of-physician-assistant/faculty/", waiting until "domcontentloaded"\n\n\nCode context:\n1200   \n1201                       response = await page.goto(\n1202                           url, wait_until=config.wait_until, timeout=config.page_timeout\n1203                       )\n1204                   except Error as e:\n1205 →                     raise RuntimeError(f"Failed on navigating ACS-GOTO:\\n{str(e)}")\n1206   \n1207                   await self.execute_hook("after_goto", page, context=context, url=url, response=response)\n1208   \n1209                   if response is None:\n1210                       status_code = 200' session_id=None response_headers=None status_code=None ssl_certificate=None


Failed to crawl: https://www.gannon.edu/academic-offerings/health-professions-and-sciences/school-of-medical-sciences/department-of-physician-assistant/technical-standards/
Result: url='https://www.gannon.edu/academic-offerings/health-professions-and-sciences/school-of-medical-sciences/department-of-physician-assistant/technical-standards/' html='' success=False cleaned_html=None media={} links={} downloaded_files=None screenshot=None pdf=None markdown=None markdown_v2=None fit_markdown=None fit_html=None extracted_content=None metadata=None error_message='Unexpected error in _crawl_web at line 1205 in _crawl_web (../../.pyenv/versions/3.12.6/lib/python3.12/site-packages/crawl4ai/async_crawler_strategy.py):\nError: Failed on navigating ACS-GOTO:\nPage.goto: Timeout 10000ms exceeded.\nCall log:\n  - navigating to "https://www.gannon.edu/academic-offerings/health-professions-and-sciences/school-of-medical-sciences/department-of-physician-assistant/technical-standards/", waiting until "domcontentloaded"\n\n\nCode context:\n1200   \n1201                       response = await page.goto(\n1202                           url, wait_until=config.wait_until, timeout=config.page_timeout\n1203                       )\n1204                   except Error as e:\n1205 →                     raise RuntimeError(f"Failed on navigating ACS-GOTO:\\n{str(e)}")\n1206   \n1207                   await self.execute_hook("after_goto", page, context=context, url=url, response=response)\n1208   \n1209                   if response is None:\n1210                       status_code = 200' session_id=None response_headers=None status_code=None ssl_certificate=None


Failed to crawl: https://www.gannon.edu/academic-offerings/health-professions-and-sciences/school-of-sciences/department-of-biology/travel-courses/
Result: url='https://www.gannon.edu/academic-offerings/health-professions-and-sciences/school-of-sciences/department-of-biology/travel-courses/' html='' success=False cleaned_html=None media={} links={} downloaded_files=None screenshot=None pdf=None markdown=None markdown_v2=None fit_markdown=None fit_html=None extracted_content=None metadata=None error_message='Unexpected error in _crawl_web at line 1205 in _crawl_web (../../.pyenv/versions/3.12.6/lib/python3.12/site-packages/crawl4ai/async_crawler_strategy.py):\nError: Failed on navigating ACS-GOTO:\nPage.goto: Timeout 10000ms exceeded.\nCall log:\n  - navigating to "https://www.gannon.edu/academic-offerings/health-professions-and-sciences/school-of-sciences/department-of-biology/travel-courses/", waiting until "domcontentloaded"\n\n\nCode context:\n1200   \n1201                       response = await page.goto(\n1202                           url, wait_until=config.wait_until, timeout=config.page_timeout\n1203                       )\n1204                   except Error as e:\n1205 →                     raise RuntimeError(f"Failed on navigating ACS-GOTO:\\n{str(e)}")\n1206   \n1207                   await self.execute_hook("after_goto", page, context=context, url=url, response=response)\n1208   \n1209                   if response is None:\n1210                       status_code = 200' session_id=None response_headers=None status_code=None ssl_certificate=None


Failed to crawl: https://www.gannon.edu/academic-offerings/health-professions-and-sciences/school-of-sciences/department-of-biology/student-opportunities/
Result: url='https://www.gannon.edu/academic-offerings/health-professions-and-sciences/school-of-sciences/department-of-biology/student-opportunities/' html='' success=False cleaned_html=None media={} links={} downloaded_files=None screenshot=None pdf=None markdown=None markdown_v2=None fit_markdown=None fit_html=None extracted_content=None metadata=None error_message='Unexpected error in _crawl_web at line 1205 in _crawl_web (../../.pyenv/versions/3.12.6/lib/python3.12/site-packages/crawl4ai/async_crawler_strategy.py):\nError: Failed on navigating ACS-GOTO:\nPage.goto: Timeout 10000ms exceeded.\nCall log:\n  - navigating to "https://www.gannon.edu/academic-offerings/health-professions-and-sciences/school-of-sciences/department-of-biology/student-opportunities/", waiting until "domcontentloaded"\n\n\nCode context:\n1200   \n1201                       response = await page.goto(\n1202                           url, wait_until=config.wait_until, timeout=config.page_timeout\n1203                       )\n1204                   except Error as e:\n1205 →                     raise RuntimeError(f"Failed on navigating ACS-GOTO:\\n{str(e)}")\n1206   \n1207                   await self.execute_hook("after_goto", page, context=context, url=url, response=response)\n1208   \n1209                   if response is None:\n1210                       status_code = 200' session_id=None response_headers=None status_code=None ssl_certificate=None


Failed to crawl: https://www.gannon.edu/alumni/benefits-and-services/benefits-privacy-policy/
Result: url='https://www.gannon.edu/alumni/benefits-and-services/benefits-privacy-policy/' html='' success=False cleaned_html=None media={} links={} downloaded_files=None screenshot=None pdf=None markdown=None markdown_v2=None fit_markdown=None fit_html=None extracted_content=None metadata=None error_message='Unexpected error in _crawl_web at line 1205 in _crawl_web (../../.pyenv/versions/3.12.6/lib/python3.12/site-packages/crawl4ai/async_crawler_strategy.py):\nError: Failed on navigating ACS-GOTO:\nPage.goto: Timeout 10000ms exceeded.\nCall log:\n  - navigating to "https://www.gannon.edu/alumni/benefits-and-services/benefits-privacy-policy/", waiting until "domcontentloaded"\n\n\nCode context:\n1200   \n1201                       response = await page.goto(\n1202                           url, wait_until=config.wait_until, timeout=config.page_timeout\n1203                       )\n1204                   except Error as e:\n1205 →                     raise RuntimeError(f"Failed on navigating ACS-GOTO:\\n{str(e)}")\n1206   \n1207                   await self.execute_hook("after_goto", page, context=context, url=url, response=response)\n1208   \n1209                   if response is None:\n1210                       status_code = 200' session_id=None response_headers=None status_code=None ssl_certificate=None


Failed to crawl: https://www.gannon.edu/alumni/support-gannon/
Result: url='https://www.gannon.edu/alumni/support-gannon/' html='' success=False cleaned_html=None media={} links={} downloaded_files=None screenshot=None pdf=None markdown=None markdown_v2=None fit_markdown=None fit_html=None extracted_content=None metadata=None error_message='Unexpected error in _crawl_web at line 1205 in _crawl_web (../../.pyenv/versions/3.12.6/lib/python3.12/site-packages/crawl4ai/async_crawler_strategy.py):\nError: Failed on navigating ACS-GOTO:\nPage.goto: Timeout 10000ms exceeded.\nCall log:\n  - navigating to "https://www.gannon.edu/alumni/support-gannon/", waiting until "domcontentloaded"\n\n\nCode context:\n1200   \n1201                       response = await page.goto(\n1202                           url, wait_until=config.wait_until, timeout=config.page_timeout\n1203                       )\n1204                   except Error as e:\n1205 →                     raise RuntimeError(f"Failed on navigating ACS-GOTO:\\n{str(e)}")\n1206   \n1207                   await self.execute_hook("after_goto", page, context=context, url=url, response=response)\n1208   \n1209                   if response is None:\n1210                       status_code = 200' session_id=None response_headers=None status_code=None ssl_certificate=None


Failed to crawl: https://www.gannon.edu/alumni/get-involved/give-day/
Result: url='https://www.gannon.edu/alumni/get-involved/give-day/' html='' success=False cleaned_html=None media={} links={} downloaded_files=None screenshot=None pdf=None markdown=None markdown_v2=None fit_markdown=None fit_html=None extracted_content=None metadata=None error_message='Unexpected error in _crawl_web at line 1205 in _crawl_web (../../.pyenv/versions/3.12.6/lib/python3.12/site-packages/crawl4ai/async_crawler_strategy.py):\nError: Failed on navigating ACS-GOTO:\nPage.goto: Timeout 10000ms exceeded.\nCall log:\n  - navigating to "https://www.gannon.edu/alumni/get-involved/give-day/", waiting until "domcontentloaded"\n\n\nCode context:\n1200   \n1201                       response = await page.goto(\n1202                           url, wait_until=config.wait_until, timeout=config.page_timeout\n1203                       )\n1204                   except Error as e:\n1205 →                     raise RuntimeError(f"Failed on navigating ACS-GOTO:\\n{str(e)}")\n1206   \n1207                   await self.execute_hook("after_goto", page, context=context, url=url, response=response)\n1208   \n1209                   if response is None:\n1210                       status_code = 200' session_id=None response_headers=None status_code=None ssl_certificate=None


Failed to crawl: https://www.gannon.edu/alumni/alumni-association/meet-the-team/
Result: url='https://www.gannon.edu/alumni/alumni-association/meet-the-team/' html='' success=False cleaned_html=None media={} links={} downloaded_files=None screenshot=None pdf=None markdown=None markdown_v2=None fit_markdown=None fit_html=None extracted_content=None metadata=None error_message='Unexpected error in _crawl_web at line 1205 in _crawl_web (../../.pyenv/versions/3.12.6/lib/python3.12/site-packages/crawl4ai/async_crawler_strategy.py):\nError: Failed on navigating ACS-GOTO:\nPage.goto: Timeout 10000ms exceeded.\nCall log:\n  - navigating to "https://www.gannon.edu/alumni/alumni-association/meet-the-team/", waiting until "domcontentloaded"\n\n\nCode context:\n1200   \n1201                       response = await page.goto(\n1202                           url, wait_until=config.wait_until, timeout=config.page_timeout\n1203                       )\n1204                   except Error as e:\n1205 →                     raise RuntimeError(f"Failed on navigating ACS-GOTO:\\n{str(e)}")\n1206   \n1207                   await self.execute_hook("after_goto", page, context=context, url=url, response=response)\n1208   \n1209                   if response is None:\n1210                       status_code = 200' session_id=None response_headers=None status_code=None ssl_certificate=None


Failed to crawl: https://www.gannon.edu/academic-offerings/engineering-and-business/professional-academies/
Result: url='https://www.gannon.edu/academic-offerings/engineering-and-business/professional-academies/' html='' success=False cleaned_html=None media={} links={} downloaded_files=None screenshot=None pdf=None markdown=None markdown_v2=None fit_markdown=None fit_html=None extracted_content=None metadata=None error_message='Unexpected error in _crawl_web at line 1205 in _crawl_web (../../.pyenv/versions/3.12.6/lib/python3.12/site-packages/crawl4ai/async_crawler_strategy.py):\nError: Failed on navigating ACS-GOTO:\nPage.goto: Timeout 10000ms exceeded.\nCall log:\n  - navigating to "https://www.gannon.edu/academic-offerings/engineering-and-business/professional-academies/", waiting until "domcontentloaded"\n\n\nCode context:\n1200   \n1201                       response = await page.goto(\n1202                           url, wait_until=config.wait_until, timeout=config.page_timeout\n1203                       )\n1204                   except Error as e:\n1205 →                     raise RuntimeError(f"Failed on navigating ACS-GOTO:\\n{str(e)}")\n1206   \n1207                   await self.execute_hook("after_goto", page, context=context, url=url, response=response)\n1208   \n1209                   if response is None:\n1210                       status_code = 200' session_id=None response_headers=None status_code=None ssl_certificate=None


Failed to crawl: https://www.gannon.edu/academic-offerings/humanities-education-and-social-sciences/school-of-public-service-and-global-affairs/model-un/conference-information/
Result: url='https://www.gannon.edu/academic-offerings/humanities-education-and-social-sciences/school-of-public-service-and-global-affairs/model-un/conference-information/' html='' success=False cleaned_html=None media={} links={} downloaded_files=None screenshot=None pdf=None markdown=None markdown_v2=None fit_markdown=None fit_html=None extracted_content=None metadata=None error_message='Unexpected error in _crawl_web at line 1205 in _crawl_web (../../.pyenv/versions/3.12.6/lib/python3.12/site-packages/crawl4ai/async_crawler_strategy.py):\nError: Failed on navigating ACS-GOTO:\nPage.goto: Timeout 10000ms exceeded.\nCall log:\n  - navigating to "https://www.gannon.edu/academic-offerings/humanities-education-and-social-sciences/school-of-public-service-and-global-affairs/model-un/conference-information/", waiting until "domcontentloaded"\n\n\nCode context:\n1200   \n1201                       response = await page.goto(\n1202                           url, wait_until=config.wait_until, timeout=config.page_timeout\n1203                       )\n1204                   except Error as e:\n1205 →                     raise RuntimeError(f"Failed on navigating ACS-GOTO:\\n{str(e)}")\n1206   \n1207                   await self.execute_hook("after_goto", page, context=context, url=url, response=response)\n1208   \n1209                   if response is None:\n1210                       status_code = 200' session_id=None response_headers=None status_code=None ssl_certificate=None


Failed to crawl: https://www.gannon.edu/academic-offerings/engineering-and-business/school-of-engineering-and-computing/department-of-environmental-science-and-engineering/
Result: url='https://www.gannon.edu/academic-offerings/engineering-and-business/school-of-engineering-and-computing/department-of-environmental-science-and-engineering/' html='' success=False cleaned_html=None media={} links={} downloaded_files=None screenshot=None pdf=None markdown=None markdown_v2=None fit_markdown=None fit_html=None extracted_content=None metadata=None error_message='Unexpected error in _crawl_web at line 1205 in _crawl_web (../../.pyenv/versions/3.12.6/lib/python3.12/site-packages/crawl4ai/async_crawler_strategy.py):\nError: Failed on navigating ACS-GOTO:\nPage.goto: Timeout 10000ms exceeded.\nCall log:\n  - navigating to "https://www.gannon.edu/academic-offerings/engineering-and-business/school-of-engineering-and-computing/department-of-environmental-science-and-engineering/", waiting until "domcontentloaded"\n\n\nCode context:\n1200   \n1201                       response = await page.goto(\n1202                           url, wait_until=config.wait_until, timeout=config.page_timeout\n1203                       )\n1204                   except Error as e:\n1205 →                     raise RuntimeError(f"Failed on navigating ACS-GOTO:\\n{str(e)}")\n1206   \n1207                   await self.execute_hook("after_goto", page, context=context, url=url, response=response)\n1208   \n1209                   if response is None:\n1210                       status_code = 200' session_id=None response_headers=None status_code=None ssl_certificate=None


Failed to crawl: https://www.gannon.edu/academic-offerings/health-professions-and-sciences/undergraduate/occupational-therapy/
Result: url='https://www.gannon.edu/academic-offerings/health-professions-and-sciences/undergraduate/occupational-therapy/' html='' success=False cleaned_html=None media={} links={} downloaded_files=None screenshot=None pdf=None markdown=None markdown_v2=None fit_markdown=None fit_html=None extracted_content=None metadata=None error_message='Unexpected error in _crawl_web at line 1205 in _crawl_web (../../.pyenv/versions/3.12.6/lib/python3.12/site-packages/crawl4ai/async_crawler_strategy.py):\nError: Failed on navigating ACS-GOTO:\nPage.goto: Timeout 10000ms exceeded.\nCall log:\n  - navigating to "https://www.gannon.edu/academic-offerings/health-professions-and-sciences/undergraduate/occupational-therapy/", waiting until "domcontentloaded"\n\n\nCode context:\n1200   \n1201                       response = await page.goto(\n1202                           url, wait_until=config.wait_until, timeout=config.page_timeout\n1203                       )\n1204                   except Error as e:\n1205 →                     raise RuntimeError(f"Failed on navigating ACS-GOTO:\\n{str(e)}")\n1206   \n1207                   await self.execute_hook("after_goto", page, context=context, url=url, response=response)\n1208   \n1209                   if response is None:\n1210                       status_code = 200' session_id=None response_headers=None status_code=None ssl_certificate=None


Failed to crawl: https://www.gannon.edu/admissions/global-admissions-and-outreach/countries/japanese/
Result: url='https://www.gannon.edu/admissions/global-admissions-and-outreach/countries/japanese/' html='' success=False cleaned_html=None media={} links={} downloaded_files=None screenshot=None pdf=None markdown=None markdown_v2=None fit_markdown=None fit_html=None extracted_content=None metadata=None error_message='Unexpected error in _crawl_web at line 1205 in _crawl_web (../../.pyenv/versions/3.12.6/lib/python3.12/site-packages/crawl4ai/async_crawler_strategy.py):\nError: Failed on navigating ACS-GOTO:\nPage.goto: Timeout 10000ms exceeded.\nCall log:\n  - navigating to "https://www.gannon.edu/admissions/global-admissions-and-outreach/countries/japanese/", waiting until "domcontentloaded"\n\n\nCode context:\n1200   \n1201                       response = await page.goto(\n1202                           url, wait_until=config.wait_until, timeout=config.page_timeout\n1203                       )\n1204                   except Error as e:\n1205 →                     raise RuntimeError(f"Failed on navigating ACS-GOTO:\\n{str(e)}")\n1206   \n1207                   await self.execute_hook("after_goto", page, context=context, url=url, response=response)\n1208   \n1209                   if response is None:\n1210                       status_code = 200' session_id=None response_headers=None status_code=None ssl_certificate=None


Failed to crawl: https://www.gannon.edu/academic-offerings/this-is-gannon/water/
Result: url='https://www.gannon.edu/academic-offerings/this-is-gannon/water/' html='' success=False cleaned_html=None media={} links={} downloaded_files=None screenshot=None pdf=None markdown=None markdown_v2=None fit_markdown=None fit_html=None extracted_content=None metadata=None error_message='Unexpected error in _crawl_web at line 1205 in _crawl_web (../../.pyenv/versions/3.12.6/lib/python3.12/site-packages/crawl4ai/async_crawler_strategy.py):\nError: Failed on navigating ACS-GOTO:\nPage.goto: net::ERR_INSUFFICIENT_RESOURCES at https://www.gannon.edu/academic-offerings/this-is-gannon/water/\nCall log:\n  - navigating to "https://www.gannon.edu/academic-offerings/this-is-gannon/water/", waiting until "domcontentloaded"\n\n\nCode context:\n1200   \n1201                       response = await page.goto(\n1202                           url, wait_until=config.wait_until, timeout=config.page_timeout\n1203                       )\n1204                   except Error as e:\n1205 →                     raise RuntimeError(f"Failed on navigating ACS-GOTO:\\n{str(e)}")\n1206   \n1207                   await self.execute_hook("after_goto", page, context=context, url=url, response=response)\n1208   \n1209                   if response is None:\n1210                       status_code = 200' session_id=None response_headers=None status_code=None ssl_certificate=None


Failed to crawl: https://www.gannon.edu/academic-offerings/health-professions-and-sciences/ruskin/physician-assistant/this-is-gannon/
Result: url='https://www.gannon.edu/academic-offerings/health-professions-and-sciences/ruskin/physician-assistant/this-is-gannon/' html='' success=False cleaned_html=None media={} links={} downloaded_files=None screenshot=None pdf=None markdown=None markdown_v2=None fit_markdown=None fit_html=None extracted_content=None metadata=None error_message='Unexpected error in _crawl_web at line 1205 in _crawl_web (../../.pyenv/versions/3.12.6/lib/python3.12/site-packages/crawl4ai/async_crawler_strategy.py):\nError: Failed on navigating ACS-GOTO:\nPage.goto: Timeout 10000ms exceeded.\nCall log:\n  - navigating to "https://www.gannon.edu/academic-offerings/health-professions-and-sciences/ruskin/physician-assistant/this-is-gannon/", waiting until "domcontentloaded"\n\n\nCode context:\n1200   \n1201                       response = await page.goto(\n1202                           url, wait_until=config.wait_until, timeout=config.page_timeout\n1203                       )\n1204                   except Error as e:\n1205 →                     raise RuntimeError(f"Failed on navigating ACS-GOTO:\\n{str(e)}")\n1206   \n1207                   await self.execute_hook("after_goto", page, context=context, url=url, response=response)\n1208   \n1209                   if response is None:\n1210                       status_code = 200' session_id=None response_headers=None status_code=None ssl_certificate=None


Failed to crawl: https://www.gannon.edu/academic-offerings/health-professions-and-sciences/ruskin/occupational-therapy/this-is-gannon-/
Result: url='https://www.gannon.edu/academic-offerings/health-professions-and-sciences/ruskin/occupational-therapy/this-is-gannon-/' html='' success=False cleaned_html=None media={} links={} downloaded_files=None screenshot=None pdf=None markdown=None markdown_v2=None fit_markdown=None fit_html=None extracted_content=None metadata=None error_message='Unexpected error in _crawl_web at line 1205 in _crawl_web (../../.pyenv/versions/3.12.6/lib/python3.12/site-packages/crawl4ai/async_crawler_strategy.py):\nError: Failed on navigating ACS-GOTO:\nPage.goto: Timeout 10000ms exceeded.\nCall log:\n  - navigating to "https://www.gannon.edu/academic-offerings/health-professions-and-sciences/ruskin/occupational-therapy/this-is-gannon-/", waiting until "domcontentloaded"\n\n\nCode context:\n1200   \n1201                       response = await page.goto(\n1202                           url, wait_until=config.wait_until, timeout=config.page_timeout\n1203                       )\n1204                   except Error as e:\n1205 →                     raise RuntimeError(f"Failed on navigating ACS-GOTO:\\n{str(e)}")\n1206   \n1207                   await self.execute_hook("after_goto", page, context=context, url=url, response=response)\n1208   \n1209                   if response is None:\n1210                       status_code = 200' session_id=None response_headers=None status_code=None ssl_certificate=None


Failed to crawl: https://www.gannon.edu/academic-offerings/humanities-education-and-social-sciences/chess-speaker-series/nwpa-humanities-and-social-sciences-conference/history/
Result: url='https://www.gannon.edu/academic-offerings/humanities-education-and-social-sciences/chess-speaker-series/nwpa-humanities-and-social-sciences-conference/history/' html='' success=False cleaned_html=None media={} links={} downloaded_files=None screenshot=None pdf=None markdown=None markdown_v2=None fit_markdown=None fit_html=None extracted_content=None metadata=None error_message='Unexpected error in _crawl_web at line 1205 in _crawl_web (../../.pyenv/versions/3.12.6/lib/python3.12/site-packages/crawl4ai/async_crawler_strategy.py):\nError: Failed on navigating ACS-GOTO:\nPage.goto: Timeout 10000ms exceeded.\nCall log:\n  - navigating to "https://www.gannon.edu/academic-offerings/humanities-education-and-social-sciences/chess-speaker-series/nwpa-humanities-and-social-sciences-conference/history/", waiting until "domcontentloaded"\n\n\nCode context:\n1200   \n1201                       response = await page.goto(\n1202                           url, wait_until=config.wait_until, timeout=config.page_timeout\n1203                       )\n1204                   except Error as e:\n1205 →                     raise RuntimeError(f"Failed on navigating ACS-GOTO:\\n{str(e)}")\n1206   \n1207                   await self.execute_hook("after_goto", page, context=context, url=url, response=response)\n1208   \n1209                   if response is None:\n1210                       status_code = 200' session_id=None response_headers=None status_code=None ssl_certificate=None


Failed to crawl: https://www.gannon.edu/academic-offerings/humanities-education-and-social-sciences/chess-speaker-series/nwpa-humanities-and-social-sciences-conference/2025-keynote-speaker/
Result: url='https://www.gannon.edu/academic-offerings/humanities-education-and-social-sciences/chess-speaker-series/nwpa-humanities-and-social-sciences-conference/2025-keynote-speaker/' html='' success=False cleaned_html=None media={} links={} downloaded_files=None screenshot=None pdf=None markdown=None markdown_v2=None fit_markdown=None fit_html=None extracted_content=None metadata=None error_message='Unexpected error in _crawl_web at line 1205 in _crawl_web (../../.pyenv/versions/3.12.6/lib/python3.12/site-packages/crawl4ai/async_crawler_strategy.py):\nError: Failed on navigating ACS-GOTO:\nPage.goto: Timeout 10000ms exceeded.\nCall log:\n  - navigating to "https://www.gannon.edu/academic-offerings/humanities-education-and-social-sciences/chess-speaker-series/nwpa-humanities-and-social-sciences-conference/2025-keynote-speaker/", waiting until "domcontentloaded"\n\n\nCode context:\n1200   \n1201                       response = await page.goto(\n1202                           url, wait_until=config.wait_until, timeout=config.page_timeout\n1203                       )\n1204                   except Error as e:\n1205 →                     raise RuntimeError(f"Failed on navigating ACS-GOTO:\\n{str(e)}")\n1206   \n1207                   await self.execute_hook("after_goto", page, context=context, url=url, response=response)\n1208   \n1209                   if response is None:\n1210                       status_code = 200' session_id=None response_headers=None status_code=None ssl_certificate=None


Failed to crawl: https://www.gannon.edu/academic-offerings/humanities-education-and-social-sciences/department-of-psychology-and-counseling/
Result: url='https://www.gannon.edu/academic-offerings/humanities-education-and-social-sciences/department-of-psychology-and-counseling/' html='' success=False cleaned_html=None media={} links={} downloaded_files=None screenshot=None pdf=None markdown=None markdown_v2=None fit_markdown=None fit_html=None extracted_content=None metadata=None error_message='Unexpected error in _crawl_web at line 1205 in _crawl_web (../../.pyenv/versions/3.12.6/lib/python3.12/site-packages/crawl4ai/async_crawler_strategy.py):\nError: Failed on navigating ACS-GOTO:\nPage.goto: Timeout 10000ms exceeded.\nCall log:\n  - navigating to "https://www.gannon.edu/academic-offerings/humanities-education-and-social-sciences/department-of-psychology-and-counseling/", waiting until "domcontentloaded"\n\n\nCode context:\n1200   \n1201                       response = await page.goto(\n1202                           url, wait_until=config.wait_until, timeout=config.page_timeout\n1203                       )\n1204                   except Error as e:\n1205 →                     raise RuntimeError(f"Failed on navigating ACS-GOTO:\\n{str(e)}")\n1206   \n1207                   await self.execute_hook("after_goto", page, context=context, url=url, response=response)\n1208   \n1209                   if response is None:\n1210                       status_code = 200' session_id=None response_headers=None status_code=None ssl_certificate=None


Failed to crawl: https://www.gannon.edu/academic-offerings/this-is-gannon/rehab-sciences/
Result: url='https://www.gannon.edu/academic-offerings/this-is-gannon/rehab-sciences/' html='' success=False cleaned_html=None media={} links={} downloaded_files=None screenshot=None pdf=None markdown=None markdown_v2=None fit_markdown=None fit_html=None extracted_content=None metadata=None error_message='Unexpected error in _crawl_web at line 1205 in _crawl_web (../../.pyenv/versions/3.12.6/lib/python3.12/site-packages/crawl4ai/async_crawler_strategy.py):\nError: Failed on navigating ACS-GOTO:\nPage.goto: Timeout 10000ms exceeded.\nCall log:\n  - navigating to "https://www.gannon.edu/academic-offerings/this-is-gannon/rehab-sciences/", waiting until "domcontentloaded"\n\n\nCode context:\n1200   \n1201                       response = await page.goto(\n1202                           url, wait_until=config.wait_until, timeout=config.page_timeout\n1203                       )\n1204                   except Error as e:\n1205 →                     raise RuntimeError(f"Failed on navigating ACS-GOTO:\\n{str(e)}")\n1206   \n1207                   await self.execute_hook("after_goto", page, context=context, url=url, response=response)\n1208   \n1209                   if response is None:\n1210                       status_code = 200' session_id=None response_headers=None status_code=None ssl_certificate=None


Failed to crawl: https://www.gannon.edu/academic-offerings/this-is-gannon/cyber/
Result: url='https://www.gannon.edu/academic-offerings/this-is-gannon/cyber/' html='' success=False cleaned_html=None media={} links={} downloaded_files=None screenshot=None pdf=None markdown=None markdown_v2=None fit_markdown=None fit_html=None extracted_content=None metadata=None error_message='Unexpected error in _crawl_web at line 1205 in _crawl_web (../../.pyenv/versions/3.12.6/lib/python3.12/site-packages/crawl4ai/async_crawler_strategy.py):\nError: Failed on navigating ACS-GOTO:\nPage.goto: Timeout 10000ms exceeded.\nCall log:\n  - navigating to "https://www.gannon.edu/academic-offerings/this-is-gannon/cyber/", waiting until "domcontentloaded"\n\n\nCode context:\n1200   \n1201                       response = await page.goto(\n1202                           url, wait_until=config.wait_until, timeout=config.page_timeout\n1203                       )\n1204                   except Error as e:\n1205 →                     raise RuntimeError(f"Failed on navigating ACS-GOTO:\\n{str(e)}")\n1206   \n1207                   await self.execute_hook("after_goto", page, context=context, url=url, response=response)\n1208   \n1209                   if response is None:\n1210                       status_code = 200' session_id=None response_headers=None status_code=None ssl_certificate=None


Failed to crawl: https://www.gannon.edu/academic-offerings/this-is-gannon/school-of-education/
Result: url='https://www.gannon.edu/academic-offerings/this-is-gannon/school-of-education/' html='' success=False cleaned_html=None media={} links={} downloaded_files=None screenshot=None pdf=None markdown=None markdown_v2=None fit_markdown=None fit_html=None extracted_content=None metadata=None error_message='Unexpected error in _crawl_web at line 1205 in _crawl_web (../../.pyenv/versions/3.12.6/lib/python3.12/site-packages/crawl4ai/async_crawler_strategy.py):\nError: Failed on navigating ACS-GOTO:\nPage.goto: Timeout 10000ms exceeded.\nCall log:\n  - navigating to "https://www.gannon.edu/academic-offerings/this-is-gannon/school-of-education/", waiting until "domcontentloaded"\n\n\nCode context:\n1200   \n1201                       response = await page.goto(\n1202                           url, wait_until=config.wait_until, timeout=config.page_timeout\n1203                       )\n1204                   except Error as e:\n1205 →                     raise RuntimeError(f"Failed on navigating ACS-GOTO:\\n{str(e)}")\n1206   \n1207                   await self.execute_hook("after_goto", page, context=context, url=url, response=response)\n1208   \n1209                   if response is None:\n1210                       status_code = 200' session_id=None response_headers=None status_code=None ssl_certificate=None


Failed to crawl: https://www.gannon.edu/academic-offerings/this-is-gannon/elotd/
Result: url='https://www.gannon.edu/academic-offerings/this-is-gannon/elotd/' html='' success=False cleaned_html=None media={} links={} downloaded_files=None screenshot=None pdf=None markdown=None markdown_v2=None fit_markdown=None fit_html=None extracted_content=None metadata=None error_message='Unexpected error in _crawl_web at line 1205 in _crawl_web (../../.pyenv/versions/3.12.6/lib/python3.12/site-packages/crawl4ai/async_crawler_strategy.py):\nError: Failed on navigating ACS-GOTO:\nPage.goto: Timeout 10000ms exceeded.\nCall log:\n  - navigating to "https://www.gannon.edu/academic-offerings/this-is-gannon/elotd/", waiting until "domcontentloaded"\n\n\nCode context:\n1200   \n1201                       response = await page.goto(\n1202                           url, wait_until=config.wait_until, timeout=config.page_timeout\n1203                       )\n1204                   except Error as e:\n1205 →                     raise RuntimeError(f"Failed on navigating ACS-GOTO:\\n{str(e)}")\n1206   \n1207                   await self.execute_hook("after_goto", page, context=context, url=url, response=response)\n1208   \n1209                   if response is None:\n1210                       status_code = 200' session_id=None response_headers=None status_code=None ssl_certificate=None


Failed to crawl: https://www.gannon.edu/alumni/alumni-association/awards-and-recognition/alumni-spotlights/1970/
Result: url='https://www.gannon.edu/alumni/alumni-association/awards-and-recognition/alumni-spotlights/1970/' html='' success=False cleaned_html=None media={} links={} downloaded_files=None screenshot=None pdf=None markdown=None markdown_v2=None fit_markdown=None fit_html=None extracted_content=None metadata=None error_message='Unexpected error in _crawl_web at line 1205 in _crawl_web (../../.pyenv/versions/3.12.6/lib/python3.12/site-packages/crawl4ai/async_crawler_strategy.py):\nError: Failed on navigating ACS-GOTO:\nPage.goto: Timeout 10000ms exceeded.\nCall log:\n  - navigating to "https://www.gannon.edu/alumni/alumni-association/awards-and-recognition/alumni-spotlights/1970/", waiting until "domcontentloaded"\n\n\nCode context:\n1200   \n1201                       response = await page.goto(\n1202                           url, wait_until=config.wait_until, timeout=config.page_timeout\n1203                       )\n1204                   except Error as e:\n1205 →                     raise RuntimeError(f"Failed on navigating ACS-GOTO:\\n{str(e)}")\n1206   \n1207                   await self.execute_hook("after_goto", page, context=context, url=url, response=response)\n1208   \n1209                   if response is None:\n1210                       status_code = 200' session_id=None response_headers=None status_code=None ssl_certificate=None


Failed to crawl: https://www.gannon.edu/alumni/alumni-association/awards-and-recognition/alumni-spotlights/1991/
Result: url='https://www.gannon.edu/alumni/alumni-association/awards-and-recognition/alumni-spotlights/1991/' html='' success=False cleaned_html=None media={} links={} downloaded_files=None screenshot=None pdf=None markdown=None markdown_v2=None fit_markdown=None fit_html=None extracted_content=None metadata=None error_message='Unexpected error in _crawl_web at line 1205 in _crawl_web (../../.pyenv/versions/3.12.6/lib/python3.12/site-packages/crawl4ai/async_crawler_strategy.py):\nError: Failed on navigating ACS-GOTO:\nPage.goto: Timeout 10000ms exceeded.\nCall log:\n  - navigating to "https://www.gannon.edu/alumni/alumni-association/awards-and-recognition/alumni-spotlights/1991/", waiting until "domcontentloaded"\n\n\nCode context:\n1200   \n1201                       response = await page.goto(\n1202                           url, wait_until=config.wait_until, timeout=config.page_timeout\n1203                       )\n1204                   except Error as e:\n1205 →                     raise RuntimeError(f"Failed on navigating ACS-GOTO:\\n{str(e)}")\n1206   \n1207                   await self.execute_hook("after_goto", page, context=context, url=url, response=response)\n1208   \n1209                   if response is None:\n1210                       status_code = 200' session_id=None response_headers=None status_code=None ssl_certificate=None


Failed to crawl: https://www.gannon.edu/academic-offerings/engineering-and-business/graduate/business-analytics/recruitment-resources-for-employers/
Result: url='https://www.gannon.edu/academic-offerings/engineering-and-business/graduate/business-analytics/recruitment-resources-for-employers/' html='' success=False cleaned_html=None media={} links={} downloaded_files=None screenshot=None pdf=None markdown=None markdown_v2=None fit_markdown=None fit_html=None extracted_content=None metadata=None error_message='Unexpected error in _crawl_web at line 1205 in _crawl_web (../../.pyenv/versions/3.12.6/lib/python3.12/site-packages/crawl4ai/async_crawler_strategy.py):\nError: Failed on navigating ACS-GOTO:\nPage.goto: Timeout 10000ms exceeded.\nCall log:\n  - navigating to "https://www.gannon.edu/academic-offerings/engineering-and-business/graduate/business-analytics/recruitment-resources-for-employers/", waiting until "domcontentloaded"\n\n\nCode context:\n1200   \n1201                       response = await page.goto(\n1202                           url, wait_until=config.wait_until, timeout=config.page_timeout\n1203                       )\n1204                   except Error as e:\n1205 →                     raise RuntimeError(f"Failed on navigating ACS-GOTO:\\n{str(e)}")\n1206   \n1207                   await self.execute_hook("after_goto", page, context=context, url=url, response=response)\n1208   \n1209                   if response is None:\n1210                       status_code = 200' session_id=None response_headers=None status_code=None ssl_certificate=None


Failed to crawl: https://centers.harrisburgu.edu/caegt
Result: url='https://centers.harrisburgu.edu/caegt' html='' success=False cleaned_html=None media={} links={} downloaded_files=None screenshot=None pdf=None markdown=None markdown_v2=None fit_markdown=None fit_html=None extracted_content=None metadata=None error_message='Unexpected error in _crawl_web at line 1205 in _crawl_web (../../.pyenv/versions/3.12.6/lib/python3.12/site-packages/crawl4ai/async_crawler_strategy.py):\nError: Failed on navigating ACS-GOTO:\nPage.goto: Timeout 10000ms exceeded.\nCall log:\n  - navigating to "https://centers.harrisburgu.edu/caegt", waiting until "domcontentloaded"\n\n\nCode context:\n1200   \n1201                       response = await page.goto(\n1202                           url, wait_until=config.wait_until, timeout=config.page_timeout\n1203                       )\n1204                   except Error as e:\n1205 →                     raise RuntimeError(f"Failed on navigating ACS-GOTO:\\n{str(e)}")\n1206   \n1207                   await self.execute_hook("after_goto", page, context=context, url=url, response=response)\n1208   \n1209                   if response is None:\n1210                       status_code = 200' session_id=None response_headers=None status_code=None ssl_certificate=None


Failed to crawl: https://centers.harrisburgu.edu/carc
Result: url='https://centers.harrisburgu.edu/carc' html='' success=False cleaned_html=None media={} links={} downloaded_files=None screenshot=None pdf=None markdown=None markdown_v2=None fit_markdown=None fit_html=None extracted_content=None metadata=None error_message='Unexpected error in _crawl_web at line 1205 in _crawl_web (../../.pyenv/versions/3.12.6/lib/python3.12/site-packages/crawl4ai/async_crawler_strategy.py):\nError: Failed on navigating ACS-GOTO:\nPage.goto: Timeout 10000ms exceeded.\nCall log:\n  - navigating to "https://centers.harrisburgu.edu/carc", waiting until "domcontentloaded"\n\n\nCode context:\n1200   \n1201                       response = await page.goto(\n1202                           url, wait_until=config.wait_until, timeout=config.page_timeout\n1203                       )\n1204                   except Error as e:\n1205 →                     raise RuntimeError(f"Failed on navigating ACS-GOTO:\\n{str(e)}")\n1206   \n1207                   await self.execute_hook("after_goto", page, context=context, url=url, response=response)\n1208   \n1209                   if response is None:\n1210                       status_code = 200' session_id=None response_headers=None status_code=None ssl_certificate=None


Failed to crawl: https://centers.harrisburgu.edu/stormwerx
Result: url='https://centers.harrisburgu.edu/stormwerx' html='' success=False cleaned_html=None media={} links={} downloaded_files=None screenshot=None pdf=None markdown=None markdown_v2=None fit_markdown=None fit_html=None extracted_content=None metadata=None error_message='Unexpected error in _crawl_web at line 1205 in _crawl_web (../../.pyenv/versions/3.12.6/lib/python3.12/site-packages/crawl4ai/async_crawler_strategy.py):\nError: Failed on navigating ACS-GOTO:\nPage.goto: Timeout 10000ms exceeded.\nCall log:\n  - navigating to "https://centers.harrisburgu.edu/stormwerx", waiting until "domcontentloaded"\n\n\nCode context:\n1200   \n1201                       response = await page.goto(\n1202                           url, wait_until=config.wait_until, timeout=config.page_timeout\n1203                       )\n1204                   except Error as e:\n1205 →                     raise RuntimeError(f"Failed on navigating ACS-GOTO:\\n{str(e)}")\n1206   \n1207                   await self.execute_hook("after_goto", page, context=context, url=url, response=response)\n1208   \n1209                   if response is None:\n1210                       status_code = 200' session_id=None response_headers=None status_code=None ssl_certificate=None


Failed to crawl: https://centers.harrisburgu.edu/caegt
Result: url='https://centers.harrisburgu.edu/caegt' html='' success=False cleaned_html=None media={} links={} downloaded_files=None screenshot=None pdf=None markdown=None markdown_v2=None fit_markdown=None fit_html=None extracted_content=None metadata=None error_message='Unexpected error in _crawl_web at line 1205 in _crawl_web (../../.pyenv/versions/3.12.6/lib/python3.12/site-packages/crawl4ai/async_crawler_strategy.py):\nError: Failed on navigating ACS-GOTO:\nPage.goto: Target page, context or browser has been closed\nCall log:\n  - navigating to "https://centers.harrisburgu.edu/caegt", waiting until "domcontentloaded"\n\n\nCode context:\n1200   \n1201                       response = await page.goto(\n1202                           url, wait_until=config.wait_until, timeout=config.page_timeout\n1203                       )\n1204                   except Error as e:\n1205 →                     raise RuntimeError(f"Failed on navigating ACS-GOTO:\\n{str(e)}")\n1206   \n1207                   await self.execute_hook("after_goto", page, context=context, url=url, response=response)\n1208   \n1209                   if response is None:\n1210                       status_code = 200' session_id=None response_headers=None status_code=None ssl_certificate=None


Failed to crawl: https://centers.harrisburgu.edu/carc
Result: url='https://centers.harrisburgu.edu/carc' html='' success=False cleaned_html=None media={} links={} downloaded_files=None screenshot=None pdf=None markdown=None markdown_v2=None fit_markdown=None fit_html=None extracted_content=None metadata=None error_message='Unexpected error in _crawl_web at line 1205 in _crawl_web (../../.pyenv/versions/3.12.6/lib/python3.12/site-packages/crawl4ai/async_crawler_strategy.py):\nError: Failed on navigating ACS-GOTO:\nPage.goto: Target page, context or browser has been closed\nCall log:\n  - navigating to "https://centers.harrisburgu.edu/carc", waiting until "domcontentloaded"\n\n\nCode context:\n1200   \n1201                       response = await page.goto(\n1202                           url, wait_until=config.wait_until, timeout=config.page_timeout\n1203                       )\n1204                   except Error as e:\n1205 →                     raise RuntimeError(f"Failed on navigating ACS-GOTO:\\n{str(e)}")\n1206   \n1207                   await self.execute_hook("after_goto", page, context=context, url=url, response=response)\n1208   \n1209                   if response is None:\n1210                       status_code = 200' session_id=None response_headers=None status_code=None ssl_certificate=None


Failed to crawl: https://centers.harrisburgu.edu/stormwerx
Result: url='https://centers.harrisburgu.edu/stormwerx' html='' success=False cleaned_html=None media={} links={} downloaded_files=None screenshot=None pdf=None markdown=None markdown_v2=None fit_markdown=None fit_html=None extracted_content=None metadata=None error_message='Unexpected error in _crawl_web at line 1205 in _crawl_web (../../.pyenv/versions/3.12.6/lib/python3.12/site-packages/crawl4ai/async_crawler_strategy.py):\nError: Failed on navigating ACS-GOTO:\nPage.goto: Target page, context or browser has been closed\nCall log:\n  - navigating to "https://centers.harrisburgu.edu/stormwerx", waiting until "domcontentloaded"\n\n\nCode context:\n1200   \n1201                       response = await page.goto(\n1202                           url, wait_until=config.wait_until, timeout=config.page_timeout\n1203                       )\n1204                   except Error as e:\n1205 →                     raise RuntimeError(f"Failed on navigating ACS-GOTO:\\n{str(e)}")\n1206   \n1207                   await self.execute_hook("after_goto", page, context=context, url=url, response=response)\n1208   \n1209                   if response is None:\n1210                       status_code = 200' session_id=None response_headers=None status_code=None ssl_certificate=None


Failed to crawl: https://engage.harrisburgu.edu/register/giving
Result: url='https://engage.harrisburgu.edu/register/giving' html='' success=False cleaned_html=None media={} links={} downloaded_files=None screenshot=None pdf=None markdown=None markdown_v2=None fit_markdown=None fit_html=None extracted_content=None metadata=None error_message='Unexpected error in _crawl_web at line 528 in wrap_api_call (../../.pyenv/versions/3.12.6/lib/python3.12/site-packages/playwright/_impl/_connection.py):\nError: BrowserContext.route: Target page, context or browser has been closed\n\nCode context:\n 523           parsed_st = _extract_stack_trace_information_from_stack(st, is_internal)\n 524           self._api_zone.set(parsed_st)\n 525           try:\n 526               return await cb()\n 527           except Exception as error:\n 528 →             raise rewrite_error(error, f"{parsed_st[\'apiName\']}: {error}") from None\n 529           finally:\n 530               self._api_zone.set(None)\n 531   \n 532       def wrap_api_call_sync(\n 533           self, cb: Callable[[], Any], is_internal: bool = False' session_id=None response_headers=None status_code=None ssl_certificate=None


Failed to crawl: https://harrisburgu.edu/about
Result: url='https://harrisburgu.edu/about' html='' success=False cleaned_html=None media={} links={} downloaded_files=None screenshot=None pdf=None markdown=None markdown_v2=None fit_markdown=None fit_html=None extracted_content=None metadata=None error_message='Unexpected error in _crawl_web at line 528 in wrap_api_call (../../.pyenv/versions/3.12.6/lib/python3.12/site-packages/playwright/_impl/_connection.py):\nError: BrowserContext.route: Target page, context or browser has been closed\n\nCode context:\n 523           parsed_st = _extract_stack_trace_information_from_stack(st, is_internal)\n 524           self._api_zone.set(parsed_st)\n 525           try:\n 526               return await cb()\n 527           except Exception as error:\n 528 →             raise rewrite_error(error, f"{parsed_st[\'apiName\']}: {error}") from None\n 529           finally:\n 530               self._api_zone.set(None)\n 531   \n 532       def wrap_api_call_sync(\n 533           self, cb: Callable[[], Any], is_internal: bool = False' session_id=None response_headers=None status_code=None ssl_certificate=None


Failed to crawl: https://harrisburgu.edu/about/accreditation
Result: url='https://harrisburgu.edu/about/accreditation' html='' success=False cleaned_html=None media={} links={} downloaded_files=None screenshot=None pdf=None markdown=None markdown_v2=None fit_markdown=None fit_html=None extracted_content=None metadata=None error_message='Unexpected error in _crawl_web at line 528 in wrap_api_call (../../.pyenv/versions/3.12.6/lib/python3.12/site-packages/playwright/_impl/_connection.py):\nError: BrowserContext.route: Target page, context or browser has been closed\n\nCode context:\n 523           parsed_st = _extract_stack_trace_information_from_stack(st, is_internal)\n 524           self._api_zone.set(parsed_st)\n 525           try:\n 526               return await cb()\n 527           except Exception as error:\n 528 →             raise rewrite_error(error, f"{parsed_st[\'apiName\']}: {error}") from None\n 529           finally:\n 530               self._api_zone.set(None)\n 531   \n 532       def wrap_api_call_sync(\n 533           self, cb: Callable[[], Any], is_internal: bool = False' session_id=None response_headers=None status_code=None ssl_certificate=None


Failed to crawl: https://harrisburgu.edu/about/accreditation/self-study
Result: url='https://harrisburgu.edu/about/accreditation/self-study' html='' success=False cleaned_html=None media={} links={} downloaded_files=None screenshot=None pdf=None markdown=None markdown_v2=None fit_markdown=None fit_html=None extracted_content=None metadata=None error_message='Unexpected error in _crawl_web at line 528 in wrap_api_call (../../.pyenv/versions/3.12.6/lib/python3.12/site-packages/playwright/_impl/_connection.py):\nError: Browser.new_context: Target page, context or browser has been closed\n\nCode context:\n 523           parsed_st = _extract_stack_trace_information_from_stack(st, is_internal)\n 524           self._api_zone.set(parsed_st)\n 525           try:\n 526               return await cb()\n 527           except Exception as error:\n 528 →             raise rewrite_error(error, f"{parsed_st[\'apiName\']}: {error}") from None\n 529           finally:\n 530               self._api_zone.set(None)\n 531   \n 532       def wrap_api_call_sync(\n 533           self, cb: Callable[[], Any], is_internal: bool = False' session_id=None response_headers=None status_code=None ssl_certificate=None


Failed to crawl: https://harrisburgu.edu/about/centers-institutes
Result: url='https://harrisburgu.edu/about/centers-institutes' html='' success=False cleaned_html=None media={} links={} downloaded_files=None screenshot=None pdf=None markdown=None markdown_v2=None fit_markdown=None fit_html=None extracted_content=None metadata=None error_message='Unexpected error in _crawl_web at line 528 in wrap_api_call (../../.pyenv/versions/3.12.6/lib/python3.12/site-packages/playwright/_impl/_connection.py):\nError: Browser.new_context: Target page, context or browser has been closed\n\nCode context:\n 523           parsed_st = _extract_stack_trace_information_from_stack(st, is_internal)\n 524           self._api_zone.set(parsed_st)\n 525           try:\n 526               return await cb()\n 527           except Exception as error:\n 528 →             raise rewrite_error(error, f"{parsed_st[\'apiName\']}: {error}") from None\n 529           finally:\n 530               self._api_zone.set(None)\n 531   \n 532       def wrap_api_call_sync(\n 533           self, cb: Callable[[], Any], is_internal: bool = False' session_id=None response_headers=None status_code=None ssl_certificate=None


Failed to crawl: https://harrisburgu.edu/about/centers-institutes/caelt
Result: url='https://harrisburgu.edu/about/centers-institutes/caelt' html='' success=False cleaned_html=None media={} links={} downloaded_files=None screenshot=None pdf=None markdown=None markdown_v2=None fit_markdown=None fit_html=None extracted_content=None metadata=None error_message='Unexpected error in _crawl_web at line 528 in wrap_api_call (../../.pyenv/versions/3.12.6/lib/python3.12/site-packages/playwright/_impl/_connection.py):\nError: Browser.new_context: Target page, context or browser has been closed\n\nCode context:\n 523           parsed_st = _extract_stack_trace_information_from_stack(st, is_internal)\n 524           self._api_zone.set(parsed_st)\n 525           try:\n 526               return await cb()\n 527           except Exception as error:\n 528 →             raise rewrite_error(error, f"{parsed_st[\'apiName\']}: {error}") from None\n 529           finally:\n 530               self._api_zone.set(None)\n 531   \n 532       def wrap_api_call_sync(\n 533           self, cb: Callable[[], Any], is_internal: bool = False' session_id=None response_headers=None status_code=None ssl_certificate=None


Failed to crawl: https://centers.harrisburgu.edu/caegt
Result: url='https://centers.harrisburgu.edu/caegt' html='' success=False cleaned_html=None media={} links={} downloaded_files=None screenshot=None pdf=None markdown=None markdown_v2=None fit_markdown=None fit_html=None extracted_content=None metadata=None error_message='Unexpected error in _crawl_web at line 1205 in _crawl_web (../../.pyenv/versions/3.12.6/lib/python3.12/site-packages/crawl4ai/async_crawler_strategy.py):\nError: Failed on navigating ACS-GOTO:\nPage.goto: Timeout 10000ms exceeded.\nCall log:\n  - navigating to "https://centers.harrisburgu.edu/caegt", waiting until "domcontentloaded"\n\n\nCode context:\n1200   \n1201                       response = await page.goto(\n1202                           url, wait_until=config.wait_until, timeout=config.page_timeout\n1203                       )\n1204                   except Error as e:\n1205 →                     raise RuntimeError(f"Failed on navigating ACS-GOTO:\\n{str(e)}")\n1206   \n1207                   await self.execute_hook("after_goto", page, context=context, url=url, response=response)\n1208   \n1209                   if response is None:\n1210                       status_code = 200' session_id=None response_headers=None status_code=None ssl_certificate=None


